  Determining projects to restore...
  All projects are up-to-date for restore.
  Magidesk.Domain -> C:\Users\giris\Documents\Code\Redesign-POS\Windows Based POS\Magidesk\Magidesk.Domain\bin\Debug\net8.0\Magidesk.Domain.dll
  Magidesk.Application -> C:\Users\giris\Documents\Code\Redesign-POS\Windows Based POS\Magidesk\Magidesk.Application\bin\Debug\net8.0\Magidesk.Application.dll
  Magidesk.Infrastructure -> C:\Users\giris\Documents\Code\Redesign-POS\Windows Based POS\Magidesk\Magidesk.Infrastructure\bin\Debug\net8.0\Magidesk.Infrastructure.dll
C:\Users\giris\Documents\Code\Redesign-POS\Windows Based POS\Magidesk\ViewModels\BackOfficeViewModel.cs(1,7): error CS0246: The type or namespace name 'CommunityToolkit' could not be found (are you missing a using directive or an assembly reference?) [C:\Users\giris\Documents\Code\Redesign-POS\Windows Based POS\Magidesk\Magidesk.Presentation.csproj]
C:\Users\giris\Documents\Code\Redesign-POS\Windows Based POS\Magidesk\ViewModels\BackOfficeViewModel.cs(2,7): error CS0246: The type or namespace name 'CommunityToolkit' could not be found (are you missing a using directive or an assembly reference?) [C:\Users\giris\Documents\Code\Redesign-POS\Windows Based POS\Magidesk\Magidesk.Presentation.csproj]
C:\Users\giris\Documents\Code\Redesign-POS\Windows Based POS\Magidesk\ViewModels\MenuEditorViewModel.cs(1,7): error CS0246: The type or namespace name 'CommunityToolkit' could not be found (are you missing a using directive or an assembly reference?) [C:\Users\giris\Documents\Code\Redesign-POS\Windows Based POS\Magidesk\Magidesk.Presentation.csproj]
C:\Users\giris\Documents\Code\Redesign-POS\Windows Based POS\Magidesk\ViewModels\MenuEditorViewModel.cs(2,7): error CS0246: The type or namespace name 'CommunityToolkit' could not be found (are you missing a using directive or an assembly reference?) [C:\Users\giris\Documents\Code\Redesign-POS\Windows Based POS\Magidesk\Magidesk.Presentation.csproj]
C:\Users\giris\Documents\Code\Redesign-POS\Windows Based POS\Magidesk\ViewModels\TableMapViewModel.cs(6,7): warning CS0105: The using directive for 'Magidesk.Application.Queries' appeared previously in this namespace [C:\Users\giris\Documents\Code\Redesign-POS\Windows Based POS\Magidesk\Magidesk.Presentation.csproj]
C:\Users\giris\Documents\Code\Redesign-POS\Windows Based POS\Magidesk\ViewModels\TableMapViewModel.cs(7,7): warning CS0105: The using directive for 'Magidesk.Application.Commands' appeared previously in this namespace [C:\Users\giris\Documents\Code\Redesign-POS\Windows Based POS\Magidesk\Magidesk.Presentation.csproj]
C:\Users\giris\Documents\Code\Redesign-POS\Windows Based POS\Magidesk\ViewModels\BackOfficeViewModel.cs(14,6): error CS0246: The type or namespace name 'ObservablePropertyAttribute' could not be found (are you missing a using directive or an assembly reference?) [C:\Users\giris\Documents\Code\Redesign-POS\Windows Based POS\Magidesk\Magidesk.Presentation.csproj]
C:\Users\giris\Documents\Code\Redesign-POS\Windows Based POS\Magidesk\ViewModels\BackOfficeViewModel.cs(14,6): error CS0246: The type or namespace name 'ObservableProperty' could not be found (are you missing a using directive or an assembly reference?) [C:\Users\giris\Documents\Code\Redesign-POS\Windows Based POS\Magidesk\Magidesk.Presentation.csproj]
C:\Users\giris\Documents\Code\Redesign-POS\Windows Based POS\Magidesk\ViewModels\MenuEditorViewModel.cs(16,6): error CS0246: The type or namespace name 'ObservablePropertyAttribute' could not be found (are you missing a using directive or an assembly reference?) [C:\Users\giris\Documents\Code\Redesign-POS\Windows Based POS\Magidesk\Magidesk.Presentation.csproj]
C:\Users\giris\Documents\Code\Redesign-POS\Windows Based POS\Magidesk\ViewModels\MenuEditorViewModel.cs(16,6): error CS0246: The type or namespace name 'ObservableProperty' could not be found (are you missing a using directive or an assembly reference?) [C:\Users\giris\Documents\Code\Redesign-POS\Windows Based POS\Magidesk\Magidesk.Presentation.csproj]
C:\Users\giris\Documents\Code\Redesign-POS\Windows Based POS\Magidesk\ViewModels\MenuEditorViewModel.cs(36,6): error CS0616: 'RelayCommand' is not an attribute class [C:\Users\giris\Documents\Code\Redesign-POS\Windows Based POS\Magidesk\Magidesk.Presentation.csproj]
C:\Users\giris\Documents\Code\Redesign-POS\Windows Based POS\Magidesk\ViewModels\MenuEditorViewModel.cs(61,6): error CS0616: 'RelayCommand' is not an attribute class [C:\Users\giris\Documents\Code\Redesign-POS\Windows Based POS\Magidesk\Magidesk.Presentation.csproj]
C:\Users\giris\Documents\Code\Redesign-POS\Windows Based POS\Magidesk\ViewModels\MenuEditorViewModel.cs(67,6): error CS0616: 'RelayCommand' is not an attribute class [C:\Users\giris\Documents\Code\Redesign-POS\Windows Based POS\Magidesk\Magidesk.Presentation.csproj]
C:\Users\giris\Documents\Code\Redesign-POS\Windows Based POS\Magidesk\ViewModels\MenuEditorViewModel.cs(73,6): error CS0616: 'RelayCommand' is not an attribute class [C:\Users\giris\Documents\Code\Redesign-POS\Windows Based POS\Magidesk\Magidesk.Presentation.csproj]
C:\Users\giris\Documents\Code\Redesign-POS\Windows Based POS\Magidesk\ViewModels\BackOfficeViewModel.cs(31,6): error CS0616: 'RelayCommand' is not an attribute class [C:\Users\giris\Documents\Code\Redesign-POS\Windows Based POS\Magidesk\Magidesk.Presentation.csproj]
C:\Users\giris\Documents\Code\Redesign-POS\Windows Based POS\Magidesk\ViewModels\BackOfficeViewModel.cs(48,6): error CS0246: The type or namespace name 'ObservablePropertyAttribute' could not be found (are you missing a using directive or an assembly reference?) [C:\Users\giris\Documents\Code\Redesign-POS\Windows Based POS\Magidesk\Magidesk.Presentation.csproj]
C:\Users\giris\Documents\Code\Redesign-POS\Windows Based POS\Magidesk\ViewModels\BackOfficeViewModel.cs(48,6): error CS0246: The type or namespace name 'ObservableProperty' could not be found (are you missing a using directive or an assembly reference?) [C:\Users\giris\Documents\Code\Redesign-POS\Windows Based POS\Magidesk\Magidesk.Presentation.csproj]
C:\Users\giris\Documents\Code\Redesign-POS\Windows Based POS\Magidesk\ViewModels\BackOfficeViewModel.cs(51,6): error CS0616: 'RelayCommand' is not an attribute class [C:\Users\giris\Documents\Code\Redesign-POS\Windows Based POS\Magidesk\Magidesk.Presentation.csproj]
C:\Users\giris\.nuget\packages\microsoft.windowsappsdk.winui\1.8.251105000\buildTransitive\Microsoft.UI.Xaml.Markup.Compiler.interop.targets(845,9): error MSB3073: The command ""C:\Users\giris\.nuget\packages\microsoft.windowsappsdk.winui\1.8.251105000\buildTransitive\..\tools\net6.0\..\net472\XamlCompiler.exe" "obj\Debug\net8.0-windows10.0.19041.0\\input.json" "obj\Debug\net8.0-windows10.0.19041.0\\output.json"" exited with code 1. [C:\Users\giris\Documents\Code\Redesign-POS\Windows Based POS\Magidesk\Magidesk.Presentation.csproj]

Build FAILED.

C:\Users\giris\Documents\Code\Redesign-POS\Windows Based POS\Magidesk\ViewModels\TableMapViewModel.cs(6,7): warning CS0105: The using directive for 'Magidesk.Application.Queries' appeared previously in this namespace [C:\Users\giris\Documents\Code\Redesign-POS\Windows Based POS\Magidesk\Magidesk.Presentation.csproj]
C:\Users\giris\Documents\Code\Redesign-POS\Windows Based POS\Magidesk\ViewModels\TableMapViewModel.cs(7,7): warning CS0105: The using directive for 'Magidesk.Application.Commands' appeared previously in this namespace [C:\Users\giris\Documents\Code\Redesign-POS\Windows Based POS\Magidesk\Magidesk.Presentation.csproj]
C:\Users\giris\Documents\Code\Redesign-POS\Windows Based POS\Magidesk\ViewModels\BackOfficeViewModel.cs(1,7): error CS0246: The type or namespace name 'CommunityToolkit' could not be found (are you missing a using directive or an assembly reference?) [C:\Users\giris\Documents\Code\Redesign-POS\Windows Based POS\Magidesk\Magidesk.Presentation.csproj]
C:\Users\giris\Documents\Code\Redesign-POS\Windows Based POS\Magidesk\ViewModels\BackOfficeViewModel.cs(2,7): error CS0246: The type or namespace name 'CommunityToolkit' could not be found (are you missing a using directive or an assembly reference?) [C:\Users\giris\Documents\Code\Redesign-POS\Windows Based POS\Magidesk\Magidesk.Presentation.csproj]
C:\Users\giris\Documents\Code\Redesign-POS\Windows Based POS\Magidesk\ViewModels\MenuEditorViewModel.cs(1,7): error CS0246: The type or namespace name 'CommunityToolkit' could not be found (are you missing a using directive or an assembly reference?) [C:\Users\giris\Documents\Code\Redesign-POS\Windows Based POS\Magidesk\Magidesk.Presentation.csproj]
C:\Users\giris\Documents\Code\Redesign-POS\Windows Based POS\Magidesk\ViewModels\MenuEditorViewModel.cs(2,7): error CS0246: The type or namespace name 'CommunityToolkit' could not be found (are you missing a using directive or an assembly reference?) [C:\Users\giris\Documents\Code\Redesign-POS\Windows Based POS\Magidesk\Magidesk.Presentation.csproj]
C:\Users\giris\Documents\Code\Redesign-POS\Windows Based POS\Magidesk\ViewModels\BackOfficeViewModel.cs(14,6): error CS0246: The type or namespace name 'ObservablePropertyAttribute' could not be found (are you missing a using directive or an assembly reference?) [C:\Users\giris\Documents\Code\Redesign-POS\Windows Based POS\Magidesk\Magidesk.Presentation.csproj]
C:\Users\giris\Documents\Code\Redesign-POS\Windows Based POS\Magidesk\ViewModels\BackOfficeViewModel.cs(14,6): error CS0246: The type or namespace name 'ObservableProperty' could not be found (are you missing a using directive or an assembly reference?) [C:\Users\giris\Documents\Code\Redesign-POS\Windows Based POS\Magidesk\Magidesk.Presentation.csproj]
C:\Users\giris\Documents\Code\Redesign-POS\Windows Based POS\Magidesk\ViewModels\MenuEditorViewModel.cs(16,6): error CS0246: The type or namespace name 'ObservablePropertyAttribute' could not be found (are you missing a using directive or an assembly reference?) [C:\Users\giris\Documents\Code\Redesign-POS\Windows Based POS\Magidesk\Magidesk.Presentation.csproj]
C:\Users\giris\Documents\Code\Redesign-POS\Windows Based POS\Magidesk\ViewModels\MenuEditorViewModel.cs(16,6): error CS0246: The type or namespace name 'ObservableProperty' could not be found (are you missing a using directive or an assembly reference?) [C:\Users\giris\Documents\Code\Redesign-POS\Windows Based POS\Magidesk\Magidesk.Presentation.csproj]
C:\Users\giris\Documents\Code\Redesign-POS\Windows Based POS\Magidesk\ViewModels\MenuEditorViewModel.cs(36,6): error CS0616: 'RelayCommand' is not an attribute class [C:\Users\giris\Documents\Code\Redesign-POS\Windows Based POS\Magidesk\Magidesk.Presentation.csproj]
C:\Users\giris\Documents\Code\Redesign-POS\Windows Based POS\Magidesk\ViewModels\MenuEditorViewModel.cs(61,6): error CS0616: 'RelayCommand' is not an attribute class [C:\Users\giris\Documents\Code\Redesign-POS\Windows Based POS\Magidesk\Magidesk.Presentation.csproj]
C:\Users\giris\Documents\Code\Redesign-POS\Windows Based POS\Magidesk\ViewModels\MenuEditorViewModel.cs(67,6): error CS0616: 'RelayCommand' is not an attribute class [C:\Users\giris\Documents\Code\Redesign-POS\Windows Based POS\Magidesk\Magidesk.Presentation.csproj]
C:\Users\giris\Documents\Code\Redesign-POS\Windows Based POS\Magidesk\ViewModels\MenuEditorViewModel.cs(73,6): error CS0616: 'RelayCommand' is not an attribute class [C:\Users\giris\Documents\Code\Redesign-POS\Windows Based POS\Magidesk\Magidesk.Presentation.csproj]
C:\Users\giris\Documents\Code\Redesign-POS\Windows Based POS\Magidesk\ViewModels\BackOfficeViewModel.cs(31,6): error CS0616: 'RelayCommand' is not an attribute class [C:\Users\giris\Documents\Code\Redesign-POS\Windows Based POS\Magidesk\Magidesk.Presentation.csproj]
C:\Users\giris\Documents\Code\Redesign-POS\Windows Based POS\Magidesk\ViewModels\BackOfficeViewModel.cs(48,6): error CS0246: The type or namespace name 'ObservablePropertyAttribute' could not be found (are you missing a using directive or an assembly reference?) [C:\Users\giris\Documents\Code\Redesign-POS\Windows Based POS\Magidesk\Magidesk.Presentation.csproj]
C:\Users\giris\Documents\Code\Redesign-POS\Windows Based POS\Magidesk\ViewModels\BackOfficeViewModel.cs(48,6): error CS0246: The type or namespace name 'ObservableProperty' could not be found (are you missing a using directive or an assembly reference?) [C:\Users\giris\Documents\Code\Redesign-POS\Windows Based POS\Magidesk\Magidesk.Presentation.csproj]
C:\Users\giris\Documents\Code\Redesign-POS\Windows Based POS\Magidesk\ViewModels\BackOfficeViewModel.cs(51,6): error CS0616: 'RelayCommand' is not an attribute class [C:\Users\giris\Documents\Code\Redesign-POS\Windows Based POS\Magidesk\Magidesk.Presentation.csproj]
C:\Users\giris\.nuget\packages\microsoft.windowsappsdk.winui\1.8.251105000\buildTransitive\Microsoft.UI.Xaml.Markup.Compiler.interop.targets(845,9): error MSB3073: The command ""C:\Users\giris\.nuget\packages\microsoft.windowsappsdk.winui\1.8.251105000\buildTransitive\..\tools\net6.0\..\net472\XamlCompiler.exe" "obj\Debug\net8.0-windows10.0.19041.0\\input.json" "obj\Debug\net8.0-windows10.0.19041.0\\output.json"" exited with code 1. [C:\Users\giris\Documents\Code\Redesign-POS\Windows Based POS\Magidesk\Magidesk.Presentation.csproj]
    2 Warning(s)
    17 Error(s)

Time Elapsed 00:00:02.79
