  Determining projects to restore...
  All projects are up-to-date for restore.
  Magidesk.Domain -> C:\Users\giris\Documents\Code\Redesign-POS\Windows Based POS\Magidesk\Magidesk.Domain\bin\Debug\net8.0\Magidesk.Domain.dll
  Magidesk.Application -> C:\Users\giris\Documents\Code\Redesign-POS\Windows Based POS\Magidesk\Magidesk.Application\bin\Debug\net8.0\Magidesk.Application.dll
  Magidesk.Domain.Tests -> C:\Users\giris\Documents\Code\Redesign-POS\Windows Based POS\Magidesk\Magidesk.Domain.Tests\bin\Debug\net8.0\Magidesk.Domain.Tests.dll
  Magidesk.Infrastructure -> C:\Users\giris\Documents\Code\Redesign-POS\Windows Based POS\Magidesk\Magidesk.Infrastructure\bin\Debug\net8.0\Magidesk.Infrastructure.dll
  Magidesk.Application.Tests -> C:\Users\giris\Documents\Code\Redesign-POS\Windows Based POS\Magidesk\Magidesk.Application.Tests\bin\Debug\net8.0\Magidesk.Application.Tests.dll
  Magidesk.Infrastructure.Tests -> C:\Users\giris\Documents\Code\Redesign-POS\Windows Based POS\Magidesk\Magidesk.Infrastructure.Tests\bin\Debug\net8.0\Magidesk.Infrastructure.Tests.dll
  Magidesk.Api -> C:\Users\giris\Documents\Code\Redesign-POS\Windows Based POS\Magidesk\Magidesk.Api\bin\Debug\net8.0\Magidesk.Api.dll
  Magidesk.Migrations -> C:\Users\giris\Documents\Code\Redesign-POS\Windows Based POS\Magidesk\Magidesk.Migrations\bin\Debug\net8.0\Magidesk.Migrations.dll
C:\Users\giris\Documents\Code\Redesign-POS\Windows Based POS\Magidesk\Converters\StringFormatConverter.cs(21,16): warning CS8603: Possible null reference return. [C:\Users\giris\Documents\Code\Redesign-POS\Windows Based POS\Magidesk\Magidesk.Presentation.csproj]
C:\Users\giris\Documents\Code\Redesign-POS\Windows Based POS\Magidesk\ViewModels\BackOfficeViewModel.cs(28,12): warning CS8618: Non-nullable field '_currentPageType' must contain a non-null value when exiting constructor. Consider adding the 'required' modifier or declaring the field as nullable. [C:\Users\giris\Documents\Code\Redesign-POS\Windows Based POS\Magidesk\Magidesk.Presentation.csproj]
C:\Users\giris\Documents\Code\Redesign-POS\Windows Based POS\Magidesk\Views\MenuEditorPage.xaml.cs(15,21): warning CS8601: Possible null reference assignment. [C:\Users\giris\Documents\Code\Redesign-POS\Windows Based POS\Magidesk\Magidesk.Presentation.csproj]
C:\Users\giris\Documents\Code\Redesign-POS\Windows Based POS\Magidesk\Views\MenuEditorPage.xaml.cs(12,12): warning CS8618: Non-nullable property 'ViewModel' must contain a non-null value when exiting constructor. Consider adding the 'required' modifier or declaring the property as nullable. [C:\Users\giris\Documents\Code\Redesign-POS\Windows Based POS\Magidesk\Magidesk.Presentation.csproj]
C:\Users\giris\Documents\Code\Redesign-POS\Windows Based POS\Magidesk\Views\BackOfficePage.xaml.cs(15,21): warning CS8601: Possible null reference assignment. [C:\Users\giris\Documents\Code\Redesign-POS\Windows Based POS\Magidesk\Magidesk.Presentation.csproj]
C:\Users\giris\Documents\Code\Redesign-POS\Windows Based POS\Magidesk\Views\BackOfficePage.xaml.cs(12,12): warning CS8618: Non-nullable property 'ViewModel' must contain a non-null value when exiting constructor. Consider adding the 'required' modifier or declaring the property as nullable. [C:\Users\giris\Documents\Code\Redesign-POS\Windows Based POS\Magidesk\Magidesk.Presentation.csproj]
C:\Users\giris\Documents\Code\Redesign-POS\Windows Based POS\Magidesk\ViewModels\KitchenDisplayViewModel.cs(46,12): warning CS8618: Non-nullable field '_dispatcherQueue' must contain a non-null value when exiting constructor. Consider adding the 'required' modifier or declaring the field as nullable. [C:\Users\giris\Documents\Code\Redesign-POS\Windows Based POS\Magidesk\Magidesk.Presentation.csproj]
C:\Users\giris\Documents\Code\Redesign-POS\Windows Based POS\Magidesk\ViewModels\KitchenDisplayViewModel.cs(46,12): warning CS8618: Non-nullable field '_timer' must contain a non-null value when exiting constructor. Consider adding the 'required' modifier or declaring the field as nullable. [C:\Users\giris\Documents\Code\Redesign-POS\Windows Based POS\Magidesk\Magidesk.Presentation.csproj]
C:\Users\giris\Documents\Code\Redesign-POS\Windows Based POS\Magidesk\ViewModels\KitchenDisplayViewModel.cs(141,26): warning CS0168: The variable 'ex' is declared but never used [C:\Users\giris\Documents\Code\Redesign-POS\Windows Based POS\Magidesk\Magidesk.Presentation.csproj]
C:\Users\giris\Documents\Code\Redesign-POS\Windows Based POS\Magidesk\ViewModels\RelayCommand.cs(51,33): warning CS8600: Converting null literal or possible null value to non-nullable type. [C:\Users\giris\Documents\Code\Redesign-POS\Windows Based POS\Magidesk\Magidesk.Presentation.csproj]
C:\Users\giris\Documents\Code\Redesign-POS\Windows Based POS\Magidesk\ViewModels\RelayCommand.cs(75,23): warning CS8600: Converting null literal or possible null value to non-nullable type. [C:\Users\giris\Documents\Code\Redesign-POS\Windows Based POS\Magidesk\Magidesk.Presentation.csproj]
C:\Users\giris\Documents\Code\Redesign-POS\Windows Based POS\Magidesk\ViewModels\OrderEntryViewModel.cs(294,26): warning CS0168: The variable 'ex' is declared but never used [C:\Users\giris\Documents\Code\Redesign-POS\Windows Based POS\Magidesk\Magidesk.Presentation.csproj]
C:\Users\giris\Documents\Code\Redesign-POS\Windows Based POS\Magidesk\Converters\StringFormatConverter.cs(21,16): warning CS8603: Possible null reference return. [C:\Users\giris\Documents\Code\Redesign-POS\Windows Based POS\Magidesk\Magidesk.Presentation.csproj]
C:\Users\giris\Documents\Code\Redesign-POS\Windows Based POS\Magidesk\ViewModels\BackOfficeViewModel.cs(28,12): warning CS8618: Non-nullable field '_currentPageType' must contain a non-null value when exiting constructor. Consider adding the 'required' modifier or declaring the field as nullable. [C:\Users\giris\Documents\Code\Redesign-POS\Windows Based POS\Magidesk\Magidesk.Presentation.csproj]
C:\Users\giris\Documents\Code\Redesign-POS\Windows Based POS\Magidesk\Views\BackOfficePage.xaml.cs(15,21): warning CS8601: Possible null reference assignment. [C:\Users\giris\Documents\Code\Redesign-POS\Windows Based POS\Magidesk\Magidesk.Presentation.csproj]
C:\Users\giris\Documents\Code\Redesign-POS\Windows Based POS\Magidesk\Views\BackOfficePage.xaml.cs(12,12): warning CS8618: Non-nullable property 'ViewModel' must contain a non-null value when exiting constructor. Consider adding the 'required' modifier or declaring the property as nullable. [C:\Users\giris\Documents\Code\Redesign-POS\Windows Based POS\Magidesk\Magidesk.Presentation.csproj]
C:\Users\giris\Documents\Code\Redesign-POS\Windows Based POS\Magidesk\ViewModels\KitchenDisplayViewModel.cs(46,12): warning CS8618: Non-nullable field '_dispatcherQueue' must contain a non-null value when exiting constructor. Consider adding the 'required' modifier or declaring the field as nullable. [C:\Users\giris\Documents\Code\Redesign-POS\Windows Based POS\Magidesk\Magidesk.Presentation.csproj]
C:\Users\giris\Documents\Code\Redesign-POS\Windows Based POS\Magidesk\ViewModels\KitchenDisplayViewModel.cs(46,12): warning CS8618: Non-nullable field '_timer' must contain a non-null value when exiting constructor. Consider adding the 'required' modifier or declaring the field as nullable. [C:\Users\giris\Documents\Code\Redesign-POS\Windows Based POS\Magidesk\Magidesk.Presentation.csproj]
C:\Users\giris\Documents\Code\Redesign-POS\Windows Based POS\Magidesk\ViewModels\KitchenDisplayViewModel.cs(141,26): warning CS0168: The variable 'ex' is declared but never used [C:\Users\giris\Documents\Code\Redesign-POS\Windows Based POS\Magidesk\Magidesk.Presentation.csproj]
C:\Users\giris\Documents\Code\Redesign-POS\Windows Based POS\Magidesk\Views\MenuEditorPage.xaml.cs(15,21): warning CS8601: Possible null reference assignment. [C:\Users\giris\Documents\Code\Redesign-POS\Windows Based POS\Magidesk\Magidesk.Presentation.csproj]
C:\Users\giris\Documents\Code\Redesign-POS\Windows Based POS\Magidesk\Views\MenuEditorPage.xaml.cs(12,12): warning CS8618: Non-nullable property 'ViewModel' must contain a non-null value when exiting constructor. Consider adding the 'required' modifier or declaring the property as nullable. [C:\Users\giris\Documents\Code\Redesign-POS\Windows Based POS\Magidesk\Magidesk.Presentation.csproj]
C:\Users\giris\Documents\Code\Redesign-POS\Windows Based POS\Magidesk\ViewModels\OrderEntryViewModel.cs(294,26): warning CS0168: The variable 'ex' is declared but never used [C:\Users\giris\Documents\Code\Redesign-POS\Windows Based POS\Magidesk\Magidesk.Presentation.csproj]
C:\Users\giris\Documents\Code\Redesign-POS\Windows Based POS\Magidesk\ViewModels\RelayCommand.cs(51,33): warning CS8600: Converting null literal or possible null value to non-nullable type. [C:\Users\giris\Documents\Code\Redesign-POS\Windows Based POS\Magidesk\Magidesk.Presentation.csproj]
C:\Users\giris\Documents\Code\Redesign-POS\Windows Based POS\Magidesk\ViewModels\RelayCommand.cs(75,23): warning CS8600: Converting null literal or possible null value to non-nullable type. [C:\Users\giris\Documents\Code\Redesign-POS\Windows Based POS\Magidesk\Magidesk.Presentation.csproj]
  Magidesk.Presentation -> C:\Users\giris\Documents\Code\Redesign-POS\Windows Based POS\Magidesk\bin\x86\Debug\net8.0-windows10.0.19041.0\win-x86\Magidesk.Presentation.dll

Build succeeded.

C:\Users\giris\Documents\Code\Redesign-POS\Windows Based POS\Magidesk\Converters\StringFormatConverter.cs(21,16): warning CS8603: Possible null reference return. [C:\Users\giris\Documents\Code\Redesign-POS\Windows Based POS\Magidesk\Magidesk.Presentation.csproj]
C:\Users\giris\Documents\Code\Redesign-POS\Windows Based POS\Magidesk\ViewModels\BackOfficeViewModel.cs(28,12): warning CS8618: Non-nullable field '_currentPageType' must contain a non-null value when exiting constructor. Consider adding the 'required' modifier or declaring the field as nullable. [C:\Users\giris\Documents\Code\Redesign-POS\Windows Based POS\Magidesk\Magidesk.Presentation.csproj]
C:\Users\giris\Documents\Code\Redesign-POS\Windows Based POS\Magidesk\Views\MenuEditorPage.xaml.cs(15,21): warning CS8601: Possible null reference assignment. [C:\Users\giris\Documents\Code\Redesign-POS\Windows Based POS\Magidesk\Magidesk.Presentation.csproj]
C:\Users\giris\Documents\Code\Redesign-POS\Windows Based POS\Magidesk\Views\MenuEditorPage.xaml.cs(12,12): warning CS8618: Non-nullable property 'ViewModel' must contain a non-null value when exiting constructor. Consider adding the 'required' modifier or declaring the property as nullable. [C:\Users\giris\Documents\Code\Redesign-POS\Windows Based POS\Magidesk\Magidesk.Presentation.csproj]
C:\Users\giris\Documents\Code\Redesign-POS\Windows Based POS\Magidesk\Views\BackOfficePage.xaml.cs(15,21): warning CS8601: Possible null reference assignment. [C:\Users\giris\Documents\Code\Redesign-POS\Windows Based POS\Magidesk\Magidesk.Presentation.csproj]
C:\Users\giris\Documents\Code\Redesign-POS\Windows Based POS\Magidesk\Views\BackOfficePage.xaml.cs(12,12): warning CS8618: Non-nullable property 'ViewModel' must contain a non-null value when exiting constructor. Consider adding the 'required' modifier or declaring the property as nullable. [C:\Users\giris\Documents\Code\Redesign-POS\Windows Based POS\Magidesk\Magidesk.Presentation.csproj]
C:\Users\giris\Documents\Code\Redesign-POS\Windows Based POS\Magidesk\ViewModels\KitchenDisplayViewModel.cs(46,12): warning CS8618: Non-nullable field '_dispatcherQueue' must contain a non-null value when exiting constructor. Consider adding the 'required' modifier or declaring the field as nullable. [C:\Users\giris\Documents\Code\Redesign-POS\Windows Based POS\Magidesk\Magidesk.Presentation.csproj]
C:\Users\giris\Documents\Code\Redesign-POS\Windows Based POS\Magidesk\ViewModels\KitchenDisplayViewModel.cs(46,12): warning CS8618: Non-nullable field '_timer' must contain a non-null value when exiting constructor. Consider adding the 'required' modifier or declaring the field as nullable. [C:\Users\giris\Documents\Code\Redesign-POS\Windows Based POS\Magidesk\Magidesk.Presentation.csproj]
C:\Users\giris\Documents\Code\Redesign-POS\Windows Based POS\Magidesk\ViewModels\KitchenDisplayViewModel.cs(141,26): warning CS0168: The variable 'ex' is declared but never used [C:\Users\giris\Documents\Code\Redesign-POS\Windows Based POS\Magidesk\Magidesk.Presentation.csproj]
C:\Users\giris\Documents\Code\Redesign-POS\Windows Based POS\Magidesk\ViewModels\RelayCommand.cs(51,33): warning CS8600: Converting null literal or possible null value to non-nullable type. [C:\Users\giris\Documents\Code\Redesign-POS\Windows Based POS\Magidesk\Magidesk.Presentation.csproj]
C:\Users\giris\Documents\Code\Redesign-POS\Windows Based POS\Magidesk\ViewModels\RelayCommand.cs(75,23): warning CS8600: Converting null literal or possible null value to non-nullable type. [C:\Users\giris\Documents\Code\Redesign-POS\Windows Based POS\Magidesk\Magidesk.Presentation.csproj]
C:\Users\giris\Documents\Code\Redesign-POS\Windows Based POS\Magidesk\ViewModels\OrderEntryViewModel.cs(294,26): warning CS0168: The variable 'ex' is declared but never used [C:\Users\giris\Documents\Code\Redesign-POS\Windows Based POS\Magidesk\Magidesk.Presentation.csproj]
C:\Users\giris\Documents\Code\Redesign-POS\Windows Based POS\Magidesk\Converters\StringFormatConverter.cs(21,16): warning CS8603: Possible null reference return. [C:\Users\giris\Documents\Code\Redesign-POS\Windows Based POS\Magidesk\Magidesk.Presentation.csproj]
C:\Users\giris\Documents\Code\Redesign-POS\Windows Based POS\Magidesk\ViewModels\BackOfficeViewModel.cs(28,12): warning CS8618: Non-nullable field '_currentPageType' must contain a non-null value when exiting constructor. Consider adding the 'required' modifier or declaring the field as nullable. [C:\Users\giris\Documents\Code\Redesign-POS\Windows Based POS\Magidesk\Magidesk.Presentation.csproj]
C:\Users\giris\Documents\Code\Redesign-POS\Windows Based POS\Magidesk\Views\BackOfficePage.xaml.cs(15,21): warning CS8601: Possible null reference assignment. [C:\Users\giris\Documents\Code\Redesign-POS\Windows Based POS\Magidesk\Magidesk.Presentation.csproj]
C:\Users\giris\Documents\Code\Redesign-POS\Windows Based POS\Magidesk\Views\BackOfficePage.xaml.cs(12,12): warning CS8618: Non-nullable property 'ViewModel' must contain a non-null value when exiting constructor. Consider adding the 'required' modifier or declaring the property as nullable. [C:\Users\giris\Documents\Code\Redesign-POS\Windows Based POS\Magidesk\Magidesk.Presentation.csproj]
C:\Users\giris\Documents\Code\Redesign-POS\Windows Based POS\Magidesk\ViewModels\KitchenDisplayViewModel.cs(46,12): warning CS8618: Non-nullable field '_dispatcherQueue' must contain a non-null value when exiting constructor. Consider adding the 'required' modifier or declaring the field as nullable. [C:\Users\giris\Documents\Code\Redesign-POS\Windows Based POS\Magidesk\Magidesk.Presentation.csproj]
C:\Users\giris\Documents\Code\Redesign-POS\Windows Based POS\Magidesk\ViewModels\KitchenDisplayViewModel.cs(46,12): warning CS8618: Non-nullable field '_timer' must contain a non-null value when exiting constructor. Consider adding the 'required' modifier or declaring the field as nullable. [C:\Users\giris\Documents\Code\Redesign-POS\Windows Based POS\Magidesk\Magidesk.Presentation.csproj]
C:\Users\giris\Documents\Code\Redesign-POS\Windows Based POS\Magidesk\ViewModels\KitchenDisplayViewModel.cs(141,26): warning CS0168: The variable 'ex' is declared but never used [C:\Users\giris\Documents\Code\Redesign-POS\Windows Based POS\Magidesk\Magidesk.Presentation.csproj]
C:\Users\giris\Documents\Code\Redesign-POS\Windows Based POS\Magidesk\Views\MenuEditorPage.xaml.cs(15,21): warning CS8601: Possible null reference assignment. [C:\Users\giris\Documents\Code\Redesign-POS\Windows Based POS\Magidesk\Magidesk.Presentation.csproj]
C:\Users\giris\Documents\Code\Redesign-POS\Windows Based POS\Magidesk\Views\MenuEditorPage.xaml.cs(12,12): warning CS8618: Non-nullable property 'ViewModel' must contain a non-null value when exiting constructor. Consider adding the 'required' modifier or declaring the property as nullable. [C:\Users\giris\Documents\Code\Redesign-POS\Windows Based POS\Magidesk\Magidesk.Presentation.csproj]
C:\Users\giris\Documents\Code\Redesign-POS\Windows Based POS\Magidesk\ViewModels\OrderEntryViewModel.cs(294,26): warning CS0168: The variable 'ex' is declared but never used [C:\Users\giris\Documents\Code\Redesign-POS\Windows Based POS\Magidesk\Magidesk.Presentation.csproj]
C:\Users\giris\Documents\Code\Redesign-POS\Windows Based POS\Magidesk\ViewModels\RelayCommand.cs(51,33): warning CS8600: Converting null literal or possible null value to non-nullable type. [C:\Users\giris\Documents\Code\Redesign-POS\Windows Based POS\Magidesk\Magidesk.Presentation.csproj]
C:\Users\giris\Documents\Code\Redesign-POS\Windows Based POS\Magidesk\ViewModels\RelayCommand.cs(75,23): warning CS8600: Converting null literal or possible null value to non-nullable type. [C:\Users\giris\Documents\Code\Redesign-POS\Windows Based POS\Magidesk\Magidesk.Presentation.csproj]
    24 Warning(s)
    0 Error(s)

Time Elapsed 00:00:07.62
