  Determining projects to restore...
  All projects are up-to-date for restore.
  Sonar: (Magidesk.Domain.csproj) The analysis targets file not found: C:\Users\giris\Documents\Code\Redesign-POS\Windows Based POS\Magidesk\.sonarqube\bin\targets\SonarQube.Integration.targets
  Magidesk.Domain -> C:\Users\giris\Documents\Code\Redesign-POS\Windows Based POS\Magidesk\src\Magidesk.Domain\bin\Debug\net8.0\Magidesk.Domain.dll
  Sonar: (Magidesk.Application.csproj) The analysis targets file not found: C:\Users\giris\Documents\Code\Redesign-POS\Windows Based POS\Magidesk\.sonarqube\bin\targets\SonarQube.Integration.targets
  Magidesk.Application -> C:\Users\giris\Documents\Code\Redesign-POS\Windows Based POS\Magidesk\src\Magidesk.Application\bin\Debug\net8.0\Magidesk.Application.dll
  Sonar: (Magidesk.Infrastructure.csproj) The analysis targets file not found: C:\Users\giris\Documents\Code\Redesign-POS\Windows Based POS\Magidesk\.sonarqube\bin\targets\SonarQube.Integration.targets
  Magidesk.Infrastructure -> C:\Users\giris\Documents\Code\Redesign-POS\Windows Based POS\Magidesk\src\Magidesk.Infrastructure\bin\Debug\net8.0\Magidesk.Infrastructure.dll
  Sonar: (Magidesk.Migrations.csproj) The analysis targets file not found: C:\Users\giris\Documents\Code\Redesign-POS\Windows Based POS\Magidesk\.sonarqube\bin\targets\SonarQube.Integration.targets
  Magidesk.Migrations -> C:\Users\giris\Documents\Code\Redesign-POS\Windows Based POS\Magidesk\src\Magidesk.Migrations\bin\Debug\net8.0\Magidesk.Migrations.dll
C:\Users\giris\Documents\Code\Redesign-POS\Windows Based POS\Magidesk\src\Magidesk.Presentation\ViewModels\OrderPageViewModel.cs(16,7): warning CS0105: The using directive for 'Magidesk.Presentation.Views.Dialogs' appeared previously in this namespace [C:\Users\giris\Documents\Code\Redesign-POS\Windows Based POS\Magidesk\src\Magidesk.Presentation\Magidesk.Presentation.csproj]
C:\Users\giris\Documents\Code\Redesign-POS\Windows Based POS\Magidesk\src\Magidesk.Presentation\ViewModels\RefundWizardViewModel.cs(9,7): warning CS0105: The using directive for 'Magidesk.Domain.ValueObjects' appeared previously in this namespace [C:\Users\giris\Documents\Code\Redesign-POS\Windows Based POS\Magidesk\src\Magidesk.Presentation\Magidesk.Presentation.csproj]
C:\Users\giris\Documents\Code\Redesign-POS\Windows Based POS\Magidesk\src\Magidesk.Presentation\ViewModels\SettlePageViewModel.cs(14,7): warning CS0105: The using directive for 'Magidesk.Presentation.Views.Dialogs' appeared previously in this namespace [C:\Users\giris\Documents\Code\Redesign-POS\Windows Based POS\Magidesk\src\Magidesk.Presentation\Magidesk.Presentation.csproj]
C:\Users\giris\Documents\Code\Redesign-POS\Windows Based POS\Magidesk\src\Magidesk.Presentation\ViewModels\TicketManagementViewModel.cs(6,7): warning CS0105: The using directive for 'Magidesk.Domain.ValueObjects' appeared previously in this namespace [C:\Users\giris\Documents\Code\Redesign-POS\Windows Based POS\Magidesk\src\Magidesk.Presentation\Magidesk.Presentation.csproj]
C:\Users\giris\Documents\Code\Redesign-POS\Windows Based POS\Magidesk\src\Magidesk.Presentation\Views\OrderPageView.xaml.cs(2,7): warning CS0105: The using directive for 'Magidesk.Presentation.ViewModels' appeared previously in this namespace [C:\Users\giris\Documents\Code\Redesign-POS\Windows Based POS\Magidesk\src\Magidesk.Presentation\Magidesk.Presentation.csproj]
C:\Users\giris\Documents\Code\Redesign-POS\Windows Based POS\Magidesk\src\Magidesk.Presentation\ViewModels\CustomerListViewModel.cs(98,19): warning CS0108: 'CustomerListViewModel.StatusMessage' hides inherited member 'ViewModelBase.StatusMessage'. Use the new keyword if hiding was intended. [C:\Users\giris\Documents\Code\Redesign-POS\Windows Based POS\Magidesk\src\Magidesk.Presentation\Magidesk.Presentation.csproj]
C:\Users\giris\Documents\Code\Redesign-POS\Windows Based POS\Magidesk\src\Magidesk.Presentation\ViewModels\InventoryViewModel.cs(58,19): warning CS0108: 'InventoryViewModel.StatusMessage' hides inherited member 'ViewModelBase.StatusMessage'. Use the new keyword if hiding was intended. [C:\Users\giris\Documents\Code\Redesign-POS\Windows Based POS\Magidesk\src\Magidesk.Presentation\Magidesk.Presentation.csproj]
C:\Users\giris\Documents\Code\Redesign-POS\Windows Based POS\Magidesk\src\Magidesk.Presentation\ViewModels\MenuEditorViewModel.cs(75,19): warning CS0108: 'MenuEditorViewModel.StatusMessage' hides inherited member 'ViewModelBase.StatusMessage'. Use the new keyword if hiding was intended. [C:\Users\giris\Documents\Code\Redesign-POS\Windows Based POS\Magidesk\src\Magidesk.Presentation\Magidesk.Presentation.csproj]
C:\Users\giris\Documents\Code\Redesign-POS\Windows Based POS\Magidesk\src\Magidesk.Presentation\ViewModels\AuthorizationCaptureBatchViewModel.cs(32,19): warning CS0108: 'AuthorizationCaptureBatchViewModel.StatusMessage' hides inherited member 'ViewModelBase.StatusMessage'. Use the new keyword if hiding was intended. [C:\Users\giris\Documents\Code\Redesign-POS\Windows Based POS\Magidesk\src\Magidesk.Presentation\Magidesk.Presentation.csproj]
C:\Users\giris\Documents\Code\Redesign-POS\Windows Based POS\Magidesk\src\Magidesk.Presentation\ViewModels\OrderTypeExplorerViewModel.cs(77,19): warning CS0108: 'OrderTypeExplorerViewModel.StatusMessage' hides inherited member 'ViewModelBase.StatusMessage'. Use the new keyword if hiding was intended. [C:\Users\giris\Documents\Code\Redesign-POS\Windows Based POS\Magidesk\src\Magidesk.Presentation\Magidesk.Presentation.csproj]
C:\Users\giris\Documents\Code\Redesign-POS\Windows Based POS\Magidesk\src\Magidesk.Presentation\ViewModels\ModifierEditorViewModel.cs(67,19): warning CS0108: 'ModifierEditorViewModel.StatusMessage' hides inherited member 'ViewModelBase.StatusMessage'. Use the new keyword if hiding was intended. [C:\Users\giris\Documents\Code\Redesign-POS\Windows Based POS\Magidesk\src\Magidesk.Presentation\Magidesk.Presentation.csproj]
C:\Users\giris\Documents\Code\Redesign-POS\Windows Based POS\Magidesk\src\Magidesk.Presentation\ViewModels\RoleManagementViewModel.cs(70,19): warning CS0108: 'RoleManagementViewModel.StatusMessage' hides inherited member 'ViewModelBase.StatusMessage'. Use the new keyword if hiding was intended. [C:\Users\giris\Documents\Code\Redesign-POS\Windows Based POS\Magidesk\src\Magidesk.Presentation\Magidesk.Presentation.csproj]
C:\Users\giris\Documents\Code\Redesign-POS\Windows Based POS\Magidesk\src\Magidesk.Presentation\ViewModels\ShiftExplorerViewModel.cs(64,19): warning CS0108: 'ShiftExplorerViewModel.StatusMessage' hides inherited member 'ViewModelBase.StatusMessage'. Use the new keyword if hiding was intended. [C:\Users\giris\Documents\Code\Redesign-POS\Windows Based POS\Magidesk\src\Magidesk.Presentation\Magidesk.Presentation.csproj]
C:\Users\giris\Documents\Code\Redesign-POS\Windows Based POS\Magidesk\src\Magidesk.Presentation\ViewModels\SystemConfigViewModel.cs(43,19): warning CS0108: 'SystemConfigViewModel.StatusMessage' hides inherited member 'ViewModelBase.StatusMessage'. Use the new keyword if hiding was intended. [C:\Users\giris\Documents\Code\Redesign-POS\Windows Based POS\Magidesk\src\Magidesk.Presentation\Magidesk.Presentation.csproj]
C:\Users\giris\Documents\Code\Redesign-POS\Windows Based POS\Magidesk\src\Magidesk.Presentation\ViewModels\Dialogs\PromotionScheduleDialogViewModel.cs(46,19): warning CS0108: 'PromotionScheduleDialogViewModel.Title' hides inherited member 'ViewModelBase.Title'. Use the new keyword if hiding was intended. [C:\Users\giris\Documents\Code\Redesign-POS\Windows Based POS\Magidesk\src\Magidesk.Presentation\Magidesk.Presentation.csproj]
C:\Users\giris\Documents\Code\Redesign-POS\Windows Based POS\Magidesk\src\Magidesk.Presentation\ViewModels\UserManagementViewModel.cs(57,19): warning CS0108: 'UserManagementViewModel.StatusMessage' hides inherited member 'ViewModelBase.StatusMessage'. Use the new keyword if hiding was intended. [C:\Users\giris\Documents\Code\Redesign-POS\Windows Based POS\Magidesk\src\Magidesk.Presentation\Magidesk.Presentation.csproj]
C:\Users\giris\Documents\Code\Redesign-POS\Windows Based POS\Magidesk\src\Magidesk.Presentation\Services\DefaultViewRoutingService.cs(56,13): warning CS0162: Unreachable code detected [C:\Users\giris\Documents\Code\Redesign-POS\Windows Based POS\Magidesk\src\Magidesk.Presentation\Magidesk.Presentation.csproj]
C:\Users\giris\Documents\Code\Redesign-POS\Windows Based POS\Magidesk\src\Magidesk.Presentation\App.xaml.cs(53,50): warning CS8622: Nullability of reference types in type of parameter 'sender' of 'void App.TaskScheduler_UnobservedTaskException(object sender, UnobservedTaskExceptionEventArgs e)' doesn't match the target delegate 'EventHandler<UnobservedTaskExceptionEventArgs>' (possibly because of nullability attributes). [C:\Users\giris\Documents\Code\Redesign-POS\Windows Based POS\Magidesk\src\Magidesk.Presentation\Magidesk.Presentation.csproj]
C:\Users\giris\Documents\Code\Redesign-POS\Windows Based POS\Magidesk\src\Magidesk.Presentation\Converters\StringFormatConverter.cs(16,34): warning CS8604: Possible null reference argument for parameter 'format' in 'string string.Format(string format, object? arg0)'. [C:\Users\giris\Documents\Code\Redesign-POS\Windows Based POS\Magidesk\src\Magidesk.Presentation\Magidesk.Presentation.csproj]
C:\Users\giris\Documents\Code\Redesign-POS\Windows Based POS\Magidesk\src\Magidesk.Presentation\ViewModels\BackOfficeViewModel.cs(38,12): warning CS8618: Non-nullable field '_currentPageType' must contain a non-null value when exiting constructor. Consider adding the 'required' modifier or declaring the field as nullable. [C:\Users\giris\Documents\Code\Redesign-POS\Windows Based POS\Magidesk\src\Magidesk.Presentation\Magidesk.Presentation.csproj]
C:\Users\giris\Documents\Code\Redesign-POS\Windows Based POS\Magidesk\src\Magidesk.Presentation\ViewModels\VoidTicketViewModel.cs(62,12): warning CS8618: Non-nullable field '_ticket' must contain a non-null value when exiting constructor. Consider adding the 'required' modifier or declaring the field as nullable. [C:\Users\giris\Documents\Code\Redesign-POS\Windows Based POS\Magidesk\src\Magidesk.Presentation\Magidesk.Presentation.csproj]
C:\Users\giris\Documents\Code\Redesign-POS\Windows Based POS\Magidesk\src\Magidesk.Presentation\ViewModels\VoidTicketViewModel.cs(62,12): warning CS8618: Non-nullable field '_voidReasons' must contain a non-null value when exiting constructor. Consider adding the 'required' modifier or declaring the field as nullable. [C:\Users\giris\Documents\Code\Redesign-POS\Windows Based POS\Magidesk\src\Magidesk.Presentation\Magidesk.Presentation.csproj]
C:\Users\giris\Documents\Code\Redesign-POS\Windows Based POS\Magidesk\src\Magidesk.Presentation\ViewModels\VoidTicketViewModel.cs(62,12): warning CS8618: Non-nullable field '_selectedReason' must contain a non-null value when exiting constructor. Consider adding the 'required' modifier or declaring the field as nullable. [C:\Users\giris\Documents\Code\Redesign-POS\Windows Based POS\Magidesk\src\Magidesk.Presentation\Magidesk.Presentation.csproj]
C:\Users\giris\Documents\Code\Redesign-POS\Windows Based POS\Magidesk\src\Magidesk.Presentation\ViewModels\VoidTicketViewModel.cs(62,12): warning CS8618: Non-nullable field '_errorMessage' must contain a non-null value when exiting constructor. Consider adding the 'required' modifier or declaring the field as nullable. [C:\Users\giris\Documents\Code\Redesign-POS\Windows Based POS\Magidesk\src\Magidesk.Presentation\Magidesk.Presentation.csproj]
C:\Users\giris\Documents\Code\Redesign-POS\Windows Based POS\Magidesk\src\Magidesk.Presentation\ViewModels\VoidTicketViewModel.cs(86,26): warning CS8625: Cannot convert null literal to non-nullable reference type. [C:\Users\giris\Documents\Code\Redesign-POS\Windows Based POS\Magidesk\src\Magidesk.Presentation\Magidesk.Presentation.csproj]
C:\Users\giris\Documents\Code\Redesign-POS\Windows Based POS\Magidesk\src\Magidesk.Presentation\ViewModels\VoidTicketViewModel.cs(104,39): warning CS8602: Dereference of a possibly null reference. [C:\Users\giris\Documents\Code\Redesign-POS\Windows Based POS\Magidesk\src\Magidesk.Presentation\Magidesk.Presentation.csproj]
C:\Users\giris\Documents\Code\Redesign-POS\Windows Based POS\Magidesk\src\Magidesk.Presentation\ViewModels\CashDropManagementViewModel.cs(127,27): warning CS8602: Dereference of a possibly null reference. [C:\Users\giris\Documents\Code\Redesign-POS\Windows Based POS\Magidesk\src\Magidesk.Presentation\Magidesk.Presentation.csproj]
C:\Users\giris\Documents\Code\Redesign-POS\Windows Based POS\Magidesk\src\Magidesk.Presentation\Converters\EnumToStringConverter.cs(21,20): warning CS8603: Possible null reference return. [C:\Users\giris\Documents\Code\Redesign-POS\Windows Based POS\Magidesk\src\Magidesk.Presentation\Magidesk.Presentation.csproj]
C:\Users\giris\Documents\Code\Redesign-POS\Windows Based POS\Magidesk\src\Magidesk.Presentation\Converters\EnumToStringConverter.cs(31,61): warning CS8604: Possible null reference argument for parameter 'input' in 'string Regex.Replace(string input, string pattern, string replacement)'. [C:\Users\giris\Documents\Code\Redesign-POS\Windows Based POS\Magidesk\src\Magidesk.Presentation\Magidesk.Presentation.csproj]
C:\Users\giris\Documents\Code\Redesign-POS\Windows Based POS\Magidesk\src\Magidesk.Presentation\Converters\EnumToBoolConverter.cs(16,16): warning CS8602: Dereference of a possibly null reference. [C:\Users\giris\Documents\Code\Redesign-POS\Windows Based POS\Magidesk\src\Magidesk.Presentation\Magidesk.Presentation.csproj]
C:\Users\giris\Documents\Code\Redesign-POS\Windows Based POS\Magidesk\src\Magidesk.Presentation\Converters\EnumToBoolConverter.cs(26,47): warning CS8604: Possible null reference argument for parameter 'value' in 'object Enum.Parse(Type enumType, string value)'. [C:\Users\giris\Documents\Code\Redesign-POS\Windows Based POS\Magidesk\src\Magidesk.Presentation\Magidesk.Presentation.csproj]
C:\Users\giris\Documents\Code\Redesign-POS\Windows Based POS\Magidesk\src\Magidesk.Presentation\ViewModels\CashDropManagementViewModel.cs(242,39): warning CS8602: Dereference of a possibly null reference. [C:\Users\giris\Documents\Code\Redesign-POS\Windows Based POS\Magidesk\src\Magidesk.Presentation\Magidesk.Presentation.csproj]
C:\Users\giris\Documents\Code\Redesign-POS\Windows Based POS\Magidesk\src\Magidesk.Presentation\Views\Components\VirtualizedTableCanvas.xaml.cs(122,13): warning CS8602: Dereference of a possibly null reference. [C:\Users\giris\Documents\Code\Redesign-POS\Windows Based POS\Magidesk\src\Magidesk.Presentation\Magidesk.Presentation.csproj]
C:\Users\giris\Documents\Code\Redesign-POS\Windows Based POS\Magidesk\src\Magidesk.Presentation\Views\Components\VirtualizedTableCanvas.xaml.cs(127,9): warning CS8602: Dereference of a possibly null reference. [C:\Users\giris\Documents\Code\Redesign-POS\Windows Based POS\Magidesk\src\Magidesk.Presentation\Magidesk.Presentation.csproj]
C:\Users\giris\Documents\Code\Redesign-POS\Windows Based POS\Magidesk\src\Magidesk.Presentation\ViewModels\DiscountManagementViewModel.cs(80,27): warning CS8602: Dereference of a possibly null reference. [C:\Users\giris\Documents\Code\Redesign-POS\Windows Based POS\Magidesk\src\Magidesk.Presentation\Magidesk.Presentation.csproj]
C:\Users\giris\Documents\Code\Redesign-POS\Windows Based POS\Magidesk\src\Magidesk.Presentation\Views\Dialogs\CookingInstructionDialog.xaml.cs(10,12): warning CS8618: Non-nullable property 'ViewModel' must contain a non-null value when exiting constructor. Consider adding the 'required' modifier or declaring the property as nullable. [C:\Users\giris\Documents\Code\Redesign-POS\Windows Based POS\Magidesk\src\Magidesk.Presentation\Magidesk.Presentation.csproj]
C:\Users\giris\Documents\Code\Redesign-POS\Windows Based POS\Magidesk\src\Magidesk.Presentation\ViewModels\ExportImportManagementViewModel.cs(83,9): warning CS4014: Because this call is not awaited, execution of the current method continues before the call is completed. Consider applying the 'await' operator to the result of the call. [C:\Users\giris\Documents\Code\Redesign-POS\Windows Based POS\Magidesk\src\Magidesk.Presentation\Magidesk.Presentation.csproj]
C:\Users\giris\Documents\Code\Redesign-POS\Windows Based POS\Magidesk\src\Magidesk.Presentation\Views\VendorsPage.xaml.cs(21,16): warning CS8602: Dereference of a possibly null reference. [C:\Users\giris\Documents\Code\Redesign-POS\Windows Based POS\Magidesk\src\Magidesk.Presentation\Magidesk.Presentation.csproj]
C:\Users\giris\Documents\Code\Redesign-POS\Windows Based POS\Magidesk\src\Magidesk.Presentation\ViewModels\Dialogs\CookingInstructionViewModel.cs(49,58): warning CS8622: Nullability of reference types in type of parameter 'instruction' of 'void CookingInstructionViewModel.AddInstruction(string instruction)' doesn't match the target delegate 'Action<string?>' (possibly because of nullability attributes). [C:\Users\giris\Documents\Code\Redesign-POS\Windows Based POS\Magidesk\src\Magidesk.Presentation\Magidesk.Presentation.csproj]
C:\Users\giris\Documents\Code\Redesign-POS\Windows Based POS\Magidesk\src\Magidesk.Presentation\ViewModels\DiscountTaxViewModel.cs(201,31): warning CS8602: Dereference of a possibly null reference. [C:\Users\giris\Documents\Code\Redesign-POS\Windows Based POS\Magidesk\src\Magidesk.Presentation\Magidesk.Presentation.csproj]
C:\Users\giris\Documents\Code\Redesign-POS\Windows Based POS\Magidesk\src\Magidesk.Presentation\ViewModels\DrawerPullReportViewModel.cs(206,31): warning CS8602: Dereference of a possibly null reference. [C:\Users\giris\Documents\Code\Redesign-POS\Windows Based POS\Magidesk\src\Magidesk.Presentation\Magidesk.Presentation.csproj]
C:\Users\giris\Documents\Code\Redesign-POS\Windows Based POS\Magidesk\src\Magidesk.Presentation\ViewModels\DrawerPullReportViewModel.cs(242,36): warning CS8602: Dereference of a possibly null reference. [C:\Users\giris\Documents\Code\Redesign-POS\Windows Based POS\Magidesk\src\Magidesk.Presentation\Magidesk.Presentation.csproj]
C:\Users\giris\Documents\Code\Redesign-POS\Windows Based POS\Magidesk\src\Magidesk.Presentation\ViewModels\FloorManagementViewModel.cs(82,9): warning CS4014: Because this call is not awaited, execution of the current method continues before the call is completed. Consider applying the 'await' operator to the result of the call. [C:\Users\giris\Documents\Code\Redesign-POS\Windows Based POS\Magidesk\src\Magidesk.Presentation\Magidesk.Presentation.csproj]
C:\Users\giris\Documents\Code\Redesign-POS\Windows Based POS\Magidesk\src\Magidesk.Presentation\Views\Dialogs\ItemSearchDialog.xaml.cs(10,12): warning CS8618: Non-nullable property 'ViewModel' must contain a non-null value when exiting constructor. Consider adding the 'required' modifier or declaring the property as nullable. [C:\Users\giris\Documents\Code\Redesign-POS\Windows Based POS\Magidesk\src\Magidesk.Presentation\Magidesk.Presentation.csproj]
C:\Users\giris\Documents\Code\Redesign-POS\Windows Based POS\Magidesk\src\Magidesk.Presentation\Views\MenuEditorPage.xaml.cs(15,21): warning CS8601: Possible null reference assignment. [C:\Users\giris\Documents\Code\Redesign-POS\Windows Based POS\Magidesk\src\Magidesk.Presentation\Magidesk.Presentation.csproj]
C:\Users\giris\Documents\Code\Redesign-POS\Windows Based POS\Magidesk\src\Magidesk.Presentation\Views\MenuEditorPage.xaml.cs(12,12): warning CS8618: Non-nullable property 'ViewModel' must contain a non-null value when exiting constructor. Consider adding the 'required' modifier or declaring the property as nullable. [C:\Users\giris\Documents\Code\Redesign-POS\Windows Based POS\Magidesk\src\Magidesk.Presentation\Magidesk.Presentation.csproj]
C:\Users\giris\Documents\Code\Redesign-POS\Windows Based POS\Magidesk\src\Magidesk.Presentation\Views\Dialogs\MergeTicketsDialog.xaml.cs(10,16): warning CS8618: Non-nullable property 'ViewModel' must contain a non-null value when exiting constructor. Consider adding the 'required' modifier or declaring the property as nullable. [C:\Users\giris\Documents\Code\Redesign-POS\Windows Based POS\Magidesk\src\Magidesk.Presentation\Magidesk.Presentation.csproj]
C:\Users\giris\Documents\Code\Redesign-POS\Windows Based POS\Magidesk\src\Magidesk.Presentation\ViewModels\GroupSettleTicketSelectionViewModel.cs(101,24): warning CS8618: Non-nullable field '_ticketNumber' must contain a non-null value when exiting constructor. Consider adding the 'required' modifier or declaring the field as nullable. [C:\Users\giris\Documents\Code\Redesign-POS\Windows Based POS\Magidesk\src\Magidesk.Presentation\Magidesk.Presentation.csproj]
C:\Users\giris\Documents\Code\Redesign-POS\Windows Based POS\Magidesk\src\Magidesk.Presentation\ViewModels\GroupSettleTicketSelectionViewModel.cs(103,24): warning CS8618: Non-nullable field '_tableNumber' must contain a non-null value when exiting constructor. Consider adding the 'required' modifier or declaring the field as nullable. [C:\Users\giris\Documents\Code\Redesign-POS\Windows Based POS\Magidesk\src\Magidesk.Presentation\Magidesk.Presentation.csproj]
C:\Users\giris\Documents\Code\Redesign-POS\Windows Based POS\Magidesk\src\Magidesk.Presentation\Views\Dialogs\TableSelectionDialog.xaml.cs(10,12): warning CS8618: Non-nullable property 'ViewModel' must contain a non-null value when exiting constructor. Consider adding the 'required' modifier or declaring the property as nullable. [C:\Users\giris\Documents\Code\Redesign-POS\Windows Based POS\Magidesk\src\Magidesk.Presentation\Magidesk.Presentation.csproj]
C:\Users\giris\Documents\Code\Redesign-POS\Windows Based POS\Magidesk\src\Magidesk.Presentation\ViewModels\KitchenDisplayViewModel.cs(76,12): warning CS8618: Non-nullable field '_dispatcherQueue' must contain a non-null value when exiting constructor. Consider adding the 'required' modifier or declaring the field as nullable. [C:\Users\giris\Documents\Code\Redesign-POS\Windows Based POS\Magidesk\src\Magidesk.Presentation\Magidesk.Presentation.csproj]
C:\Users\giris\Documents\Code\Redesign-POS\Windows Based POS\Magidesk\src\Magidesk.Presentation\ViewModels\KitchenDisplayViewModel.cs(76,12): warning CS8618: Non-nullable field '_timer' must contain a non-null value when exiting constructor. Consider adding the 'required' modifier or declaring the field as nullable. [C:\Users\giris\Documents\Code\Redesign-POS\Windows Based POS\Magidesk\src\Magidesk.Presentation\Magidesk.Presentation.csproj]
C:\Users\giris\Documents\Code\Redesign-POS\Windows Based POS\Magidesk\src\Magidesk.Presentation\Views\Dialogs\SizeSelectionDialog.xaml.cs(10,12): warning CS8618: Non-nullable property 'ViewModel' must contain a non-null value when exiting constructor. Consider adding the 'required' modifier or declaring the property as nullable. [C:\Users\giris\Documents\Code\Redesign-POS\Windows Based POS\Magidesk\src\Magidesk.Presentation\Magidesk.Presentation.csproj]
C:\Users\giris\Documents\Code\Redesign-POS\Windows Based POS\Magidesk\src\Magidesk.Presentation\Views\Dialogs\PriceEntryDialog.xaml.cs(10,12): warning CS8618: Non-nullable property 'ViewModel' must contain a non-null value when exiting constructor. Consider adding the 'required' modifier or declaring the property as nullable. [C:\Users\giris\Documents\Code\Redesign-POS\Windows Based POS\Magidesk\src\Magidesk.Presentation\Magidesk.Presentation.csproj]
C:\Users\giris\Documents\Code\Redesign-POS\Windows Based POS\Magidesk\src\Magidesk.Presentation\Views\PurchaseOrdersPage.xaml.cs(21,16): warning CS8602: Dereference of a possibly null reference. [C:\Users\giris\Documents\Code\Redesign-POS\Windows Based POS\Magidesk\src\Magidesk.Presentation\Magidesk.Presentation.csproj]
C:\Users\giris\Documents\Code\Redesign-POS\Windows Based POS\Magidesk\src\Magidesk.Presentation\ViewModels\ManagerFunctionsViewModel.cs(56,31): warning CS8602: Dereference of a possibly null reference. [C:\Users\giris\Documents\Code\Redesign-POS\Windows Based POS\Magidesk\src\Magidesk.Presentation\Magidesk.Presentation.csproj]
C:\Users\giris\Documents\Code\Redesign-POS\Windows Based POS\Magidesk\src\Magidesk.Presentation\ViewModels\ManagerFunctionsViewModel.cs(68,31): warning CS8602: Dereference of a possibly null reference. [C:\Users\giris\Documents\Code\Redesign-POS\Windows Based POS\Magidesk\src\Magidesk.Presentation\Magidesk.Presentation.csproj]
C:\Users\giris\Documents\Code\Redesign-POS\Windows Based POS\Magidesk\src\Magidesk.Presentation\ViewModels\ManagerFunctionsViewModel.cs(80,31): warning CS8602: Dereference of a possibly null reference. [C:\Users\giris\Documents\Code\Redesign-POS\Windows Based POS\Magidesk\src\Magidesk.Presentation\Magidesk.Presentation.csproj]
C:\Users\giris\Documents\Code\Redesign-POS\Windows Based POS\Magidesk\src\Magidesk.Presentation\ViewModels\ManagerFunctionsViewModel.cs(103,40): warning CS8602: Dereference of a possibly null reference. [C:\Users\giris\Documents\Code\Redesign-POS\Windows Based POS\Magidesk\src\Magidesk.Presentation\Magidesk.Presentation.csproj]
C:\Users\giris\Documents\Code\Redesign-POS\Windows Based POS\Magidesk\src\Magidesk.Presentation\ViewModels\ManagerFunctionsViewModel.cs(124,28): warning CS8602: Dereference of a possibly null reference. [C:\Users\giris\Documents\Code\Redesign-POS\Windows Based POS\Magidesk\src\Magidesk.Presentation\Magidesk.Presentation.csproj]
C:\Users\giris\Documents\Code\Redesign-POS\Windows Based POS\Magidesk\src\Magidesk.Presentation\ViewModels\TicketManagementViewModel.cs(173,27): warning CS8604: Possible null reference argument for parameter 'source' in 'List<TicketDto> Enumerable.ToList<TicketDto>(IEnumerable<TicketDto> source)'. [C:\Users\giris\Documents\Code\Redesign-POS\Windows Based POS\Magidesk\src\Magidesk.Presentation\Magidesk.Presentation.csproj]
C:\Users\giris\Documents\Code\Redesign-POS\Windows Based POS\Magidesk\src\Magidesk.Presentation\ViewModels\TicketManagementViewModel.cs(211,31): warning CS8602: Dereference of a possibly null reference. [C:\Users\giris\Documents\Code\Redesign-POS\Windows Based POS\Magidesk\src\Magidesk.Presentation\Magidesk.Presentation.csproj]
C:\Users\giris\Documents\Code\Redesign-POS\Windows Based POS\Magidesk\src\Magidesk.Presentation\ViewModels\ManagerFunctionsViewModel.cs(204,40): warning CS8602: Dereference of a possibly null reference. [C:\Users\giris\Documents\Code\Redesign-POS\Windows Based POS\Magidesk\src\Magidesk.Presentation\Magidesk.Presentation.csproj]
C:\Users\giris\Documents\Code\Redesign-POS\Windows Based POS\Magidesk\src\Magidesk.Presentation\ViewModels\ManagerFunctionsViewModel.cs(226,48): warning CS8602: Dereference of a possibly null reference. [C:\Users\giris\Documents\Code\Redesign-POS\Windows Based POS\Magidesk\src\Magidesk.Presentation\Magidesk.Presentation.csproj]
C:\Users\giris\Documents\Code\Redesign-POS\Windows Based POS\Magidesk\src\Magidesk.Presentation\ViewModels\ManagerFunctionsViewModel.cs(241,47): warning CS8602: Dereference of a possibly null reference. [C:\Users\giris\Documents\Code\Redesign-POS\Windows Based POS\Magidesk\src\Magidesk.Presentation\Magidesk.Presentation.csproj]
C:\Users\giris\Documents\Code\Redesign-POS\Windows Based POS\Magidesk\src\Magidesk.Presentation\ViewModels\ManagerFunctionsViewModel.cs(267,40): warning CS8602: Dereference of a possibly null reference. [C:\Users\giris\Documents\Code\Redesign-POS\Windows Based POS\Magidesk\src\Magidesk.Presentation\Magidesk.Presentation.csproj]
C:\Users\giris\Documents\Code\Redesign-POS\Windows Based POS\Magidesk\src\Magidesk.Presentation\ViewModels\LoginViewModel.cs(245,32): warning CS8602: Dereference of a possibly null reference. [C:\Users\giris\Documents\Code\Redesign-POS\Windows Based POS\Magidesk\src\Magidesk.Presentation\Magidesk.Presentation.csproj]
C:\Users\giris\Documents\Code\Redesign-POS\Windows Based POS\Magidesk\src\Magidesk.Presentation\ViewModels\LoginViewModel.cs(265,29): warning CS8602: Dereference of a possibly null reference. [C:\Users\giris\Documents\Code\Redesign-POS\Windows Based POS\Magidesk\src\Magidesk.Presentation\Magidesk.Presentation.csproj]
C:\Users\giris\Documents\Code\Redesign-POS\Windows Based POS\Magidesk\src\Magidesk.Presentation\ViewModels\TicketManagementViewModel.cs(244,31): warning CS8602: Dereference of a possibly null reference. [C:\Users\giris\Documents\Code\Redesign-POS\Windows Based POS\Magidesk\src\Magidesk.Presentation\Magidesk.Presentation.csproj]
C:\Users\giris\Documents\Code\Redesign-POS\Windows Based POS\Magidesk\src\Magidesk.Presentation\ViewModels\ManagerFunctionsViewModel.cs(299,40): warning CS8602: Dereference of a possibly null reference. [C:\Users\giris\Documents\Code\Redesign-POS\Windows Based POS\Magidesk\src\Magidesk.Presentation\Magidesk.Presentation.csproj]
C:\Users\giris\Documents\Code\Redesign-POS\Windows Based POS\Magidesk\src\Magidesk.Presentation\ViewModels\Dialogs\PromotionScheduleDialogViewModel.cs(25,12): warning CS8618: Non-nullable field '_discount' must contain a non-null value when exiting constructor. Consider adding the 'required' modifier or declaring the field as nullable. [C:\Users\giris\Documents\Code\Redesign-POS\Windows Based POS\Magidesk\src\Magidesk.Presentation\Magidesk.Presentation.csproj]
C:\Users\giris\Documents\Code\Redesign-POS\Windows Based POS\Magidesk\src\Magidesk.Presentation\ViewModels\Dialogs\PriceEntryViewModel.cs(40,55): warning CS8622: Nullability of reference types in type of parameter 'digit' of 'void PriceEntryViewModel.AppendDigit(string digit)' doesn't match the target delegate 'Action<string?>' (possibly because of nullability attributes). [C:\Users\giris\Documents\Code\Redesign-POS\Windows Based POS\Magidesk\src\Magidesk.Presentation\Magidesk.Presentation.csproj]
C:\Users\giris\Documents\Code\Redesign-POS\Windows Based POS\Magidesk\src\Magidesk.Presentation\ViewModels\LoginViewModel.cs(351,29): warning CS8602: Dereference of a possibly null reference. [C:\Users\giris\Documents\Code\Redesign-POS\Windows Based POS\Magidesk\src\Magidesk.Presentation\Magidesk.Presentation.csproj]
C:\Users\giris\Documents\Code\Redesign-POS\Windows Based POS\Magidesk\src\Magidesk.Presentation\ViewModels\LoginViewModel.cs(366,31): warning CS8602: Dereference of a possibly null reference. [C:\Users\giris\Documents\Code\Redesign-POS\Windows Based POS\Magidesk\src\Magidesk.Presentation\Magidesk.Presentation.csproj]
C:\Users\giris\Documents\Code\Redesign-POS\Windows Based POS\Magidesk\src\Magidesk.Presentation\ViewModels\OpenTicketsListViewModel.cs(127,24): warning CS8602: Dereference of a possibly null reference. [C:\Users\giris\Documents\Code\Redesign-POS\Windows Based POS\Magidesk\src\Magidesk.Presentation\Magidesk.Presentation.csproj]
C:\Users\giris\Documents\Code\Redesign-POS\Windows Based POS\Magidesk\src\Magidesk.Presentation\ViewModels\OpenTicketsListViewModel.cs(175,27): warning CS8602: Dereference of a possibly null reference. [C:\Users\giris\Documents\Code\Redesign-POS\Windows Based POS\Magidesk\src\Magidesk.Presentation\Magidesk.Presentation.csproj]
C:\Users\giris\Documents\Code\Redesign-POS\Windows Based POS\Magidesk\src\Magidesk.Presentation\ViewModels\OpenTicketsListViewModel.cs(188,27): warning CS8602: Dereference of a possibly null reference. [C:\Users\giris\Documents\Code\Redesign-POS\Windows Based POS\Magidesk\src\Magidesk.Presentation\Magidesk.Presentation.csproj]
C:\Users\giris\Documents\Code\Redesign-POS\Windows Based POS\Magidesk\src\Magidesk.Presentation\ViewModels\PurchaseOrderViewModel.cs(50,12): warning CS8618: Non-nullable property 'AddLineCommand' must contain a non-null value when exiting constructor. Consider adding the 'required' modifier or declaring the property as nullable. [C:\Users\giris\Documents\Code\Redesign-POS\Windows Based POS\Magidesk\src\Magidesk.Presentation\Magidesk.Presentation.csproj]
C:\Users\giris\Documents\Code\Redesign-POS\Windows Based POS\Magidesk\src\Magidesk.Presentation\ViewModels\RefundTicketViewModel.cs(64,12): warning CS8618: Non-nullable field '_ticket' must contain a non-null value when exiting constructor. Consider adding the 'required' modifier or declaring the field as nullable. [C:\Users\giris\Documents\Code\Redesign-POS\Windows Based POS\Magidesk\src\Magidesk.Presentation\Magidesk.Presentation.csproj]
C:\Users\giris\Documents\Code\Redesign-POS\Windows Based POS\Magidesk\src\Magidesk.Presentation\ViewModels\RefundTicketViewModel.cs(64,12): warning CS8618: Non-nullable field '_refundReasons' must contain a non-null value when exiting constructor. Consider adding the 'required' modifier or declaring the field as nullable. [C:\Users\giris\Documents\Code\Redesign-POS\Windows Based POS\Magidesk\src\Magidesk.Presentation\Magidesk.Presentation.csproj]
C:\Users\giris\Documents\Code\Redesign-POS\Windows Based POS\Magidesk\src\Magidesk.Presentation\ViewModels\RefundTicketViewModel.cs(64,12): warning CS8618: Non-nullable field '_selectedReason' must contain a non-null value when exiting constructor. Consider adding the 'required' modifier or declaring the field as nullable. [C:\Users\giris\Documents\Code\Redesign-POS\Windows Based POS\Magidesk\src\Magidesk.Presentation\Magidesk.Presentation.csproj]
C:\Users\giris\Documents\Code\Redesign-POS\Windows Based POS\Magidesk\src\Magidesk.Presentation\ViewModels\RefundTicketViewModel.cs(64,12): warning CS8618: Non-nullable field '_errorMessage' must contain a non-null value when exiting constructor. Consider adding the 'required' modifier or declaring the field as nullable. [C:\Users\giris\Documents\Code\Redesign-POS\Windows Based POS\Magidesk\src\Magidesk.Presentation\Magidesk.Presentation.csproj]
C:\Users\giris\Documents\Code\Redesign-POS\Windows Based POS\Magidesk\src\Magidesk.Presentation\ViewModels\RefundTicketViewModel.cs(91,26): warning CS8625: Cannot convert null literal to non-nullable reference type. [C:\Users\giris\Documents\Code\Redesign-POS\Windows Based POS\Magidesk\src\Magidesk.Presentation\Magidesk.Presentation.csproj]
C:\Users\giris\Documents\Code\Redesign-POS\Windows Based POS\Magidesk\src\Magidesk.Presentation\ViewModels\SalesReportsViewModel.cs(118,56): warning CS8622: Nullability of reference types in type of parameter 'range' of 'void SalesReportsViewModel.SetDateRange(string range)' doesn't match the target delegate 'Action<string?>' (possibly because of nullability attributes). [C:\Users\giris\Documents\Code\Redesign-POS\Windows Based POS\Magidesk\src\Magidesk.Presentation\Magidesk.Presentation.csproj]
C:\Users\giris\Documents\Code\Redesign-POS\Windows Based POS\Magidesk\src\Magidesk.Presentation\ViewModels\ServerSectionManagementViewModel.cs(87,9): warning CS4014: Because this call is not awaited, execution of the current method continues before the call is completed. Consider applying the 'await' operator to the result of the call. [C:\Users\giris\Documents\Code\Redesign-POS\Windows Based POS\Magidesk\src\Magidesk.Presentation\Magidesk.Presentation.csproj]
C:\Users\giris\Documents\Code\Redesign-POS\Windows Based POS\Magidesk\src\Magidesk.Presentation\ViewModels\RefundTicketViewModel.cs(109,39): warning CS8602: Dereference of a possibly null reference. [C:\Users\giris\Documents\Code\Redesign-POS\Windows Based POS\Magidesk\src\Magidesk.Presentation\Magidesk.Presentation.csproj]
C:\Users\giris\Documents\Code\Redesign-POS\Windows Based POS\Magidesk\src\Magidesk.Presentation\ViewModels\RefundWizardViewModel.cs(279,55): warning CS8600: Converting null literal or possible null value to non-nullable type. [C:\Users\giris\Documents\Code\Redesign-POS\Windows Based POS\Magidesk\src\Magidesk.Presentation\Magidesk.Presentation.csproj]
C:\Users\giris\Documents\Code\Redesign-POS\Windows Based POS\Magidesk\src\Magidesk.Presentation\ViewModels\SplitTicketViewModel.cs(184,12): warning CS8618: Non-nullable field '_originalTicket' must contain a non-null value when exiting constructor. Consider adding the 'required' modifier or declaring the field as nullable. [C:\Users\giris\Documents\Code\Redesign-POS\Windows Based POS\Magidesk\src\Magidesk.Presentation\Magidesk.Presentation.csproj]
C:\Users\giris\Documents\Code\Redesign-POS\Windows Based POS\Magidesk\src\Magidesk.Presentation\ViewModels\SplitTicketViewModel.cs(184,12): warning CS8618: Non-nullable field '_originalItems' must contain a non-null value when exiting constructor. Consider adding the 'required' modifier or declaring the field as nullable. [C:\Users\giris\Documents\Code\Redesign-POS\Windows Based POS\Magidesk\src\Magidesk.Presentation\Magidesk.Presentation.csproj]
C:\Users\giris\Documents\Code\Redesign-POS\Windows Based POS\Magidesk\src\Magidesk.Presentation\ViewModels\SplitTicketViewModel.cs(184,12): warning CS8618: Non-nullable field '_splitItems' must contain a non-null value when exiting constructor. Consider adding the 'required' modifier or declaring the field as nullable. [C:\Users\giris\Documents\Code\Redesign-POS\Windows Based POS\Magidesk\src\Magidesk.Presentation\Magidesk.Presentation.csproj]
C:\Users\giris\Documents\Code\Redesign-POS\Windows Based POS\Magidesk\src\Magidesk.Presentation\ViewModels\SplitTicketViewModel.cs(184,12): warning CS8618: Non-nullable field '_splitAmounts' must contain a non-null value when exiting constructor. Consider adding the 'required' modifier or declaring the field as nullable. [C:\Users\giris\Documents\Code\Redesign-POS\Windows Based POS\Magidesk\src\Magidesk.Presentation\Magidesk.Presentation.csproj]
C:\Users\giris\Documents\Code\Redesign-POS\Windows Based POS\Magidesk\src\Magidesk.Presentation\ViewModels\SplitTicketViewModel.cs(184,12): warning CS8618: Non-nullable field '_seatGroups' must contain a non-null value when exiting constructor. Consider adding the 'required' modifier or declaring the field as nullable. [C:\Users\giris\Documents\Code\Redesign-POS\Windows Based POS\Magidesk\src\Magidesk.Presentation\Magidesk.Presentation.csproj]
C:\Users\giris\Documents\Code\Redesign-POS\Windows Based POS\Magidesk\src\Magidesk.Presentation\ViewModels\SplitTicketViewModel.cs(184,12): warning CS8618: Non-nullable field '_errorMessage' must contain a non-null value when exiting constructor. Consider adding the 'required' modifier or declaring the field as nullable. [C:\Users\giris\Documents\Code\Redesign-POS\Windows Based POS\Magidesk\src\Magidesk.Presentation\Magidesk.Presentation.csproj]
C:\Users\giris\Documents\Code\Redesign-POS\Windows Based POS\Magidesk\src\Magidesk.Presentation\ViewModels\SwitchboardViewModel.cs(251,35): warning CS8602: Dereference of a possibly null reference. [C:\Users\giris\Documents\Code\Redesign-POS\Windows Based POS\Magidesk\src\Magidesk.Presentation\Magidesk.Presentation.csproj]
C:\Users\giris\Documents\Code\Redesign-POS\Windows Based POS\Magidesk\src\Magidesk.Presentation\ViewModels\SwitchboardViewModel.cs(275,18): warning CS8602: Dereference of a possibly null reference. [C:\Users\giris\Documents\Code\Redesign-POS\Windows Based POS\Magidesk\src\Magidesk.Presentation\Magidesk.Presentation.csproj]
C:\Users\giris\Documents\Code\Redesign-POS\Windows Based POS\Magidesk\src\Magidesk.Presentation\ViewModels\TableSessionViewModel.cs(313,71): warning CS8602: Dereference of a possibly null reference. [C:\Users\giris\Documents\Code\Redesign-POS\Windows Based POS\Magidesk\src\Magidesk.Presentation\Magidesk.Presentation.csproj]
C:\Users\giris\Documents\Code\Redesign-POS\Windows Based POS\Magidesk\src\Magidesk.Presentation\ViewModels\SwitchboardViewModel.cs(295,35): warning CS8602: Dereference of a possibly null reference. [C:\Users\giris\Documents\Code\Redesign-POS\Windows Based POS\Magidesk\src\Magidesk.Presentation\Magidesk.Presentation.csproj]
C:\Users\giris\Documents\Code\Redesign-POS\Windows Based POS\Magidesk\src\Magidesk.Presentation\ViewModels\SwitchboardViewModel.cs(321,18): warning CS8602: Dereference of a possibly null reference. [C:\Users\giris\Documents\Code\Redesign-POS\Windows Based POS\Magidesk\src\Magidesk.Presentation\Magidesk.Presentation.csproj]
C:\Users\giris\Documents\Code\Redesign-POS\Windows Based POS\Magidesk\src\Magidesk.Presentation\ViewModels\OrderPageViewModel.cs(617,38): warning CS8602: Dereference of a possibly null reference. [C:\Users\giris\Documents\Code\Redesign-POS\Windows Based POS\Magidesk\src\Magidesk.Presentation\Magidesk.Presentation.csproj]
C:\Users\giris\Documents\Code\Redesign-POS\Windows Based POS\Magidesk\src\Magidesk.Presentation\ViewModels\SwitchboardViewModel.cs(390,30): warning CS8629: Nullable value type may be null. [C:\Users\giris\Documents\Code\Redesign-POS\Windows Based POS\Magidesk\src\Magidesk.Presentation\Magidesk.Presentation.csproj]
C:\Users\giris\Documents\Code\Redesign-POS\Windows Based POS\Magidesk\src\Magidesk.Presentation\ViewModels\TableMapViewModel.cs(322,44): warning CS8602: Dereference of a possibly null reference. [C:\Users\giris\Documents\Code\Redesign-POS\Windows Based POS\Magidesk\src\Magidesk.Presentation\Magidesk.Presentation.csproj]
C:\Users\giris\Documents\Code\Redesign-POS\Windows Based POS\Magidesk\src\Magidesk.Presentation\ViewModels\TableMapViewModel.cs(340,43): warning CS8602: Dereference of a possibly null reference. [C:\Users\giris\Documents\Code\Redesign-POS\Windows Based POS\Magidesk\src\Magidesk.Presentation\Magidesk.Presentation.csproj]
C:\Users\giris\Documents\Code\Redesign-POS\Windows Based POS\Magidesk\src\Magidesk.Presentation\ViewModels\SwitchboardViewModel.cs(471,27): warning CS8602: Dereference of a possibly null reference. [C:\Users\giris\Documents\Code\Redesign-POS\Windows Based POS\Magidesk\src\Magidesk.Presentation\Magidesk.Presentation.csproj]
C:\Users\giris\Documents\Code\Redesign-POS\Windows Based POS\Magidesk\src\Magidesk.Presentation\ViewModels\SwitchboardViewModel.cs(479,27): warning CS8602: Dereference of a possibly null reference. [C:\Users\giris\Documents\Code\Redesign-POS\Windows Based POS\Magidesk\src\Magidesk.Presentation\Magidesk.Presentation.csproj]
C:\Users\giris\Documents\Code\Redesign-POS\Windows Based POS\Magidesk\src\Magidesk.Presentation\ViewModels\SwitchboardViewModel.cs(487,27): warning CS8602: Dereference of a possibly null reference. [C:\Users\giris\Documents\Code\Redesign-POS\Windows Based POS\Magidesk\src\Magidesk.Presentation\Magidesk.Presentation.csproj]
C:\Users\giris\Documents\Code\Redesign-POS\Windows Based POS\Magidesk\src\Magidesk.Presentation\ViewModels\SwitchboardViewModel.cs(505,31): warning CS8602: Dereference of a possibly null reference. [C:\Users\giris\Documents\Code\Redesign-POS\Windows Based POS\Magidesk\src\Magidesk.Presentation\Magidesk.Presentation.csproj]
C:\Users\giris\Documents\Code\Redesign-POS\Windows Based POS\Magidesk\src\Magidesk.Presentation\ViewModels\SettlePageViewModel.cs(661,21): error CS1503: Argument 2: cannot convert from 'Magidesk.Application.Interfaces.IUserService' to 'Magidesk.Application.Interfaces.IUserContextService' [C:\Users\giris\Documents\Code\Redesign-POS\Windows Based POS\Magidesk\src\Magidesk.Presentation\Magidesk.Presentation.csproj]
C:\Users\giris\Documents\Code\Redesign-POS\Windows Based POS\Magidesk\src\Magidesk.Presentation\ViewModels\SystemConfigViewModel.cs(449,24): warning CS8602: Dereference of a possibly null reference. [C:\Users\giris\Documents\Code\Redesign-POS\Windows Based POS\Magidesk\src\Magidesk.Presentation\Magidesk.Presentation.csproj]
C:\Users\giris\Documents\Code\Redesign-POS\Windows Based POS\Magidesk\src\Magidesk.Presentation\ViewModels\SettlePageViewModel.cs(730,21): error CS1503: Argument 3: cannot convert from 'Magidesk.Application.Interfaces.IUserService' to 'Magidesk.Application.Interfaces.IUserContextService' [C:\Users\giris\Documents\Code\Redesign-POS\Windows Based POS\Magidesk\src\Magidesk.Presentation\Magidesk.Presentation.csproj]
C:\Users\giris\Documents\Code\Redesign-POS\Windows Based POS\Magidesk\src\Magidesk.Presentation\ViewModels\SwitchboardViewModel.cs(594,30): warning CS8629: Nullable value type may be null. [C:\Users\giris\Documents\Code\Redesign-POS\Windows Based POS\Magidesk\src\Magidesk.Presentation\Magidesk.Presentation.csproj]
C:\Users\giris\Documents\Code\Redesign-POS\Windows Based POS\Magidesk\src\Magidesk.Presentation\ViewModels\TableMapViewModel.cs(727,31): warning CS8602: Dereference of a possibly null reference. [C:\Users\giris\Documents\Code\Redesign-POS\Windows Based POS\Magidesk\src\Magidesk.Presentation\Magidesk.Presentation.csproj]
C:\Users\giris\Documents\Code\Redesign-POS\Windows Based POS\Magidesk\src\Magidesk.Presentation\ViewModels\TableMapViewModel.cs(771,31): warning CS8602: Dereference of a possibly null reference. [C:\Users\giris\Documents\Code\Redesign-POS\Windows Based POS\Magidesk\src\Magidesk.Presentation\Magidesk.Presentation.csproj]
C:\Users\giris\Documents\Code\Redesign-POS\Windows Based POS\Magidesk\src\Magidesk.Presentation\ViewModels\TableMapViewModel.cs(854,31): warning CS8602: Dereference of a possibly null reference. [C:\Users\giris\Documents\Code\Redesign-POS\Windows Based POS\Magidesk\src\Magidesk.Presentation\Magidesk.Presentation.csproj]
C:\Users\giris\Documents\Code\Redesign-POS\Windows Based POS\Magidesk\src\Magidesk.Presentation\ViewModels\TableMapViewModel.cs(919,31): warning CS8602: Dereference of a possibly null reference. [C:\Users\giris\Documents\Code\Redesign-POS\Windows Based POS\Magidesk\src\Magidesk.Presentation\Magidesk.Presentation.csproj]
C:\Users\giris\Documents\Code\Redesign-POS\Windows Based POS\Magidesk\src\Magidesk.Presentation\ViewModels\TableMapViewModel.cs(949,28): warning CS8602: Dereference of a possibly null reference. [C:\Users\giris\Documents\Code\Redesign-POS\Windows Based POS\Magidesk\src\Magidesk.Presentation\Magidesk.Presentation.csproj]
C:\Users\giris\Documents\Code\Redesign-POS\Windows Based POS\Magidesk\src\Magidesk.Presentation\ViewModels\TableMapViewModel.cs(1026,28): warning CS8602: Dereference of a possibly null reference. [C:\Users\giris\Documents\Code\Redesign-POS\Windows Based POS\Magidesk\src\Magidesk.Presentation\Magidesk.Presentation.csproj]
C:\Users\giris\Documents\Code\Redesign-POS\Windows Based POS\Magidesk\src\Magidesk.Presentation\ViewModels\OrderPageViewModel.cs(1808,21): error CS1739: The best overload for 'StartTableSessionCommand' does not have a parameter named 'StationId' [C:\Users\giris\Documents\Code\Redesign-POS\Windows Based POS\Magidesk\src\Magidesk.Presentation\Magidesk.Presentation.csproj]
C:\Users\giris\Documents\Code\Redesign-POS\Windows Based POS\Magidesk\src\Magidesk.Presentation\ViewModels\OrderPageViewModel.cs(1919,17): error CS1739: The best overload for 'EndTableSessionCommand' does not have a parameter named 'StationId' [C:\Users\giris\Documents\Code\Redesign-POS\Windows Based POS\Magidesk\src\Magidesk.Presentation\Magidesk.Presentation.csproj]
C:\Users\giris\Documents\Code\Redesign-POS\Windows Based POS\Magidesk\src\Magidesk.Presentation\ViewModels\OrderPageViewModel.cs(2113,21): error CS1503: Argument 3: cannot convert from 'Magidesk.Application.Interfaces.IUserService' to 'Magidesk.Application.Interfaces.IUserContextService' [C:\Users\giris\Documents\Code\Redesign-POS\Windows Based POS\Magidesk\src\Magidesk.Presentation\Magidesk.Presentation.csproj]
C:\Users\giris\Documents\Code\Redesign-POS\Windows Based POS\Magidesk\src\Magidesk.Presentation\ViewModels\TableMapViewModel.cs(177,32): warning CS0067: The event 'TableMapViewModel.RequestShiftStart' is never used [C:\Users\giris\Documents\Code\Redesign-POS\Windows Based POS\Magidesk\src\Magidesk.Presentation\Magidesk.Presentation.csproj]
C:\Users\giris\Documents\Code\Redesign-POS\Windows Based POS\Magidesk\src\Magidesk.Presentation\Controls\EnhancedTableControl.xaml.cs(41,18): warning CS0414: The field 'EnhancedTableControl._isHovering' is assigned but its value is never used [C:\Users\giris\Documents\Code\Redesign-POS\Windows Based POS\Magidesk\src\Magidesk.Presentation\Magidesk.Presentation.csproj]
C:\Users\giris\.nuget\packages\microsoft.windowsappsdk\1.6.240829007\buildTransitive\Microsoft.UI.Xaml.Markup.Compiler.interop.targets(841,9): error MSB3073: The command ""C:\Users\giris\.nuget\packages\microsoft.windowsappsdk\1.6.240829007\buildTransitive\..\tools\net6.0\..\net472\XamlCompiler.exe" "obj\Debug\net8.0-windows10.0.19041.0\\input.json" "obj\Debug\net8.0-windows10.0.19041.0\\output.json"" exited with code 1. [C:\Users\giris\Documents\Code\Redesign-POS\Windows Based POS\Magidesk\src\Magidesk.Presentation\Magidesk.Presentation.csproj]

Build FAILED.

C:\Users\giris\Documents\Code\Redesign-POS\Windows Based POS\Magidesk\src\Magidesk.Presentation\ViewModels\OrderPageViewModel.cs(16,7): warning CS0105: The using directive for 'Magidesk.Presentation.Views.Dialogs' appeared previously in this namespace [C:\Users\giris\Documents\Code\Redesign-POS\Windows Based POS\Magidesk\src\Magidesk.Presentation\Magidesk.Presentation.csproj]
C:\Users\giris\Documents\Code\Redesign-POS\Windows Based POS\Magidesk\src\Magidesk.Presentation\ViewModels\RefundWizardViewModel.cs(9,7): warning CS0105: The using directive for 'Magidesk.Domain.ValueObjects' appeared previously in this namespace [C:\Users\giris\Documents\Code\Redesign-POS\Windows Based POS\Magidesk\src\Magidesk.Presentation\Magidesk.Presentation.csproj]
C:\Users\giris\Documents\Code\Redesign-POS\Windows Based POS\Magidesk\src\Magidesk.Presentation\ViewModels\SettlePageViewModel.cs(14,7): warning CS0105: The using directive for 'Magidesk.Presentation.Views.Dialogs' appeared previously in this namespace [C:\Users\giris\Documents\Code\Redesign-POS\Windows Based POS\Magidesk\src\Magidesk.Presentation\Magidesk.Presentation.csproj]
C:\Users\giris\Documents\Code\Redesign-POS\Windows Based POS\Magidesk\src\Magidesk.Presentation\ViewModels\TicketManagementViewModel.cs(6,7): warning CS0105: The using directive for 'Magidesk.Domain.ValueObjects' appeared previously in this namespace [C:\Users\giris\Documents\Code\Redesign-POS\Windows Based POS\Magidesk\src\Magidesk.Presentation\Magidesk.Presentation.csproj]
C:\Users\giris\Documents\Code\Redesign-POS\Windows Based POS\Magidesk\src\Magidesk.Presentation\Views\OrderPageView.xaml.cs(2,7): warning CS0105: The using directive for 'Magidesk.Presentation.ViewModels' appeared previously in this namespace [C:\Users\giris\Documents\Code\Redesign-POS\Windows Based POS\Magidesk\src\Magidesk.Presentation\Magidesk.Presentation.csproj]
C:\Users\giris\Documents\Code\Redesign-POS\Windows Based POS\Magidesk\src\Magidesk.Presentation\ViewModels\CustomerListViewModel.cs(98,19): warning CS0108: 'CustomerListViewModel.StatusMessage' hides inherited member 'ViewModelBase.StatusMessage'. Use the new keyword if hiding was intended. [C:\Users\giris\Documents\Code\Redesign-POS\Windows Based POS\Magidesk\src\Magidesk.Presentation\Magidesk.Presentation.csproj]
C:\Users\giris\Documents\Code\Redesign-POS\Windows Based POS\Magidesk\src\Magidesk.Presentation\ViewModels\InventoryViewModel.cs(58,19): warning CS0108: 'InventoryViewModel.StatusMessage' hides inherited member 'ViewModelBase.StatusMessage'. Use the new keyword if hiding was intended. [C:\Users\giris\Documents\Code\Redesign-POS\Windows Based POS\Magidesk\src\Magidesk.Presentation\Magidesk.Presentation.csproj]
C:\Users\giris\Documents\Code\Redesign-POS\Windows Based POS\Magidesk\src\Magidesk.Presentation\ViewModels\MenuEditorViewModel.cs(75,19): warning CS0108: 'MenuEditorViewModel.StatusMessage' hides inherited member 'ViewModelBase.StatusMessage'. Use the new keyword if hiding was intended. [C:\Users\giris\Documents\Code\Redesign-POS\Windows Based POS\Magidesk\src\Magidesk.Presentation\Magidesk.Presentation.csproj]
C:\Users\giris\Documents\Code\Redesign-POS\Windows Based POS\Magidesk\src\Magidesk.Presentation\ViewModels\AuthorizationCaptureBatchViewModel.cs(32,19): warning CS0108: 'AuthorizationCaptureBatchViewModel.StatusMessage' hides inherited member 'ViewModelBase.StatusMessage'. Use the new keyword if hiding was intended. [C:\Users\giris\Documents\Code\Redesign-POS\Windows Based POS\Magidesk\src\Magidesk.Presentation\Magidesk.Presentation.csproj]
C:\Users\giris\Documents\Code\Redesign-POS\Windows Based POS\Magidesk\src\Magidesk.Presentation\ViewModels\OrderTypeExplorerViewModel.cs(77,19): warning CS0108: 'OrderTypeExplorerViewModel.StatusMessage' hides inherited member 'ViewModelBase.StatusMessage'. Use the new keyword if hiding was intended. [C:\Users\giris\Documents\Code\Redesign-POS\Windows Based POS\Magidesk\src\Magidesk.Presentation\Magidesk.Presentation.csproj]
C:\Users\giris\Documents\Code\Redesign-POS\Windows Based POS\Magidesk\src\Magidesk.Presentation\ViewModels\ModifierEditorViewModel.cs(67,19): warning CS0108: 'ModifierEditorViewModel.StatusMessage' hides inherited member 'ViewModelBase.StatusMessage'. Use the new keyword if hiding was intended. [C:\Users\giris\Documents\Code\Redesign-POS\Windows Based POS\Magidesk\src\Magidesk.Presentation\Magidesk.Presentation.csproj]
C:\Users\giris\Documents\Code\Redesign-POS\Windows Based POS\Magidesk\src\Magidesk.Presentation\ViewModels\RoleManagementViewModel.cs(70,19): warning CS0108: 'RoleManagementViewModel.StatusMessage' hides inherited member 'ViewModelBase.StatusMessage'. Use the new keyword if hiding was intended. [C:\Users\giris\Documents\Code\Redesign-POS\Windows Based POS\Magidesk\src\Magidesk.Presentation\Magidesk.Presentation.csproj]
C:\Users\giris\Documents\Code\Redesign-POS\Windows Based POS\Magidesk\src\Magidesk.Presentation\ViewModels\ShiftExplorerViewModel.cs(64,19): warning CS0108: 'ShiftExplorerViewModel.StatusMessage' hides inherited member 'ViewModelBase.StatusMessage'. Use the new keyword if hiding was intended. [C:\Users\giris\Documents\Code\Redesign-POS\Windows Based POS\Magidesk\src\Magidesk.Presentation\Magidesk.Presentation.csproj]
C:\Users\giris\Documents\Code\Redesign-POS\Windows Based POS\Magidesk\src\Magidesk.Presentation\ViewModels\SystemConfigViewModel.cs(43,19): warning CS0108: 'SystemConfigViewModel.StatusMessage' hides inherited member 'ViewModelBase.StatusMessage'. Use the new keyword if hiding was intended. [C:\Users\giris\Documents\Code\Redesign-POS\Windows Based POS\Magidesk\src\Magidesk.Presentation\Magidesk.Presentation.csproj]
C:\Users\giris\Documents\Code\Redesign-POS\Windows Based POS\Magidesk\src\Magidesk.Presentation\ViewModels\Dialogs\PromotionScheduleDialogViewModel.cs(46,19): warning CS0108: 'PromotionScheduleDialogViewModel.Title' hides inherited member 'ViewModelBase.Title'. Use the new keyword if hiding was intended. [C:\Users\giris\Documents\Code\Redesign-POS\Windows Based POS\Magidesk\src\Magidesk.Presentation\Magidesk.Presentation.csproj]
C:\Users\giris\Documents\Code\Redesign-POS\Windows Based POS\Magidesk\src\Magidesk.Presentation\ViewModels\UserManagementViewModel.cs(57,19): warning CS0108: 'UserManagementViewModel.StatusMessage' hides inherited member 'ViewModelBase.StatusMessage'. Use the new keyword if hiding was intended. [C:\Users\giris\Documents\Code\Redesign-POS\Windows Based POS\Magidesk\src\Magidesk.Presentation\Magidesk.Presentation.csproj]
C:\Users\giris\Documents\Code\Redesign-POS\Windows Based POS\Magidesk\src\Magidesk.Presentation\Services\DefaultViewRoutingService.cs(56,13): warning CS0162: Unreachable code detected [C:\Users\giris\Documents\Code\Redesign-POS\Windows Based POS\Magidesk\src\Magidesk.Presentation\Magidesk.Presentation.csproj]
C:\Users\giris\Documents\Code\Redesign-POS\Windows Based POS\Magidesk\src\Magidesk.Presentation\App.xaml.cs(53,50): warning CS8622: Nullability of reference types in type of parameter 'sender' of 'void App.TaskScheduler_UnobservedTaskException(object sender, UnobservedTaskExceptionEventArgs e)' doesn't match the target delegate 'EventHandler<UnobservedTaskExceptionEventArgs>' (possibly because of nullability attributes). [C:\Users\giris\Documents\Code\Redesign-POS\Windows Based POS\Magidesk\src\Magidesk.Presentation\Magidesk.Presentation.csproj]
C:\Users\giris\Documents\Code\Redesign-POS\Windows Based POS\Magidesk\src\Magidesk.Presentation\Converters\StringFormatConverter.cs(16,34): warning CS8604: Possible null reference argument for parameter 'format' in 'string string.Format(string format, object? arg0)'. [C:\Users\giris\Documents\Code\Redesign-POS\Windows Based POS\Magidesk\src\Magidesk.Presentation\Magidesk.Presentation.csproj]
C:\Users\giris\Documents\Code\Redesign-POS\Windows Based POS\Magidesk\src\Magidesk.Presentation\ViewModels\BackOfficeViewModel.cs(38,12): warning CS8618: Non-nullable field '_currentPageType' must contain a non-null value when exiting constructor. Consider adding the 'required' modifier or declaring the field as nullable. [C:\Users\giris\Documents\Code\Redesign-POS\Windows Based POS\Magidesk\src\Magidesk.Presentation\Magidesk.Presentation.csproj]
C:\Users\giris\Documents\Code\Redesign-POS\Windows Based POS\Magidesk\src\Magidesk.Presentation\ViewModels\VoidTicketViewModel.cs(62,12): warning CS8618: Non-nullable field '_ticket' must contain a non-null value when exiting constructor. Consider adding the 'required' modifier or declaring the field as nullable. [C:\Users\giris\Documents\Code\Redesign-POS\Windows Based POS\Magidesk\src\Magidesk.Presentation\Magidesk.Presentation.csproj]
C:\Users\giris\Documents\Code\Redesign-POS\Windows Based POS\Magidesk\src\Magidesk.Presentation\ViewModels\VoidTicketViewModel.cs(62,12): warning CS8618: Non-nullable field '_voidReasons' must contain a non-null value when exiting constructor. Consider adding the 'required' modifier or declaring the field as nullable. [C:\Users\giris\Documents\Code\Redesign-POS\Windows Based POS\Magidesk\src\Magidesk.Presentation\Magidesk.Presentation.csproj]
C:\Users\giris\Documents\Code\Redesign-POS\Windows Based POS\Magidesk\src\Magidesk.Presentation\ViewModels\VoidTicketViewModel.cs(62,12): warning CS8618: Non-nullable field '_selectedReason' must contain a non-null value when exiting constructor. Consider adding the 'required' modifier or declaring the field as nullable. [C:\Users\giris\Documents\Code\Redesign-POS\Windows Based POS\Magidesk\src\Magidesk.Presentation\Magidesk.Presentation.csproj]
C:\Users\giris\Documents\Code\Redesign-POS\Windows Based POS\Magidesk\src\Magidesk.Presentation\ViewModels\VoidTicketViewModel.cs(62,12): warning CS8618: Non-nullable field '_errorMessage' must contain a non-null value when exiting constructor. Consider adding the 'required' modifier or declaring the field as nullable. [C:\Users\giris\Documents\Code\Redesign-POS\Windows Based POS\Magidesk\src\Magidesk.Presentation\Magidesk.Presentation.csproj]
C:\Users\giris\Documents\Code\Redesign-POS\Windows Based POS\Magidesk\src\Magidesk.Presentation\ViewModels\VoidTicketViewModel.cs(86,26): warning CS8625: Cannot convert null literal to non-nullable reference type. [C:\Users\giris\Documents\Code\Redesign-POS\Windows Based POS\Magidesk\src\Magidesk.Presentation\Magidesk.Presentation.csproj]
C:\Users\giris\Documents\Code\Redesign-POS\Windows Based POS\Magidesk\src\Magidesk.Presentation\ViewModels\VoidTicketViewModel.cs(104,39): warning CS8602: Dereference of a possibly null reference. [C:\Users\giris\Documents\Code\Redesign-POS\Windows Based POS\Magidesk\src\Magidesk.Presentation\Magidesk.Presentation.csproj]
C:\Users\giris\Documents\Code\Redesign-POS\Windows Based POS\Magidesk\src\Magidesk.Presentation\ViewModels\CashDropManagementViewModel.cs(127,27): warning CS8602: Dereference of a possibly null reference. [C:\Users\giris\Documents\Code\Redesign-POS\Windows Based POS\Magidesk\src\Magidesk.Presentation\Magidesk.Presentation.csproj]
C:\Users\giris\Documents\Code\Redesign-POS\Windows Based POS\Magidesk\src\Magidesk.Presentation\Converters\EnumToStringConverter.cs(21,20): warning CS8603: Possible null reference return. [C:\Users\giris\Documents\Code\Redesign-POS\Windows Based POS\Magidesk\src\Magidesk.Presentation\Magidesk.Presentation.csproj]
C:\Users\giris\Documents\Code\Redesign-POS\Windows Based POS\Magidesk\src\Magidesk.Presentation\Converters\EnumToStringConverter.cs(31,61): warning CS8604: Possible null reference argument for parameter 'input' in 'string Regex.Replace(string input, string pattern, string replacement)'. [C:\Users\giris\Documents\Code\Redesign-POS\Windows Based POS\Magidesk\src\Magidesk.Presentation\Magidesk.Presentation.csproj]
C:\Users\giris\Documents\Code\Redesign-POS\Windows Based POS\Magidesk\src\Magidesk.Presentation\Converters\EnumToBoolConverter.cs(16,16): warning CS8602: Dereference of a possibly null reference. [C:\Users\giris\Documents\Code\Redesign-POS\Windows Based POS\Magidesk\src\Magidesk.Presentation\Magidesk.Presentation.csproj]
C:\Users\giris\Documents\Code\Redesign-POS\Windows Based POS\Magidesk\src\Magidesk.Presentation\Converters\EnumToBoolConverter.cs(26,47): warning CS8604: Possible null reference argument for parameter 'value' in 'object Enum.Parse(Type enumType, string value)'. [C:\Users\giris\Documents\Code\Redesign-POS\Windows Based POS\Magidesk\src\Magidesk.Presentation\Magidesk.Presentation.csproj]
C:\Users\giris\Documents\Code\Redesign-POS\Windows Based POS\Magidesk\src\Magidesk.Presentation\ViewModels\CashDropManagementViewModel.cs(242,39): warning CS8602: Dereference of a possibly null reference. [C:\Users\giris\Documents\Code\Redesign-POS\Windows Based POS\Magidesk\src\Magidesk.Presentation\Magidesk.Presentation.csproj]
C:\Users\giris\Documents\Code\Redesign-POS\Windows Based POS\Magidesk\src\Magidesk.Presentation\Views\Components\VirtualizedTableCanvas.xaml.cs(122,13): warning CS8602: Dereference of a possibly null reference. [C:\Users\giris\Documents\Code\Redesign-POS\Windows Based POS\Magidesk\src\Magidesk.Presentation\Magidesk.Presentation.csproj]
C:\Users\giris\Documents\Code\Redesign-POS\Windows Based POS\Magidesk\src\Magidesk.Presentation\Views\Components\VirtualizedTableCanvas.xaml.cs(127,9): warning CS8602: Dereference of a possibly null reference. [C:\Users\giris\Documents\Code\Redesign-POS\Windows Based POS\Magidesk\src\Magidesk.Presentation\Magidesk.Presentation.csproj]
C:\Users\giris\Documents\Code\Redesign-POS\Windows Based POS\Magidesk\src\Magidesk.Presentation\ViewModels\DiscountManagementViewModel.cs(80,27): warning CS8602: Dereference of a possibly null reference. [C:\Users\giris\Documents\Code\Redesign-POS\Windows Based POS\Magidesk\src\Magidesk.Presentation\Magidesk.Presentation.csproj]
C:\Users\giris\Documents\Code\Redesign-POS\Windows Based POS\Magidesk\src\Magidesk.Presentation\Views\Dialogs\CookingInstructionDialog.xaml.cs(10,12): warning CS8618: Non-nullable property 'ViewModel' must contain a non-null value when exiting constructor. Consider adding the 'required' modifier or declaring the property as nullable. [C:\Users\giris\Documents\Code\Redesign-POS\Windows Based POS\Magidesk\src\Magidesk.Presentation\Magidesk.Presentation.csproj]
C:\Users\giris\Documents\Code\Redesign-POS\Windows Based POS\Magidesk\src\Magidesk.Presentation\ViewModels\ExportImportManagementViewModel.cs(83,9): warning CS4014: Because this call is not awaited, execution of the current method continues before the call is completed. Consider applying the 'await' operator to the result of the call. [C:\Users\giris\Documents\Code\Redesign-POS\Windows Based POS\Magidesk\src\Magidesk.Presentation\Magidesk.Presentation.csproj]
C:\Users\giris\Documents\Code\Redesign-POS\Windows Based POS\Magidesk\src\Magidesk.Presentation\Views\VendorsPage.xaml.cs(21,16): warning CS8602: Dereference of a possibly null reference. [C:\Users\giris\Documents\Code\Redesign-POS\Windows Based POS\Magidesk\src\Magidesk.Presentation\Magidesk.Presentation.csproj]
C:\Users\giris\Documents\Code\Redesign-POS\Windows Based POS\Magidesk\src\Magidesk.Presentation\ViewModels\Dialogs\CookingInstructionViewModel.cs(49,58): warning CS8622: Nullability of reference types in type of parameter 'instruction' of 'void CookingInstructionViewModel.AddInstruction(string instruction)' doesn't match the target delegate 'Action<string?>' (possibly because of nullability attributes). [C:\Users\giris\Documents\Code\Redesign-POS\Windows Based POS\Magidesk\src\Magidesk.Presentation\Magidesk.Presentation.csproj]
C:\Users\giris\Documents\Code\Redesign-POS\Windows Based POS\Magidesk\src\Magidesk.Presentation\ViewModels\DiscountTaxViewModel.cs(201,31): warning CS8602: Dereference of a possibly null reference. [C:\Users\giris\Documents\Code\Redesign-POS\Windows Based POS\Magidesk\src\Magidesk.Presentation\Magidesk.Presentation.csproj]
C:\Users\giris\Documents\Code\Redesign-POS\Windows Based POS\Magidesk\src\Magidesk.Presentation\ViewModels\DrawerPullReportViewModel.cs(206,31): warning CS8602: Dereference of a possibly null reference. [C:\Users\giris\Documents\Code\Redesign-POS\Windows Based POS\Magidesk\src\Magidesk.Presentation\Magidesk.Presentation.csproj]
C:\Users\giris\Documents\Code\Redesign-POS\Windows Based POS\Magidesk\src\Magidesk.Presentation\ViewModels\DrawerPullReportViewModel.cs(242,36): warning CS8602: Dereference of a possibly null reference. [C:\Users\giris\Documents\Code\Redesign-POS\Windows Based POS\Magidesk\src\Magidesk.Presentation\Magidesk.Presentation.csproj]
C:\Users\giris\Documents\Code\Redesign-POS\Windows Based POS\Magidesk\src\Magidesk.Presentation\ViewModels\FloorManagementViewModel.cs(82,9): warning CS4014: Because this call is not awaited, execution of the current method continues before the call is completed. Consider applying the 'await' operator to the result of the call. [C:\Users\giris\Documents\Code\Redesign-POS\Windows Based POS\Magidesk\src\Magidesk.Presentation\Magidesk.Presentation.csproj]
C:\Users\giris\Documents\Code\Redesign-POS\Windows Based POS\Magidesk\src\Magidesk.Presentation\Views\Dialogs\ItemSearchDialog.xaml.cs(10,12): warning CS8618: Non-nullable property 'ViewModel' must contain a non-null value when exiting constructor. Consider adding the 'required' modifier or declaring the property as nullable. [C:\Users\giris\Documents\Code\Redesign-POS\Windows Based POS\Magidesk\src\Magidesk.Presentation\Magidesk.Presentation.csproj]
C:\Users\giris\Documents\Code\Redesign-POS\Windows Based POS\Magidesk\src\Magidesk.Presentation\Views\MenuEditorPage.xaml.cs(15,21): warning CS8601: Possible null reference assignment. [C:\Users\giris\Documents\Code\Redesign-POS\Windows Based POS\Magidesk\src\Magidesk.Presentation\Magidesk.Presentation.csproj]
C:\Users\giris\Documents\Code\Redesign-POS\Windows Based POS\Magidesk\src\Magidesk.Presentation\Views\MenuEditorPage.xaml.cs(12,12): warning CS8618: Non-nullable property 'ViewModel' must contain a non-null value when exiting constructor. Consider adding the 'required' modifier or declaring the property as nullable. [C:\Users\giris\Documents\Code\Redesign-POS\Windows Based POS\Magidesk\src\Magidesk.Presentation\Magidesk.Presentation.csproj]
C:\Users\giris\Documents\Code\Redesign-POS\Windows Based POS\Magidesk\src\Magidesk.Presentation\Views\Dialogs\MergeTicketsDialog.xaml.cs(10,16): warning CS8618: Non-nullable property 'ViewModel' must contain a non-null value when exiting constructor. Consider adding the 'required' modifier or declaring the property as nullable. [C:\Users\giris\Documents\Code\Redesign-POS\Windows Based POS\Magidesk\src\Magidesk.Presentation\Magidesk.Presentation.csproj]
C:\Users\giris\Documents\Code\Redesign-POS\Windows Based POS\Magidesk\src\Magidesk.Presentation\ViewModels\GroupSettleTicketSelectionViewModel.cs(101,24): warning CS8618: Non-nullable field '_ticketNumber' must contain a non-null value when exiting constructor. Consider adding the 'required' modifier or declaring the field as nullable. [C:\Users\giris\Documents\Code\Redesign-POS\Windows Based POS\Magidesk\src\Magidesk.Presentation\Magidesk.Presentation.csproj]
C:\Users\giris\Documents\Code\Redesign-POS\Windows Based POS\Magidesk\src\Magidesk.Presentation\ViewModels\GroupSettleTicketSelectionViewModel.cs(103,24): warning CS8618: Non-nullable field '_tableNumber' must contain a non-null value when exiting constructor. Consider adding the 'required' modifier or declaring the field as nullable. [C:\Users\giris\Documents\Code\Redesign-POS\Windows Based POS\Magidesk\src\Magidesk.Presentation\Magidesk.Presentation.csproj]
C:\Users\giris\Documents\Code\Redesign-POS\Windows Based POS\Magidesk\src\Magidesk.Presentation\Views\Dialogs\TableSelectionDialog.xaml.cs(10,12): warning CS8618: Non-nullable property 'ViewModel' must contain a non-null value when exiting constructor. Consider adding the 'required' modifier or declaring the property as nullable. [C:\Users\giris\Documents\Code\Redesign-POS\Windows Based POS\Magidesk\src\Magidesk.Presentation\Magidesk.Presentation.csproj]
C:\Users\giris\Documents\Code\Redesign-POS\Windows Based POS\Magidesk\src\Magidesk.Presentation\ViewModels\KitchenDisplayViewModel.cs(76,12): warning CS8618: Non-nullable field '_dispatcherQueue' must contain a non-null value when exiting constructor. Consider adding the 'required' modifier or declaring the field as nullable. [C:\Users\giris\Documents\Code\Redesign-POS\Windows Based POS\Magidesk\src\Magidesk.Presentation\Magidesk.Presentation.csproj]
C:\Users\giris\Documents\Code\Redesign-POS\Windows Based POS\Magidesk\src\Magidesk.Presentation\ViewModels\KitchenDisplayViewModel.cs(76,12): warning CS8618: Non-nullable field '_timer' must contain a non-null value when exiting constructor. Consider adding the 'required' modifier or declaring the field as nullable. [C:\Users\giris\Documents\Code\Redesign-POS\Windows Based POS\Magidesk\src\Magidesk.Presentation\Magidesk.Presentation.csproj]
C:\Users\giris\Documents\Code\Redesign-POS\Windows Based POS\Magidesk\src\Magidesk.Presentation\Views\Dialogs\SizeSelectionDialog.xaml.cs(10,12): warning CS8618: Non-nullable property 'ViewModel' must contain a non-null value when exiting constructor. Consider adding the 'required' modifier or declaring the property as nullable. [C:\Users\giris\Documents\Code\Redesign-POS\Windows Based POS\Magidesk\src\Magidesk.Presentation\Magidesk.Presentation.csproj]
C:\Users\giris\Documents\Code\Redesign-POS\Windows Based POS\Magidesk\src\Magidesk.Presentation\Views\Dialogs\PriceEntryDialog.xaml.cs(10,12): warning CS8618: Non-nullable property 'ViewModel' must contain a non-null value when exiting constructor. Consider adding the 'required' modifier or declaring the property as nullable. [C:\Users\giris\Documents\Code\Redesign-POS\Windows Based POS\Magidesk\src\Magidesk.Presentation\Magidesk.Presentation.csproj]
C:\Users\giris\Documents\Code\Redesign-POS\Windows Based POS\Magidesk\src\Magidesk.Presentation\Views\PurchaseOrdersPage.xaml.cs(21,16): warning CS8602: Dereference of a possibly null reference. [C:\Users\giris\Documents\Code\Redesign-POS\Windows Based POS\Magidesk\src\Magidesk.Presentation\Magidesk.Presentation.csproj]
C:\Users\giris\Documents\Code\Redesign-POS\Windows Based POS\Magidesk\src\Magidesk.Presentation\ViewModels\ManagerFunctionsViewModel.cs(56,31): warning CS8602: Dereference of a possibly null reference. [C:\Users\giris\Documents\Code\Redesign-POS\Windows Based POS\Magidesk\src\Magidesk.Presentation\Magidesk.Presentation.csproj]
C:\Users\giris\Documents\Code\Redesign-POS\Windows Based POS\Magidesk\src\Magidesk.Presentation\ViewModels\ManagerFunctionsViewModel.cs(68,31): warning CS8602: Dereference of a possibly null reference. [C:\Users\giris\Documents\Code\Redesign-POS\Windows Based POS\Magidesk\src\Magidesk.Presentation\Magidesk.Presentation.csproj]
C:\Users\giris\Documents\Code\Redesign-POS\Windows Based POS\Magidesk\src\Magidesk.Presentation\ViewModels\ManagerFunctionsViewModel.cs(80,31): warning CS8602: Dereference of a possibly null reference. [C:\Users\giris\Documents\Code\Redesign-POS\Windows Based POS\Magidesk\src\Magidesk.Presentation\Magidesk.Presentation.csproj]
C:\Users\giris\Documents\Code\Redesign-POS\Windows Based POS\Magidesk\src\Magidesk.Presentation\ViewModels\ManagerFunctionsViewModel.cs(103,40): warning CS8602: Dereference of a possibly null reference. [C:\Users\giris\Documents\Code\Redesign-POS\Windows Based POS\Magidesk\src\Magidesk.Presentation\Magidesk.Presentation.csproj]
C:\Users\giris\Documents\Code\Redesign-POS\Windows Based POS\Magidesk\src\Magidesk.Presentation\ViewModels\ManagerFunctionsViewModel.cs(124,28): warning CS8602: Dereference of a possibly null reference. [C:\Users\giris\Documents\Code\Redesign-POS\Windows Based POS\Magidesk\src\Magidesk.Presentation\Magidesk.Presentation.csproj]
C:\Users\giris\Documents\Code\Redesign-POS\Windows Based POS\Magidesk\src\Magidesk.Presentation\ViewModels\TicketManagementViewModel.cs(173,27): warning CS8604: Possible null reference argument for parameter 'source' in 'List<TicketDto> Enumerable.ToList<TicketDto>(IEnumerable<TicketDto> source)'. [C:\Users\giris\Documents\Code\Redesign-POS\Windows Based POS\Magidesk\src\Magidesk.Presentation\Magidesk.Presentation.csproj]
C:\Users\giris\Documents\Code\Redesign-POS\Windows Based POS\Magidesk\src\Magidesk.Presentation\ViewModels\TicketManagementViewModel.cs(211,31): warning CS8602: Dereference of a possibly null reference. [C:\Users\giris\Documents\Code\Redesign-POS\Windows Based POS\Magidesk\src\Magidesk.Presentation\Magidesk.Presentation.csproj]
C:\Users\giris\Documents\Code\Redesign-POS\Windows Based POS\Magidesk\src\Magidesk.Presentation\ViewModels\ManagerFunctionsViewModel.cs(204,40): warning CS8602: Dereference of a possibly null reference. [C:\Users\giris\Documents\Code\Redesign-POS\Windows Based POS\Magidesk\src\Magidesk.Presentation\Magidesk.Presentation.csproj]
C:\Users\giris\Documents\Code\Redesign-POS\Windows Based POS\Magidesk\src\Magidesk.Presentation\ViewModels\ManagerFunctionsViewModel.cs(226,48): warning CS8602: Dereference of a possibly null reference. [C:\Users\giris\Documents\Code\Redesign-POS\Windows Based POS\Magidesk\src\Magidesk.Presentation\Magidesk.Presentation.csproj]
C:\Users\giris\Documents\Code\Redesign-POS\Windows Based POS\Magidesk\src\Magidesk.Presentation\ViewModels\ManagerFunctionsViewModel.cs(241,47): warning CS8602: Dereference of a possibly null reference. [C:\Users\giris\Documents\Code\Redesign-POS\Windows Based POS\Magidesk\src\Magidesk.Presentation\Magidesk.Presentation.csproj]
C:\Users\giris\Documents\Code\Redesign-POS\Windows Based POS\Magidesk\src\Magidesk.Presentation\ViewModels\ManagerFunctionsViewModel.cs(267,40): warning CS8602: Dereference of a possibly null reference. [C:\Users\giris\Documents\Code\Redesign-POS\Windows Based POS\Magidesk\src\Magidesk.Presentation\Magidesk.Presentation.csproj]
C:\Users\giris\Documents\Code\Redesign-POS\Windows Based POS\Magidesk\src\Magidesk.Presentation\ViewModels\LoginViewModel.cs(245,32): warning CS8602: Dereference of a possibly null reference. [C:\Users\giris\Documents\Code\Redesign-POS\Windows Based POS\Magidesk\src\Magidesk.Presentation\Magidesk.Presentation.csproj]
C:\Users\giris\Documents\Code\Redesign-POS\Windows Based POS\Magidesk\src\Magidesk.Presentation\ViewModels\LoginViewModel.cs(265,29): warning CS8602: Dereference of a possibly null reference. [C:\Users\giris\Documents\Code\Redesign-POS\Windows Based POS\Magidesk\src\Magidesk.Presentation\Magidesk.Presentation.csproj]
C:\Users\giris\Documents\Code\Redesign-POS\Windows Based POS\Magidesk\src\Magidesk.Presentation\ViewModels\TicketManagementViewModel.cs(244,31): warning CS8602: Dereference of a possibly null reference. [C:\Users\giris\Documents\Code\Redesign-POS\Windows Based POS\Magidesk\src\Magidesk.Presentation\Magidesk.Presentation.csproj]
C:\Users\giris\Documents\Code\Redesign-POS\Windows Based POS\Magidesk\src\Magidesk.Presentation\ViewModels\ManagerFunctionsViewModel.cs(299,40): warning CS8602: Dereference of a possibly null reference. [C:\Users\giris\Documents\Code\Redesign-POS\Windows Based POS\Magidesk\src\Magidesk.Presentation\Magidesk.Presentation.csproj]
C:\Users\giris\Documents\Code\Redesign-POS\Windows Based POS\Magidesk\src\Magidesk.Presentation\ViewModels\Dialogs\PromotionScheduleDialogViewModel.cs(25,12): warning CS8618: Non-nullable field '_discount' must contain a non-null value when exiting constructor. Consider adding the 'required' modifier or declaring the field as nullable. [C:\Users\giris\Documents\Code\Redesign-POS\Windows Based POS\Magidesk\src\Magidesk.Presentation\Magidesk.Presentation.csproj]
C:\Users\giris\Documents\Code\Redesign-POS\Windows Based POS\Magidesk\src\Magidesk.Presentation\ViewModels\Dialogs\PriceEntryViewModel.cs(40,55): warning CS8622: Nullability of reference types in type of parameter 'digit' of 'void PriceEntryViewModel.AppendDigit(string digit)' doesn't match the target delegate 'Action<string?>' (possibly because of nullability attributes). [C:\Users\giris\Documents\Code\Redesign-POS\Windows Based POS\Magidesk\src\Magidesk.Presentation\Magidesk.Presentation.csproj]
C:\Users\giris\Documents\Code\Redesign-POS\Windows Based POS\Magidesk\src\Magidesk.Presentation\ViewModels\LoginViewModel.cs(351,29): warning CS8602: Dereference of a possibly null reference. [C:\Users\giris\Documents\Code\Redesign-POS\Windows Based POS\Magidesk\src\Magidesk.Presentation\Magidesk.Presentation.csproj]
C:\Users\giris\Documents\Code\Redesign-POS\Windows Based POS\Magidesk\src\Magidesk.Presentation\ViewModels\LoginViewModel.cs(366,31): warning CS8602: Dereference of a possibly null reference. [C:\Users\giris\Documents\Code\Redesign-POS\Windows Based POS\Magidesk\src\Magidesk.Presentation\Magidesk.Presentation.csproj]
C:\Users\giris\Documents\Code\Redesign-POS\Windows Based POS\Magidesk\src\Magidesk.Presentation\ViewModels\OpenTicketsListViewModel.cs(127,24): warning CS8602: Dereference of a possibly null reference. [C:\Users\giris\Documents\Code\Redesign-POS\Windows Based POS\Magidesk\src\Magidesk.Presentation\Magidesk.Presentation.csproj]
C:\Users\giris\Documents\Code\Redesign-POS\Windows Based POS\Magidesk\src\Magidesk.Presentation\ViewModels\OpenTicketsListViewModel.cs(175,27): warning CS8602: Dereference of a possibly null reference. [C:\Users\giris\Documents\Code\Redesign-POS\Windows Based POS\Magidesk\src\Magidesk.Presentation\Magidesk.Presentation.csproj]
C:\Users\giris\Documents\Code\Redesign-POS\Windows Based POS\Magidesk\src\Magidesk.Presentation\ViewModels\OpenTicketsListViewModel.cs(188,27): warning CS8602: Dereference of a possibly null reference. [C:\Users\giris\Documents\Code\Redesign-POS\Windows Based POS\Magidesk\src\Magidesk.Presentation\Magidesk.Presentation.csproj]
C:\Users\giris\Documents\Code\Redesign-POS\Windows Based POS\Magidesk\src\Magidesk.Presentation\ViewModels\PurchaseOrderViewModel.cs(50,12): warning CS8618: Non-nullable property 'AddLineCommand' must contain a non-null value when exiting constructor. Consider adding the 'required' modifier or declaring the property as nullable. [C:\Users\giris\Documents\Code\Redesign-POS\Windows Based POS\Magidesk\src\Magidesk.Presentation\Magidesk.Presentation.csproj]
C:\Users\giris\Documents\Code\Redesign-POS\Windows Based POS\Magidesk\src\Magidesk.Presentation\ViewModels\RefundTicketViewModel.cs(64,12): warning CS8618: Non-nullable field '_ticket' must contain a non-null value when exiting constructor. Consider adding the 'required' modifier or declaring the field as nullable. [C:\Users\giris\Documents\Code\Redesign-POS\Windows Based POS\Magidesk\src\Magidesk.Presentation\Magidesk.Presentation.csproj]
C:\Users\giris\Documents\Code\Redesign-POS\Windows Based POS\Magidesk\src\Magidesk.Presentation\ViewModels\RefundTicketViewModel.cs(64,12): warning CS8618: Non-nullable field '_refundReasons' must contain a non-null value when exiting constructor. Consider adding the 'required' modifier or declaring the field as nullable. [C:\Users\giris\Documents\Code\Redesign-POS\Windows Based POS\Magidesk\src\Magidesk.Presentation\Magidesk.Presentation.csproj]
C:\Users\giris\Documents\Code\Redesign-POS\Windows Based POS\Magidesk\src\Magidesk.Presentation\ViewModels\RefundTicketViewModel.cs(64,12): warning CS8618: Non-nullable field '_selectedReason' must contain a non-null value when exiting constructor. Consider adding the 'required' modifier or declaring the field as nullable. [C:\Users\giris\Documents\Code\Redesign-POS\Windows Based POS\Magidesk\src\Magidesk.Presentation\Magidesk.Presentation.csproj]
C:\Users\giris\Documents\Code\Redesign-POS\Windows Based POS\Magidesk\src\Magidesk.Presentation\ViewModels\RefundTicketViewModel.cs(64,12): warning CS8618: Non-nullable field '_errorMessage' must contain a non-null value when exiting constructor. Consider adding the 'required' modifier or declaring the field as nullable. [C:\Users\giris\Documents\Code\Redesign-POS\Windows Based POS\Magidesk\src\Magidesk.Presentation\Magidesk.Presentation.csproj]
C:\Users\giris\Documents\Code\Redesign-POS\Windows Based POS\Magidesk\src\Magidesk.Presentation\ViewModels\RefundTicketViewModel.cs(91,26): warning CS8625: Cannot convert null literal to non-nullable reference type. [C:\Users\giris\Documents\Code\Redesign-POS\Windows Based POS\Magidesk\src\Magidesk.Presentation\Magidesk.Presentation.csproj]
C:\Users\giris\Documents\Code\Redesign-POS\Windows Based POS\Magidesk\src\Magidesk.Presentation\ViewModels\SalesReportsViewModel.cs(118,56): warning CS8622: Nullability of reference types in type of parameter 'range' of 'void SalesReportsViewModel.SetDateRange(string range)' doesn't match the target delegate 'Action<string?>' (possibly because of nullability attributes). [C:\Users\giris\Documents\Code\Redesign-POS\Windows Based POS\Magidesk\src\Magidesk.Presentation\Magidesk.Presentation.csproj]
C:\Users\giris\Documents\Code\Redesign-POS\Windows Based POS\Magidesk\src\Magidesk.Presentation\ViewModels\ServerSectionManagementViewModel.cs(87,9): warning CS4014: Because this call is not awaited, execution of the current method continues before the call is completed. Consider applying the 'await' operator to the result of the call. [C:\Users\giris\Documents\Code\Redesign-POS\Windows Based POS\Magidesk\src\Magidesk.Presentation\Magidesk.Presentation.csproj]
C:\Users\giris\Documents\Code\Redesign-POS\Windows Based POS\Magidesk\src\Magidesk.Presentation\ViewModels\RefundTicketViewModel.cs(109,39): warning CS8602: Dereference of a possibly null reference. [C:\Users\giris\Documents\Code\Redesign-POS\Windows Based POS\Magidesk\src\Magidesk.Presentation\Magidesk.Presentation.csproj]
C:\Users\giris\Documents\Code\Redesign-POS\Windows Based POS\Magidesk\src\Magidesk.Presentation\ViewModels\RefundWizardViewModel.cs(279,55): warning CS8600: Converting null literal or possible null value to non-nullable type. [C:\Users\giris\Documents\Code\Redesign-POS\Windows Based POS\Magidesk\src\Magidesk.Presentation\Magidesk.Presentation.csproj]
C:\Users\giris\Documents\Code\Redesign-POS\Windows Based POS\Magidesk\src\Magidesk.Presentation\ViewModels\SplitTicketViewModel.cs(184,12): warning CS8618: Non-nullable field '_originalTicket' must contain a non-null value when exiting constructor. Consider adding the 'required' modifier or declaring the field as nullable. [C:\Users\giris\Documents\Code\Redesign-POS\Windows Based POS\Magidesk\src\Magidesk.Presentation\Magidesk.Presentation.csproj]
C:\Users\giris\Documents\Code\Redesign-POS\Windows Based POS\Magidesk\src\Magidesk.Presentation\ViewModels\SplitTicketViewModel.cs(184,12): warning CS8618: Non-nullable field '_originalItems' must contain a non-null value when exiting constructor. Consider adding the 'required' modifier or declaring the field as nullable. [C:\Users\giris\Documents\Code\Redesign-POS\Windows Based POS\Magidesk\src\Magidesk.Presentation\Magidesk.Presentation.csproj]
C:\Users\giris\Documents\Code\Redesign-POS\Windows Based POS\Magidesk\src\Magidesk.Presentation\ViewModels\SplitTicketViewModel.cs(184,12): warning CS8618: Non-nullable field '_splitItems' must contain a non-null value when exiting constructor. Consider adding the 'required' modifier or declaring the field as nullable. [C:\Users\giris\Documents\Code\Redesign-POS\Windows Based POS\Magidesk\src\Magidesk.Presentation\Magidesk.Presentation.csproj]
C:\Users\giris\Documents\Code\Redesign-POS\Windows Based POS\Magidesk\src\Magidesk.Presentation\ViewModels\SplitTicketViewModel.cs(184,12): warning CS8618: Non-nullable field '_splitAmounts' must contain a non-null value when exiting constructor. Consider adding the 'required' modifier or declaring the field as nullable. [C:\Users\giris\Documents\Code\Redesign-POS\Windows Based POS\Magidesk\src\Magidesk.Presentation\Magidesk.Presentation.csproj]
C:\Users\giris\Documents\Code\Redesign-POS\Windows Based POS\Magidesk\src\Magidesk.Presentation\ViewModels\SplitTicketViewModel.cs(184,12): warning CS8618: Non-nullable field '_seatGroups' must contain a non-null value when exiting constructor. Consider adding the 'required' modifier or declaring the field as nullable. [C:\Users\giris\Documents\Code\Redesign-POS\Windows Based POS\Magidesk\src\Magidesk.Presentation\Magidesk.Presentation.csproj]
C:\Users\giris\Documents\Code\Redesign-POS\Windows Based POS\Magidesk\src\Magidesk.Presentation\ViewModels\SplitTicketViewModel.cs(184,12): warning CS8618: Non-nullable field '_errorMessage' must contain a non-null value when exiting constructor. Consider adding the 'required' modifier or declaring the field as nullable. [C:\Users\giris\Documents\Code\Redesign-POS\Windows Based POS\Magidesk\src\Magidesk.Presentation\Magidesk.Presentation.csproj]
C:\Users\giris\Documents\Code\Redesign-POS\Windows Based POS\Magidesk\src\Magidesk.Presentation\ViewModels\SwitchboardViewModel.cs(251,35): warning CS8602: Dereference of a possibly null reference. [C:\Users\giris\Documents\Code\Redesign-POS\Windows Based POS\Magidesk\src\Magidesk.Presentation\Magidesk.Presentation.csproj]
C:\Users\giris\Documents\Code\Redesign-POS\Windows Based POS\Magidesk\src\Magidesk.Presentation\ViewModels\SwitchboardViewModel.cs(275,18): warning CS8602: Dereference of a possibly null reference. [C:\Users\giris\Documents\Code\Redesign-POS\Windows Based POS\Magidesk\src\Magidesk.Presentation\Magidesk.Presentation.csproj]
C:\Users\giris\Documents\Code\Redesign-POS\Windows Based POS\Magidesk\src\Magidesk.Presentation\ViewModels\TableSessionViewModel.cs(313,71): warning CS8602: Dereference of a possibly null reference. [C:\Users\giris\Documents\Code\Redesign-POS\Windows Based POS\Magidesk\src\Magidesk.Presentation\Magidesk.Presentation.csproj]
C:\Users\giris\Documents\Code\Redesign-POS\Windows Based POS\Magidesk\src\Magidesk.Presentation\ViewModels\SwitchboardViewModel.cs(295,35): warning CS8602: Dereference of a possibly null reference. [C:\Users\giris\Documents\Code\Redesign-POS\Windows Based POS\Magidesk\src\Magidesk.Presentation\Magidesk.Presentation.csproj]
C:\Users\giris\Documents\Code\Redesign-POS\Windows Based POS\Magidesk\src\Magidesk.Presentation\ViewModels\SwitchboardViewModel.cs(321,18): warning CS8602: Dereference of a possibly null reference. [C:\Users\giris\Documents\Code\Redesign-POS\Windows Based POS\Magidesk\src\Magidesk.Presentation\Magidesk.Presentation.csproj]
C:\Users\giris\Documents\Code\Redesign-POS\Windows Based POS\Magidesk\src\Magidesk.Presentation\ViewModels\OrderPageViewModel.cs(617,38): warning CS8602: Dereference of a possibly null reference. [C:\Users\giris\Documents\Code\Redesign-POS\Windows Based POS\Magidesk\src\Magidesk.Presentation\Magidesk.Presentation.csproj]
C:\Users\giris\Documents\Code\Redesign-POS\Windows Based POS\Magidesk\src\Magidesk.Presentation\ViewModels\SwitchboardViewModel.cs(390,30): warning CS8629: Nullable value type may be null. [C:\Users\giris\Documents\Code\Redesign-POS\Windows Based POS\Magidesk\src\Magidesk.Presentation\Magidesk.Presentation.csproj]
C:\Users\giris\Documents\Code\Redesign-POS\Windows Based POS\Magidesk\src\Magidesk.Presentation\ViewModels\TableMapViewModel.cs(322,44): warning CS8602: Dereference of a possibly null reference. [C:\Users\giris\Documents\Code\Redesign-POS\Windows Based POS\Magidesk\src\Magidesk.Presentation\Magidesk.Presentation.csproj]
C:\Users\giris\Documents\Code\Redesign-POS\Windows Based POS\Magidesk\src\Magidesk.Presentation\ViewModels\TableMapViewModel.cs(340,43): warning CS8602: Dereference of a possibly null reference. [C:\Users\giris\Documents\Code\Redesign-POS\Windows Based POS\Magidesk\src\Magidesk.Presentation\Magidesk.Presentation.csproj]
C:\Users\giris\Documents\Code\Redesign-POS\Windows Based POS\Magidesk\src\Magidesk.Presentation\ViewModels\SwitchboardViewModel.cs(471,27): warning CS8602: Dereference of a possibly null reference. [C:\Users\giris\Documents\Code\Redesign-POS\Windows Based POS\Magidesk\src\Magidesk.Presentation\Magidesk.Presentation.csproj]
C:\Users\giris\Documents\Code\Redesign-POS\Windows Based POS\Magidesk\src\Magidesk.Presentation\ViewModels\SwitchboardViewModel.cs(479,27): warning CS8602: Dereference of a possibly null reference. [C:\Users\giris\Documents\Code\Redesign-POS\Windows Based POS\Magidesk\src\Magidesk.Presentation\Magidesk.Presentation.csproj]
C:\Users\giris\Documents\Code\Redesign-POS\Windows Based POS\Magidesk\src\Magidesk.Presentation\ViewModels\SwitchboardViewModel.cs(487,27): warning CS8602: Dereference of a possibly null reference. [C:\Users\giris\Documents\Code\Redesign-POS\Windows Based POS\Magidesk\src\Magidesk.Presentation\Magidesk.Presentation.csproj]
C:\Users\giris\Documents\Code\Redesign-POS\Windows Based POS\Magidesk\src\Magidesk.Presentation\ViewModels\SwitchboardViewModel.cs(505,31): warning CS8602: Dereference of a possibly null reference. [C:\Users\giris\Documents\Code\Redesign-POS\Windows Based POS\Magidesk\src\Magidesk.Presentation\Magidesk.Presentation.csproj]
C:\Users\giris\Documents\Code\Redesign-POS\Windows Based POS\Magidesk\src\Magidesk.Presentation\ViewModels\SystemConfigViewModel.cs(449,24): warning CS8602: Dereference of a possibly null reference. [C:\Users\giris\Documents\Code\Redesign-POS\Windows Based POS\Magidesk\src\Magidesk.Presentation\Magidesk.Presentation.csproj]
C:\Users\giris\Documents\Code\Redesign-POS\Windows Based POS\Magidesk\src\Magidesk.Presentation\ViewModels\SwitchboardViewModel.cs(594,30): warning CS8629: Nullable value type may be null. [C:\Users\giris\Documents\Code\Redesign-POS\Windows Based POS\Magidesk\src\Magidesk.Presentation\Magidesk.Presentation.csproj]
C:\Users\giris\Documents\Code\Redesign-POS\Windows Based POS\Magidesk\src\Magidesk.Presentation\ViewModels\TableMapViewModel.cs(727,31): warning CS8602: Dereference of a possibly null reference. [C:\Users\giris\Documents\Code\Redesign-POS\Windows Based POS\Magidesk\src\Magidesk.Presentation\Magidesk.Presentation.csproj]
C:\Users\giris\Documents\Code\Redesign-POS\Windows Based POS\Magidesk\src\Magidesk.Presentation\ViewModels\TableMapViewModel.cs(771,31): warning CS8602: Dereference of a possibly null reference. [C:\Users\giris\Documents\Code\Redesign-POS\Windows Based POS\Magidesk\src\Magidesk.Presentation\Magidesk.Presentation.csproj]
C:\Users\giris\Documents\Code\Redesign-POS\Windows Based POS\Magidesk\src\Magidesk.Presentation\ViewModels\TableMapViewModel.cs(854,31): warning CS8602: Dereference of a possibly null reference. [C:\Users\giris\Documents\Code\Redesign-POS\Windows Based POS\Magidesk\src\Magidesk.Presentation\Magidesk.Presentation.csproj]
C:\Users\giris\Documents\Code\Redesign-POS\Windows Based POS\Magidesk\src\Magidesk.Presentation\ViewModels\TableMapViewModel.cs(919,31): warning CS8602: Dereference of a possibly null reference. [C:\Users\giris\Documents\Code\Redesign-POS\Windows Based POS\Magidesk\src\Magidesk.Presentation\Magidesk.Presentation.csproj]
C:\Users\giris\Documents\Code\Redesign-POS\Windows Based POS\Magidesk\src\Magidesk.Presentation\ViewModels\TableMapViewModel.cs(949,28): warning CS8602: Dereference of a possibly null reference. [C:\Users\giris\Documents\Code\Redesign-POS\Windows Based POS\Magidesk\src\Magidesk.Presentation\Magidesk.Presentation.csproj]
C:\Users\giris\Documents\Code\Redesign-POS\Windows Based POS\Magidesk\src\Magidesk.Presentation\ViewModels\TableMapViewModel.cs(1026,28): warning CS8602: Dereference of a possibly null reference. [C:\Users\giris\Documents\Code\Redesign-POS\Windows Based POS\Magidesk\src\Magidesk.Presentation\Magidesk.Presentation.csproj]
C:\Users\giris\Documents\Code\Redesign-POS\Windows Based POS\Magidesk\src\Magidesk.Presentation\ViewModels\TableMapViewModel.cs(177,32): warning CS0067: The event 'TableMapViewModel.RequestShiftStart' is never used [C:\Users\giris\Documents\Code\Redesign-POS\Windows Based POS\Magidesk\src\Magidesk.Presentation\Magidesk.Presentation.csproj]
C:\Users\giris\Documents\Code\Redesign-POS\Windows Based POS\Magidesk\src\Magidesk.Presentation\Controls\EnhancedTableControl.xaml.cs(41,18): warning CS0414: The field 'EnhancedTableControl._isHovering' is assigned but its value is never used [C:\Users\giris\Documents\Code\Redesign-POS\Windows Based POS\Magidesk\src\Magidesk.Presentation\Magidesk.Presentation.csproj]
C:\Users\giris\Documents\Code\Redesign-POS\Windows Based POS\Magidesk\src\Magidesk.Presentation\ViewModels\SettlePageViewModel.cs(661,21): error CS1503: Argument 2: cannot convert from 'Magidesk.Application.Interfaces.IUserService' to 'Magidesk.Application.Interfaces.IUserContextService' [C:\Users\giris\Documents\Code\Redesign-POS\Windows Based POS\Magidesk\src\Magidesk.Presentation\Magidesk.Presentation.csproj]
C:\Users\giris\Documents\Code\Redesign-POS\Windows Based POS\Magidesk\src\Magidesk.Presentation\ViewModels\SettlePageViewModel.cs(730,21): error CS1503: Argument 3: cannot convert from 'Magidesk.Application.Interfaces.IUserService' to 'Magidesk.Application.Interfaces.IUserContextService' [C:\Users\giris\Documents\Code\Redesign-POS\Windows Based POS\Magidesk\src\Magidesk.Presentation\Magidesk.Presentation.csproj]
C:\Users\giris\Documents\Code\Redesign-POS\Windows Based POS\Magidesk\src\Magidesk.Presentation\ViewModels\OrderPageViewModel.cs(1808,21): error CS1739: The best overload for 'StartTableSessionCommand' does not have a parameter named 'StationId' [C:\Users\giris\Documents\Code\Redesign-POS\Windows Based POS\Magidesk\src\Magidesk.Presentation\Magidesk.Presentation.csproj]
C:\Users\giris\Documents\Code\Redesign-POS\Windows Based POS\Magidesk\src\Magidesk.Presentation\ViewModels\OrderPageViewModel.cs(1919,17): error CS1739: The best overload for 'EndTableSessionCommand' does not have a parameter named 'StationId' [C:\Users\giris\Documents\Code\Redesign-POS\Windows Based POS\Magidesk\src\Magidesk.Presentation\Magidesk.Presentation.csproj]
C:\Users\giris\Documents\Code\Redesign-POS\Windows Based POS\Magidesk\src\Magidesk.Presentation\ViewModels\OrderPageViewModel.cs(2113,21): error CS1503: Argument 3: cannot convert from 'Magidesk.Application.Interfaces.IUserService' to 'Magidesk.Application.Interfaces.IUserContextService' [C:\Users\giris\Documents\Code\Redesign-POS\Windows Based POS\Magidesk\src\Magidesk.Presentation\Magidesk.Presentation.csproj]
C:\Users\giris\.nuget\packages\microsoft.windowsappsdk\1.6.240829007\buildTransitive\Microsoft.UI.Xaml.Markup.Compiler.interop.targets(841,9): error MSB3073: The command ""C:\Users\giris\.nuget\packages\microsoft.windowsappsdk\1.6.240829007\buildTransitive\..\tools\net6.0\..\net472\XamlCompiler.exe" "obj\Debug\net8.0-windows10.0.19041.0\\input.json" "obj\Debug\net8.0-windows10.0.19041.0\\output.json"" exited with code 1. [C:\Users\giris\Documents\Code\Redesign-POS\Windows Based POS\Magidesk\src\Magidesk.Presentation\Magidesk.Presentation.csproj]
    116 Warning(s)
    6 Error(s)

Time Elapsed 00:00:06.09
