Build started 1/3/2026 9:24:42 PM.
Logging verbosity is set to: Detailed.     0>Process = "C:\Program Files\dotnet\dotnet.exe"
       MSBuild executable path = "C:\Program Files\dotnet\sdk\10.0.101\MSBuild.dll"
       Command line arguments = "C:\Program Files\dotnet\sdk\10.0.101\MSBuild.dll -maxcpucount --verbosity:m -tlp:default=auto --property:NuGetInteractive=true --restoreProperty:NuGetInteractive=true --restoreProperty:EnableDefaultCompileItems=false --restoreProperty:EnableDefaultEmbeddedResourceItems=false --restoreProperty:EnableDefaultNoneItems=false Magidesk.Presentation.csproj -fl -flp:logfile=build_errors.log -consoleloggerparameters:Summary -restore -distributedlogger:Microsoft.DotNet.Cli.Commands.MSBuild.MSBuildLogger,C:\Program Files\dotnet\sdk\10.0.101\dotnet.dll*Microsoft.DotNet.Cli.Commands.MSBuild.MSBuildForwardingLogger,C:\Program Files\dotnet\sdk\10.0.101\dotnet.dll -nologo"
       Current directory = "C:\Users\giris\Documents\Code\Redesign-POS\Windows Based POS\Magidesk"
       MSBuild version = "18.0.6+fad253f51"
       Based on the Windows registry key LongPathsEnabled, the LongPaths feature is enabled.
       Based on the Windows registry key VerifiedAndReputablePolicyState, SAC state = 0: turned off.
       The SDK "Microsoft.NET.Sdk" was successfully resolved by the "DefaultSdkResolver" resolver to location "C:\Program Files\dotnet\sdk\10.0.101\Sdks\Microsoft.NET.Sdk\Sdk" and version "".
       C:\Program Files\dotnet\sdk\10.0.101\Sdks\Microsoft.NET.Sdk\Sdk\Sdk.props(49,11): message : Property 'MSBuildExtensionsPath' with value 'C:\Program Files\dotnet\sdk\10.0.101\' expanded from the environment.
       C:\Program Files\dotnet\sdk\10.0.101\Current\Microsoft.Common.props(60,5): message : Property reassignment: $(MSBuildProjectExtensionsPath)="C:\Users\giris\Documents\Code\Redesign-POS\Windows Based POS\Magidesk\obj\" (previous value: "obj\") at C:\Program Files\dotnet\sdk\10.0.101\Current\Microsoft.Common.props (60,5)
       C:\Program Files\dotnet\sdk\10.0.101\Current\Microsoft.Common.props(84,119): message : Property 'MSBuildUserExtensionsPath' with value 'C:\Users\giris\AppData\Local\Microsoft\MSBuild' expanded from the environment.
       Assembly loaded during Evaluation: System.Threading.Tasks.Parallel, Version=10.0.0.0, Culture=neutral, PublicKeyToken=b03f5f7f11d50a3a (location: C:\Program Files\dotnet\shared\Microsoft.NETCore.App\10.0.1\System.Threading.Tasks.Parallel.dll, MVID: c0c31281-a1da-475c-91e3-f539049c5ef1, AssemblyLoadContext: Default)
       C:\Program Files\dotnet\sdk\10.0.101\Sdks\Microsoft.NET.Sdk\targets\Microsoft.NET.Sdk.props(90,5): message : Property reassignment: $(AssemblySearchPaths)="{CandidateAssemblyFiles};{HintPathFromItem}" (previous value: "{CandidateAssemblyFiles}") at C:\Program Files\dotnet\sdk\10.0.101\Sdks\Microsoft.NET.Sdk\targets\Microsoft.NET.Sdk.props (90,5)
       C:\Program Files\dotnet\sdk\10.0.101\Sdks\Microsoft.NET.Sdk\targets\Microsoft.NET.Sdk.props(91,5): message : Property reassignment: $(AssemblySearchPaths)="{CandidateAssemblyFiles};{HintPathFromItem};{TargetFrameworkDirectory}" (previous value: "{CandidateAssemblyFiles};{HintPathFromItem}") at C:\Program Files\dotnet\sdk\10.0.101\Sdks\Microsoft.NET.Sdk\targets\Microsoft.NET.Sdk.props (91,5)
       C:\Program Files\dotnet\sdk\10.0.101\Sdks\Microsoft.NET.Sdk\targets\Microsoft.NET.Sdk.props(92,5): message : Property reassignment: $(AssemblySearchPaths)="{CandidateAssemblyFiles};{HintPathFromItem};{TargetFrameworkDirectory};{RawFileName}" (previous value: "{CandidateAssemblyFiles};{HintPathFromItem};{TargetFrameworkDirectory}") at C:\Program Files\dotnet\sdk\10.0.101\Sdks\Microsoft.NET.Sdk\targets\Microsoft.NET.Sdk.props (92,5)
       The "DefaultSdkResolver" resolver attempted to resolve the SDK "Microsoft.NET.SDK.WorkloadAutoImportPropsLocator".
       Warnings: null
       Errors: MSB4276: The default SDK resolver failed to resolve SDK "Microsoft.NET.SDK.WorkloadAutoImportPropsLocator" because directory "C:\Program Files\dotnet\sdk\10.0.101\Sdks\Microsoft.NET.SDK.WorkloadAutoImportPropsLocator\Sdk" did not exist.
       Assembly loaded during Evaluation: Microsoft.Build.NuGetSdkResolver, Version=7.0.0.0, Culture=neutral, PublicKeyToken=31bf3856ad364e35 (location: C:\Program Files\dotnet\sdk\10.0.101\Microsoft.Build.NuGetSdkResolver.dll, MVID: 3aed13f2-41a4-4f79-9ae7-f91c942ed8e5, AssemblyLoadContext: MSBuild plugin C:\Program Files\dotnet\sdk\10.0.101\Microsoft.Build.NuGetSdkResolver.dll)
       Assembly loaded during Evaluation: System.Reflection.Metadata, Version=10.0.0.0, Culture=neutral, PublicKeyToken=b03f5f7f11d50a3a (location: C:\Program Files\dotnet\shared\Microsoft.NETCore.App\10.0.1\System.Reflection.Metadata.dll, MVID: 3dffb579-478e-4936-a66f-3cf5f722eefe, AssemblyLoadContext: Default)
       Assembly loaded during Evaluation: NuGet.Common, Version=7.0.0.0, Culture=neutral, PublicKeyToken=31bf3856ad364e35 (location: C:\Program Files\dotnet\sdk\10.0.101\NuGet.Common.dll, MVID: e68f94a8-8ead-49da-8d66-ddbffff51250, AssemblyLoadContext: MSBuild plugin C:\Program Files\dotnet\sdk\10.0.101\Microsoft.Build.NuGetSdkResolver.dll)
       Assembly loaded during Evaluation: Microsoft.NET.Sdk.WorkloadMSBuildSdkResolver, Version=10.0.101.0, Culture=neutral, PublicKeyToken=31bf3856ad364e35 (location: C:\Program Files\dotnet\sdk\10.0.101\Microsoft.NET.Sdk.WorkloadMSBuildSdkResolver.dll, MVID: 5c8a4c6d-b406-4bd0-9e3f-8370848cd2cb, AssemblyLoadContext: MSBuild plugin C:\Program Files\dotnet\sdk\10.0.101\Microsoft.NET.Sdk.WorkloadMSBuildSdkResolver.dll)
       Assembly loaded during Evaluation: Microsoft.DotNet.Cli.Utils, Version=10.0.101.0, Culture=neutral, PublicKeyToken=adb9793829ddae60 (location: C:\Program Files\dotnet\sdk\10.0.101\Microsoft.DotNet.Cli.Utils.dll, MVID: 0a4ee92c-4a3d-4297-a04d-19c4cdd0f8a2, AssemblyLoadContext: MSBuild plugin C:\Program Files\dotnet\sdk\10.0.101\Microsoft.NET.Sdk.WorkloadMSBuildSdkResolver.dll)
       Assembly loaded during Evaluation: Microsoft.NET.Sdk.WorkloadManifestReader, Version=10.0.101.0, Culture=neutral, PublicKeyToken=adb9793829ddae60 (location: C:\Program Files\dotnet\sdk\10.0.101\Microsoft.NET.Sdk.WorkloadManifestReader.dll, MVID: 2c78410a-8ec2-4806-a829-c831cba84d97, AssemblyLoadContext: MSBuild plugin C:\Program Files\dotnet\sdk\10.0.101\Microsoft.NET.Sdk.WorkloadMSBuildSdkResolver.dll)
       Assembly loaded during Evaluation: Microsoft.Deployment.DotNet.Releases, Version=2.0.0.0, Culture=neutral, PublicKeyToken=31bf3856ad364e35 (location: C:\Program Files\dotnet\sdk\10.0.101\Microsoft.Deployment.DotNet.Releases.dll, MVID: aefc5383-75f2-4916-ba9b-f020105d50e8, AssemblyLoadContext: MSBuild plugin C:\Program Files\dotnet\sdk\10.0.101\Microsoft.NET.Sdk.WorkloadMSBuildSdkResolver.dll)
       The SDK "Microsoft.NET.SDK.WorkloadAutoImportPropsLocator" was successfully resolved by the "Microsoft.DotNet.MSBuildWorkloadSdkResolver" resolver to location "C:\Program Files\dotnet\packs\Microsoft.Android.Sdk.Windows\36.1.2\Sdk" and version "null".
       C:\Users\giris\Documents\Code\Redesign-POS\Windows Based POS\Magidesk\Magidesk.Presentation.csproj(6,9): message : Property reassignment: $(OutputType)="WinExe" (previous value: "Library") at C:\Users\giris\Documents\Code\Redesign-POS\Windows Based POS\Magidesk\Magidesk.Presentation.csproj (6,9)
       C:\Users\giris\Documents\Code\Redesign-POS\Windows Based POS\Magidesk\Magidesk.Presentation.csproj(43,9): message : Property reassignment: $(Platforms)="x86;x64;ARM64" (previous value: "AnyCPU") at C:\Users\giris\Documents\Code\Redesign-POS\Windows Based POS\Magidesk\Magidesk.Presentation.csproj (43,9)
       Assembly loaded during Evaluation: NuGet.Frameworks, Version=7.0.0.0, Culture=neutral, PublicKeyToken=31bf3856ad364e35 (location: C:\Program Files\dotnet\sdk\10.0.101\NuGet.Frameworks.dll, MVID: e913a35d-983d-474c-b844-7b99e57f87c3, AssemblyLoadContext: Assembly.LoadFile(C:\Program Files\dotnet\sdk\10.0.101\NuGet.Frameworks.dll))
       C:\Program Files\dotnet\sdk\10.0.101\Sdks\Microsoft.NET.Sdk\targets\Microsoft.NET.Sdk.ImportPublishProfile.targets(28,5): message : Property reassignment: $(PublishProfileImported)="false" (previous value: "true") at C:\Program Files\dotnet\sdk\10.0.101\Sdks\Microsoft.NET.Sdk\targets\Microsoft.NET.Sdk.ImportPublishProfile.targets (28,5)
       C:\Program Files\dotnet\sdk\10.0.101\Sdks\Microsoft.NET.Sdk\targets\Microsoft.NET.TargetFrameworkInference.targets(84,5): message : Property reassignment: $(TargetPlatformIdentifier)="Windows" (previous value: "windows") at C:\Program Files\dotnet\sdk\10.0.101\Sdks\Microsoft.NET.Sdk\targets\Microsoft.NET.TargetFrameworkInference.targets (84,5)
       C:\Program Files\dotnet\sdk\10.0.101\Sdks\Microsoft.NET.Sdk\targets\Microsoft.NET.DefaultOutputPaths.targets(126,5): message : Property reassignment: $(DefaultItemExcludes)="
       C:\Program Files\dotnet\sdk\10.0.101\Sdks\Microsoft.NET.Sdk\targets\Microsoft.NET.DefaultOutputPaths.targets(126,5): message :           ;
       C:\Program Files\dotnet\sdk\10.0.101\Sdks\Microsoft.NET.Sdk\targets\Microsoft.NET.DefaultOutputPaths.targets(126,5): message :           Magidesk.Api\**;
       C:\Program Files\dotnet\sdk\10.0.101\Sdks\Microsoft.NET.Sdk\targets\Microsoft.NET.DefaultOutputPaths.targets(126,5): message :           Magidesk.Application\**;
       C:\Program Files\dotnet\sdk\10.0.101\Sdks\Microsoft.NET.Sdk\targets\Microsoft.NET.DefaultOutputPaths.targets(126,5): message :           Magidesk.Domain\**;
       C:\Program Files\dotnet\sdk\10.0.101\Sdks\Microsoft.NET.Sdk\targets\Microsoft.NET.DefaultOutputPaths.targets(126,5): message :           Magidesk.Infrastructure\**;
       C:\Program Files\dotnet\sdk\10.0.101\Sdks\Microsoft.NET.Sdk\targets\Microsoft.NET.DefaultOutputPaths.targets(126,5): message :           Magidesk.Migrations\**;
       C:\Program Files\dotnet\sdk\10.0.101\Sdks\Microsoft.NET.Sdk\targets\Microsoft.NET.DefaultOutputPaths.targets(126,5): message :           Magidesk.Application.Tests\**;
       C:\Program Files\dotnet\sdk\10.0.101\Sdks\Microsoft.NET.Sdk\targets\Microsoft.NET.DefaultOutputPaths.targets(126,5): message :           Magidesk.Domain.Tests\**;
       C:\Program Files\dotnet\sdk\10.0.101\Sdks\Microsoft.NET.Sdk\targets\Microsoft.NET.DefaultOutputPaths.targets(126,5): message :           Magidesk.Infrastructure.Tests\**;
       C:\Program Files\dotnet\sdk\10.0.101\Sdks\Microsoft.NET.Sdk\targets\Microsoft.NET.DefaultOutputPaths.targets(126,5): message :           generate_pins.cs;
       C:\Program Files\dotnet\sdk\10.0.101\Sdks\Microsoft.NET.Sdk\targets\Microsoft.NET.DefaultOutputPaths.targets(126,5): message :           terminals\**;
       C:\Program Files\dotnet\sdk\10.0.101\Sdks\Microsoft.NET.Sdk\targets\Microsoft.NET.DefaultOutputPaths.targets(126,5): message :           memory-bank\**;
       C:\Program Files\dotnet\sdk\10.0.101\Sdks\Microsoft.NET.Sdk\targets\Microsoft.NET.DefaultOutputPaths.targets(126,5): message :           bin\**;
       C:\Program Files\dotnet\sdk\10.0.101\Sdks\Microsoft.NET.Sdk\targets\Microsoft.NET.DefaultOutputPaths.targets(126,5): message :           obj\**
       C:\Program Files\dotnet\sdk\10.0.101\Sdks\Microsoft.NET.Sdk\targets\Microsoft.NET.DefaultOutputPaths.targets(126,5): message :         ;bin\Debug\/**" (previous value: "
       C:\Program Files\dotnet\sdk\10.0.101\Sdks\Microsoft.NET.Sdk\targets\Microsoft.NET.DefaultOutputPaths.targets(126,5): message :           ;
       C:\Program Files\dotnet\sdk\10.0.101\Sdks\Microsoft.NET.Sdk\targets\Microsoft.NET.DefaultOutputPaths.targets(126,5): message :           Magidesk.Api\**;
       C:\Program Files\dotnet\sdk\10.0.101\Sdks\Microsoft.NET.Sdk\targets\Microsoft.NET.DefaultOutputPaths.targets(126,5): message :           Magidesk.Application\**;
       C:\Program Files\dotnet\sdk\10.0.101\Sdks\Microsoft.NET.Sdk\targets\Microsoft.NET.DefaultOutputPaths.targets(126,5): message :           Magidesk.Domain\**;
       C:\Program Files\dotnet\sdk\10.0.101\Sdks\Microsoft.NET.Sdk\targets\Microsoft.NET.DefaultOutputPaths.targets(126,5): message :           Magidesk.Infrastructure\**;
       C:\Program Files\dotnet\sdk\10.0.101\Sdks\Microsoft.NET.Sdk\targets\Microsoft.NET.DefaultOutputPaths.targets(126,5): message :           Magidesk.Migrations\**;
       C:\Program Files\dotnet\sdk\10.0.101\Sdks\Microsoft.NET.Sdk\targets\Microsoft.NET.DefaultOutputPaths.targets(126,5): message :           Magidesk.Application.Tests\**;
       C:\Program Files\dotnet\sdk\10.0.101\Sdks\Microsoft.NET.Sdk\targets\Microsoft.NET.DefaultOutputPaths.targets(126,5): message :           Magidesk.Domain.Tests\**;
       C:\Program Files\dotnet\sdk\10.0.101\Sdks\Microsoft.NET.Sdk\targets\Microsoft.NET.DefaultOutputPaths.targets(126,5): message :           Magidesk.Infrastructure.Tests\**;
       C:\Program Files\dotnet\sdk\10.0.101\Sdks\Microsoft.NET.Sdk\targets\Microsoft.NET.DefaultOutputPaths.targets(126,5): message :           generate_pins.cs;
       C:\Program Files\dotnet\sdk\10.0.101\Sdks\Microsoft.NET.Sdk\targets\Microsoft.NET.DefaultOutputPaths.targets(126,5): message :           terminals\**;
       C:\Program Files\dotnet\sdk\10.0.101\Sdks\Microsoft.NET.Sdk\targets\Microsoft.NET.DefaultOutputPaths.targets(126,5): message :           memory-bank\**;
       C:\Program Files\dotnet\sdk\10.0.101\Sdks\Microsoft.NET.Sdk\targets\Microsoft.NET.DefaultOutputPaths.targets(126,5): message :           bin\**;
       C:\Program Files\dotnet\sdk\10.0.101\Sdks\Microsoft.NET.Sdk\targets\Microsoft.NET.DefaultOutputPaths.targets(126,5): message :           obj\**
       C:\Program Files\dotnet\sdk\10.0.101\Sdks\Microsoft.NET.Sdk\targets\Microsoft.NET.DefaultOutputPaths.targets(126,5): message :         ") at C:\Program Files\dotnet\sdk\10.0.101\Sdks\Microsoft.NET.Sdk\targets\Microsoft.NET.DefaultOutputPaths.targets (126,5)
       C:\Program Files\dotnet\sdk\10.0.101\Sdks\Microsoft.NET.Sdk\targets\Microsoft.NET.DefaultOutputPaths.targets(127,5): message : Property reassignment: $(DefaultItemExcludes)="
       C:\Program Files\dotnet\sdk\10.0.101\Sdks\Microsoft.NET.Sdk\targets\Microsoft.NET.DefaultOutputPaths.targets(127,5): message :           ;
       C:\Program Files\dotnet\sdk\10.0.101\Sdks\Microsoft.NET.Sdk\targets\Microsoft.NET.DefaultOutputPaths.targets(127,5): message :           Magidesk.Api\**;
       C:\Program Files\dotnet\sdk\10.0.101\Sdks\Microsoft.NET.Sdk\targets\Microsoft.NET.DefaultOutputPaths.targets(127,5): message :           Magidesk.Application\**;
       C:\Program Files\dotnet\sdk\10.0.101\Sdks\Microsoft.NET.Sdk\targets\Microsoft.NET.DefaultOutputPaths.targets(127,5): message :           Magidesk.Domain\**;
       C:\Program Files\dotnet\sdk\10.0.101\Sdks\Microsoft.NET.Sdk\targets\Microsoft.NET.DefaultOutputPaths.targets(127,5): message :           Magidesk.Infrastructure\**;
       C:\Program Files\dotnet\sdk\10.0.101\Sdks\Microsoft.NET.Sdk\targets\Microsoft.NET.DefaultOutputPaths.targets(127,5): message :           Magidesk.Migrations\**;
       C:\Program Files\dotnet\sdk\10.0.101\Sdks\Microsoft.NET.Sdk\targets\Microsoft.NET.DefaultOutputPaths.targets(127,5): message :           Magidesk.Application.Tests\**;
       C:\Program Files\dotnet\sdk\10.0.101\Sdks\Microsoft.NET.Sdk\targets\Microsoft.NET.DefaultOutputPaths.targets(127,5): message :           Magidesk.Domain.Tests\**;
       C:\Program Files\dotnet\sdk\10.0.101\Sdks\Microsoft.NET.Sdk\targets\Microsoft.NET.DefaultOutputPaths.targets(127,5): message :           Magidesk.Infrastructure.Tests\**;
       C:\Program Files\dotnet\sdk\10.0.101\Sdks\Microsoft.NET.Sdk\targets\Microsoft.NET.DefaultOutputPaths.targets(127,5): message :           generate_pins.cs;
       C:\Program Files\dotnet\sdk\10.0.101\Sdks\Microsoft.NET.Sdk\targets\Microsoft.NET.DefaultOutputPaths.targets(127,5): message :           terminals\**;
       C:\Program Files\dotnet\sdk\10.0.101\Sdks\Microsoft.NET.Sdk\targets\Microsoft.NET.DefaultOutputPaths.targets(127,5): message :           memory-bank\**;
       C:\Program Files\dotnet\sdk\10.0.101\Sdks\Microsoft.NET.Sdk\targets\Microsoft.NET.DefaultOutputPaths.targets(127,5): message :           bin\**;
       C:\Program Files\dotnet\sdk\10.0.101\Sdks\Microsoft.NET.Sdk\targets\Microsoft.NET.DefaultOutputPaths.targets(127,5): message :           obj\**
       C:\Program Files\dotnet\sdk\10.0.101\Sdks\Microsoft.NET.Sdk\targets\Microsoft.NET.DefaultOutputPaths.targets(127,5): message :         ;bin\Debug\/**;obj\Debug\/**" (previous value: "
       C:\Program Files\dotnet\sdk\10.0.101\Sdks\Microsoft.NET.Sdk\targets\Microsoft.NET.DefaultOutputPaths.targets(127,5): message :           ;
       C:\Program Files\dotnet\sdk\10.0.101\Sdks\Microsoft.NET.Sdk\targets\Microsoft.NET.DefaultOutputPaths.targets(127,5): message :           Magidesk.Api\**;
       C:\Program Files\dotnet\sdk\10.0.101\Sdks\Microsoft.NET.Sdk\targets\Microsoft.NET.DefaultOutputPaths.targets(127,5): message :           Magidesk.Application\**;
       C:\Program Files\dotnet\sdk\10.0.101\Sdks\Microsoft.NET.Sdk\targets\Microsoft.NET.DefaultOutputPaths.targets(127,5): message :           Magidesk.Domain\**;
       C:\Program Files\dotnet\sdk\10.0.101\Sdks\Microsoft.NET.Sdk\targets\Microsoft.NET.DefaultOutputPaths.targets(127,5): message :           Magidesk.Infrastructure\**;
       C:\Program Files\dotnet\sdk\10.0.101\Sdks\Microsoft.NET.Sdk\targets\Microsoft.NET.DefaultOutputPaths.targets(127,5): message :           Magidesk.Migrations\**;
       C:\Program Files\dotnet\sdk\10.0.101\Sdks\Microsoft.NET.Sdk\targets\Microsoft.NET.DefaultOutputPaths.targets(127,5): message :           Magidesk.Application.Tests\**;
       C:\Program Files\dotnet\sdk\10.0.101\Sdks\Microsoft.NET.Sdk\targets\Microsoft.NET.DefaultOutputPaths.targets(127,5): message :           Magidesk.Domain.Tests\**;
       C:\Program Files\dotnet\sdk\10.0.101\Sdks\Microsoft.NET.Sdk\targets\Microsoft.NET.DefaultOutputPaths.targets(127,5): message :           Magidesk.Infrastructure.Tests\**;
       C:\Program Files\dotnet\sdk\10.0.101\Sdks\Microsoft.NET.Sdk\targets\Microsoft.NET.DefaultOutputPaths.targets(127,5): message :           generate_pins.cs;
       C:\Program Files\dotnet\sdk\10.0.101\Sdks\Microsoft.NET.Sdk\targets\Microsoft.NET.DefaultOutputPaths.targets(127,5): message :           terminals\**;
       C:\Program Files\dotnet\sdk\10.0.101\Sdks\Microsoft.NET.Sdk\targets\Microsoft.NET.DefaultOutputPaths.targets(127,5): message :           memory-bank\**;
       C:\Program Files\dotnet\sdk\10.0.101\Sdks\Microsoft.NET.Sdk\targets\Microsoft.NET.DefaultOutputPaths.targets(127,5): message :           bin\**;
       C:\Program Files\dotnet\sdk\10.0.101\Sdks\Microsoft.NET.Sdk\targets\Microsoft.NET.DefaultOutputPaths.targets(127,5): message :           obj\**
       C:\Program Files\dotnet\sdk\10.0.101\Sdks\Microsoft.NET.Sdk\targets\Microsoft.NET.DefaultOutputPaths.targets(127,5): message :         ;bin\Debug\/**") at C:\Program Files\dotnet\sdk\10.0.101\Sdks\Microsoft.NET.Sdk\targets\Microsoft.NET.DefaultOutputPaths.targets (127,5)
       C:\Program Files\dotnet\sdk\10.0.101\Sdks\Microsoft.NET.Sdk\targets\Microsoft.NET.DefaultOutputPaths.targets(142,5): message : Property reassignment: $(OutputPath)="bin\Debug\net8.0-windows10.0.19041.0\" (previous value: "bin\Debug\") at C:\Program Files\dotnet\sdk\10.0.101\Sdks\Microsoft.NET.Sdk\targets\Microsoft.NET.DefaultOutputPaths.targets (142,5)
       C:\Program Files\dotnet\sdk\10.0.101\Sdks\Microsoft.NET.Sdk\targets\Microsoft.NET.DefaultOutputPaths.targets(147,5): message : Property reassignment: $(IntermediateOutputPath)="obj\Debug\net8.0-windows10.0.19041.0\" (previous value: "obj\Debug\") at C:\Program Files\dotnet\sdk\10.0.101\Sdks\Microsoft.NET.Sdk\targets\Microsoft.NET.DefaultOutputPaths.targets (147,5)
       The "DefaultSdkResolver" resolver attempted to resolve the SDK "Microsoft.NET.SDK.WorkloadManifestTargetsLocator".
       Warnings: null
       Errors: MSB4276: The default SDK resolver failed to resolve SDK "Microsoft.NET.SDK.WorkloadManifestTargetsLocator" because directory "C:\Program Files\dotnet\sdk\10.0.101\Sdks\Microsoft.NET.SDK.WorkloadManifestTargetsLocator\Sdk" did not exist.
       The SDK "Microsoft.NET.SDK.WorkloadManifestTargetsLocator" was successfully resolved by the "Microsoft.DotNet.MSBuildWorkloadSdkResolver" resolver to location "C:\Program Files\dotnet\sdk-manifests\10.0.100\microsoft.net.sdk.android\36.1.2" and version "null".
       C:\Program Files\dotnet\sdk\10.0.101\Sdks\Microsoft.NET.Sdk\targets\Microsoft.NET.Sdk.BeforeCommon.targets(371,5): message : Property reassignment: $(RoslynTargetsPath)="C:\Program Files\dotnet\sdk\10.0.101\Sdks\Microsoft.NET.Sdk\targets\..\..\..\Roslyn" (previous value: "C:\Program Files\dotnet\sdk\10.0.101\Roslyn") at C:\Program Files\dotnet\sdk\10.0.101\Sdks\Microsoft.NET.Sdk\targets\Microsoft.NET.Sdk.BeforeCommon.targets (371,5)
       C:\Program Files\dotnet\sdk\10.0.101\Roslyn\Microsoft.Managed.Core.targets(6,5): message : Property reassignment: $(_BuildTasksDirectory)="C:\Program Files\dotnet\sdk\10.0.101\Sdks\Microsoft.NET.Sdk\targets\..\..\..\Roslyn\" (previous value: "C:\Program Files\dotnet\sdk\10.0.101\Roslyn\") at C:\Program Files\dotnet\sdk\10.0.101\Roslyn\Microsoft.Managed.Core.targets (6,5)
       C:\Program Files\dotnet\sdk\10.0.101\Roslyn\Microsoft.CSharp.Core.targets(200,5): message : Property reassignment: $(CommandLineArgsForDesignTimeEvaluation)="-langversion:latest -define:TRACE" (previous value: "-langversion:latest") at C:\Program Files\dotnet\sdk\10.0.101\Roslyn\Microsoft.CSharp.Core.targets (200,5)
       Assembly loaded during Evaluation: Microsoft.Build.Utilities.Core, Version=15.1.0.0, Culture=neutral, PublicKeyToken=b03f5f7f11d50a3a (location: C:\Program Files\dotnet\sdk\10.0.101\Microsoft.Build.Utilities.Core.dll, MVID: 0ce0dd4f-98bd-4767-bc61-9eb82d6f94a6, AssemblyLoadContext: Default)
       C:\Program Files\dotnet\sdk\10.0.101\Microsoft.Common.CurrentVersion.targets(175,5): message : Property reassignment: $(_DebugSymbolsProduced)="true" (previous value: "false") at C:\Program Files\dotnet\sdk\10.0.101\Microsoft.Common.CurrentVersion.targets (175,5)
       C:\Program Files\dotnet\sdk\10.0.101\Microsoft.Common.CurrentVersion.targets(185,5): message : Property reassignment: $(_DocumentationFileProduced)="false" (previous value: "true") at C:\Program Files\dotnet\sdk\10.0.101\Microsoft.Common.CurrentVersion.targets (185,5)
       C:\Program Files\dotnet\sdk\10.0.101\Microsoft.Common.CurrentVersion.targets(392,5): message : Property reassignment: $(MSBuildCopyMarkerName)="Magidesk.1EB53327" (previous value: "Magidesk.Presentation.csproj") at C:\Program Files\dotnet\sdk\10.0.101\Microsoft.Common.CurrentVersion.targets (392,5)
       C:\Program Files\dotnet\sdk\10.0.101\Microsoft.Common.CurrentVersion.targets(393,5): message : Property reassignment: $(MSBuildCopyMarkerName)="Magidesk.1EB53327.Up2Date" (previous value: "Magidesk.1EB53327") at C:\Program Files\dotnet\sdk\10.0.101\Microsoft.Common.CurrentVersion.targets (393,5)
       C:\Program Files\dotnet\sdk\10.0.101\Microsoft.Common.CurrentVersion.targets(541,5): message : Property reassignment: $(ProcessorArchitecture)="msil" (previous value: "") at C:\Program Files\dotnet\sdk\10.0.101\Microsoft.Common.CurrentVersion.targets (541,5)
       C:\Program Files\dotnet\sdk\10.0.101\Microsoft.Common.CurrentVersion.targets(580,5): message : Property reassignment: $(DelaySign)="" (previous value: "false") at C:\Program Files\dotnet\sdk\10.0.101\Microsoft.Common.CurrentVersion.targets (580,5)
       C:\Program Files\dotnet\sdk\10.0.101\Microsoft.Common.CurrentVersion.targets(2606,5): message : Property 'LOCALAPPDATA' with value 'C:\Users\giris\AppData\Local' expanded from the environment.
       C:\Program Files\dotnet\sdk\10.0.101\Microsoft.Common.CurrentVersion.targets(3934,5): message : Property reassignment: $(_SGenGenerateSerializationAssembliesConfig)="Auto" (previous value: "") at C:\Program Files\dotnet\sdk\10.0.101\Microsoft.Common.CurrentVersion.targets (3934,5)
       C:\Program Files\dotnet\sdk\10.0.101\Microsoft.Common.CurrentVersion.targets(3935,5): message : Property reassignment: $(_SGenGenerateSerializationAssembliesConfig)="Off" (previous value: "Auto") at C:\Program Files\dotnet\sdk\10.0.101\Microsoft.Common.CurrentVersion.targets (3935,5)
       C:\Program Files\dotnet\sdk\10.0.101\Microsoft.Common.CurrentVersion.targets(5146,5): message : Property reassignment: $(_TargetsThatPrepareProjectReferences)="
       C:\Program Files\dotnet\sdk\10.0.101\Microsoft.Common.CurrentVersion.targets(5146,5): message :       AssignProjectConfiguration;
       C:\Program Files\dotnet\sdk\10.0.101\Microsoft.Common.CurrentVersion.targets(5146,5): message :       _SplitProjectReferencesByFileExistence
       C:\Program Files\dotnet\sdk\10.0.101\Microsoft.Common.CurrentVersion.targets(5146,5): message :     " (previous value: "_SplitProjectReferencesByFileExistence") at C:\Program Files\dotnet\sdk\10.0.101\Microsoft.Common.CurrentVersion.targets (5146,5)
       C:\Program Files\dotnet\sdk\10.0.101\Microsoft.Common.CurrentVersion.targets(6959,5): message : Property 'MSBuildExtensionsPath32' with value 'C:\Program Files\dotnet\sdk\10.0.101' expanded from the environment.
       The "NuGetInteractive" property is a global property, and cannot be modified.
       C:\Program Files\dotnet\sdk\10.0.101\Sdks\Microsoft.NET.Sdk\targets\Microsoft.PackageDependencyResolution.targets(24,5): message : Property reassignment: $(ProjectAssetsFile)="C:\Users\giris\Documents\Code\Redesign-POS\Windows Based POS\Magidesk\obj\project.assets.json" (previous value: "C:\Users\giris\Documents\Code\Redesign-POS\Windows Based POS\Magidesk\obj\/project.assets.json") at C:\Program Files\dotnet\sdk\10.0.101\Sdks\Microsoft.NET.Sdk\targets\Microsoft.PackageDependencyResolution.targets (24,5)
       C:\Program Files\dotnet\sdk\10.0.101\Sdks\Microsoft.NET.Sdk\targets\Microsoft.PackageDependencyResolution.targets(29,5): message : Property reassignment: $(ProjectAssetsCacheFile)="C:\Users\giris\Documents\Code\Redesign-POS\Windows Based POS\Magidesk\obj\Debug\net8.0-windows10.0.19041.0\Magidesk.Presentation.assets.cache" (previous value: "obj\Debug\net8.0-windows10.0.19041.0\Magidesk.Presentation.assets.cache") at C:\Program Files\dotnet\sdk\10.0.101\Sdks\Microsoft.NET.Sdk\targets\Microsoft.PackageDependencyResolution.targets (29,5)
       C:\Program Files\dotnet\sdk\10.0.101\Sdks\Microsoft.NET.Sdk\targets\Microsoft.PackageDependencyResolution.targets(80,5): message : Property reassignment: $(ResolveAssemblyReferencesDependsOn)="
       C:\Program Files\dotnet\sdk\10.0.101\Sdks\Microsoft.NET.Sdk\targets\Microsoft.PackageDependencyResolution.targets(80,5): message :       
       C:\Program Files\dotnet\sdk\10.0.101\Sdks\Microsoft.NET.Sdk\targets\Microsoft.PackageDependencyResolution.targets(80,5): message :       ResolveProjectReferences;
       C:\Program Files\dotnet\sdk\10.0.101\Sdks\Microsoft.NET.Sdk\targets\Microsoft.PackageDependencyResolution.targets(80,5): message :       FindInvalidProjectReferences;
       C:\Program Files\dotnet\sdk\10.0.101\Sdks\Microsoft.NET.Sdk\targets\Microsoft.PackageDependencyResolution.targets(80,5): message :       GetFrameworkPaths;
       C:\Program Files\dotnet\sdk\10.0.101\Sdks\Microsoft.NET.Sdk\targets\Microsoft.PackageDependencyResolution.targets(80,5): message :       GetReferenceAssemblyPaths;
       C:\Program Files\dotnet\sdk\10.0.101\Sdks\Microsoft.NET.Sdk\targets\Microsoft.PackageDependencyResolution.targets(80,5): message :       PrepareForBuild;
       C:\Program Files\dotnet\sdk\10.0.101\Sdks\Microsoft.NET.Sdk\targets\Microsoft.PackageDependencyResolution.targets(80,5): message :       ResolveSDKReferences;
       C:\Program Files\dotnet\sdk\10.0.101\Sdks\Microsoft.NET.Sdk\targets\Microsoft.PackageDependencyResolution.targets(80,5): message :       ExpandSDKReferences;
       C:\Program Files\dotnet\sdk\10.0.101\Sdks\Microsoft.NET.Sdk\targets\Microsoft.PackageDependencyResolution.targets(80,5): message :     ;
       C:\Program Files\dotnet\sdk\10.0.101\Sdks\Microsoft.NET.Sdk\targets\Microsoft.PackageDependencyResolution.targets(80,5): message :       ResolvePackageDependenciesForBuild;
       C:\Program Files\dotnet\sdk\10.0.101\Sdks\Microsoft.NET.Sdk\targets\Microsoft.PackageDependencyResolution.targets(80,5): message :       _HandlePackageFileConflicts;
       C:\Program Files\dotnet\sdk\10.0.101\Sdks\Microsoft.NET.Sdk\targets\Microsoft.PackageDependencyResolution.targets(80,5): message :     " (previous value: "
       C:\Program Files\dotnet\sdk\10.0.101\Sdks\Microsoft.NET.Sdk\targets\Microsoft.PackageDependencyResolution.targets(80,5): message :       ResolveProjectReferences;
       C:\Program Files\dotnet\sdk\10.0.101\Sdks\Microsoft.NET.Sdk\targets\Microsoft.PackageDependencyResolution.targets(80,5): message :       FindInvalidProjectReferences;
       C:\Program Files\dotnet\sdk\10.0.101\Sdks\Microsoft.NET.Sdk\targets\Microsoft.PackageDependencyResolution.targets(80,5): message :       GetFrameworkPaths;
       C:\Program Files\dotnet\sdk\10.0.101\Sdks\Microsoft.NET.Sdk\targets\Microsoft.PackageDependencyResolution.targets(80,5): message :       GetReferenceAssemblyPaths;
       C:\Program Files\dotnet\sdk\10.0.101\Sdks\Microsoft.NET.Sdk\targets\Microsoft.PackageDependencyResolution.targets(80,5): message :       PrepareForBuild;
       C:\Program Files\dotnet\sdk\10.0.101\Sdks\Microsoft.NET.Sdk\targets\Microsoft.PackageDependencyResolution.targets(80,5): message :       ResolveSDKReferences;
       C:\Program Files\dotnet\sdk\10.0.101\Sdks\Microsoft.NET.Sdk\targets\Microsoft.PackageDependencyResolution.targets(80,5): message :       ExpandSDKReferences;
       C:\Program Files\dotnet\sdk\10.0.101\Sdks\Microsoft.NET.Sdk\targets\Microsoft.PackageDependencyResolution.targets(80,5): message :     ") at C:\Program Files\dotnet\sdk\10.0.101\Sdks\Microsoft.NET.Sdk\targets\Microsoft.PackageDependencyResolution.targets (80,5)
       C:\Program Files\dotnet\sdk\10.0.101\Sdks\Microsoft.NET.Sdk\targets\Microsoft.PackageDependencyResolution.targets(86,5): message : Property reassignment: $(PrepareResourcesDependsOn)="
       C:\Program Files\dotnet\sdk\10.0.101\Sdks\Microsoft.NET.Sdk\targets\Microsoft.PackageDependencyResolution.targets(86,5): message :       ResolvePackageDependenciesForBuild;
       C:\Program Files\dotnet\sdk\10.0.101\Sdks\Microsoft.NET.Sdk\targets\Microsoft.PackageDependencyResolution.targets(86,5): message :       _HandlePackageFileConflicts;
       C:\Program Files\dotnet\sdk\10.0.101\Sdks\Microsoft.NET.Sdk\targets\Microsoft.PackageDependencyResolution.targets(86,5): message :       
       C:\Program Files\dotnet\sdk\10.0.101\Sdks\Microsoft.NET.Sdk\targets\Microsoft.PackageDependencyResolution.targets(86,5): message :       ;
       C:\Program Files\dotnet\sdk\10.0.101\Sdks\Microsoft.NET.Sdk\targets\Microsoft.PackageDependencyResolution.targets(86,5): message :       PrepareResourceNames;
       C:\Program Files\dotnet\sdk\10.0.101\Sdks\Microsoft.NET.Sdk\targets\Microsoft.PackageDependencyResolution.targets(86,5): message :       ResGen;
       C:\Program Files\dotnet\sdk\10.0.101\Sdks\Microsoft.NET.Sdk\targets\Microsoft.PackageDependencyResolution.targets(86,5): message :       CompileLicxFiles
       C:\Program Files\dotnet\sdk\10.0.101\Sdks\Microsoft.NET.Sdk\targets\Microsoft.PackageDependencyResolution.targets(86,5): message :     
       C:\Program Files\dotnet\sdk\10.0.101\Sdks\Microsoft.NET.Sdk\targets\Microsoft.PackageDependencyResolution.targets(86,5): message :     " (previous value: "
       C:\Program Files\dotnet\sdk\10.0.101\Sdks\Microsoft.NET.Sdk\targets\Microsoft.PackageDependencyResolution.targets(86,5): message :       ;
       C:\Program Files\dotnet\sdk\10.0.101\Sdks\Microsoft.NET.Sdk\targets\Microsoft.PackageDependencyResolution.targets(86,5): message :       PrepareResourceNames;
       C:\Program Files\dotnet\sdk\10.0.101\Sdks\Microsoft.NET.Sdk\targets\Microsoft.PackageDependencyResolution.targets(86,5): message :       ResGen;
       C:\Program Files\dotnet\sdk\10.0.101\Sdks\Microsoft.NET.Sdk\targets\Microsoft.PackageDependencyResolution.targets(86,5): message :       CompileLicxFiles
       C:\Program Files\dotnet\sdk\10.0.101\Sdks\Microsoft.NET.Sdk\targets\Microsoft.PackageDependencyResolution.targets(86,5): message :     ") at C:\Program Files\dotnet\sdk\10.0.101\Sdks\Microsoft.NET.Sdk\targets\Microsoft.PackageDependencyResolution.targets (86,5)
       The "EnableDefaultCompileItems" property is a global property, and cannot be modified.
       The "EnableDefaultEmbeddedResourceItems" property is a global property, and cannot be modified.
       The "EnableDefaultNoneItems" property is a global property, and cannot be modified.
       C:\Program Files\dotnet\sdk\10.0.101\Sdks\Microsoft.NET.Sdk\targets\Microsoft.NET.Sdk.DefaultItems.targets(35,5): message : Property reassignment: $(DefaultItemExcludes)="
       C:\Program Files\dotnet\sdk\10.0.101\Sdks\Microsoft.NET.Sdk\targets\Microsoft.NET.Sdk.DefaultItems.targets(35,5): message :           ;
       C:\Program Files\dotnet\sdk\10.0.101\Sdks\Microsoft.NET.Sdk\targets\Microsoft.NET.Sdk.DefaultItems.targets(35,5): message :           Magidesk.Api\**;
       C:\Program Files\dotnet\sdk\10.0.101\Sdks\Microsoft.NET.Sdk\targets\Microsoft.NET.Sdk.DefaultItems.targets(35,5): message :           Magidesk.Application\**;
       C:\Program Files\dotnet\sdk\10.0.101\Sdks\Microsoft.NET.Sdk\targets\Microsoft.NET.Sdk.DefaultItems.targets(35,5): message :           Magidesk.Domain\**;
       C:\Program Files\dotnet\sdk\10.0.101\Sdks\Microsoft.NET.Sdk\targets\Microsoft.NET.Sdk.DefaultItems.targets(35,5): message :           Magidesk.Infrastructure\**;
       C:\Program Files\dotnet\sdk\10.0.101\Sdks\Microsoft.NET.Sdk\targets\Microsoft.NET.Sdk.DefaultItems.targets(35,5): message :           Magidesk.Migrations\**;
       C:\Program Files\dotnet\sdk\10.0.101\Sdks\Microsoft.NET.Sdk\targets\Microsoft.NET.Sdk.DefaultItems.targets(35,5): message :           Magidesk.Application.Tests\**;
       C:\Program Files\dotnet\sdk\10.0.101\Sdks\Microsoft.NET.Sdk\targets\Microsoft.NET.Sdk.DefaultItems.targets(35,5): message :           Magidesk.Domain.Tests\**;
       C:\Program Files\dotnet\sdk\10.0.101\Sdks\Microsoft.NET.Sdk\targets\Microsoft.NET.Sdk.DefaultItems.targets(35,5): message :           Magidesk.Infrastructure.Tests\**;
       C:\Program Files\dotnet\sdk\10.0.101\Sdks\Microsoft.NET.Sdk\targets\Microsoft.NET.Sdk.DefaultItems.targets(35,5): message :           generate_pins.cs;
       C:\Program Files\dotnet\sdk\10.0.101\Sdks\Microsoft.NET.Sdk\targets\Microsoft.NET.Sdk.DefaultItems.targets(35,5): message :           terminals\**;
       C:\Program Files\dotnet\sdk\10.0.101\Sdks\Microsoft.NET.Sdk\targets\Microsoft.NET.Sdk.DefaultItems.targets(35,5): message :           memory-bank\**;
       C:\Program Files\dotnet\sdk\10.0.101\Sdks\Microsoft.NET.Sdk\targets\Microsoft.NET.Sdk.DefaultItems.targets(35,5): message :           bin\**;
       C:\Program Files\dotnet\sdk\10.0.101\Sdks\Microsoft.NET.Sdk\targets\Microsoft.NET.Sdk.DefaultItems.targets(35,5): message :           obj\**
       C:\Program Files\dotnet\sdk\10.0.101\Sdks\Microsoft.NET.Sdk\targets\Microsoft.NET.Sdk.DefaultItems.targets(35,5): message :         ;bin\Debug\/**;obj\Debug\/**;bin\/**" (previous value: "
       C:\Program Files\dotnet\sdk\10.0.101\Sdks\Microsoft.NET.Sdk\targets\Microsoft.NET.Sdk.DefaultItems.targets(35,5): message :           ;
       C:\Program Files\dotnet\sdk\10.0.101\Sdks\Microsoft.NET.Sdk\targets\Microsoft.NET.Sdk.DefaultItems.targets(35,5): message :           Magidesk.Api\**;
       C:\Program Files\dotnet\sdk\10.0.101\Sdks\Microsoft.NET.Sdk\targets\Microsoft.NET.Sdk.DefaultItems.targets(35,5): message :           Magidesk.Application\**;
       C:\Program Files\dotnet\sdk\10.0.101\Sdks\Microsoft.NET.Sdk\targets\Microsoft.NET.Sdk.DefaultItems.targets(35,5): message :           Magidesk.Domain\**;
       C:\Program Files\dotnet\sdk\10.0.101\Sdks\Microsoft.NET.Sdk\targets\Microsoft.NET.Sdk.DefaultItems.targets(35,5): message :           Magidesk.Infrastructure\**;
       C:\Program Files\dotnet\sdk\10.0.101\Sdks\Microsoft.NET.Sdk\targets\Microsoft.NET.Sdk.DefaultItems.targets(35,5): message :           Magidesk.Migrations\**;
       C:\Program Files\dotnet\sdk\10.0.101\Sdks\Microsoft.NET.Sdk\targets\Microsoft.NET.Sdk.DefaultItems.targets(35,5): message :           Magidesk.Application.Tests\**;
       C:\Program Files\dotnet\sdk\10.0.101\Sdks\Microsoft.NET.Sdk\targets\Microsoft.NET.Sdk.DefaultItems.targets(35,5): message :           Magidesk.Domain.Tests\**;
       C:\Program Files\dotnet\sdk\10.0.101\Sdks\Microsoft.NET.Sdk\targets\Microsoft.NET.Sdk.DefaultItems.targets(35,5): message :           Magidesk.Infrastructure.Tests\**;
       C:\Program Files\dotnet\sdk\10.0.101\Sdks\Microsoft.NET.Sdk\targets\Microsoft.NET.Sdk.DefaultItems.targets(35,5): message :           generate_pins.cs;
       C:\Program Files\dotnet\sdk\10.0.101\Sdks\Microsoft.NET.Sdk\targets\Microsoft.NET.Sdk.DefaultItems.targets(35,5): message :           terminals\**;
       C:\Program Files\dotnet\sdk\10.0.101\Sdks\Microsoft.NET.Sdk\targets\Microsoft.NET.Sdk.DefaultItems.targets(35,5): message :           memory-bank\**;
       C:\Program Files\dotnet\sdk\10.0.101\Sdks\Microsoft.NET.Sdk\targets\Microsoft.NET.Sdk.DefaultItems.targets(35,5): message :           bin\**;
       C:\Program Files\dotnet\sdk\10.0.101\Sdks\Microsoft.NET.Sdk\targets\Microsoft.NET.Sdk.DefaultItems.targets(35,5): message :           obj\**
       C:\Program Files\dotnet\sdk\10.0.101\Sdks\Microsoft.NET.Sdk\targets\Microsoft.NET.Sdk.DefaultItems.targets(35,5): message :         ;bin\Debug\/**;obj\Debug\/**") at C:\Program Files\dotnet\sdk\10.0.101\Sdks\Microsoft.NET.Sdk\targets\Microsoft.NET.Sdk.DefaultItems.targets (35,5)
       C:\Program Files\dotnet\sdk\10.0.101\Sdks\Microsoft.NET.Sdk\targets\Microsoft.NET.Sdk.DefaultItems.targets(37,5): message : Property reassignment: $(DefaultItemExcludes)="
       C:\Program Files\dotnet\sdk\10.0.101\Sdks\Microsoft.NET.Sdk\targets\Microsoft.NET.Sdk.DefaultItems.targets(37,5): message :           ;
       C:\Program Files\dotnet\sdk\10.0.101\Sdks\Microsoft.NET.Sdk\targets\Microsoft.NET.Sdk.DefaultItems.targets(37,5): message :           Magidesk.Api\**;
       C:\Program Files\dotnet\sdk\10.0.101\Sdks\Microsoft.NET.Sdk\targets\Microsoft.NET.Sdk.DefaultItems.targets(37,5): message :           Magidesk.Application\**;
       C:\Program Files\dotnet\sdk\10.0.101\Sdks\Microsoft.NET.Sdk\targets\Microsoft.NET.Sdk.DefaultItems.targets(37,5): message :           Magidesk.Domain\**;
       C:\Program Files\dotnet\sdk\10.0.101\Sdks\Microsoft.NET.Sdk\targets\Microsoft.NET.Sdk.DefaultItems.targets(37,5): message :           Magidesk.Infrastructure\**;
       C:\Program Files\dotnet\sdk\10.0.101\Sdks\Microsoft.NET.Sdk\targets\Microsoft.NET.Sdk.DefaultItems.targets(37,5): message :           Magidesk.Migrations\**;
       C:\Program Files\dotnet\sdk\10.0.101\Sdks\Microsoft.NET.Sdk\targets\Microsoft.NET.Sdk.DefaultItems.targets(37,5): message :           Magidesk.Application.Tests\**;
       C:\Program Files\dotnet\sdk\10.0.101\Sdks\Microsoft.NET.Sdk\targets\Microsoft.NET.Sdk.DefaultItems.targets(37,5): message :           Magidesk.Domain.Tests\**;
       C:\Program Files\dotnet\sdk\10.0.101\Sdks\Microsoft.NET.Sdk\targets\Microsoft.NET.Sdk.DefaultItems.targets(37,5): message :           Magidesk.Infrastructure.Tests\**;
       C:\Program Files\dotnet\sdk\10.0.101\Sdks\Microsoft.NET.Sdk\targets\Microsoft.NET.Sdk.DefaultItems.targets(37,5): message :           generate_pins.cs;
       C:\Program Files\dotnet\sdk\10.0.101\Sdks\Microsoft.NET.Sdk\targets\Microsoft.NET.Sdk.DefaultItems.targets(37,5): message :           terminals\**;
       C:\Program Files\dotnet\sdk\10.0.101\Sdks\Microsoft.NET.Sdk\targets\Microsoft.NET.Sdk.DefaultItems.targets(37,5): message :           memory-bank\**;
       C:\Program Files\dotnet\sdk\10.0.101\Sdks\Microsoft.NET.Sdk\targets\Microsoft.NET.Sdk.DefaultItems.targets(37,5): message :           bin\**;
       C:\Program Files\dotnet\sdk\10.0.101\Sdks\Microsoft.NET.Sdk\targets\Microsoft.NET.Sdk.DefaultItems.targets(37,5): message :           obj\**
       C:\Program Files\dotnet\sdk\10.0.101\Sdks\Microsoft.NET.Sdk\targets\Microsoft.NET.Sdk.DefaultItems.targets(37,5): message :         ;bin\Debug\/**;obj\Debug\/**;bin\/**;obj\/**" (previous value: "
       C:\Program Files\dotnet\sdk\10.0.101\Sdks\Microsoft.NET.Sdk\targets\Microsoft.NET.Sdk.DefaultItems.targets(37,5): message :           ;
       C:\Program Files\dotnet\sdk\10.0.101\Sdks\Microsoft.NET.Sdk\targets\Microsoft.NET.Sdk.DefaultItems.targets(37,5): message :           Magidesk.Api\**;
       C:\Program Files\dotnet\sdk\10.0.101\Sdks\Microsoft.NET.Sdk\targets\Microsoft.NET.Sdk.DefaultItems.targets(37,5): message :           Magidesk.Application\**;
       C:\Program Files\dotnet\sdk\10.0.101\Sdks\Microsoft.NET.Sdk\targets\Microsoft.NET.Sdk.DefaultItems.targets(37,5): message :           Magidesk.Domain\**;
       C:\Program Files\dotnet\sdk\10.0.101\Sdks\Microsoft.NET.Sdk\targets\Microsoft.NET.Sdk.DefaultItems.targets(37,5): message :           Magidesk.Infrastructure\**;
       C:\Program Files\dotnet\sdk\10.0.101\Sdks\Microsoft.NET.Sdk\targets\Microsoft.NET.Sdk.DefaultItems.targets(37,5): message :           Magidesk.Migrations\**;
       C:\Program Files\dotnet\sdk\10.0.101\Sdks\Microsoft.NET.Sdk\targets\Microsoft.NET.Sdk.DefaultItems.targets(37,5): message :           Magidesk.Application.Tests\**;
       C:\Program Files\dotnet\sdk\10.0.101\Sdks\Microsoft.NET.Sdk\targets\Microsoft.NET.Sdk.DefaultItems.targets(37,5): message :           Magidesk.Domain.Tests\**;
       C:\Program Files\dotnet\sdk\10.0.101\Sdks\Microsoft.NET.Sdk\targets\Microsoft.NET.Sdk.DefaultItems.targets(37,5): message :           Magidesk.Infrastructure.Tests\**;
       C:\Program Files\dotnet\sdk\10.0.101\Sdks\Microsoft.NET.Sdk\targets\Microsoft.NET.Sdk.DefaultItems.targets(37,5): message :           generate_pins.cs;
       C:\Program Files\dotnet\sdk\10.0.101\Sdks\Microsoft.NET.Sdk\targets\Microsoft.NET.Sdk.DefaultItems.targets(37,5): message :           terminals\**;
       C:\Program Files\dotnet\sdk\10.0.101\Sdks\Microsoft.NET.Sdk\targets\Microsoft.NET.Sdk.DefaultItems.targets(37,5): message :           memory-bank\**;
       C:\Program Files\dotnet\sdk\10.0.101\Sdks\Microsoft.NET.Sdk\targets\Microsoft.NET.Sdk.DefaultItems.targets(37,5): message :           bin\**;
       C:\Program Files\dotnet\sdk\10.0.101\Sdks\Microsoft.NET.Sdk\targets\Microsoft.NET.Sdk.DefaultItems.targets(37,5): message :           obj\**
       C:\Program Files\dotnet\sdk\10.0.101\Sdks\Microsoft.NET.Sdk\targets\Microsoft.NET.Sdk.DefaultItems.targets(37,5): message :         ;bin\Debug\/**;obj\Debug\/**;bin\/**") at C:\Program Files\dotnet\sdk\10.0.101\Sdks\Microsoft.NET.Sdk\targets\Microsoft.NET.Sdk.DefaultItems.targets (37,5)
       C:\Program Files\dotnet\sdk\10.0.101\Sdks\Microsoft.NET.Sdk\targets\Microsoft.NET.Sdk.DefaultItems.targets(40,5): message : Property reassignment: $(DefaultItemExcludes)="
       C:\Program Files\dotnet\sdk\10.0.101\Sdks\Microsoft.NET.Sdk\targets\Microsoft.NET.Sdk.DefaultItems.targets(40,5): message :           ;
       C:\Program Files\dotnet\sdk\10.0.101\Sdks\Microsoft.NET.Sdk\targets\Microsoft.NET.Sdk.DefaultItems.targets(40,5): message :           Magidesk.Api\**;
       C:\Program Files\dotnet\sdk\10.0.101\Sdks\Microsoft.NET.Sdk\targets\Microsoft.NET.Sdk.DefaultItems.targets(40,5): message :           Magidesk.Application\**;
       C:\Program Files\dotnet\sdk\10.0.101\Sdks\Microsoft.NET.Sdk\targets\Microsoft.NET.Sdk.DefaultItems.targets(40,5): message :           Magidesk.Domain\**;
       C:\Program Files\dotnet\sdk\10.0.101\Sdks\Microsoft.NET.Sdk\targets\Microsoft.NET.Sdk.DefaultItems.targets(40,5): message :           Magidesk.Infrastructure\**;
       C:\Program Files\dotnet\sdk\10.0.101\Sdks\Microsoft.NET.Sdk\targets\Microsoft.NET.Sdk.DefaultItems.targets(40,5): message :           Magidesk.Migrations\**;
       C:\Program Files\dotnet\sdk\10.0.101\Sdks\Microsoft.NET.Sdk\targets\Microsoft.NET.Sdk.DefaultItems.targets(40,5): message :           Magidesk.Application.Tests\**;
       C:\Program Files\dotnet\sdk\10.0.101\Sdks\Microsoft.NET.Sdk\targets\Microsoft.NET.Sdk.DefaultItems.targets(40,5): message :           Magidesk.Domain.Tests\**;
       C:\Program Files\dotnet\sdk\10.0.101\Sdks\Microsoft.NET.Sdk\targets\Microsoft.NET.Sdk.DefaultItems.targets(40,5): message :           Magidesk.Infrastructure.Tests\**;
       C:\Program Files\dotnet\sdk\10.0.101\Sdks\Microsoft.NET.Sdk\targets\Microsoft.NET.Sdk.DefaultItems.targets(40,5): message :           generate_pins.cs;
       C:\Program Files\dotnet\sdk\10.0.101\Sdks\Microsoft.NET.Sdk\targets\Microsoft.NET.Sdk.DefaultItems.targets(40,5): message :           terminals\**;
       C:\Program Files\dotnet\sdk\10.0.101\Sdks\Microsoft.NET.Sdk\targets\Microsoft.NET.Sdk.DefaultItems.targets(40,5): message :           memory-bank\**;
       C:\Program Files\dotnet\sdk\10.0.101\Sdks\Microsoft.NET.Sdk\targets\Microsoft.NET.Sdk.DefaultItems.targets(40,5): message :           bin\**;
       C:\Program Files\dotnet\sdk\10.0.101\Sdks\Microsoft.NET.Sdk\targets\Microsoft.NET.Sdk.DefaultItems.targets(40,5): message :           obj\**
       C:\Program Files\dotnet\sdk\10.0.101\Sdks\Microsoft.NET.Sdk\targets\Microsoft.NET.Sdk.DefaultItems.targets(40,5): message :         ;bin\Debug\/**;obj\Debug\/**;bin\/**;obj\/**;**/*.user" (previous value: "
       C:\Program Files\dotnet\sdk\10.0.101\Sdks\Microsoft.NET.Sdk\targets\Microsoft.NET.Sdk.DefaultItems.targets(40,5): message :           ;
       C:\Program Files\dotnet\sdk\10.0.101\Sdks\Microsoft.NET.Sdk\targets\Microsoft.NET.Sdk.DefaultItems.targets(40,5): message :           Magidesk.Api\**;
       C:\Program Files\dotnet\sdk\10.0.101\Sdks\Microsoft.NET.Sdk\targets\Microsoft.NET.Sdk.DefaultItems.targets(40,5): message :           Magidesk.Application\**;
       C:\Program Files\dotnet\sdk\10.0.101\Sdks\Microsoft.NET.Sdk\targets\Microsoft.NET.Sdk.DefaultItems.targets(40,5): message :           Magidesk.Domain\**;
       C:\Program Files\dotnet\sdk\10.0.101\Sdks\Microsoft.NET.Sdk\targets\Microsoft.NET.Sdk.DefaultItems.targets(40,5): message :           Magidesk.Infrastructure\**;
       C:\Program Files\dotnet\sdk\10.0.101\Sdks\Microsoft.NET.Sdk\targets\Microsoft.NET.Sdk.DefaultItems.targets(40,5): message :           Magidesk.Migrations\**;
       C:\Program Files\dotnet\sdk\10.0.101\Sdks\Microsoft.NET.Sdk\targets\Microsoft.NET.Sdk.DefaultItems.targets(40,5): message :           Magidesk.Application.Tests\**;
       C:\Program Files\dotnet\sdk\10.0.101\Sdks\Microsoft.NET.Sdk\targets\Microsoft.NET.Sdk.DefaultItems.targets(40,5): message :           Magidesk.Domain.Tests\**;
       C:\Program Files\dotnet\sdk\10.0.101\Sdks\Microsoft.NET.Sdk\targets\Microsoft.NET.Sdk.DefaultItems.targets(40,5): message :           Magidesk.Infrastructure.Tests\**;
       C:\Program Files\dotnet\sdk\10.0.101\Sdks\Microsoft.NET.Sdk\targets\Microsoft.NET.Sdk.DefaultItems.targets(40,5): message :           generate_pins.cs;
       C:\Program Files\dotnet\sdk\10.0.101\Sdks\Microsoft.NET.Sdk\targets\Microsoft.NET.Sdk.DefaultItems.targets(40,5): message :           terminals\**;
       C:\Program Files\dotnet\sdk\10.0.101\Sdks\Microsoft.NET.Sdk\targets\Microsoft.NET.Sdk.DefaultItems.targets(40,5): message :           memory-bank\**;
       C:\Program Files\dotnet\sdk\10.0.101\Sdks\Microsoft.NET.Sdk\targets\Microsoft.NET.Sdk.DefaultItems.targets(40,5): message :           bin\**;
       C:\Program Files\dotnet\sdk\10.0.101\Sdks\Microsoft.NET.Sdk\targets\Microsoft.NET.Sdk.DefaultItems.targets(40,5): message :           obj\**
       C:\Program Files\dotnet\sdk\10.0.101\Sdks\Microsoft.NET.Sdk\targets\Microsoft.NET.Sdk.DefaultItems.targets(40,5): message :         ;bin\Debug\/**;obj\Debug\/**;bin\/**;obj\/**") at C:\Program Files\dotnet\sdk\10.0.101\Sdks\Microsoft.NET.Sdk\targets\Microsoft.NET.Sdk.DefaultItems.targets (40,5)
       C:\Program Files\dotnet\sdk\10.0.101\Sdks\Microsoft.NET.Sdk\targets\Microsoft.NET.Sdk.DefaultItems.targets(41,5): message : Property reassignment: $(DefaultItemExcludes)="
       C:\Program Files\dotnet\sdk\10.0.101\Sdks\Microsoft.NET.Sdk\targets\Microsoft.NET.Sdk.DefaultItems.targets(41,5): message :           ;
       C:\Program Files\dotnet\sdk\10.0.101\Sdks\Microsoft.NET.Sdk\targets\Microsoft.NET.Sdk.DefaultItems.targets(41,5): message :           Magidesk.Api\**;
       C:\Program Files\dotnet\sdk\10.0.101\Sdks\Microsoft.NET.Sdk\targets\Microsoft.NET.Sdk.DefaultItems.targets(41,5): message :           Magidesk.Application\**;
       C:\Program Files\dotnet\sdk\10.0.101\Sdks\Microsoft.NET.Sdk\targets\Microsoft.NET.Sdk.DefaultItems.targets(41,5): message :           Magidesk.Domain\**;
       C:\Program Files\dotnet\sdk\10.0.101\Sdks\Microsoft.NET.Sdk\targets\Microsoft.NET.Sdk.DefaultItems.targets(41,5): message :           Magidesk.Infrastructure\**;
       C:\Program Files\dotnet\sdk\10.0.101\Sdks\Microsoft.NET.Sdk\targets\Microsoft.NET.Sdk.DefaultItems.targets(41,5): message :           Magidesk.Migrations\**;
       C:\Program Files\dotnet\sdk\10.0.101\Sdks\Microsoft.NET.Sdk\targets\Microsoft.NET.Sdk.DefaultItems.targets(41,5): message :           Magidesk.Application.Tests\**;
       C:\Program Files\dotnet\sdk\10.0.101\Sdks\Microsoft.NET.Sdk\targets\Microsoft.NET.Sdk.DefaultItems.targets(41,5): message :           Magidesk.Domain.Tests\**;
       C:\Program Files\dotnet\sdk\10.0.101\Sdks\Microsoft.NET.Sdk\targets\Microsoft.NET.Sdk.DefaultItems.targets(41,5): message :           Magidesk.Infrastructure.Tests\**;
       C:\Program Files\dotnet\sdk\10.0.101\Sdks\Microsoft.NET.Sdk\targets\Microsoft.NET.Sdk.DefaultItems.targets(41,5): message :           generate_pins.cs;
       C:\Program Files\dotnet\sdk\10.0.101\Sdks\Microsoft.NET.Sdk\targets\Microsoft.NET.Sdk.DefaultItems.targets(41,5): message :           terminals\**;
       C:\Program Files\dotnet\sdk\10.0.101\Sdks\Microsoft.NET.Sdk\targets\Microsoft.NET.Sdk.DefaultItems.targets(41,5): message :           memory-bank\**;
       C:\Program Files\dotnet\sdk\10.0.101\Sdks\Microsoft.NET.Sdk\targets\Microsoft.NET.Sdk.DefaultItems.targets(41,5): message :           bin\**;
       C:\Program Files\dotnet\sdk\10.0.101\Sdks\Microsoft.NET.Sdk\targets\Microsoft.NET.Sdk.DefaultItems.targets(41,5): message :           obj\**
       C:\Program Files\dotnet\sdk\10.0.101\Sdks\Microsoft.NET.Sdk\targets\Microsoft.NET.Sdk.DefaultItems.targets(41,5): message :         ;bin\Debug\/**;obj\Debug\/**;bin\/**;obj\/**;**/*.user;**/*.*proj" (previous value: "
       C:\Program Files\dotnet\sdk\10.0.101\Sdks\Microsoft.NET.Sdk\targets\Microsoft.NET.Sdk.DefaultItems.targets(41,5): message :           ;
       C:\Program Files\dotnet\sdk\10.0.101\Sdks\Microsoft.NET.Sdk\targets\Microsoft.NET.Sdk.DefaultItems.targets(41,5): message :           Magidesk.Api\**;
       C:\Program Files\dotnet\sdk\10.0.101\Sdks\Microsoft.NET.Sdk\targets\Microsoft.NET.Sdk.DefaultItems.targets(41,5): message :           Magidesk.Application\**;
       C:\Program Files\dotnet\sdk\10.0.101\Sdks\Microsoft.NET.Sdk\targets\Microsoft.NET.Sdk.DefaultItems.targets(41,5): message :           Magidesk.Domain\**;
       C:\Program Files\dotnet\sdk\10.0.101\Sdks\Microsoft.NET.Sdk\targets\Microsoft.NET.Sdk.DefaultItems.targets(41,5): message :           Magidesk.Infrastructure\**;
       C:\Program Files\dotnet\sdk\10.0.101\Sdks\Microsoft.NET.Sdk\targets\Microsoft.NET.Sdk.DefaultItems.targets(41,5): message :           Magidesk.Migrations\**;
       C:\Program Files\dotnet\sdk\10.0.101\Sdks\Microsoft.NET.Sdk\targets\Microsoft.NET.Sdk.DefaultItems.targets(41,5): message :           Magidesk.Application.Tests\**;
       C:\Program Files\dotnet\sdk\10.0.101\Sdks\Microsoft.NET.Sdk\targets\Microsoft.NET.Sdk.DefaultItems.targets(41,5): message :           Magidesk.Domain.Tests\**;
       C:\Program Files\dotnet\sdk\10.0.101\Sdks\Microsoft.NET.Sdk\targets\Microsoft.NET.Sdk.DefaultItems.targets(41,5): message :           Magidesk.Infrastructure.Tests\**;
       C:\Program Files\dotnet\sdk\10.0.101\Sdks\Microsoft.NET.Sdk\targets\Microsoft.NET.Sdk.DefaultItems.targets(41,5): message :           generate_pins.cs;
       C:\Program Files\dotnet\sdk\10.0.101\Sdks\Microsoft.NET.Sdk\targets\Microsoft.NET.Sdk.DefaultItems.targets(41,5): message :           terminals\**;
       C:\Program Files\dotnet\sdk\10.0.101\Sdks\Microsoft.NET.Sdk\targets\Microsoft.NET.Sdk.DefaultItems.targets(41,5): message :           memory-bank\**;
       C:\Program Files\dotnet\sdk\10.0.101\Sdks\Microsoft.NET.Sdk\targets\Microsoft.NET.Sdk.DefaultItems.targets(41,5): message :           bin\**;
       C:\Program Files\dotnet\sdk\10.0.101\Sdks\Microsoft.NET.Sdk\targets\Microsoft.NET.Sdk.DefaultItems.targets(41,5): message :           obj\**
       C:\Program Files\dotnet\sdk\10.0.101\Sdks\Microsoft.NET.Sdk\targets\Microsoft.NET.Sdk.DefaultItems.targets(41,5): message :         ;bin\Debug\/**;obj\Debug\/**;bin\/**;obj\/**;**/*.user") at C:\Program Files\dotnet\sdk\10.0.101\Sdks\Microsoft.NET.Sdk\targets\Microsoft.NET.Sdk.DefaultItems.targets (41,5)
       C:\Program Files\dotnet\sdk\10.0.101\Sdks\Microsoft.NET.Sdk\targets\Microsoft.NET.Sdk.DefaultItems.targets(42,5): message : Property reassignment: $(DefaultItemExcludes)="
       C:\Program Files\dotnet\sdk\10.0.101\Sdks\Microsoft.NET.Sdk\targets\Microsoft.NET.Sdk.DefaultItems.targets(42,5): message :           ;
       C:\Program Files\dotnet\sdk\10.0.101\Sdks\Microsoft.NET.Sdk\targets\Microsoft.NET.Sdk.DefaultItems.targets(42,5): message :           Magidesk.Api\**;
       C:\Program Files\dotnet\sdk\10.0.101\Sdks\Microsoft.NET.Sdk\targets\Microsoft.NET.Sdk.DefaultItems.targets(42,5): message :           Magidesk.Application\**;
       C:\Program Files\dotnet\sdk\10.0.101\Sdks\Microsoft.NET.Sdk\targets\Microsoft.NET.Sdk.DefaultItems.targets(42,5): message :           Magidesk.Domain\**;
       C:\Program Files\dotnet\sdk\10.0.101\Sdks\Microsoft.NET.Sdk\targets\Microsoft.NET.Sdk.DefaultItems.targets(42,5): message :           Magidesk.Infrastructure\**;
       C:\Program Files\dotnet\sdk\10.0.101\Sdks\Microsoft.NET.Sdk\targets\Microsoft.NET.Sdk.DefaultItems.targets(42,5): message :           Magidesk.Migrations\**;
       C:\Program Files\dotnet\sdk\10.0.101\Sdks\Microsoft.NET.Sdk\targets\Microsoft.NET.Sdk.DefaultItems.targets(42,5): message :           Magidesk.Application.Tests\**;
       C:\Program Files\dotnet\sdk\10.0.101\Sdks\Microsoft.NET.Sdk\targets\Microsoft.NET.Sdk.DefaultItems.targets(42,5): message :           Magidesk.Domain.Tests\**;
       C:\Program Files\dotnet\sdk\10.0.101\Sdks\Microsoft.NET.Sdk\targets\Microsoft.NET.Sdk.DefaultItems.targets(42,5): message :           Magidesk.Infrastructure.Tests\**;
       C:\Program Files\dotnet\sdk\10.0.101\Sdks\Microsoft.NET.Sdk\targets\Microsoft.NET.Sdk.DefaultItems.targets(42,5): message :           generate_pins.cs;
       C:\Program Files\dotnet\sdk\10.0.101\Sdks\Microsoft.NET.Sdk\targets\Microsoft.NET.Sdk.DefaultItems.targets(42,5): message :           terminals\**;
       C:\Program Files\dotnet\sdk\10.0.101\Sdks\Microsoft.NET.Sdk\targets\Microsoft.NET.Sdk.DefaultItems.targets(42,5): message :           memory-bank\**;
       C:\Program Files\dotnet\sdk\10.0.101\Sdks\Microsoft.NET.Sdk\targets\Microsoft.NET.Sdk.DefaultItems.targets(42,5): message :           bin\**;
       C:\Program Files\dotnet\sdk\10.0.101\Sdks\Microsoft.NET.Sdk\targets\Microsoft.NET.Sdk.DefaultItems.targets(42,5): message :           obj\**
       C:\Program Files\dotnet\sdk\10.0.101\Sdks\Microsoft.NET.Sdk\targets\Microsoft.NET.Sdk.DefaultItems.targets(42,5): message :         ;bin\Debug\/**;obj\Debug\/**;bin\/**;obj\/**;**/*.user;**/*.*proj;**/*.sln" (previous value: "
       C:\Program Files\dotnet\sdk\10.0.101\Sdks\Microsoft.NET.Sdk\targets\Microsoft.NET.Sdk.DefaultItems.targets(42,5): message :           ;
       C:\Program Files\dotnet\sdk\10.0.101\Sdks\Microsoft.NET.Sdk\targets\Microsoft.NET.Sdk.DefaultItems.targets(42,5): message :           Magidesk.Api\**;
       C:\Program Files\dotnet\sdk\10.0.101\Sdks\Microsoft.NET.Sdk\targets\Microsoft.NET.Sdk.DefaultItems.targets(42,5): message :           Magidesk.Application\**;
       C:\Program Files\dotnet\sdk\10.0.101\Sdks\Microsoft.NET.Sdk\targets\Microsoft.NET.Sdk.DefaultItems.targets(42,5): message :           Magidesk.Domain\**;
       C:\Program Files\dotnet\sdk\10.0.101\Sdks\Microsoft.NET.Sdk\targets\Microsoft.NET.Sdk.DefaultItems.targets(42,5): message :           Magidesk.Infrastructure\**;
       C:\Program Files\dotnet\sdk\10.0.101\Sdks\Microsoft.NET.Sdk\targets\Microsoft.NET.Sdk.DefaultItems.targets(42,5): message :           Magidesk.Migrations\**;
       C:\Program Files\dotnet\sdk\10.0.101\Sdks\Microsoft.NET.Sdk\targets\Microsoft.NET.Sdk.DefaultItems.targets(42,5): message :           Magidesk.Application.Tests\**;
       C:\Program Files\dotnet\sdk\10.0.101\Sdks\Microsoft.NET.Sdk\targets\Microsoft.NET.Sdk.DefaultItems.targets(42,5): message :           Magidesk.Domain.Tests\**;
       C:\Program Files\dotnet\sdk\10.0.101\Sdks\Microsoft.NET.Sdk\targets\Microsoft.NET.Sdk.DefaultItems.targets(42,5): message :           Magidesk.Infrastructure.Tests\**;
       C:\Program Files\dotnet\sdk\10.0.101\Sdks\Microsoft.NET.Sdk\targets\Microsoft.NET.Sdk.DefaultItems.targets(42,5): message :           generate_pins.cs;
       C:\Program Files\dotnet\sdk\10.0.101\Sdks\Microsoft.NET.Sdk\targets\Microsoft.NET.Sdk.DefaultItems.targets(42,5): message :           terminals\**;
       C:\Program Files\dotnet\sdk\10.0.101\Sdks\Microsoft.NET.Sdk\targets\Microsoft.NET.Sdk.DefaultItems.targets(42,5): message :           memory-bank\**;
       C:\Program Files\dotnet\sdk\10.0.101\Sdks\Microsoft.NET.Sdk\targets\Microsoft.NET.Sdk.DefaultItems.targets(42,5): message :           bin\**;
       C:\Program Files\dotnet\sdk\10.0.101\Sdks\Microsoft.NET.Sdk\targets\Microsoft.NET.Sdk.DefaultItems.targets(42,5): message :           obj\**
       C:\Program Files\dotnet\sdk\10.0.101\Sdks\Microsoft.NET.Sdk\targets\Microsoft.NET.Sdk.DefaultItems.targets(42,5): message :         ;bin\Debug\/**;obj\Debug\/**;bin\/**;obj\/**;**/*.user;**/*.*proj") at C:\Program Files\dotnet\sdk\10.0.101\Sdks\Microsoft.NET.Sdk\targets\Microsoft.NET.Sdk.DefaultItems.targets (42,5)
       C:\Program Files\dotnet\sdk\10.0.101\Sdks\Microsoft.NET.Sdk\targets\Microsoft.NET.Sdk.DefaultItems.targets(43,5): message : Property reassignment: $(DefaultItemExcludes)="
       C:\Program Files\dotnet\sdk\10.0.101\Sdks\Microsoft.NET.Sdk\targets\Microsoft.NET.Sdk.DefaultItems.targets(43,5): message :           ;
       C:\Program Files\dotnet\sdk\10.0.101\Sdks\Microsoft.NET.Sdk\targets\Microsoft.NET.Sdk.DefaultItems.targets(43,5): message :           Magidesk.Api\**;
       C:\Program Files\dotnet\sdk\10.0.101\Sdks\Microsoft.NET.Sdk\targets\Microsoft.NET.Sdk.DefaultItems.targets(43,5): message :           Magidesk.Application\**;
       C:\Program Files\dotnet\sdk\10.0.101\Sdks\Microsoft.NET.Sdk\targets\Microsoft.NET.Sdk.DefaultItems.targets(43,5): message :           Magidesk.Domain\**;
       C:\Program Files\dotnet\sdk\10.0.101\Sdks\Microsoft.NET.Sdk\targets\Microsoft.NET.Sdk.DefaultItems.targets(43,5): message :           Magidesk.Infrastructure\**;
       C:\Program Files\dotnet\sdk\10.0.101\Sdks\Microsoft.NET.Sdk\targets\Microsoft.NET.Sdk.DefaultItems.targets(43,5): message :           Magidesk.Migrations\**;
       C:\Program Files\dotnet\sdk\10.0.101\Sdks\Microsoft.NET.Sdk\targets\Microsoft.NET.Sdk.DefaultItems.targets(43,5): message :           Magidesk.Application.Tests\**;
       C:\Program Files\dotnet\sdk\10.0.101\Sdks\Microsoft.NET.Sdk\targets\Microsoft.NET.Sdk.DefaultItems.targets(43,5): message :           Magidesk.Domain.Tests\**;
       C:\Program Files\dotnet\sdk\10.0.101\Sdks\Microsoft.NET.Sdk\targets\Microsoft.NET.Sdk.DefaultItems.targets(43,5): message :           Magidesk.Infrastructure.Tests\**;
       C:\Program Files\dotnet\sdk\10.0.101\Sdks\Microsoft.NET.Sdk\targets\Microsoft.NET.Sdk.DefaultItems.targets(43,5): message :           generate_pins.cs;
       C:\Program Files\dotnet\sdk\10.0.101\Sdks\Microsoft.NET.Sdk\targets\Microsoft.NET.Sdk.DefaultItems.targets(43,5): message :           terminals\**;
       C:\Program Files\dotnet\sdk\10.0.101\Sdks\Microsoft.NET.Sdk\targets\Microsoft.NET.Sdk.DefaultItems.targets(43,5): message :           memory-bank\**;
       C:\Program Files\dotnet\sdk\10.0.101\Sdks\Microsoft.NET.Sdk\targets\Microsoft.NET.Sdk.DefaultItems.targets(43,5): message :           bin\**;
       C:\Program Files\dotnet\sdk\10.0.101\Sdks\Microsoft.NET.Sdk\targets\Microsoft.NET.Sdk.DefaultItems.targets(43,5): message :           obj\**
       C:\Program Files\dotnet\sdk\10.0.101\Sdks\Microsoft.NET.Sdk\targets\Microsoft.NET.Sdk.DefaultItems.targets(43,5): message :         ;bin\Debug\/**;obj\Debug\/**;bin\/**;obj\/**;**/*.user;**/*.*proj;**/*.sln;**/*.slnx" (previous value: "
       C:\Program Files\dotnet\sdk\10.0.101\Sdks\Microsoft.NET.Sdk\targets\Microsoft.NET.Sdk.DefaultItems.targets(43,5): message :           ;
       C:\Program Files\dotnet\sdk\10.0.101\Sdks\Microsoft.NET.Sdk\targets\Microsoft.NET.Sdk.DefaultItems.targets(43,5): message :           Magidesk.Api\**;
       C:\Program Files\dotnet\sdk\10.0.101\Sdks\Microsoft.NET.Sdk\targets\Microsoft.NET.Sdk.DefaultItems.targets(43,5): message :           Magidesk.Application\**;
       C:\Program Files\dotnet\sdk\10.0.101\Sdks\Microsoft.NET.Sdk\targets\Microsoft.NET.Sdk.DefaultItems.targets(43,5): message :           Magidesk.Domain\**;
       C:\Program Files\dotnet\sdk\10.0.101\Sdks\Microsoft.NET.Sdk\targets\Microsoft.NET.Sdk.DefaultItems.targets(43,5): message :           Magidesk.Infrastructure\**;
       C:\Program Files\dotnet\sdk\10.0.101\Sdks\Microsoft.NET.Sdk\targets\Microsoft.NET.Sdk.DefaultItems.targets(43,5): message :           Magidesk.Migrations\**;
       C:\Program Files\dotnet\sdk\10.0.101\Sdks\Microsoft.NET.Sdk\targets\Microsoft.NET.Sdk.DefaultItems.targets(43,5): message :           Magidesk.Application.Tests\**;
       C:\Program Files\dotnet\sdk\10.0.101\Sdks\Microsoft.NET.Sdk\targets\Microsoft.NET.Sdk.DefaultItems.targets(43,5): message :           Magidesk.Domain.Tests\**;
       C:\Program Files\dotnet\sdk\10.0.101\Sdks\Microsoft.NET.Sdk\targets\Microsoft.NET.Sdk.DefaultItems.targets(43,5): message :           Magidesk.Infrastructure.Tests\**;
       C:\Program Files\dotnet\sdk\10.0.101\Sdks\Microsoft.NET.Sdk\targets\Microsoft.NET.Sdk.DefaultItems.targets(43,5): message :           generate_pins.cs;
       C:\Program Files\dotnet\sdk\10.0.101\Sdks\Microsoft.NET.Sdk\targets\Microsoft.NET.Sdk.DefaultItems.targets(43,5): message :           terminals\**;
       C:\Program Files\dotnet\sdk\10.0.101\Sdks\Microsoft.NET.Sdk\targets\Microsoft.NET.Sdk.DefaultItems.targets(43,5): message :           memory-bank\**;
       C:\Program Files\dotnet\sdk\10.0.101\Sdks\Microsoft.NET.Sdk\targets\Microsoft.NET.Sdk.DefaultItems.targets(43,5): message :           bin\**;
       C:\Program Files\dotnet\sdk\10.0.101\Sdks\Microsoft.NET.Sdk\targets\Microsoft.NET.Sdk.DefaultItems.targets(43,5): message :           obj\**
       C:\Program Files\dotnet\sdk\10.0.101\Sdks\Microsoft.NET.Sdk\targets\Microsoft.NET.Sdk.DefaultItems.targets(43,5): message :         ;bin\Debug\/**;obj\Debug\/**;bin\/**;obj\/**;**/*.user;**/*.*proj;**/*.sln") at C:\Program Files\dotnet\sdk\10.0.101\Sdks\Microsoft.NET.Sdk\targets\Microsoft.NET.Sdk.DefaultItems.targets (43,5)
       C:\Program Files\dotnet\sdk\10.0.101\Sdks\Microsoft.NET.Sdk\targets\Microsoft.NET.Sdk.DefaultItems.targets(44,5): message : Property reassignment: $(DefaultItemExcludes)="
       C:\Program Files\dotnet\sdk\10.0.101\Sdks\Microsoft.NET.Sdk\targets\Microsoft.NET.Sdk.DefaultItems.targets(44,5): message :           ;
       C:\Program Files\dotnet\sdk\10.0.101\Sdks\Microsoft.NET.Sdk\targets\Microsoft.NET.Sdk.DefaultItems.targets(44,5): message :           Magidesk.Api\**;
       C:\Program Files\dotnet\sdk\10.0.101\Sdks\Microsoft.NET.Sdk\targets\Microsoft.NET.Sdk.DefaultItems.targets(44,5): message :           Magidesk.Application\**;
       C:\Program Files\dotnet\sdk\10.0.101\Sdks\Microsoft.NET.Sdk\targets\Microsoft.NET.Sdk.DefaultItems.targets(44,5): message :           Magidesk.Domain\**;
       C:\Program Files\dotnet\sdk\10.0.101\Sdks\Microsoft.NET.Sdk\targets\Microsoft.NET.Sdk.DefaultItems.targets(44,5): message :           Magidesk.Infrastructure\**;
       C:\Program Files\dotnet\sdk\10.0.101\Sdks\Microsoft.NET.Sdk\targets\Microsoft.NET.Sdk.DefaultItems.targets(44,5): message :           Magidesk.Migrations\**;
       C:\Program Files\dotnet\sdk\10.0.101\Sdks\Microsoft.NET.Sdk\targets\Microsoft.NET.Sdk.DefaultItems.targets(44,5): message :           Magidesk.Application.Tests\**;
       C:\Program Files\dotnet\sdk\10.0.101\Sdks\Microsoft.NET.Sdk\targets\Microsoft.NET.Sdk.DefaultItems.targets(44,5): message :           Magidesk.Domain.Tests\**;
       C:\Program Files\dotnet\sdk\10.0.101\Sdks\Microsoft.NET.Sdk\targets\Microsoft.NET.Sdk.DefaultItems.targets(44,5): message :           Magidesk.Infrastructure.Tests\**;
       C:\Program Files\dotnet\sdk\10.0.101\Sdks\Microsoft.NET.Sdk\targets\Microsoft.NET.Sdk.DefaultItems.targets(44,5): message :           generate_pins.cs;
       C:\Program Files\dotnet\sdk\10.0.101\Sdks\Microsoft.NET.Sdk\targets\Microsoft.NET.Sdk.DefaultItems.targets(44,5): message :           terminals\**;
       C:\Program Files\dotnet\sdk\10.0.101\Sdks\Microsoft.NET.Sdk\targets\Microsoft.NET.Sdk.DefaultItems.targets(44,5): message :           memory-bank\**;
       C:\Program Files\dotnet\sdk\10.0.101\Sdks\Microsoft.NET.Sdk\targets\Microsoft.NET.Sdk.DefaultItems.targets(44,5): message :           bin\**;
       C:\Program Files\dotnet\sdk\10.0.101\Sdks\Microsoft.NET.Sdk\targets\Microsoft.NET.Sdk.DefaultItems.targets(44,5): message :           obj\**
       C:\Program Files\dotnet\sdk\10.0.101\Sdks\Microsoft.NET.Sdk\targets\Microsoft.NET.Sdk.DefaultItems.targets(44,5): message :         ;bin\Debug\/**;obj\Debug\/**;bin\/**;obj\/**;**/*.user;**/*.*proj;**/*.sln;**/*.slnx;**/*.vssscc" (previous value: "
       C:\Program Files\dotnet\sdk\10.0.101\Sdks\Microsoft.NET.Sdk\targets\Microsoft.NET.Sdk.DefaultItems.targets(44,5): message :           ;
       C:\Program Files\dotnet\sdk\10.0.101\Sdks\Microsoft.NET.Sdk\targets\Microsoft.NET.Sdk.DefaultItems.targets(44,5): message :           Magidesk.Api\**;
       C:\Program Files\dotnet\sdk\10.0.101\Sdks\Microsoft.NET.Sdk\targets\Microsoft.NET.Sdk.DefaultItems.targets(44,5): message :           Magidesk.Application\**;
       C:\Program Files\dotnet\sdk\10.0.101\Sdks\Microsoft.NET.Sdk\targets\Microsoft.NET.Sdk.DefaultItems.targets(44,5): message :           Magidesk.Domain\**;
       C:\Program Files\dotnet\sdk\10.0.101\Sdks\Microsoft.NET.Sdk\targets\Microsoft.NET.Sdk.DefaultItems.targets(44,5): message :           Magidesk.Infrastructure\**;
       C:\Program Files\dotnet\sdk\10.0.101\Sdks\Microsoft.NET.Sdk\targets\Microsoft.NET.Sdk.DefaultItems.targets(44,5): message :           Magidesk.Migrations\**;
       C:\Program Files\dotnet\sdk\10.0.101\Sdks\Microsoft.NET.Sdk\targets\Microsoft.NET.Sdk.DefaultItems.targets(44,5): message :           Magidesk.Application.Tests\**;
       C:\Program Files\dotnet\sdk\10.0.101\Sdks\Microsoft.NET.Sdk\targets\Microsoft.NET.Sdk.DefaultItems.targets(44,5): message :           Magidesk.Domain.Tests\**;
       C:\Program Files\dotnet\sdk\10.0.101\Sdks\Microsoft.NET.Sdk\targets\Microsoft.NET.Sdk.DefaultItems.targets(44,5): message :           Magidesk.Infrastructure.Tests\**;
       C:\Program Files\dotnet\sdk\10.0.101\Sdks\Microsoft.NET.Sdk\targets\Microsoft.NET.Sdk.DefaultItems.targets(44,5): message :           generate_pins.cs;
       C:\Program Files\dotnet\sdk\10.0.101\Sdks\Microsoft.NET.Sdk\targets\Microsoft.NET.Sdk.DefaultItems.targets(44,5): message :           terminals\**;
       C:\Program Files\dotnet\sdk\10.0.101\Sdks\Microsoft.NET.Sdk\targets\Microsoft.NET.Sdk.DefaultItems.targets(44,5): message :           memory-bank\**;
       C:\Program Files\dotnet\sdk\10.0.101\Sdks\Microsoft.NET.Sdk\targets\Microsoft.NET.Sdk.DefaultItems.targets(44,5): message :           bin\**;
       C:\Program Files\dotnet\sdk\10.0.101\Sdks\Microsoft.NET.Sdk\targets\Microsoft.NET.Sdk.DefaultItems.targets(44,5): message :           obj\**
       C:\Program Files\dotnet\sdk\10.0.101\Sdks\Microsoft.NET.Sdk\targets\Microsoft.NET.Sdk.DefaultItems.targets(44,5): message :         ;bin\Debug\/**;obj\Debug\/**;bin\/**;obj\/**;**/*.user;**/*.*proj;**/*.sln;**/*.slnx") at C:\Program Files\dotnet\sdk\10.0.101\Sdks\Microsoft.NET.Sdk\targets\Microsoft.NET.Sdk.DefaultItems.targets (44,5)
       C:\Program Files\dotnet\sdk\10.0.101\Sdks\Microsoft.NET.Sdk\targets\Microsoft.NET.Sdk.DefaultItems.targets(45,5): message : Property reassignment: $(DefaultItemExcludes)="
       C:\Program Files\dotnet\sdk\10.0.101\Sdks\Microsoft.NET.Sdk\targets\Microsoft.NET.Sdk.DefaultItems.targets(45,5): message :           ;
       C:\Program Files\dotnet\sdk\10.0.101\Sdks\Microsoft.NET.Sdk\targets\Microsoft.NET.Sdk.DefaultItems.targets(45,5): message :           Magidesk.Api\**;
       C:\Program Files\dotnet\sdk\10.0.101\Sdks\Microsoft.NET.Sdk\targets\Microsoft.NET.Sdk.DefaultItems.targets(45,5): message :           Magidesk.Application\**;
       C:\Program Files\dotnet\sdk\10.0.101\Sdks\Microsoft.NET.Sdk\targets\Microsoft.NET.Sdk.DefaultItems.targets(45,5): message :           Magidesk.Domain\**;
       C:\Program Files\dotnet\sdk\10.0.101\Sdks\Microsoft.NET.Sdk\targets\Microsoft.NET.Sdk.DefaultItems.targets(45,5): message :           Magidesk.Infrastructure\**;
       C:\Program Files\dotnet\sdk\10.0.101\Sdks\Microsoft.NET.Sdk\targets\Microsoft.NET.Sdk.DefaultItems.targets(45,5): message :           Magidesk.Migrations\**;
       C:\Program Files\dotnet\sdk\10.0.101\Sdks\Microsoft.NET.Sdk\targets\Microsoft.NET.Sdk.DefaultItems.targets(45,5): message :           Magidesk.Application.Tests\**;
       C:\Program Files\dotnet\sdk\10.0.101\Sdks\Microsoft.NET.Sdk\targets\Microsoft.NET.Sdk.DefaultItems.targets(45,5): message :           Magidesk.Domain.Tests\**;
       C:\Program Files\dotnet\sdk\10.0.101\Sdks\Microsoft.NET.Sdk\targets\Microsoft.NET.Sdk.DefaultItems.targets(45,5): message :           Magidesk.Infrastructure.Tests\**;
       C:\Program Files\dotnet\sdk\10.0.101\Sdks\Microsoft.NET.Sdk\targets\Microsoft.NET.Sdk.DefaultItems.targets(45,5): message :           generate_pins.cs;
       C:\Program Files\dotnet\sdk\10.0.101\Sdks\Microsoft.NET.Sdk\targets\Microsoft.NET.Sdk.DefaultItems.targets(45,5): message :           terminals\**;
       C:\Program Files\dotnet\sdk\10.0.101\Sdks\Microsoft.NET.Sdk\targets\Microsoft.NET.Sdk.DefaultItems.targets(45,5): message :           memory-bank\**;
       C:\Program Files\dotnet\sdk\10.0.101\Sdks\Microsoft.NET.Sdk\targets\Microsoft.NET.Sdk.DefaultItems.targets(45,5): message :           bin\**;
       C:\Program Files\dotnet\sdk\10.0.101\Sdks\Microsoft.NET.Sdk\targets\Microsoft.NET.Sdk.DefaultItems.targets(45,5): message :           obj\**
       C:\Program Files\dotnet\sdk\10.0.101\Sdks\Microsoft.NET.Sdk\targets\Microsoft.NET.Sdk.DefaultItems.targets(45,5): message :         ;bin\Debug\/**;obj\Debug\/**;bin\/**;obj\/**;**/*.user;**/*.*proj;**/*.sln;**/*.slnx;**/*.vssscc;**/.DS_Store" (previous value: "
       C:\Program Files\dotnet\sdk\10.0.101\Sdks\Microsoft.NET.Sdk\targets\Microsoft.NET.Sdk.DefaultItems.targets(45,5): message :           ;
       C:\Program Files\dotnet\sdk\10.0.101\Sdks\Microsoft.NET.Sdk\targets\Microsoft.NET.Sdk.DefaultItems.targets(45,5): message :           Magidesk.Api\**;
       C:\Program Files\dotnet\sdk\10.0.101\Sdks\Microsoft.NET.Sdk\targets\Microsoft.NET.Sdk.DefaultItems.targets(45,5): message :           Magidesk.Application\**;
       C:\Program Files\dotnet\sdk\10.0.101\Sdks\Microsoft.NET.Sdk\targets\Microsoft.NET.Sdk.DefaultItems.targets(45,5): message :           Magidesk.Domain\**;
       C:\Program Files\dotnet\sdk\10.0.101\Sdks\Microsoft.NET.Sdk\targets\Microsoft.NET.Sdk.DefaultItems.targets(45,5): message :           Magidesk.Infrastructure\**;
       C:\Program Files\dotnet\sdk\10.0.101\Sdks\Microsoft.NET.Sdk\targets\Microsoft.NET.Sdk.DefaultItems.targets(45,5): message :           Magidesk.Migrations\**;
       C:\Program Files\dotnet\sdk\10.0.101\Sdks\Microsoft.NET.Sdk\targets\Microsoft.NET.Sdk.DefaultItems.targets(45,5): message :           Magidesk.Application.Tests\**;
       C:\Program Files\dotnet\sdk\10.0.101\Sdks\Microsoft.NET.Sdk\targets\Microsoft.NET.Sdk.DefaultItems.targets(45,5): message :           Magidesk.Domain.Tests\**;
       C:\Program Files\dotnet\sdk\10.0.101\Sdks\Microsoft.NET.Sdk\targets\Microsoft.NET.Sdk.DefaultItems.targets(45,5): message :           Magidesk.Infrastructure.Tests\**;
       C:\Program Files\dotnet\sdk\10.0.101\Sdks\Microsoft.NET.Sdk\targets\Microsoft.NET.Sdk.DefaultItems.targets(45,5): message :           generate_pins.cs;
       C:\Program Files\dotnet\sdk\10.0.101\Sdks\Microsoft.NET.Sdk\targets\Microsoft.NET.Sdk.DefaultItems.targets(45,5): message :           terminals\**;
       C:\Program Files\dotnet\sdk\10.0.101\Sdks\Microsoft.NET.Sdk\targets\Microsoft.NET.Sdk.DefaultItems.targets(45,5): message :           memory-bank\**;
       C:\Program Files\dotnet\sdk\10.0.101\Sdks\Microsoft.NET.Sdk\targets\Microsoft.NET.Sdk.DefaultItems.targets(45,5): message :           bin\**;
       C:\Program Files\dotnet\sdk\10.0.101\Sdks\Microsoft.NET.Sdk\targets\Microsoft.NET.Sdk.DefaultItems.targets(45,5): message :           obj\**
       C:\Program Files\dotnet\sdk\10.0.101\Sdks\Microsoft.NET.Sdk\targets\Microsoft.NET.Sdk.DefaultItems.targets(45,5): message :         ;bin\Debug\/**;obj\Debug\/**;bin\/**;obj\/**;**/*.user;**/*.*proj;**/*.sln;**/*.slnx;**/*.vssscc") at C:\Program Files\dotnet\sdk\10.0.101\Sdks\Microsoft.NET.Sdk\targets\Microsoft.NET.Sdk.DefaultItems.targets (45,5)
       C:\Program Files\dotnet\sdk\10.0.101\Sdks\Microsoft.NET.Sdk\targets\Microsoft.NET.Sdk.FrameworkReferenceResolution.targets(14,5): message : Property reassignment: $(ResolveAssemblyReferencesDependsOn)="
       C:\Program Files\dotnet\sdk\10.0.101\Sdks\Microsoft.NET.Sdk\targets\Microsoft.NET.Sdk.FrameworkReferenceResolution.targets(14,5): message :       
       C:\Program Files\dotnet\sdk\10.0.101\Sdks\Microsoft.NET.Sdk\targets\Microsoft.NET.Sdk.FrameworkReferenceResolution.targets(14,5): message :       
       C:\Program Files\dotnet\sdk\10.0.101\Sdks\Microsoft.NET.Sdk\targets\Microsoft.NET.Sdk.FrameworkReferenceResolution.targets(14,5): message :       ResolveProjectReferences;
       C:\Program Files\dotnet\sdk\10.0.101\Sdks\Microsoft.NET.Sdk\targets\Microsoft.NET.Sdk.FrameworkReferenceResolution.targets(14,5): message :       FindInvalidProjectReferences;
       C:\Program Files\dotnet\sdk\10.0.101\Sdks\Microsoft.NET.Sdk\targets\Microsoft.NET.Sdk.FrameworkReferenceResolution.targets(14,5): message :       GetFrameworkPaths;
       C:\Program Files\dotnet\sdk\10.0.101\Sdks\Microsoft.NET.Sdk\targets\Microsoft.NET.Sdk.FrameworkReferenceResolution.targets(14,5): message :       GetReferenceAssemblyPaths;
       C:\Program Files\dotnet\sdk\10.0.101\Sdks\Microsoft.NET.Sdk\targets\Microsoft.NET.Sdk.FrameworkReferenceResolution.targets(14,5): message :       PrepareForBuild;
       C:\Program Files\dotnet\sdk\10.0.101\Sdks\Microsoft.NET.Sdk\targets\Microsoft.NET.Sdk.FrameworkReferenceResolution.targets(14,5): message :       ResolveSDKReferences;
       C:\Program Files\dotnet\sdk\10.0.101\Sdks\Microsoft.NET.Sdk\targets\Microsoft.NET.Sdk.FrameworkReferenceResolution.targets(14,5): message :       ExpandSDKReferences;
       C:\Program Files\dotnet\sdk\10.0.101\Sdks\Microsoft.NET.Sdk\targets\Microsoft.NET.Sdk.FrameworkReferenceResolution.targets(14,5): message :     ;
       C:\Program Files\dotnet\sdk\10.0.101\Sdks\Microsoft.NET.Sdk\targets\Microsoft.NET.Sdk.FrameworkReferenceResolution.targets(14,5): message :       ResolvePackageDependenciesForBuild;
       C:\Program Files\dotnet\sdk\10.0.101\Sdks\Microsoft.NET.Sdk\targets\Microsoft.NET.Sdk.FrameworkReferenceResolution.targets(14,5): message :       _HandlePackageFileConflicts;
       C:\Program Files\dotnet\sdk\10.0.101\Sdks\Microsoft.NET.Sdk\targets\Microsoft.NET.Sdk.FrameworkReferenceResolution.targets(14,5): message :     ;
       C:\Program Files\dotnet\sdk\10.0.101\Sdks\Microsoft.NET.Sdk\targets\Microsoft.NET.Sdk.FrameworkReferenceResolution.targets(14,5): message :       ResolveTargetingPackAssets;
       C:\Program Files\dotnet\sdk\10.0.101\Sdks\Microsoft.NET.Sdk\targets\Microsoft.NET.Sdk.FrameworkReferenceResolution.targets(14,5): message :     " (previous value: "
       C:\Program Files\dotnet\sdk\10.0.101\Sdks\Microsoft.NET.Sdk\targets\Microsoft.NET.Sdk.FrameworkReferenceResolution.targets(14,5): message :       
       C:\Program Files\dotnet\sdk\10.0.101\Sdks\Microsoft.NET.Sdk\targets\Microsoft.NET.Sdk.FrameworkReferenceResolution.targets(14,5): message :       ResolveProjectReferences;
       C:\Program Files\dotnet\sdk\10.0.101\Sdks\Microsoft.NET.Sdk\targets\Microsoft.NET.Sdk.FrameworkReferenceResolution.targets(14,5): message :       FindInvalidProjectReferences;
       C:\Program Files\dotnet\sdk\10.0.101\Sdks\Microsoft.NET.Sdk\targets\Microsoft.NET.Sdk.FrameworkReferenceResolution.targets(14,5): message :       GetFrameworkPaths;
       C:\Program Files\dotnet\sdk\10.0.101\Sdks\Microsoft.NET.Sdk\targets\Microsoft.NET.Sdk.FrameworkReferenceResolution.targets(14,5): message :       GetReferenceAssemblyPaths;
       C:\Program Files\dotnet\sdk\10.0.101\Sdks\Microsoft.NET.Sdk\targets\Microsoft.NET.Sdk.FrameworkReferenceResolution.targets(14,5): message :       PrepareForBuild;
       C:\Program Files\dotnet\sdk\10.0.101\Sdks\Microsoft.NET.Sdk\targets\Microsoft.NET.Sdk.FrameworkReferenceResolution.targets(14,5): message :       ResolveSDKReferences;
       C:\Program Files\dotnet\sdk\10.0.101\Sdks\Microsoft.NET.Sdk\targets\Microsoft.NET.Sdk.FrameworkReferenceResolution.targets(14,5): message :       ExpandSDKReferences;
       C:\Program Files\dotnet\sdk\10.0.101\Sdks\Microsoft.NET.Sdk\targets\Microsoft.NET.Sdk.FrameworkReferenceResolution.targets(14,5): message :     ;
       C:\Program Files\dotnet\sdk\10.0.101\Sdks\Microsoft.NET.Sdk\targets\Microsoft.NET.Sdk.FrameworkReferenceResolution.targets(14,5): message :       ResolvePackageDependenciesForBuild;
       C:\Program Files\dotnet\sdk\10.0.101\Sdks\Microsoft.NET.Sdk\targets\Microsoft.NET.Sdk.FrameworkReferenceResolution.targets(14,5): message :       _HandlePackageFileConflicts;
       C:\Program Files\dotnet\sdk\10.0.101\Sdks\Microsoft.NET.Sdk\targets\Microsoft.NET.Sdk.FrameworkReferenceResolution.targets(14,5): message :     ") at C:\Program Files\dotnet\sdk\10.0.101\Sdks\Microsoft.NET.Sdk\targets\Microsoft.NET.Sdk.FrameworkReferenceResolution.targets (14,5)
       C:\Program Files\dotnet\sdk\10.0.101\Sdks\Microsoft.NET.Sdk\targets\Microsoft.NET.Sdk.targets(44,5): message : Property reassignment: $(_GenerateRuntimeConfigurationPropertyInputsCache)="C:\Users\giris\Documents\Code\Redesign-POS\Windows Based POS\Magidesk\obj\Debug\net8.0-windows10.0.19041.0\Magidesk.Presentation.genruntimeconfig.cache" (previous value: "obj\Debug\net8.0-windows10.0.19041.0\Magidesk.Presentation.genruntimeconfig.cache") at C:\Program Files\dotnet\sdk\10.0.101\Sdks\Microsoft.NET.Sdk\targets\Microsoft.NET.Sdk.targets (44,5)
       C:\Program Files\dotnet\sdk\10.0.101\Sdks\Microsoft.NET.Sdk\targets\Microsoft.NET.Sdk.targets(46,5): message : Property reassignment: $(_GeneratePublishDependencyFilePropertyInputsCache)="C:\Users\giris\Documents\Code\Redesign-POS\Windows Based POS\Magidesk\obj\Debug\net8.0-windows10.0.19041.0\Magidesk.Presentation.genpublishdeps.cache" (previous value: "obj\Debug\net8.0-windows10.0.19041.0\Magidesk.Presentation.genpublishdeps.cache") at C:\Program Files\dotnet\sdk\10.0.101\Sdks\Microsoft.NET.Sdk\targets\Microsoft.NET.Sdk.targets (46,5)
       C:\Program Files\dotnet\sdk\10.0.101\Sdks\Microsoft.NET.Sdk\targets\Microsoft.NET.Sdk.targets(48,5): message : Property reassignment: $(_GenerateSingleFileBundlePropertyInputsCache)="C:\Users\giris\Documents\Code\Redesign-POS\Windows Based POS\Magidesk\obj\Debug\net8.0-windows10.0.19041.0\Magidesk.Presentation.genbundle.cache" (previous value: "obj\Debug\net8.0-windows10.0.19041.0\Magidesk.Presentation.genbundle.cache") at C:\Program Files\dotnet\sdk\10.0.101\Sdks\Microsoft.NET.Sdk\targets\Microsoft.NET.Sdk.targets (48,5)
       C:\Program Files\dotnet\sdk\10.0.101\Sdks\Microsoft.NET.Sdk\targets\Microsoft.NET.Sdk.targets(81,5): message : Property reassignment: $(GenerateRuntimeConfigDevFile)="false" (previous value: "true") at C:\Program Files\dotnet\sdk\10.0.101\Sdks\Microsoft.NET.Sdk\targets\Microsoft.NET.Sdk.targets (81,5)
       C:\Program Files\dotnet\sdk\10.0.101\Sdks\Microsoft.NET.Sdk\targets\Microsoft.NET.Sdk.targets(98,5): message : Property 'USERPROFILE' with value 'C:\Users\giris' expanded from the environment.
       C:\Program Files\dotnet\sdk\10.0.101\Sdks\Microsoft.NET.Sdk\targets\Microsoft.NET.Sdk.targets(98,5): message : Property reassignment: $(_DefaultUserProfileRuntimeStorePath)="C:\Users\giris" (previous value: "") at C:\Program Files\dotnet\sdk\10.0.101\Sdks\Microsoft.NET.Sdk\targets\Microsoft.NET.Sdk.targets (98,5)
       C:\Program Files\dotnet\sdk\10.0.101\Sdks\Microsoft.NET.Sdk\targets\Microsoft.NET.Sdk.targets(99,5): message : Property reassignment: $(_DefaultUserProfileRuntimeStorePath)="C:\Users\giris\.dotnet\store" (previous value: "C:\Users\giris") at C:\Program Files\dotnet\sdk\10.0.101\Sdks\Microsoft.NET.Sdk\targets\Microsoft.NET.Sdk.targets (99,5)
       C:\Program Files\dotnet\sdk\10.0.101\Sdks\Microsoft.NET.Sdk\targets\Microsoft.NET.Sdk.targets(144,5): message : Property reassignment: $(AvailablePlatforms)="Any CPU,x86,x64,ARM32" (previous value: "Any CPU,x86,x64") at C:\Program Files\dotnet\sdk\10.0.101\Sdks\Microsoft.NET.Sdk\targets\Microsoft.NET.Sdk.targets (144,5)
       C:\Program Files\dotnet\sdk\10.0.101\Sdks\Microsoft.NET.Sdk\targets\Microsoft.NET.Sdk.targets(148,5): message : Property reassignment: $(AvailablePlatforms)="Any CPU,x86,x64,ARM32,ARM64" (previous value: "Any CPU,x86,x64,ARM32") at C:\Program Files\dotnet\sdk\10.0.101\Sdks\Microsoft.NET.Sdk\targets\Microsoft.NET.Sdk.targets (148,5)
       C:\Program Files\dotnet\sdk\10.0.101\Sdks\Microsoft.NET.Sdk\targets\Microsoft.NET.Sdk.targets(204,5): message : Property reassignment: $(CoreBuildDependsOn)="
       C:\Program Files\dotnet\sdk\10.0.101\Sdks\Microsoft.NET.Sdk\targets\Microsoft.NET.Sdk.targets(204,5): message :       _CheckForBuildWithNoBuild;
       C:\Program Files\dotnet\sdk\10.0.101\Sdks\Microsoft.NET.Sdk\targets\Microsoft.NET.Sdk.targets(204,5): message :       
       C:\Program Files\dotnet\sdk\10.0.101\Sdks\Microsoft.NET.Sdk\targets\Microsoft.NET.Sdk.targets(204,5): message :       BuildOnlySettings;
       C:\Program Files\dotnet\sdk\10.0.101\Sdks\Microsoft.NET.Sdk\targets\Microsoft.NET.Sdk.targets(204,5): message :       PrepareForBuild;
       C:\Program Files\dotnet\sdk\10.0.101\Sdks\Microsoft.NET.Sdk\targets\Microsoft.NET.Sdk.targets(204,5): message :       PreBuildEvent;
       C:\Program Files\dotnet\sdk\10.0.101\Sdks\Microsoft.NET.Sdk\targets\Microsoft.NET.Sdk.targets(204,5): message :       ResolveReferences;
       C:\Program Files\dotnet\sdk\10.0.101\Sdks\Microsoft.NET.Sdk\targets\Microsoft.NET.Sdk.targets(204,5): message :       PrepareResources;
       C:\Program Files\dotnet\sdk\10.0.101\Sdks\Microsoft.NET.Sdk\targets\Microsoft.NET.Sdk.targets(204,5): message :       ResolveKeySource;
       C:\Program Files\dotnet\sdk\10.0.101\Sdks\Microsoft.NET.Sdk\targets\Microsoft.NET.Sdk.targets(204,5): message :       Compile;
       C:\Program Files\dotnet\sdk\10.0.101\Sdks\Microsoft.NET.Sdk\targets\Microsoft.NET.Sdk.targets(204,5): message :       ExportWindowsMDFile;
       C:\Program Files\dotnet\sdk\10.0.101\Sdks\Microsoft.NET.Sdk\targets\Microsoft.NET.Sdk.targets(204,5): message :       UnmanagedUnregistration;
       C:\Program Files\dotnet\sdk\10.0.101\Sdks\Microsoft.NET.Sdk\targets\Microsoft.NET.Sdk.targets(204,5): message :       GenerateSerializationAssemblies;
       C:\Program Files\dotnet\sdk\10.0.101\Sdks\Microsoft.NET.Sdk\targets\Microsoft.NET.Sdk.targets(204,5): message :       CreateSatelliteAssemblies;
       C:\Program Files\dotnet\sdk\10.0.101\Sdks\Microsoft.NET.Sdk\targets\Microsoft.NET.Sdk.targets(204,5): message :       GenerateManifests;
       C:\Program Files\dotnet\sdk\10.0.101\Sdks\Microsoft.NET.Sdk\targets\Microsoft.NET.Sdk.targets(204,5): message :       GetTargetPath;
       C:\Program Files\dotnet\sdk\10.0.101\Sdks\Microsoft.NET.Sdk\targets\Microsoft.NET.Sdk.targets(204,5): message :       PrepareForRun;
       C:\Program Files\dotnet\sdk\10.0.101\Sdks\Microsoft.NET.Sdk\targets\Microsoft.NET.Sdk.targets(204,5): message :       UnmanagedRegistration;
       C:\Program Files\dotnet\sdk\10.0.101\Sdks\Microsoft.NET.Sdk\targets\Microsoft.NET.Sdk.targets(204,5): message :       IncrementalClean;
       C:\Program Files\dotnet\sdk\10.0.101\Sdks\Microsoft.NET.Sdk\targets\Microsoft.NET.Sdk.targets(204,5): message :       PostBuildEvent
       C:\Program Files\dotnet\sdk\10.0.101\Sdks\Microsoft.NET.Sdk\targets\Microsoft.NET.Sdk.targets(204,5): message :     ;
       C:\Program Files\dotnet\sdk\10.0.101\Sdks\Microsoft.NET.Sdk\targets\Microsoft.NET.Sdk.targets(204,5): message :       GenerateBuildDependencyFile;
       C:\Program Files\dotnet\sdk\10.0.101\Sdks\Microsoft.NET.Sdk\targets\Microsoft.NET.Sdk.targets(204,5): message :       GenerateBuildRuntimeConfigurationFiles
       C:\Program Files\dotnet\sdk\10.0.101\Sdks\Microsoft.NET.Sdk\targets\Microsoft.NET.Sdk.targets(204,5): message :     " (previous value: "
       C:\Program Files\dotnet\sdk\10.0.101\Sdks\Microsoft.NET.Sdk\targets\Microsoft.NET.Sdk.targets(204,5): message :       BuildOnlySettings;
       C:\Program Files\dotnet\sdk\10.0.101\Sdks\Microsoft.NET.Sdk\targets\Microsoft.NET.Sdk.targets(204,5): message :       PrepareForBuild;
       C:\Program Files\dotnet\sdk\10.0.101\Sdks\Microsoft.NET.Sdk\targets\Microsoft.NET.Sdk.targets(204,5): message :       PreBuildEvent;
       C:\Program Files\dotnet\sdk\10.0.101\Sdks\Microsoft.NET.Sdk\targets\Microsoft.NET.Sdk.targets(204,5): message :       ResolveReferences;
       C:\Program Files\dotnet\sdk\10.0.101\Sdks\Microsoft.NET.Sdk\targets\Microsoft.NET.Sdk.targets(204,5): message :       PrepareResources;
       C:\Program Files\dotnet\sdk\10.0.101\Sdks\Microsoft.NET.Sdk\targets\Microsoft.NET.Sdk.targets(204,5): message :       ResolveKeySource;
       C:\Program Files\dotnet\sdk\10.0.101\Sdks\Microsoft.NET.Sdk\targets\Microsoft.NET.Sdk.targets(204,5): message :       Compile;
       C:\Program Files\dotnet\sdk\10.0.101\Sdks\Microsoft.NET.Sdk\targets\Microsoft.NET.Sdk.targets(204,5): message :       ExportWindowsMDFile;
       C:\Program Files\dotnet\sdk\10.0.101\Sdks\Microsoft.NET.Sdk\targets\Microsoft.NET.Sdk.targets(204,5): message :       UnmanagedUnregistration;
       C:\Program Files\dotnet\sdk\10.0.101\Sdks\Microsoft.NET.Sdk\targets\Microsoft.NET.Sdk.targets(204,5): message :       GenerateSerializationAssemblies;
       C:\Program Files\dotnet\sdk\10.0.101\Sdks\Microsoft.NET.Sdk\targets\Microsoft.NET.Sdk.targets(204,5): message :       CreateSatelliteAssemblies;
       C:\Program Files\dotnet\sdk\10.0.101\Sdks\Microsoft.NET.Sdk\targets\Microsoft.NET.Sdk.targets(204,5): message :       GenerateManifests;
       C:\Program Files\dotnet\sdk\10.0.101\Sdks\Microsoft.NET.Sdk\targets\Microsoft.NET.Sdk.targets(204,5): message :       GetTargetPath;
       C:\Program Files\dotnet\sdk\10.0.101\Sdks\Microsoft.NET.Sdk\targets\Microsoft.NET.Sdk.targets(204,5): message :       PrepareForRun;
       C:\Program Files\dotnet\sdk\10.0.101\Sdks\Microsoft.NET.Sdk\targets\Microsoft.NET.Sdk.targets(204,5): message :       UnmanagedRegistration;
       C:\Program Files\dotnet\sdk\10.0.101\Sdks\Microsoft.NET.Sdk\targets\Microsoft.NET.Sdk.targets(204,5): message :       IncrementalClean;
       C:\Program Files\dotnet\sdk\10.0.101\Sdks\Microsoft.NET.Sdk\targets\Microsoft.NET.Sdk.targets(204,5): message :       PostBuildEvent
       C:\Program Files\dotnet\sdk\10.0.101\Sdks\Microsoft.NET.Sdk\targets\Microsoft.NET.Sdk.targets(204,5): message :     ") at C:\Program Files\dotnet\sdk\10.0.101\Sdks\Microsoft.NET.Sdk\targets\Microsoft.NET.Sdk.targets (204,5)
       C:\Program Files\dotnet\sdk\10.0.101\Sdks\Microsoft.NET.Sdk\targets\Microsoft.NET.Sdk.targets(213,5): message : Property reassignment: $(CoreCleanDependsOn)="
       C:\Program Files\dotnet\sdk\10.0.101\Sdks\Microsoft.NET.Sdk\targets\Microsoft.NET.Sdk.targets(213,5): message :       _SdkBeforeClean;
       C:\Program Files\dotnet\sdk\10.0.101\Sdks\Microsoft.NET.Sdk\targets\Microsoft.NET.Sdk.targets(213,5): message :       
       C:\Program Files\dotnet\sdk\10.0.101\Sdks\Microsoft.NET.Sdk\targets\Microsoft.NET.Sdk.targets(213,5): message :     " (previous value: "") at C:\Program Files\dotnet\sdk\10.0.101\Sdks\Microsoft.NET.Sdk\targets\Microsoft.NET.Sdk.targets (213,5)
       C:\Program Files\dotnet\sdk\10.0.101\Sdks\Microsoft.NET.Sdk\targets\Microsoft.NET.Sdk.targets(220,5): message : Property reassignment: $(RebuildDependsOn)="
       C:\Program Files\dotnet\sdk\10.0.101\Sdks\Microsoft.NET.Sdk\targets\Microsoft.NET.Sdk.targets(220,5): message :       _SdkBeforeRebuild;
       C:\Program Files\dotnet\sdk\10.0.101\Sdks\Microsoft.NET.Sdk\targets\Microsoft.NET.Sdk.targets(220,5): message :       
       C:\Program Files\dotnet\sdk\10.0.101\Sdks\Microsoft.NET.Sdk\targets\Microsoft.NET.Sdk.targets(220,5): message :       BeforeRebuild;
       C:\Program Files\dotnet\sdk\10.0.101\Sdks\Microsoft.NET.Sdk\targets\Microsoft.NET.Sdk.targets(220,5): message :       Clean;
       C:\Program Files\dotnet\sdk\10.0.101\Sdks\Microsoft.NET.Sdk\targets\Microsoft.NET.Sdk.targets(220,5): message :       Build;
       C:\Program Files\dotnet\sdk\10.0.101\Sdks\Microsoft.NET.Sdk\targets\Microsoft.NET.Sdk.targets(220,5): message :       AfterRebuild;
       C:\Program Files\dotnet\sdk\10.0.101\Sdks\Microsoft.NET.Sdk\targets\Microsoft.NET.Sdk.targets(220,5): message :     
       C:\Program Files\dotnet\sdk\10.0.101\Sdks\Microsoft.NET.Sdk\targets\Microsoft.NET.Sdk.targets(220,5): message :     " (previous value: "
       C:\Program Files\dotnet\sdk\10.0.101\Sdks\Microsoft.NET.Sdk\targets\Microsoft.NET.Sdk.targets(220,5): message :       BeforeRebuild;
       C:\Program Files\dotnet\sdk\10.0.101\Sdks\Microsoft.NET.Sdk\targets\Microsoft.NET.Sdk.targets(220,5): message :       Clean;
       C:\Program Files\dotnet\sdk\10.0.101\Sdks\Microsoft.NET.Sdk\targets\Microsoft.NET.Sdk.targets(220,5): message :       Build;
       C:\Program Files\dotnet\sdk\10.0.101\Sdks\Microsoft.NET.Sdk\targets\Microsoft.NET.Sdk.targets(220,5): message :       AfterRebuild;
       C:\Program Files\dotnet\sdk\10.0.101\Sdks\Microsoft.NET.Sdk\targets\Microsoft.NET.Sdk.targets(220,5): message :     ") at C:\Program Files\dotnet\sdk\10.0.101\Sdks\Microsoft.NET.Sdk\targets\Microsoft.NET.Sdk.targets (220,5)
       C:\Program Files\dotnet\sdk\10.0.101\Sdks\Microsoft.NET.Sdk\targets\Microsoft.NET.Sdk.targets(799,5): message : Property reassignment: $(CompileDependsOn)="
       C:\Program Files\dotnet\sdk\10.0.101\Sdks\Microsoft.NET.Sdk\targets\Microsoft.NET.Sdk.targets(799,5): message :       
       C:\Program Files\dotnet\sdk\10.0.101\Sdks\Microsoft.NET.Sdk\targets\Microsoft.NET.Sdk.targets(799,5): message :       ResolveReferences;
       C:\Program Files\dotnet\sdk\10.0.101\Sdks\Microsoft.NET.Sdk\targets\Microsoft.NET.Sdk.targets(799,5): message :       ResolveKeySource;
       C:\Program Files\dotnet\sdk\10.0.101\Sdks\Microsoft.NET.Sdk\targets\Microsoft.NET.Sdk.targets(799,5): message :       SetWin32ManifestProperties;
       C:\Program Files\dotnet\sdk\10.0.101\Sdks\Microsoft.NET.Sdk\targets\Microsoft.NET.Sdk.targets(799,5): message :       _SetPreferNativeArm64Win32ManifestProperties;
       C:\Program Files\dotnet\sdk\10.0.101\Sdks\Microsoft.NET.Sdk\targets\Microsoft.NET.Sdk.targets(799,5): message :       FindReferenceAssembliesForReferences;
       C:\Program Files\dotnet\sdk\10.0.101\Sdks\Microsoft.NET.Sdk\targets\Microsoft.NET.Sdk.targets(799,5): message :       _GenerateCompileInputs;
       C:\Program Files\dotnet\sdk\10.0.101\Sdks\Microsoft.NET.Sdk\targets\Microsoft.NET.Sdk.targets(799,5): message :       BeforeCompile;
       C:\Program Files\dotnet\sdk\10.0.101\Sdks\Microsoft.NET.Sdk\targets\Microsoft.NET.Sdk.targets(799,5): message :       _TimeStampBeforeCompile;
       C:\Program Files\dotnet\sdk\10.0.101\Sdks\Microsoft.NET.Sdk\targets\Microsoft.NET.Sdk.targets(799,5): message :       _GenerateCompileDependencyCache;
       C:\Program Files\dotnet\sdk\10.0.101\Sdks\Microsoft.NET.Sdk\targets\Microsoft.NET.Sdk.targets(799,5): message :       CoreCompile;
       C:\Program Files\dotnet\sdk\10.0.101\Sdks\Microsoft.NET.Sdk\targets\Microsoft.NET.Sdk.targets(799,5): message :       _TimeStampAfterCompile;
       C:\Program Files\dotnet\sdk\10.0.101\Sdks\Microsoft.NET.Sdk\targets\Microsoft.NET.Sdk.targets(799,5): message :       AfterCompile;
       C:\Program Files\dotnet\sdk\10.0.101\Sdks\Microsoft.NET.Sdk\targets\Microsoft.NET.Sdk.targets(799,5): message :     ;
       C:\Program Files\dotnet\sdk\10.0.101\Sdks\Microsoft.NET.Sdk\targets\Microsoft.NET.Sdk.targets(799,5): message :       _CreateAppHost;
       C:\Program Files\dotnet\sdk\10.0.101\Sdks\Microsoft.NET.Sdk\targets\Microsoft.NET.Sdk.targets(799,5): message :       _CreateComHost;
       C:\Program Files\dotnet\sdk\10.0.101\Sdks\Microsoft.NET.Sdk\targets\Microsoft.NET.Sdk.targets(799,5): message :       _GetIjwHostPaths;
       C:\Program Files\dotnet\sdk\10.0.101\Sdks\Microsoft.NET.Sdk\targets\Microsoft.NET.Sdk.targets(799,5): message :     " (previous value: "
       C:\Program Files\dotnet\sdk\10.0.101\Sdks\Microsoft.NET.Sdk\targets\Microsoft.NET.Sdk.targets(799,5): message :       ResolveReferences;
       C:\Program Files\dotnet\sdk\10.0.101\Sdks\Microsoft.NET.Sdk\targets\Microsoft.NET.Sdk.targets(799,5): message :       ResolveKeySource;
       C:\Program Files\dotnet\sdk\10.0.101\Sdks\Microsoft.NET.Sdk\targets\Microsoft.NET.Sdk.targets(799,5): message :       SetWin32ManifestProperties;
       C:\Program Files\dotnet\sdk\10.0.101\Sdks\Microsoft.NET.Sdk\targets\Microsoft.NET.Sdk.targets(799,5): message :       _SetPreferNativeArm64Win32ManifestProperties;
       C:\Program Files\dotnet\sdk\10.0.101\Sdks\Microsoft.NET.Sdk\targets\Microsoft.NET.Sdk.targets(799,5): message :       FindReferenceAssembliesForReferences;
       C:\Program Files\dotnet\sdk\10.0.101\Sdks\Microsoft.NET.Sdk\targets\Microsoft.NET.Sdk.targets(799,5): message :       _GenerateCompileInputs;
       C:\Program Files\dotnet\sdk\10.0.101\Sdks\Microsoft.NET.Sdk\targets\Microsoft.NET.Sdk.targets(799,5): message :       BeforeCompile;
       C:\Program Files\dotnet\sdk\10.0.101\Sdks\Microsoft.NET.Sdk\targets\Microsoft.NET.Sdk.targets(799,5): message :       _TimeStampBeforeCompile;
       C:\Program Files\dotnet\sdk\10.0.101\Sdks\Microsoft.NET.Sdk\targets\Microsoft.NET.Sdk.targets(799,5): message :       _GenerateCompileDependencyCache;
       C:\Program Files\dotnet\sdk\10.0.101\Sdks\Microsoft.NET.Sdk\targets\Microsoft.NET.Sdk.targets(799,5): message :       CoreCompile;
       C:\Program Files\dotnet\sdk\10.0.101\Sdks\Microsoft.NET.Sdk\targets\Microsoft.NET.Sdk.targets(799,5): message :       _TimeStampAfterCompile;
       C:\Program Files\dotnet\sdk\10.0.101\Sdks\Microsoft.NET.Sdk\targets\Microsoft.NET.Sdk.targets(799,5): message :       AfterCompile;
       C:\Program Files\dotnet\sdk\10.0.101\Sdks\Microsoft.NET.Sdk\targets\Microsoft.NET.Sdk.targets(799,5): message :     ") at C:\Program Files\dotnet\sdk\10.0.101\Sdks\Microsoft.NET.Sdk\targets\Microsoft.NET.Sdk.targets (799,5)
       C:\Program Files\dotnet\sdk\10.0.101\Sdks\Microsoft.NET.Sdk\targets\Microsoft.NET.Sdk.targets(1131,5): message : Property reassignment: $(CreateSatelliteAssembliesDependsOn)="
       C:\Program Files\dotnet\sdk\10.0.101\Sdks\Microsoft.NET.Sdk\targets\Microsoft.NET.Sdk.targets(1131,5): message :       
       C:\Program Files\dotnet\sdk\10.0.101\Sdks\Microsoft.NET.Sdk\targets\Microsoft.NET.Sdk.targets(1131,5): message :       ;
       C:\Program Files\dotnet\sdk\10.0.101\Sdks\Microsoft.NET.Sdk\targets\Microsoft.NET.Sdk.targets(1131,5): message :       _GenerateSatelliteAssemblyInputs;
       C:\Program Files\dotnet\sdk\10.0.101\Sdks\Microsoft.NET.Sdk\targets\Microsoft.NET.Sdk.targets(1131,5): message :       ComputeIntermediateSatelliteAssemblies;
       C:\Program Files\dotnet\sdk\10.0.101\Sdks\Microsoft.NET.Sdk\targets\Microsoft.NET.Sdk.targets(1131,5): message :       GenerateSatelliteAssemblies
       C:\Program Files\dotnet\sdk\10.0.101\Sdks\Microsoft.NET.Sdk\targets\Microsoft.NET.Sdk.targets(1131,5): message :     ;
       C:\Program Files\dotnet\sdk\10.0.101\Sdks\Microsoft.NET.Sdk\targets\Microsoft.NET.Sdk.targets(1131,5): message :       CoreGenerateSatelliteAssemblies
       C:\Program Files\dotnet\sdk\10.0.101\Sdks\Microsoft.NET.Sdk\targets\Microsoft.NET.Sdk.targets(1131,5): message :     " (previous value: "
       C:\Program Files\dotnet\sdk\10.0.101\Sdks\Microsoft.NET.Sdk\targets\Microsoft.NET.Sdk.targets(1131,5): message :       ;
       C:\Program Files\dotnet\sdk\10.0.101\Sdks\Microsoft.NET.Sdk\targets\Microsoft.NET.Sdk.targets(1131,5): message :       _GenerateSatelliteAssemblyInputs;
       C:\Program Files\dotnet\sdk\10.0.101\Sdks\Microsoft.NET.Sdk\targets\Microsoft.NET.Sdk.targets(1131,5): message :       ComputeIntermediateSatelliteAssemblies;
       C:\Program Files\dotnet\sdk\10.0.101\Sdks\Microsoft.NET.Sdk\targets\Microsoft.NET.Sdk.targets(1131,5): message :       GenerateSatelliteAssemblies
       C:\Program Files\dotnet\sdk\10.0.101\Sdks\Microsoft.NET.Sdk\targets\Microsoft.NET.Sdk.targets(1131,5): message :     ") at C:\Program Files\dotnet\sdk\10.0.101\Sdks\Microsoft.NET.Sdk\targets\Microsoft.NET.Sdk.targets (1131,5)
       C:\Program Files\dotnet\sdk\10.0.101\Sdks\Microsoft.SourceLink.GitLab\build\Microsoft.SourceLink.GitLab.targets(12,5): message : Property reassignment: $(SourceLinkUrlInitializerTargets)=";_InitializeGitHubSourceLinkUrl;_InitializeGitLabSourceLinkUrl" (previous value: ";_InitializeGitHubSourceLinkUrl") at C:\Program Files\dotnet\sdk\10.0.101\Sdks\Microsoft.SourceLink.GitLab\build\Microsoft.SourceLink.GitLab.targets (12,5)
       C:\Program Files\dotnet\sdk\10.0.101\Sdks\Microsoft.SourceLink.GitLab\build\Microsoft.SourceLink.GitLab.targets(13,5): message : Property reassignment: $(SourceControlManagerUrlTranslationTargets)=";TranslateGitHubUrlsInSourceControlInformation;TranslateGitLabUrlsInSourceControlInformation" (previous value: ";TranslateGitHubUrlsInSourceControlInformation") at C:\Program Files\dotnet\sdk\10.0.101\Sdks\Microsoft.SourceLink.GitLab\build\Microsoft.SourceLink.GitLab.targets (13,5)
       C:\Program Files\dotnet\sdk\10.0.101\Sdks\Microsoft.SourceLink.AzureRepos.Git\build\Microsoft.SourceLink.AzureRepos.Git.targets(12,5): message : Property reassignment: $(SourceLinkUrlInitializerTargets)=";_InitializeGitHubSourceLinkUrl;_InitializeGitLabSourceLinkUrl;_InitializeAzureReposGitSourceLinkUrl" (previous value: ";_InitializeGitHubSourceLinkUrl;_InitializeGitLabSourceLinkUrl") at C:\Program Files\dotnet\sdk\10.0.101\Sdks\Microsoft.SourceLink.AzureRepos.Git\build\Microsoft.SourceLink.AzureRepos.Git.targets (12,5)
       C:\Program Files\dotnet\sdk\10.0.101\Sdks\Microsoft.SourceLink.AzureRepos.Git\build\Microsoft.SourceLink.AzureRepos.Git.targets(13,5): message : Property reassignment: $(SourceControlManagerUrlTranslationTargets)=";TranslateGitHubUrlsInSourceControlInformation;TranslateGitLabUrlsInSourceControlInformation;TranslateAzureReposGitUrlsInSourceControlInformation" (previous value: ";TranslateGitHubUrlsInSourceControlInformation;TranslateGitLabUrlsInSourceControlInformation") at C:\Program Files\dotnet\sdk\10.0.101\Sdks\Microsoft.SourceLink.AzureRepos.Git\build\Microsoft.SourceLink.AzureRepos.Git.targets (13,5)
       C:\Program Files\dotnet\sdk\10.0.101\Sdks\Microsoft.SourceLink.Bitbucket.Git\build\Microsoft.SourceLink.Bitbucket.Git.targets(12,5): message : Property reassignment: $(SourceLinkUrlInitializerTargets)=";_InitializeGitHubSourceLinkUrl;_InitializeGitLabSourceLinkUrl;_InitializeAzureReposGitSourceLinkUrl;_InitializeBitbucketGitSourceLinkUrl" (previous value: ";_InitializeGitHubSourceLinkUrl;_InitializeGitLabSourceLinkUrl;_InitializeAzureReposGitSourceLinkUrl") at C:\Program Files\dotnet\sdk\10.0.101\Sdks\Microsoft.SourceLink.Bitbucket.Git\build\Microsoft.SourceLink.Bitbucket.Git.targets (12,5)
       C:\Program Files\dotnet\sdk\10.0.101\Sdks\Microsoft.SourceLink.Bitbucket.Git\build\Microsoft.SourceLink.Bitbucket.Git.targets(13,5): message : Property reassignment: $(SourceControlManagerUrlTranslationTargets)=";TranslateGitHubUrlsInSourceControlInformation;TranslateGitLabUrlsInSourceControlInformation;TranslateAzureReposGitUrlsInSourceControlInformation;TranslateBitbucketGitUrlsInSourceControlInformation" (previous value: ";TranslateGitHubUrlsInSourceControlInformation;TranslateGitLabUrlsInSourceControlInformation;TranslateAzureReposGitUrlsInSourceControlInformation") at C:\Program Files\dotnet\sdk\10.0.101\Sdks\Microsoft.SourceLink.Bitbucket.Git\build\Microsoft.SourceLink.Bitbucket.Git.targets (13,5)
       C:\Program Files\dotnet\sdk\10.0.101\Sdks\Microsoft.NET.Sdk\targets\Microsoft.NET.DesignerSupport.targets(21,5): message : Property reassignment: $(DesignerRuntimeImplementationProjectOutputGroupDependsOn)="
       C:\Program Files\dotnet\sdk\10.0.101\Sdks\Microsoft.NET.Sdk\targets\Microsoft.NET.DesignerSupport.targets(21,5): message :       
       C:\Program Files\dotnet\sdk\10.0.101\Sdks\Microsoft.NET.Sdk\targets\Microsoft.NET.DesignerSupport.targets(21,5): message :       ;
       C:\Program Files\dotnet\sdk\10.0.101\Sdks\Microsoft.NET.Sdk\targets\Microsoft.NET.DesignerSupport.targets(21,5): message :       
       C:\Program Files\dotnet\sdk\10.0.101\Sdks\Microsoft.NET.Sdk\targets\Microsoft.NET.DesignerSupport.targets(21,5): message :       ;
       C:\Program Files\dotnet\sdk\10.0.101\Sdks\Microsoft.NET.Sdk\targets\Microsoft.NET.DesignerSupport.targets(21,5): message :       BuildOnlySettings;
       C:\Program Files\dotnet\sdk\10.0.101\Sdks\Microsoft.NET.Sdk\targets\Microsoft.NET.DesignerSupport.targets(21,5): message :       PrepareForBuild;
       C:\Program Files\dotnet\sdk\10.0.101\Sdks\Microsoft.NET.Sdk\targets\Microsoft.NET.DesignerSupport.targets(21,5): message :       AssignTargetPaths;
       C:\Program Files\dotnet\sdk\10.0.101\Sdks\Microsoft.NET.Sdk\targets\Microsoft.NET.DesignerSupport.targets(21,5): message :       ResolveReferences
       C:\Program Files\dotnet\sdk\10.0.101\Sdks\Microsoft.NET.Sdk\targets\Microsoft.NET.DesignerSupport.targets(21,5): message :     
       C:\Program Files\dotnet\sdk\10.0.101\Sdks\Microsoft.NET.Sdk\targets\Microsoft.NET.DesignerSupport.targets(21,5): message :     ;
       C:\Program Files\dotnet\sdk\10.0.101\Sdks\Microsoft.NET.Sdk\targets\Microsoft.NET.DesignerSupport.targets(21,5): message :       _GenerateDesignerDepsFile;
       C:\Program Files\dotnet\sdk\10.0.101\Sdks\Microsoft.NET.Sdk\targets\Microsoft.NET.DesignerSupport.targets(21,5): message :       _GenerateDesignerRuntimeConfigFile;
       C:\Program Files\dotnet\sdk\10.0.101\Sdks\Microsoft.NET.Sdk\targets\Microsoft.NET.DesignerSupport.targets(21,5): message :       GetCopyToOutputDirectoryItems;
       C:\Program Files\dotnet\sdk\10.0.101\Sdks\Microsoft.NET.Sdk\targets\Microsoft.NET.DesignerSupport.targets(21,5): message :       _GatherDesignerShadowCopyFiles;
       C:\Program Files\dotnet\sdk\10.0.101\Sdks\Microsoft.NET.Sdk\targets\Microsoft.NET.DesignerSupport.targets(21,5): message :     " (previous value: "
       C:\Program Files\dotnet\sdk\10.0.101\Sdks\Microsoft.NET.Sdk\targets\Microsoft.NET.DesignerSupport.targets(21,5): message :       ;
       C:\Program Files\dotnet\sdk\10.0.101\Sdks\Microsoft.NET.Sdk\targets\Microsoft.NET.DesignerSupport.targets(21,5): message :       
       C:\Program Files\dotnet\sdk\10.0.101\Sdks\Microsoft.NET.Sdk\targets\Microsoft.NET.DesignerSupport.targets(21,5): message :       ;
       C:\Program Files\dotnet\sdk\10.0.101\Sdks\Microsoft.NET.Sdk\targets\Microsoft.NET.DesignerSupport.targets(21,5): message :       BuildOnlySettings;
       C:\Program Files\dotnet\sdk\10.0.101\Sdks\Microsoft.NET.Sdk\targets\Microsoft.NET.DesignerSupport.targets(21,5): message :       PrepareForBuild;
       C:\Program Files\dotnet\sdk\10.0.101\Sdks\Microsoft.NET.Sdk\targets\Microsoft.NET.DesignerSupport.targets(21,5): message :       AssignTargetPaths;
       C:\Program Files\dotnet\sdk\10.0.101\Sdks\Microsoft.NET.Sdk\targets\Microsoft.NET.DesignerSupport.targets(21,5): message :       ResolveReferences
       C:\Program Files\dotnet\sdk\10.0.101\Sdks\Microsoft.NET.Sdk\targets\Microsoft.NET.DesignerSupport.targets(21,5): message :     
       C:\Program Files\dotnet\sdk\10.0.101\Sdks\Microsoft.NET.Sdk\targets\Microsoft.NET.DesignerSupport.targets(21,5): message :     ") at C:\Program Files\dotnet\sdk\10.0.101\Sdks\Microsoft.NET.Sdk\targets\Microsoft.NET.DesignerSupport.targets (21,5)
       C:\Program Files\dotnet\sdk\10.0.101\Sdks\Microsoft.NET.Sdk\targets\Microsoft.NET.Sdk.CSharp.targets(31,5): message : Property reassignment: $(DefineConstants)="TRACE;DEBUG" (previous value: "TRACE") at C:\Program Files\dotnet\sdk\10.0.101\Sdks\Microsoft.NET.Sdk\targets\Microsoft.NET.Sdk.CSharp.targets (31,5)
       C:\Program Files\dotnet\sdk\10.0.101\Sdks\Microsoft.NET.Sdk\targets\Microsoft.NET.Sdk.CSharp.targets(45,5): message : Property reassignment: $(WarningsAsErrors)=";NU1605;SYSLIB0011" (previous value: ";NU1605") at C:\Program Files\dotnet\sdk\10.0.101\Sdks\Microsoft.NET.Sdk\targets\Microsoft.NET.Sdk.CSharp.targets (45,5)
       C:\Program Files\dotnet\sdk\10.0.101\Sdks\Microsoft.NET.Sdk\targets\Microsoft.NET.Windows.targets(239,5): message : Property reassignment: $(_RunCsWinRTGeneratorPropertyInputsCachePath)="C:\Users\giris\Documents\Code\Redesign-POS\Windows Based POS\Magidesk\obj\Debug\net8.0-windows10.0.19041.0\Magidesk.Presentation.cswinrtgen.cache" (previous value: "obj\Debug\net8.0-windows10.0.19041.0\Magidesk.Presentation.cswinrtgen.cache") at C:\Program Files\dotnet\sdk\10.0.101\Sdks\Microsoft.NET.Sdk\targets\Microsoft.NET.Windows.targets (239,5)
       C:\Program Files\dotnet\sdk\10.0.101\NuGet.Build.Tasks.Pack.targets(34,5): message : Property reassignment: $(PackageDescription)="Package Description" (previous value: "") at C:\Program Files\dotnet\sdk\10.0.101\NuGet.Build.Tasks.Pack.targets (34,5)
       C:\Program Files\dotnet\sdk\10.0.101\NuGet.Build.Tasks.Pack.targets(59,5): message : Property reassignment: $(GenerateNuspecDependsOn)="Build;_LoadPackInputItems; _GetTargetFrameworksOutput; _WalkEachTargetPerFramework; _GetPackageFiles; " (previous value: "_LoadPackInputItems; _GetTargetFrameworksOutput; _WalkEachTargetPerFramework; _GetPackageFiles; ") at C:\Program Files\dotnet\sdk\10.0.101\NuGet.Build.Tasks.Pack.targets (59,5)
       C:\Program Files\dotnet\sdk\10.0.101\Sdks\Microsoft.NET.Sdk\Sdk\Sdk.targets(59,5): message : Property reassignment: $(_IsNotSetContainersTargetsDir)="true" (previous value: "false") at C:\Program Files\dotnet\sdk\10.0.101\Sdks\Microsoft.NET.Sdk\Sdk\Sdk.targets (59,5)
       C:\Program Files\dotnet\sdk\10.0.101\Containers\build\Microsoft.NET.Build.Containers.targets(5,5): message : Property reassignment: $(_IsSDKContainerAllowedVersion)="true" (previous value: "false") at C:\Program Files\dotnet\sdk\10.0.101\Containers\build\Microsoft.NET.Build.Containers.targets (5,5)
       C:\Program Files\dotnet\sdk\10.0.101\Containers\build\Microsoft.NET.Build.Containers.targets(15,5): message : Property reassignment: $(_ContainerIsTargetingNet8TFM)="true" (previous value: "false") at C:\Program Files\dotnet\sdk\10.0.101\Containers\build\Microsoft.NET.Build.Containers.targets (15,5)
       Overriding target "ResolveFrameworkReferences" in project "C:\Program Files\dotnet\sdk\10.0.101\Microsoft.Common.CurrentVersion.targets" with target "ResolveFrameworkReferences" from project "C:\Program Files\dotnet\sdk\10.0.101\Sdks\Microsoft.NET.Sdk\targets\Microsoft.NET.Sdk.FrameworkReferenceResolution.targets".
       Overriding target "GenerateSupportedTargetFrameworkAlias" in project "C:\Program Files\dotnet\sdk\10.0.101\Microsoft.Common.CurrentVersion.targets" with target "GenerateSupportedTargetFrameworkAlias" from project "C:\Program Files\dotnet\sdk\10.0.101\Sdks\Microsoft.NET.Sdk\targets\Microsoft.NET.Sdk.targets".
       Overriding target "GetReferenceAssemblyPaths" in project "C:\Program Files\dotnet\sdk\10.0.101\Microsoft.Common.CurrentVersion.targets" with target "GetReferenceAssemblyPaths" from project "C:\Program Files\dotnet\sdk\10.0.101\Sdks\Microsoft.NET.Sdk\targets\Microsoft.NET.DisableStandardFrameworkResolution.targets".
       Overriding target "GetFrameworkPaths" in project "C:\Program Files\dotnet\sdk\10.0.101\Microsoft.Common.CurrentVersion.targets" with target "GetFrameworkPaths" from project "C:\Program Files\dotnet\sdk\10.0.101\Sdks\Microsoft.NET.Sdk\targets\Microsoft.NET.DisableStandardFrameworkResolution.targets".
       Overriding target "DesignerRuntimeImplementationProjectOutputGroup" in project "C:\Program Files\dotnet\sdk\10.0.101\Microsoft.Common.CurrentVersion.targets" with target "DesignerRuntimeImplementationProjectOutputGroup" from project "C:\Program Files\dotnet\sdk\10.0.101\Sdks\Microsoft.NET.Sdk\targets\Microsoft.NET.DesignerSupport.targets".
       Overriding target "Publish" in project "C:\Program Files\dotnet\sdk\10.0.101\Microsoft.Common.CurrentVersion.targets" with target "Publish" from project "C:\Program Files\dotnet\sdk\10.0.101\Sdks\Microsoft.NET.Sdk\targets\Microsoft.NET.Publish.targets".
       Overriding target "ResolveReadyToRunCompilers" in project "C:\Program Files\dotnet\sdk\10.0.101\Sdks\Microsoft.NET.Sdk\targets\Microsoft.NET.CrossGen.targets" with target "ResolveReadyToRunCompilers" from project "C:\Program Files\dotnet\sdk\10.0.101\Sdks\Microsoft.NET.Sdk\targets\Microsoft.NET.Publish.targets".
       Overriding target "GetCopyToPublishDirectoryItems" in project "C:\Program Files\dotnet\sdk\10.0.101\Microsoft.Common.CurrentVersion.targets" with target "GetCopyToPublishDirectoryItems" from project "C:\Program Files\dotnet\sdk\10.0.101\Sdks\Microsoft.NET.Sdk\targets\Microsoft.NET.Publish.targets".
       Overriding target "Run" in project "C:\Program Files\dotnet\sdk\10.0.101\Microsoft.Common.CurrentVersion.targets" with target "Run" from project "C:\Program Files\dotnet\sdk\10.0.101\Sdks\Microsoft.NET.Sdk\targets\Microsoft.NET.Sdk.targets".
     1>Project "C:\Users\giris\Documents\Code\Redesign-POS\Windows Based POS\Magidesk\Magidesk.Presentation.csproj" on node 1 (Restore target(s)).
     1>Target "_LoadRestoreGraphEntryPoints" in file "C:\Program Files\dotnet\sdk\10.0.101\NuGet.targets" from project "C:\Users\giris\Documents\Code\Redesign-POS\Windows Based POS\Magidesk\Magidesk.Presentation.csproj" (target "_FilterRestoreGraphProjectInputItems" depends on it):
     1>Done building target "_LoadRestoreGraphEntryPoints" in project "Magidesk.Presentation.csproj".
     1>Target "_FilterRestoreGraphProjectInputItems" in file "C:\Program Files\dotnet\sdk\10.0.101\NuGet.targets" from project "C:\Users\giris\Documents\Code\Redesign-POS\Windows Based POS\Magidesk\Magidesk.Presentation.csproj" (target "_GenerateRestoreGraph" depends on it):
       Using "RemoveDuplicates" task from assembly "Microsoft.Build.Tasks.Core, Version=15.1.0.0, Culture=neutral, PublicKeyToken=b03f5f7f11d50a3a".
       Task "RemoveDuplicates"
       Done executing task "RemoveDuplicates".
       Using "MSBuild" task from assembly "Microsoft.Build.Tasks.Core, Version=15.1.0.0, Culture=neutral, PublicKeyToken=b03f5f7f11d50a3a".
       Task "MSBuild"
         Global Properties:
           ExcludeRestorePackageImports=true
     0>C:\Program Files\dotnet\sdk\10.0.101\Sdks\Microsoft.NET.Sdk\Sdk\Sdk.props(49,11): message : Property 'MSBuildExtensionsPath' with value 'C:\Program Files\dotnet\sdk\10.0.101\' expanded from the environment.
       C:\Program Files\dotnet\sdk\10.0.101\Current\Microsoft.Common.props(60,5): message : Property reassignment: $(MSBuildProjectExtensionsPath)="C:\Users\giris\Documents\Code\Redesign-POS\Windows Based POS\Magidesk\obj\" (previous value: "obj\") at C:\Program Files\dotnet\sdk\10.0.101\Current\Microsoft.Common.props (60,5)
       C:\Program Files\dotnet\sdk\10.0.101\Current\Microsoft.Common.props(84,119): message : Property 'MSBuildUserExtensionsPath' with value 'C:\Users\giris\AppData\Local\Microsoft\MSBuild' expanded from the environment.
       C:\Program Files\dotnet\sdk\10.0.101\Sdks\Microsoft.NET.Sdk\targets\Microsoft.NET.Sdk.props(90,5): message : Property reassignment: $(AssemblySearchPaths)="{CandidateAssemblyFiles};{HintPathFromItem}" (previous value: "{CandidateAssemblyFiles}") at C:\Program Files\dotnet\sdk\10.0.101\Sdks\Microsoft.NET.Sdk\targets\Microsoft.NET.Sdk.props (90,5)
       C:\Program Files\dotnet\sdk\10.0.101\Sdks\Microsoft.NET.Sdk\targets\Microsoft.NET.Sdk.props(91,5): message : Property reassignment: $(AssemblySearchPaths)="{CandidateAssemblyFiles};{HintPathFromItem};{TargetFrameworkDirectory}" (previous value: "{CandidateAssemblyFiles};{HintPathFromItem}") at C:\Program Files\dotnet\sdk\10.0.101\Sdks\Microsoft.NET.Sdk\targets\Microsoft.NET.Sdk.props (91,5)
       C:\Program Files\dotnet\sdk\10.0.101\Sdks\Microsoft.NET.Sdk\targets\Microsoft.NET.Sdk.props(92,5): message : Property reassignment: $(AssemblySearchPaths)="{CandidateAssemblyFiles};{HintPathFromItem};{TargetFrameworkDirectory};{RawFileName}" (previous value: "{CandidateAssemblyFiles};{HintPathFromItem};{TargetFrameworkDirectory}") at C:\Program Files\dotnet\sdk\10.0.101\Sdks\Microsoft.NET.Sdk\targets\Microsoft.NET.Sdk.props (92,5)
       C:\Users\giris\Documents\Code\Redesign-POS\Windows Based POS\Magidesk\Magidesk.Presentation.csproj(6,9): message : Property reassignment: $(OutputType)="WinExe" (previous value: "Library") at C:\Users\giris\Documents\Code\Redesign-POS\Windows Based POS\Magidesk\Magidesk.Presentation.csproj (6,9)
       C:\Users\giris\Documents\Code\Redesign-POS\Windows Based POS\Magidesk\Magidesk.Presentation.csproj(43,9): message : Property reassignment: $(Platforms)="x86;x64;ARM64" (previous value: "AnyCPU") at C:\Users\giris\Documents\Code\Redesign-POS\Windows Based POS\Magidesk\Magidesk.Presentation.csproj (43,9)
       C:\Program Files\dotnet\sdk\10.0.101\Sdks\Microsoft.NET.Sdk\targets\Microsoft.NET.Sdk.ImportPublishProfile.targets(28,5): message : Property reassignment: $(PublishProfileImported)="false" (previous value: "true") at C:\Program Files\dotnet\sdk\10.0.101\Sdks\Microsoft.NET.Sdk\targets\Microsoft.NET.Sdk.ImportPublishProfile.targets (28,5)
       C:\Program Files\dotnet\sdk\10.0.101\Sdks\Microsoft.NET.Sdk\targets\Microsoft.NET.TargetFrameworkInference.targets(84,5): message : Property reassignment: $(TargetPlatformIdentifier)="Windows" (previous value: "windows") at C:\Program Files\dotnet\sdk\10.0.101\Sdks\Microsoft.NET.Sdk\targets\Microsoft.NET.TargetFrameworkInference.targets (84,5)
       C:\Program Files\dotnet\sdk\10.0.101\Sdks\Microsoft.NET.Sdk\targets\Microsoft.NET.DefaultOutputPaths.targets(126,5): message : Property reassignment: $(DefaultItemExcludes)="
       C:\Program Files\dotnet\sdk\10.0.101\Sdks\Microsoft.NET.Sdk\targets\Microsoft.NET.DefaultOutputPaths.targets(126,5): message :           ;
       C:\Program Files\dotnet\sdk\10.0.101\Sdks\Microsoft.NET.Sdk\targets\Microsoft.NET.DefaultOutputPaths.targets(126,5): message :           Magidesk.Api\**;
       C:\Program Files\dotnet\sdk\10.0.101\Sdks\Microsoft.NET.Sdk\targets\Microsoft.NET.DefaultOutputPaths.targets(126,5): message :           Magidesk.Application\**;
       C:\Program Files\dotnet\sdk\10.0.101\Sdks\Microsoft.NET.Sdk\targets\Microsoft.NET.DefaultOutputPaths.targets(126,5): message :           Magidesk.Domain\**;
       C:\Program Files\dotnet\sdk\10.0.101\Sdks\Microsoft.NET.Sdk\targets\Microsoft.NET.DefaultOutputPaths.targets(126,5): message :           Magidesk.Infrastructure\**;
       C:\Program Files\dotnet\sdk\10.0.101\Sdks\Microsoft.NET.Sdk\targets\Microsoft.NET.DefaultOutputPaths.targets(126,5): message :           Magidesk.Migrations\**;
       C:\Program Files\dotnet\sdk\10.0.101\Sdks\Microsoft.NET.Sdk\targets\Microsoft.NET.DefaultOutputPaths.targets(126,5): message :           Magidesk.Application.Tests\**;
       C:\Program Files\dotnet\sdk\10.0.101\Sdks\Microsoft.NET.Sdk\targets\Microsoft.NET.DefaultOutputPaths.targets(126,5): message :           Magidesk.Domain.Tests\**;
       C:\Program Files\dotnet\sdk\10.0.101\Sdks\Microsoft.NET.Sdk\targets\Microsoft.NET.DefaultOutputPaths.targets(126,5): message :           Magidesk.Infrastructure.Tests\**;
       C:\Program Files\dotnet\sdk\10.0.101\Sdks\Microsoft.NET.Sdk\targets\Microsoft.NET.DefaultOutputPaths.targets(126,5): message :           generate_pins.cs;
       C:\Program Files\dotnet\sdk\10.0.101\Sdks\Microsoft.NET.Sdk\targets\Microsoft.NET.DefaultOutputPaths.targets(126,5): message :           terminals\**;
       C:\Program Files\dotnet\sdk\10.0.101\Sdks\Microsoft.NET.Sdk\targets\Microsoft.NET.DefaultOutputPaths.targets(126,5): message :           memory-bank\**;
       C:\Program Files\dotnet\sdk\10.0.101\Sdks\Microsoft.NET.Sdk\targets\Microsoft.NET.DefaultOutputPaths.targets(126,5): message :           bin\**;
       C:\Program Files\dotnet\sdk\10.0.101\Sdks\Microsoft.NET.Sdk\targets\Microsoft.NET.DefaultOutputPaths.targets(126,5): message :           obj\**
       C:\Program Files\dotnet\sdk\10.0.101\Sdks\Microsoft.NET.Sdk\targets\Microsoft.NET.DefaultOutputPaths.targets(126,5): message :         ;bin\Debug\/**" (previous value: "
       C:\Program Files\dotnet\sdk\10.0.101\Sdks\Microsoft.NET.Sdk\targets\Microsoft.NET.DefaultOutputPaths.targets(126,5): message :           ;
       C:\Program Files\dotnet\sdk\10.0.101\Sdks\Microsoft.NET.Sdk\targets\Microsoft.NET.DefaultOutputPaths.targets(126,5): message :           Magidesk.Api\**;
       C:\Program Files\dotnet\sdk\10.0.101\Sdks\Microsoft.NET.Sdk\targets\Microsoft.NET.DefaultOutputPaths.targets(126,5): message :           Magidesk.Application\**;
       C:\Program Files\dotnet\sdk\10.0.101\Sdks\Microsoft.NET.Sdk\targets\Microsoft.NET.DefaultOutputPaths.targets(126,5): message :           Magidesk.Domain\**;
       C:\Program Files\dotnet\sdk\10.0.101\Sdks\Microsoft.NET.Sdk\targets\Microsoft.NET.DefaultOutputPaths.targets(126,5): message :           Magidesk.Infrastructure\**;
       C:\Program Files\dotnet\sdk\10.0.101\Sdks\Microsoft.NET.Sdk\targets\Microsoft.NET.DefaultOutputPaths.targets(126,5): message :           Magidesk.Migrations\**;
       C:\Program Files\dotnet\sdk\10.0.101\Sdks\Microsoft.NET.Sdk\targets\Microsoft.NET.DefaultOutputPaths.targets(126,5): message :           Magidesk.Application.Tests\**;
       C:\Program Files\dotnet\sdk\10.0.101\Sdks\Microsoft.NET.Sdk\targets\Microsoft.NET.DefaultOutputPaths.targets(126,5): message :           Magidesk.Domain.Tests\**;
       C:\Program Files\dotnet\sdk\10.0.101\Sdks\Microsoft.NET.Sdk\targets\Microsoft.NET.DefaultOutputPaths.targets(126,5): message :           Magidesk.Infrastructure.Tests\**;
       C:\Program Files\dotnet\sdk\10.0.101\Sdks\Microsoft.NET.Sdk\targets\Microsoft.NET.DefaultOutputPaths.targets(126,5): message :           generate_pins.cs;
       C:\Program Files\dotnet\sdk\10.0.101\Sdks\Microsoft.NET.Sdk\targets\Microsoft.NET.DefaultOutputPaths.targets(126,5): message :           terminals\**;
       C:\Program Files\dotnet\sdk\10.0.101\Sdks\Microsoft.NET.Sdk\targets\Microsoft.NET.DefaultOutputPaths.targets(126,5): message :           memory-bank\**;
       C:\Program Files\dotnet\sdk\10.0.101\Sdks\Microsoft.NET.Sdk\targets\Microsoft.NET.DefaultOutputPaths.targets(126,5): message :           bin\**;
       C:\Program Files\dotnet\sdk\10.0.101\Sdks\Microsoft.NET.Sdk\targets\Microsoft.NET.DefaultOutputPaths.targets(126,5): message :           obj\**
       C:\Program Files\dotnet\sdk\10.0.101\Sdks\Microsoft.NET.Sdk\targets\Microsoft.NET.DefaultOutputPaths.targets(126,5): message :         ") at C:\Program Files\dotnet\sdk\10.0.101\Sdks\Microsoft.NET.Sdk\targets\Microsoft.NET.DefaultOutputPaths.targets (126,5)
       C:\Program Files\dotnet\sdk\10.0.101\Sdks\Microsoft.NET.Sdk\targets\Microsoft.NET.DefaultOutputPaths.targets(127,5): message : Property reassignment: $(DefaultItemExcludes)="
       C:\Program Files\dotnet\sdk\10.0.101\Sdks\Microsoft.NET.Sdk\targets\Microsoft.NET.DefaultOutputPaths.targets(127,5): message :           ;
       C:\Program Files\dotnet\sdk\10.0.101\Sdks\Microsoft.NET.Sdk\targets\Microsoft.NET.DefaultOutputPaths.targets(127,5): message :           Magidesk.Api\**;
       C:\Program Files\dotnet\sdk\10.0.101\Sdks\Microsoft.NET.Sdk\targets\Microsoft.NET.DefaultOutputPaths.targets(127,5): message :           Magidesk.Application\**;
       C:\Program Files\dotnet\sdk\10.0.101\Sdks\Microsoft.NET.Sdk\targets\Microsoft.NET.DefaultOutputPaths.targets(127,5): message :           Magidesk.Domain\**;
       C:\Program Files\dotnet\sdk\10.0.101\Sdks\Microsoft.NET.Sdk\targets\Microsoft.NET.DefaultOutputPaths.targets(127,5): message :           Magidesk.Infrastructure\**;
       C:\Program Files\dotnet\sdk\10.0.101\Sdks\Microsoft.NET.Sdk\targets\Microsoft.NET.DefaultOutputPaths.targets(127,5): message :           Magidesk.Migrations\**;
       C:\Program Files\dotnet\sdk\10.0.101\Sdks\Microsoft.NET.Sdk\targets\Microsoft.NET.DefaultOutputPaths.targets(127,5): message :           Magidesk.Application.Tests\**;
       C:\Program Files\dotnet\sdk\10.0.101\Sdks\Microsoft.NET.Sdk\targets\Microsoft.NET.DefaultOutputPaths.targets(127,5): message :           Magidesk.Domain.Tests\**;
       C:\Program Files\dotnet\sdk\10.0.101\Sdks\Microsoft.NET.Sdk\targets\Microsoft.NET.DefaultOutputPaths.targets(127,5): message :           Magidesk.Infrastructure.Tests\**;
       C:\Program Files\dotnet\sdk\10.0.101\Sdks\Microsoft.NET.Sdk\targets\Microsoft.NET.DefaultOutputPaths.targets(127,5): message :           generate_pins.cs;
       C:\Program Files\dotnet\sdk\10.0.101\Sdks\Microsoft.NET.Sdk\targets\Microsoft.NET.DefaultOutputPaths.targets(127,5): message :           terminals\**;
       C:\Program Files\dotnet\sdk\10.0.101\Sdks\Microsoft.NET.Sdk\targets\Microsoft.NET.DefaultOutputPaths.targets(127,5): message :           memory-bank\**;
       C:\Program Files\dotnet\sdk\10.0.101\Sdks\Microsoft.NET.Sdk\targets\Microsoft.NET.DefaultOutputPaths.targets(127,5): message :           bin\**;
       C:\Program Files\dotnet\sdk\10.0.101\Sdks\Microsoft.NET.Sdk\targets\Microsoft.NET.DefaultOutputPaths.targets(127,5): message :           obj\**
       C:\Program Files\dotnet\sdk\10.0.101\Sdks\Microsoft.NET.Sdk\targets\Microsoft.NET.DefaultOutputPaths.targets(127,5): message :         ;bin\Debug\/**;obj\Debug\/**" (previous value: "
       C:\Program Files\dotnet\sdk\10.0.101\Sdks\Microsoft.NET.Sdk\targets\Microsoft.NET.DefaultOutputPaths.targets(127,5): message :           ;
       C:\Program Files\dotnet\sdk\10.0.101\Sdks\Microsoft.NET.Sdk\targets\Microsoft.NET.DefaultOutputPaths.targets(127,5): message :           Magidesk.Api\**;
       C:\Program Files\dotnet\sdk\10.0.101\Sdks\Microsoft.NET.Sdk\targets\Microsoft.NET.DefaultOutputPaths.targets(127,5): message :           Magidesk.Application\**;
       C:\Program Files\dotnet\sdk\10.0.101\Sdks\Microsoft.NET.Sdk\targets\Microsoft.NET.DefaultOutputPaths.targets(127,5): message :           Magidesk.Domain\**;
       C:\Program Files\dotnet\sdk\10.0.101\Sdks\Microsoft.NET.Sdk\targets\Microsoft.NET.DefaultOutputPaths.targets(127,5): message :           Magidesk.Infrastructure\**;
       C:\Program Files\dotnet\sdk\10.0.101\Sdks\Microsoft.NET.Sdk\targets\Microsoft.NET.DefaultOutputPaths.targets(127,5): message :           Magidesk.Migrations\**;
       C:\Program Files\dotnet\sdk\10.0.101\Sdks\Microsoft.NET.Sdk\targets\Microsoft.NET.DefaultOutputPaths.targets(127,5): message :           Magidesk.Application.Tests\**;
       C:\Program Files\dotnet\sdk\10.0.101\Sdks\Microsoft.NET.Sdk\targets\Microsoft.NET.DefaultOutputPaths.targets(127,5): message :           Magidesk.Domain.Tests\**;
       C:\Program Files\dotnet\sdk\10.0.101\Sdks\Microsoft.NET.Sdk\targets\Microsoft.NET.DefaultOutputPaths.targets(127,5): message :           Magidesk.Infrastructure.Tests\**;
       C:\Program Files\dotnet\sdk\10.0.101\Sdks\Microsoft.NET.Sdk\targets\Microsoft.NET.DefaultOutputPaths.targets(127,5): message :           generate_pins.cs;
       C:\Program Files\dotnet\sdk\10.0.101\Sdks\Microsoft.NET.Sdk\targets\Microsoft.NET.DefaultOutputPaths.targets(127,5): message :           terminals\**;
       C:\Program Files\dotnet\sdk\10.0.101\Sdks\Microsoft.NET.Sdk\targets\Microsoft.NET.DefaultOutputPaths.targets(127,5): message :           memory-bank\**;
       C:\Program Files\dotnet\sdk\10.0.101\Sdks\Microsoft.NET.Sdk\targets\Microsoft.NET.DefaultOutputPaths.targets(127,5): message :           bin\**;
       C:\Program Files\dotnet\sdk\10.0.101\Sdks\Microsoft.NET.Sdk\targets\Microsoft.NET.DefaultOutputPaths.targets(127,5): message :           obj\**
       C:\Program Files\dotnet\sdk\10.0.101\Sdks\Microsoft.NET.Sdk\targets\Microsoft.NET.DefaultOutputPaths.targets(127,5): message :         ;bin\Debug\/**") at C:\Program Files\dotnet\sdk\10.0.101\Sdks\Microsoft.NET.Sdk\targets\Microsoft.NET.DefaultOutputPaths.targets (127,5)
       C:\Program Files\dotnet\sdk\10.0.101\Sdks\Microsoft.NET.Sdk\targets\Microsoft.NET.DefaultOutputPaths.targets(142,5): message : Property reassignment: $(OutputPath)="bin\Debug\net8.0-windows10.0.19041.0\" (previous value: "bin\Debug\") at C:\Program Files\dotnet\sdk\10.0.101\Sdks\Microsoft.NET.Sdk\targets\Microsoft.NET.DefaultOutputPaths.targets (142,5)
       C:\Program Files\dotnet\sdk\10.0.101\Sdks\Microsoft.NET.Sdk\targets\Microsoft.NET.DefaultOutputPaths.targets(147,5): message : Property reassignment: $(IntermediateOutputPath)="obj\Debug\net8.0-windows10.0.19041.0\" (previous value: "obj\Debug\") at C:\Program Files\dotnet\sdk\10.0.101\Sdks\Microsoft.NET.Sdk\targets\Microsoft.NET.DefaultOutputPaths.targets (147,5)
       C:\Program Files\dotnet\sdk\10.0.101\Sdks\Microsoft.NET.Sdk\targets\Microsoft.NET.Sdk.BeforeCommon.targets(371,5): message : Property reassignment: $(RoslynTargetsPath)="C:\Program Files\dotnet\sdk\10.0.101\Sdks\Microsoft.NET.Sdk\targets\..\..\..\Roslyn" (previous value: "C:\Program Files\dotnet\sdk\10.0.101\Roslyn") at C:\Program Files\dotnet\sdk\10.0.101\Sdks\Microsoft.NET.Sdk\targets\Microsoft.NET.Sdk.BeforeCommon.targets (371,5)
       C:\Program Files\dotnet\sdk\10.0.101\Roslyn\Microsoft.Managed.Core.targets(6,5): message : Property reassignment: $(_BuildTasksDirectory)="C:\Program Files\dotnet\sdk\10.0.101\Sdks\Microsoft.NET.Sdk\targets\..\..\..\Roslyn\" (previous value: "C:\Program Files\dotnet\sdk\10.0.101\Roslyn\") at C:\Program Files\dotnet\sdk\10.0.101\Roslyn\Microsoft.Managed.Core.targets (6,5)
       C:\Program Files\dotnet\sdk\10.0.101\Roslyn\Microsoft.CSharp.Core.targets(200,5): message : Property reassignment: $(CommandLineArgsForDesignTimeEvaluation)="-langversion:latest -define:TRACE" (previous value: "-langversion:latest") at C:\Program Files\dotnet\sdk\10.0.101\Roslyn\Microsoft.CSharp.Core.targets (200,5)
       C:\Program Files\dotnet\sdk\10.0.101\Microsoft.Common.CurrentVersion.targets(175,5): message : Property reassignment: $(_DebugSymbolsProduced)="true" (previous value: "false") at C:\Program Files\dotnet\sdk\10.0.101\Microsoft.Common.CurrentVersion.targets (175,5)
       C:\Program Files\dotnet\sdk\10.0.101\Microsoft.Common.CurrentVersion.targets(185,5): message : Property reassignment: $(_DocumentationFileProduced)="false" (previous value: "true") at C:\Program Files\dotnet\sdk\10.0.101\Microsoft.Common.CurrentVersion.targets (185,5)
       C:\Program Files\dotnet\sdk\10.0.101\Microsoft.Common.CurrentVersion.targets(392,5): message : Property reassignment: $(MSBuildCopyMarkerName)="Magidesk.1EB53327" (previous value: "Magidesk.Presentation.csproj") at C:\Program Files\dotnet\sdk\10.0.101\Microsoft.Common.CurrentVersion.targets (392,5)
       C:\Program Files\dotnet\sdk\10.0.101\Microsoft.Common.CurrentVersion.targets(393,5): message : Property reassignment: $(MSBuildCopyMarkerName)="Magidesk.1EB53327.Up2Date" (previous value: "Magidesk.1EB53327") at C:\Program Files\dotnet\sdk\10.0.101\Microsoft.Common.CurrentVersion.targets (393,5)
       C:\Program Files\dotnet\sdk\10.0.101\Microsoft.Common.CurrentVersion.targets(541,5): message : Property reassignment: $(ProcessorArchitecture)="msil" (previous value: "") at C:\Program Files\dotnet\sdk\10.0.101\Microsoft.Common.CurrentVersion.targets (541,5)
       C:\Program Files\dotnet\sdk\10.0.101\Microsoft.Common.CurrentVersion.targets(580,5): message : Property reassignment: $(DelaySign)="" (previous value: "false") at C:\Program Files\dotnet\sdk\10.0.101\Microsoft.Common.CurrentVersion.targets (580,5)
       C:\Program Files\dotnet\sdk\10.0.101\Microsoft.Common.CurrentVersion.targets(2606,5): message : Property 'LOCALAPPDATA' with value 'C:\Users\giris\AppData\Local' expanded from the environment.
       C:\Program Files\dotnet\sdk\10.0.101\Microsoft.Common.CurrentVersion.targets(3934,5): message : Property reassignment: $(_SGenGenerateSerializationAssembliesConfig)="Auto" (previous value: "") at C:\Program Files\dotnet\sdk\10.0.101\Microsoft.Common.CurrentVersion.targets (3934,5)
       C:\Program Files\dotnet\sdk\10.0.101\Microsoft.Common.CurrentVersion.targets(3935,5): message : Property reassignment: $(_SGenGenerateSerializationAssembliesConfig)="Off" (previous value: "Auto") at C:\Program Files\dotnet\sdk\10.0.101\Microsoft.Common.CurrentVersion.targets (3935,5)
       C:\Program Files\dotnet\sdk\10.0.101\Microsoft.Common.CurrentVersion.targets(5146,5): message : Property reassignment: $(_TargetsThatPrepareProjectReferences)="
       C:\Program Files\dotnet\sdk\10.0.101\Microsoft.Common.CurrentVersion.targets(5146,5): message :       AssignProjectConfiguration;
       C:\Program Files\dotnet\sdk\10.0.101\Microsoft.Common.CurrentVersion.targets(5146,5): message :       _SplitProjectReferencesByFileExistence
       C:\Program Files\dotnet\sdk\10.0.101\Microsoft.Common.CurrentVersion.targets(5146,5): message :     " (previous value: "_SplitProjectReferencesByFileExistence") at C:\Program Files\dotnet\sdk\10.0.101\Microsoft.Common.CurrentVersion.targets (5146,5)
       C:\Program Files\dotnet\sdk\10.0.101\Microsoft.Common.CurrentVersion.targets(6959,5): message : Property 'MSBuildExtensionsPath32' with value 'C:\Program Files\dotnet\sdk\10.0.101' expanded from the environment.
       The "NuGetInteractive" property is a global property, and cannot be modified.
       C:\Program Files\dotnet\sdk\10.0.101\Sdks\Microsoft.NET.Sdk\targets\Microsoft.PackageDependencyResolution.targets(24,5): message : Property reassignment: $(ProjectAssetsFile)="C:\Users\giris\Documents\Code\Redesign-POS\Windows Based POS\Magidesk\obj\project.assets.json" (previous value: "C:\Users\giris\Documents\Code\Redesign-POS\Windows Based POS\Magidesk\obj\/project.assets.json") at C:\Program Files\dotnet\sdk\10.0.101\Sdks\Microsoft.NET.Sdk\targets\Microsoft.PackageDependencyResolution.targets (24,5)
       C:\Program Files\dotnet\sdk\10.0.101\Sdks\Microsoft.NET.Sdk\targets\Microsoft.PackageDependencyResolution.targets(29,5): message : Property reassignment: $(ProjectAssetsCacheFile)="C:\Users\giris\Documents\Code\Redesign-POS\Windows Based POS\Magidesk\obj\Debug\net8.0-windows10.0.19041.0\Magidesk.Presentation.assets.cache" (previous value: "obj\Debug\net8.0-windows10.0.19041.0\Magidesk.Presentation.assets.cache") at C:\Program Files\dotnet\sdk\10.0.101\Sdks\Microsoft.NET.Sdk\targets\Microsoft.PackageDependencyResolution.targets (29,5)
       C:\Program Files\dotnet\sdk\10.0.101\Sdks\Microsoft.NET.Sdk\targets\Microsoft.PackageDependencyResolution.targets(80,5): message : Property reassignment: $(ResolveAssemblyReferencesDependsOn)="
       C:\Program Files\dotnet\sdk\10.0.101\Sdks\Microsoft.NET.Sdk\targets\Microsoft.PackageDependencyResolution.targets(80,5): message :       
       C:\Program Files\dotnet\sdk\10.0.101\Sdks\Microsoft.NET.Sdk\targets\Microsoft.PackageDependencyResolution.targets(80,5): message :       ResolveProjectReferences;
       C:\Program Files\dotnet\sdk\10.0.101\Sdks\Microsoft.NET.Sdk\targets\Microsoft.PackageDependencyResolution.targets(80,5): message :       FindInvalidProjectReferences;
       C:\Program Files\dotnet\sdk\10.0.101\Sdks\Microsoft.NET.Sdk\targets\Microsoft.PackageDependencyResolution.targets(80,5): message :       GetFrameworkPaths;
       C:\Program Files\dotnet\sdk\10.0.101\Sdks\Microsoft.NET.Sdk\targets\Microsoft.PackageDependencyResolution.targets(80,5): message :       GetReferenceAssemblyPaths;
       C:\Program Files\dotnet\sdk\10.0.101\Sdks\Microsoft.NET.Sdk\targets\Microsoft.PackageDependencyResolution.targets(80,5): message :       PrepareForBuild;
       C:\Program Files\dotnet\sdk\10.0.101\Sdks\Microsoft.NET.Sdk\targets\Microsoft.PackageDependencyResolution.targets(80,5): message :       ResolveSDKReferences;
       C:\Program Files\dotnet\sdk\10.0.101\Sdks\Microsoft.NET.Sdk\targets\Microsoft.PackageDependencyResolution.targets(80,5): message :       ExpandSDKReferences;
       C:\Program Files\dotnet\sdk\10.0.101\Sdks\Microsoft.NET.Sdk\targets\Microsoft.PackageDependencyResolution.targets(80,5): message :     ;
       C:\Program Files\dotnet\sdk\10.0.101\Sdks\Microsoft.NET.Sdk\targets\Microsoft.PackageDependencyResolution.targets(80,5): message :       ResolvePackageDependenciesForBuild;
       C:\Program Files\dotnet\sdk\10.0.101\Sdks\Microsoft.NET.Sdk\targets\Microsoft.PackageDependencyResolution.targets(80,5): message :       _HandlePackageFileConflicts;
       C:\Program Files\dotnet\sdk\10.0.101\Sdks\Microsoft.NET.Sdk\targets\Microsoft.PackageDependencyResolution.targets(80,5): message :     " (previous value: "
       C:\Program Files\dotnet\sdk\10.0.101\Sdks\Microsoft.NET.Sdk\targets\Microsoft.PackageDependencyResolution.targets(80,5): message :       ResolveProjectReferences;
       C:\Program Files\dotnet\sdk\10.0.101\Sdks\Microsoft.NET.Sdk\targets\Microsoft.PackageDependencyResolution.targets(80,5): message :       FindInvalidProjectReferences;
       C:\Program Files\dotnet\sdk\10.0.101\Sdks\Microsoft.NET.Sdk\targets\Microsoft.PackageDependencyResolution.targets(80,5): message :       GetFrameworkPaths;
       C:\Program Files\dotnet\sdk\10.0.101\Sdks\Microsoft.NET.Sdk\targets\Microsoft.PackageDependencyResolution.targets(80,5): message :       GetReferenceAssemblyPaths;
       C:\Program Files\dotnet\sdk\10.0.101\Sdks\Microsoft.NET.Sdk\targets\Microsoft.PackageDependencyResolution.targets(80,5): message :       PrepareForBuild;
       C:\Program Files\dotnet\sdk\10.0.101\Sdks\Microsoft.NET.Sdk\targets\Microsoft.PackageDependencyResolution.targets(80,5): message :       ResolveSDKReferences;
       C:\Program Files\dotnet\sdk\10.0.101\Sdks\Microsoft.NET.Sdk\targets\Microsoft.PackageDependencyResolution.targets(80,5): message :       ExpandSDKReferences;
       C:\Program Files\dotnet\sdk\10.0.101\Sdks\Microsoft.NET.Sdk\targets\Microsoft.PackageDependencyResolution.targets(80,5): message :     ") at C:\Program Files\dotnet\sdk\10.0.101\Sdks\Microsoft.NET.Sdk\targets\Microsoft.PackageDependencyResolution.targets (80,5)
       C:\Program Files\dotnet\sdk\10.0.101\Sdks\Microsoft.NET.Sdk\targets\Microsoft.PackageDependencyResolution.targets(86,5): message : Property reassignment: $(PrepareResourcesDependsOn)="
       C:\Program Files\dotnet\sdk\10.0.101\Sdks\Microsoft.NET.Sdk\targets\Microsoft.PackageDependencyResolution.targets(86,5): message :       ResolvePackageDependenciesForBuild;
       C:\Program Files\dotnet\sdk\10.0.101\Sdks\Microsoft.NET.Sdk\targets\Microsoft.PackageDependencyResolution.targets(86,5): message :       _HandlePackageFileConflicts;
       C:\Program Files\dotnet\sdk\10.0.101\Sdks\Microsoft.NET.Sdk\targets\Microsoft.PackageDependencyResolution.targets(86,5): message :       
       C:\Program Files\dotnet\sdk\10.0.101\Sdks\Microsoft.NET.Sdk\targets\Microsoft.PackageDependencyResolution.targets(86,5): message :       ;
       C:\Program Files\dotnet\sdk\10.0.101\Sdks\Microsoft.NET.Sdk\targets\Microsoft.PackageDependencyResolution.targets(86,5): message :       PrepareResourceNames;
       C:\Program Files\dotnet\sdk\10.0.101\Sdks\Microsoft.NET.Sdk\targets\Microsoft.PackageDependencyResolution.targets(86,5): message :       ResGen;
       C:\Program Files\dotnet\sdk\10.0.101\Sdks\Microsoft.NET.Sdk\targets\Microsoft.PackageDependencyResolution.targets(86,5): message :       CompileLicxFiles
       C:\Program Files\dotnet\sdk\10.0.101\Sdks\Microsoft.NET.Sdk\targets\Microsoft.PackageDependencyResolution.targets(86,5): message :     
       C:\Program Files\dotnet\sdk\10.0.101\Sdks\Microsoft.NET.Sdk\targets\Microsoft.PackageDependencyResolution.targets(86,5): message :     " (previous value: "
       C:\Program Files\dotnet\sdk\10.0.101\Sdks\Microsoft.NET.Sdk\targets\Microsoft.PackageDependencyResolution.targets(86,5): message :       ;
       C:\Program Files\dotnet\sdk\10.0.101\Sdks\Microsoft.NET.Sdk\targets\Microsoft.PackageDependencyResolution.targets(86,5): message :       PrepareResourceNames;
       C:\Program Files\dotnet\sdk\10.0.101\Sdks\Microsoft.NET.Sdk\targets\Microsoft.PackageDependencyResolution.targets(86,5): message :       ResGen;
       C:\Program Files\dotnet\sdk\10.0.101\Sdks\Microsoft.NET.Sdk\targets\Microsoft.PackageDependencyResolution.targets(86,5): message :       CompileLicxFiles
       C:\Program Files\dotnet\sdk\10.0.101\Sdks\Microsoft.NET.Sdk\targets\Microsoft.PackageDependencyResolution.targets(86,5): message :     ") at C:\Program Files\dotnet\sdk\10.0.101\Sdks\Microsoft.NET.Sdk\targets\Microsoft.PackageDependencyResolution.targets (86,5)
       The "EnableDefaultCompileItems" property is a global property, and cannot be modified.
       The "EnableDefaultEmbeddedResourceItems" property is a global property, and cannot be modified.
       The "EnableDefaultNoneItems" property is a global property, and cannot be modified.
       C:\Program Files\dotnet\sdk\10.0.101\Sdks\Microsoft.NET.Sdk\targets\Microsoft.NET.Sdk.DefaultItems.targets(35,5): message : Property reassignment: $(DefaultItemExcludes)="
       C:\Program Files\dotnet\sdk\10.0.101\Sdks\Microsoft.NET.Sdk\targets\Microsoft.NET.Sdk.DefaultItems.targets(35,5): message :           ;
       C:\Program Files\dotnet\sdk\10.0.101\Sdks\Microsoft.NET.Sdk\targets\Microsoft.NET.Sdk.DefaultItems.targets(35,5): message :           Magidesk.Api\**;
       C:\Program Files\dotnet\sdk\10.0.101\Sdks\Microsoft.NET.Sdk\targets\Microsoft.NET.Sdk.DefaultItems.targets(35,5): message :           Magidesk.Application\**;
       C:\Program Files\dotnet\sdk\10.0.101\Sdks\Microsoft.NET.Sdk\targets\Microsoft.NET.Sdk.DefaultItems.targets(35,5): message :           Magidesk.Domain\**;
       C:\Program Files\dotnet\sdk\10.0.101\Sdks\Microsoft.NET.Sdk\targets\Microsoft.NET.Sdk.DefaultItems.targets(35,5): message :           Magidesk.Infrastructure\**;
       C:\Program Files\dotnet\sdk\10.0.101\Sdks\Microsoft.NET.Sdk\targets\Microsoft.NET.Sdk.DefaultItems.targets(35,5): message :           Magidesk.Migrations\**;
       C:\Program Files\dotnet\sdk\10.0.101\Sdks\Microsoft.NET.Sdk\targets\Microsoft.NET.Sdk.DefaultItems.targets(35,5): message :           Magidesk.Application.Tests\**;
       C:\Program Files\dotnet\sdk\10.0.101\Sdks\Microsoft.NET.Sdk\targets\Microsoft.NET.Sdk.DefaultItems.targets(35,5): message :           Magidesk.Domain.Tests\**;
       C:\Program Files\dotnet\sdk\10.0.101\Sdks\Microsoft.NET.Sdk\targets\Microsoft.NET.Sdk.DefaultItems.targets(35,5): message :           Magidesk.Infrastructure.Tests\**;
       C:\Program Files\dotnet\sdk\10.0.101\Sdks\Microsoft.NET.Sdk\targets\Microsoft.NET.Sdk.DefaultItems.targets(35,5): message :           generate_pins.cs;
       C:\Program Files\dotnet\sdk\10.0.101\Sdks\Microsoft.NET.Sdk\targets\Microsoft.NET.Sdk.DefaultItems.targets(35,5): message :           terminals\**;
       C:\Program Files\dotnet\sdk\10.0.101\Sdks\Microsoft.NET.Sdk\targets\Microsoft.NET.Sdk.DefaultItems.targets(35,5): message :           memory-bank\**;
       C:\Program Files\dotnet\sdk\10.0.101\Sdks\Microsoft.NET.Sdk\targets\Microsoft.NET.Sdk.DefaultItems.targets(35,5): message :           bin\**;
       C:\Program Files\dotnet\sdk\10.0.101\Sdks\Microsoft.NET.Sdk\targets\Microsoft.NET.Sdk.DefaultItems.targets(35,5): message :           obj\**
       C:\Program Files\dotnet\sdk\10.0.101\Sdks\Microsoft.NET.Sdk\targets\Microsoft.NET.Sdk.DefaultItems.targets(35,5): message :         ;bin\Debug\/**;obj\Debug\/**;bin\/**" (previous value: "
       C:\Program Files\dotnet\sdk\10.0.101\Sdks\Microsoft.NET.Sdk\targets\Microsoft.NET.Sdk.DefaultItems.targets(35,5): message :           ;
       C:\Program Files\dotnet\sdk\10.0.101\Sdks\Microsoft.NET.Sdk\targets\Microsoft.NET.Sdk.DefaultItems.targets(35,5): message :           Magidesk.Api\**;
       C:\Program Files\dotnet\sdk\10.0.101\Sdks\Microsoft.NET.Sdk\targets\Microsoft.NET.Sdk.DefaultItems.targets(35,5): message :           Magidesk.Application\**;
       C:\Program Files\dotnet\sdk\10.0.101\Sdks\Microsoft.NET.Sdk\targets\Microsoft.NET.Sdk.DefaultItems.targets(35,5): message :           Magidesk.Domain\**;
       C:\Program Files\dotnet\sdk\10.0.101\Sdks\Microsoft.NET.Sdk\targets\Microsoft.NET.Sdk.DefaultItems.targets(35,5): message :           Magidesk.Infrastructure\**;
       C:\Program Files\dotnet\sdk\10.0.101\Sdks\Microsoft.NET.Sdk\targets\Microsoft.NET.Sdk.DefaultItems.targets(35,5): message :           Magidesk.Migrations\**;
       C:\Program Files\dotnet\sdk\10.0.101\Sdks\Microsoft.NET.Sdk\targets\Microsoft.NET.Sdk.DefaultItems.targets(35,5): message :           Magidesk.Application.Tests\**;
       C:\Program Files\dotnet\sdk\10.0.101\Sdks\Microsoft.NET.Sdk\targets\Microsoft.NET.Sdk.DefaultItems.targets(35,5): message :           Magidesk.Domain.Tests\**;
       C:\Program Files\dotnet\sdk\10.0.101\Sdks\Microsoft.NET.Sdk\targets\Microsoft.NET.Sdk.DefaultItems.targets(35,5): message :           Magidesk.Infrastructure.Tests\**;
       C:\Program Files\dotnet\sdk\10.0.101\Sdks\Microsoft.NET.Sdk\targets\Microsoft.NET.Sdk.DefaultItems.targets(35,5): message :           generate_pins.cs;
       C:\Program Files\dotnet\sdk\10.0.101\Sdks\Microsoft.NET.Sdk\targets\Microsoft.NET.Sdk.DefaultItems.targets(35,5): message :           terminals\**;
       C:\Program Files\dotnet\sdk\10.0.101\Sdks\Microsoft.NET.Sdk\targets\Microsoft.NET.Sdk.DefaultItems.targets(35,5): message :           memory-bank\**;
       C:\Program Files\dotnet\sdk\10.0.101\Sdks\Microsoft.NET.Sdk\targets\Microsoft.NET.Sdk.DefaultItems.targets(35,5): message :           bin\**;
       C:\Program Files\dotnet\sdk\10.0.101\Sdks\Microsoft.NET.Sdk\targets\Microsoft.NET.Sdk.DefaultItems.targets(35,5): message :           obj\**
       C:\Program Files\dotnet\sdk\10.0.101\Sdks\Microsoft.NET.Sdk\targets\Microsoft.NET.Sdk.DefaultItems.targets(35,5): message :         ;bin\Debug\/**;obj\Debug\/**") at C:\Program Files\dotnet\sdk\10.0.101\Sdks\Microsoft.NET.Sdk\targets\Microsoft.NET.Sdk.DefaultItems.targets (35,5)
       C:\Program Files\dotnet\sdk\10.0.101\Sdks\Microsoft.NET.Sdk\targets\Microsoft.NET.Sdk.DefaultItems.targets(37,5): message : Property reassignment: $(DefaultItemExcludes)="
       C:\Program Files\dotnet\sdk\10.0.101\Sdks\Microsoft.NET.Sdk\targets\Microsoft.NET.Sdk.DefaultItems.targets(37,5): message :           ;
       C:\Program Files\dotnet\sdk\10.0.101\Sdks\Microsoft.NET.Sdk\targets\Microsoft.NET.Sdk.DefaultItems.targets(37,5): message :           Magidesk.Api\**;
       C:\Program Files\dotnet\sdk\10.0.101\Sdks\Microsoft.NET.Sdk\targets\Microsoft.NET.Sdk.DefaultItems.targets(37,5): message :           Magidesk.Application\**;
       C:\Program Files\dotnet\sdk\10.0.101\Sdks\Microsoft.NET.Sdk\targets\Microsoft.NET.Sdk.DefaultItems.targets(37,5): message :           Magidesk.Domain\**;
       C:\Program Files\dotnet\sdk\10.0.101\Sdks\Microsoft.NET.Sdk\targets\Microsoft.NET.Sdk.DefaultItems.targets(37,5): message :           Magidesk.Infrastructure\**;
       C:\Program Files\dotnet\sdk\10.0.101\Sdks\Microsoft.NET.Sdk\targets\Microsoft.NET.Sdk.DefaultItems.targets(37,5): message :           Magidesk.Migrations\**;
       C:\Program Files\dotnet\sdk\10.0.101\Sdks\Microsoft.NET.Sdk\targets\Microsoft.NET.Sdk.DefaultItems.targets(37,5): message :           Magidesk.Application.Tests\**;
       C:\Program Files\dotnet\sdk\10.0.101\Sdks\Microsoft.NET.Sdk\targets\Microsoft.NET.Sdk.DefaultItems.targets(37,5): message :           Magidesk.Domain.Tests\**;
       C:\Program Files\dotnet\sdk\10.0.101\Sdks\Microsoft.NET.Sdk\targets\Microsoft.NET.Sdk.DefaultItems.targets(37,5): message :           Magidesk.Infrastructure.Tests\**;
       C:\Program Files\dotnet\sdk\10.0.101\Sdks\Microsoft.NET.Sdk\targets\Microsoft.NET.Sdk.DefaultItems.targets(37,5): message :           generate_pins.cs;
       C:\Program Files\dotnet\sdk\10.0.101\Sdks\Microsoft.NET.Sdk\targets\Microsoft.NET.Sdk.DefaultItems.targets(37,5): message :           terminals\**;
       C:\Program Files\dotnet\sdk\10.0.101\Sdks\Microsoft.NET.Sdk\targets\Microsoft.NET.Sdk.DefaultItems.targets(37,5): message :           memory-bank\**;
       C:\Program Files\dotnet\sdk\10.0.101\Sdks\Microsoft.NET.Sdk\targets\Microsoft.NET.Sdk.DefaultItems.targets(37,5): message :           bin\**;
       C:\Program Files\dotnet\sdk\10.0.101\Sdks\Microsoft.NET.Sdk\targets\Microsoft.NET.Sdk.DefaultItems.targets(37,5): message :           obj\**
       C:\Program Files\dotnet\sdk\10.0.101\Sdks\Microsoft.NET.Sdk\targets\Microsoft.NET.Sdk.DefaultItems.targets(37,5): message :         ;bin\Debug\/**;obj\Debug\/**;bin\/**;obj\/**" (previous value: "
       C:\Program Files\dotnet\sdk\10.0.101\Sdks\Microsoft.NET.Sdk\targets\Microsoft.NET.Sdk.DefaultItems.targets(37,5): message :           ;
       C:\Program Files\dotnet\sdk\10.0.101\Sdks\Microsoft.NET.Sdk\targets\Microsoft.NET.Sdk.DefaultItems.targets(37,5): message :           Magidesk.Api\**;
       C:\Program Files\dotnet\sdk\10.0.101\Sdks\Microsoft.NET.Sdk\targets\Microsoft.NET.Sdk.DefaultItems.targets(37,5): message :           Magidesk.Application\**;
       C:\Program Files\dotnet\sdk\10.0.101\Sdks\Microsoft.NET.Sdk\targets\Microsoft.NET.Sdk.DefaultItems.targets(37,5): message :           Magidesk.Domain\**;
       C:\Program Files\dotnet\sdk\10.0.101\Sdks\Microsoft.NET.Sdk\targets\Microsoft.NET.Sdk.DefaultItems.targets(37,5): message :           Magidesk.Infrastructure\**;
       C:\Program Files\dotnet\sdk\10.0.101\Sdks\Microsoft.NET.Sdk\targets\Microsoft.NET.Sdk.DefaultItems.targets(37,5): message :           Magidesk.Migrations\**;
       C:\Program Files\dotnet\sdk\10.0.101\Sdks\Microsoft.NET.Sdk\targets\Microsoft.NET.Sdk.DefaultItems.targets(37,5): message :           Magidesk.Application.Tests\**;
       C:\Program Files\dotnet\sdk\10.0.101\Sdks\Microsoft.NET.Sdk\targets\Microsoft.NET.Sdk.DefaultItems.targets(37,5): message :           Magidesk.Domain.Tests\**;
       C:\Program Files\dotnet\sdk\10.0.101\Sdks\Microsoft.NET.Sdk\targets\Microsoft.NET.Sdk.DefaultItems.targets(37,5): message :           Magidesk.Infrastructure.Tests\**;
       C:\Program Files\dotnet\sdk\10.0.101\Sdks\Microsoft.NET.Sdk\targets\Microsoft.NET.Sdk.DefaultItems.targets(37,5): message :           generate_pins.cs;
       C:\Program Files\dotnet\sdk\10.0.101\Sdks\Microsoft.NET.Sdk\targets\Microsoft.NET.Sdk.DefaultItems.targets(37,5): message :           terminals\**;
       C:\Program Files\dotnet\sdk\10.0.101\Sdks\Microsoft.NET.Sdk\targets\Microsoft.NET.Sdk.DefaultItems.targets(37,5): message :           memory-bank\**;
       C:\Program Files\dotnet\sdk\10.0.101\Sdks\Microsoft.NET.Sdk\targets\Microsoft.NET.Sdk.DefaultItems.targets(37,5): message :           bin\**;
       C:\Program Files\dotnet\sdk\10.0.101\Sdks\Microsoft.NET.Sdk\targets\Microsoft.NET.Sdk.DefaultItems.targets(37,5): message :           obj\**
       C:\Program Files\dotnet\sdk\10.0.101\Sdks\Microsoft.NET.Sdk\targets\Microsoft.NET.Sdk.DefaultItems.targets(37,5): message :         ;bin\Debug\/**;obj\Debug\/**;bin\/**") at C:\Program Files\dotnet\sdk\10.0.101\Sdks\Microsoft.NET.Sdk\targets\Microsoft.NET.Sdk.DefaultItems.targets (37,5)
       C:\Program Files\dotnet\sdk\10.0.101\Sdks\Microsoft.NET.Sdk\targets\Microsoft.NET.Sdk.DefaultItems.targets(40,5): message : Property reassignment: $(DefaultItemExcludes)="
       C:\Program Files\dotnet\sdk\10.0.101\Sdks\Microsoft.NET.Sdk\targets\Microsoft.NET.Sdk.DefaultItems.targets(40,5): message :           ;
       C:\Program Files\dotnet\sdk\10.0.101\Sdks\Microsoft.NET.Sdk\targets\Microsoft.NET.Sdk.DefaultItems.targets(40,5): message :           Magidesk.Api\**;
       C:\Program Files\dotnet\sdk\10.0.101\Sdks\Microsoft.NET.Sdk\targets\Microsoft.NET.Sdk.DefaultItems.targets(40,5): message :           Magidesk.Application\**;
       C:\Program Files\dotnet\sdk\10.0.101\Sdks\Microsoft.NET.Sdk\targets\Microsoft.NET.Sdk.DefaultItems.targets(40,5): message :           Magidesk.Domain\**;
       C:\Program Files\dotnet\sdk\10.0.101\Sdks\Microsoft.NET.Sdk\targets\Microsoft.NET.Sdk.DefaultItems.targets(40,5): message :           Magidesk.Infrastructure\**;
       C:\Program Files\dotnet\sdk\10.0.101\Sdks\Microsoft.NET.Sdk\targets\Microsoft.NET.Sdk.DefaultItems.targets(40,5): message :           Magidesk.Migrations\**;
       C:\Program Files\dotnet\sdk\10.0.101\Sdks\Microsoft.NET.Sdk\targets\Microsoft.NET.Sdk.DefaultItems.targets(40,5): message :           Magidesk.Application.Tests\**;
       C:\Program Files\dotnet\sdk\10.0.101\Sdks\Microsoft.NET.Sdk\targets\Microsoft.NET.Sdk.DefaultItems.targets(40,5): message :           Magidesk.Domain.Tests\**;
       C:\Program Files\dotnet\sdk\10.0.101\Sdks\Microsoft.NET.Sdk\targets\Microsoft.NET.Sdk.DefaultItems.targets(40,5): message :           Magidesk.Infrastructure.Tests\**;
       C:\Program Files\dotnet\sdk\10.0.101\Sdks\Microsoft.NET.Sdk\targets\Microsoft.NET.Sdk.DefaultItems.targets(40,5): message :           generate_pins.cs;
       C:\Program Files\dotnet\sdk\10.0.101\Sdks\Microsoft.NET.Sdk\targets\Microsoft.NET.Sdk.DefaultItems.targets(40,5): message :           terminals\**;
       C:\Program Files\dotnet\sdk\10.0.101\Sdks\Microsoft.NET.Sdk\targets\Microsoft.NET.Sdk.DefaultItems.targets(40,5): message :           memory-bank\**;
       C:\Program Files\dotnet\sdk\10.0.101\Sdks\Microsoft.NET.Sdk\targets\Microsoft.NET.Sdk.DefaultItems.targets(40,5): message :           bin\**;
       C:\Program Files\dotnet\sdk\10.0.101\Sdks\Microsoft.NET.Sdk\targets\Microsoft.NET.Sdk.DefaultItems.targets(40,5): message :           obj\**
       C:\Program Files\dotnet\sdk\10.0.101\Sdks\Microsoft.NET.Sdk\targets\Microsoft.NET.Sdk.DefaultItems.targets(40,5): message :         ;bin\Debug\/**;obj\Debug\/**;bin\/**;obj\/**;**/*.user" (previous value: "
       C:\Program Files\dotnet\sdk\10.0.101\Sdks\Microsoft.NET.Sdk\targets\Microsoft.NET.Sdk.DefaultItems.targets(40,5): message :           ;
       C:\Program Files\dotnet\sdk\10.0.101\Sdks\Microsoft.NET.Sdk\targets\Microsoft.NET.Sdk.DefaultItems.targets(40,5): message :           Magidesk.Api\**;
       C:\Program Files\dotnet\sdk\10.0.101\Sdks\Microsoft.NET.Sdk\targets\Microsoft.NET.Sdk.DefaultItems.targets(40,5): message :           Magidesk.Application\**;
       C:\Program Files\dotnet\sdk\10.0.101\Sdks\Microsoft.NET.Sdk\targets\Microsoft.NET.Sdk.DefaultItems.targets(40,5): message :           Magidesk.Domain\**;
       C:\Program Files\dotnet\sdk\10.0.101\Sdks\Microsoft.NET.Sdk\targets\Microsoft.NET.Sdk.DefaultItems.targets(40,5): message :           Magidesk.Infrastructure\**;
       C:\Program Files\dotnet\sdk\10.0.101\Sdks\Microsoft.NET.Sdk\targets\Microsoft.NET.Sdk.DefaultItems.targets(40,5): message :           Magidesk.Migrations\**;
       C:\Program Files\dotnet\sdk\10.0.101\Sdks\Microsoft.NET.Sdk\targets\Microsoft.NET.Sdk.DefaultItems.targets(40,5): message :           Magidesk.Application.Tests\**;
       C:\Program Files\dotnet\sdk\10.0.101\Sdks\Microsoft.NET.Sdk\targets\Microsoft.NET.Sdk.DefaultItems.targets(40,5): message :           Magidesk.Domain.Tests\**;
       C:\Program Files\dotnet\sdk\10.0.101\Sdks\Microsoft.NET.Sdk\targets\Microsoft.NET.Sdk.DefaultItems.targets(40,5): message :           Magidesk.Infrastructure.Tests\**;
       C:\Program Files\dotnet\sdk\10.0.101\Sdks\Microsoft.NET.Sdk\targets\Microsoft.NET.Sdk.DefaultItems.targets(40,5): message :           generate_pins.cs;
       C:\Program Files\dotnet\sdk\10.0.101\Sdks\Microsoft.NET.Sdk\targets\Microsoft.NET.Sdk.DefaultItems.targets(40,5): message :           terminals\**;
       C:\Program Files\dotnet\sdk\10.0.101\Sdks\Microsoft.NET.Sdk\targets\Microsoft.NET.Sdk.DefaultItems.targets(40,5): message :           memory-bank\**;
       C:\Program Files\dotnet\sdk\10.0.101\Sdks\Microsoft.NET.Sdk\targets\Microsoft.NET.Sdk.DefaultItems.targets(40,5): message :           bin\**;
       C:\Program Files\dotnet\sdk\10.0.101\Sdks\Microsoft.NET.Sdk\targets\Microsoft.NET.Sdk.DefaultItems.targets(40,5): message :           obj\**
       C:\Program Files\dotnet\sdk\10.0.101\Sdks\Microsoft.NET.Sdk\targets\Microsoft.NET.Sdk.DefaultItems.targets(40,5): message :         ;bin\Debug\/**;obj\Debug\/**;bin\/**;obj\/**") at C:\Program Files\dotnet\sdk\10.0.101\Sdks\Microsoft.NET.Sdk\targets\Microsoft.NET.Sdk.DefaultItems.targets (40,5)
       C:\Program Files\dotnet\sdk\10.0.101\Sdks\Microsoft.NET.Sdk\targets\Microsoft.NET.Sdk.DefaultItems.targets(41,5): message : Property reassignment: $(DefaultItemExcludes)="
       C:\Program Files\dotnet\sdk\10.0.101\Sdks\Microsoft.NET.Sdk\targets\Microsoft.NET.Sdk.DefaultItems.targets(41,5): message :           ;
       C:\Program Files\dotnet\sdk\10.0.101\Sdks\Microsoft.NET.Sdk\targets\Microsoft.NET.Sdk.DefaultItems.targets(41,5): message :           Magidesk.Api\**;
       C:\Program Files\dotnet\sdk\10.0.101\Sdks\Microsoft.NET.Sdk\targets\Microsoft.NET.Sdk.DefaultItems.targets(41,5): message :           Magidesk.Application\**;
       C:\Program Files\dotnet\sdk\10.0.101\Sdks\Microsoft.NET.Sdk\targets\Microsoft.NET.Sdk.DefaultItems.targets(41,5): message :           Magidesk.Domain\**;
       C:\Program Files\dotnet\sdk\10.0.101\Sdks\Microsoft.NET.Sdk\targets\Microsoft.NET.Sdk.DefaultItems.targets(41,5): message :           Magidesk.Infrastructure\**;
       C:\Program Files\dotnet\sdk\10.0.101\Sdks\Microsoft.NET.Sdk\targets\Microsoft.NET.Sdk.DefaultItems.targets(41,5): message :           Magidesk.Migrations\**;
       C:\Program Files\dotnet\sdk\10.0.101\Sdks\Microsoft.NET.Sdk\targets\Microsoft.NET.Sdk.DefaultItems.targets(41,5): message :           Magidesk.Application.Tests\**;
       C:\Program Files\dotnet\sdk\10.0.101\Sdks\Microsoft.NET.Sdk\targets\Microsoft.NET.Sdk.DefaultItems.targets(41,5): message :           Magidesk.Domain.Tests\**;
       C:\Program Files\dotnet\sdk\10.0.101\Sdks\Microsoft.NET.Sdk\targets\Microsoft.NET.Sdk.DefaultItems.targets(41,5): message :           Magidesk.Infrastructure.Tests\**;
       C:\Program Files\dotnet\sdk\10.0.101\Sdks\Microsoft.NET.Sdk\targets\Microsoft.NET.Sdk.DefaultItems.targets(41,5): message :           generate_pins.cs;
       C:\Program Files\dotnet\sdk\10.0.101\Sdks\Microsoft.NET.Sdk\targets\Microsoft.NET.Sdk.DefaultItems.targets(41,5): message :           terminals\**;
       C:\Program Files\dotnet\sdk\10.0.101\Sdks\Microsoft.NET.Sdk\targets\Microsoft.NET.Sdk.DefaultItems.targets(41,5): message :           memory-bank\**;
       C:\Program Files\dotnet\sdk\10.0.101\Sdks\Microsoft.NET.Sdk\targets\Microsoft.NET.Sdk.DefaultItems.targets(41,5): message :           bin\**;
       C:\Program Files\dotnet\sdk\10.0.101\Sdks\Microsoft.NET.Sdk\targets\Microsoft.NET.Sdk.DefaultItems.targets(41,5): message :           obj\**
       C:\Program Files\dotnet\sdk\10.0.101\Sdks\Microsoft.NET.Sdk\targets\Microsoft.NET.Sdk.DefaultItems.targets(41,5): message :         ;bin\Debug\/**;obj\Debug\/**;bin\/**;obj\/**;**/*.user;**/*.*proj" (previous value: "
       C:\Program Files\dotnet\sdk\10.0.101\Sdks\Microsoft.NET.Sdk\targets\Microsoft.NET.Sdk.DefaultItems.targets(41,5): message :           ;
       C:\Program Files\dotnet\sdk\10.0.101\Sdks\Microsoft.NET.Sdk\targets\Microsoft.NET.Sdk.DefaultItems.targets(41,5): message :           Magidesk.Api\**;
       C:\Program Files\dotnet\sdk\10.0.101\Sdks\Microsoft.NET.Sdk\targets\Microsoft.NET.Sdk.DefaultItems.targets(41,5): message :           Magidesk.Application\**;
       C:\Program Files\dotnet\sdk\10.0.101\Sdks\Microsoft.NET.Sdk\targets\Microsoft.NET.Sdk.DefaultItems.targets(41,5): message :           Magidesk.Domain\**;
       C:\Program Files\dotnet\sdk\10.0.101\Sdks\Microsoft.NET.Sdk\targets\Microsoft.NET.Sdk.DefaultItems.targets(41,5): message :           Magidesk.Infrastructure\**;
       C:\Program Files\dotnet\sdk\10.0.101\Sdks\Microsoft.NET.Sdk\targets\Microsoft.NET.Sdk.DefaultItems.targets(41,5): message :           Magidesk.Migrations\**;
       C:\Program Files\dotnet\sdk\10.0.101\Sdks\Microsoft.NET.Sdk\targets\Microsoft.NET.Sdk.DefaultItems.targets(41,5): message :           Magidesk.Application.Tests\**;
       C:\Program Files\dotnet\sdk\10.0.101\Sdks\Microsoft.NET.Sdk\targets\Microsoft.NET.Sdk.DefaultItems.targets(41,5): message :           Magidesk.Domain.Tests\**;
       C:\Program Files\dotnet\sdk\10.0.101\Sdks\Microsoft.NET.Sdk\targets\Microsoft.NET.Sdk.DefaultItems.targets(41,5): message :           Magidesk.Infrastructure.Tests\**;
       C:\Program Files\dotnet\sdk\10.0.101\Sdks\Microsoft.NET.Sdk\targets\Microsoft.NET.Sdk.DefaultItems.targets(41,5): message :           generate_pins.cs;
       C:\Program Files\dotnet\sdk\10.0.101\Sdks\Microsoft.NET.Sdk\targets\Microsoft.NET.Sdk.DefaultItems.targets(41,5): message :           terminals\**;
       C:\Program Files\dotnet\sdk\10.0.101\Sdks\Microsoft.NET.Sdk\targets\Microsoft.NET.Sdk.DefaultItems.targets(41,5): message :           memory-bank\**;
       C:\Program Files\dotnet\sdk\10.0.101\Sdks\Microsoft.NET.Sdk\targets\Microsoft.NET.Sdk.DefaultItems.targets(41,5): message :           bin\**;
       C:\Program Files\dotnet\sdk\10.0.101\Sdks\Microsoft.NET.Sdk\targets\Microsoft.NET.Sdk.DefaultItems.targets(41,5): message :           obj\**
       C:\Program Files\dotnet\sdk\10.0.101\Sdks\Microsoft.NET.Sdk\targets\Microsoft.NET.Sdk.DefaultItems.targets(41,5): message :         ;bin\Debug\/**;obj\Debug\/**;bin\/**;obj\/**;**/*.user") at C:\Program Files\dotnet\sdk\10.0.101\Sdks\Microsoft.NET.Sdk\targets\Microsoft.NET.Sdk.DefaultItems.targets (41,5)
       C:\Program Files\dotnet\sdk\10.0.101\Sdks\Microsoft.NET.Sdk\targets\Microsoft.NET.Sdk.DefaultItems.targets(42,5): message : Property reassignment: $(DefaultItemExcludes)="
       C:\Program Files\dotnet\sdk\10.0.101\Sdks\Microsoft.NET.Sdk\targets\Microsoft.NET.Sdk.DefaultItems.targets(42,5): message :           ;
       C:\Program Files\dotnet\sdk\10.0.101\Sdks\Microsoft.NET.Sdk\targets\Microsoft.NET.Sdk.DefaultItems.targets(42,5): message :           Magidesk.Api\**;
       C:\Program Files\dotnet\sdk\10.0.101\Sdks\Microsoft.NET.Sdk\targets\Microsoft.NET.Sdk.DefaultItems.targets(42,5): message :           Magidesk.Application\**;
       C:\Program Files\dotnet\sdk\10.0.101\Sdks\Microsoft.NET.Sdk\targets\Microsoft.NET.Sdk.DefaultItems.targets(42,5): message :           Magidesk.Domain\**;
       C:\Program Files\dotnet\sdk\10.0.101\Sdks\Microsoft.NET.Sdk\targets\Microsoft.NET.Sdk.DefaultItems.targets(42,5): message :           Magidesk.Infrastructure\**;
       C:\Program Files\dotnet\sdk\10.0.101\Sdks\Microsoft.NET.Sdk\targets\Microsoft.NET.Sdk.DefaultItems.targets(42,5): message :           Magidesk.Migrations\**;
       C:\Program Files\dotnet\sdk\10.0.101\Sdks\Microsoft.NET.Sdk\targets\Microsoft.NET.Sdk.DefaultItems.targets(42,5): message :           Magidesk.Application.Tests\**;
       C:\Program Files\dotnet\sdk\10.0.101\Sdks\Microsoft.NET.Sdk\targets\Microsoft.NET.Sdk.DefaultItems.targets(42,5): message :           Magidesk.Domain.Tests\**;
       C:\Program Files\dotnet\sdk\10.0.101\Sdks\Microsoft.NET.Sdk\targets\Microsoft.NET.Sdk.DefaultItems.targets(42,5): message :           Magidesk.Infrastructure.Tests\**;
       C:\Program Files\dotnet\sdk\10.0.101\Sdks\Microsoft.NET.Sdk\targets\Microsoft.NET.Sdk.DefaultItems.targets(42,5): message :           generate_pins.cs;
       C:\Program Files\dotnet\sdk\10.0.101\Sdks\Microsoft.NET.Sdk\targets\Microsoft.NET.Sdk.DefaultItems.targets(42,5): message :           terminals\**;
       C:\Program Files\dotnet\sdk\10.0.101\Sdks\Microsoft.NET.Sdk\targets\Microsoft.NET.Sdk.DefaultItems.targets(42,5): message :           memory-bank\**;
       C:\Program Files\dotnet\sdk\10.0.101\Sdks\Microsoft.NET.Sdk\targets\Microsoft.NET.Sdk.DefaultItems.targets(42,5): message :           bin\**;
       C:\Program Files\dotnet\sdk\10.0.101\Sdks\Microsoft.NET.Sdk\targets\Microsoft.NET.Sdk.DefaultItems.targets(42,5): message :           obj\**
       C:\Program Files\dotnet\sdk\10.0.101\Sdks\Microsoft.NET.Sdk\targets\Microsoft.NET.Sdk.DefaultItems.targets(42,5): message :         ;bin\Debug\/**;obj\Debug\/**;bin\/**;obj\/**;**/*.user;**/*.*proj;**/*.sln" (previous value: "
       C:\Program Files\dotnet\sdk\10.0.101\Sdks\Microsoft.NET.Sdk\targets\Microsoft.NET.Sdk.DefaultItems.targets(42,5): message :           ;
       C:\Program Files\dotnet\sdk\10.0.101\Sdks\Microsoft.NET.Sdk\targets\Microsoft.NET.Sdk.DefaultItems.targets(42,5): message :           Magidesk.Api\**;
       C:\Program Files\dotnet\sdk\10.0.101\Sdks\Microsoft.NET.Sdk\targets\Microsoft.NET.Sdk.DefaultItems.targets(42,5): message :           Magidesk.Application\**;
       C:\Program Files\dotnet\sdk\10.0.101\Sdks\Microsoft.NET.Sdk\targets\Microsoft.NET.Sdk.DefaultItems.targets(42,5): message :           Magidesk.Domain\**;
       C:\Program Files\dotnet\sdk\10.0.101\Sdks\Microsoft.NET.Sdk\targets\Microsoft.NET.Sdk.DefaultItems.targets(42,5): message :           Magidesk.Infrastructure\**;
       C:\Program Files\dotnet\sdk\10.0.101\Sdks\Microsoft.NET.Sdk\targets\Microsoft.NET.Sdk.DefaultItems.targets(42,5): message :           Magidesk.Migrations\**;
       C:\Program Files\dotnet\sdk\10.0.101\Sdks\Microsoft.NET.Sdk\targets\Microsoft.NET.Sdk.DefaultItems.targets(42,5): message :           Magidesk.Application.Tests\**;
       C:\Program Files\dotnet\sdk\10.0.101\Sdks\Microsoft.NET.Sdk\targets\Microsoft.NET.Sdk.DefaultItems.targets(42,5): message :           Magidesk.Domain.Tests\**;
       C:\Program Files\dotnet\sdk\10.0.101\Sdks\Microsoft.NET.Sdk\targets\Microsoft.NET.Sdk.DefaultItems.targets(42,5): message :           Magidesk.Infrastructure.Tests\**;
       C:\Program Files\dotnet\sdk\10.0.101\Sdks\Microsoft.NET.Sdk\targets\Microsoft.NET.Sdk.DefaultItems.targets(42,5): message :           generate_pins.cs;
       C:\Program Files\dotnet\sdk\10.0.101\Sdks\Microsoft.NET.Sdk\targets\Microsoft.NET.Sdk.DefaultItems.targets(42,5): message :           terminals\**;
       C:\Program Files\dotnet\sdk\10.0.101\Sdks\Microsoft.NET.Sdk\targets\Microsoft.NET.Sdk.DefaultItems.targets(42,5): message :           memory-bank\**;
       C:\Program Files\dotnet\sdk\10.0.101\Sdks\Microsoft.NET.Sdk\targets\Microsoft.NET.Sdk.DefaultItems.targets(42,5): message :           bin\**;
       C:\Program Files\dotnet\sdk\10.0.101\Sdks\Microsoft.NET.Sdk\targets\Microsoft.NET.Sdk.DefaultItems.targets(42,5): message :           obj\**
       C:\Program Files\dotnet\sdk\10.0.101\Sdks\Microsoft.NET.Sdk\targets\Microsoft.NET.Sdk.DefaultItems.targets(42,5): message :         ;bin\Debug\/**;obj\Debug\/**;bin\/**;obj\/**;**/*.user;**/*.*proj") at C:\Program Files\dotnet\sdk\10.0.101\Sdks\Microsoft.NET.Sdk\targets\Microsoft.NET.Sdk.DefaultItems.targets (42,5)
       C:\Program Files\dotnet\sdk\10.0.101\Sdks\Microsoft.NET.Sdk\targets\Microsoft.NET.Sdk.DefaultItems.targets(43,5): message : Property reassignment: $(DefaultItemExcludes)="
       C:\Program Files\dotnet\sdk\10.0.101\Sdks\Microsoft.NET.Sdk\targets\Microsoft.NET.Sdk.DefaultItems.targets(43,5): message :           ;
       C:\Program Files\dotnet\sdk\10.0.101\Sdks\Microsoft.NET.Sdk\targets\Microsoft.NET.Sdk.DefaultItems.targets(43,5): message :           Magidesk.Api\**;
       C:\Program Files\dotnet\sdk\10.0.101\Sdks\Microsoft.NET.Sdk\targets\Microsoft.NET.Sdk.DefaultItems.targets(43,5): message :           Magidesk.Application\**;
       C:\Program Files\dotnet\sdk\10.0.101\Sdks\Microsoft.NET.Sdk\targets\Microsoft.NET.Sdk.DefaultItems.targets(43,5): message :           Magidesk.Domain\**;
       C:\Program Files\dotnet\sdk\10.0.101\Sdks\Microsoft.NET.Sdk\targets\Microsoft.NET.Sdk.DefaultItems.targets(43,5): message :           Magidesk.Infrastructure\**;
       C:\Program Files\dotnet\sdk\10.0.101\Sdks\Microsoft.NET.Sdk\targets\Microsoft.NET.Sdk.DefaultItems.targets(43,5): message :           Magidesk.Migrations\**;
       C:\Program Files\dotnet\sdk\10.0.101\Sdks\Microsoft.NET.Sdk\targets\Microsoft.NET.Sdk.DefaultItems.targets(43,5): message :           Magidesk.Application.Tests\**;
       C:\Program Files\dotnet\sdk\10.0.101\Sdks\Microsoft.NET.Sdk\targets\Microsoft.NET.Sdk.DefaultItems.targets(43,5): message :           Magidesk.Domain.Tests\**;
       C:\Program Files\dotnet\sdk\10.0.101\Sdks\Microsoft.NET.Sdk\targets\Microsoft.NET.Sdk.DefaultItems.targets(43,5): message :           Magidesk.Infrastructure.Tests\**;
       C:\Program Files\dotnet\sdk\10.0.101\Sdks\Microsoft.NET.Sdk\targets\Microsoft.NET.Sdk.DefaultItems.targets(43,5): message :           generate_pins.cs;
       C:\Program Files\dotnet\sdk\10.0.101\Sdks\Microsoft.NET.Sdk\targets\Microsoft.NET.Sdk.DefaultItems.targets(43,5): message :           terminals\**;
       C:\Program Files\dotnet\sdk\10.0.101\Sdks\Microsoft.NET.Sdk\targets\Microsoft.NET.Sdk.DefaultItems.targets(43,5): message :           memory-bank\**;
       C:\Program Files\dotnet\sdk\10.0.101\Sdks\Microsoft.NET.Sdk\targets\Microsoft.NET.Sdk.DefaultItems.targets(43,5): message :           bin\**;
       C:\Program Files\dotnet\sdk\10.0.101\Sdks\Microsoft.NET.Sdk\targets\Microsoft.NET.Sdk.DefaultItems.targets(43,5): message :           obj\**
       C:\Program Files\dotnet\sdk\10.0.101\Sdks\Microsoft.NET.Sdk\targets\Microsoft.NET.Sdk.DefaultItems.targets(43,5): message :         ;bin\Debug\/**;obj\Debug\/**;bin\/**;obj\/**;**/*.user;**/*.*proj;**/*.sln;**/*.slnx" (previous value: "
       C:\Program Files\dotnet\sdk\10.0.101\Sdks\Microsoft.NET.Sdk\targets\Microsoft.NET.Sdk.DefaultItems.targets(43,5): message :           ;
       C:\Program Files\dotnet\sdk\10.0.101\Sdks\Microsoft.NET.Sdk\targets\Microsoft.NET.Sdk.DefaultItems.targets(43,5): message :           Magidesk.Api\**;
       C:\Program Files\dotnet\sdk\10.0.101\Sdks\Microsoft.NET.Sdk\targets\Microsoft.NET.Sdk.DefaultItems.targets(43,5): message :           Magidesk.Application\**;
       C:\Program Files\dotnet\sdk\10.0.101\Sdks\Microsoft.NET.Sdk\targets\Microsoft.NET.Sdk.DefaultItems.targets(43,5): message :           Magidesk.Domain\**;
       C:\Program Files\dotnet\sdk\10.0.101\Sdks\Microsoft.NET.Sdk\targets\Microsoft.NET.Sdk.DefaultItems.targets(43,5): message :           Magidesk.Infrastructure\**;
       C:\Program Files\dotnet\sdk\10.0.101\Sdks\Microsoft.NET.Sdk\targets\Microsoft.NET.Sdk.DefaultItems.targets(43,5): message :           Magidesk.Migrations\**;
       C:\Program Files\dotnet\sdk\10.0.101\Sdks\Microsoft.NET.Sdk\targets\Microsoft.NET.Sdk.DefaultItems.targets(43,5): message :           Magidesk.Application.Tests\**;
       C:\Program Files\dotnet\sdk\10.0.101\Sdks\Microsoft.NET.Sdk\targets\Microsoft.NET.Sdk.DefaultItems.targets(43,5): message :           Magidesk.Domain.Tests\**;
       C:\Program Files\dotnet\sdk\10.0.101\Sdks\Microsoft.NET.Sdk\targets\Microsoft.NET.Sdk.DefaultItems.targets(43,5): message :           Magidesk.Infrastructure.Tests\**;
       C:\Program Files\dotnet\sdk\10.0.101\Sdks\Microsoft.NET.Sdk\targets\Microsoft.NET.Sdk.DefaultItems.targets(43,5): message :           generate_pins.cs;
       C:\Program Files\dotnet\sdk\10.0.101\Sdks\Microsoft.NET.Sdk\targets\Microsoft.NET.Sdk.DefaultItems.targets(43,5): message :           terminals\**;
       C:\Program Files\dotnet\sdk\10.0.101\Sdks\Microsoft.NET.Sdk\targets\Microsoft.NET.Sdk.DefaultItems.targets(43,5): message :           memory-bank\**;
       C:\Program Files\dotnet\sdk\10.0.101\Sdks\Microsoft.NET.Sdk\targets\Microsoft.NET.Sdk.DefaultItems.targets(43,5): message :           bin\**;
       C:\Program Files\dotnet\sdk\10.0.101\Sdks\Microsoft.NET.Sdk\targets\Microsoft.NET.Sdk.DefaultItems.targets(43,5): message :           obj\**
       C:\Program Files\dotnet\sdk\10.0.101\Sdks\Microsoft.NET.Sdk\targets\Microsoft.NET.Sdk.DefaultItems.targets(43,5): message :         ;bin\Debug\/**;obj\Debug\/**;bin\/**;obj\/**;**/*.user;**/*.*proj;**/*.sln") at C:\Program Files\dotnet\sdk\10.0.101\Sdks\Microsoft.NET.Sdk\targets\Microsoft.NET.Sdk.DefaultItems.targets (43,5)
       C:\Program Files\dotnet\sdk\10.0.101\Sdks\Microsoft.NET.Sdk\targets\Microsoft.NET.Sdk.DefaultItems.targets(44,5): message : Property reassignment: $(DefaultItemExcludes)="
       C:\Program Files\dotnet\sdk\10.0.101\Sdks\Microsoft.NET.Sdk\targets\Microsoft.NET.Sdk.DefaultItems.targets(44,5): message :           ;
       C:\Program Files\dotnet\sdk\10.0.101\Sdks\Microsoft.NET.Sdk\targets\Microsoft.NET.Sdk.DefaultItems.targets(44,5): message :           Magidesk.Api\**;
       C:\Program Files\dotnet\sdk\10.0.101\Sdks\Microsoft.NET.Sdk\targets\Microsoft.NET.Sdk.DefaultItems.targets(44,5): message :           Magidesk.Application\**;
       C:\Program Files\dotnet\sdk\10.0.101\Sdks\Microsoft.NET.Sdk\targets\Microsoft.NET.Sdk.DefaultItems.targets(44,5): message :           Magidesk.Domain\**;
       C:\Program Files\dotnet\sdk\10.0.101\Sdks\Microsoft.NET.Sdk\targets\Microsoft.NET.Sdk.DefaultItems.targets(44,5): message :           Magidesk.Infrastructure\**;
       C:\Program Files\dotnet\sdk\10.0.101\Sdks\Microsoft.NET.Sdk\targets\Microsoft.NET.Sdk.DefaultItems.targets(44,5): message :           Magidesk.Migrations\**;
       C:\Program Files\dotnet\sdk\10.0.101\Sdks\Microsoft.NET.Sdk\targets\Microsoft.NET.Sdk.DefaultItems.targets(44,5): message :           Magidesk.Application.Tests\**;
       C:\Program Files\dotnet\sdk\10.0.101\Sdks\Microsoft.NET.Sdk\targets\Microsoft.NET.Sdk.DefaultItems.targets(44,5): message :           Magidesk.Domain.Tests\**;
       C:\Program Files\dotnet\sdk\10.0.101\Sdks\Microsoft.NET.Sdk\targets\Microsoft.NET.Sdk.DefaultItems.targets(44,5): message :           Magidesk.Infrastructure.Tests\**;
       C:\Program Files\dotnet\sdk\10.0.101\Sdks\Microsoft.NET.Sdk\targets\Microsoft.NET.Sdk.DefaultItems.targets(44,5): message :           generate_pins.cs;
       C:\Program Files\dotnet\sdk\10.0.101\Sdks\Microsoft.NET.Sdk\targets\Microsoft.NET.Sdk.DefaultItems.targets(44,5): message :           terminals\**;
       C:\Program Files\dotnet\sdk\10.0.101\Sdks\Microsoft.NET.Sdk\targets\Microsoft.NET.Sdk.DefaultItems.targets(44,5): message :           memory-bank\**;
       C:\Program Files\dotnet\sdk\10.0.101\Sdks\Microsoft.NET.Sdk\targets\Microsoft.NET.Sdk.DefaultItems.targets(44,5): message :           bin\**;
       C:\Program Files\dotnet\sdk\10.0.101\Sdks\Microsoft.NET.Sdk\targets\Microsoft.NET.Sdk.DefaultItems.targets(44,5): message :           obj\**
       C:\Program Files\dotnet\sdk\10.0.101\Sdks\Microsoft.NET.Sdk\targets\Microsoft.NET.Sdk.DefaultItems.targets(44,5): message :         ;bin\Debug\/**;obj\Debug\/**;bin\/**;obj\/**;**/*.user;**/*.*proj;**/*.sln;**/*.slnx;**/*.vssscc" (previous value: "
       C:\Program Files\dotnet\sdk\10.0.101\Sdks\Microsoft.NET.Sdk\targets\Microsoft.NET.Sdk.DefaultItems.targets(44,5): message :           ;
       C:\Program Files\dotnet\sdk\10.0.101\Sdks\Microsoft.NET.Sdk\targets\Microsoft.NET.Sdk.DefaultItems.targets(44,5): message :           Magidesk.Api\**;
       C:\Program Files\dotnet\sdk\10.0.101\Sdks\Microsoft.NET.Sdk\targets\Microsoft.NET.Sdk.DefaultItems.targets(44,5): message :           Magidesk.Application\**;
       C:\Program Files\dotnet\sdk\10.0.101\Sdks\Microsoft.NET.Sdk\targets\Microsoft.NET.Sdk.DefaultItems.targets(44,5): message :           Magidesk.Domain\**;
       C:\Program Files\dotnet\sdk\10.0.101\Sdks\Microsoft.NET.Sdk\targets\Microsoft.NET.Sdk.DefaultItems.targets(44,5): message :           Magidesk.Infrastructure\**;
       C:\Program Files\dotnet\sdk\10.0.101\Sdks\Microsoft.NET.Sdk\targets\Microsoft.NET.Sdk.DefaultItems.targets(44,5): message :           Magidesk.Migrations\**;
       C:\Program Files\dotnet\sdk\10.0.101\Sdks\Microsoft.NET.Sdk\targets\Microsoft.NET.Sdk.DefaultItems.targets(44,5): message :           Magidesk.Application.Tests\**;
       C:\Program Files\dotnet\sdk\10.0.101\Sdks\Microsoft.NET.Sdk\targets\Microsoft.NET.Sdk.DefaultItems.targets(44,5): message :           Magidesk.Domain.Tests\**;
       C:\Program Files\dotnet\sdk\10.0.101\Sdks\Microsoft.NET.Sdk\targets\Microsoft.NET.Sdk.DefaultItems.targets(44,5): message :           Magidesk.Infrastructure.Tests\**;
       C:\Program Files\dotnet\sdk\10.0.101\Sdks\Microsoft.NET.Sdk\targets\Microsoft.NET.Sdk.DefaultItems.targets(44,5): message :           generate_pins.cs;
       C:\Program Files\dotnet\sdk\10.0.101\Sdks\Microsoft.NET.Sdk\targets\Microsoft.NET.Sdk.DefaultItems.targets(44,5): message :           terminals\**;
       C:\Program Files\dotnet\sdk\10.0.101\Sdks\Microsoft.NET.Sdk\targets\Microsoft.NET.Sdk.DefaultItems.targets(44,5): message :           memory-bank\**;
       C:\Program Files\dotnet\sdk\10.0.101\Sdks\Microsoft.NET.Sdk\targets\Microsoft.NET.Sdk.DefaultItems.targets(44,5): message :           bin\**;
       C:\Program Files\dotnet\sdk\10.0.101\Sdks\Microsoft.NET.Sdk\targets\Microsoft.NET.Sdk.DefaultItems.targets(44,5): message :           obj\**
       C:\Program Files\dotnet\sdk\10.0.101\Sdks\Microsoft.NET.Sdk\targets\Microsoft.NET.Sdk.DefaultItems.targets(44,5): message :         ;bin\Debug\/**;obj\Debug\/**;bin\/**;obj\/**;**/*.user;**/*.*proj;**/*.sln;**/*.slnx") at C:\Program Files\dotnet\sdk\10.0.101\Sdks\Microsoft.NET.Sdk\targets\Microsoft.NET.Sdk.DefaultItems.targets (44,5)
       C:\Program Files\dotnet\sdk\10.0.101\Sdks\Microsoft.NET.Sdk\targets\Microsoft.NET.Sdk.DefaultItems.targets(45,5): message : Property reassignment: $(DefaultItemExcludes)="
       C:\Program Files\dotnet\sdk\10.0.101\Sdks\Microsoft.NET.Sdk\targets\Microsoft.NET.Sdk.DefaultItems.targets(45,5): message :           ;
       C:\Program Files\dotnet\sdk\10.0.101\Sdks\Microsoft.NET.Sdk\targets\Microsoft.NET.Sdk.DefaultItems.targets(45,5): message :           Magidesk.Api\**;
       C:\Program Files\dotnet\sdk\10.0.101\Sdks\Microsoft.NET.Sdk\targets\Microsoft.NET.Sdk.DefaultItems.targets(45,5): message :           Magidesk.Application\**;
       C:\Program Files\dotnet\sdk\10.0.101\Sdks\Microsoft.NET.Sdk\targets\Microsoft.NET.Sdk.DefaultItems.targets(45,5): message :           Magidesk.Domain\**;
       C:\Program Files\dotnet\sdk\10.0.101\Sdks\Microsoft.NET.Sdk\targets\Microsoft.NET.Sdk.DefaultItems.targets(45,5): message :           Magidesk.Infrastructure\**;
       C:\Program Files\dotnet\sdk\10.0.101\Sdks\Microsoft.NET.Sdk\targets\Microsoft.NET.Sdk.DefaultItems.targets(45,5): message :           Magidesk.Migrations\**;
       C:\Program Files\dotnet\sdk\10.0.101\Sdks\Microsoft.NET.Sdk\targets\Microsoft.NET.Sdk.DefaultItems.targets(45,5): message :           Magidesk.Application.Tests\**;
       C:\Program Files\dotnet\sdk\10.0.101\Sdks\Microsoft.NET.Sdk\targets\Microsoft.NET.Sdk.DefaultItems.targets(45,5): message :           Magidesk.Domain.Tests\**;
       C:\Program Files\dotnet\sdk\10.0.101\Sdks\Microsoft.NET.Sdk\targets\Microsoft.NET.Sdk.DefaultItems.targets(45,5): message :           Magidesk.Infrastructure.Tests\**;
       C:\Program Files\dotnet\sdk\10.0.101\Sdks\Microsoft.NET.Sdk\targets\Microsoft.NET.Sdk.DefaultItems.targets(45,5): message :           generate_pins.cs;
       C:\Program Files\dotnet\sdk\10.0.101\Sdks\Microsoft.NET.Sdk\targets\Microsoft.NET.Sdk.DefaultItems.targets(45,5): message :           terminals\**;
       C:\Program Files\dotnet\sdk\10.0.101\Sdks\Microsoft.NET.Sdk\targets\Microsoft.NET.Sdk.DefaultItems.targets(45,5): message :           memory-bank\**;
       C:\Program Files\dotnet\sdk\10.0.101\Sdks\Microsoft.NET.Sdk\targets\Microsoft.NET.Sdk.DefaultItems.targets(45,5): message :           bin\**;
       C:\Program Files\dotnet\sdk\10.0.101\Sdks\Microsoft.NET.Sdk\targets\Microsoft.NET.Sdk.DefaultItems.targets(45,5): message :           obj\**
       C:\Program Files\dotnet\sdk\10.0.101\Sdks\Microsoft.NET.Sdk\targets\Microsoft.NET.Sdk.DefaultItems.targets(45,5): message :         ;bin\Debug\/**;obj\Debug\/**;bin\/**;obj\/**;**/*.user;**/*.*proj;**/*.sln;**/*.slnx;**/*.vssscc;**/.DS_Store" (previous value: "
       C:\Program Files\dotnet\sdk\10.0.101\Sdks\Microsoft.NET.Sdk\targets\Microsoft.NET.Sdk.DefaultItems.targets(45,5): message :           ;
       C:\Program Files\dotnet\sdk\10.0.101\Sdks\Microsoft.NET.Sdk\targets\Microsoft.NET.Sdk.DefaultItems.targets(45,5): message :           Magidesk.Api\**;
       C:\Program Files\dotnet\sdk\10.0.101\Sdks\Microsoft.NET.Sdk\targets\Microsoft.NET.Sdk.DefaultItems.targets(45,5): message :           Magidesk.Application\**;
       C:\Program Files\dotnet\sdk\10.0.101\Sdks\Microsoft.NET.Sdk\targets\Microsoft.NET.Sdk.DefaultItems.targets(45,5): message :           Magidesk.Domain\**;
       C:\Program Files\dotnet\sdk\10.0.101\Sdks\Microsoft.NET.Sdk\targets\Microsoft.NET.Sdk.DefaultItems.targets(45,5): message :           Magidesk.Infrastructure\**;
       C:\Program Files\dotnet\sdk\10.0.101\Sdks\Microsoft.NET.Sdk\targets\Microsoft.NET.Sdk.DefaultItems.targets(45,5): message :           Magidesk.Migrations\**;
       C:\Program Files\dotnet\sdk\10.0.101\Sdks\Microsoft.NET.Sdk\targets\Microsoft.NET.Sdk.DefaultItems.targets(45,5): message :           Magidesk.Application.Tests\**;
       C:\Program Files\dotnet\sdk\10.0.101\Sdks\Microsoft.NET.Sdk\targets\Microsoft.NET.Sdk.DefaultItems.targets(45,5): message :           Magidesk.Domain.Tests\**;
       C:\Program Files\dotnet\sdk\10.0.101\Sdks\Microsoft.NET.Sdk\targets\Microsoft.NET.Sdk.DefaultItems.targets(45,5): message :           Magidesk.Infrastructure.Tests\**;
       C:\Program Files\dotnet\sdk\10.0.101\Sdks\Microsoft.NET.Sdk\targets\Microsoft.NET.Sdk.DefaultItems.targets(45,5): message :           generate_pins.cs;
       C:\Program Files\dotnet\sdk\10.0.101\Sdks\Microsoft.NET.Sdk\targets\Microsoft.NET.Sdk.DefaultItems.targets(45,5): message :           terminals\**;
       C:\Program Files\dotnet\sdk\10.0.101\Sdks\Microsoft.NET.Sdk\targets\Microsoft.NET.Sdk.DefaultItems.targets(45,5): message :           memory-bank\**;
       C:\Program Files\dotnet\sdk\10.0.101\Sdks\Microsoft.NET.Sdk\targets\Microsoft.NET.Sdk.DefaultItems.targets(45,5): message :           bin\**;
       C:\Program Files\dotnet\sdk\10.0.101\Sdks\Microsoft.NET.Sdk\targets\Microsoft.NET.Sdk.DefaultItems.targets(45,5): message :           obj\**
       C:\Program Files\dotnet\sdk\10.0.101\Sdks\Microsoft.NET.Sdk\targets\Microsoft.NET.Sdk.DefaultItems.targets(45,5): message :         ;bin\Debug\/**;obj\Debug\/**;bin\/**;obj\/**;**/*.user;**/*.*proj;**/*.sln;**/*.slnx;**/*.vssscc") at C:\Program Files\dotnet\sdk\10.0.101\Sdks\Microsoft.NET.Sdk\targets\Microsoft.NET.Sdk.DefaultItems.targets (45,5)
       C:\Program Files\dotnet\sdk\10.0.101\Sdks\Microsoft.NET.Sdk\targets\Microsoft.NET.Sdk.FrameworkReferenceResolution.targets(14,5): message : Property reassignment: $(ResolveAssemblyReferencesDependsOn)="
       C:\Program Files\dotnet\sdk\10.0.101\Sdks\Microsoft.NET.Sdk\targets\Microsoft.NET.Sdk.FrameworkReferenceResolution.targets(14,5): message :       
       C:\Program Files\dotnet\sdk\10.0.101\Sdks\Microsoft.NET.Sdk\targets\Microsoft.NET.Sdk.FrameworkReferenceResolution.targets(14,5): message :       
       C:\Program Files\dotnet\sdk\10.0.101\Sdks\Microsoft.NET.Sdk\targets\Microsoft.NET.Sdk.FrameworkReferenceResolution.targets(14,5): message :       ResolveProjectReferences;
       C:\Program Files\dotnet\sdk\10.0.101\Sdks\Microsoft.NET.Sdk\targets\Microsoft.NET.Sdk.FrameworkReferenceResolution.targets(14,5): message :       FindInvalidProjectReferences;
       C:\Program Files\dotnet\sdk\10.0.101\Sdks\Microsoft.NET.Sdk\targets\Microsoft.NET.Sdk.FrameworkReferenceResolution.targets(14,5): message :       GetFrameworkPaths;
       C:\Program Files\dotnet\sdk\10.0.101\Sdks\Microsoft.NET.Sdk\targets\Microsoft.NET.Sdk.FrameworkReferenceResolution.targets(14,5): message :       GetReferenceAssemblyPaths;
       C:\Program Files\dotnet\sdk\10.0.101\Sdks\Microsoft.NET.Sdk\targets\Microsoft.NET.Sdk.FrameworkReferenceResolution.targets(14,5): message :       PrepareForBuild;
       C:\Program Files\dotnet\sdk\10.0.101\Sdks\Microsoft.NET.Sdk\targets\Microsoft.NET.Sdk.FrameworkReferenceResolution.targets(14,5): message :       ResolveSDKReferences;
       C:\Program Files\dotnet\sdk\10.0.101\Sdks\Microsoft.NET.Sdk\targets\Microsoft.NET.Sdk.FrameworkReferenceResolution.targets(14,5): message :       ExpandSDKReferences;
       C:\Program Files\dotnet\sdk\10.0.101\Sdks\Microsoft.NET.Sdk\targets\Microsoft.NET.Sdk.FrameworkReferenceResolution.targets(14,5): message :     ;
       C:\Program Files\dotnet\sdk\10.0.101\Sdks\Microsoft.NET.Sdk\targets\Microsoft.NET.Sdk.FrameworkReferenceResolution.targets(14,5): message :       ResolvePackageDependenciesForBuild;
       C:\Program Files\dotnet\sdk\10.0.101\Sdks\Microsoft.NET.Sdk\targets\Microsoft.NET.Sdk.FrameworkReferenceResolution.targets(14,5): message :       _HandlePackageFileConflicts;
       C:\Program Files\dotnet\sdk\10.0.101\Sdks\Microsoft.NET.Sdk\targets\Microsoft.NET.Sdk.FrameworkReferenceResolution.targets(14,5): message :     ;
       C:\Program Files\dotnet\sdk\10.0.101\Sdks\Microsoft.NET.Sdk\targets\Microsoft.NET.Sdk.FrameworkReferenceResolution.targets(14,5): message :       ResolveTargetingPackAssets;
       C:\Program Files\dotnet\sdk\10.0.101\Sdks\Microsoft.NET.Sdk\targets\Microsoft.NET.Sdk.FrameworkReferenceResolution.targets(14,5): message :     " (previous value: "
       C:\Program Files\dotnet\sdk\10.0.101\Sdks\Microsoft.NET.Sdk\targets\Microsoft.NET.Sdk.FrameworkReferenceResolution.targets(14,5): message :       
       C:\Program Files\dotnet\sdk\10.0.101\Sdks\Microsoft.NET.Sdk\targets\Microsoft.NET.Sdk.FrameworkReferenceResolution.targets(14,5): message :       ResolveProjectReferences;
       C:\Program Files\dotnet\sdk\10.0.101\Sdks\Microsoft.NET.Sdk\targets\Microsoft.NET.Sdk.FrameworkReferenceResolution.targets(14,5): message :       FindInvalidProjectReferences;
       C:\Program Files\dotnet\sdk\10.0.101\Sdks\Microsoft.NET.Sdk\targets\Microsoft.NET.Sdk.FrameworkReferenceResolution.targets(14,5): message :       GetFrameworkPaths;
       C:\Program Files\dotnet\sdk\10.0.101\Sdks\Microsoft.NET.Sdk\targets\Microsoft.NET.Sdk.FrameworkReferenceResolution.targets(14,5): message :       GetReferenceAssemblyPaths;
       C:\Program Files\dotnet\sdk\10.0.101\Sdks\Microsoft.NET.Sdk\targets\Microsoft.NET.Sdk.FrameworkReferenceResolution.targets(14,5): message :       PrepareForBuild;
       C:\Program Files\dotnet\sdk\10.0.101\Sdks\Microsoft.NET.Sdk\targets\Microsoft.NET.Sdk.FrameworkReferenceResolution.targets(14,5): message :       ResolveSDKReferences;
       C:\Program Files\dotnet\sdk\10.0.101\Sdks\Microsoft.NET.Sdk\targets\Microsoft.NET.Sdk.FrameworkReferenceResolution.targets(14,5): message :       ExpandSDKReferences;
       C:\Program Files\dotnet\sdk\10.0.101\Sdks\Microsoft.NET.Sdk\targets\Microsoft.NET.Sdk.FrameworkReferenceResolution.targets(14,5): message :     ;
       C:\Program Files\dotnet\sdk\10.0.101\Sdks\Microsoft.NET.Sdk\targets\Microsoft.NET.Sdk.FrameworkReferenceResolution.targets(14,5): message :       ResolvePackageDependenciesForBuild;
       C:\Program Files\dotnet\sdk\10.0.101\Sdks\Microsoft.NET.Sdk\targets\Microsoft.NET.Sdk.FrameworkReferenceResolution.targets(14,5): message :       _HandlePackageFileConflicts;
       C:\Program Files\dotnet\sdk\10.0.101\Sdks\Microsoft.NET.Sdk\targets\Microsoft.NET.Sdk.FrameworkReferenceResolution.targets(14,5): message :     ") at C:\Program Files\dotnet\sdk\10.0.101\Sdks\Microsoft.NET.Sdk\targets\Microsoft.NET.Sdk.FrameworkReferenceResolution.targets (14,5)
       C:\Program Files\dotnet\sdk\10.0.101\Sdks\Microsoft.NET.Sdk\targets\Microsoft.NET.Sdk.targets(44,5): message : Property reassignment: $(_GenerateRuntimeConfigurationPropertyInputsCache)="C:\Users\giris\Documents\Code\Redesign-POS\Windows Based POS\Magidesk\obj\Debug\net8.0-windows10.0.19041.0\Magidesk.Presentation.genruntimeconfig.cache" (previous value: "obj\Debug\net8.0-windows10.0.19041.0\Magidesk.Presentation.genruntimeconfig.cache") at C:\Program Files\dotnet\sdk\10.0.101\Sdks\Microsoft.NET.Sdk\targets\Microsoft.NET.Sdk.targets (44,5)
       C:\Program Files\dotnet\sdk\10.0.101\Sdks\Microsoft.NET.Sdk\targets\Microsoft.NET.Sdk.targets(46,5): message : Property reassignment: $(_GeneratePublishDependencyFilePropertyInputsCache)="C:\Users\giris\Documents\Code\Redesign-POS\Windows Based POS\Magidesk\obj\Debug\net8.0-windows10.0.19041.0\Magidesk.Presentation.genpublishdeps.cache" (previous value: "obj\Debug\net8.0-windows10.0.19041.0\Magidesk.Presentation.genpublishdeps.cache") at C:\Program Files\dotnet\sdk\10.0.101\Sdks\Microsoft.NET.Sdk\targets\Microsoft.NET.Sdk.targets (46,5)
       C:\Program Files\dotnet\sdk\10.0.101\Sdks\Microsoft.NET.Sdk\targets\Microsoft.NET.Sdk.targets(48,5): message : Property reassignment: $(_GenerateSingleFileBundlePropertyInputsCache)="C:\Users\giris\Documents\Code\Redesign-POS\Windows Based POS\Magidesk\obj\Debug\net8.0-windows10.0.19041.0\Magidesk.Presentation.genbundle.cache" (previous value: "obj\Debug\net8.0-windows10.0.19041.0\Magidesk.Presentation.genbundle.cache") at C:\Program Files\dotnet\sdk\10.0.101\Sdks\Microsoft.NET.Sdk\targets\Microsoft.NET.Sdk.targets (48,5)
       C:\Program Files\dotnet\sdk\10.0.101\Sdks\Microsoft.NET.Sdk\targets\Microsoft.NET.Sdk.targets(81,5): message : Property reassignment: $(GenerateRuntimeConfigDevFile)="false" (previous value: "true") at C:\Program Files\dotnet\sdk\10.0.101\Sdks\Microsoft.NET.Sdk\targets\Microsoft.NET.Sdk.targets (81,5)
       C:\Program Files\dotnet\sdk\10.0.101\Sdks\Microsoft.NET.Sdk\targets\Microsoft.NET.Sdk.targets(98,5): message : Property 'USERPROFILE' with value 'C:\Users\giris' expanded from the environment.
       C:\Program Files\dotnet\sdk\10.0.101\Sdks\Microsoft.NET.Sdk\targets\Microsoft.NET.Sdk.targets(98,5): message : Property reassignment: $(_DefaultUserProfileRuntimeStorePath)="C:\Users\giris" (previous value: "") at C:\Program Files\dotnet\sdk\10.0.101\Sdks\Microsoft.NET.Sdk\targets\Microsoft.NET.Sdk.targets (98,5)
       C:\Program Files\dotnet\sdk\10.0.101\Sdks\Microsoft.NET.Sdk\targets\Microsoft.NET.Sdk.targets(99,5): message : Property reassignment: $(_DefaultUserProfileRuntimeStorePath)="C:\Users\giris\.dotnet\store" (previous value: "C:\Users\giris") at C:\Program Files\dotnet\sdk\10.0.101\Sdks\Microsoft.NET.Sdk\targets\Microsoft.NET.Sdk.targets (99,5)
       C:\Program Files\dotnet\sdk\10.0.101\Sdks\Microsoft.NET.Sdk\targets\Microsoft.NET.Sdk.targets(144,5): message : Property reassignment: $(AvailablePlatforms)="Any CPU,x86,x64,ARM32" (previous value: "Any CPU,x86,x64") at C:\Program Files\dotnet\sdk\10.0.101\Sdks\Microsoft.NET.Sdk\targets\Microsoft.NET.Sdk.targets (144,5)
       C:\Program Files\dotnet\sdk\10.0.101\Sdks\Microsoft.NET.Sdk\targets\Microsoft.NET.Sdk.targets(148,5): message : Property reassignment: $(AvailablePlatforms)="Any CPU,x86,x64,ARM32,ARM64" (previous value: "Any CPU,x86,x64,ARM32") at C:\Program Files\dotnet\sdk\10.0.101\Sdks\Microsoft.NET.Sdk\targets\Microsoft.NET.Sdk.targets (148,5)
       C:\Program Files\dotnet\sdk\10.0.101\Sdks\Microsoft.NET.Sdk\targets\Microsoft.NET.Sdk.targets(204,5): message : Property reassignment: $(CoreBuildDependsOn)="
       C:\Program Files\dotnet\sdk\10.0.101\Sdks\Microsoft.NET.Sdk\targets\Microsoft.NET.Sdk.targets(204,5): message :       _CheckForBuildWithNoBuild;
       C:\Program Files\dotnet\sdk\10.0.101\Sdks\Microsoft.NET.Sdk\targets\Microsoft.NET.Sdk.targets(204,5): message :       
       C:\Program Files\dotnet\sdk\10.0.101\Sdks\Microsoft.NET.Sdk\targets\Microsoft.NET.Sdk.targets(204,5): message :       BuildOnlySettings;
       C:\Program Files\dotnet\sdk\10.0.101\Sdks\Microsoft.NET.Sdk\targets\Microsoft.NET.Sdk.targets(204,5): message :       PrepareForBuild;
       C:\Program Files\dotnet\sdk\10.0.101\Sdks\Microsoft.NET.Sdk\targets\Microsoft.NET.Sdk.targets(204,5): message :       PreBuildEvent;
       C:\Program Files\dotnet\sdk\10.0.101\Sdks\Microsoft.NET.Sdk\targets\Microsoft.NET.Sdk.targets(204,5): message :       ResolveReferences;
       C:\Program Files\dotnet\sdk\10.0.101\Sdks\Microsoft.NET.Sdk\targets\Microsoft.NET.Sdk.targets(204,5): message :       PrepareResources;
       C:\Program Files\dotnet\sdk\10.0.101\Sdks\Microsoft.NET.Sdk\targets\Microsoft.NET.Sdk.targets(204,5): message :       ResolveKeySource;
       C:\Program Files\dotnet\sdk\10.0.101\Sdks\Microsoft.NET.Sdk\targets\Microsoft.NET.Sdk.targets(204,5): message :       Compile;
       C:\Program Files\dotnet\sdk\10.0.101\Sdks\Microsoft.NET.Sdk\targets\Microsoft.NET.Sdk.targets(204,5): message :       ExportWindowsMDFile;
       C:\Program Files\dotnet\sdk\10.0.101\Sdks\Microsoft.NET.Sdk\targets\Microsoft.NET.Sdk.targets(204,5): message :       UnmanagedUnregistration;
       C:\Program Files\dotnet\sdk\10.0.101\Sdks\Microsoft.NET.Sdk\targets\Microsoft.NET.Sdk.targets(204,5): message :       GenerateSerializationAssemblies;
       C:\Program Files\dotnet\sdk\10.0.101\Sdks\Microsoft.NET.Sdk\targets\Microsoft.NET.Sdk.targets(204,5): message :       CreateSatelliteAssemblies;
       C:\Program Files\dotnet\sdk\10.0.101\Sdks\Microsoft.NET.Sdk\targets\Microsoft.NET.Sdk.targets(204,5): message :       GenerateManifests;
       C:\Program Files\dotnet\sdk\10.0.101\Sdks\Microsoft.NET.Sdk\targets\Microsoft.NET.Sdk.targets(204,5): message :       GetTargetPath;
       C:\Program Files\dotnet\sdk\10.0.101\Sdks\Microsoft.NET.Sdk\targets\Microsoft.NET.Sdk.targets(204,5): message :       PrepareForRun;
       C:\Program Files\dotnet\sdk\10.0.101\Sdks\Microsoft.NET.Sdk\targets\Microsoft.NET.Sdk.targets(204,5): message :       UnmanagedRegistration;
       C:\Program Files\dotnet\sdk\10.0.101\Sdks\Microsoft.NET.Sdk\targets\Microsoft.NET.Sdk.targets(204,5): message :       IncrementalClean;
       C:\Program Files\dotnet\sdk\10.0.101\Sdks\Microsoft.NET.Sdk\targets\Microsoft.NET.Sdk.targets(204,5): message :       PostBuildEvent
       C:\Program Files\dotnet\sdk\10.0.101\Sdks\Microsoft.NET.Sdk\targets\Microsoft.NET.Sdk.targets(204,5): message :     ;
       C:\Program Files\dotnet\sdk\10.0.101\Sdks\Microsoft.NET.Sdk\targets\Microsoft.NET.Sdk.targets(204,5): message :       GenerateBuildDependencyFile;
       C:\Program Files\dotnet\sdk\10.0.101\Sdks\Microsoft.NET.Sdk\targets\Microsoft.NET.Sdk.targets(204,5): message :       GenerateBuildRuntimeConfigurationFiles
       C:\Program Files\dotnet\sdk\10.0.101\Sdks\Microsoft.NET.Sdk\targets\Microsoft.NET.Sdk.targets(204,5): message :     " (previous value: "
       C:\Program Files\dotnet\sdk\10.0.101\Sdks\Microsoft.NET.Sdk\targets\Microsoft.NET.Sdk.targets(204,5): message :       BuildOnlySettings;
       C:\Program Files\dotnet\sdk\10.0.101\Sdks\Microsoft.NET.Sdk\targets\Microsoft.NET.Sdk.targets(204,5): message :       PrepareForBuild;
       C:\Program Files\dotnet\sdk\10.0.101\Sdks\Microsoft.NET.Sdk\targets\Microsoft.NET.Sdk.targets(204,5): message :       PreBuildEvent;
       C:\Program Files\dotnet\sdk\10.0.101\Sdks\Microsoft.NET.Sdk\targets\Microsoft.NET.Sdk.targets(204,5): message :       ResolveReferences;
       C:\Program Files\dotnet\sdk\10.0.101\Sdks\Microsoft.NET.Sdk\targets\Microsoft.NET.Sdk.targets(204,5): message :       PrepareResources;
       C:\Program Files\dotnet\sdk\10.0.101\Sdks\Microsoft.NET.Sdk\targets\Microsoft.NET.Sdk.targets(204,5): message :       ResolveKeySource;
       C:\Program Files\dotnet\sdk\10.0.101\Sdks\Microsoft.NET.Sdk\targets\Microsoft.NET.Sdk.targets(204,5): message :       Compile;
       C:\Program Files\dotnet\sdk\10.0.101\Sdks\Microsoft.NET.Sdk\targets\Microsoft.NET.Sdk.targets(204,5): message :       ExportWindowsMDFile;
       C:\Program Files\dotnet\sdk\10.0.101\Sdks\Microsoft.NET.Sdk\targets\Microsoft.NET.Sdk.targets(204,5): message :       UnmanagedUnregistration;
       C:\Program Files\dotnet\sdk\10.0.101\Sdks\Microsoft.NET.Sdk\targets\Microsoft.NET.Sdk.targets(204,5): message :       GenerateSerializationAssemblies;
       C:\Program Files\dotnet\sdk\10.0.101\Sdks\Microsoft.NET.Sdk\targets\Microsoft.NET.Sdk.targets(204,5): message :       CreateSatelliteAssemblies;
       C:\Program Files\dotnet\sdk\10.0.101\Sdks\Microsoft.NET.Sdk\targets\Microsoft.NET.Sdk.targets(204,5): message :       GenerateManifests;
       C:\Program Files\dotnet\sdk\10.0.101\Sdks\Microsoft.NET.Sdk\targets\Microsoft.NET.Sdk.targets(204,5): message :       GetTargetPath;
       C:\Program Files\dotnet\sdk\10.0.101\Sdks\Microsoft.NET.Sdk\targets\Microsoft.NET.Sdk.targets(204,5): message :       PrepareForRun;
       C:\Program Files\dotnet\sdk\10.0.101\Sdks\Microsoft.NET.Sdk\targets\Microsoft.NET.Sdk.targets(204,5): message :       UnmanagedRegistration;
       C:\Program Files\dotnet\sdk\10.0.101\Sdks\Microsoft.NET.Sdk\targets\Microsoft.NET.Sdk.targets(204,5): message :       IncrementalClean;
       C:\Program Files\dotnet\sdk\10.0.101\Sdks\Microsoft.NET.Sdk\targets\Microsoft.NET.Sdk.targets(204,5): message :       PostBuildEvent
       C:\Program Files\dotnet\sdk\10.0.101\Sdks\Microsoft.NET.Sdk\targets\Microsoft.NET.Sdk.targets(204,5): message :     ") at C:\Program Files\dotnet\sdk\10.0.101\Sdks\Microsoft.NET.Sdk\targets\Microsoft.NET.Sdk.targets (204,5)
       C:\Program Files\dotnet\sdk\10.0.101\Sdks\Microsoft.NET.Sdk\targets\Microsoft.NET.Sdk.targets(213,5): message : Property reassignment: $(CoreCleanDependsOn)="
       C:\Program Files\dotnet\sdk\10.0.101\Sdks\Microsoft.NET.Sdk\targets\Microsoft.NET.Sdk.targets(213,5): message :       _SdkBeforeClean;
       C:\Program Files\dotnet\sdk\10.0.101\Sdks\Microsoft.NET.Sdk\targets\Microsoft.NET.Sdk.targets(213,5): message :       
       C:\Program Files\dotnet\sdk\10.0.101\Sdks\Microsoft.NET.Sdk\targets\Microsoft.NET.Sdk.targets(213,5): message :     " (previous value: "") at C:\Program Files\dotnet\sdk\10.0.101\Sdks\Microsoft.NET.Sdk\targets\Microsoft.NET.Sdk.targets (213,5)
       C:\Program Files\dotnet\sdk\10.0.101\Sdks\Microsoft.NET.Sdk\targets\Microsoft.NET.Sdk.targets(220,5): message : Property reassignment: $(RebuildDependsOn)="
       C:\Program Files\dotnet\sdk\10.0.101\Sdks\Microsoft.NET.Sdk\targets\Microsoft.NET.Sdk.targets(220,5): message :       _SdkBeforeRebuild;
       C:\Program Files\dotnet\sdk\10.0.101\Sdks\Microsoft.NET.Sdk\targets\Microsoft.NET.Sdk.targets(220,5): message :       
       C:\Program Files\dotnet\sdk\10.0.101\Sdks\Microsoft.NET.Sdk\targets\Microsoft.NET.Sdk.targets(220,5): message :       BeforeRebuild;
       C:\Program Files\dotnet\sdk\10.0.101\Sdks\Microsoft.NET.Sdk\targets\Microsoft.NET.Sdk.targets(220,5): message :       Clean;
       C:\Program Files\dotnet\sdk\10.0.101\Sdks\Microsoft.NET.Sdk\targets\Microsoft.NET.Sdk.targets(220,5): message :       Build;
       C:\Program Files\dotnet\sdk\10.0.101\Sdks\Microsoft.NET.Sdk\targets\Microsoft.NET.Sdk.targets(220,5): message :       AfterRebuild;
       C:\Program Files\dotnet\sdk\10.0.101\Sdks\Microsoft.NET.Sdk\targets\Microsoft.NET.Sdk.targets(220,5): message :     
       C:\Program Files\dotnet\sdk\10.0.101\Sdks\Microsoft.NET.Sdk\targets\Microsoft.NET.Sdk.targets(220,5): message :     " (previous value: "
       C:\Program Files\dotnet\sdk\10.0.101\Sdks\Microsoft.NET.Sdk\targets\Microsoft.NET.Sdk.targets(220,5): message :       BeforeRebuild;
       C:\Program Files\dotnet\sdk\10.0.101\Sdks\Microsoft.NET.Sdk\targets\Microsoft.NET.Sdk.targets(220,5): message :       Clean;
       C:\Program Files\dotnet\sdk\10.0.101\Sdks\Microsoft.NET.Sdk\targets\Microsoft.NET.Sdk.targets(220,5): message :       Build;
       C:\Program Files\dotnet\sdk\10.0.101\Sdks\Microsoft.NET.Sdk\targets\Microsoft.NET.Sdk.targets(220,5): message :       AfterRebuild;
       C:\Program Files\dotnet\sdk\10.0.101\Sdks\Microsoft.NET.Sdk\targets\Microsoft.NET.Sdk.targets(220,5): message :     ") at C:\Program Files\dotnet\sdk\10.0.101\Sdks\Microsoft.NET.Sdk\targets\Microsoft.NET.Sdk.targets (220,5)
       C:\Program Files\dotnet\sdk\10.0.101\Sdks\Microsoft.NET.Sdk\targets\Microsoft.NET.Sdk.targets(799,5): message : Property reassignment: $(CompileDependsOn)="
       C:\Program Files\dotnet\sdk\10.0.101\Sdks\Microsoft.NET.Sdk\targets\Microsoft.NET.Sdk.targets(799,5): message :       
       C:\Program Files\dotnet\sdk\10.0.101\Sdks\Microsoft.NET.Sdk\targets\Microsoft.NET.Sdk.targets(799,5): message :       ResolveReferences;
       C:\Program Files\dotnet\sdk\10.0.101\Sdks\Microsoft.NET.Sdk\targets\Microsoft.NET.Sdk.targets(799,5): message :       ResolveKeySource;
       C:\Program Files\dotnet\sdk\10.0.101\Sdks\Microsoft.NET.Sdk\targets\Microsoft.NET.Sdk.targets(799,5): message :       SetWin32ManifestProperties;
       C:\Program Files\dotnet\sdk\10.0.101\Sdks\Microsoft.NET.Sdk\targets\Microsoft.NET.Sdk.targets(799,5): message :       _SetPreferNativeArm64Win32ManifestProperties;
       C:\Program Files\dotnet\sdk\10.0.101\Sdks\Microsoft.NET.Sdk\targets\Microsoft.NET.Sdk.targets(799,5): message :       FindReferenceAssembliesForReferences;
       C:\Program Files\dotnet\sdk\10.0.101\Sdks\Microsoft.NET.Sdk\targets\Microsoft.NET.Sdk.targets(799,5): message :       _GenerateCompileInputs;
       C:\Program Files\dotnet\sdk\10.0.101\Sdks\Microsoft.NET.Sdk\targets\Microsoft.NET.Sdk.targets(799,5): message :       BeforeCompile;
       C:\Program Files\dotnet\sdk\10.0.101\Sdks\Microsoft.NET.Sdk\targets\Microsoft.NET.Sdk.targets(799,5): message :       _TimeStampBeforeCompile;
       C:\Program Files\dotnet\sdk\10.0.101\Sdks\Microsoft.NET.Sdk\targets\Microsoft.NET.Sdk.targets(799,5): message :       _GenerateCompileDependencyCache;
       C:\Program Files\dotnet\sdk\10.0.101\Sdks\Microsoft.NET.Sdk\targets\Microsoft.NET.Sdk.targets(799,5): message :       CoreCompile;
       C:\Program Files\dotnet\sdk\10.0.101\Sdks\Microsoft.NET.Sdk\targets\Microsoft.NET.Sdk.targets(799,5): message :       _TimeStampAfterCompile;
       C:\Program Files\dotnet\sdk\10.0.101\Sdks\Microsoft.NET.Sdk\targets\Microsoft.NET.Sdk.targets(799,5): message :       AfterCompile;
       C:\Program Files\dotnet\sdk\10.0.101\Sdks\Microsoft.NET.Sdk\targets\Microsoft.NET.Sdk.targets(799,5): message :     ;
       C:\Program Files\dotnet\sdk\10.0.101\Sdks\Microsoft.NET.Sdk\targets\Microsoft.NET.Sdk.targets(799,5): message :       _CreateAppHost;
       C:\Program Files\dotnet\sdk\10.0.101\Sdks\Microsoft.NET.Sdk\targets\Microsoft.NET.Sdk.targets(799,5): message :       _CreateComHost;
       C:\Program Files\dotnet\sdk\10.0.101\Sdks\Microsoft.NET.Sdk\targets\Microsoft.NET.Sdk.targets(799,5): message :       _GetIjwHostPaths;
       C:\Program Files\dotnet\sdk\10.0.101\Sdks\Microsoft.NET.Sdk\targets\Microsoft.NET.Sdk.targets(799,5): message :     " (previous value: "
       C:\Program Files\dotnet\sdk\10.0.101\Sdks\Microsoft.NET.Sdk\targets\Microsoft.NET.Sdk.targets(799,5): message :       ResolveReferences;
       C:\Program Files\dotnet\sdk\10.0.101\Sdks\Microsoft.NET.Sdk\targets\Microsoft.NET.Sdk.targets(799,5): message :       ResolveKeySource;
       C:\Program Files\dotnet\sdk\10.0.101\Sdks\Microsoft.NET.Sdk\targets\Microsoft.NET.Sdk.targets(799,5): message :       SetWin32ManifestProperties;
       C:\Program Files\dotnet\sdk\10.0.101\Sdks\Microsoft.NET.Sdk\targets\Microsoft.NET.Sdk.targets(799,5): message :       _SetPreferNativeArm64Win32ManifestProperties;
       C:\Program Files\dotnet\sdk\10.0.101\Sdks\Microsoft.NET.Sdk\targets\Microsoft.NET.Sdk.targets(799,5): message :       FindReferenceAssembliesForReferences;
       C:\Program Files\dotnet\sdk\10.0.101\Sdks\Microsoft.NET.Sdk\targets\Microsoft.NET.Sdk.targets(799,5): message :       _GenerateCompileInputs;
       C:\Program Files\dotnet\sdk\10.0.101\Sdks\Microsoft.NET.Sdk\targets\Microsoft.NET.Sdk.targets(799,5): message :       BeforeCompile;
       C:\Program Files\dotnet\sdk\10.0.101\Sdks\Microsoft.NET.Sdk\targets\Microsoft.NET.Sdk.targets(799,5): message :       _TimeStampBeforeCompile;
       C:\Program Files\dotnet\sdk\10.0.101\Sdks\Microsoft.NET.Sdk\targets\Microsoft.NET.Sdk.targets(799,5): message :       _GenerateCompileDependencyCache;
       C:\Program Files\dotnet\sdk\10.0.101\Sdks\Microsoft.NET.Sdk\targets\Microsoft.NET.Sdk.targets(799,5): message :       CoreCompile;
       C:\Program Files\dotnet\sdk\10.0.101\Sdks\Microsoft.NET.Sdk\targets\Microsoft.NET.Sdk.targets(799,5): message :       _TimeStampAfterCompile;
       C:\Program Files\dotnet\sdk\10.0.101\Sdks\Microsoft.NET.Sdk\targets\Microsoft.NET.Sdk.targets(799,5): message :       AfterCompile;
       C:\Program Files\dotnet\sdk\10.0.101\Sdks\Microsoft.NET.Sdk\targets\Microsoft.NET.Sdk.targets(799,5): message :     ") at C:\Program Files\dotnet\sdk\10.0.101\Sdks\Microsoft.NET.Sdk\targets\Microsoft.NET.Sdk.targets (799,5)
       C:\Program Files\dotnet\sdk\10.0.101\Sdks\Microsoft.NET.Sdk\targets\Microsoft.NET.Sdk.targets(1131,5): message : Property reassignment: $(CreateSatelliteAssembliesDependsOn)="
       C:\Program Files\dotnet\sdk\10.0.101\Sdks\Microsoft.NET.Sdk\targets\Microsoft.NET.Sdk.targets(1131,5): message :       
       C:\Program Files\dotnet\sdk\10.0.101\Sdks\Microsoft.NET.Sdk\targets\Microsoft.NET.Sdk.targets(1131,5): message :       ;
       C:\Program Files\dotnet\sdk\10.0.101\Sdks\Microsoft.NET.Sdk\targets\Microsoft.NET.Sdk.targets(1131,5): message :       _GenerateSatelliteAssemblyInputs;
       C:\Program Files\dotnet\sdk\10.0.101\Sdks\Microsoft.NET.Sdk\targets\Microsoft.NET.Sdk.targets(1131,5): message :       ComputeIntermediateSatelliteAssemblies;
       C:\Program Files\dotnet\sdk\10.0.101\Sdks\Microsoft.NET.Sdk\targets\Microsoft.NET.Sdk.targets(1131,5): message :       GenerateSatelliteAssemblies
       C:\Program Files\dotnet\sdk\10.0.101\Sdks\Microsoft.NET.Sdk\targets\Microsoft.NET.Sdk.targets(1131,5): message :     ;
       C:\Program Files\dotnet\sdk\10.0.101\Sdks\Microsoft.NET.Sdk\targets\Microsoft.NET.Sdk.targets(1131,5): message :       CoreGenerateSatelliteAssemblies
       C:\Program Files\dotnet\sdk\10.0.101\Sdks\Microsoft.NET.Sdk\targets\Microsoft.NET.Sdk.targets(1131,5): message :     " (previous value: "
       C:\Program Files\dotnet\sdk\10.0.101\Sdks\Microsoft.NET.Sdk\targets\Microsoft.NET.Sdk.targets(1131,5): message :       ;
       C:\Program Files\dotnet\sdk\10.0.101\Sdks\Microsoft.NET.Sdk\targets\Microsoft.NET.Sdk.targets(1131,5): message :       _GenerateSatelliteAssemblyInputs;
       C:\Program Files\dotnet\sdk\10.0.101\Sdks\Microsoft.NET.Sdk\targets\Microsoft.NET.Sdk.targets(1131,5): message :       ComputeIntermediateSatelliteAssemblies;
       C:\Program Files\dotnet\sdk\10.0.101\Sdks\Microsoft.NET.Sdk\targets\Microsoft.NET.Sdk.targets(1131,5): message :       GenerateSatelliteAssemblies
       C:\Program Files\dotnet\sdk\10.0.101\Sdks\Microsoft.NET.Sdk\targets\Microsoft.NET.Sdk.targets(1131,5): message :     ") at C:\Program Files\dotnet\sdk\10.0.101\Sdks\Microsoft.NET.Sdk\targets\Microsoft.NET.Sdk.targets (1131,5)
       C:\Program Files\dotnet\sdk\10.0.101\Sdks\Microsoft.SourceLink.GitLab\build\Microsoft.SourceLink.GitLab.targets(12,5): message : Property reassignment: $(SourceLinkUrlInitializerTargets)=";_InitializeGitHubSourceLinkUrl;_InitializeGitLabSourceLinkUrl" (previous value: ";_InitializeGitHubSourceLinkUrl") at C:\Program Files\dotnet\sdk\10.0.101\Sdks\Microsoft.SourceLink.GitLab\build\Microsoft.SourceLink.GitLab.targets (12,5)
       C:\Program Files\dotnet\sdk\10.0.101\Sdks\Microsoft.SourceLink.GitLab\build\Microsoft.SourceLink.GitLab.targets(13,5): message : Property reassignment: $(SourceControlManagerUrlTranslationTargets)=";TranslateGitHubUrlsInSourceControlInformation;TranslateGitLabUrlsInSourceControlInformation" (previous value: ";TranslateGitHubUrlsInSourceControlInformation") at C:\Program Files\dotnet\sdk\10.0.101\Sdks\Microsoft.SourceLink.GitLab\build\Microsoft.SourceLink.GitLab.targets (13,5)
       C:\Program Files\dotnet\sdk\10.0.101\Sdks\Microsoft.SourceLink.AzureRepos.Git\build\Microsoft.SourceLink.AzureRepos.Git.targets(12,5): message : Property reassignment: $(SourceLinkUrlInitializerTargets)=";_InitializeGitHubSourceLinkUrl;_InitializeGitLabSourceLinkUrl;_InitializeAzureReposGitSourceLinkUrl" (previous value: ";_InitializeGitHubSourceLinkUrl;_InitializeGitLabSourceLinkUrl") at C:\Program Files\dotnet\sdk\10.0.101\Sdks\Microsoft.SourceLink.AzureRepos.Git\build\Microsoft.SourceLink.AzureRepos.Git.targets (12,5)
       C:\Program Files\dotnet\sdk\10.0.101\Sdks\Microsoft.SourceLink.AzureRepos.Git\build\Microsoft.SourceLink.AzureRepos.Git.targets(13,5): message : Property reassignment: $(SourceControlManagerUrlTranslationTargets)=";TranslateGitHubUrlsInSourceControlInformation;TranslateGitLabUrlsInSourceControlInformation;TranslateAzureReposGitUrlsInSourceControlInformation" (previous value: ";TranslateGitHubUrlsInSourceControlInformation;TranslateGitLabUrlsInSourceControlInformation") at C:\Program Files\dotnet\sdk\10.0.101\Sdks\Microsoft.SourceLink.AzureRepos.Git\build\Microsoft.SourceLink.AzureRepos.Git.targets (13,5)
       C:\Program Files\dotnet\sdk\10.0.101\Sdks\Microsoft.SourceLink.Bitbucket.Git\build\Microsoft.SourceLink.Bitbucket.Git.targets(12,5): message : Property reassignment: $(SourceLinkUrlInitializerTargets)=";_InitializeGitHubSourceLinkUrl;_InitializeGitLabSourceLinkUrl;_InitializeAzureReposGitSourceLinkUrl;_InitializeBitbucketGitSourceLinkUrl" (previous value: ";_InitializeGitHubSourceLinkUrl;_InitializeGitLabSourceLinkUrl;_InitializeAzureReposGitSourceLinkUrl") at C:\Program Files\dotnet\sdk\10.0.101\Sdks\Microsoft.SourceLink.Bitbucket.Git\build\Microsoft.SourceLink.Bitbucket.Git.targets (12,5)
       C:\Program Files\dotnet\sdk\10.0.101\Sdks\Microsoft.SourceLink.Bitbucket.Git\build\Microsoft.SourceLink.Bitbucket.Git.targets(13,5): message : Property reassignment: $(SourceControlManagerUrlTranslationTargets)=";TranslateGitHubUrlsInSourceControlInformation;TranslateGitLabUrlsInSourceControlInformation;TranslateAzureReposGitUrlsInSourceControlInformation;TranslateBitbucketGitUrlsInSourceControlInformation" (previous value: ";TranslateGitHubUrlsInSourceControlInformation;TranslateGitLabUrlsInSourceControlInformation;TranslateAzureReposGitUrlsInSourceControlInformation") at C:\Program Files\dotnet\sdk\10.0.101\Sdks\Microsoft.SourceLink.Bitbucket.Git\build\Microsoft.SourceLink.Bitbucket.Git.targets (13,5)
       C:\Program Files\dotnet\sdk\10.0.101\Sdks\Microsoft.NET.Sdk\targets\Microsoft.NET.DesignerSupport.targets(21,5): message : Property reassignment: $(DesignerRuntimeImplementationProjectOutputGroupDependsOn)="
       C:\Program Files\dotnet\sdk\10.0.101\Sdks\Microsoft.NET.Sdk\targets\Microsoft.NET.DesignerSupport.targets(21,5): message :       
       C:\Program Files\dotnet\sdk\10.0.101\Sdks\Microsoft.NET.Sdk\targets\Microsoft.NET.DesignerSupport.targets(21,5): message :       ;
       C:\Program Files\dotnet\sdk\10.0.101\Sdks\Microsoft.NET.Sdk\targets\Microsoft.NET.DesignerSupport.targets(21,5): message :       
       C:\Program Files\dotnet\sdk\10.0.101\Sdks\Microsoft.NET.Sdk\targets\Microsoft.NET.DesignerSupport.targets(21,5): message :       ;
       C:\Program Files\dotnet\sdk\10.0.101\Sdks\Microsoft.NET.Sdk\targets\Microsoft.NET.DesignerSupport.targets(21,5): message :       BuildOnlySettings;
       C:\Program Files\dotnet\sdk\10.0.101\Sdks\Microsoft.NET.Sdk\targets\Microsoft.NET.DesignerSupport.targets(21,5): message :       PrepareForBuild;
       C:\Program Files\dotnet\sdk\10.0.101\Sdks\Microsoft.NET.Sdk\targets\Microsoft.NET.DesignerSupport.targets(21,5): message :       AssignTargetPaths;
       C:\Program Files\dotnet\sdk\10.0.101\Sdks\Microsoft.NET.Sdk\targets\Microsoft.NET.DesignerSupport.targets(21,5): message :       ResolveReferences
       C:\Program Files\dotnet\sdk\10.0.101\Sdks\Microsoft.NET.Sdk\targets\Microsoft.NET.DesignerSupport.targets(21,5): message :     
       C:\Program Files\dotnet\sdk\10.0.101\Sdks\Microsoft.NET.Sdk\targets\Microsoft.NET.DesignerSupport.targets(21,5): message :     ;
       C:\Program Files\dotnet\sdk\10.0.101\Sdks\Microsoft.NET.Sdk\targets\Microsoft.NET.DesignerSupport.targets(21,5): message :       _GenerateDesignerDepsFile;
       C:\Program Files\dotnet\sdk\10.0.101\Sdks\Microsoft.NET.Sdk\targets\Microsoft.NET.DesignerSupport.targets(21,5): message :       _GenerateDesignerRuntimeConfigFile;
       C:\Program Files\dotnet\sdk\10.0.101\Sdks\Microsoft.NET.Sdk\targets\Microsoft.NET.DesignerSupport.targets(21,5): message :       GetCopyToOutputDirectoryItems;
       C:\Program Files\dotnet\sdk\10.0.101\Sdks\Microsoft.NET.Sdk\targets\Microsoft.NET.DesignerSupport.targets(21,5): message :       _GatherDesignerShadowCopyFiles;
       C:\Program Files\dotnet\sdk\10.0.101\Sdks\Microsoft.NET.Sdk\targets\Microsoft.NET.DesignerSupport.targets(21,5): message :     " (previous value: "
       C:\Program Files\dotnet\sdk\10.0.101\Sdks\Microsoft.NET.Sdk\targets\Microsoft.NET.DesignerSupport.targets(21,5): message :       ;
       C:\Program Files\dotnet\sdk\10.0.101\Sdks\Microsoft.NET.Sdk\targets\Microsoft.NET.DesignerSupport.targets(21,5): message :       
       C:\Program Files\dotnet\sdk\10.0.101\Sdks\Microsoft.NET.Sdk\targets\Microsoft.NET.DesignerSupport.targets(21,5): message :       ;
       C:\Program Files\dotnet\sdk\10.0.101\Sdks\Microsoft.NET.Sdk\targets\Microsoft.NET.DesignerSupport.targets(21,5): message :       BuildOnlySettings;
       C:\Program Files\dotnet\sdk\10.0.101\Sdks\Microsoft.NET.Sdk\targets\Microsoft.NET.DesignerSupport.targets(21,5): message :       PrepareForBuild;
       C:\Program Files\dotnet\sdk\10.0.101\Sdks\Microsoft.NET.Sdk\targets\Microsoft.NET.DesignerSupport.targets(21,5): message :       AssignTargetPaths;
       C:\Program Files\dotnet\sdk\10.0.101\Sdks\Microsoft.NET.Sdk\targets\Microsoft.NET.DesignerSupport.targets(21,5): message :       ResolveReferences
       C:\Program Files\dotnet\sdk\10.0.101\Sdks\Microsoft.NET.Sdk\targets\Microsoft.NET.DesignerSupport.targets(21,5): message :     
       C:\Program Files\dotnet\sdk\10.0.101\Sdks\Microsoft.NET.Sdk\targets\Microsoft.NET.DesignerSupport.targets(21,5): message :     ") at C:\Program Files\dotnet\sdk\10.0.101\Sdks\Microsoft.NET.Sdk\targets\Microsoft.NET.DesignerSupport.targets (21,5)
       C:\Program Files\dotnet\sdk\10.0.101\Sdks\Microsoft.NET.Sdk\targets\Microsoft.NET.Sdk.CSharp.targets(31,5): message : Property reassignment: $(DefineConstants)="TRACE;DEBUG" (previous value: "TRACE") at C:\Program Files\dotnet\sdk\10.0.101\Sdks\Microsoft.NET.Sdk\targets\Microsoft.NET.Sdk.CSharp.targets (31,5)
       C:\Program Files\dotnet\sdk\10.0.101\Sdks\Microsoft.NET.Sdk\targets\Microsoft.NET.Sdk.CSharp.targets(45,5): message : Property reassignment: $(WarningsAsErrors)=";NU1605;SYSLIB0011" (previous value: ";NU1605") at C:\Program Files\dotnet\sdk\10.0.101\Sdks\Microsoft.NET.Sdk\targets\Microsoft.NET.Sdk.CSharp.targets (45,5)
       C:\Program Files\dotnet\sdk\10.0.101\Sdks\Microsoft.NET.Sdk\targets\Microsoft.NET.Windows.targets(239,5): message : Property reassignment: $(_RunCsWinRTGeneratorPropertyInputsCachePath)="C:\Users\giris\Documents\Code\Redesign-POS\Windows Based POS\Magidesk\obj\Debug\net8.0-windows10.0.19041.0\Magidesk.Presentation.cswinrtgen.cache" (previous value: "obj\Debug\net8.0-windows10.0.19041.0\Magidesk.Presentation.cswinrtgen.cache") at C:\Program Files\dotnet\sdk\10.0.101\Sdks\Microsoft.NET.Sdk\targets\Microsoft.NET.Windows.targets (239,5)
       C:\Program Files\dotnet\sdk\10.0.101\NuGet.Build.Tasks.Pack.targets(34,5): message : Property reassignment: $(PackageDescription)="Package Description" (previous value: "") at C:\Program Files\dotnet\sdk\10.0.101\NuGet.Build.Tasks.Pack.targets (34,5)
       C:\Program Files\dotnet\sdk\10.0.101\NuGet.Build.Tasks.Pack.targets(59,5): message : Property reassignment: $(GenerateNuspecDependsOn)="Build;_LoadPackInputItems; _GetTargetFrameworksOutput; _WalkEachTargetPerFramework; _GetPackageFiles; " (previous value: "_LoadPackInputItems; _GetTargetFrameworksOutput; _WalkEachTargetPerFramework; _GetPackageFiles; ") at C:\Program Files\dotnet\sdk\10.0.101\NuGet.Build.Tasks.Pack.targets (59,5)
       C:\Program Files\dotnet\sdk\10.0.101\Sdks\Microsoft.NET.Sdk\Sdk\Sdk.targets(59,5): message : Property reassignment: $(_IsNotSetContainersTargetsDir)="true" (previous value: "false") at C:\Program Files\dotnet\sdk\10.0.101\Sdks\Microsoft.NET.Sdk\Sdk\Sdk.targets (59,5)
       C:\Program Files\dotnet\sdk\10.0.101\Containers\build\Microsoft.NET.Build.Containers.targets(5,5): message : Property reassignment: $(_IsSDKContainerAllowedVersion)="true" (previous value: "false") at C:\Program Files\dotnet\sdk\10.0.101\Containers\build\Microsoft.NET.Build.Containers.targets (5,5)
       C:\Program Files\dotnet\sdk\10.0.101\Containers\build\Microsoft.NET.Build.Containers.targets(15,5): message : Property reassignment: $(_ContainerIsTargetingNet8TFM)="true" (previous value: "false") at C:\Program Files\dotnet\sdk\10.0.101\Containers\build\Microsoft.NET.Build.Containers.targets (15,5)
       Overriding target "ResolveFrameworkReferences" in project "C:\Program Files\dotnet\sdk\10.0.101\Microsoft.Common.CurrentVersion.targets" with target "ResolveFrameworkReferences" from project "C:\Program Files\dotnet\sdk\10.0.101\Sdks\Microsoft.NET.Sdk\targets\Microsoft.NET.Sdk.FrameworkReferenceResolution.targets".
       Overriding target "GenerateSupportedTargetFrameworkAlias" in project "C:\Program Files\dotnet\sdk\10.0.101\Microsoft.Common.CurrentVersion.targets" with target "GenerateSupportedTargetFrameworkAlias" from project "C:\Program Files\dotnet\sdk\10.0.101\Sdks\Microsoft.NET.Sdk\targets\Microsoft.NET.Sdk.targets".
       Overriding target "GetReferenceAssemblyPaths" in project "C:\Program Files\dotnet\sdk\10.0.101\Microsoft.Common.CurrentVersion.targets" with target "GetReferenceAssemblyPaths" from project "C:\Program Files\dotnet\sdk\10.0.101\Sdks\Microsoft.NET.Sdk\targets\Microsoft.NET.DisableStandardFrameworkResolution.targets".
       Overriding target "GetFrameworkPaths" in project "C:\Program Files\dotnet\sdk\10.0.101\Microsoft.Common.CurrentVersion.targets" with target "GetFrameworkPaths" from project "C:\Program Files\dotnet\sdk\10.0.101\Sdks\Microsoft.NET.Sdk\targets\Microsoft.NET.DisableStandardFrameworkResolution.targets".
       Overriding target "DesignerRuntimeImplementationProjectOutputGroup" in project "C:\Program Files\dotnet\sdk\10.0.101\Microsoft.Common.CurrentVersion.targets" with target "DesignerRuntimeImplementationProjectOutputGroup" from project "C:\Program Files\dotnet\sdk\10.0.101\Sdks\Microsoft.NET.Sdk\targets\Microsoft.NET.DesignerSupport.targets".
       Overriding target "Publish" in project "C:\Program Files\dotnet\sdk\10.0.101\Microsoft.Common.CurrentVersion.targets" with target "Publish" from project "C:\Program Files\dotnet\sdk\10.0.101\Sdks\Microsoft.NET.Sdk\targets\Microsoft.NET.Publish.targets".
       Overriding target "ResolveReadyToRunCompilers" in project "C:\Program Files\dotnet\sdk\10.0.101\Sdks\Microsoft.NET.Sdk\targets\Microsoft.NET.CrossGen.targets" with target "ResolveReadyToRunCompilers" from project "C:\Program Files\dotnet\sdk\10.0.101\Sdks\Microsoft.NET.Sdk\targets\Microsoft.NET.Publish.targets".
       Overriding target "GetCopyToPublishDirectoryItems" in project "C:\Program Files\dotnet\sdk\10.0.101\Microsoft.Common.CurrentVersion.targets" with target "GetCopyToPublishDirectoryItems" from project "C:\Program Files\dotnet\sdk\10.0.101\Sdks\Microsoft.NET.Sdk\targets\Microsoft.NET.Publish.targets".
       Overriding target "Run" in project "C:\Program Files\dotnet\sdk\10.0.101\Microsoft.Common.CurrentVersion.targets" with target "Run" from project "C:\Program Files\dotnet\sdk\10.0.101\Sdks\Microsoft.NET.Sdk\targets\Microsoft.NET.Sdk.targets".
     1>Project "C:\Users\giris\Documents\Code\Redesign-POS\Windows Based POS\Magidesk\Magidesk.Presentation.csproj" (1) is building "C:\Users\giris\Documents\Code\Redesign-POS\Windows Based POS\Magidesk\Magidesk.Presentation.csproj" (1:2) on node 1 (_IsProjectRestoreSupported target(s)).
   1:2>Target "_IsProjectRestoreSupported" in file "C:\Program Files\dotnet\sdk\10.0.101\NuGet.targets" from project "C:\Users\giris\Documents\Code\Redesign-POS\Windows Based POS\Magidesk\Magidesk.Presentation.csproj" (entry point):
   1:2>Done building target "_IsProjectRestoreSupported" in project "Magidesk.Presentation.csproj".
   1:2>Done Building Project "C:\Users\giris\Documents\Code\Redesign-POS\Windows Based POS\Magidesk\Magidesk.Presentation.csproj" (_IsProjectRestoreSupported target(s)).
     1>Done executing task "MSBuild".
       Assembly loaded during TaskRun: NuGet.Build.Tasks, Version=7.0.0.0, Culture=neutral, PublicKeyToken=31bf3856ad364e35 (location: C:\Program Files\dotnet\sdk\10.0.101\NuGet.Build.Tasks.dll, MVID: 1d7b2a50-0801-4407-864a-c0611e7b6f2d, AssemblyLoadContext: MSBuild plugin C:\Program Files\dotnet\sdk\10.0.101\NuGet.Build.Tasks.dll)
       Assembly loaded during TaskRun: NuGet.Common, Version=7.0.0.0, Culture=neutral, PublicKeyToken=31bf3856ad364e35 (location: C:\Program Files\dotnet\sdk\10.0.101\NuGet.Common.dll, MVID: e68f94a8-8ead-49da-8d66-ddbffff51250, AssemblyLoadContext: MSBuild plugin C:\Program Files\dotnet\sdk\10.0.101\NuGet.Build.Tasks.dll)
       Assembly loaded during TaskRun: NuGet.Commands, Version=7.0.0.0, Culture=neutral, PublicKeyToken=31bf3856ad364e35 (location: C:\Program Files\dotnet\sdk\10.0.101\NuGet.Commands.dll, MVID: cf5dfc68-8202-4a78-a2e1-4e04847fc3ac, AssemblyLoadContext: MSBuild plugin C:\Program Files\dotnet\sdk\10.0.101\NuGet.Build.Tasks.dll)
       Assembly loaded during TaskRun: NuGet.ProjectModel, Version=7.0.0.0, Culture=neutral, PublicKeyToken=31bf3856ad364e35 (location: C:\Program Files\dotnet\sdk\10.0.101\NuGet.ProjectModel.dll, MVID: 74e299f3-0a8a-48ce-b793-3c6caaf0a1df, AssemblyLoadContext: MSBuild plugin C:\Program Files\dotnet\sdk\10.0.101\NuGet.Build.Tasks.dll)
       Using "WarnForInvalidProjectsTask" task from assembly "C:\Program Files\dotnet\sdk\10.0.101\NuGet.Build.Tasks.dll".
       Task "WarnForInvalidProjectsTask"
       Done executing task "WarnForInvalidProjectsTask".
     1>Done building target "_FilterRestoreGraphProjectInputItems" in project "Magidesk.Presentation.csproj".
       Target "_FilterRestoreGraphProjectInputItems" skipped. Previously built successfully.
     1>Target "_GetAllRestoreProjectPathItems" in file "C:\Program Files\dotnet\sdk\10.0.101\NuGet.targets" from project "C:\Users\giris\Documents\Code\Redesign-POS\Windows Based POS\Magidesk\Magidesk.Presentation.csproj" (target "_GenerateRestoreGraph" depends on it):
       Using "NuGetMessageTask" task from assembly "C:\Program Files\dotnet\sdk\10.0.101\NuGet.Build.Tasks.dll".
       Task "NuGetMessageTask"
         Determining projects to restore...
       Done executing task "NuGetMessageTask".
       Task "MSBuild"
         Global Properties:
           ExcludeRestorePackageImports=true
     1>Project "C:\Users\giris\Documents\Code\Redesign-POS\Windows Based POS\Magidesk\Magidesk.Presentation.csproj" (1) is building "C:\Users\giris\Documents\Code\Redesign-POS\Windows Based POS\Magidesk\Magidesk.Presentation.csproj" (1:3) on node 1 (_GenerateRestoreProjectPathWalk target(s)).
   1:3>Target "_GenerateRestoreProjectPathItemsPerFramework" in file "C:\Program Files\dotnet\sdk\10.0.101\NuGet.targets" from project "C:\Users\giris\Documents\Code\Redesign-POS\Windows Based POS\Magidesk\Magidesk.Presentation.csproj" (target "_GenerateRestoreProjectPathItemsCurrentProject" depends on it):
   1:3>Using "ConvertToAbsolutePath" task from assembly "Microsoft.Build.Tasks.Core, Version=15.1.0.0, Culture=neutral, PublicKeyToken=b03f5f7f11d50a3a".
       Task "ConvertToAbsolutePath"
       Done executing task "ConvertToAbsolutePath".
   1:3>Done building target "_GenerateRestoreProjectPathItemsPerFramework" in project "Magidesk.Presentation.csproj".
   1:3>Target "_GenerateRestoreProjectPathItemsCurrentProject" in file "C:\Program Files\dotnet\sdk\10.0.101\NuGet.targets" from project "C:\Users\giris\Documents\Code\Redesign-POS\Windows Based POS\Magidesk\Magidesk.Presentation.csproj" (target "_GenerateRestoreProjectPathItems" depends on it):
   1:3>Done building target "_GenerateRestoreProjectPathItemsCurrentProject" in project "Magidesk.Presentation.csproj".
   1:3>Target "_GenerateRestoreProjectPathItems" in file "C:\Program Files\dotnet\sdk\10.0.101\NuGet.targets" from project "C:\Users\giris\Documents\Code\Redesign-POS\Windows Based POS\Magidesk\Magidesk.Presentation.csproj" (target "_GenerateRestoreProjectPathWalk" depends on it):
       Task "RemoveDuplicates"
       Done executing task "RemoveDuplicates".
   1:3>Done building target "_GenerateRestoreProjectPathItems" in project "Magidesk.Presentation.csproj".
   1:3>Target "_GenerateRestoreProjectPathWalk" in file "C:\Program Files\dotnet\sdk\10.0.101\NuGet.targets" from project "C:\Users\giris\Documents\Code\Redesign-POS\Windows Based POS\Magidesk\Magidesk.Presentation.csproj" (entry point):
       Task "MSBuild"
         Global Properties:
           ExcludeRestorePackageImports=true
     0>C:\Program Files\dotnet\sdk\10.0.101\Sdks\Microsoft.NET.Sdk\Sdk\Sdk.props(49,11): message : Property 'MSBuildExtensionsPath' with value 'C:\Program Files\dotnet\sdk\10.0.101\' expanded from the environment.
       C:\Program Files\dotnet\sdk\10.0.101\Current\Microsoft.Common.props(60,5): message : Property reassignment: $(MSBuildProjectExtensionsPath)="C:\Users\giris\Documents\Code\Redesign-POS\Windows Based POS\Magidesk\Magidesk.Application\obj\" (previous value: "obj\") at C:\Program Files\dotnet\sdk\10.0.101\Current\Microsoft.Common.props (60,5)
       C:\Program Files\dotnet\sdk\10.0.101\Current\Microsoft.Common.props(84,119): message : Property 'MSBuildUserExtensionsPath' with value 'C:\Users\giris\AppData\Local\Microsoft\MSBuild' expanded from the environment.
       C:\Program Files\dotnet\sdk\10.0.101\Sdks\Microsoft.NET.Sdk\targets\Microsoft.NET.Sdk.props(90,5): message : Property reassignment: $(AssemblySearchPaths)="{CandidateAssemblyFiles};{HintPathFromItem}" (previous value: "{CandidateAssemblyFiles}") at C:\Program Files\dotnet\sdk\10.0.101\Sdks\Microsoft.NET.Sdk\targets\Microsoft.NET.Sdk.props (90,5)
       C:\Program Files\dotnet\sdk\10.0.101\Sdks\Microsoft.NET.Sdk\targets\Microsoft.NET.Sdk.props(91,5): message : Property reassignment: $(AssemblySearchPaths)="{CandidateAssemblyFiles};{HintPathFromItem};{TargetFrameworkDirectory}" (previous value: "{CandidateAssemblyFiles};{HintPathFromItem}") at C:\Program Files\dotnet\sdk\10.0.101\Sdks\Microsoft.NET.Sdk\targets\Microsoft.NET.Sdk.props (91,5)
       C:\Program Files\dotnet\sdk\10.0.101\Sdks\Microsoft.NET.Sdk\targets\Microsoft.NET.Sdk.props(92,5): message : Property reassignment: $(AssemblySearchPaths)="{CandidateAssemblyFiles};{HintPathFromItem};{TargetFrameworkDirectory};{RawFileName}" (previous value: "{CandidateAssemblyFiles};{HintPathFromItem};{TargetFrameworkDirectory}") at C:\Program Files\dotnet\sdk\10.0.101\Sdks\Microsoft.NET.Sdk\targets\Microsoft.NET.Sdk.props (92,5)
       C:\Program Files\dotnet\sdk\10.0.101\Sdks\Microsoft.NET.Sdk\targets\Microsoft.NET.Sdk.ImportPublishProfile.targets(28,5): message : Property reassignment: $(PublishProfileImported)="false" (previous value: "true") at C:\Program Files\dotnet\sdk\10.0.101\Sdks\Microsoft.NET.Sdk\targets\Microsoft.NET.Sdk.ImportPublishProfile.targets (28,5)
       C:\Program Files\dotnet\sdk\10.0.101\Sdks\Microsoft.NET.Sdk\targets\Microsoft.NET.TargetFrameworkInference.targets(81,5): message : Property reassignment: $(TargetPlatformVersion)="" (previous value: "0.0") at C:\Program Files\dotnet\sdk\10.0.101\Sdks\Microsoft.NET.Sdk\targets\Microsoft.NET.TargetFrameworkInference.targets (81,5)
       C:\Program Files\dotnet\sdk\10.0.101\Sdks\Microsoft.NET.Sdk\targets\Microsoft.NET.DefaultOutputPaths.targets(127,5): message : Property reassignment: $(DefaultItemExcludes)=";bin\Debug\/**;obj\Debug\/**" (previous value: ";bin\Debug\/**") at C:\Program Files\dotnet\sdk\10.0.101\Sdks\Microsoft.NET.Sdk\targets\Microsoft.NET.DefaultOutputPaths.targets (127,5)
       C:\Program Files\dotnet\sdk\10.0.101\Sdks\Microsoft.NET.Sdk\targets\Microsoft.NET.DefaultOutputPaths.targets(142,5): message : Property reassignment: $(OutputPath)="bin\Debug\net8.0\" (previous value: "bin\Debug\") at C:\Program Files\dotnet\sdk\10.0.101\Sdks\Microsoft.NET.Sdk\targets\Microsoft.NET.DefaultOutputPaths.targets (142,5)
       C:\Program Files\dotnet\sdk\10.0.101\Sdks\Microsoft.NET.Sdk\targets\Microsoft.NET.DefaultOutputPaths.targets(147,5): message : Property reassignment: $(IntermediateOutputPath)="obj\Debug\net8.0\" (previous value: "obj\Debug\") at C:\Program Files\dotnet\sdk\10.0.101\Sdks\Microsoft.NET.Sdk\targets\Microsoft.NET.DefaultOutputPaths.targets (147,5)
       C:\Program Files\dotnet\sdk\10.0.101\Sdks\Microsoft.NET.Sdk\targets\Microsoft.NET.Sdk.BeforeCommon.targets(371,5): message : Property reassignment: $(RoslynTargetsPath)="C:\Program Files\dotnet\sdk\10.0.101\Sdks\Microsoft.NET.Sdk\targets\..\..\..\Roslyn" (previous value: "C:\Program Files\dotnet\sdk\10.0.101\Roslyn") at C:\Program Files\dotnet\sdk\10.0.101\Sdks\Microsoft.NET.Sdk\targets\Microsoft.NET.Sdk.BeforeCommon.targets (371,5)
       C:\Program Files\dotnet\sdk\10.0.101\Roslyn\Microsoft.Managed.Core.targets(6,5): message : Property reassignment: $(_BuildTasksDirectory)="C:\Program Files\dotnet\sdk\10.0.101\Sdks\Microsoft.NET.Sdk\targets\..\..\..\Roslyn\" (previous value: "C:\Program Files\dotnet\sdk\10.0.101\Roslyn\") at C:\Program Files\dotnet\sdk\10.0.101\Roslyn\Microsoft.Managed.Core.targets (6,5)
       C:\Program Files\dotnet\sdk\10.0.101\Roslyn\Microsoft.CSharp.Core.targets(200,5): message : Property reassignment: $(CommandLineArgsForDesignTimeEvaluation)="-langversion:12.0 -define:TRACE" (previous value: "-langversion:12.0") at C:\Program Files\dotnet\sdk\10.0.101\Roslyn\Microsoft.CSharp.Core.targets (200,5)
       C:\Program Files\dotnet\sdk\10.0.101\Microsoft.Common.CurrentVersion.targets(175,5): message : Property reassignment: $(_DebugSymbolsProduced)="true" (previous value: "false") at C:\Program Files\dotnet\sdk\10.0.101\Microsoft.Common.CurrentVersion.targets (175,5)
       C:\Program Files\dotnet\sdk\10.0.101\Microsoft.Common.CurrentVersion.targets(185,5): message : Property reassignment: $(_DocumentationFileProduced)="false" (previous value: "true") at C:\Program Files\dotnet\sdk\10.0.101\Microsoft.Common.CurrentVersion.targets (185,5)
       C:\Program Files\dotnet\sdk\10.0.101\Microsoft.Common.CurrentVersion.targets(392,5): message : Property reassignment: $(MSBuildCopyMarkerName)="Magidesk.65ADFF06" (previous value: "Magidesk.Application.csproj") at C:\Program Files\dotnet\sdk\10.0.101\Microsoft.Common.CurrentVersion.targets (392,5)
       C:\Program Files\dotnet\sdk\10.0.101\Microsoft.Common.CurrentVersion.targets(393,5): message : Property reassignment: $(MSBuildCopyMarkerName)="Magidesk.65ADFF06.Up2Date" (previous value: "Magidesk.65ADFF06") at C:\Program Files\dotnet\sdk\10.0.101\Microsoft.Common.CurrentVersion.targets (393,5)
       C:\Program Files\dotnet\sdk\10.0.101\Microsoft.Common.CurrentVersion.targets(541,5): message : Property reassignment: $(ProcessorArchitecture)="msil" (previous value: "") at C:\Program Files\dotnet\sdk\10.0.101\Microsoft.Common.CurrentVersion.targets (541,5)
       C:\Program Files\dotnet\sdk\10.0.101\Microsoft.Common.CurrentVersion.targets(580,5): message : Property reassignment: $(DelaySign)="" (previous value: "false") at C:\Program Files\dotnet\sdk\10.0.101\Microsoft.Common.CurrentVersion.targets (580,5)
       C:\Program Files\dotnet\sdk\10.0.101\Microsoft.Common.CurrentVersion.targets(2606,5): message : Property 'LOCALAPPDATA' with value 'C:\Users\giris\AppData\Local' expanded from the environment.
       C:\Program Files\dotnet\sdk\10.0.101\Microsoft.Common.CurrentVersion.targets(3934,5): message : Property reassignment: $(_SGenGenerateSerializationAssembliesConfig)="Auto" (previous value: "") at C:\Program Files\dotnet\sdk\10.0.101\Microsoft.Common.CurrentVersion.targets (3934,5)
       C:\Program Files\dotnet\sdk\10.0.101\Microsoft.Common.CurrentVersion.targets(3935,5): message : Property reassignment: $(_SGenGenerateSerializationAssembliesConfig)="Off" (previous value: "Auto") at C:\Program Files\dotnet\sdk\10.0.101\Microsoft.Common.CurrentVersion.targets (3935,5)
       C:\Program Files\dotnet\sdk\10.0.101\Microsoft.Common.CurrentVersion.targets(5146,5): message : Property reassignment: $(_TargetsThatPrepareProjectReferences)="
       C:\Program Files\dotnet\sdk\10.0.101\Microsoft.Common.CurrentVersion.targets(5146,5): message :       AssignProjectConfiguration;
       C:\Program Files\dotnet\sdk\10.0.101\Microsoft.Common.CurrentVersion.targets(5146,5): message :       _SplitProjectReferencesByFileExistence
       C:\Program Files\dotnet\sdk\10.0.101\Microsoft.Common.CurrentVersion.targets(5146,5): message :     " (previous value: "_SplitProjectReferencesByFileExistence") at C:\Program Files\dotnet\sdk\10.0.101\Microsoft.Common.CurrentVersion.targets (5146,5)
       C:\Program Files\dotnet\sdk\10.0.101\Microsoft.Common.CurrentVersion.targets(6959,5): message : Property 'MSBuildExtensionsPath32' with value 'C:\Program Files\dotnet\sdk\10.0.101' expanded from the environment.
       The "NuGetInteractive" property is a global property, and cannot be modified.
       C:\Program Files\dotnet\sdk\10.0.101\Sdks\Microsoft.NET.Sdk\targets\Microsoft.PackageDependencyResolution.targets(24,5): message : Property reassignment: $(ProjectAssetsFile)="C:\Users\giris\Documents\Code\Redesign-POS\Windows Based POS\Magidesk\Magidesk.Application\obj\project.assets.json" (previous value: "C:\Users\giris\Documents\Code\Redesign-POS\Windows Based POS\Magidesk\Magidesk.Application\obj\/project.assets.json") at C:\Program Files\dotnet\sdk\10.0.101\Sdks\Microsoft.NET.Sdk\targets\Microsoft.PackageDependencyResolution.targets (24,5)
       C:\Program Files\dotnet\sdk\10.0.101\Sdks\Microsoft.NET.Sdk\targets\Microsoft.PackageDependencyResolution.targets(29,5): message : Property reassignment: $(ProjectAssetsCacheFile)="C:\Users\giris\Documents\Code\Redesign-POS\Windows Based POS\Magidesk\Magidesk.Application\obj\Debug\net8.0\Magidesk.Application.assets.cache" (previous value: "obj\Debug\net8.0\Magidesk.Application.assets.cache") at C:\Program Files\dotnet\sdk\10.0.101\Sdks\Microsoft.NET.Sdk\targets\Microsoft.PackageDependencyResolution.targets (29,5)
       C:\Program Files\dotnet\sdk\10.0.101\Sdks\Microsoft.NET.Sdk\targets\Microsoft.PackageDependencyResolution.targets(80,5): message : Property reassignment: $(ResolveAssemblyReferencesDependsOn)="
       C:\Program Files\dotnet\sdk\10.0.101\Sdks\Microsoft.NET.Sdk\targets\Microsoft.PackageDependencyResolution.targets(80,5): message :       
       C:\Program Files\dotnet\sdk\10.0.101\Sdks\Microsoft.NET.Sdk\targets\Microsoft.PackageDependencyResolution.targets(80,5): message :       ResolveProjectReferences;
       C:\Program Files\dotnet\sdk\10.0.101\Sdks\Microsoft.NET.Sdk\targets\Microsoft.PackageDependencyResolution.targets(80,5): message :       FindInvalidProjectReferences;
       C:\Program Files\dotnet\sdk\10.0.101\Sdks\Microsoft.NET.Sdk\targets\Microsoft.PackageDependencyResolution.targets(80,5): message :       GetFrameworkPaths;
       C:\Program Files\dotnet\sdk\10.0.101\Sdks\Microsoft.NET.Sdk\targets\Microsoft.PackageDependencyResolution.targets(80,5): message :       GetReferenceAssemblyPaths;
       C:\Program Files\dotnet\sdk\10.0.101\Sdks\Microsoft.NET.Sdk\targets\Microsoft.PackageDependencyResolution.targets(80,5): message :       PrepareForBuild;
       C:\Program Files\dotnet\sdk\10.0.101\Sdks\Microsoft.NET.Sdk\targets\Microsoft.PackageDependencyResolution.targets(80,5): message :       ResolveSDKReferences;
       C:\Program Files\dotnet\sdk\10.0.101\Sdks\Microsoft.NET.Sdk\targets\Microsoft.PackageDependencyResolution.targets(80,5): message :       ExpandSDKReferences;
       C:\Program Files\dotnet\sdk\10.0.101\Sdks\Microsoft.NET.Sdk\targets\Microsoft.PackageDependencyResolution.targets(80,5): message :     ;
       C:\Program Files\dotnet\sdk\10.0.101\Sdks\Microsoft.NET.Sdk\targets\Microsoft.PackageDependencyResolution.targets(80,5): message :       ResolvePackageDependenciesForBuild;
       C:\Program Files\dotnet\sdk\10.0.101\Sdks\Microsoft.NET.Sdk\targets\Microsoft.PackageDependencyResolution.targets(80,5): message :       _HandlePackageFileConflicts;
       C:\Program Files\dotnet\sdk\10.0.101\Sdks\Microsoft.NET.Sdk\targets\Microsoft.PackageDependencyResolution.targets(80,5): message :     " (previous value: "
       C:\Program Files\dotnet\sdk\10.0.101\Sdks\Microsoft.NET.Sdk\targets\Microsoft.PackageDependencyResolution.targets(80,5): message :       ResolveProjectReferences;
       C:\Program Files\dotnet\sdk\10.0.101\Sdks\Microsoft.NET.Sdk\targets\Microsoft.PackageDependencyResolution.targets(80,5): message :       FindInvalidProjectReferences;
       C:\Program Files\dotnet\sdk\10.0.101\Sdks\Microsoft.NET.Sdk\targets\Microsoft.PackageDependencyResolution.targets(80,5): message :       GetFrameworkPaths;
       C:\Program Files\dotnet\sdk\10.0.101\Sdks\Microsoft.NET.Sdk\targets\Microsoft.PackageDependencyResolution.targets(80,5): message :       GetReferenceAssemblyPaths;
       C:\Program Files\dotnet\sdk\10.0.101\Sdks\Microsoft.NET.Sdk\targets\Microsoft.PackageDependencyResolution.targets(80,5): message :       PrepareForBuild;
       C:\Program Files\dotnet\sdk\10.0.101\Sdks\Microsoft.NET.Sdk\targets\Microsoft.PackageDependencyResolution.targets(80,5): message :       ResolveSDKReferences;
       C:\Program Files\dotnet\sdk\10.0.101\Sdks\Microsoft.NET.Sdk\targets\Microsoft.PackageDependencyResolution.targets(80,5): message :       ExpandSDKReferences;
       C:\Program Files\dotnet\sdk\10.0.101\Sdks\Microsoft.NET.Sdk\targets\Microsoft.PackageDependencyResolution.targets(80,5): message :     ") at C:\Program Files\dotnet\sdk\10.0.101\Sdks\Microsoft.NET.Sdk\targets\Microsoft.PackageDependencyResolution.targets (80,5)
       C:\Program Files\dotnet\sdk\10.0.101\Sdks\Microsoft.NET.Sdk\targets\Microsoft.PackageDependencyResolution.targets(86,5): message : Property reassignment: $(PrepareResourcesDependsOn)="
       C:\Program Files\dotnet\sdk\10.0.101\Sdks\Microsoft.NET.Sdk\targets\Microsoft.PackageDependencyResolution.targets(86,5): message :       ResolvePackageDependenciesForBuild;
       C:\Program Files\dotnet\sdk\10.0.101\Sdks\Microsoft.NET.Sdk\targets\Microsoft.PackageDependencyResolution.targets(86,5): message :       _HandlePackageFileConflicts;
       C:\Program Files\dotnet\sdk\10.0.101\Sdks\Microsoft.NET.Sdk\targets\Microsoft.PackageDependencyResolution.targets(86,5): message :       
       C:\Program Files\dotnet\sdk\10.0.101\Sdks\Microsoft.NET.Sdk\targets\Microsoft.PackageDependencyResolution.targets(86,5): message :       ;
       C:\Program Files\dotnet\sdk\10.0.101\Sdks\Microsoft.NET.Sdk\targets\Microsoft.PackageDependencyResolution.targets(86,5): message :       PrepareResourceNames;
       C:\Program Files\dotnet\sdk\10.0.101\Sdks\Microsoft.NET.Sdk\targets\Microsoft.PackageDependencyResolution.targets(86,5): message :       ResGen;
       C:\Program Files\dotnet\sdk\10.0.101\Sdks\Microsoft.NET.Sdk\targets\Microsoft.PackageDependencyResolution.targets(86,5): message :       CompileLicxFiles
       C:\Program Files\dotnet\sdk\10.0.101\Sdks\Microsoft.NET.Sdk\targets\Microsoft.PackageDependencyResolution.targets(86,5): message :     
       C:\Program Files\dotnet\sdk\10.0.101\Sdks\Microsoft.NET.Sdk\targets\Microsoft.PackageDependencyResolution.targets(86,5): message :     " (previous value: "
       C:\Program Files\dotnet\sdk\10.0.101\Sdks\Microsoft.NET.Sdk\targets\Microsoft.PackageDependencyResolution.targets(86,5): message :       ;
       C:\Program Files\dotnet\sdk\10.0.101\Sdks\Microsoft.NET.Sdk\targets\Microsoft.PackageDependencyResolution.targets(86,5): message :       PrepareResourceNames;
       C:\Program Files\dotnet\sdk\10.0.101\Sdks\Microsoft.NET.Sdk\targets\Microsoft.PackageDependencyResolution.targets(86,5): message :       ResGen;
       C:\Program Files\dotnet\sdk\10.0.101\Sdks\Microsoft.NET.Sdk\targets\Microsoft.PackageDependencyResolution.targets(86,5): message :       CompileLicxFiles
       C:\Program Files\dotnet\sdk\10.0.101\Sdks\Microsoft.NET.Sdk\targets\Microsoft.PackageDependencyResolution.targets(86,5): message :     ") at C:\Program Files\dotnet\sdk\10.0.101\Sdks\Microsoft.NET.Sdk\targets\Microsoft.PackageDependencyResolution.targets (86,5)
       The "EnableDefaultCompileItems" property is a global property, and cannot be modified.
       The "EnableDefaultEmbeddedResourceItems" property is a global property, and cannot be modified.
       The "EnableDefaultNoneItems" property is a global property, and cannot be modified.
       C:\Program Files\dotnet\sdk\10.0.101\Sdks\Microsoft.NET.Sdk\targets\Microsoft.NET.Sdk.DefaultItems.targets(35,5): message : Property reassignment: $(DefaultItemExcludes)=";bin\Debug\/**;obj\Debug\/**;bin\/**" (previous value: ";bin\Debug\/**;obj\Debug\/**") at C:\Program Files\dotnet\sdk\10.0.101\Sdks\Microsoft.NET.Sdk\targets\Microsoft.NET.Sdk.DefaultItems.targets (35,5)
       C:\Program Files\dotnet\sdk\10.0.101\Sdks\Microsoft.NET.Sdk\targets\Microsoft.NET.Sdk.DefaultItems.targets(37,5): message : Property reassignment: $(DefaultItemExcludes)=";bin\Debug\/**;obj\Debug\/**;bin\/**;obj\/**" (previous value: ";bin\Debug\/**;obj\Debug\/**;bin\/**") at C:\Program Files\dotnet\sdk\10.0.101\Sdks\Microsoft.NET.Sdk\targets\Microsoft.NET.Sdk.DefaultItems.targets (37,5)
       C:\Program Files\dotnet\sdk\10.0.101\Sdks\Microsoft.NET.Sdk\targets\Microsoft.NET.Sdk.DefaultItems.targets(40,5): message : Property reassignment: $(DefaultItemExcludes)=";bin\Debug\/**;obj\Debug\/**;bin\/**;obj\/**;**/*.user" (previous value: ";bin\Debug\/**;obj\Debug\/**;bin\/**;obj\/**") at C:\Program Files\dotnet\sdk\10.0.101\Sdks\Microsoft.NET.Sdk\targets\Microsoft.NET.Sdk.DefaultItems.targets (40,5)
       C:\Program Files\dotnet\sdk\10.0.101\Sdks\Microsoft.NET.Sdk\targets\Microsoft.NET.Sdk.DefaultItems.targets(41,5): message : Property reassignment: $(DefaultItemExcludes)=";bin\Debug\/**;obj\Debug\/**;bin\/**;obj\/**;**/*.user;**/*.*proj" (previous value: ";bin\Debug\/**;obj\Debug\/**;bin\/**;obj\/**;**/*.user") at C:\Program Files\dotnet\sdk\10.0.101\Sdks\Microsoft.NET.Sdk\targets\Microsoft.NET.Sdk.DefaultItems.targets (41,5)
       C:\Program Files\dotnet\sdk\10.0.101\Sdks\Microsoft.NET.Sdk\targets\Microsoft.NET.Sdk.DefaultItems.targets(42,5): message : Property reassignment: $(DefaultItemExcludes)=";bin\Debug\/**;obj\Debug\/**;bin\/**;obj\/**;**/*.user;**/*.*proj;**/*.sln" (previous value: ";bin\Debug\/**;obj\Debug\/**;bin\/**;obj\/**;**/*.user;**/*.*proj") at C:\Program Files\dotnet\sdk\10.0.101\Sdks\Microsoft.NET.Sdk\targets\Microsoft.NET.Sdk.DefaultItems.targets (42,5)
       C:\Program Files\dotnet\sdk\10.0.101\Sdks\Microsoft.NET.Sdk\targets\Microsoft.NET.Sdk.DefaultItems.targets(43,5): message : Property reassignment: $(DefaultItemExcludes)=";bin\Debug\/**;obj\Debug\/**;bin\/**;obj\/**;**/*.user;**/*.*proj;**/*.sln;**/*.slnx" (previous value: ";bin\Debug\/**;obj\Debug\/**;bin\/**;obj\/**;**/*.user;**/*.*proj;**/*.sln") at C:\Program Files\dotnet\sdk\10.0.101\Sdks\Microsoft.NET.Sdk\targets\Microsoft.NET.Sdk.DefaultItems.targets (43,5)
       C:\Program Files\dotnet\sdk\10.0.101\Sdks\Microsoft.NET.Sdk\targets\Microsoft.NET.Sdk.DefaultItems.targets(44,5): message : Property reassignment: $(DefaultItemExcludes)=";bin\Debug\/**;obj\Debug\/**;bin\/**;obj\/**;**/*.user;**/*.*proj;**/*.sln;**/*.slnx;**/*.vssscc" (previous value: ";bin\Debug\/**;obj\Debug\/**;bin\/**;obj\/**;**/*.user;**/*.*proj;**/*.sln;**/*.slnx") at C:\Program Files\dotnet\sdk\10.0.101\Sdks\Microsoft.NET.Sdk\targets\Microsoft.NET.Sdk.DefaultItems.targets (44,5)
       C:\Program Files\dotnet\sdk\10.0.101\Sdks\Microsoft.NET.Sdk\targets\Microsoft.NET.Sdk.DefaultItems.targets(45,5): message : Property reassignment: $(DefaultItemExcludes)=";bin\Debug\/**;obj\Debug\/**;bin\/**;obj\/**;**/*.user;**/*.*proj;**/*.sln;**/*.slnx;**/*.vssscc;**/.DS_Store" (previous value: ";bin\Debug\/**;obj\Debug\/**;bin\/**;obj\/**;**/*.user;**/*.*proj;**/*.sln;**/*.slnx;**/*.vssscc") at C:\Program Files\dotnet\sdk\10.0.101\Sdks\Microsoft.NET.Sdk\targets\Microsoft.NET.Sdk.DefaultItems.targets (45,5)
       C:\Program Files\dotnet\sdk\10.0.101\Sdks\Microsoft.NET.Sdk\targets\Microsoft.NET.Sdk.FrameworkReferenceResolution.targets(14,5): message : Property reassignment: $(ResolveAssemblyReferencesDependsOn)="
       C:\Program Files\dotnet\sdk\10.0.101\Sdks\Microsoft.NET.Sdk\targets\Microsoft.NET.Sdk.FrameworkReferenceResolution.targets(14,5): message :       
       C:\Program Files\dotnet\sdk\10.0.101\Sdks\Microsoft.NET.Sdk\targets\Microsoft.NET.Sdk.FrameworkReferenceResolution.targets(14,5): message :       
       C:\Program Files\dotnet\sdk\10.0.101\Sdks\Microsoft.NET.Sdk\targets\Microsoft.NET.Sdk.FrameworkReferenceResolution.targets(14,5): message :       ResolveProjectReferences;
       C:\Program Files\dotnet\sdk\10.0.101\Sdks\Microsoft.NET.Sdk\targets\Microsoft.NET.Sdk.FrameworkReferenceResolution.targets(14,5): message :       FindInvalidProjectReferences;
       C:\Program Files\dotnet\sdk\10.0.101\Sdks\Microsoft.NET.Sdk\targets\Microsoft.NET.Sdk.FrameworkReferenceResolution.targets(14,5): message :       GetFrameworkPaths;
       C:\Program Files\dotnet\sdk\10.0.101\Sdks\Microsoft.NET.Sdk\targets\Microsoft.NET.Sdk.FrameworkReferenceResolution.targets(14,5): message :       GetReferenceAssemblyPaths;
       C:\Program Files\dotnet\sdk\10.0.101\Sdks\Microsoft.NET.Sdk\targets\Microsoft.NET.Sdk.FrameworkReferenceResolution.targets(14,5): message :       PrepareForBuild;
       C:\Program Files\dotnet\sdk\10.0.101\Sdks\Microsoft.NET.Sdk\targets\Microsoft.NET.Sdk.FrameworkReferenceResolution.targets(14,5): message :       ResolveSDKReferences;
       C:\Program Files\dotnet\sdk\10.0.101\Sdks\Microsoft.NET.Sdk\targets\Microsoft.NET.Sdk.FrameworkReferenceResolution.targets(14,5): message :       ExpandSDKReferences;
       C:\Program Files\dotnet\sdk\10.0.101\Sdks\Microsoft.NET.Sdk\targets\Microsoft.NET.Sdk.FrameworkReferenceResolution.targets(14,5): message :     ;
       C:\Program Files\dotnet\sdk\10.0.101\Sdks\Microsoft.NET.Sdk\targets\Microsoft.NET.Sdk.FrameworkReferenceResolution.targets(14,5): message :       ResolvePackageDependenciesForBuild;
       C:\Program Files\dotnet\sdk\10.0.101\Sdks\Microsoft.NET.Sdk\targets\Microsoft.NET.Sdk.FrameworkReferenceResolution.targets(14,5): message :       _HandlePackageFileConflicts;
       C:\Program Files\dotnet\sdk\10.0.101\Sdks\Microsoft.NET.Sdk\targets\Microsoft.NET.Sdk.FrameworkReferenceResolution.targets(14,5): message :     ;
       C:\Program Files\dotnet\sdk\10.0.101\Sdks\Microsoft.NET.Sdk\targets\Microsoft.NET.Sdk.FrameworkReferenceResolution.targets(14,5): message :       ResolveTargetingPackAssets;
       C:\Program Files\dotnet\sdk\10.0.101\Sdks\Microsoft.NET.Sdk\targets\Microsoft.NET.Sdk.FrameworkReferenceResolution.targets(14,5): message :     " (previous value: "
       C:\Program Files\dotnet\sdk\10.0.101\Sdks\Microsoft.NET.Sdk\targets\Microsoft.NET.Sdk.FrameworkReferenceResolution.targets(14,5): message :       
       C:\Program Files\dotnet\sdk\10.0.101\Sdks\Microsoft.NET.Sdk\targets\Microsoft.NET.Sdk.FrameworkReferenceResolution.targets(14,5): message :       ResolveProjectReferences;
       C:\Program Files\dotnet\sdk\10.0.101\Sdks\Microsoft.NET.Sdk\targets\Microsoft.NET.Sdk.FrameworkReferenceResolution.targets(14,5): message :       FindInvalidProjectReferences;
       C:\Program Files\dotnet\sdk\10.0.101\Sdks\Microsoft.NET.Sdk\targets\Microsoft.NET.Sdk.FrameworkReferenceResolution.targets(14,5): message :       GetFrameworkPaths;
       C:\Program Files\dotnet\sdk\10.0.101\Sdks\Microsoft.NET.Sdk\targets\Microsoft.NET.Sdk.FrameworkReferenceResolution.targets(14,5): message :       GetReferenceAssemblyPaths;
       C:\Program Files\dotnet\sdk\10.0.101\Sdks\Microsoft.NET.Sdk\targets\Microsoft.NET.Sdk.FrameworkReferenceResolution.targets(14,5): message :       PrepareForBuild;
       C:\Program Files\dotnet\sdk\10.0.101\Sdks\Microsoft.NET.Sdk\targets\Microsoft.NET.Sdk.FrameworkReferenceResolution.targets(14,5): message :       ResolveSDKReferences;
       C:\Program Files\dotnet\sdk\10.0.101\Sdks\Microsoft.NET.Sdk\targets\Microsoft.NET.Sdk.FrameworkReferenceResolution.targets(14,5): message :       ExpandSDKReferences;
       C:\Program Files\dotnet\sdk\10.0.101\Sdks\Microsoft.NET.Sdk\targets\Microsoft.NET.Sdk.FrameworkReferenceResolution.targets(14,5): message :     ;
       C:\Program Files\dotnet\sdk\10.0.101\Sdks\Microsoft.NET.Sdk\targets\Microsoft.NET.Sdk.FrameworkReferenceResolution.targets(14,5): message :       ResolvePackageDependenciesForBuild;
       C:\Program Files\dotnet\sdk\10.0.101\Sdks\Microsoft.NET.Sdk\targets\Microsoft.NET.Sdk.FrameworkReferenceResolution.targets(14,5): message :       _HandlePackageFileConflicts;
       C:\Program Files\dotnet\sdk\10.0.101\Sdks\Microsoft.NET.Sdk\targets\Microsoft.NET.Sdk.FrameworkReferenceResolution.targets(14,5): message :     ") at C:\Program Files\dotnet\sdk\10.0.101\Sdks\Microsoft.NET.Sdk\targets\Microsoft.NET.Sdk.FrameworkReferenceResolution.targets (14,5)
       C:\Program Files\dotnet\sdk\10.0.101\Sdks\Microsoft.NET.Sdk\targets\Microsoft.NET.Sdk.targets(44,5): message : Property reassignment: $(_GenerateRuntimeConfigurationPropertyInputsCache)="C:\Users\giris\Documents\Code\Redesign-POS\Windows Based POS\Magidesk\Magidesk.Application\obj\Debug\net8.0\Magidesk.Application.genruntimeconfig.cache" (previous value: "obj\Debug\net8.0\Magidesk.Application.genruntimeconfig.cache") at C:\Program Files\dotnet\sdk\10.0.101\Sdks\Microsoft.NET.Sdk\targets\Microsoft.NET.Sdk.targets (44,5)
       C:\Program Files\dotnet\sdk\10.0.101\Sdks\Microsoft.NET.Sdk\targets\Microsoft.NET.Sdk.targets(46,5): message : Property reassignment: $(_GeneratePublishDependencyFilePropertyInputsCache)="C:\Users\giris\Documents\Code\Redesign-POS\Windows Based POS\Magidesk\Magidesk.Application\obj\Debug\net8.0\Magidesk.Application.genpublishdeps.cache" (previous value: "obj\Debug\net8.0\Magidesk.Application.genpublishdeps.cache") at C:\Program Files\dotnet\sdk\10.0.101\Sdks\Microsoft.NET.Sdk\targets\Microsoft.NET.Sdk.targets (46,5)
       C:\Program Files\dotnet\sdk\10.0.101\Sdks\Microsoft.NET.Sdk\targets\Microsoft.NET.Sdk.targets(48,5): message : Property reassignment: $(_GenerateSingleFileBundlePropertyInputsCache)="C:\Users\giris\Documents\Code\Redesign-POS\Windows Based POS\Magidesk\Magidesk.Application\obj\Debug\net8.0\Magidesk.Application.genbundle.cache" (previous value: "obj\Debug\net8.0\Magidesk.Application.genbundle.cache") at C:\Program Files\dotnet\sdk\10.0.101\Sdks\Microsoft.NET.Sdk\targets\Microsoft.NET.Sdk.targets (48,5)
       C:\Program Files\dotnet\sdk\10.0.101\Sdks\Microsoft.NET.Sdk\targets\Microsoft.NET.Sdk.targets(81,5): message : Property reassignment: $(GenerateRuntimeConfigDevFile)="false" (previous value: "true") at C:\Program Files\dotnet\sdk\10.0.101\Sdks\Microsoft.NET.Sdk\targets\Microsoft.NET.Sdk.targets (81,5)
       C:\Program Files\dotnet\sdk\10.0.101\Sdks\Microsoft.NET.Sdk\targets\Microsoft.NET.Sdk.targets(98,5): message : Property 'USERPROFILE' with value 'C:\Users\giris' expanded from the environment.
       C:\Program Files\dotnet\sdk\10.0.101\Sdks\Microsoft.NET.Sdk\targets\Microsoft.NET.Sdk.targets(98,5): message : Property reassignment: $(_DefaultUserProfileRuntimeStorePath)="C:\Users\giris" (previous value: "") at C:\Program Files\dotnet\sdk\10.0.101\Sdks\Microsoft.NET.Sdk\targets\Microsoft.NET.Sdk.targets (98,5)
       C:\Program Files\dotnet\sdk\10.0.101\Sdks\Microsoft.NET.Sdk\targets\Microsoft.NET.Sdk.targets(99,5): message : Property reassignment: $(_DefaultUserProfileRuntimeStorePath)="C:\Users\giris\.dotnet\store" (previous value: "C:\Users\giris") at C:\Program Files\dotnet\sdk\10.0.101\Sdks\Microsoft.NET.Sdk\targets\Microsoft.NET.Sdk.targets (99,5)
       C:\Program Files\dotnet\sdk\10.0.101\Sdks\Microsoft.NET.Sdk\targets\Microsoft.NET.Sdk.targets(144,5): message : Property reassignment: $(AvailablePlatforms)="Any CPU,x86,x64,ARM32" (previous value: "Any CPU,x86,x64") at C:\Program Files\dotnet\sdk\10.0.101\Sdks\Microsoft.NET.Sdk\targets\Microsoft.NET.Sdk.targets (144,5)
       C:\Program Files\dotnet\sdk\10.0.101\Sdks\Microsoft.NET.Sdk\targets\Microsoft.NET.Sdk.targets(148,5): message : Property reassignment: $(AvailablePlatforms)="Any CPU,x86,x64,ARM32,ARM64" (previous value: "Any CPU,x86,x64,ARM32") at C:\Program Files\dotnet\sdk\10.0.101\Sdks\Microsoft.NET.Sdk\targets\Microsoft.NET.Sdk.targets (148,5)
       C:\Program Files\dotnet\sdk\10.0.101\Sdks\Microsoft.NET.Sdk\targets\Microsoft.NET.Sdk.targets(204,5): message : Property reassignment: $(CoreBuildDependsOn)="
       C:\Program Files\dotnet\sdk\10.0.101\Sdks\Microsoft.NET.Sdk\targets\Microsoft.NET.Sdk.targets(204,5): message :       _CheckForBuildWithNoBuild;
       C:\Program Files\dotnet\sdk\10.0.101\Sdks\Microsoft.NET.Sdk\targets\Microsoft.NET.Sdk.targets(204,5): message :       
       C:\Program Files\dotnet\sdk\10.0.101\Sdks\Microsoft.NET.Sdk\targets\Microsoft.NET.Sdk.targets(204,5): message :       BuildOnlySettings;
       C:\Program Files\dotnet\sdk\10.0.101\Sdks\Microsoft.NET.Sdk\targets\Microsoft.NET.Sdk.targets(204,5): message :       PrepareForBuild;
       C:\Program Files\dotnet\sdk\10.0.101\Sdks\Microsoft.NET.Sdk\targets\Microsoft.NET.Sdk.targets(204,5): message :       PreBuildEvent;
       C:\Program Files\dotnet\sdk\10.0.101\Sdks\Microsoft.NET.Sdk\targets\Microsoft.NET.Sdk.targets(204,5): message :       ResolveReferences;
       C:\Program Files\dotnet\sdk\10.0.101\Sdks\Microsoft.NET.Sdk\targets\Microsoft.NET.Sdk.targets(204,5): message :       PrepareResources;
       C:\Program Files\dotnet\sdk\10.0.101\Sdks\Microsoft.NET.Sdk\targets\Microsoft.NET.Sdk.targets(204,5): message :       ResolveKeySource;
       C:\Program Files\dotnet\sdk\10.0.101\Sdks\Microsoft.NET.Sdk\targets\Microsoft.NET.Sdk.targets(204,5): message :       Compile;
       C:\Program Files\dotnet\sdk\10.0.101\Sdks\Microsoft.NET.Sdk\targets\Microsoft.NET.Sdk.targets(204,5): message :       ExportWindowsMDFile;
       C:\Program Files\dotnet\sdk\10.0.101\Sdks\Microsoft.NET.Sdk\targets\Microsoft.NET.Sdk.targets(204,5): message :       UnmanagedUnregistration;
       C:\Program Files\dotnet\sdk\10.0.101\Sdks\Microsoft.NET.Sdk\targets\Microsoft.NET.Sdk.targets(204,5): message :       GenerateSerializationAssemblies;
       C:\Program Files\dotnet\sdk\10.0.101\Sdks\Microsoft.NET.Sdk\targets\Microsoft.NET.Sdk.targets(204,5): message :       CreateSatelliteAssemblies;
       C:\Program Files\dotnet\sdk\10.0.101\Sdks\Microsoft.NET.Sdk\targets\Microsoft.NET.Sdk.targets(204,5): message :       GenerateManifests;
       C:\Program Files\dotnet\sdk\10.0.101\Sdks\Microsoft.NET.Sdk\targets\Microsoft.NET.Sdk.targets(204,5): message :       GetTargetPath;
       C:\Program Files\dotnet\sdk\10.0.101\Sdks\Microsoft.NET.Sdk\targets\Microsoft.NET.Sdk.targets(204,5): message :       PrepareForRun;
       C:\Program Files\dotnet\sdk\10.0.101\Sdks\Microsoft.NET.Sdk\targets\Microsoft.NET.Sdk.targets(204,5): message :       UnmanagedRegistration;
       C:\Program Files\dotnet\sdk\10.0.101\Sdks\Microsoft.NET.Sdk\targets\Microsoft.NET.Sdk.targets(204,5): message :       IncrementalClean;
       C:\Program Files\dotnet\sdk\10.0.101\Sdks\Microsoft.NET.Sdk\targets\Microsoft.NET.Sdk.targets(204,5): message :       PostBuildEvent
       C:\Program Files\dotnet\sdk\10.0.101\Sdks\Microsoft.NET.Sdk\targets\Microsoft.NET.Sdk.targets(204,5): message :     ;
       C:\Program Files\dotnet\sdk\10.0.101\Sdks\Microsoft.NET.Sdk\targets\Microsoft.NET.Sdk.targets(204,5): message :       GenerateBuildDependencyFile;
       C:\Program Files\dotnet\sdk\10.0.101\Sdks\Microsoft.NET.Sdk\targets\Microsoft.NET.Sdk.targets(204,5): message :       GenerateBuildRuntimeConfigurationFiles
       C:\Program Files\dotnet\sdk\10.0.101\Sdks\Microsoft.NET.Sdk\targets\Microsoft.NET.Sdk.targets(204,5): message :     " (previous value: "
       C:\Program Files\dotnet\sdk\10.0.101\Sdks\Microsoft.NET.Sdk\targets\Microsoft.NET.Sdk.targets(204,5): message :       BuildOnlySettings;
       C:\Program Files\dotnet\sdk\10.0.101\Sdks\Microsoft.NET.Sdk\targets\Microsoft.NET.Sdk.targets(204,5): message :       PrepareForBuild;
       C:\Program Files\dotnet\sdk\10.0.101\Sdks\Microsoft.NET.Sdk\targets\Microsoft.NET.Sdk.targets(204,5): message :       PreBuildEvent;
       C:\Program Files\dotnet\sdk\10.0.101\Sdks\Microsoft.NET.Sdk\targets\Microsoft.NET.Sdk.targets(204,5): message :       ResolveReferences;
       C:\Program Files\dotnet\sdk\10.0.101\Sdks\Microsoft.NET.Sdk\targets\Microsoft.NET.Sdk.targets(204,5): message :       PrepareResources;
       C:\Program Files\dotnet\sdk\10.0.101\Sdks\Microsoft.NET.Sdk\targets\Microsoft.NET.Sdk.targets(204,5): message :       ResolveKeySource;
       C:\Program Files\dotnet\sdk\10.0.101\Sdks\Microsoft.NET.Sdk\targets\Microsoft.NET.Sdk.targets(204,5): message :       Compile;
       C:\Program Files\dotnet\sdk\10.0.101\Sdks\Microsoft.NET.Sdk\targets\Microsoft.NET.Sdk.targets(204,5): message :       ExportWindowsMDFile;
       C:\Program Files\dotnet\sdk\10.0.101\Sdks\Microsoft.NET.Sdk\targets\Microsoft.NET.Sdk.targets(204,5): message :       UnmanagedUnregistration;
       C:\Program Files\dotnet\sdk\10.0.101\Sdks\Microsoft.NET.Sdk\targets\Microsoft.NET.Sdk.targets(204,5): message :       GenerateSerializationAssemblies;
       C:\Program Files\dotnet\sdk\10.0.101\Sdks\Microsoft.NET.Sdk\targets\Microsoft.NET.Sdk.targets(204,5): message :       CreateSatelliteAssemblies;
       C:\Program Files\dotnet\sdk\10.0.101\Sdks\Microsoft.NET.Sdk\targets\Microsoft.NET.Sdk.targets(204,5): message :       GenerateManifests;
       C:\Program Files\dotnet\sdk\10.0.101\Sdks\Microsoft.NET.Sdk\targets\Microsoft.NET.Sdk.targets(204,5): message :       GetTargetPath;
       C:\Program Files\dotnet\sdk\10.0.101\Sdks\Microsoft.NET.Sdk\targets\Microsoft.NET.Sdk.targets(204,5): message :       PrepareForRun;
       C:\Program Files\dotnet\sdk\10.0.101\Sdks\Microsoft.NET.Sdk\targets\Microsoft.NET.Sdk.targets(204,5): message :       UnmanagedRegistration;
       C:\Program Files\dotnet\sdk\10.0.101\Sdks\Microsoft.NET.Sdk\targets\Microsoft.NET.Sdk.targets(204,5): message :       IncrementalClean;
       C:\Program Files\dotnet\sdk\10.0.101\Sdks\Microsoft.NET.Sdk\targets\Microsoft.NET.Sdk.targets(204,5): message :       PostBuildEvent
       C:\Program Files\dotnet\sdk\10.0.101\Sdks\Microsoft.NET.Sdk\targets\Microsoft.NET.Sdk.targets(204,5): message :     ") at C:\Program Files\dotnet\sdk\10.0.101\Sdks\Microsoft.NET.Sdk\targets\Microsoft.NET.Sdk.targets (204,5)
       C:\Program Files\dotnet\sdk\10.0.101\Sdks\Microsoft.NET.Sdk\targets\Microsoft.NET.Sdk.targets(213,5): message : Property reassignment: $(CoreCleanDependsOn)="
       C:\Program Files\dotnet\sdk\10.0.101\Sdks\Microsoft.NET.Sdk\targets\Microsoft.NET.Sdk.targets(213,5): message :       _SdkBeforeClean;
       C:\Program Files\dotnet\sdk\10.0.101\Sdks\Microsoft.NET.Sdk\targets\Microsoft.NET.Sdk.targets(213,5): message :       
       C:\Program Files\dotnet\sdk\10.0.101\Sdks\Microsoft.NET.Sdk\targets\Microsoft.NET.Sdk.targets(213,5): message :     " (previous value: "") at C:\Program Files\dotnet\sdk\10.0.101\Sdks\Microsoft.NET.Sdk\targets\Microsoft.NET.Sdk.targets (213,5)
       C:\Program Files\dotnet\sdk\10.0.101\Sdks\Microsoft.NET.Sdk\targets\Microsoft.NET.Sdk.targets(220,5): message : Property reassignment: $(RebuildDependsOn)="
       C:\Program Files\dotnet\sdk\10.0.101\Sdks\Microsoft.NET.Sdk\targets\Microsoft.NET.Sdk.targets(220,5): message :       _SdkBeforeRebuild;
       C:\Program Files\dotnet\sdk\10.0.101\Sdks\Microsoft.NET.Sdk\targets\Microsoft.NET.Sdk.targets(220,5): message :       
       C:\Program Files\dotnet\sdk\10.0.101\Sdks\Microsoft.NET.Sdk\targets\Microsoft.NET.Sdk.targets(220,5): message :       BeforeRebuild;
       C:\Program Files\dotnet\sdk\10.0.101\Sdks\Microsoft.NET.Sdk\targets\Microsoft.NET.Sdk.targets(220,5): message :       Clean;
       C:\Program Files\dotnet\sdk\10.0.101\Sdks\Microsoft.NET.Sdk\targets\Microsoft.NET.Sdk.targets(220,5): message :       Build;
       C:\Program Files\dotnet\sdk\10.0.101\Sdks\Microsoft.NET.Sdk\targets\Microsoft.NET.Sdk.targets(220,5): message :       AfterRebuild;
       C:\Program Files\dotnet\sdk\10.0.101\Sdks\Microsoft.NET.Sdk\targets\Microsoft.NET.Sdk.targets(220,5): message :     
       C:\Program Files\dotnet\sdk\10.0.101\Sdks\Microsoft.NET.Sdk\targets\Microsoft.NET.Sdk.targets(220,5): message :     " (previous value: "
       C:\Program Files\dotnet\sdk\10.0.101\Sdks\Microsoft.NET.Sdk\targets\Microsoft.NET.Sdk.targets(220,5): message :       BeforeRebuild;
       C:\Program Files\dotnet\sdk\10.0.101\Sdks\Microsoft.NET.Sdk\targets\Microsoft.NET.Sdk.targets(220,5): message :       Clean;
       C:\Program Files\dotnet\sdk\10.0.101\Sdks\Microsoft.NET.Sdk\targets\Microsoft.NET.Sdk.targets(220,5): message :       Build;
       C:\Program Files\dotnet\sdk\10.0.101\Sdks\Microsoft.NET.Sdk\targets\Microsoft.NET.Sdk.targets(220,5): message :       AfterRebuild;
       C:\Program Files\dotnet\sdk\10.0.101\Sdks\Microsoft.NET.Sdk\targets\Microsoft.NET.Sdk.targets(220,5): message :     ") at C:\Program Files\dotnet\sdk\10.0.101\Sdks\Microsoft.NET.Sdk\targets\Microsoft.NET.Sdk.targets (220,5)
       C:\Program Files\dotnet\sdk\10.0.101\Sdks\Microsoft.NET.Sdk\targets\Microsoft.NET.Sdk.targets(799,5): message : Property reassignment: $(CompileDependsOn)="
       C:\Program Files\dotnet\sdk\10.0.101\Sdks\Microsoft.NET.Sdk\targets\Microsoft.NET.Sdk.targets(799,5): message :       
       C:\Program Files\dotnet\sdk\10.0.101\Sdks\Microsoft.NET.Sdk\targets\Microsoft.NET.Sdk.targets(799,5): message :       ResolveReferences;
       C:\Program Files\dotnet\sdk\10.0.101\Sdks\Microsoft.NET.Sdk\targets\Microsoft.NET.Sdk.targets(799,5): message :       ResolveKeySource;
       C:\Program Files\dotnet\sdk\10.0.101\Sdks\Microsoft.NET.Sdk\targets\Microsoft.NET.Sdk.targets(799,5): message :       SetWin32ManifestProperties;
       C:\Program Files\dotnet\sdk\10.0.101\Sdks\Microsoft.NET.Sdk\targets\Microsoft.NET.Sdk.targets(799,5): message :       _SetPreferNativeArm64Win32ManifestProperties;
       C:\Program Files\dotnet\sdk\10.0.101\Sdks\Microsoft.NET.Sdk\targets\Microsoft.NET.Sdk.targets(799,5): message :       FindReferenceAssembliesForReferences;
       C:\Program Files\dotnet\sdk\10.0.101\Sdks\Microsoft.NET.Sdk\targets\Microsoft.NET.Sdk.targets(799,5): message :       _GenerateCompileInputs;
       C:\Program Files\dotnet\sdk\10.0.101\Sdks\Microsoft.NET.Sdk\targets\Microsoft.NET.Sdk.targets(799,5): message :       BeforeCompile;
       C:\Program Files\dotnet\sdk\10.0.101\Sdks\Microsoft.NET.Sdk\targets\Microsoft.NET.Sdk.targets(799,5): message :       _TimeStampBeforeCompile;
       C:\Program Files\dotnet\sdk\10.0.101\Sdks\Microsoft.NET.Sdk\targets\Microsoft.NET.Sdk.targets(799,5): message :       _GenerateCompileDependencyCache;
       C:\Program Files\dotnet\sdk\10.0.101\Sdks\Microsoft.NET.Sdk\targets\Microsoft.NET.Sdk.targets(799,5): message :       CoreCompile;
       C:\Program Files\dotnet\sdk\10.0.101\Sdks\Microsoft.NET.Sdk\targets\Microsoft.NET.Sdk.targets(799,5): message :       _TimeStampAfterCompile;
       C:\Program Files\dotnet\sdk\10.0.101\Sdks\Microsoft.NET.Sdk\targets\Microsoft.NET.Sdk.targets(799,5): message :       AfterCompile;
       C:\Program Files\dotnet\sdk\10.0.101\Sdks\Microsoft.NET.Sdk\targets\Microsoft.NET.Sdk.targets(799,5): message :     ;
       C:\Program Files\dotnet\sdk\10.0.101\Sdks\Microsoft.NET.Sdk\targets\Microsoft.NET.Sdk.targets(799,5): message :       _CreateAppHost;
       C:\Program Files\dotnet\sdk\10.0.101\Sdks\Microsoft.NET.Sdk\targets\Microsoft.NET.Sdk.targets(799,5): message :       _CreateComHost;
       C:\Program Files\dotnet\sdk\10.0.101\Sdks\Microsoft.NET.Sdk\targets\Microsoft.NET.Sdk.targets(799,5): message :       _GetIjwHostPaths;
       C:\Program Files\dotnet\sdk\10.0.101\Sdks\Microsoft.NET.Sdk\targets\Microsoft.NET.Sdk.targets(799,5): message :     " (previous value: "
       C:\Program Files\dotnet\sdk\10.0.101\Sdks\Microsoft.NET.Sdk\targets\Microsoft.NET.Sdk.targets(799,5): message :       ResolveReferences;
       C:\Program Files\dotnet\sdk\10.0.101\Sdks\Microsoft.NET.Sdk\targets\Microsoft.NET.Sdk.targets(799,5): message :       ResolveKeySource;
       C:\Program Files\dotnet\sdk\10.0.101\Sdks\Microsoft.NET.Sdk\targets\Microsoft.NET.Sdk.targets(799,5): message :       SetWin32ManifestProperties;
       C:\Program Files\dotnet\sdk\10.0.101\Sdks\Microsoft.NET.Sdk\targets\Microsoft.NET.Sdk.targets(799,5): message :       _SetPreferNativeArm64Win32ManifestProperties;
       C:\Program Files\dotnet\sdk\10.0.101\Sdks\Microsoft.NET.Sdk\targets\Microsoft.NET.Sdk.targets(799,5): message :       FindReferenceAssembliesForReferences;
       C:\Program Files\dotnet\sdk\10.0.101\Sdks\Microsoft.NET.Sdk\targets\Microsoft.NET.Sdk.targets(799,5): message :       _GenerateCompileInputs;
       C:\Program Files\dotnet\sdk\10.0.101\Sdks\Microsoft.NET.Sdk\targets\Microsoft.NET.Sdk.targets(799,5): message :       BeforeCompile;
       C:\Program Files\dotnet\sdk\10.0.101\Sdks\Microsoft.NET.Sdk\targets\Microsoft.NET.Sdk.targets(799,5): message :       _TimeStampBeforeCompile;
       C:\Program Files\dotnet\sdk\10.0.101\Sdks\Microsoft.NET.Sdk\targets\Microsoft.NET.Sdk.targets(799,5): message :       _GenerateCompileDependencyCache;
       C:\Program Files\dotnet\sdk\10.0.101\Sdks\Microsoft.NET.Sdk\targets\Microsoft.NET.Sdk.targets(799,5): message :       CoreCompile;
       C:\Program Files\dotnet\sdk\10.0.101\Sdks\Microsoft.NET.Sdk\targets\Microsoft.NET.Sdk.targets(799,5): message :       _TimeStampAfterCompile;
       C:\Program Files\dotnet\sdk\10.0.101\Sdks\Microsoft.NET.Sdk\targets\Microsoft.NET.Sdk.targets(799,5): message :       AfterCompile;
       C:\Program Files\dotnet\sdk\10.0.101\Sdks\Microsoft.NET.Sdk\targets\Microsoft.NET.Sdk.targets(799,5): message :     ") at C:\Program Files\dotnet\sdk\10.0.101\Sdks\Microsoft.NET.Sdk\targets\Microsoft.NET.Sdk.targets (799,5)
       C:\Program Files\dotnet\sdk\10.0.101\Sdks\Microsoft.NET.Sdk\targets\Microsoft.NET.Sdk.targets(1131,5): message : Property reassignment: $(CreateSatelliteAssembliesDependsOn)="
       C:\Program Files\dotnet\sdk\10.0.101\Sdks\Microsoft.NET.Sdk\targets\Microsoft.NET.Sdk.targets(1131,5): message :       
       C:\Program Files\dotnet\sdk\10.0.101\Sdks\Microsoft.NET.Sdk\targets\Microsoft.NET.Sdk.targets(1131,5): message :       ;
       C:\Program Files\dotnet\sdk\10.0.101\Sdks\Microsoft.NET.Sdk\targets\Microsoft.NET.Sdk.targets(1131,5): message :       _GenerateSatelliteAssemblyInputs;
       C:\Program Files\dotnet\sdk\10.0.101\Sdks\Microsoft.NET.Sdk\targets\Microsoft.NET.Sdk.targets(1131,5): message :       ComputeIntermediateSatelliteAssemblies;
       C:\Program Files\dotnet\sdk\10.0.101\Sdks\Microsoft.NET.Sdk\targets\Microsoft.NET.Sdk.targets(1131,5): message :       GenerateSatelliteAssemblies
       C:\Program Files\dotnet\sdk\10.0.101\Sdks\Microsoft.NET.Sdk\targets\Microsoft.NET.Sdk.targets(1131,5): message :     ;
       C:\Program Files\dotnet\sdk\10.0.101\Sdks\Microsoft.NET.Sdk\targets\Microsoft.NET.Sdk.targets(1131,5): message :       CoreGenerateSatelliteAssemblies
       C:\Program Files\dotnet\sdk\10.0.101\Sdks\Microsoft.NET.Sdk\targets\Microsoft.NET.Sdk.targets(1131,5): message :     " (previous value: "
       C:\Program Files\dotnet\sdk\10.0.101\Sdks\Microsoft.NET.Sdk\targets\Microsoft.NET.Sdk.targets(1131,5): message :       ;
       C:\Program Files\dotnet\sdk\10.0.101\Sdks\Microsoft.NET.Sdk\targets\Microsoft.NET.Sdk.targets(1131,5): message :       _GenerateSatelliteAssemblyInputs;
       C:\Program Files\dotnet\sdk\10.0.101\Sdks\Microsoft.NET.Sdk\targets\Microsoft.NET.Sdk.targets(1131,5): message :       ComputeIntermediateSatelliteAssemblies;
       C:\Program Files\dotnet\sdk\10.0.101\Sdks\Microsoft.NET.Sdk\targets\Microsoft.NET.Sdk.targets(1131,5): message :       GenerateSatelliteAssemblies
       C:\Program Files\dotnet\sdk\10.0.101\Sdks\Microsoft.NET.Sdk\targets\Microsoft.NET.Sdk.targets(1131,5): message :     ") at C:\Program Files\dotnet\sdk\10.0.101\Sdks\Microsoft.NET.Sdk\targets\Microsoft.NET.Sdk.targets (1131,5)
       C:\Program Files\dotnet\sdk\10.0.101\Sdks\Microsoft.SourceLink.GitLab\build\Microsoft.SourceLink.GitLab.targets(12,5): message : Property reassignment: $(SourceLinkUrlInitializerTargets)=";_InitializeGitHubSourceLinkUrl;_InitializeGitLabSourceLinkUrl" (previous value: ";_InitializeGitHubSourceLinkUrl") at C:\Program Files\dotnet\sdk\10.0.101\Sdks\Microsoft.SourceLink.GitLab\build\Microsoft.SourceLink.GitLab.targets (12,5)
       C:\Program Files\dotnet\sdk\10.0.101\Sdks\Microsoft.SourceLink.GitLab\build\Microsoft.SourceLink.GitLab.targets(13,5): message : Property reassignment: $(SourceControlManagerUrlTranslationTargets)=";TranslateGitHubUrlsInSourceControlInformation;TranslateGitLabUrlsInSourceControlInformation" (previous value: ";TranslateGitHubUrlsInSourceControlInformation") at C:\Program Files\dotnet\sdk\10.0.101\Sdks\Microsoft.SourceLink.GitLab\build\Microsoft.SourceLink.GitLab.targets (13,5)
       C:\Program Files\dotnet\sdk\10.0.101\Sdks\Microsoft.SourceLink.AzureRepos.Git\build\Microsoft.SourceLink.AzureRepos.Git.targets(12,5): message : Property reassignment: $(SourceLinkUrlInitializerTargets)=";_InitializeGitHubSourceLinkUrl;_InitializeGitLabSourceLinkUrl;_InitializeAzureReposGitSourceLinkUrl" (previous value: ";_InitializeGitHubSourceLinkUrl;_InitializeGitLabSourceLinkUrl") at C:\Program Files\dotnet\sdk\10.0.101\Sdks\Microsoft.SourceLink.AzureRepos.Git\build\Microsoft.SourceLink.AzureRepos.Git.targets (12,5)
       C:\Program Files\dotnet\sdk\10.0.101\Sdks\Microsoft.SourceLink.AzureRepos.Git\build\Microsoft.SourceLink.AzureRepos.Git.targets(13,5): message : Property reassignment: $(SourceControlManagerUrlTranslationTargets)=";TranslateGitHubUrlsInSourceControlInformation;TranslateGitLabUrlsInSourceControlInformation;TranslateAzureReposGitUrlsInSourceControlInformation" (previous value: ";TranslateGitHubUrlsInSourceControlInformation;TranslateGitLabUrlsInSourceControlInformation") at C:\Program Files\dotnet\sdk\10.0.101\Sdks\Microsoft.SourceLink.AzureRepos.Git\build\Microsoft.SourceLink.AzureRepos.Git.targets (13,5)
       C:\Program Files\dotnet\sdk\10.0.101\Sdks\Microsoft.SourceLink.Bitbucket.Git\build\Microsoft.SourceLink.Bitbucket.Git.targets(12,5): message : Property reassignment: $(SourceLinkUrlInitializerTargets)=";_InitializeGitHubSourceLinkUrl;_InitializeGitLabSourceLinkUrl;_InitializeAzureReposGitSourceLinkUrl;_InitializeBitbucketGitSourceLinkUrl" (previous value: ";_InitializeGitHubSourceLinkUrl;_InitializeGitLabSourceLinkUrl;_InitializeAzureReposGitSourceLinkUrl") at C:\Program Files\dotnet\sdk\10.0.101\Sdks\Microsoft.SourceLink.Bitbucket.Git\build\Microsoft.SourceLink.Bitbucket.Git.targets (12,5)
       C:\Program Files\dotnet\sdk\10.0.101\Sdks\Microsoft.SourceLink.Bitbucket.Git\build\Microsoft.SourceLink.Bitbucket.Git.targets(13,5): message : Property reassignment: $(SourceControlManagerUrlTranslationTargets)=";TranslateGitHubUrlsInSourceControlInformation;TranslateGitLabUrlsInSourceControlInformation;TranslateAzureReposGitUrlsInSourceControlInformation;TranslateBitbucketGitUrlsInSourceControlInformation" (previous value: ";TranslateGitHubUrlsInSourceControlInformation;TranslateGitLabUrlsInSourceControlInformation;TranslateAzureReposGitUrlsInSourceControlInformation") at C:\Program Files\dotnet\sdk\10.0.101\Sdks\Microsoft.SourceLink.Bitbucket.Git\build\Microsoft.SourceLink.Bitbucket.Git.targets (13,5)
       C:\Program Files\dotnet\sdk\10.0.101\Sdks\Microsoft.NET.Sdk\targets\Microsoft.NET.DesignerSupport.targets(21,5): message : Property reassignment: $(DesignerRuntimeImplementationProjectOutputGroupDependsOn)="
       C:\Program Files\dotnet\sdk\10.0.101\Sdks\Microsoft.NET.Sdk\targets\Microsoft.NET.DesignerSupport.targets(21,5): message :       
       C:\Program Files\dotnet\sdk\10.0.101\Sdks\Microsoft.NET.Sdk\targets\Microsoft.NET.DesignerSupport.targets(21,5): message :       ;
       C:\Program Files\dotnet\sdk\10.0.101\Sdks\Microsoft.NET.Sdk\targets\Microsoft.NET.DesignerSupport.targets(21,5): message :       
       C:\Program Files\dotnet\sdk\10.0.101\Sdks\Microsoft.NET.Sdk\targets\Microsoft.NET.DesignerSupport.targets(21,5): message :       ;
       C:\Program Files\dotnet\sdk\10.0.101\Sdks\Microsoft.NET.Sdk\targets\Microsoft.NET.DesignerSupport.targets(21,5): message :       BuildOnlySettings;
       C:\Program Files\dotnet\sdk\10.0.101\Sdks\Microsoft.NET.Sdk\targets\Microsoft.NET.DesignerSupport.targets(21,5): message :       PrepareForBuild;
       C:\Program Files\dotnet\sdk\10.0.101\Sdks\Microsoft.NET.Sdk\targets\Microsoft.NET.DesignerSupport.targets(21,5): message :       AssignTargetPaths;
       C:\Program Files\dotnet\sdk\10.0.101\Sdks\Microsoft.NET.Sdk\targets\Microsoft.NET.DesignerSupport.targets(21,5): message :       ResolveReferences
       C:\Program Files\dotnet\sdk\10.0.101\Sdks\Microsoft.NET.Sdk\targets\Microsoft.NET.DesignerSupport.targets(21,5): message :     
       C:\Program Files\dotnet\sdk\10.0.101\Sdks\Microsoft.NET.Sdk\targets\Microsoft.NET.DesignerSupport.targets(21,5): message :     ;
       C:\Program Files\dotnet\sdk\10.0.101\Sdks\Microsoft.NET.Sdk\targets\Microsoft.NET.DesignerSupport.targets(21,5): message :       _GenerateDesignerDepsFile;
       C:\Program Files\dotnet\sdk\10.0.101\Sdks\Microsoft.NET.Sdk\targets\Microsoft.NET.DesignerSupport.targets(21,5): message :       _GenerateDesignerRuntimeConfigFile;
       C:\Program Files\dotnet\sdk\10.0.101\Sdks\Microsoft.NET.Sdk\targets\Microsoft.NET.DesignerSupport.targets(21,5): message :       GetCopyToOutputDirectoryItems;
       C:\Program Files\dotnet\sdk\10.0.101\Sdks\Microsoft.NET.Sdk\targets\Microsoft.NET.DesignerSupport.targets(21,5): message :       _GatherDesignerShadowCopyFiles;
       C:\Program Files\dotnet\sdk\10.0.101\Sdks\Microsoft.NET.Sdk\targets\Microsoft.NET.DesignerSupport.targets(21,5): message :     " (previous value: "
       C:\Program Files\dotnet\sdk\10.0.101\Sdks\Microsoft.NET.Sdk\targets\Microsoft.NET.DesignerSupport.targets(21,5): message :       ;
       C:\Program Files\dotnet\sdk\10.0.101\Sdks\Microsoft.NET.Sdk\targets\Microsoft.NET.DesignerSupport.targets(21,5): message :       
       C:\Program Files\dotnet\sdk\10.0.101\Sdks\Microsoft.NET.Sdk\targets\Microsoft.NET.DesignerSupport.targets(21,5): message :       ;
       C:\Program Files\dotnet\sdk\10.0.101\Sdks\Microsoft.NET.Sdk\targets\Microsoft.NET.DesignerSupport.targets(21,5): message :       BuildOnlySettings;
       C:\Program Files\dotnet\sdk\10.0.101\Sdks\Microsoft.NET.Sdk\targets\Microsoft.NET.DesignerSupport.targets(21,5): message :       PrepareForBuild;
       C:\Program Files\dotnet\sdk\10.0.101\Sdks\Microsoft.NET.Sdk\targets\Microsoft.NET.DesignerSupport.targets(21,5): message :       AssignTargetPaths;
       C:\Program Files\dotnet\sdk\10.0.101\Sdks\Microsoft.NET.Sdk\targets\Microsoft.NET.DesignerSupport.targets(21,5): message :       ResolveReferences
       C:\Program Files\dotnet\sdk\10.0.101\Sdks\Microsoft.NET.Sdk\targets\Microsoft.NET.DesignerSupport.targets(21,5): message :     
       C:\Program Files\dotnet\sdk\10.0.101\Sdks\Microsoft.NET.Sdk\targets\Microsoft.NET.DesignerSupport.targets(21,5): message :     ") at C:\Program Files\dotnet\sdk\10.0.101\Sdks\Microsoft.NET.Sdk\targets\Microsoft.NET.DesignerSupport.targets (21,5)
       C:\Program Files\dotnet\sdk\10.0.101\Sdks\Microsoft.NET.Sdk\targets\Microsoft.NET.Sdk.CSharp.targets(31,5): message : Property reassignment: $(DefineConstants)="TRACE;DEBUG" (previous value: "TRACE") at C:\Program Files\dotnet\sdk\10.0.101\Sdks\Microsoft.NET.Sdk\targets\Microsoft.NET.Sdk.CSharp.targets (31,5)
       C:\Program Files\dotnet\sdk\10.0.101\Sdks\Microsoft.NET.Sdk\targets\Microsoft.NET.Sdk.CSharp.targets(45,5): message : Property reassignment: $(WarningsAsErrors)=";NU1605;SYSLIB0011" (previous value: ";NU1605") at C:\Program Files\dotnet\sdk\10.0.101\Sdks\Microsoft.NET.Sdk\targets\Microsoft.NET.Sdk.CSharp.targets (45,5)
       C:\Program Files\dotnet\sdk\10.0.101\NuGet.Build.Tasks.Pack.targets(34,5): message : Property reassignment: $(PackageDescription)="Package Description" (previous value: "") at C:\Program Files\dotnet\sdk\10.0.101\NuGet.Build.Tasks.Pack.targets (34,5)
       C:\Program Files\dotnet\sdk\10.0.101\NuGet.Build.Tasks.Pack.targets(59,5): message : Property reassignment: $(GenerateNuspecDependsOn)="Build;_LoadPackInputItems; _GetTargetFrameworksOutput; _WalkEachTargetPerFramework; _GetPackageFiles; " (previous value: "_LoadPackInputItems; _GetTargetFrameworksOutput; _WalkEachTargetPerFramework; _GetPackageFiles; ") at C:\Program Files\dotnet\sdk\10.0.101\NuGet.Build.Tasks.Pack.targets (59,5)
       C:\Program Files\dotnet\sdk\10.0.101\Sdks\Microsoft.NET.Sdk\Sdk\Sdk.targets(59,5): message : Property reassignment: $(_IsNotSetContainersTargetsDir)="true" (previous value: "false") at C:\Program Files\dotnet\sdk\10.0.101\Sdks\Microsoft.NET.Sdk\Sdk\Sdk.targets (59,5)
       C:\Program Files\dotnet\sdk\10.0.101\Containers\build\Microsoft.NET.Build.Containers.targets(5,5): message : Property reassignment: $(_IsSDKContainerAllowedVersion)="true" (previous value: "false") at C:\Program Files\dotnet\sdk\10.0.101\Containers\build\Microsoft.NET.Build.Containers.targets (5,5)
       C:\Program Files\dotnet\sdk\10.0.101\Containers\build\Microsoft.NET.Build.Containers.targets(15,5): message : Property reassignment: $(_ContainerIsTargetingNet8TFM)="true" (previous value: "false") at C:\Program Files\dotnet\sdk\10.0.101\Containers\build\Microsoft.NET.Build.Containers.targets (15,5)
       Overriding target "ResolveFrameworkReferences" in project "C:\Program Files\dotnet\sdk\10.0.101\Microsoft.Common.CurrentVersion.targets" with target "ResolveFrameworkReferences" from project "C:\Program Files\dotnet\sdk\10.0.101\Sdks\Microsoft.NET.Sdk\targets\Microsoft.NET.Sdk.FrameworkReferenceResolution.targets".
       Overriding target "GenerateSupportedTargetFrameworkAlias" in project "C:\Program Files\dotnet\sdk\10.0.101\Microsoft.Common.CurrentVersion.targets" with target "GenerateSupportedTargetFrameworkAlias" from project "C:\Program Files\dotnet\sdk\10.0.101\Sdks\Microsoft.NET.Sdk\targets\Microsoft.NET.Sdk.targets".
       Overriding target "GetReferenceAssemblyPaths" in project "C:\Program Files\dotnet\sdk\10.0.101\Microsoft.Common.CurrentVersion.targets" with target "GetReferenceAssemblyPaths" from project "C:\Program Files\dotnet\sdk\10.0.101\Sdks\Microsoft.NET.Sdk\targets\Microsoft.NET.DisableStandardFrameworkResolution.targets".
       Overriding target "GetFrameworkPaths" in project "C:\Program Files\dotnet\sdk\10.0.101\Microsoft.Common.CurrentVersion.targets" with target "GetFrameworkPaths" from project "C:\Program Files\dotnet\sdk\10.0.101\Sdks\Microsoft.NET.Sdk\targets\Microsoft.NET.DisableStandardFrameworkResolution.targets".
       Overriding target "DesignerRuntimeImplementationProjectOutputGroup" in project "C:\Program Files\dotnet\sdk\10.0.101\Microsoft.Common.CurrentVersion.targets" with target "DesignerRuntimeImplementationProjectOutputGroup" from project "C:\Program Files\dotnet\sdk\10.0.101\Sdks\Microsoft.NET.Sdk\targets\Microsoft.NET.DesignerSupport.targets".
       Overriding target "Publish" in project "C:\Program Files\dotnet\sdk\10.0.101\Microsoft.Common.CurrentVersion.targets" with target "Publish" from project "C:\Program Files\dotnet\sdk\10.0.101\Sdks\Microsoft.NET.Sdk\targets\Microsoft.NET.Publish.targets".
       Overriding target "ResolveReadyToRunCompilers" in project "C:\Program Files\dotnet\sdk\10.0.101\Sdks\Microsoft.NET.Sdk\targets\Microsoft.NET.CrossGen.targets" with target "ResolveReadyToRunCompilers" from project "C:\Program Files\dotnet\sdk\10.0.101\Sdks\Microsoft.NET.Sdk\targets\Microsoft.NET.Publish.targets".
       Overriding target "GetCopyToPublishDirectoryItems" in project "C:\Program Files\dotnet\sdk\10.0.101\Microsoft.Common.CurrentVersion.targets" with target "GetCopyToPublishDirectoryItems" from project "C:\Program Files\dotnet\sdk\10.0.101\Sdks\Microsoft.NET.Sdk\targets\Microsoft.NET.Publish.targets".
       Overriding target "Run" in project "C:\Program Files\dotnet\sdk\10.0.101\Microsoft.Common.CurrentVersion.targets" with target "Run" from project "C:\Program Files\dotnet\sdk\10.0.101\Sdks\Microsoft.NET.Sdk\targets\Microsoft.NET.Sdk.targets".
   1:3>Project "C:\Users\giris\Documents\Code\Redesign-POS\Windows Based POS\Magidesk\Magidesk.Presentation.csproj" (1:3) is building "C:\Users\giris\Documents\Code\Redesign-POS\Windows Based POS\Magidesk\Magidesk.Application\Magidesk.Application.csproj" (2) on node 1 (_GenerateRestoreProjectPathWalk target(s)).
     2>Target "_GenerateRestoreProjectPathItemsPerFramework" in file "C:\Program Files\dotnet\sdk\10.0.101\NuGet.targets" from project "C:\Users\giris\Documents\Code\Redesign-POS\Windows Based POS\Magidesk\Magidesk.Application\Magidesk.Application.csproj" (target "_GenerateRestoreProjectPathItemsCurrentProject" depends on it):
     2>Task "ConvertToAbsolutePath"
       Done executing task "ConvertToAbsolutePath".
     2>Done building target "_GenerateRestoreProjectPathItemsPerFramework" in project "Magidesk.Application.csproj".
     2>Target "_GenerateRestoreProjectPathItemsCurrentProject" in file "C:\Program Files\dotnet\sdk\10.0.101\NuGet.targets" from project "C:\Users\giris\Documents\Code\Redesign-POS\Windows Based POS\Magidesk\Magidesk.Application\Magidesk.Application.csproj" (target "_GenerateRestoreProjectPathItems" depends on it):
     2>Done building target "_GenerateRestoreProjectPathItemsCurrentProject" in project "Magidesk.Application.csproj".
     2>Target "_GenerateRestoreProjectPathItems" in file "C:\Program Files\dotnet\sdk\10.0.101\NuGet.targets" from project "C:\Users\giris\Documents\Code\Redesign-POS\Windows Based POS\Magidesk\Magidesk.Application\Magidesk.Application.csproj" (target "_GenerateRestoreProjectPathWalk" depends on it):
       Task "RemoveDuplicates"
       Done executing task "RemoveDuplicates".
     2>Done building target "_GenerateRestoreProjectPathItems" in project "Magidesk.Application.csproj".
     2>Target "_GenerateRestoreProjectPathWalk" in file "C:\Program Files\dotnet\sdk\10.0.101\NuGet.targets" from project "C:\Users\giris\Documents\Code\Redesign-POS\Windows Based POS\Magidesk\Magidesk.Application\Magidesk.Application.csproj" (entry point):
       Task "MSBuild"
         Global Properties:
           ExcludeRestorePackageImports=true
     0>Reusing node 2 (PID: 16344).
       C:\Program Files\dotnet\sdk\10.0.101\Sdks\Microsoft.NET.Sdk\Sdk\Sdk.props(49,11): message : Property 'MSBuildExtensionsPath' with value 'C:\Program Files\dotnet\sdk\10.0.101\' expanded from the environment.
       C:\Program Files\dotnet\sdk\10.0.101\Current\Microsoft.Common.props(60,5): message : Property reassignment: $(MSBuildProjectExtensionsPath)="C:\Users\giris\Documents\Code\Redesign-POS\Windows Based POS\Magidesk\Magidesk.Domain\obj\" (previous value: "obj\") at C:\Program Files\dotnet\sdk\10.0.101\Current\Microsoft.Common.props (60,5)
       C:\Program Files\dotnet\sdk\10.0.101\Current\Microsoft.Common.props(84,119): message : Property 'MSBuildUserExtensionsPath' with value 'C:\Users\giris\AppData\Local\Microsoft\MSBuild' expanded from the environment.
       C:\Program Files\dotnet\sdk\10.0.101\Sdks\Microsoft.NET.Sdk\targets\Microsoft.NET.Sdk.props(90,5): message : Property reassignment: $(AssemblySearchPaths)="{CandidateAssemblyFiles};{HintPathFromItem}" (previous value: "{CandidateAssemblyFiles}") at C:\Program Files\dotnet\sdk\10.0.101\Sdks\Microsoft.NET.Sdk\targets\Microsoft.NET.Sdk.props (90,5)
       C:\Program Files\dotnet\sdk\10.0.101\Sdks\Microsoft.NET.Sdk\targets\Microsoft.NET.Sdk.props(91,5): message : Property reassignment: $(AssemblySearchPaths)="{CandidateAssemblyFiles};{HintPathFromItem};{TargetFrameworkDirectory}" (previous value: "{CandidateAssemblyFiles};{HintPathFromItem}") at C:\Program Files\dotnet\sdk\10.0.101\Sdks\Microsoft.NET.Sdk\targets\Microsoft.NET.Sdk.props (91,5)
       C:\Program Files\dotnet\sdk\10.0.101\Sdks\Microsoft.NET.Sdk\targets\Microsoft.NET.Sdk.props(92,5): message : Property reassignment: $(AssemblySearchPaths)="{CandidateAssemblyFiles};{HintPathFromItem};{TargetFrameworkDirectory};{RawFileName}" (previous value: "{CandidateAssemblyFiles};{HintPathFromItem};{TargetFrameworkDirectory}") at C:\Program Files\dotnet\sdk\10.0.101\Sdks\Microsoft.NET.Sdk\targets\Microsoft.NET.Sdk.props (92,5)
       C:\Program Files\dotnet\sdk\10.0.101\Sdks\Microsoft.NET.Sdk\targets\Microsoft.NET.Sdk.ImportPublishProfile.targets(28,5): message : Property reassignment: $(PublishProfileImported)="false" (previous value: "true") at C:\Program Files\dotnet\sdk\10.0.101\Sdks\Microsoft.NET.Sdk\targets\Microsoft.NET.Sdk.ImportPublishProfile.targets (28,5)
       C:\Program Files\dotnet\sdk\10.0.101\Sdks\Microsoft.NET.Sdk\targets\Microsoft.NET.TargetFrameworkInference.targets(81,5): message : Property reassignment: $(TargetPlatformVersion)="" (previous value: "0.0") at C:\Program Files\dotnet\sdk\10.0.101\Sdks\Microsoft.NET.Sdk\targets\Microsoft.NET.TargetFrameworkInference.targets (81,5)
       C:\Program Files\dotnet\sdk\10.0.101\Sdks\Microsoft.NET.Sdk\targets\Microsoft.NET.DefaultOutputPaths.targets(127,5): message : Property reassignment: $(DefaultItemExcludes)=";bin\Debug\/**;obj\Debug\/**" (previous value: ";bin\Debug\/**") at C:\Program Files\dotnet\sdk\10.0.101\Sdks\Microsoft.NET.Sdk\targets\Microsoft.NET.DefaultOutputPaths.targets (127,5)
       C:\Program Files\dotnet\sdk\10.0.101\Sdks\Microsoft.NET.Sdk\targets\Microsoft.NET.DefaultOutputPaths.targets(142,5): message : Property reassignment: $(OutputPath)="bin\Debug\net8.0\" (previous value: "bin\Debug\") at C:\Program Files\dotnet\sdk\10.0.101\Sdks\Microsoft.NET.Sdk\targets\Microsoft.NET.DefaultOutputPaths.targets (142,5)
       C:\Program Files\dotnet\sdk\10.0.101\Sdks\Microsoft.NET.Sdk\targets\Microsoft.NET.DefaultOutputPaths.targets(147,5): message : Property reassignment: $(IntermediateOutputPath)="obj\Debug\net8.0\" (previous value: "obj\Debug\") at C:\Program Files\dotnet\sdk\10.0.101\Sdks\Microsoft.NET.Sdk\targets\Microsoft.NET.DefaultOutputPaths.targets (147,5)
       C:\Program Files\dotnet\sdk\10.0.101\Sdks\Microsoft.NET.Sdk\targets\Microsoft.NET.Sdk.BeforeCommon.targets(371,5): message : Property reassignment: $(RoslynTargetsPath)="C:\Program Files\dotnet\sdk\10.0.101\Sdks\Microsoft.NET.Sdk\targets\..\..\..\Roslyn" (previous value: "C:\Program Files\dotnet\sdk\10.0.101\Roslyn") at C:\Program Files\dotnet\sdk\10.0.101\Sdks\Microsoft.NET.Sdk\targets\Microsoft.NET.Sdk.BeforeCommon.targets (371,5)
       C:\Program Files\dotnet\sdk\10.0.101\Roslyn\Microsoft.Managed.Core.targets(6,5): message : Property reassignment: $(_BuildTasksDirectory)="C:\Program Files\dotnet\sdk\10.0.101\Sdks\Microsoft.NET.Sdk\targets\..\..\..\Roslyn\" (previous value: "C:\Program Files\dotnet\sdk\10.0.101\Roslyn\") at C:\Program Files\dotnet\sdk\10.0.101\Roslyn\Microsoft.Managed.Core.targets (6,5)
       C:\Program Files\dotnet\sdk\10.0.101\Roslyn\Microsoft.CSharp.Core.targets(200,5): message : Property reassignment: $(CommandLineArgsForDesignTimeEvaluation)="-langversion:12.0 -define:TRACE" (previous value: "-langversion:12.0") at C:\Program Files\dotnet\sdk\10.0.101\Roslyn\Microsoft.CSharp.Core.targets (200,5)
       C:\Program Files\dotnet\sdk\10.0.101\Microsoft.Common.CurrentVersion.targets(175,5): message : Property reassignment: $(_DebugSymbolsProduced)="true" (previous value: "false") at C:\Program Files\dotnet\sdk\10.0.101\Microsoft.Common.CurrentVersion.targets (175,5)
       C:\Program Files\dotnet\sdk\10.0.101\Microsoft.Common.CurrentVersion.targets(185,5): message : Property reassignment: $(_DocumentationFileProduced)="false" (previous value: "true") at C:\Program Files\dotnet\sdk\10.0.101\Microsoft.Common.CurrentVersion.targets (185,5)
       C:\Program Files\dotnet\sdk\10.0.101\Microsoft.Common.CurrentVersion.targets(392,5): message : Property reassignment: $(MSBuildCopyMarkerName)="Magidesk.E55F6816" (previous value: "Magidesk.Domain.csproj") at C:\Program Files\dotnet\sdk\10.0.101\Microsoft.Common.CurrentVersion.targets (392,5)
       C:\Program Files\dotnet\sdk\10.0.101\Microsoft.Common.CurrentVersion.targets(393,5): message : Property reassignment: $(MSBuildCopyMarkerName)="Magidesk.E55F6816.Up2Date" (previous value: "Magidesk.E55F6816") at C:\Program Files\dotnet\sdk\10.0.101\Microsoft.Common.CurrentVersion.targets (393,5)
       C:\Program Files\dotnet\sdk\10.0.101\Microsoft.Common.CurrentVersion.targets(541,5): message : Property reassignment: $(ProcessorArchitecture)="msil" (previous value: "") at C:\Program Files\dotnet\sdk\10.0.101\Microsoft.Common.CurrentVersion.targets (541,5)
       C:\Program Files\dotnet\sdk\10.0.101\Microsoft.Common.CurrentVersion.targets(580,5): message : Property reassignment: $(DelaySign)="" (previous value: "false") at C:\Program Files\dotnet\sdk\10.0.101\Microsoft.Common.CurrentVersion.targets (580,5)
       C:\Program Files\dotnet\sdk\10.0.101\Microsoft.Common.CurrentVersion.targets(2606,5): message : Property 'LOCALAPPDATA' with value 'C:\Users\giris\AppData\Local' expanded from the environment.
       C:\Program Files\dotnet\sdk\10.0.101\Microsoft.Common.CurrentVersion.targets(3934,5): message : Property reassignment: $(_SGenGenerateSerializationAssembliesConfig)="Auto" (previous value: "") at C:\Program Files\dotnet\sdk\10.0.101\Microsoft.Common.CurrentVersion.targets (3934,5)
       C:\Program Files\dotnet\sdk\10.0.101\Microsoft.Common.CurrentVersion.targets(3935,5): message : Property reassignment: $(_SGenGenerateSerializationAssembliesConfig)="Off" (previous value: "Auto") at C:\Program Files\dotnet\sdk\10.0.101\Microsoft.Common.CurrentVersion.targets (3935,5)
       C:\Program Files\dotnet\sdk\10.0.101\Microsoft.Common.CurrentVersion.targets(5146,5): message : Property reassignment: $(_TargetsThatPrepareProjectReferences)="
       C:\Program Files\dotnet\sdk\10.0.101\Microsoft.Common.CurrentVersion.targets(5146,5): message :       AssignProjectConfiguration;
       C:\Program Files\dotnet\sdk\10.0.101\Microsoft.Common.CurrentVersion.targets(5146,5): message :       _SplitProjectReferencesByFileExistence
       C:\Program Files\dotnet\sdk\10.0.101\Microsoft.Common.CurrentVersion.targets(5146,5): message :     " (previous value: "_SplitProjectReferencesByFileExistence") at C:\Program Files\dotnet\sdk\10.0.101\Microsoft.Common.CurrentVersion.targets (5146,5)
       C:\Program Files\dotnet\sdk\10.0.101\Microsoft.Common.CurrentVersion.targets(6959,5): message : Property 'MSBuildExtensionsPath32' with value 'C:\Program Files\dotnet\sdk\10.0.101' expanded from the environment.
       The "NuGetInteractive" property is a global property, and cannot be modified.
       C:\Program Files\dotnet\sdk\10.0.101\Sdks\Microsoft.NET.Sdk\targets\Microsoft.PackageDependencyResolution.targets(24,5): message : Property reassignment: $(ProjectAssetsFile)="C:\Users\giris\Documents\Code\Redesign-POS\Windows Based POS\Magidesk\Magidesk.Domain\obj\project.assets.json" (previous value: "C:\Users\giris\Documents\Code\Redesign-POS\Windows Based POS\Magidesk\Magidesk.Domain\obj\/project.assets.json") at C:\Program Files\dotnet\sdk\10.0.101\Sdks\Microsoft.NET.Sdk\targets\Microsoft.PackageDependencyResolution.targets (24,5)
       C:\Program Files\dotnet\sdk\10.0.101\Sdks\Microsoft.NET.Sdk\targets\Microsoft.PackageDependencyResolution.targets(29,5): message : Property reassignment: $(ProjectAssetsCacheFile)="C:\Users\giris\Documents\Code\Redesign-POS\Windows Based POS\Magidesk\Magidesk.Domain\obj\Debug\net8.0\Magidesk.Domain.assets.cache" (previous value: "obj\Debug\net8.0\Magidesk.Domain.assets.cache") at C:\Program Files\dotnet\sdk\10.0.101\Sdks\Microsoft.NET.Sdk\targets\Microsoft.PackageDependencyResolution.targets (29,5)
       C:\Program Files\dotnet\sdk\10.0.101\Sdks\Microsoft.NET.Sdk\targets\Microsoft.PackageDependencyResolution.targets(80,5): message : Property reassignment: $(ResolveAssemblyReferencesDependsOn)="
       C:\Program Files\dotnet\sdk\10.0.101\Sdks\Microsoft.NET.Sdk\targets\Microsoft.PackageDependencyResolution.targets(80,5): message :       
       C:\Program Files\dotnet\sdk\10.0.101\Sdks\Microsoft.NET.Sdk\targets\Microsoft.PackageDependencyResolution.targets(80,5): message :       ResolveProjectReferences;
       C:\Program Files\dotnet\sdk\10.0.101\Sdks\Microsoft.NET.Sdk\targets\Microsoft.PackageDependencyResolution.targets(80,5): message :       FindInvalidProjectReferences;
       C:\Program Files\dotnet\sdk\10.0.101\Sdks\Microsoft.NET.Sdk\targets\Microsoft.PackageDependencyResolution.targets(80,5): message :       GetFrameworkPaths;
       C:\Program Files\dotnet\sdk\10.0.101\Sdks\Microsoft.NET.Sdk\targets\Microsoft.PackageDependencyResolution.targets(80,5): message :       GetReferenceAssemblyPaths;
       C:\Program Files\dotnet\sdk\10.0.101\Sdks\Microsoft.NET.Sdk\targets\Microsoft.PackageDependencyResolution.targets(80,5): message :       PrepareForBuild;
       C:\Program Files\dotnet\sdk\10.0.101\Sdks\Microsoft.NET.Sdk\targets\Microsoft.PackageDependencyResolution.targets(80,5): message :       ResolveSDKReferences;
       C:\Program Files\dotnet\sdk\10.0.101\Sdks\Microsoft.NET.Sdk\targets\Microsoft.PackageDependencyResolution.targets(80,5): message :       ExpandSDKReferences;
       C:\Program Files\dotnet\sdk\10.0.101\Sdks\Microsoft.NET.Sdk\targets\Microsoft.PackageDependencyResolution.targets(80,5): message :     ;
       C:\Program Files\dotnet\sdk\10.0.101\Sdks\Microsoft.NET.Sdk\targets\Microsoft.PackageDependencyResolution.targets(80,5): message :       ResolvePackageDependenciesForBuild;
       C:\Program Files\dotnet\sdk\10.0.101\Sdks\Microsoft.NET.Sdk\targets\Microsoft.PackageDependencyResolution.targets(80,5): message :       _HandlePackageFileConflicts;
       C:\Program Files\dotnet\sdk\10.0.101\Sdks\Microsoft.NET.Sdk\targets\Microsoft.PackageDependencyResolution.targets(80,5): message :     " (previous value: "
       C:\Program Files\dotnet\sdk\10.0.101\Sdks\Microsoft.NET.Sdk\targets\Microsoft.PackageDependencyResolution.targets(80,5): message :       ResolveProjectReferences;
       C:\Program Files\dotnet\sdk\10.0.101\Sdks\Microsoft.NET.Sdk\targets\Microsoft.PackageDependencyResolution.targets(80,5): message :       FindInvalidProjectReferences;
       C:\Program Files\dotnet\sdk\10.0.101\Sdks\Microsoft.NET.Sdk\targets\Microsoft.PackageDependencyResolution.targets(80,5): message :       GetFrameworkPaths;
       C:\Program Files\dotnet\sdk\10.0.101\Sdks\Microsoft.NET.Sdk\targets\Microsoft.PackageDependencyResolution.targets(80,5): message :       GetReferenceAssemblyPaths;
       C:\Program Files\dotnet\sdk\10.0.101\Sdks\Microsoft.NET.Sdk\targets\Microsoft.PackageDependencyResolution.targets(80,5): message :       PrepareForBuild;
       C:\Program Files\dotnet\sdk\10.0.101\Sdks\Microsoft.NET.Sdk\targets\Microsoft.PackageDependencyResolution.targets(80,5): message :       ResolveSDKReferences;
       C:\Program Files\dotnet\sdk\10.0.101\Sdks\Microsoft.NET.Sdk\targets\Microsoft.PackageDependencyResolution.targets(80,5): message :       ExpandSDKReferences;
       C:\Program Files\dotnet\sdk\10.0.101\Sdks\Microsoft.NET.Sdk\targets\Microsoft.PackageDependencyResolution.targets(80,5): message :     ") at C:\Program Files\dotnet\sdk\10.0.101\Sdks\Microsoft.NET.Sdk\targets\Microsoft.PackageDependencyResolution.targets (80,5)
       C:\Program Files\dotnet\sdk\10.0.101\Sdks\Microsoft.NET.Sdk\targets\Microsoft.PackageDependencyResolution.targets(86,5): message : Property reassignment: $(PrepareResourcesDependsOn)="
       C:\Program Files\dotnet\sdk\10.0.101\Sdks\Microsoft.NET.Sdk\targets\Microsoft.PackageDependencyResolution.targets(86,5): message :       ResolvePackageDependenciesForBuild;
       C:\Program Files\dotnet\sdk\10.0.101\Sdks\Microsoft.NET.Sdk\targets\Microsoft.PackageDependencyResolution.targets(86,5): message :       _HandlePackageFileConflicts;
       C:\Program Files\dotnet\sdk\10.0.101\Sdks\Microsoft.NET.Sdk\targets\Microsoft.PackageDependencyResolution.targets(86,5): message :       
       C:\Program Files\dotnet\sdk\10.0.101\Sdks\Microsoft.NET.Sdk\targets\Microsoft.PackageDependencyResolution.targets(86,5): message :       ;
       C:\Program Files\dotnet\sdk\10.0.101\Sdks\Microsoft.NET.Sdk\targets\Microsoft.PackageDependencyResolution.targets(86,5): message :       PrepareResourceNames;
       C:\Program Files\dotnet\sdk\10.0.101\Sdks\Microsoft.NET.Sdk\targets\Microsoft.PackageDependencyResolution.targets(86,5): message :       ResGen;
       C:\Program Files\dotnet\sdk\10.0.101\Sdks\Microsoft.NET.Sdk\targets\Microsoft.PackageDependencyResolution.targets(86,5): message :       CompileLicxFiles
       C:\Program Files\dotnet\sdk\10.0.101\Sdks\Microsoft.NET.Sdk\targets\Microsoft.PackageDependencyResolution.targets(86,5): message :     
       C:\Program Files\dotnet\sdk\10.0.101\Sdks\Microsoft.NET.Sdk\targets\Microsoft.PackageDependencyResolution.targets(86,5): message :     " (previous value: "
       C:\Program Files\dotnet\sdk\10.0.101\Sdks\Microsoft.NET.Sdk\targets\Microsoft.PackageDependencyResolution.targets(86,5): message :       ;
       C:\Program Files\dotnet\sdk\10.0.101\Sdks\Microsoft.NET.Sdk\targets\Microsoft.PackageDependencyResolution.targets(86,5): message :       PrepareResourceNames;
       C:\Program Files\dotnet\sdk\10.0.101\Sdks\Microsoft.NET.Sdk\targets\Microsoft.PackageDependencyResolution.targets(86,5): message :       ResGen;
       C:\Program Files\dotnet\sdk\10.0.101\Sdks\Microsoft.NET.Sdk\targets\Microsoft.PackageDependencyResolution.targets(86,5): message :       CompileLicxFiles
       C:\Program Files\dotnet\sdk\10.0.101\Sdks\Microsoft.NET.Sdk\targets\Microsoft.PackageDependencyResolution.targets(86,5): message :     ") at C:\Program Files\dotnet\sdk\10.0.101\Sdks\Microsoft.NET.Sdk\targets\Microsoft.PackageDependencyResolution.targets (86,5)
       The "EnableDefaultCompileItems" property is a global property, and cannot be modified.
       The "EnableDefaultEmbeddedResourceItems" property is a global property, and cannot be modified.
       The "EnableDefaultNoneItems" property is a global property, and cannot be modified.
       C:\Program Files\dotnet\sdk\10.0.101\Sdks\Microsoft.NET.Sdk\targets\Microsoft.NET.Sdk.DefaultItems.targets(35,5): message : Property reassignment: $(DefaultItemExcludes)=";bin\Debug\/**;obj\Debug\/**;bin\/**" (previous value: ";bin\Debug\/**;obj\Debug\/**") at C:\Program Files\dotnet\sdk\10.0.101\Sdks\Microsoft.NET.Sdk\targets\Microsoft.NET.Sdk.DefaultItems.targets (35,5)
       C:\Program Files\dotnet\sdk\10.0.101\Sdks\Microsoft.NET.Sdk\targets\Microsoft.NET.Sdk.DefaultItems.targets(37,5): message : Property reassignment: $(DefaultItemExcludes)=";bin\Debug\/**;obj\Debug\/**;bin\/**;obj\/**" (previous value: ";bin\Debug\/**;obj\Debug\/**;bin\/**") at C:\Program Files\dotnet\sdk\10.0.101\Sdks\Microsoft.NET.Sdk\targets\Microsoft.NET.Sdk.DefaultItems.targets (37,5)
       C:\Program Files\dotnet\sdk\10.0.101\Sdks\Microsoft.NET.Sdk\targets\Microsoft.NET.Sdk.DefaultItems.targets(40,5): message : Property reassignment: $(DefaultItemExcludes)=";bin\Debug\/**;obj\Debug\/**;bin\/**;obj\/**;**/*.user" (previous value: ";bin\Debug\/**;obj\Debug\/**;bin\/**;obj\/**") at C:\Program Files\dotnet\sdk\10.0.101\Sdks\Microsoft.NET.Sdk\targets\Microsoft.NET.Sdk.DefaultItems.targets (40,5)
       C:\Program Files\dotnet\sdk\10.0.101\Sdks\Microsoft.NET.Sdk\targets\Microsoft.NET.Sdk.DefaultItems.targets(41,5): message : Property reassignment: $(DefaultItemExcludes)=";bin\Debug\/**;obj\Debug\/**;bin\/**;obj\/**;**/*.user;**/*.*proj" (previous value: ";bin\Debug\/**;obj\Debug\/**;bin\/**;obj\/**;**/*.user") at C:\Program Files\dotnet\sdk\10.0.101\Sdks\Microsoft.NET.Sdk\targets\Microsoft.NET.Sdk.DefaultItems.targets (41,5)
       C:\Program Files\dotnet\sdk\10.0.101\Sdks\Microsoft.NET.Sdk\targets\Microsoft.NET.Sdk.DefaultItems.targets(42,5): message : Property reassignment: $(DefaultItemExcludes)=";bin\Debug\/**;obj\Debug\/**;bin\/**;obj\/**;**/*.user;**/*.*proj;**/*.sln" (previous value: ";bin\Debug\/**;obj\Debug\/**;bin\/**;obj\/**;**/*.user;**/*.*proj") at C:\Program Files\dotnet\sdk\10.0.101\Sdks\Microsoft.NET.Sdk\targets\Microsoft.NET.Sdk.DefaultItems.targets (42,5)
       C:\Program Files\dotnet\sdk\10.0.101\Sdks\Microsoft.NET.Sdk\targets\Microsoft.NET.Sdk.DefaultItems.targets(43,5): message : Property reassignment: $(DefaultItemExcludes)=";bin\Debug\/**;obj\Debug\/**;bin\/**;obj\/**;**/*.user;**/*.*proj;**/*.sln;**/*.slnx" (previous value: ";bin\Debug\/**;obj\Debug\/**;bin\/**;obj\/**;**/*.user;**/*.*proj;**/*.sln") at C:\Program Files\dotnet\sdk\10.0.101\Sdks\Microsoft.NET.Sdk\targets\Microsoft.NET.Sdk.DefaultItems.targets (43,5)
       C:\Program Files\dotnet\sdk\10.0.101\Sdks\Microsoft.NET.Sdk\targets\Microsoft.NET.Sdk.DefaultItems.targets(44,5): message : Property reassignment: $(DefaultItemExcludes)=";bin\Debug\/**;obj\Debug\/**;bin\/**;obj\/**;**/*.user;**/*.*proj;**/*.sln;**/*.slnx;**/*.vssscc" (previous value: ";bin\Debug\/**;obj\Debug\/**;bin\/**;obj\/**;**/*.user;**/*.*proj;**/*.sln;**/*.slnx") at C:\Program Files\dotnet\sdk\10.0.101\Sdks\Microsoft.NET.Sdk\targets\Microsoft.NET.Sdk.DefaultItems.targets (44,5)
       C:\Program Files\dotnet\sdk\10.0.101\Sdks\Microsoft.NET.Sdk\targets\Microsoft.NET.Sdk.DefaultItems.targets(45,5): message : Property reassignment: $(DefaultItemExcludes)=";bin\Debug\/**;obj\Debug\/**;bin\/**;obj\/**;**/*.user;**/*.*proj;**/*.sln;**/*.slnx;**/*.vssscc;**/.DS_Store" (previous value: ";bin\Debug\/**;obj\Debug\/**;bin\/**;obj\/**;**/*.user;**/*.*proj;**/*.sln;**/*.slnx;**/*.vssscc") at C:\Program Files\dotnet\sdk\10.0.101\Sdks\Microsoft.NET.Sdk\targets\Microsoft.NET.Sdk.DefaultItems.targets (45,5)
       C:\Program Files\dotnet\sdk\10.0.101\Sdks\Microsoft.NET.Sdk\targets\Microsoft.NET.Sdk.FrameworkReferenceResolution.targets(14,5): message : Property reassignment: $(ResolveAssemblyReferencesDependsOn)="
       C:\Program Files\dotnet\sdk\10.0.101\Sdks\Microsoft.NET.Sdk\targets\Microsoft.NET.Sdk.FrameworkReferenceResolution.targets(14,5): message :       
       C:\Program Files\dotnet\sdk\10.0.101\Sdks\Microsoft.NET.Sdk\targets\Microsoft.NET.Sdk.FrameworkReferenceResolution.targets(14,5): message :       
       C:\Program Files\dotnet\sdk\10.0.101\Sdks\Microsoft.NET.Sdk\targets\Microsoft.NET.Sdk.FrameworkReferenceResolution.targets(14,5): message :       ResolveProjectReferences;
       C:\Program Files\dotnet\sdk\10.0.101\Sdks\Microsoft.NET.Sdk\targets\Microsoft.NET.Sdk.FrameworkReferenceResolution.targets(14,5): message :       FindInvalidProjectReferences;
       C:\Program Files\dotnet\sdk\10.0.101\Sdks\Microsoft.NET.Sdk\targets\Microsoft.NET.Sdk.FrameworkReferenceResolution.targets(14,5): message :       GetFrameworkPaths;
       C:\Program Files\dotnet\sdk\10.0.101\Sdks\Microsoft.NET.Sdk\targets\Microsoft.NET.Sdk.FrameworkReferenceResolution.targets(14,5): message :       GetReferenceAssemblyPaths;
       C:\Program Files\dotnet\sdk\10.0.101\Sdks\Microsoft.NET.Sdk\targets\Microsoft.NET.Sdk.FrameworkReferenceResolution.targets(14,5): message :       PrepareForBuild;
       C:\Program Files\dotnet\sdk\10.0.101\Sdks\Microsoft.NET.Sdk\targets\Microsoft.NET.Sdk.FrameworkReferenceResolution.targets(14,5): message :       ResolveSDKReferences;
       C:\Program Files\dotnet\sdk\10.0.101\Sdks\Microsoft.NET.Sdk\targets\Microsoft.NET.Sdk.FrameworkReferenceResolution.targets(14,5): message :       ExpandSDKReferences;
       C:\Program Files\dotnet\sdk\10.0.101\Sdks\Microsoft.NET.Sdk\targets\Microsoft.NET.Sdk.FrameworkReferenceResolution.targets(14,5): message :     ;
       C:\Program Files\dotnet\sdk\10.0.101\Sdks\Microsoft.NET.Sdk\targets\Microsoft.NET.Sdk.FrameworkReferenceResolution.targets(14,5): message :       ResolvePackageDependenciesForBuild;
       C:\Program Files\dotnet\sdk\10.0.101\Sdks\Microsoft.NET.Sdk\targets\Microsoft.NET.Sdk.FrameworkReferenceResolution.targets(14,5): message :       _HandlePackageFileConflicts;
       C:\Program Files\dotnet\sdk\10.0.101\Sdks\Microsoft.NET.Sdk\targets\Microsoft.NET.Sdk.FrameworkReferenceResolution.targets(14,5): message :     ;
       C:\Program Files\dotnet\sdk\10.0.101\Sdks\Microsoft.NET.Sdk\targets\Microsoft.NET.Sdk.FrameworkReferenceResolution.targets(14,5): message :       ResolveTargetingPackAssets;
       C:\Program Files\dotnet\sdk\10.0.101\Sdks\Microsoft.NET.Sdk\targets\Microsoft.NET.Sdk.FrameworkReferenceResolution.targets(14,5): message :     " (previous value: "
       C:\Program Files\dotnet\sdk\10.0.101\Sdks\Microsoft.NET.Sdk\targets\Microsoft.NET.Sdk.FrameworkReferenceResolution.targets(14,5): message :       
       C:\Program Files\dotnet\sdk\10.0.101\Sdks\Microsoft.NET.Sdk\targets\Microsoft.NET.Sdk.FrameworkReferenceResolution.targets(14,5): message :       ResolveProjectReferences;
       C:\Program Files\dotnet\sdk\10.0.101\Sdks\Microsoft.NET.Sdk\targets\Microsoft.NET.Sdk.FrameworkReferenceResolution.targets(14,5): message :       FindInvalidProjectReferences;
       C:\Program Files\dotnet\sdk\10.0.101\Sdks\Microsoft.NET.Sdk\targets\Microsoft.NET.Sdk.FrameworkReferenceResolution.targets(14,5): message :       GetFrameworkPaths;
       C:\Program Files\dotnet\sdk\10.0.101\Sdks\Microsoft.NET.Sdk\targets\Microsoft.NET.Sdk.FrameworkReferenceResolution.targets(14,5): message :       GetReferenceAssemblyPaths;
       C:\Program Files\dotnet\sdk\10.0.101\Sdks\Microsoft.NET.Sdk\targets\Microsoft.NET.Sdk.FrameworkReferenceResolution.targets(14,5): message :       PrepareForBuild;
       C:\Program Files\dotnet\sdk\10.0.101\Sdks\Microsoft.NET.Sdk\targets\Microsoft.NET.Sdk.FrameworkReferenceResolution.targets(14,5): message :       ResolveSDKReferences;
       C:\Program Files\dotnet\sdk\10.0.101\Sdks\Microsoft.NET.Sdk\targets\Microsoft.NET.Sdk.FrameworkReferenceResolution.targets(14,5): message :       ExpandSDKReferences;
       C:\Program Files\dotnet\sdk\10.0.101\Sdks\Microsoft.NET.Sdk\targets\Microsoft.NET.Sdk.FrameworkReferenceResolution.targets(14,5): message :     ;
       C:\Program Files\dotnet\sdk\10.0.101\Sdks\Microsoft.NET.Sdk\targets\Microsoft.NET.Sdk.FrameworkReferenceResolution.targets(14,5): message :       ResolvePackageDependenciesForBuild;
       C:\Program Files\dotnet\sdk\10.0.101\Sdks\Microsoft.NET.Sdk\targets\Microsoft.NET.Sdk.FrameworkReferenceResolution.targets(14,5): message :       _HandlePackageFileConflicts;
       C:\Program Files\dotnet\sdk\10.0.101\Sdks\Microsoft.NET.Sdk\targets\Microsoft.NET.Sdk.FrameworkReferenceResolution.targets(14,5): message :     ") at C:\Program Files\dotnet\sdk\10.0.101\Sdks\Microsoft.NET.Sdk\targets\Microsoft.NET.Sdk.FrameworkReferenceResolution.targets (14,5)
       C:\Program Files\dotnet\sdk\10.0.101\Sdks\Microsoft.NET.Sdk\Sdk\Sdk.props(49,11): message : Property 'MSBuildExtensionsPath' with value 'C:\Program Files\dotnet\sdk\10.0.101\' expanded from the environment.
       C:\Program Files\dotnet\sdk\10.0.101\Sdks\Microsoft.NET.Sdk\targets\Microsoft.NET.Sdk.targets(44,5): message : Property reassignment: $(_GenerateRuntimeConfigurationPropertyInputsCache)="C:\Users\giris\Documents\Code\Redesign-POS\Windows Based POS\Magidesk\Magidesk.Domain\obj\Debug\net8.0\Magidesk.Domain.genruntimeconfig.cache" (previous value: "obj\Debug\net8.0\Magidesk.Domain.genruntimeconfig.cache") at C:\Program Files\dotnet\sdk\10.0.101\Sdks\Microsoft.NET.Sdk\targets\Microsoft.NET.Sdk.targets (44,5)
       C:\Program Files\dotnet\sdk\10.0.101\Sdks\Microsoft.NET.Sdk\targets\Microsoft.NET.Sdk.targets(46,5): message : Property reassignment: $(_GeneratePublishDependencyFilePropertyInputsCache)="C:\Users\giris\Documents\Code\Redesign-POS\Windows Based POS\Magidesk\Magidesk.Domain\obj\Debug\net8.0\Magidesk.Domain.genpublishdeps.cache" (previous value: "obj\Debug\net8.0\Magidesk.Domain.genpublishdeps.cache") at C:\Program Files\dotnet\sdk\10.0.101\Sdks\Microsoft.NET.Sdk\targets\Microsoft.NET.Sdk.targets (46,5)
       C:\Program Files\dotnet\sdk\10.0.101\Sdks\Microsoft.NET.Sdk\targets\Microsoft.NET.Sdk.targets(48,5): message : Property reassignment: $(_GenerateSingleFileBundlePropertyInputsCache)="C:\Users\giris\Documents\Code\Redesign-POS\Windows Based POS\Magidesk\Magidesk.Domain\obj\Debug\net8.0\Magidesk.Domain.genbundle.cache" (previous value: "obj\Debug\net8.0\Magidesk.Domain.genbundle.cache") at C:\Program Files\dotnet\sdk\10.0.101\Sdks\Microsoft.NET.Sdk\targets\Microsoft.NET.Sdk.targets (48,5)
       C:\Program Files\dotnet\sdk\10.0.101\Sdks\Microsoft.NET.Sdk\targets\Microsoft.NET.Sdk.targets(81,5): message : Property reassignment: $(GenerateRuntimeConfigDevFile)="false" (previous value: "true") at C:\Program Files\dotnet\sdk\10.0.101\Sdks\Microsoft.NET.Sdk\targets\Microsoft.NET.Sdk.targets (81,5)
       C:\Program Files\dotnet\sdk\10.0.101\Sdks\Microsoft.NET.Sdk\targets\Microsoft.NET.Sdk.targets(98,5): message : Property 'USERPROFILE' with value 'C:\Users\giris' expanded from the environment.
       C:\Program Files\dotnet\sdk\10.0.101\Sdks\Microsoft.NET.Sdk\targets\Microsoft.NET.Sdk.targets(98,5): message : Property reassignment: $(_DefaultUserProfileRuntimeStorePath)="C:\Users\giris" (previous value: "") at C:\Program Files\dotnet\sdk\10.0.101\Sdks\Microsoft.NET.Sdk\targets\Microsoft.NET.Sdk.targets (98,5)
       C:\Program Files\dotnet\sdk\10.0.101\Sdks\Microsoft.NET.Sdk\targets\Microsoft.NET.Sdk.targets(99,5): message : Property reassignment: $(_DefaultUserProfileRuntimeStorePath)="C:\Users\giris\.dotnet\store" (previous value: "C:\Users\giris") at C:\Program Files\dotnet\sdk\10.0.101\Sdks\Microsoft.NET.Sdk\targets\Microsoft.NET.Sdk.targets (99,5)
       C:\Program Files\dotnet\sdk\10.0.101\Current\Microsoft.Common.props(60,5): message : Property reassignment: $(MSBuildProjectExtensionsPath)="C:\Users\giris\Documents\Code\Redesign-POS\Windows Based POS\Magidesk\Magidesk.Infrastructure\obj\" (previous value: "obj\") at C:\Program Files\dotnet\sdk\10.0.101\Current\Microsoft.Common.props (60,5)
       C:\Program Files\dotnet\sdk\10.0.101\Sdks\Microsoft.NET.Sdk\targets\Microsoft.NET.Sdk.targets(144,5): message : Property reassignment: $(AvailablePlatforms)="Any CPU,x86,x64,ARM32" (previous value: "Any CPU,x86,x64") at C:\Program Files\dotnet\sdk\10.0.101\Sdks\Microsoft.NET.Sdk\targets\Microsoft.NET.Sdk.targets (144,5)
       C:\Program Files\dotnet\sdk\10.0.101\Sdks\Microsoft.NET.Sdk\targets\Microsoft.NET.Sdk.targets(148,5): message : Property reassignment: $(AvailablePlatforms)="Any CPU,x86,x64,ARM32,ARM64" (previous value: "Any CPU,x86,x64,ARM32") at C:\Program Files\dotnet\sdk\10.0.101\Sdks\Microsoft.NET.Sdk\targets\Microsoft.NET.Sdk.targets (148,5)
       C:\Program Files\dotnet\sdk\10.0.101\Current\Microsoft.Common.props(84,119): message : Property 'MSBuildUserExtensionsPath' with value 'C:\Users\giris\AppData\Local\Microsoft\MSBuild' expanded from the environment.
       C:\Program Files\dotnet\sdk\10.0.101\Sdks\Microsoft.NET.Sdk\targets\Microsoft.NET.Sdk.targets(204,5): message : Property reassignment: $(CoreBuildDependsOn)="
       C:\Program Files\dotnet\sdk\10.0.101\Sdks\Microsoft.NET.Sdk\targets\Microsoft.NET.Sdk.targets(204,5): message :       _CheckForBuildWithNoBuild;
       C:\Program Files\dotnet\sdk\10.0.101\Sdks\Microsoft.NET.Sdk\targets\Microsoft.NET.Sdk.targets(204,5): message :       
       C:\Program Files\dotnet\sdk\10.0.101\Sdks\Microsoft.NET.Sdk\targets\Microsoft.NET.Sdk.targets(204,5): message :       BuildOnlySettings;
       C:\Program Files\dotnet\sdk\10.0.101\Sdks\Microsoft.NET.Sdk\targets\Microsoft.NET.Sdk.targets(204,5): message :       PrepareForBuild;
       C:\Program Files\dotnet\sdk\10.0.101\Sdks\Microsoft.NET.Sdk\targets\Microsoft.NET.Sdk.targets(204,5): message :       PreBuildEvent;
       C:\Program Files\dotnet\sdk\10.0.101\Sdks\Microsoft.NET.Sdk\targets\Microsoft.NET.Sdk.targets(204,5): message :       ResolveReferences;
       C:\Program Files\dotnet\sdk\10.0.101\Sdks\Microsoft.NET.Sdk\targets\Microsoft.NET.Sdk.targets(204,5): message :       PrepareResources;
       C:\Program Files\dotnet\sdk\10.0.101\Sdks\Microsoft.NET.Sdk\targets\Microsoft.NET.Sdk.targets(204,5): message :       ResolveKeySource;
       C:\Program Files\dotnet\sdk\10.0.101\Sdks\Microsoft.NET.Sdk\targets\Microsoft.NET.Sdk.targets(204,5): message :       Compile;
       C:\Program Files\dotnet\sdk\10.0.101\Sdks\Microsoft.NET.Sdk\targets\Microsoft.NET.Sdk.targets(204,5): message :       ExportWindowsMDFile;
       C:\Program Files\dotnet\sdk\10.0.101\Sdks\Microsoft.NET.Sdk\targets\Microsoft.NET.Sdk.targets(204,5): message :       UnmanagedUnregistration;
       C:\Program Files\dotnet\sdk\10.0.101\Sdks\Microsoft.NET.Sdk\targets\Microsoft.NET.Sdk.targets(204,5): message :       GenerateSerializationAssemblies;
       C:\Program Files\dotnet\sdk\10.0.101\Sdks\Microsoft.NET.Sdk\targets\Microsoft.NET.Sdk.targets(204,5): message :       CreateSatelliteAssemblies;
       C:\Program Files\dotnet\sdk\10.0.101\Sdks\Microsoft.NET.Sdk\targets\Microsoft.NET.Sdk.targets(204,5): message :       GenerateManifests;
       C:\Program Files\dotnet\sdk\10.0.101\Sdks\Microsoft.NET.Sdk\targets\Microsoft.NET.Sdk.targets(204,5): message :       GetTargetPath;
       C:\Program Files\dotnet\sdk\10.0.101\Sdks\Microsoft.NET.Sdk\targets\Microsoft.NET.Sdk.targets(204,5): message :       PrepareForRun;
       C:\Program Files\dotnet\sdk\10.0.101\Sdks\Microsoft.NET.Sdk\targets\Microsoft.NET.Sdk.targets(204,5): message :       UnmanagedRegistration;
       C:\Program Files\dotnet\sdk\10.0.101\Sdks\Microsoft.NET.Sdk\targets\Microsoft.NET.Sdk.targets(204,5): message :       IncrementalClean;
       C:\Program Files\dotnet\sdk\10.0.101\Sdks\Microsoft.NET.Sdk\targets\Microsoft.NET.Sdk.targets(204,5): message :       PostBuildEvent
       C:\Program Files\dotnet\sdk\10.0.101\Sdks\Microsoft.NET.Sdk\targets\Microsoft.NET.Sdk.targets(204,5): message :     ;
       C:\Program Files\dotnet\sdk\10.0.101\Sdks\Microsoft.NET.Sdk\targets\Microsoft.NET.Sdk.targets(204,5): message :       GenerateBuildDependencyFile;
       C:\Program Files\dotnet\sdk\10.0.101\Sdks\Microsoft.NET.Sdk\targets\Microsoft.NET.Sdk.targets(204,5): message :       GenerateBuildRuntimeConfigurationFiles
       C:\Program Files\dotnet\sdk\10.0.101\Sdks\Microsoft.NET.Sdk\targets\Microsoft.NET.Sdk.targets(204,5): message :     " (previous value: "
       C:\Program Files\dotnet\sdk\10.0.101\Sdks\Microsoft.NET.Sdk\targets\Microsoft.NET.Sdk.targets(204,5): message :       BuildOnlySettings;
       C:\Program Files\dotnet\sdk\10.0.101\Sdks\Microsoft.NET.Sdk\targets\Microsoft.NET.Sdk.targets(204,5): message :       PrepareForBuild;
       C:\Program Files\dotnet\sdk\10.0.101\Sdks\Microsoft.NET.Sdk\targets\Microsoft.NET.Sdk.targets(204,5): message :       PreBuildEvent;
       C:\Program Files\dotnet\sdk\10.0.101\Sdks\Microsoft.NET.Sdk\targets\Microsoft.NET.Sdk.targets(204,5): message :       ResolveReferences;
       C:\Program Files\dotnet\sdk\10.0.101\Sdks\Microsoft.NET.Sdk\targets\Microsoft.NET.Sdk.targets(204,5): message :       PrepareResources;
       C:\Program Files\dotnet\sdk\10.0.101\Sdks\Microsoft.NET.Sdk\targets\Microsoft.NET.Sdk.targets(204,5): message :       ResolveKeySource;
       C:\Program Files\dotnet\sdk\10.0.101\Sdks\Microsoft.NET.Sdk\targets\Microsoft.NET.Sdk.targets(204,5): message :       Compile;
       C:\Program Files\dotnet\sdk\10.0.101\Sdks\Microsoft.NET.Sdk\targets\Microsoft.NET.Sdk.targets(204,5): message :       ExportWindowsMDFile;
       C:\Program Files\dotnet\sdk\10.0.101\Sdks\Microsoft.NET.Sdk\targets\Microsoft.NET.Sdk.targets(204,5): message :       UnmanagedUnregistration;
       C:\Program Files\dotnet\sdk\10.0.101\Sdks\Microsoft.NET.Sdk\targets\Microsoft.NET.Sdk.targets(204,5): message :       GenerateSerializationAssemblies;
       C:\Program Files\dotnet\sdk\10.0.101\Sdks\Microsoft.NET.Sdk\targets\Microsoft.NET.Sdk.targets(204,5): message :       CreateSatelliteAssemblies;
       C:\Program Files\dotnet\sdk\10.0.101\Sdks\Microsoft.NET.Sdk\targets\Microsoft.NET.Sdk.targets(204,5): message :       GenerateManifests;
       C:\Program Files\dotnet\sdk\10.0.101\Sdks\Microsoft.NET.Sdk\targets\Microsoft.NET.Sdk.targets(204,5): message :       GetTargetPath;
       C:\Program Files\dotnet\sdk\10.0.101\Sdks\Microsoft.NET.Sdk\targets\Microsoft.NET.Sdk.targets(204,5): message :       PrepareForRun;
       C:\Program Files\dotnet\sdk\10.0.101\Sdks\Microsoft.NET.Sdk\targets\Microsoft.NET.Sdk.targets(204,5): message :       UnmanagedRegistration;
       C:\Program Files\dotnet\sdk\10.0.101\Sdks\Microsoft.NET.Sdk\targets\Microsoft.NET.Sdk.targets(204,5): message :       IncrementalClean;
       C:\Program Files\dotnet\sdk\10.0.101\Sdks\Microsoft.NET.Sdk\targets\Microsoft.NET.Sdk.targets(204,5): message :       PostBuildEvent
       C:\Program Files\dotnet\sdk\10.0.101\Sdks\Microsoft.NET.Sdk\targets\Microsoft.NET.Sdk.targets(204,5): message :     ") at C:\Program Files\dotnet\sdk\10.0.101\Sdks\Microsoft.NET.Sdk\targets\Microsoft.NET.Sdk.targets (204,5)
       C:\Program Files\dotnet\sdk\10.0.101\Sdks\Microsoft.NET.Sdk\targets\Microsoft.NET.Sdk.targets(213,5): message : Property reassignment: $(CoreCleanDependsOn)="
       C:\Program Files\dotnet\sdk\10.0.101\Sdks\Microsoft.NET.Sdk\targets\Microsoft.NET.Sdk.targets(213,5): message :       _SdkBeforeClean;
       C:\Program Files\dotnet\sdk\10.0.101\Sdks\Microsoft.NET.Sdk\targets\Microsoft.NET.Sdk.targets(213,5): message :       
       C:\Program Files\dotnet\sdk\10.0.101\Sdks\Microsoft.NET.Sdk\targets\Microsoft.NET.Sdk.targets(213,5): message :     " (previous value: "") at C:\Program Files\dotnet\sdk\10.0.101\Sdks\Microsoft.NET.Sdk\targets\Microsoft.NET.Sdk.targets (213,5)
       C:\Program Files\dotnet\sdk\10.0.101\Sdks\Microsoft.NET.Sdk\targets\Microsoft.NET.Sdk.targets(220,5): message : Property reassignment: $(RebuildDependsOn)="
       C:\Program Files\dotnet\sdk\10.0.101\Sdks\Microsoft.NET.Sdk\targets\Microsoft.NET.Sdk.targets(220,5): message :       _SdkBeforeRebuild;
       C:\Program Files\dotnet\sdk\10.0.101\Sdks\Microsoft.NET.Sdk\targets\Microsoft.NET.Sdk.targets(220,5): message :       
       C:\Program Files\dotnet\sdk\10.0.101\Sdks\Microsoft.NET.Sdk\targets\Microsoft.NET.Sdk.targets(220,5): message :       BeforeRebuild;
       C:\Program Files\dotnet\sdk\10.0.101\Sdks\Microsoft.NET.Sdk\targets\Microsoft.NET.Sdk.targets(220,5): message :       Clean;
       C:\Program Files\dotnet\sdk\10.0.101\Sdks\Microsoft.NET.Sdk\targets\Microsoft.NET.Sdk.targets(220,5): message :       Build;
       C:\Program Files\dotnet\sdk\10.0.101\Sdks\Microsoft.NET.Sdk\targets\Microsoft.NET.Sdk.targets(220,5): message :       AfterRebuild;
       C:\Program Files\dotnet\sdk\10.0.101\Sdks\Microsoft.NET.Sdk\targets\Microsoft.NET.Sdk.targets(220,5): message :     
       C:\Program Files\dotnet\sdk\10.0.101\Sdks\Microsoft.NET.Sdk\targets\Microsoft.NET.Sdk.targets(220,5): message :     " (previous value: "
       C:\Program Files\dotnet\sdk\10.0.101\Sdks\Microsoft.NET.Sdk\targets\Microsoft.NET.Sdk.targets(220,5): message :       BeforeRebuild;
       C:\Program Files\dotnet\sdk\10.0.101\Sdks\Microsoft.NET.Sdk\targets\Microsoft.NET.Sdk.targets(220,5): message :       Clean;
       C:\Program Files\dotnet\sdk\10.0.101\Sdks\Microsoft.NET.Sdk\targets\Microsoft.NET.Sdk.targets(220,5): message :       Build;
       C:\Program Files\dotnet\sdk\10.0.101\Sdks\Microsoft.NET.Sdk\targets\Microsoft.NET.Sdk.targets(220,5): message :       AfterRebuild;
       C:\Program Files\dotnet\sdk\10.0.101\Sdks\Microsoft.NET.Sdk\targets\Microsoft.NET.Sdk.targets(220,5): message :     ") at C:\Program Files\dotnet\sdk\10.0.101\Sdks\Microsoft.NET.Sdk\targets\Microsoft.NET.Sdk.targets (220,5)
       C:\Program Files\dotnet\sdk\10.0.101\Sdks\Microsoft.NET.Sdk\targets\Microsoft.NET.Sdk.targets(799,5): message : Property reassignment: $(CompileDependsOn)="
       C:\Program Files\dotnet\sdk\10.0.101\Sdks\Microsoft.NET.Sdk\targets\Microsoft.NET.Sdk.targets(799,5): message :       
       C:\Program Files\dotnet\sdk\10.0.101\Sdks\Microsoft.NET.Sdk\targets\Microsoft.NET.Sdk.targets(799,5): message :       ResolveReferences;
       C:\Program Files\dotnet\sdk\10.0.101\Sdks\Microsoft.NET.Sdk\targets\Microsoft.NET.Sdk.targets(799,5): message :       ResolveKeySource;
       C:\Program Files\dotnet\sdk\10.0.101\Sdks\Microsoft.NET.Sdk\targets\Microsoft.NET.Sdk.targets(799,5): message :       SetWin32ManifestProperties;
       C:\Program Files\dotnet\sdk\10.0.101\Sdks\Microsoft.NET.Sdk\targets\Microsoft.NET.Sdk.targets(799,5): message :       _SetPreferNativeArm64Win32ManifestProperties;
       C:\Program Files\dotnet\sdk\10.0.101\Sdks\Microsoft.NET.Sdk\targets\Microsoft.NET.Sdk.targets(799,5): message :       FindReferenceAssembliesForReferences;
       C:\Program Files\dotnet\sdk\10.0.101\Sdks\Microsoft.NET.Sdk\targets\Microsoft.NET.Sdk.targets(799,5): message :       _GenerateCompileInputs;
       C:\Program Files\dotnet\sdk\10.0.101\Sdks\Microsoft.NET.Sdk\targets\Microsoft.NET.Sdk.targets(799,5): message :       BeforeCompile;
       C:\Program Files\dotnet\sdk\10.0.101\Sdks\Microsoft.NET.Sdk\targets\Microsoft.NET.Sdk.targets(799,5): message :       _TimeStampBeforeCompile;
       C:\Program Files\dotnet\sdk\10.0.101\Sdks\Microsoft.NET.Sdk\targets\Microsoft.NET.Sdk.targets(799,5): message :       _GenerateCompileDependencyCache;
       C:\Program Files\dotnet\sdk\10.0.101\Sdks\Microsoft.NET.Sdk\targets\Microsoft.NET.Sdk.targets(799,5): message :       CoreCompile;
       C:\Program Files\dotnet\sdk\10.0.101\Sdks\Microsoft.NET.Sdk\targets\Microsoft.NET.Sdk.targets(799,5): message :       _TimeStampAfterCompile;
       C:\Program Files\dotnet\sdk\10.0.101\Sdks\Microsoft.NET.Sdk\targets\Microsoft.NET.Sdk.targets(799,5): message :       AfterCompile;
       C:\Program Files\dotnet\sdk\10.0.101\Sdks\Microsoft.NET.Sdk\targets\Microsoft.NET.Sdk.targets(799,5): message :     ;
       C:\Program Files\dotnet\sdk\10.0.101\Sdks\Microsoft.NET.Sdk\targets\Microsoft.NET.Sdk.targets(799,5): message :       _CreateAppHost;
       C:\Program Files\dotnet\sdk\10.0.101\Sdks\Microsoft.NET.Sdk\targets\Microsoft.NET.Sdk.targets(799,5): message :       _CreateComHost;
       C:\Program Files\dotnet\sdk\10.0.101\Sdks\Microsoft.NET.Sdk\targets\Microsoft.NET.Sdk.targets(799,5): message :       _GetIjwHostPaths;
       C:\Program Files\dotnet\sdk\10.0.101\Sdks\Microsoft.NET.Sdk\targets\Microsoft.NET.Sdk.targets(799,5): message :     " (previous value: "
       C:\Program Files\dotnet\sdk\10.0.101\Sdks\Microsoft.NET.Sdk\targets\Microsoft.NET.Sdk.targets(799,5): message :       ResolveReferences;
       C:\Program Files\dotnet\sdk\10.0.101\Sdks\Microsoft.NET.Sdk\targets\Microsoft.NET.Sdk.targets(799,5): message :       ResolveKeySource;
       C:\Program Files\dotnet\sdk\10.0.101\Sdks\Microsoft.NET.Sdk\targets\Microsoft.NET.Sdk.targets(799,5): message :       SetWin32ManifestProperties;
       C:\Program Files\dotnet\sdk\10.0.101\Sdks\Microsoft.NET.Sdk\targets\Microsoft.NET.Sdk.targets(799,5): message :       _SetPreferNativeArm64Win32ManifestProperties;
       C:\Program Files\dotnet\sdk\10.0.101\Sdks\Microsoft.NET.Sdk\targets\Microsoft.NET.Sdk.targets(799,5): message :       FindReferenceAssembliesForReferences;
       C:\Program Files\dotnet\sdk\10.0.101\Sdks\Microsoft.NET.Sdk\targets\Microsoft.NET.Sdk.targets(799,5): message :       _GenerateCompileInputs;
       C:\Program Files\dotnet\sdk\10.0.101\Sdks\Microsoft.NET.Sdk\targets\Microsoft.NET.Sdk.targets(799,5): message :       BeforeCompile;
       C:\Program Files\dotnet\sdk\10.0.101\Sdks\Microsoft.NET.Sdk\targets\Microsoft.NET.Sdk.targets(799,5): message :       _TimeStampBeforeCompile;
       C:\Program Files\dotnet\sdk\10.0.101\Sdks\Microsoft.NET.Sdk\targets\Microsoft.NET.Sdk.targets(799,5): message :       _GenerateCompileDependencyCache;
       C:\Program Files\dotnet\sdk\10.0.101\Sdks\Microsoft.NET.Sdk\targets\Microsoft.NET.Sdk.targets(799,5): message :       CoreCompile;
       C:\Program Files\dotnet\sdk\10.0.101\Sdks\Microsoft.NET.Sdk\targets\Microsoft.NET.Sdk.targets(799,5): message :       _TimeStampAfterCompile;
       C:\Program Files\dotnet\sdk\10.0.101\Sdks\Microsoft.NET.Sdk\targets\Microsoft.NET.Sdk.targets(799,5): message :       AfterCompile;
       C:\Program Files\dotnet\sdk\10.0.101\Sdks\Microsoft.NET.Sdk\targets\Microsoft.NET.Sdk.targets(799,5): message :     ") at C:\Program Files\dotnet\sdk\10.0.101\Sdks\Microsoft.NET.Sdk\targets\Microsoft.NET.Sdk.targets (799,5)
       C:\Program Files\dotnet\sdk\10.0.101\Sdks\Microsoft.NET.Sdk\targets\Microsoft.NET.Sdk.targets(1131,5): message : Property reassignment: $(CreateSatelliteAssembliesDependsOn)="
       C:\Program Files\dotnet\sdk\10.0.101\Sdks\Microsoft.NET.Sdk\targets\Microsoft.NET.Sdk.targets(1131,5): message :       
       C:\Program Files\dotnet\sdk\10.0.101\Sdks\Microsoft.NET.Sdk\targets\Microsoft.NET.Sdk.targets(1131,5): message :       ;
       C:\Program Files\dotnet\sdk\10.0.101\Sdks\Microsoft.NET.Sdk\targets\Microsoft.NET.Sdk.targets(1131,5): message :       _GenerateSatelliteAssemblyInputs;
       C:\Program Files\dotnet\sdk\10.0.101\Sdks\Microsoft.NET.Sdk\targets\Microsoft.NET.Sdk.targets(1131,5): message :       ComputeIntermediateSatelliteAssemblies;
       C:\Program Files\dotnet\sdk\10.0.101\Sdks\Microsoft.NET.Sdk\targets\Microsoft.NET.Sdk.targets(1131,5): message :       GenerateSatelliteAssemblies
       C:\Program Files\dotnet\sdk\10.0.101\Sdks\Microsoft.NET.Sdk\targets\Microsoft.NET.Sdk.targets(1131,5): message :     ;
       C:\Program Files\dotnet\sdk\10.0.101\Sdks\Microsoft.NET.Sdk\targets\Microsoft.NET.Sdk.targets(1131,5): message :       CoreGenerateSatelliteAssemblies
       C:\Program Files\dotnet\sdk\10.0.101\Sdks\Microsoft.NET.Sdk\targets\Microsoft.NET.Sdk.targets(1131,5): message :     " (previous value: "
       C:\Program Files\dotnet\sdk\10.0.101\Sdks\Microsoft.NET.Sdk\targets\Microsoft.NET.Sdk.targets(1131,5): message :       ;
       C:\Program Files\dotnet\sdk\10.0.101\Sdks\Microsoft.NET.Sdk\targets\Microsoft.NET.Sdk.targets(1131,5): message :       _GenerateSatelliteAssemblyInputs;
       C:\Program Files\dotnet\sdk\10.0.101\Sdks\Microsoft.NET.Sdk\targets\Microsoft.NET.Sdk.targets(1131,5): message :       ComputeIntermediateSatelliteAssemblies;
       C:\Program Files\dotnet\sdk\10.0.101\Sdks\Microsoft.NET.Sdk\targets\Microsoft.NET.Sdk.targets(1131,5): message :       GenerateSatelliteAssemblies
       C:\Program Files\dotnet\sdk\10.0.101\Sdks\Microsoft.NET.Sdk\targets\Microsoft.NET.Sdk.targets(1131,5): message :     ") at C:\Program Files\dotnet\sdk\10.0.101\Sdks\Microsoft.NET.Sdk\targets\Microsoft.NET.Sdk.targets (1131,5)
       C:\Program Files\dotnet\sdk\10.0.101\Sdks\Microsoft.SourceLink.GitLab\build\Microsoft.SourceLink.GitLab.targets(12,5): message : Property reassignment: $(SourceLinkUrlInitializerTargets)=";_InitializeGitHubSourceLinkUrl;_InitializeGitLabSourceLinkUrl" (previous value: ";_InitializeGitHubSourceLinkUrl") at C:\Program Files\dotnet\sdk\10.0.101\Sdks\Microsoft.SourceLink.GitLab\build\Microsoft.SourceLink.GitLab.targets (12,5)
       C:\Program Files\dotnet\sdk\10.0.101\Sdks\Microsoft.SourceLink.GitLab\build\Microsoft.SourceLink.GitLab.targets(13,5): message : Property reassignment: $(SourceControlManagerUrlTranslationTargets)=";TranslateGitHubUrlsInSourceControlInformation;TranslateGitLabUrlsInSourceControlInformation" (previous value: ";TranslateGitHubUrlsInSourceControlInformation") at C:\Program Files\dotnet\sdk\10.0.101\Sdks\Microsoft.SourceLink.GitLab\build\Microsoft.SourceLink.GitLab.targets (13,5)
       C:\Program Files\dotnet\sdk\10.0.101\Sdks\Microsoft.SourceLink.AzureRepos.Git\build\Microsoft.SourceLink.AzureRepos.Git.targets(12,5): message : Property reassignment: $(SourceLinkUrlInitializerTargets)=";_InitializeGitHubSourceLinkUrl;_InitializeGitLabSourceLinkUrl;_InitializeAzureReposGitSourceLinkUrl" (previous value: ";_InitializeGitHubSourceLinkUrl;_InitializeGitLabSourceLinkUrl") at C:\Program Files\dotnet\sdk\10.0.101\Sdks\Microsoft.SourceLink.AzureRepos.Git\build\Microsoft.SourceLink.AzureRepos.Git.targets (12,5)
       C:\Program Files\dotnet\sdk\10.0.101\Sdks\Microsoft.SourceLink.AzureRepos.Git\build\Microsoft.SourceLink.AzureRepos.Git.targets(13,5): message : Property reassignment: $(SourceControlManagerUrlTranslationTargets)=";TranslateGitHubUrlsInSourceControlInformation;TranslateGitLabUrlsInSourceControlInformation;TranslateAzureReposGitUrlsInSourceControlInformation" (previous value: ";TranslateGitHubUrlsInSourceControlInformation;TranslateGitLabUrlsInSourceControlInformation") at C:\Program Files\dotnet\sdk\10.0.101\Sdks\Microsoft.SourceLink.AzureRepos.Git\build\Microsoft.SourceLink.AzureRepos.Git.targets (13,5)
       C:\Program Files\dotnet\sdk\10.0.101\Sdks\Microsoft.SourceLink.Bitbucket.Git\build\Microsoft.SourceLink.Bitbucket.Git.targets(12,5): message : Property reassignment: $(SourceLinkUrlInitializerTargets)=";_InitializeGitHubSourceLinkUrl;_InitializeGitLabSourceLinkUrl;_InitializeAzureReposGitSourceLinkUrl;_InitializeBitbucketGitSourceLinkUrl" (previous value: ";_InitializeGitHubSourceLinkUrl;_InitializeGitLabSourceLinkUrl;_InitializeAzureReposGitSourceLinkUrl") at C:\Program Files\dotnet\sdk\10.0.101\Sdks\Microsoft.SourceLink.Bitbucket.Git\build\Microsoft.SourceLink.Bitbucket.Git.targets (12,5)
       C:\Program Files\dotnet\sdk\10.0.101\Sdks\Microsoft.SourceLink.Bitbucket.Git\build\Microsoft.SourceLink.Bitbucket.Git.targets(13,5): message : Property reassignment: $(SourceControlManagerUrlTranslationTargets)=";TranslateGitHubUrlsInSourceControlInformation;TranslateGitLabUrlsInSourceControlInformation;TranslateAzureReposGitUrlsInSourceControlInformation;TranslateBitbucketGitUrlsInSourceControlInformation" (previous value: ";TranslateGitHubUrlsInSourceControlInformation;TranslateGitLabUrlsInSourceControlInformation;TranslateAzureReposGitUrlsInSourceControlInformation") at C:\Program Files\dotnet\sdk\10.0.101\Sdks\Microsoft.SourceLink.Bitbucket.Git\build\Microsoft.SourceLink.Bitbucket.Git.targets (13,5)
       C:\Program Files\dotnet\sdk\10.0.101\Sdks\Microsoft.NET.Sdk\targets\Microsoft.NET.DesignerSupport.targets(21,5): message : Property reassignment: $(DesignerRuntimeImplementationProjectOutputGroupDependsOn)="
       C:\Program Files\dotnet\sdk\10.0.101\Sdks\Microsoft.NET.Sdk\targets\Microsoft.NET.DesignerSupport.targets(21,5): message :       
       C:\Program Files\dotnet\sdk\10.0.101\Sdks\Microsoft.NET.Sdk\targets\Microsoft.NET.DesignerSupport.targets(21,5): message :       ;
       C:\Program Files\dotnet\sdk\10.0.101\Sdks\Microsoft.NET.Sdk\targets\Microsoft.NET.DesignerSupport.targets(21,5): message :       
       C:\Program Files\dotnet\sdk\10.0.101\Sdks\Microsoft.NET.Sdk\targets\Microsoft.NET.DesignerSupport.targets(21,5): message :       ;
       C:\Program Files\dotnet\sdk\10.0.101\Sdks\Microsoft.NET.Sdk\targets\Microsoft.NET.DesignerSupport.targets(21,5): message :       BuildOnlySettings;
       C:\Program Files\dotnet\sdk\10.0.101\Sdks\Microsoft.NET.Sdk\targets\Microsoft.NET.DesignerSupport.targets(21,5): message :       PrepareForBuild;
       C:\Program Files\dotnet\sdk\10.0.101\Sdks\Microsoft.NET.Sdk\targets\Microsoft.NET.DesignerSupport.targets(21,5): message :       AssignTargetPaths;
       C:\Program Files\dotnet\sdk\10.0.101\Sdks\Microsoft.NET.Sdk\targets\Microsoft.NET.DesignerSupport.targets(21,5): message :       ResolveReferences
       C:\Program Files\dotnet\sdk\10.0.101\Sdks\Microsoft.NET.Sdk\targets\Microsoft.NET.DesignerSupport.targets(21,5): message :     
       C:\Program Files\dotnet\sdk\10.0.101\Sdks\Microsoft.NET.Sdk\targets\Microsoft.NET.DesignerSupport.targets(21,5): message :     ;
       C:\Program Files\dotnet\sdk\10.0.101\Sdks\Microsoft.NET.Sdk\targets\Microsoft.NET.DesignerSupport.targets(21,5): message :       _GenerateDesignerDepsFile;
       C:\Program Files\dotnet\sdk\10.0.101\Sdks\Microsoft.NET.Sdk\targets\Microsoft.NET.DesignerSupport.targets(21,5): message :       _GenerateDesignerRuntimeConfigFile;
       C:\Program Files\dotnet\sdk\10.0.101\Sdks\Microsoft.NET.Sdk\targets\Microsoft.NET.DesignerSupport.targets(21,5): message :       GetCopyToOutputDirectoryItems;
       C:\Program Files\dotnet\sdk\10.0.101\Sdks\Microsoft.NET.Sdk\targets\Microsoft.NET.DesignerSupport.targets(21,5): message :       _GatherDesignerShadowCopyFiles;
       C:\Program Files\dotnet\sdk\10.0.101\Sdks\Microsoft.NET.Sdk\targets\Microsoft.NET.DesignerSupport.targets(21,5): message :     " (previous value: "
       C:\Program Files\dotnet\sdk\10.0.101\Sdks\Microsoft.NET.Sdk\targets\Microsoft.NET.DesignerSupport.targets(21,5): message :       ;
       C:\Program Files\dotnet\sdk\10.0.101\Sdks\Microsoft.NET.Sdk\targets\Microsoft.NET.DesignerSupport.targets(21,5): message :       
       C:\Program Files\dotnet\sdk\10.0.101\Sdks\Microsoft.NET.Sdk\targets\Microsoft.NET.DesignerSupport.targets(21,5): message :       ;
       C:\Program Files\dotnet\sdk\10.0.101\Sdks\Microsoft.NET.Sdk\targets\Microsoft.NET.DesignerSupport.targets(21,5): message :       BuildOnlySettings;
       C:\Program Files\dotnet\sdk\10.0.101\Sdks\Microsoft.NET.Sdk\targets\Microsoft.NET.DesignerSupport.targets(21,5): message :       PrepareForBuild;
       C:\Program Files\dotnet\sdk\10.0.101\Sdks\Microsoft.NET.Sdk\targets\Microsoft.NET.DesignerSupport.targets(21,5): message :       AssignTargetPaths;
       C:\Program Files\dotnet\sdk\10.0.101\Sdks\Microsoft.NET.Sdk\targets\Microsoft.NET.DesignerSupport.targets(21,5): message :       ResolveReferences
       C:\Program Files\dotnet\sdk\10.0.101\Sdks\Microsoft.NET.Sdk\targets\Microsoft.NET.DesignerSupport.targets(21,5): message :     
       C:\Program Files\dotnet\sdk\10.0.101\Sdks\Microsoft.NET.Sdk\targets\Microsoft.NET.DesignerSupport.targets(21,5): message :     ") at C:\Program Files\dotnet\sdk\10.0.101\Sdks\Microsoft.NET.Sdk\targets\Microsoft.NET.DesignerSupport.targets (21,5)
       C:\Program Files\dotnet\sdk\10.0.101\Sdks\Microsoft.NET.Sdk\targets\Microsoft.NET.Sdk.props(90,5): message : Property reassignment: $(AssemblySearchPaths)="{CandidateAssemblyFiles};{HintPathFromItem}" (previous value: "{CandidateAssemblyFiles}") at C:\Program Files\dotnet\sdk\10.0.101\Sdks\Microsoft.NET.Sdk\targets\Microsoft.NET.Sdk.props (90,5)
       C:\Program Files\dotnet\sdk\10.0.101\Sdks\Microsoft.NET.Sdk\targets\Microsoft.NET.Sdk.props(91,5): message : Property reassignment: $(AssemblySearchPaths)="{CandidateAssemblyFiles};{HintPathFromItem};{TargetFrameworkDirectory}" (previous value: "{CandidateAssemblyFiles};{HintPathFromItem}") at C:\Program Files\dotnet\sdk\10.0.101\Sdks\Microsoft.NET.Sdk\targets\Microsoft.NET.Sdk.props (91,5)
       C:\Program Files\dotnet\sdk\10.0.101\Sdks\Microsoft.NET.Sdk\targets\Microsoft.NET.Sdk.props(92,5): message : Property reassignment: $(AssemblySearchPaths)="{CandidateAssemblyFiles};{HintPathFromItem};{TargetFrameworkDirectory};{RawFileName}" (previous value: "{CandidateAssemblyFiles};{HintPathFromItem};{TargetFrameworkDirectory}") at C:\Program Files\dotnet\sdk\10.0.101\Sdks\Microsoft.NET.Sdk\targets\Microsoft.NET.Sdk.props (92,5)
       C:\Program Files\dotnet\sdk\10.0.101\Sdks\Microsoft.NET.Sdk\targets\Microsoft.NET.Sdk.CSharp.targets(31,5): message : Property reassignment: $(DefineConstants)="TRACE;DEBUG" (previous value: "TRACE") at C:\Program Files\dotnet\sdk\10.0.101\Sdks\Microsoft.NET.Sdk\targets\Microsoft.NET.Sdk.CSharp.targets (31,5)
       C:\Program Files\dotnet\sdk\10.0.101\Sdks\Microsoft.NET.Sdk\targets\Microsoft.NET.Sdk.CSharp.targets(45,5): message : Property reassignment: $(WarningsAsErrors)=";NU1605;SYSLIB0011" (previous value: ";NU1605") at C:\Program Files\dotnet\sdk\10.0.101\Sdks\Microsoft.NET.Sdk\targets\Microsoft.NET.Sdk.CSharp.targets (45,5)
       C:\Program Files\dotnet\sdk\10.0.101\NuGet.Build.Tasks.Pack.targets(34,5): message : Property reassignment: $(PackageDescription)="Package Description" (previous value: "") at C:\Program Files\dotnet\sdk\10.0.101\NuGet.Build.Tasks.Pack.targets (34,5)
       C:\Program Files\dotnet\sdk\10.0.101\NuGet.Build.Tasks.Pack.targets(59,5): message : Property reassignment: $(GenerateNuspecDependsOn)="Build;_LoadPackInputItems; _GetTargetFrameworksOutput; _WalkEachTargetPerFramework; _GetPackageFiles; " (previous value: "_LoadPackInputItems; _GetTargetFrameworksOutput; _WalkEachTargetPerFramework; _GetPackageFiles; ") at C:\Program Files\dotnet\sdk\10.0.101\NuGet.Build.Tasks.Pack.targets (59,5)
       C:\Program Files\dotnet\sdk\10.0.101\Sdks\Microsoft.NET.Sdk\Sdk\Sdk.targets(59,5): message : Property reassignment: $(_IsNotSetContainersTargetsDir)="true" (previous value: "false") at C:\Program Files\dotnet\sdk\10.0.101\Sdks\Microsoft.NET.Sdk\Sdk\Sdk.targets (59,5)
       C:\Program Files\dotnet\sdk\10.0.101\Containers\build\Microsoft.NET.Build.Containers.targets(5,5): message : Property reassignment: $(_IsSDKContainerAllowedVersion)="true" (previous value: "false") at C:\Program Files\dotnet\sdk\10.0.101\Containers\build\Microsoft.NET.Build.Containers.targets (5,5)
       C:\Program Files\dotnet\sdk\10.0.101\Containers\build\Microsoft.NET.Build.Containers.targets(15,5): message : Property reassignment: $(_ContainerIsTargetingNet8TFM)="true" (previous value: "false") at C:\Program Files\dotnet\sdk\10.0.101\Containers\build\Microsoft.NET.Build.Containers.targets (15,5)
       C:\Program Files\dotnet\sdk\10.0.101\Sdks\Microsoft.NET.Sdk\targets\Microsoft.NET.Sdk.ImportPublishProfile.targets(28,5): message : Property reassignment: $(PublishProfileImported)="false" (previous value: "true") at C:\Program Files\dotnet\sdk\10.0.101\Sdks\Microsoft.NET.Sdk\targets\Microsoft.NET.Sdk.ImportPublishProfile.targets (28,5)
       C:\Program Files\dotnet\sdk\10.0.101\Sdks\Microsoft.NET.Sdk\targets\Microsoft.NET.TargetFrameworkInference.targets(81,5): message : Property reassignment: $(TargetPlatformVersion)="" (previous value: "0.0") at C:\Program Files\dotnet\sdk\10.0.101\Sdks\Microsoft.NET.Sdk\targets\Microsoft.NET.TargetFrameworkInference.targets (81,5)
       C:\Program Files\dotnet\sdk\10.0.101\Sdks\Microsoft.NET.Sdk\targets\Microsoft.NET.DefaultOutputPaths.targets(127,5): message : Property reassignment: $(DefaultItemExcludes)=";bin\Debug\/**;obj\Debug\/**" (previous value: ";bin\Debug\/**") at C:\Program Files\dotnet\sdk\10.0.101\Sdks\Microsoft.NET.Sdk\targets\Microsoft.NET.DefaultOutputPaths.targets (127,5)
       C:\Program Files\dotnet\sdk\10.0.101\Sdks\Microsoft.NET.Sdk\targets\Microsoft.NET.DefaultOutputPaths.targets(142,5): message : Property reassignment: $(OutputPath)="bin\Debug\net8.0\" (previous value: "bin\Debug\") at C:\Program Files\dotnet\sdk\10.0.101\Sdks\Microsoft.NET.Sdk\targets\Microsoft.NET.DefaultOutputPaths.targets (142,5)
       C:\Program Files\dotnet\sdk\10.0.101\Sdks\Microsoft.NET.Sdk\targets\Microsoft.NET.DefaultOutputPaths.targets(147,5): message : Property reassignment: $(IntermediateOutputPath)="obj\Debug\net8.0\" (previous value: "obj\Debug\") at C:\Program Files\dotnet\sdk\10.0.101\Sdks\Microsoft.NET.Sdk\targets\Microsoft.NET.DefaultOutputPaths.targets (147,5)
       C:\Program Files\dotnet\sdk\10.0.101\Sdks\Microsoft.NET.Sdk\targets\Microsoft.NET.Sdk.BeforeCommon.targets(371,5): message : Property reassignment: $(RoslynTargetsPath)="C:\Program Files\dotnet\sdk\10.0.101\Sdks\Microsoft.NET.Sdk\targets\..\..\..\Roslyn" (previous value: "C:\Program Files\dotnet\sdk\10.0.101\Roslyn") at C:\Program Files\dotnet\sdk\10.0.101\Sdks\Microsoft.NET.Sdk\targets\Microsoft.NET.Sdk.BeforeCommon.targets (371,5)
       C:\Program Files\dotnet\sdk\10.0.101\Roslyn\Microsoft.Managed.Core.targets(6,5): message : Property reassignment: $(_BuildTasksDirectory)="C:\Program Files\dotnet\sdk\10.0.101\Sdks\Microsoft.NET.Sdk\targets\..\..\..\Roslyn\" (previous value: "C:\Program Files\dotnet\sdk\10.0.101\Roslyn\") at C:\Program Files\dotnet\sdk\10.0.101\Roslyn\Microsoft.Managed.Core.targets (6,5)
       C:\Program Files\dotnet\sdk\10.0.101\Roslyn\Microsoft.CSharp.Core.targets(200,5): message : Property reassignment: $(CommandLineArgsForDesignTimeEvaluation)="-langversion:12.0 -define:TRACE" (previous value: "-langversion:12.0") at C:\Program Files\dotnet\sdk\10.0.101\Roslyn\Microsoft.CSharp.Core.targets (200,5)
       C:\Program Files\dotnet\sdk\10.0.101\Microsoft.Common.CurrentVersion.targets(175,5): message : Property reassignment: $(_DebugSymbolsProduced)="true" (previous value: "false") at C:\Program Files\dotnet\sdk\10.0.101\Microsoft.Common.CurrentVersion.targets (175,5)
       C:\Program Files\dotnet\sdk\10.0.101\Microsoft.Common.CurrentVersion.targets(185,5): message : Property reassignment: $(_DocumentationFileProduced)="false" (previous value: "true") at C:\Program Files\dotnet\sdk\10.0.101\Microsoft.Common.CurrentVersion.targets (185,5)
       C:\Program Files\dotnet\sdk\10.0.101\Microsoft.Common.CurrentVersion.targets(392,5): message : Property reassignment: $(MSBuildCopyMarkerName)="Magidesk.3FB9ABDD" (previous value: "Magidesk.Infrastructure.csproj") at C:\Program Files\dotnet\sdk\10.0.101\Microsoft.Common.CurrentVersion.targets (392,5)
       C:\Program Files\dotnet\sdk\10.0.101\Microsoft.Common.CurrentVersion.targets(393,5): message : Property reassignment: $(MSBuildCopyMarkerName)="Magidesk.3FB9ABDD.Up2Date" (previous value: "Magidesk.3FB9ABDD") at C:\Program Files\dotnet\sdk\10.0.101\Microsoft.Common.CurrentVersion.targets (393,5)
       C:\Program Files\dotnet\sdk\10.0.101\Microsoft.Common.CurrentVersion.targets(541,5): message : Property reassignment: $(ProcessorArchitecture)="msil" (previous value: "") at C:\Program Files\dotnet\sdk\10.0.101\Microsoft.Common.CurrentVersion.targets (541,5)
       C:\Program Files\dotnet\sdk\10.0.101\Microsoft.Common.CurrentVersion.targets(580,5): message : Property reassignment: $(DelaySign)="" (previous value: "false") at C:\Program Files\dotnet\sdk\10.0.101\Microsoft.Common.CurrentVersion.targets (580,5)
       C:\Program Files\dotnet\sdk\10.0.101\Microsoft.Common.CurrentVersion.targets(2606,5): message : Property 'LOCALAPPDATA' with value 'C:\Users\giris\AppData\Local' expanded from the environment.
       C:\Program Files\dotnet\sdk\10.0.101\Microsoft.Common.CurrentVersion.targets(3934,5): message : Property reassignment: $(_SGenGenerateSerializationAssembliesConfig)="Auto" (previous value: "") at C:\Program Files\dotnet\sdk\10.0.101\Microsoft.Common.CurrentVersion.targets (3934,5)
       C:\Program Files\dotnet\sdk\10.0.101\Microsoft.Common.CurrentVersion.targets(3935,5): message : Property reassignment: $(_SGenGenerateSerializationAssembliesConfig)="Off" (previous value: "Auto") at C:\Program Files\dotnet\sdk\10.0.101\Microsoft.Common.CurrentVersion.targets (3935,5)
       C:\Program Files\dotnet\sdk\10.0.101\Microsoft.Common.CurrentVersion.targets(5146,5): message : Property reassignment: $(_TargetsThatPrepareProjectReferences)="
       C:\Program Files\dotnet\sdk\10.0.101\Microsoft.Common.CurrentVersion.targets(5146,5): message :       AssignProjectConfiguration;
       C:\Program Files\dotnet\sdk\10.0.101\Microsoft.Common.CurrentVersion.targets(5146,5): message :       _SplitProjectReferencesByFileExistence
       C:\Program Files\dotnet\sdk\10.0.101\Microsoft.Common.CurrentVersion.targets(5146,5): message :     " (previous value: "_SplitProjectReferencesByFileExistence") at C:\Program Files\dotnet\sdk\10.0.101\Microsoft.Common.CurrentVersion.targets (5146,5)
       C:\Program Files\dotnet\sdk\10.0.101\Microsoft.Common.CurrentVersion.targets(6959,5): message : Property 'MSBuildExtensionsPath32' with value 'C:\Program Files\dotnet\sdk\10.0.101' expanded from the environment.
       The "NuGetInteractive" property is a global property, and cannot be modified.
       C:\Program Files\dotnet\sdk\10.0.101\Sdks\Microsoft.NET.Sdk\targets\Microsoft.PackageDependencyResolution.targets(24,5): message : Property reassignment: $(ProjectAssetsFile)="C:\Users\giris\Documents\Code\Redesign-POS\Windows Based POS\Magidesk\Magidesk.Infrastructure\obj\project.assets.json" (previous value: "C:\Users\giris\Documents\Code\Redesign-POS\Windows Based POS\Magidesk\Magidesk.Infrastructure\obj\/project.assets.json") at C:\Program Files\dotnet\sdk\10.0.101\Sdks\Microsoft.NET.Sdk\targets\Microsoft.PackageDependencyResolution.targets (24,5)
       C:\Program Files\dotnet\sdk\10.0.101\Sdks\Microsoft.NET.Sdk\targets\Microsoft.PackageDependencyResolution.targets(29,5): message : Property reassignment: $(ProjectAssetsCacheFile)="C:\Users\giris\Documents\Code\Redesign-POS\Windows Based POS\Magidesk\Magidesk.Infrastructure\obj\Debug\net8.0\Magidesk.Infrastructure.assets.cache" (previous value: "obj\Debug\net8.0\Magidesk.Infrastructure.assets.cache") at C:\Program Files\dotnet\sdk\10.0.101\Sdks\Microsoft.NET.Sdk\targets\Microsoft.PackageDependencyResolution.targets (29,5)
       C:\Program Files\dotnet\sdk\10.0.101\Sdks\Microsoft.NET.Sdk\targets\Microsoft.PackageDependencyResolution.targets(80,5): message : Property reassignment: $(ResolveAssemblyReferencesDependsOn)="
       C:\Program Files\dotnet\sdk\10.0.101\Sdks\Microsoft.NET.Sdk\targets\Microsoft.PackageDependencyResolution.targets(80,5): message :       
       C:\Program Files\dotnet\sdk\10.0.101\Sdks\Microsoft.NET.Sdk\targets\Microsoft.PackageDependencyResolution.targets(80,5): message :       ResolveProjectReferences;
       C:\Program Files\dotnet\sdk\10.0.101\Sdks\Microsoft.NET.Sdk\targets\Microsoft.PackageDependencyResolution.targets(80,5): message :       FindInvalidProjectReferences;
       C:\Program Files\dotnet\sdk\10.0.101\Sdks\Microsoft.NET.Sdk\targets\Microsoft.PackageDependencyResolution.targets(80,5): message :       GetFrameworkPaths;
       C:\Program Files\dotnet\sdk\10.0.101\Sdks\Microsoft.NET.Sdk\targets\Microsoft.PackageDependencyResolution.targets(80,5): message :       GetReferenceAssemblyPaths;
       C:\Program Files\dotnet\sdk\10.0.101\Sdks\Microsoft.NET.Sdk\targets\Microsoft.PackageDependencyResolution.targets(80,5): message :       PrepareForBuild;
       C:\Program Files\dotnet\sdk\10.0.101\Sdks\Microsoft.NET.Sdk\targets\Microsoft.PackageDependencyResolution.targets(80,5): message :       ResolveSDKReferences;
       C:\Program Files\dotnet\sdk\10.0.101\Sdks\Microsoft.NET.Sdk\targets\Microsoft.PackageDependencyResolution.targets(80,5): message :       ExpandSDKReferences;
       C:\Program Files\dotnet\sdk\10.0.101\Sdks\Microsoft.NET.Sdk\targets\Microsoft.PackageDependencyResolution.targets(80,5): message :     ;
       C:\Program Files\dotnet\sdk\10.0.101\Sdks\Microsoft.NET.Sdk\targets\Microsoft.PackageDependencyResolution.targets(80,5): message :       ResolvePackageDependenciesForBuild;
       C:\Program Files\dotnet\sdk\10.0.101\Sdks\Microsoft.NET.Sdk\targets\Microsoft.PackageDependencyResolution.targets(80,5): message :       _HandlePackageFileConflicts;
       C:\Program Files\dotnet\sdk\10.0.101\Sdks\Microsoft.NET.Sdk\targets\Microsoft.PackageDependencyResolution.targets(80,5): message :     " (previous value: "
       C:\Program Files\dotnet\sdk\10.0.101\Sdks\Microsoft.NET.Sdk\targets\Microsoft.PackageDependencyResolution.targets(80,5): message :       ResolveProjectReferences;
       C:\Program Files\dotnet\sdk\10.0.101\Sdks\Microsoft.NET.Sdk\targets\Microsoft.PackageDependencyResolution.targets(80,5): message :       FindInvalidProjectReferences;
       C:\Program Files\dotnet\sdk\10.0.101\Sdks\Microsoft.NET.Sdk\targets\Microsoft.PackageDependencyResolution.targets(80,5): message :       GetFrameworkPaths;
       C:\Program Files\dotnet\sdk\10.0.101\Sdks\Microsoft.NET.Sdk\targets\Microsoft.PackageDependencyResolution.targets(80,5): message :       GetReferenceAssemblyPaths;
       C:\Program Files\dotnet\sdk\10.0.101\Sdks\Microsoft.NET.Sdk\targets\Microsoft.PackageDependencyResolution.targets(80,5): message :       PrepareForBuild;
       C:\Program Files\dotnet\sdk\10.0.101\Sdks\Microsoft.NET.Sdk\targets\Microsoft.PackageDependencyResolution.targets(80,5): message :       ResolveSDKReferences;
       C:\Program Files\dotnet\sdk\10.0.101\Sdks\Microsoft.NET.Sdk\targets\Microsoft.PackageDependencyResolution.targets(80,5): message :       ExpandSDKReferences;
       C:\Program Files\dotnet\sdk\10.0.101\Sdks\Microsoft.NET.Sdk\targets\Microsoft.PackageDependencyResolution.targets(80,5): message :     ") at C:\Program Files\dotnet\sdk\10.0.101\Sdks\Microsoft.NET.Sdk\targets\Microsoft.PackageDependencyResolution.targets (80,5)
       C:\Program Files\dotnet\sdk\10.0.101\Sdks\Microsoft.NET.Sdk\targets\Microsoft.PackageDependencyResolution.targets(86,5): message : Property reassignment: $(PrepareResourcesDependsOn)="
       C:\Program Files\dotnet\sdk\10.0.101\Sdks\Microsoft.NET.Sdk\targets\Microsoft.PackageDependencyResolution.targets(86,5): message :       ResolvePackageDependenciesForBuild;
       C:\Program Files\dotnet\sdk\10.0.101\Sdks\Microsoft.NET.Sdk\targets\Microsoft.PackageDependencyResolution.targets(86,5): message :       _HandlePackageFileConflicts;
       C:\Program Files\dotnet\sdk\10.0.101\Sdks\Microsoft.NET.Sdk\targets\Microsoft.PackageDependencyResolution.targets(86,5): message :       
       C:\Program Files\dotnet\sdk\10.0.101\Sdks\Microsoft.NET.Sdk\targets\Microsoft.PackageDependencyResolution.targets(86,5): message :       ;
       C:\Program Files\dotnet\sdk\10.0.101\Sdks\Microsoft.NET.Sdk\targets\Microsoft.PackageDependencyResolution.targets(86,5): message :       PrepareResourceNames;
       C:\Program Files\dotnet\sdk\10.0.101\Sdks\Microsoft.NET.Sdk\targets\Microsoft.PackageDependencyResolution.targets(86,5): message :       ResGen;
       C:\Program Files\dotnet\sdk\10.0.101\Sdks\Microsoft.NET.Sdk\targets\Microsoft.PackageDependencyResolution.targets(86,5): message :       CompileLicxFiles
       C:\Program Files\dotnet\sdk\10.0.101\Sdks\Microsoft.NET.Sdk\targets\Microsoft.PackageDependencyResolution.targets(86,5): message :     
       C:\Program Files\dotnet\sdk\10.0.101\Sdks\Microsoft.NET.Sdk\targets\Microsoft.PackageDependencyResolution.targets(86,5): message :     " (previous value: "
       C:\Program Files\dotnet\sdk\10.0.101\Sdks\Microsoft.NET.Sdk\targets\Microsoft.PackageDependencyResolution.targets(86,5): message :       ;
       C:\Program Files\dotnet\sdk\10.0.101\Sdks\Microsoft.NET.Sdk\targets\Microsoft.PackageDependencyResolution.targets(86,5): message :       PrepareResourceNames;
       C:\Program Files\dotnet\sdk\10.0.101\Sdks\Microsoft.NET.Sdk\targets\Microsoft.PackageDependencyResolution.targets(86,5): message :       ResGen;
       C:\Program Files\dotnet\sdk\10.0.101\Sdks\Microsoft.NET.Sdk\targets\Microsoft.PackageDependencyResolution.targets(86,5): message :       CompileLicxFiles
       C:\Program Files\dotnet\sdk\10.0.101\Sdks\Microsoft.NET.Sdk\targets\Microsoft.PackageDependencyResolution.targets(86,5): message :     ") at C:\Program Files\dotnet\sdk\10.0.101\Sdks\Microsoft.NET.Sdk\targets\Microsoft.PackageDependencyResolution.targets (86,5)
       The "EnableDefaultCompileItems" property is a global property, and cannot be modified.
       The "EnableDefaultEmbeddedResourceItems" property is a global property, and cannot be modified.
       The "EnableDefaultNoneItems" property is a global property, and cannot be modified.
       C:\Program Files\dotnet\sdk\10.0.101\Sdks\Microsoft.NET.Sdk\targets\Microsoft.NET.Sdk.DefaultItems.targets(35,5): message : Property reassignment: $(DefaultItemExcludes)=";bin\Debug\/**;obj\Debug\/**;bin\/**" (previous value: ";bin\Debug\/**;obj\Debug\/**") at C:\Program Files\dotnet\sdk\10.0.101\Sdks\Microsoft.NET.Sdk\targets\Microsoft.NET.Sdk.DefaultItems.targets (35,5)
       C:\Program Files\dotnet\sdk\10.0.101\Sdks\Microsoft.NET.Sdk\targets\Microsoft.NET.Sdk.DefaultItems.targets(37,5): message : Property reassignment: $(DefaultItemExcludes)=";bin\Debug\/**;obj\Debug\/**;bin\/**;obj\/**" (previous value: ";bin\Debug\/**;obj\Debug\/**;bin\/**") at C:\Program Files\dotnet\sdk\10.0.101\Sdks\Microsoft.NET.Sdk\targets\Microsoft.NET.Sdk.DefaultItems.targets (37,5)
       C:\Program Files\dotnet\sdk\10.0.101\Sdks\Microsoft.NET.Sdk\targets\Microsoft.NET.Sdk.DefaultItems.targets(40,5): message : Property reassignment: $(DefaultItemExcludes)=";bin\Debug\/**;obj\Debug\/**;bin\/**;obj\/**;**/*.user" (previous value: ";bin\Debug\/**;obj\Debug\/**;bin\/**;obj\/**") at C:\Program Files\dotnet\sdk\10.0.101\Sdks\Microsoft.NET.Sdk\targets\Microsoft.NET.Sdk.DefaultItems.targets (40,5)
       C:\Program Files\dotnet\sdk\10.0.101\Sdks\Microsoft.NET.Sdk\targets\Microsoft.NET.Sdk.DefaultItems.targets(41,5): message : Property reassignment: $(DefaultItemExcludes)=";bin\Debug\/**;obj\Debug\/**;bin\/**;obj\/**;**/*.user;**/*.*proj" (previous value: ";bin\Debug\/**;obj\Debug\/**;bin\/**;obj\/**;**/*.user") at C:\Program Files\dotnet\sdk\10.0.101\Sdks\Microsoft.NET.Sdk\targets\Microsoft.NET.Sdk.DefaultItems.targets (41,5)
       C:\Program Files\dotnet\sdk\10.0.101\Sdks\Microsoft.NET.Sdk\targets\Microsoft.NET.Sdk.DefaultItems.targets(42,5): message : Property reassignment: $(DefaultItemExcludes)=";bin\Debug\/**;obj\Debug\/**;bin\/**;obj\/**;**/*.user;**/*.*proj;**/*.sln" (previous value: ";bin\Debug\/**;obj\Debug\/**;bin\/**;obj\/**;**/*.user;**/*.*proj") at C:\Program Files\dotnet\sdk\10.0.101\Sdks\Microsoft.NET.Sdk\targets\Microsoft.NET.Sdk.DefaultItems.targets (42,5)
       C:\Program Files\dotnet\sdk\10.0.101\Sdks\Microsoft.NET.Sdk\targets\Microsoft.NET.Sdk.DefaultItems.targets(43,5): message : Property reassignment: $(DefaultItemExcludes)=";bin\Debug\/**;obj\Debug\/**;bin\/**;obj\/**;**/*.user;**/*.*proj;**/*.sln;**/*.slnx" (previous value: ";bin\Debug\/**;obj\Debug\/**;bin\/**;obj\/**;**/*.user;**/*.*proj;**/*.sln") at C:\Program Files\dotnet\sdk\10.0.101\Sdks\Microsoft.NET.Sdk\targets\Microsoft.NET.Sdk.DefaultItems.targets (43,5)
       C:\Program Files\dotnet\sdk\10.0.101\Sdks\Microsoft.NET.Sdk\targets\Microsoft.NET.Sdk.DefaultItems.targets(44,5): message : Property reassignment: $(DefaultItemExcludes)=";bin\Debug\/**;obj\Debug\/**;bin\/**;obj\/**;**/*.user;**/*.*proj;**/*.sln;**/*.slnx;**/*.vssscc" (previous value: ";bin\Debug\/**;obj\Debug\/**;bin\/**;obj\/**;**/*.user;**/*.*proj;**/*.sln;**/*.slnx") at C:\Program Files\dotnet\sdk\10.0.101\Sdks\Microsoft.NET.Sdk\targets\Microsoft.NET.Sdk.DefaultItems.targets (44,5)
       C:\Program Files\dotnet\sdk\10.0.101\Sdks\Microsoft.NET.Sdk\targets\Microsoft.NET.Sdk.DefaultItems.targets(45,5): message : Property reassignment: $(DefaultItemExcludes)=";bin\Debug\/**;obj\Debug\/**;bin\/**;obj\/**;**/*.user;**/*.*proj;**/*.sln;**/*.slnx;**/*.vssscc;**/.DS_Store" (previous value: ";bin\Debug\/**;obj\Debug\/**;bin\/**;obj\/**;**/*.user;**/*.*proj;**/*.sln;**/*.slnx;**/*.vssscc") at C:\Program Files\dotnet\sdk\10.0.101\Sdks\Microsoft.NET.Sdk\targets\Microsoft.NET.Sdk.DefaultItems.targets (45,5)
       C:\Program Files\dotnet\sdk\10.0.101\Sdks\Microsoft.NET.Sdk\targets\Microsoft.NET.Sdk.FrameworkReferenceResolution.targets(14,5): message : Property reassignment: $(ResolveAssemblyReferencesDependsOn)="
       C:\Program Files\dotnet\sdk\10.0.101\Sdks\Microsoft.NET.Sdk\targets\Microsoft.NET.Sdk.FrameworkReferenceResolution.targets(14,5): message :       
       C:\Program Files\dotnet\sdk\10.0.101\Sdks\Microsoft.NET.Sdk\targets\Microsoft.NET.Sdk.FrameworkReferenceResolution.targets(14,5): message :       
       C:\Program Files\dotnet\sdk\10.0.101\Sdks\Microsoft.NET.Sdk\targets\Microsoft.NET.Sdk.FrameworkReferenceResolution.targets(14,5): message :       ResolveProjectReferences;
       C:\Program Files\dotnet\sdk\10.0.101\Sdks\Microsoft.NET.Sdk\targets\Microsoft.NET.Sdk.FrameworkReferenceResolution.targets(14,5): message :       FindInvalidProjectReferences;
       C:\Program Files\dotnet\sdk\10.0.101\Sdks\Microsoft.NET.Sdk\targets\Microsoft.NET.Sdk.FrameworkReferenceResolution.targets(14,5): message :       GetFrameworkPaths;
       C:\Program Files\dotnet\sdk\10.0.101\Sdks\Microsoft.NET.Sdk\targets\Microsoft.NET.Sdk.FrameworkReferenceResolution.targets(14,5): message :       GetReferenceAssemblyPaths;
       C:\Program Files\dotnet\sdk\10.0.101\Sdks\Microsoft.NET.Sdk\targets\Microsoft.NET.Sdk.FrameworkReferenceResolution.targets(14,5): message :       PrepareForBuild;
       C:\Program Files\dotnet\sdk\10.0.101\Sdks\Microsoft.NET.Sdk\targets\Microsoft.NET.Sdk.FrameworkReferenceResolution.targets(14,5): message :       ResolveSDKReferences;
       C:\Program Files\dotnet\sdk\10.0.101\Sdks\Microsoft.NET.Sdk\targets\Microsoft.NET.Sdk.FrameworkReferenceResolution.targets(14,5): message :       ExpandSDKReferences;
       C:\Program Files\dotnet\sdk\10.0.101\Sdks\Microsoft.NET.Sdk\targets\Microsoft.NET.Sdk.FrameworkReferenceResolution.targets(14,5): message :     ;
       C:\Program Files\dotnet\sdk\10.0.101\Sdks\Microsoft.NET.Sdk\targets\Microsoft.NET.Sdk.FrameworkReferenceResolution.targets(14,5): message :       ResolvePackageDependenciesForBuild;
       C:\Program Files\dotnet\sdk\10.0.101\Sdks\Microsoft.NET.Sdk\targets\Microsoft.NET.Sdk.FrameworkReferenceResolution.targets(14,5): message :       _HandlePackageFileConflicts;
       C:\Program Files\dotnet\sdk\10.0.101\Sdks\Microsoft.NET.Sdk\targets\Microsoft.NET.Sdk.FrameworkReferenceResolution.targets(14,5): message :     ;
       C:\Program Files\dotnet\sdk\10.0.101\Sdks\Microsoft.NET.Sdk\targets\Microsoft.NET.Sdk.FrameworkReferenceResolution.targets(14,5): message :       ResolveTargetingPackAssets;
       C:\Program Files\dotnet\sdk\10.0.101\Sdks\Microsoft.NET.Sdk\targets\Microsoft.NET.Sdk.FrameworkReferenceResolution.targets(14,5): message :     " (previous value: "
       C:\Program Files\dotnet\sdk\10.0.101\Sdks\Microsoft.NET.Sdk\targets\Microsoft.NET.Sdk.FrameworkReferenceResolution.targets(14,5): message :       
       C:\Program Files\dotnet\sdk\10.0.101\Sdks\Microsoft.NET.Sdk\targets\Microsoft.NET.Sdk.FrameworkReferenceResolution.targets(14,5): message :       ResolveProjectReferences;
       C:\Program Files\dotnet\sdk\10.0.101\Sdks\Microsoft.NET.Sdk\targets\Microsoft.NET.Sdk.FrameworkReferenceResolution.targets(14,5): message :       FindInvalidProjectReferences;
       C:\Program Files\dotnet\sdk\10.0.101\Sdks\Microsoft.NET.Sdk\targets\Microsoft.NET.Sdk.FrameworkReferenceResolution.targets(14,5): message :       GetFrameworkPaths;
       C:\Program Files\dotnet\sdk\10.0.101\Sdks\Microsoft.NET.Sdk\targets\Microsoft.NET.Sdk.FrameworkReferenceResolution.targets(14,5): message :       GetReferenceAssemblyPaths;
       C:\Program Files\dotnet\sdk\10.0.101\Sdks\Microsoft.NET.Sdk\targets\Microsoft.NET.Sdk.FrameworkReferenceResolution.targets(14,5): message :       PrepareForBuild;
       C:\Program Files\dotnet\sdk\10.0.101\Sdks\Microsoft.NET.Sdk\targets\Microsoft.NET.Sdk.FrameworkReferenceResolution.targets(14,5): message :       ResolveSDKReferences;
       C:\Program Files\dotnet\sdk\10.0.101\Sdks\Microsoft.NET.Sdk\targets\Microsoft.NET.Sdk.FrameworkReferenceResolution.targets(14,5): message :       ExpandSDKReferences;
       C:\Program Files\dotnet\sdk\10.0.101\Sdks\Microsoft.NET.Sdk\targets\Microsoft.NET.Sdk.FrameworkReferenceResolution.targets(14,5): message :     ;
       C:\Program Files\dotnet\sdk\10.0.101\Sdks\Microsoft.NET.Sdk\targets\Microsoft.NET.Sdk.FrameworkReferenceResolution.targets(14,5): message :       ResolvePackageDependenciesForBuild;
       C:\Program Files\dotnet\sdk\10.0.101\Sdks\Microsoft.NET.Sdk\targets\Microsoft.NET.Sdk.FrameworkReferenceResolution.targets(14,5): message :       _HandlePackageFileConflicts;
       C:\Program Files\dotnet\sdk\10.0.101\Sdks\Microsoft.NET.Sdk\targets\Microsoft.NET.Sdk.FrameworkReferenceResolution.targets(14,5): message :     ") at C:\Program Files\dotnet\sdk\10.0.101\Sdks\Microsoft.NET.Sdk\targets\Microsoft.NET.Sdk.FrameworkReferenceResolution.targets (14,5)
       C:\Program Files\dotnet\sdk\10.0.101\Sdks\Microsoft.NET.Sdk\targets\Microsoft.NET.Sdk.targets(44,5): message : Property reassignment: $(_GenerateRuntimeConfigurationPropertyInputsCache)="C:\Users\giris\Documents\Code\Redesign-POS\Windows Based POS\Magidesk\Magidesk.Infrastructure\obj\Debug\net8.0\Magidesk.Infrastructure.genruntimeconfig.cache" (previous value: "obj\Debug\net8.0\Magidesk.Infrastructure.genruntimeconfig.cache") at C:\Program Files\dotnet\sdk\10.0.101\Sdks\Microsoft.NET.Sdk\targets\Microsoft.NET.Sdk.targets (44,5)
       C:\Program Files\dotnet\sdk\10.0.101\Sdks\Microsoft.NET.Sdk\targets\Microsoft.NET.Sdk.targets(46,5): message : Property reassignment: $(_GeneratePublishDependencyFilePropertyInputsCache)="C:\Users\giris\Documents\Code\Redesign-POS\Windows Based POS\Magidesk\Magidesk.Infrastructure\obj\Debug\net8.0\Magidesk.Infrastructure.genpublishdeps.cache" (previous value: "obj\Debug\net8.0\Magidesk.Infrastructure.genpublishdeps.cache") at C:\Program Files\dotnet\sdk\10.0.101\Sdks\Microsoft.NET.Sdk\targets\Microsoft.NET.Sdk.targets (46,5)
       C:\Program Files\dotnet\sdk\10.0.101\Sdks\Microsoft.NET.Sdk\targets\Microsoft.NET.Sdk.targets(48,5): message : Property reassignment: $(_GenerateSingleFileBundlePropertyInputsCache)="C:\Users\giris\Documents\Code\Redesign-POS\Windows Based POS\Magidesk\Magidesk.Infrastructure\obj\Debug\net8.0\Magidesk.Infrastructure.genbundle.cache" (previous value: "obj\Debug\net8.0\Magidesk.Infrastructure.genbundle.cache") at C:\Program Files\dotnet\sdk\10.0.101\Sdks\Microsoft.NET.Sdk\targets\Microsoft.NET.Sdk.targets (48,5)
       C:\Program Files\dotnet\sdk\10.0.101\Sdks\Microsoft.NET.Sdk\targets\Microsoft.NET.Sdk.targets(81,5): message : Property reassignment: $(GenerateRuntimeConfigDevFile)="false" (previous value: "true") at C:\Program Files\dotnet\sdk\10.0.101\Sdks\Microsoft.NET.Sdk\targets\Microsoft.NET.Sdk.targets (81,5)
       C:\Program Files\dotnet\sdk\10.0.101\Sdks\Microsoft.NET.Sdk\targets\Microsoft.NET.Sdk.targets(98,5): message : Property 'USERPROFILE' with value 'C:\Users\giris' expanded from the environment.
       C:\Program Files\dotnet\sdk\10.0.101\Sdks\Microsoft.NET.Sdk\targets\Microsoft.NET.Sdk.targets(98,5): message : Property reassignment: $(_DefaultUserProfileRuntimeStorePath)="C:\Users\giris" (previous value: "") at C:\Program Files\dotnet\sdk\10.0.101\Sdks\Microsoft.NET.Sdk\targets\Microsoft.NET.Sdk.targets (98,5)
       C:\Program Files\dotnet\sdk\10.0.101\Sdks\Microsoft.NET.Sdk\targets\Microsoft.NET.Sdk.targets(99,5): message : Property reassignment: $(_DefaultUserProfileRuntimeStorePath)="C:\Users\giris\.dotnet\store" (previous value: "C:\Users\giris") at C:\Program Files\dotnet\sdk\10.0.101\Sdks\Microsoft.NET.Sdk\targets\Microsoft.NET.Sdk.targets (99,5)
       C:\Program Files\dotnet\sdk\10.0.101\Sdks\Microsoft.NET.Sdk\targets\Microsoft.NET.Sdk.targets(144,5): message : Property reassignment: $(AvailablePlatforms)="Any CPU,x86,x64,ARM32" (previous value: "Any CPU,x86,x64") at C:\Program Files\dotnet\sdk\10.0.101\Sdks\Microsoft.NET.Sdk\targets\Microsoft.NET.Sdk.targets (144,5)
       C:\Program Files\dotnet\sdk\10.0.101\Sdks\Microsoft.NET.Sdk\targets\Microsoft.NET.Sdk.targets(148,5): message : Property reassignment: $(AvailablePlatforms)="Any CPU,x86,x64,ARM32,ARM64" (previous value: "Any CPU,x86,x64,ARM32") at C:\Program Files\dotnet\sdk\10.0.101\Sdks\Microsoft.NET.Sdk\targets\Microsoft.NET.Sdk.targets (148,5)
       C:\Program Files\dotnet\sdk\10.0.101\Sdks\Microsoft.NET.Sdk\targets\Microsoft.NET.Sdk.targets(204,5): message : Property reassignment: $(CoreBuildDependsOn)="
       C:\Program Files\dotnet\sdk\10.0.101\Sdks\Microsoft.NET.Sdk\targets\Microsoft.NET.Sdk.targets(204,5): message :       _CheckForBuildWithNoBuild;
       C:\Program Files\dotnet\sdk\10.0.101\Sdks\Microsoft.NET.Sdk\targets\Microsoft.NET.Sdk.targets(204,5): message :       
       C:\Program Files\dotnet\sdk\10.0.101\Sdks\Microsoft.NET.Sdk\targets\Microsoft.NET.Sdk.targets(204,5): message :       BuildOnlySettings;
       C:\Program Files\dotnet\sdk\10.0.101\Sdks\Microsoft.NET.Sdk\targets\Microsoft.NET.Sdk.targets(204,5): message :       PrepareForBuild;
       C:\Program Files\dotnet\sdk\10.0.101\Sdks\Microsoft.NET.Sdk\targets\Microsoft.NET.Sdk.targets(204,5): message :       PreBuildEvent;
       C:\Program Files\dotnet\sdk\10.0.101\Sdks\Microsoft.NET.Sdk\targets\Microsoft.NET.Sdk.targets(204,5): message :       ResolveReferences;
       C:\Program Files\dotnet\sdk\10.0.101\Sdks\Microsoft.NET.Sdk\targets\Microsoft.NET.Sdk.targets(204,5): message :       PrepareResources;
       C:\Program Files\dotnet\sdk\10.0.101\Sdks\Microsoft.NET.Sdk\targets\Microsoft.NET.Sdk.targets(204,5): message :       ResolveKeySource;
       C:\Program Files\dotnet\sdk\10.0.101\Sdks\Microsoft.NET.Sdk\targets\Microsoft.NET.Sdk.targets(204,5): message :       Compile;
       C:\Program Files\dotnet\sdk\10.0.101\Sdks\Microsoft.NET.Sdk\targets\Microsoft.NET.Sdk.targets(204,5): message :       ExportWindowsMDFile;
       C:\Program Files\dotnet\sdk\10.0.101\Sdks\Microsoft.NET.Sdk\targets\Microsoft.NET.Sdk.targets(204,5): message :       UnmanagedUnregistration;
       C:\Program Files\dotnet\sdk\10.0.101\Sdks\Microsoft.NET.Sdk\targets\Microsoft.NET.Sdk.targets(204,5): message :       GenerateSerializationAssemblies;
       C:\Program Files\dotnet\sdk\10.0.101\Sdks\Microsoft.NET.Sdk\targets\Microsoft.NET.Sdk.targets(204,5): message :       CreateSatelliteAssemblies;
       C:\Program Files\dotnet\sdk\10.0.101\Sdks\Microsoft.NET.Sdk\targets\Microsoft.NET.Sdk.targets(204,5): message :       GenerateManifests;
       C:\Program Files\dotnet\sdk\10.0.101\Sdks\Microsoft.NET.Sdk\targets\Microsoft.NET.Sdk.targets(204,5): message :       GetTargetPath;
       C:\Program Files\dotnet\sdk\10.0.101\Sdks\Microsoft.NET.Sdk\targets\Microsoft.NET.Sdk.targets(204,5): message :       PrepareForRun;
       C:\Program Files\dotnet\sdk\10.0.101\Sdks\Microsoft.NET.Sdk\targets\Microsoft.NET.Sdk.targets(204,5): message :       UnmanagedRegistration;
       C:\Program Files\dotnet\sdk\10.0.101\Sdks\Microsoft.NET.Sdk\targets\Microsoft.NET.Sdk.targets(204,5): message :       IncrementalClean;
       C:\Program Files\dotnet\sdk\10.0.101\Sdks\Microsoft.NET.Sdk\targets\Microsoft.NET.Sdk.targets(204,5): message :       PostBuildEvent
       C:\Program Files\dotnet\sdk\10.0.101\Sdks\Microsoft.NET.Sdk\targets\Microsoft.NET.Sdk.targets(204,5): message :     ;
       C:\Program Files\dotnet\sdk\10.0.101\Sdks\Microsoft.NET.Sdk\targets\Microsoft.NET.Sdk.targets(204,5): message :       GenerateBuildDependencyFile;
       C:\Program Files\dotnet\sdk\10.0.101\Sdks\Microsoft.NET.Sdk\targets\Microsoft.NET.Sdk.targets(204,5): message :       GenerateBuildRuntimeConfigurationFiles
       C:\Program Files\dotnet\sdk\10.0.101\Sdks\Microsoft.NET.Sdk\targets\Microsoft.NET.Sdk.targets(204,5): message :     " (previous value: "
       C:\Program Files\dotnet\sdk\10.0.101\Sdks\Microsoft.NET.Sdk\targets\Microsoft.NET.Sdk.targets(204,5): message :       BuildOnlySettings;
       C:\Program Files\dotnet\sdk\10.0.101\Sdks\Microsoft.NET.Sdk\targets\Microsoft.NET.Sdk.targets(204,5): message :       PrepareForBuild;
       C:\Program Files\dotnet\sdk\10.0.101\Sdks\Microsoft.NET.Sdk\targets\Microsoft.NET.Sdk.targets(204,5): message :       PreBuildEvent;
       C:\Program Files\dotnet\sdk\10.0.101\Sdks\Microsoft.NET.Sdk\targets\Microsoft.NET.Sdk.targets(204,5): message :       ResolveReferences;
       C:\Program Files\dotnet\sdk\10.0.101\Sdks\Microsoft.NET.Sdk\targets\Microsoft.NET.Sdk.targets(204,5): message :       PrepareResources;
       C:\Program Files\dotnet\sdk\10.0.101\Sdks\Microsoft.NET.Sdk\targets\Microsoft.NET.Sdk.targets(204,5): message :       ResolveKeySource;
       C:\Program Files\dotnet\sdk\10.0.101\Sdks\Microsoft.NET.Sdk\targets\Microsoft.NET.Sdk.targets(204,5): message :       Compile;
       C:\Program Files\dotnet\sdk\10.0.101\Sdks\Microsoft.NET.Sdk\targets\Microsoft.NET.Sdk.targets(204,5): message :       ExportWindowsMDFile;
       C:\Program Files\dotnet\sdk\10.0.101\Sdks\Microsoft.NET.Sdk\targets\Microsoft.NET.Sdk.targets(204,5): message :       UnmanagedUnregistration;
       C:\Program Files\dotnet\sdk\10.0.101\Sdks\Microsoft.NET.Sdk\targets\Microsoft.NET.Sdk.targets(204,5): message :       GenerateSerializationAssemblies;
       C:\Program Files\dotnet\sdk\10.0.101\Sdks\Microsoft.NET.Sdk\targets\Microsoft.NET.Sdk.targets(204,5): message :       CreateSatelliteAssemblies;
       C:\Program Files\dotnet\sdk\10.0.101\Sdks\Microsoft.NET.Sdk\targets\Microsoft.NET.Sdk.targets(204,5): message :       GenerateManifests;
       C:\Program Files\dotnet\sdk\10.0.101\Sdks\Microsoft.NET.Sdk\targets\Microsoft.NET.Sdk.targets(204,5): message :       GetTargetPath;
       C:\Program Files\dotnet\sdk\10.0.101\Sdks\Microsoft.NET.Sdk\targets\Microsoft.NET.Sdk.targets(204,5): message :       PrepareForRun;
       C:\Program Files\dotnet\sdk\10.0.101\Sdks\Microsoft.NET.Sdk\targets\Microsoft.NET.Sdk.targets(204,5): message :       UnmanagedRegistration;
       C:\Program Files\dotnet\sdk\10.0.101\Sdks\Microsoft.NET.Sdk\targets\Microsoft.NET.Sdk.targets(204,5): message :       IncrementalClean;
       C:\Program Files\dotnet\sdk\10.0.101\Sdks\Microsoft.NET.Sdk\targets\Microsoft.NET.Sdk.targets(204,5): message :       PostBuildEvent
       C:\Program Files\dotnet\sdk\10.0.101\Sdks\Microsoft.NET.Sdk\targets\Microsoft.NET.Sdk.targets(204,5): message :     ") at C:\Program Files\dotnet\sdk\10.0.101\Sdks\Microsoft.NET.Sdk\targets\Microsoft.NET.Sdk.targets (204,5)
       C:\Program Files\dotnet\sdk\10.0.101\Sdks\Microsoft.NET.Sdk\targets\Microsoft.NET.Sdk.targets(213,5): message : Property reassignment: $(CoreCleanDependsOn)="
       C:\Program Files\dotnet\sdk\10.0.101\Sdks\Microsoft.NET.Sdk\targets\Microsoft.NET.Sdk.targets(213,5): message :       _SdkBeforeClean;
       C:\Program Files\dotnet\sdk\10.0.101\Sdks\Microsoft.NET.Sdk\targets\Microsoft.NET.Sdk.targets(213,5): message :       
       C:\Program Files\dotnet\sdk\10.0.101\Sdks\Microsoft.NET.Sdk\targets\Microsoft.NET.Sdk.targets(213,5): message :     " (previous value: "") at C:\Program Files\dotnet\sdk\10.0.101\Sdks\Microsoft.NET.Sdk\targets\Microsoft.NET.Sdk.targets (213,5)
       C:\Program Files\dotnet\sdk\10.0.101\Sdks\Microsoft.NET.Sdk\targets\Microsoft.NET.Sdk.targets(220,5): message : Property reassignment: $(RebuildDependsOn)="
       C:\Program Files\dotnet\sdk\10.0.101\Sdks\Microsoft.NET.Sdk\targets\Microsoft.NET.Sdk.targets(220,5): message :       _SdkBeforeRebuild;
       C:\Program Files\dotnet\sdk\10.0.101\Sdks\Microsoft.NET.Sdk\targets\Microsoft.NET.Sdk.targets(220,5): message :       
       C:\Program Files\dotnet\sdk\10.0.101\Sdks\Microsoft.NET.Sdk\targets\Microsoft.NET.Sdk.targets(220,5): message :       BeforeRebuild;
       C:\Program Files\dotnet\sdk\10.0.101\Sdks\Microsoft.NET.Sdk\targets\Microsoft.NET.Sdk.targets(220,5): message :       Clean;
       C:\Program Files\dotnet\sdk\10.0.101\Sdks\Microsoft.NET.Sdk\targets\Microsoft.NET.Sdk.targets(220,5): message :       Build;
       C:\Program Files\dotnet\sdk\10.0.101\Sdks\Microsoft.NET.Sdk\targets\Microsoft.NET.Sdk.targets(220,5): message :       AfterRebuild;
       C:\Program Files\dotnet\sdk\10.0.101\Sdks\Microsoft.NET.Sdk\targets\Microsoft.NET.Sdk.targets(220,5): message :     
       C:\Program Files\dotnet\sdk\10.0.101\Sdks\Microsoft.NET.Sdk\targets\Microsoft.NET.Sdk.targets(220,5): message :     " (previous value: "
       C:\Program Files\dotnet\sdk\10.0.101\Sdks\Microsoft.NET.Sdk\targets\Microsoft.NET.Sdk.targets(220,5): message :       BeforeRebuild;
       C:\Program Files\dotnet\sdk\10.0.101\Sdks\Microsoft.NET.Sdk\targets\Microsoft.NET.Sdk.targets(220,5): message :       Clean;
       C:\Program Files\dotnet\sdk\10.0.101\Sdks\Microsoft.NET.Sdk\targets\Microsoft.NET.Sdk.targets(220,5): message :       Build;
       C:\Program Files\dotnet\sdk\10.0.101\Sdks\Microsoft.NET.Sdk\targets\Microsoft.NET.Sdk.targets(220,5): message :       AfterRebuild;
       C:\Program Files\dotnet\sdk\10.0.101\Sdks\Microsoft.NET.Sdk\targets\Microsoft.NET.Sdk.targets(220,5): message :     ") at C:\Program Files\dotnet\sdk\10.0.101\Sdks\Microsoft.NET.Sdk\targets\Microsoft.NET.Sdk.targets (220,5)
       C:\Program Files\dotnet\sdk\10.0.101\Sdks\Microsoft.NET.Sdk\targets\Microsoft.NET.Sdk.targets(799,5): message : Property reassignment: $(CompileDependsOn)="
       C:\Program Files\dotnet\sdk\10.0.101\Sdks\Microsoft.NET.Sdk\targets\Microsoft.NET.Sdk.targets(799,5): message :       
       C:\Program Files\dotnet\sdk\10.0.101\Sdks\Microsoft.NET.Sdk\targets\Microsoft.NET.Sdk.targets(799,5): message :       ResolveReferences;
       C:\Program Files\dotnet\sdk\10.0.101\Sdks\Microsoft.NET.Sdk\targets\Microsoft.NET.Sdk.targets(799,5): message :       ResolveKeySource;
       C:\Program Files\dotnet\sdk\10.0.101\Sdks\Microsoft.NET.Sdk\targets\Microsoft.NET.Sdk.targets(799,5): message :       SetWin32ManifestProperties;
       C:\Program Files\dotnet\sdk\10.0.101\Sdks\Microsoft.NET.Sdk\targets\Microsoft.NET.Sdk.targets(799,5): message :       _SetPreferNativeArm64Win32ManifestProperties;
       C:\Program Files\dotnet\sdk\10.0.101\Sdks\Microsoft.NET.Sdk\targets\Microsoft.NET.Sdk.targets(799,5): message :       FindReferenceAssembliesForReferences;
       C:\Program Files\dotnet\sdk\10.0.101\Sdks\Microsoft.NET.Sdk\targets\Microsoft.NET.Sdk.targets(799,5): message :       _GenerateCompileInputs;
       C:\Program Files\dotnet\sdk\10.0.101\Sdks\Microsoft.NET.Sdk\targets\Microsoft.NET.Sdk.targets(799,5): message :       BeforeCompile;
       C:\Program Files\dotnet\sdk\10.0.101\Sdks\Microsoft.NET.Sdk\targets\Microsoft.NET.Sdk.targets(799,5): message :       _TimeStampBeforeCompile;
       C:\Program Files\dotnet\sdk\10.0.101\Sdks\Microsoft.NET.Sdk\targets\Microsoft.NET.Sdk.targets(799,5): message :       _GenerateCompileDependencyCache;
       C:\Program Files\dotnet\sdk\10.0.101\Sdks\Microsoft.NET.Sdk\targets\Microsoft.NET.Sdk.targets(799,5): message :       CoreCompile;
       C:\Program Files\dotnet\sdk\10.0.101\Sdks\Microsoft.NET.Sdk\targets\Microsoft.NET.Sdk.targets(799,5): message :       _TimeStampAfterCompile;
       C:\Program Files\dotnet\sdk\10.0.101\Sdks\Microsoft.NET.Sdk\targets\Microsoft.NET.Sdk.targets(799,5): message :       AfterCompile;
       C:\Program Files\dotnet\sdk\10.0.101\Sdks\Microsoft.NET.Sdk\targets\Microsoft.NET.Sdk.targets(799,5): message :     ;
       C:\Program Files\dotnet\sdk\10.0.101\Sdks\Microsoft.NET.Sdk\targets\Microsoft.NET.Sdk.targets(799,5): message :       _CreateAppHost;
       C:\Program Files\dotnet\sdk\10.0.101\Sdks\Microsoft.NET.Sdk\targets\Microsoft.NET.Sdk.targets(799,5): message :       _CreateComHost;
       C:\Program Files\dotnet\sdk\10.0.101\Sdks\Microsoft.NET.Sdk\targets\Microsoft.NET.Sdk.targets(799,5): message :       _GetIjwHostPaths;
       C:\Program Files\dotnet\sdk\10.0.101\Sdks\Microsoft.NET.Sdk\targets\Microsoft.NET.Sdk.targets(799,5): message :     " (previous value: "
       C:\Program Files\dotnet\sdk\10.0.101\Sdks\Microsoft.NET.Sdk\targets\Microsoft.NET.Sdk.targets(799,5): message :       ResolveReferences;
       C:\Program Files\dotnet\sdk\10.0.101\Sdks\Microsoft.NET.Sdk\targets\Microsoft.NET.Sdk.targets(799,5): message :       ResolveKeySource;
       C:\Program Files\dotnet\sdk\10.0.101\Sdks\Microsoft.NET.Sdk\targets\Microsoft.NET.Sdk.targets(799,5): message :       SetWin32ManifestProperties;
       C:\Program Files\dotnet\sdk\10.0.101\Sdks\Microsoft.NET.Sdk\targets\Microsoft.NET.Sdk.targets(799,5): message :       _SetPreferNativeArm64Win32ManifestProperties;
       C:\Program Files\dotnet\sdk\10.0.101\Sdks\Microsoft.NET.Sdk\targets\Microsoft.NET.Sdk.targets(799,5): message :       FindReferenceAssembliesForReferences;
       C:\Program Files\dotnet\sdk\10.0.101\Sdks\Microsoft.NET.Sdk\targets\Microsoft.NET.Sdk.targets(799,5): message :       _GenerateCompileInputs;
       C:\Program Files\dotnet\sdk\10.0.101\Sdks\Microsoft.NET.Sdk\targets\Microsoft.NET.Sdk.targets(799,5): message :       BeforeCompile;
       C:\Program Files\dotnet\sdk\10.0.101\Sdks\Microsoft.NET.Sdk\targets\Microsoft.NET.Sdk.targets(799,5): message :       _TimeStampBeforeCompile;
       C:\Program Files\dotnet\sdk\10.0.101\Sdks\Microsoft.NET.Sdk\targets\Microsoft.NET.Sdk.targets(799,5): message :       _GenerateCompileDependencyCache;
       C:\Program Files\dotnet\sdk\10.0.101\Sdks\Microsoft.NET.Sdk\targets\Microsoft.NET.Sdk.targets(799,5): message :       CoreCompile;
       C:\Program Files\dotnet\sdk\10.0.101\Sdks\Microsoft.NET.Sdk\targets\Microsoft.NET.Sdk.targets(799,5): message :       _TimeStampAfterCompile;
       C:\Program Files\dotnet\sdk\10.0.101\Sdks\Microsoft.NET.Sdk\targets\Microsoft.NET.Sdk.targets(799,5): message :       AfterCompile;
       C:\Program Files\dotnet\sdk\10.0.101\Sdks\Microsoft.NET.Sdk\targets\Microsoft.NET.Sdk.targets(799,5): message :     ") at C:\Program Files\dotnet\sdk\10.0.101\Sdks\Microsoft.NET.Sdk\targets\Microsoft.NET.Sdk.targets (799,5)
       C:\Program Files\dotnet\sdk\10.0.101\Sdks\Microsoft.NET.Sdk\targets\Microsoft.NET.Sdk.targets(1131,5): message : Property reassignment: $(CreateSatelliteAssembliesDependsOn)="
       C:\Program Files\dotnet\sdk\10.0.101\Sdks\Microsoft.NET.Sdk\targets\Microsoft.NET.Sdk.targets(1131,5): message :       
       C:\Program Files\dotnet\sdk\10.0.101\Sdks\Microsoft.NET.Sdk\targets\Microsoft.NET.Sdk.targets(1131,5): message :       ;
       C:\Program Files\dotnet\sdk\10.0.101\Sdks\Microsoft.NET.Sdk\targets\Microsoft.NET.Sdk.targets(1131,5): message :       _GenerateSatelliteAssemblyInputs;
       C:\Program Files\dotnet\sdk\10.0.101\Sdks\Microsoft.NET.Sdk\targets\Microsoft.NET.Sdk.targets(1131,5): message :       ComputeIntermediateSatelliteAssemblies;
       C:\Program Files\dotnet\sdk\10.0.101\Sdks\Microsoft.NET.Sdk\targets\Microsoft.NET.Sdk.targets(1131,5): message :       GenerateSatelliteAssemblies
       C:\Program Files\dotnet\sdk\10.0.101\Sdks\Microsoft.NET.Sdk\targets\Microsoft.NET.Sdk.targets(1131,5): message :     ;
       C:\Program Files\dotnet\sdk\10.0.101\Sdks\Microsoft.NET.Sdk\targets\Microsoft.NET.Sdk.targets(1131,5): message :       CoreGenerateSatelliteAssemblies
       C:\Program Files\dotnet\sdk\10.0.101\Sdks\Microsoft.NET.Sdk\targets\Microsoft.NET.Sdk.targets(1131,5): message :     " (previous value: "
       C:\Program Files\dotnet\sdk\10.0.101\Sdks\Microsoft.NET.Sdk\targets\Microsoft.NET.Sdk.targets(1131,5): message :       ;
       C:\Program Files\dotnet\sdk\10.0.101\Sdks\Microsoft.NET.Sdk\targets\Microsoft.NET.Sdk.targets(1131,5): message :       _GenerateSatelliteAssemblyInputs;
       C:\Program Files\dotnet\sdk\10.0.101\Sdks\Microsoft.NET.Sdk\targets\Microsoft.NET.Sdk.targets(1131,5): message :       ComputeIntermediateSatelliteAssemblies;
       C:\Program Files\dotnet\sdk\10.0.101\Sdks\Microsoft.NET.Sdk\targets\Microsoft.NET.Sdk.targets(1131,5): message :       GenerateSatelliteAssemblies
       C:\Program Files\dotnet\sdk\10.0.101\Sdks\Microsoft.NET.Sdk\targets\Microsoft.NET.Sdk.targets(1131,5): message :     ") at C:\Program Files\dotnet\sdk\10.0.101\Sdks\Microsoft.NET.Sdk\targets\Microsoft.NET.Sdk.targets (1131,5)
       C:\Program Files\dotnet\sdk\10.0.101\Sdks\Microsoft.SourceLink.GitLab\build\Microsoft.SourceLink.GitLab.targets(12,5): message : Property reassignment: $(SourceLinkUrlInitializerTargets)=";_InitializeGitHubSourceLinkUrl;_InitializeGitLabSourceLinkUrl" (previous value: ";_InitializeGitHubSourceLinkUrl") at C:\Program Files\dotnet\sdk\10.0.101\Sdks\Microsoft.SourceLink.GitLab\build\Microsoft.SourceLink.GitLab.targets (12,5)
       C:\Program Files\dotnet\sdk\10.0.101\Sdks\Microsoft.SourceLink.GitLab\build\Microsoft.SourceLink.GitLab.targets(13,5): message : Property reassignment: $(SourceControlManagerUrlTranslationTargets)=";TranslateGitHubUrlsInSourceControlInformation;TranslateGitLabUrlsInSourceControlInformation" (previous value: ";TranslateGitHubUrlsInSourceControlInformation") at C:\Program Files\dotnet\sdk\10.0.101\Sdks\Microsoft.SourceLink.GitLab\build\Microsoft.SourceLink.GitLab.targets (13,5)
       C:\Program Files\dotnet\sdk\10.0.101\Sdks\Microsoft.SourceLink.AzureRepos.Git\build\Microsoft.SourceLink.AzureRepos.Git.targets(12,5): message : Property reassignment: $(SourceLinkUrlInitializerTargets)=";_InitializeGitHubSourceLinkUrl;_InitializeGitLabSourceLinkUrl;_InitializeAzureReposGitSourceLinkUrl" (previous value: ";_InitializeGitHubSourceLinkUrl;_InitializeGitLabSourceLinkUrl") at C:\Program Files\dotnet\sdk\10.0.101\Sdks\Microsoft.SourceLink.AzureRepos.Git\build\Microsoft.SourceLink.AzureRepos.Git.targets (12,5)
       C:\Program Files\dotnet\sdk\10.0.101\Sdks\Microsoft.SourceLink.AzureRepos.Git\build\Microsoft.SourceLink.AzureRepos.Git.targets(13,5): message : Property reassignment: $(SourceControlManagerUrlTranslationTargets)=";TranslateGitHubUrlsInSourceControlInformation;TranslateGitLabUrlsInSourceControlInformation;TranslateAzureReposGitUrlsInSourceControlInformation" (previous value: ";TranslateGitHubUrlsInSourceControlInformation;TranslateGitLabUrlsInSourceControlInformation") at C:\Program Files\dotnet\sdk\10.0.101\Sdks\Microsoft.SourceLink.AzureRepos.Git\build\Microsoft.SourceLink.AzureRepos.Git.targets (13,5)
       C:\Program Files\dotnet\sdk\10.0.101\Sdks\Microsoft.SourceLink.Bitbucket.Git\build\Microsoft.SourceLink.Bitbucket.Git.targets(12,5): message : Property reassignment: $(SourceLinkUrlInitializerTargets)=";_InitializeGitHubSourceLinkUrl;_InitializeGitLabSourceLinkUrl;_InitializeAzureReposGitSourceLinkUrl;_InitializeBitbucketGitSourceLinkUrl" (previous value: ";_InitializeGitHubSourceLinkUrl;_InitializeGitLabSourceLinkUrl;_InitializeAzureReposGitSourceLinkUrl") at C:\Program Files\dotnet\sdk\10.0.101\Sdks\Microsoft.SourceLink.Bitbucket.Git\build\Microsoft.SourceLink.Bitbucket.Git.targets (12,5)
       C:\Program Files\dotnet\sdk\10.0.101\Sdks\Microsoft.SourceLink.Bitbucket.Git\build\Microsoft.SourceLink.Bitbucket.Git.targets(13,5): message : Property reassignment: $(SourceControlManagerUrlTranslationTargets)=";TranslateGitHubUrlsInSourceControlInformation;TranslateGitLabUrlsInSourceControlInformation;TranslateAzureReposGitUrlsInSourceControlInformation;TranslateBitbucketGitUrlsInSourceControlInformation" (previous value: ";TranslateGitHubUrlsInSourceControlInformation;TranslateGitLabUrlsInSourceControlInformation;TranslateAzureReposGitUrlsInSourceControlInformation") at C:\Program Files\dotnet\sdk\10.0.101\Sdks\Microsoft.SourceLink.Bitbucket.Git\build\Microsoft.SourceLink.Bitbucket.Git.targets (13,5)
       C:\Program Files\dotnet\sdk\10.0.101\Sdks\Microsoft.NET.Sdk\targets\Microsoft.NET.DesignerSupport.targets(21,5): message : Property reassignment: $(DesignerRuntimeImplementationProjectOutputGroupDependsOn)="
       C:\Program Files\dotnet\sdk\10.0.101\Sdks\Microsoft.NET.Sdk\targets\Microsoft.NET.DesignerSupport.targets(21,5): message :       
       C:\Program Files\dotnet\sdk\10.0.101\Sdks\Microsoft.NET.Sdk\targets\Microsoft.NET.DesignerSupport.targets(21,5): message :       ;
       C:\Program Files\dotnet\sdk\10.0.101\Sdks\Microsoft.NET.Sdk\targets\Microsoft.NET.DesignerSupport.targets(21,5): message :       
       C:\Program Files\dotnet\sdk\10.0.101\Sdks\Microsoft.NET.Sdk\targets\Microsoft.NET.DesignerSupport.targets(21,5): message :       ;
       C:\Program Files\dotnet\sdk\10.0.101\Sdks\Microsoft.NET.Sdk\targets\Microsoft.NET.DesignerSupport.targets(21,5): message :       BuildOnlySettings;
       C:\Program Files\dotnet\sdk\10.0.101\Sdks\Microsoft.NET.Sdk\targets\Microsoft.NET.DesignerSupport.targets(21,5): message :       PrepareForBuild;
       C:\Program Files\dotnet\sdk\10.0.101\Sdks\Microsoft.NET.Sdk\targets\Microsoft.NET.DesignerSupport.targets(21,5): message :       AssignTargetPaths;
       C:\Program Files\dotnet\sdk\10.0.101\Sdks\Microsoft.NET.Sdk\targets\Microsoft.NET.DesignerSupport.targets(21,5): message :       ResolveReferences
       C:\Program Files\dotnet\sdk\10.0.101\Sdks\Microsoft.NET.Sdk\targets\Microsoft.NET.DesignerSupport.targets(21,5): message :     
       C:\Program Files\dotnet\sdk\10.0.101\Sdks\Microsoft.NET.Sdk\targets\Microsoft.NET.DesignerSupport.targets(21,5): message :     ;
       C:\Program Files\dotnet\sdk\10.0.101\Sdks\Microsoft.NET.Sdk\targets\Microsoft.NET.DesignerSupport.targets(21,5): message :       _GenerateDesignerDepsFile;
       C:\Program Files\dotnet\sdk\10.0.101\Sdks\Microsoft.NET.Sdk\targets\Microsoft.NET.DesignerSupport.targets(21,5): message :       _GenerateDesignerRuntimeConfigFile;
       C:\Program Files\dotnet\sdk\10.0.101\Sdks\Microsoft.NET.Sdk\targets\Microsoft.NET.DesignerSupport.targets(21,5): message :       GetCopyToOutputDirectoryItems;
       C:\Program Files\dotnet\sdk\10.0.101\Sdks\Microsoft.NET.Sdk\targets\Microsoft.NET.DesignerSupport.targets(21,5): message :       _GatherDesignerShadowCopyFiles;
       C:\Program Files\dotnet\sdk\10.0.101\Sdks\Microsoft.NET.Sdk\targets\Microsoft.NET.DesignerSupport.targets(21,5): message :     " (previous value: "
       C:\Program Files\dotnet\sdk\10.0.101\Sdks\Microsoft.NET.Sdk\targets\Microsoft.NET.DesignerSupport.targets(21,5): message :       ;
       C:\Program Files\dotnet\sdk\10.0.101\Sdks\Microsoft.NET.Sdk\targets\Microsoft.NET.DesignerSupport.targets(21,5): message :       
       C:\Program Files\dotnet\sdk\10.0.101\Sdks\Microsoft.NET.Sdk\targets\Microsoft.NET.DesignerSupport.targets(21,5): message :       ;
       C:\Program Files\dotnet\sdk\10.0.101\Sdks\Microsoft.NET.Sdk\targets\Microsoft.NET.DesignerSupport.targets(21,5): message :       BuildOnlySettings;
       C:\Program Files\dotnet\sdk\10.0.101\Sdks\Microsoft.NET.Sdk\targets\Microsoft.NET.DesignerSupport.targets(21,5): message :       PrepareForBuild;
       C:\Program Files\dotnet\sdk\10.0.101\Sdks\Microsoft.NET.Sdk\targets\Microsoft.NET.DesignerSupport.targets(21,5): message :       AssignTargetPaths;
       C:\Program Files\dotnet\sdk\10.0.101\Sdks\Microsoft.NET.Sdk\targets\Microsoft.NET.DesignerSupport.targets(21,5): message :       ResolveReferences
       C:\Program Files\dotnet\sdk\10.0.101\Sdks\Microsoft.NET.Sdk\targets\Microsoft.NET.DesignerSupport.targets(21,5): message :     
       C:\Program Files\dotnet\sdk\10.0.101\Sdks\Microsoft.NET.Sdk\targets\Microsoft.NET.DesignerSupport.targets(21,5): message :     ") at C:\Program Files\dotnet\sdk\10.0.101\Sdks\Microsoft.NET.Sdk\targets\Microsoft.NET.DesignerSupport.targets (21,5)
       C:\Program Files\dotnet\sdk\10.0.101\Sdks\Microsoft.NET.Sdk\targets\Microsoft.NET.Sdk.CSharp.targets(31,5): message : Property reassignment: $(DefineConstants)="TRACE;DEBUG" (previous value: "TRACE") at C:\Program Files\dotnet\sdk\10.0.101\Sdks\Microsoft.NET.Sdk\targets\Microsoft.NET.Sdk.CSharp.targets (31,5)
       C:\Program Files\dotnet\sdk\10.0.101\Sdks\Microsoft.NET.Sdk\targets\Microsoft.NET.Sdk.CSharp.targets(45,5): message : Property reassignment: $(WarningsAsErrors)=";NU1605;SYSLIB0011" (previous value: ";NU1605") at C:\Program Files\dotnet\sdk\10.0.101\Sdks\Microsoft.NET.Sdk\targets\Microsoft.NET.Sdk.CSharp.targets (45,5)
       C:\Program Files\dotnet\sdk\10.0.101\NuGet.Build.Tasks.Pack.targets(34,5): message : Property reassignment: $(PackageDescription)="Package Description" (previous value: "") at C:\Program Files\dotnet\sdk\10.0.101\NuGet.Build.Tasks.Pack.targets (34,5)
       C:\Program Files\dotnet\sdk\10.0.101\NuGet.Build.Tasks.Pack.targets(59,5): message : Property reassignment: $(GenerateNuspecDependsOn)="Build;_LoadPackInputItems; _GetTargetFrameworksOutput; _WalkEachTargetPerFramework; _GetPackageFiles; " (previous value: "_LoadPackInputItems; _GetTargetFrameworksOutput; _WalkEachTargetPerFramework; _GetPackageFiles; ") at C:\Program Files\dotnet\sdk\10.0.101\NuGet.Build.Tasks.Pack.targets (59,5)
       C:\Program Files\dotnet\sdk\10.0.101\Sdks\Microsoft.NET.Sdk\Sdk\Sdk.targets(59,5): message : Property reassignment: $(_IsNotSetContainersTargetsDir)="true" (previous value: "false") at C:\Program Files\dotnet\sdk\10.0.101\Sdks\Microsoft.NET.Sdk\Sdk\Sdk.targets (59,5)
       C:\Program Files\dotnet\sdk\10.0.101\Containers\build\Microsoft.NET.Build.Containers.targets(5,5): message : Property reassignment: $(_IsSDKContainerAllowedVersion)="true" (previous value: "false") at C:\Program Files\dotnet\sdk\10.0.101\Containers\build\Microsoft.NET.Build.Containers.targets (5,5)
       C:\Program Files\dotnet\sdk\10.0.101\Containers\build\Microsoft.NET.Build.Containers.targets(15,5): message : Property reassignment: $(_ContainerIsTargetingNet8TFM)="true" (previous value: "false") at C:\Program Files\dotnet\sdk\10.0.101\Containers\build\Microsoft.NET.Build.Containers.targets (15,5)
       Overriding target "ResolveFrameworkReferences" in project "C:\Program Files\dotnet\sdk\10.0.101\Microsoft.Common.CurrentVersion.targets" with target "ResolveFrameworkReferences" from project "C:\Program Files\dotnet\sdk\10.0.101\Sdks\Microsoft.NET.Sdk\targets\Microsoft.NET.Sdk.FrameworkReferenceResolution.targets".
       Overriding target "GenerateSupportedTargetFrameworkAlias" in project "C:\Program Files\dotnet\sdk\10.0.101\Microsoft.Common.CurrentVersion.targets" with target "GenerateSupportedTargetFrameworkAlias" from project "C:\Program Files\dotnet\sdk\10.0.101\Sdks\Microsoft.NET.Sdk\targets\Microsoft.NET.Sdk.targets".
       Overriding target "GetReferenceAssemblyPaths" in project "C:\Program Files\dotnet\sdk\10.0.101\Microsoft.Common.CurrentVersion.targets" with target "GetReferenceAssemblyPaths" from project "C:\Program Files\dotnet\sdk\10.0.101\Sdks\Microsoft.NET.Sdk\targets\Microsoft.NET.DisableStandardFrameworkResolution.targets".
       Overriding target "GetFrameworkPaths" in project "C:\Program Files\dotnet\sdk\10.0.101\Microsoft.Common.CurrentVersion.targets" with target "GetFrameworkPaths" from project "C:\Program Files\dotnet\sdk\10.0.101\Sdks\Microsoft.NET.Sdk\targets\Microsoft.NET.DisableStandardFrameworkResolution.targets".
       Overriding target "DesignerRuntimeImplementationProjectOutputGroup" in project "C:\Program Files\dotnet\sdk\10.0.101\Microsoft.Common.CurrentVersion.targets" with target "DesignerRuntimeImplementationProjectOutputGroup" from project "C:\Program Files\dotnet\sdk\10.0.101\Sdks\Microsoft.NET.Sdk\targets\Microsoft.NET.DesignerSupport.targets".
       Overriding target "Publish" in project "C:\Program Files\dotnet\sdk\10.0.101\Microsoft.Common.CurrentVersion.targets" with target "Publish" from project "C:\Program Files\dotnet\sdk\10.0.101\Sdks\Microsoft.NET.Sdk\targets\Microsoft.NET.Publish.targets".
       Overriding target "ResolveReadyToRunCompilers" in project "C:\Program Files\dotnet\sdk\10.0.101\Sdks\Microsoft.NET.Sdk\targets\Microsoft.NET.CrossGen.targets" with target "ResolveReadyToRunCompilers" from project "C:\Program Files\dotnet\sdk\10.0.101\Sdks\Microsoft.NET.Sdk\targets\Microsoft.NET.Publish.targets".
       Overriding target "GetCopyToPublishDirectoryItems" in project "C:\Program Files\dotnet\sdk\10.0.101\Microsoft.Common.CurrentVersion.targets" with target "GetCopyToPublishDirectoryItems" from project "C:\Program Files\dotnet\sdk\10.0.101\Sdks\Microsoft.NET.Sdk\targets\Microsoft.NET.Publish.targets".
       Overriding target "Run" in project "C:\Program Files\dotnet\sdk\10.0.101\Microsoft.Common.CurrentVersion.targets" with target "Run" from project "C:\Program Files\dotnet\sdk\10.0.101\Sdks\Microsoft.NET.Sdk\targets\Microsoft.NET.Sdk.targets".
     2>Project "C:\Users\giris\Documents\Code\Redesign-POS\Windows Based POS\Magidesk\Magidesk.Application\Magidesk.Application.csproj" (2) is building "C:\Users\giris\Documents\Code\Redesign-POS\Windows Based POS\Magidesk\Magidesk.Domain\Magidesk.Domain.csproj" (3) on node 1 (_GenerateRestoreProjectPathWalk target(s)).
     3>Target "_GenerateRestoreProjectPathItemsPerFramework" in file "C:\Program Files\dotnet\sdk\10.0.101\NuGet.targets" from project "C:\Users\giris\Documents\Code\Redesign-POS\Windows Based POS\Magidesk\Magidesk.Domain\Magidesk.Domain.csproj" (target "_GenerateRestoreProjectPathItemsCurrentProject" depends on it):
     3>Task "ConvertToAbsolutePath"
       Done executing task "ConvertToAbsolutePath".
     3>Done building target "_GenerateRestoreProjectPathItemsPerFramework" in project "Magidesk.Domain.csproj".
     3>Target "_GenerateRestoreProjectPathItemsCurrentProject" in file "C:\Program Files\dotnet\sdk\10.0.101\NuGet.targets" from project "C:\Users\giris\Documents\Code\Redesign-POS\Windows Based POS\Magidesk\Magidesk.Domain\Magidesk.Domain.csproj" (target "_GenerateRestoreProjectPathItems" depends on it):
     3>Done building target "_GenerateRestoreProjectPathItemsCurrentProject" in project "Magidesk.Domain.csproj".
     3>Target "_GenerateRestoreProjectPathItems" in file "C:\Program Files\dotnet\sdk\10.0.101\NuGet.targets" from project "C:\Users\giris\Documents\Code\Redesign-POS\Windows Based POS\Magidesk\Magidesk.Domain\Magidesk.Domain.csproj" (target "_GenerateRestoreProjectPathWalk" depends on it):
       Task "RemoveDuplicates"
       Done executing task "RemoveDuplicates".
     3>Done building target "_GenerateRestoreProjectPathItems" in project "Magidesk.Domain.csproj".
     3>Target "_GenerateRestoreProjectPathWalk" in file "C:\Program Files\dotnet\sdk\10.0.101\NuGet.targets" from project "C:\Users\giris\Documents\Code\Redesign-POS\Windows Based POS\Magidesk\Magidesk.Domain\Magidesk.Domain.csproj" (entry point):
       Task "MSBuild"
     0>Overriding target "ResolveFrameworkReferences" in project "C:\Program Files\dotnet\sdk\10.0.101\Microsoft.Common.CurrentVersion.targets" with target "ResolveFrameworkReferences" from project "C:\Program Files\dotnet\sdk\10.0.101\Sdks\Microsoft.NET.Sdk\targets\Microsoft.NET.Sdk.FrameworkReferenceResolution.targets".
       Overriding target "GenerateSupportedTargetFrameworkAlias" in project "C:\Program Files\dotnet\sdk\10.0.101\Microsoft.Common.CurrentVersion.targets" with target "GenerateSupportedTargetFrameworkAlias" from project "C:\Program Files\dotnet\sdk\10.0.101\Sdks\Microsoft.NET.Sdk\targets\Microsoft.NET.Sdk.targets".
       Overriding target "GetReferenceAssemblyPaths" in project "C:\Program Files\dotnet\sdk\10.0.101\Microsoft.Common.CurrentVersion.targets" with target "GetReferenceAssemblyPaths" from project "C:\Program Files\dotnet\sdk\10.0.101\Sdks\Microsoft.NET.Sdk\targets\Microsoft.NET.DisableStandardFrameworkResolution.targets".
       Overriding target "GetFrameworkPaths" in project "C:\Program Files\dotnet\sdk\10.0.101\Microsoft.Common.CurrentVersion.targets" with target "GetFrameworkPaths" from project "C:\Program Files\dotnet\sdk\10.0.101\Sdks\Microsoft.NET.Sdk\targets\Microsoft.NET.DisableStandardFrameworkResolution.targets".
       Overriding target "DesignerRuntimeImplementationProjectOutputGroup" in project "C:\Program Files\dotnet\sdk\10.0.101\Microsoft.Common.CurrentVersion.targets" with target "DesignerRuntimeImplementationProjectOutputGroup" from project "C:\Program Files\dotnet\sdk\10.0.101\Sdks\Microsoft.NET.Sdk\targets\Microsoft.NET.DesignerSupport.targets".
     3>Done executing task "MSBuild".
     0>Overriding target "Publish" in project "C:\Program Files\dotnet\sdk\10.0.101\Microsoft.Common.CurrentVersion.targets" with target "Publish" from project "C:\Program Files\dotnet\sdk\10.0.101\Sdks\Microsoft.NET.Sdk\targets\Microsoft.NET.Publish.targets".
       Overriding target "ResolveReadyToRunCompilers" in project "C:\Program Files\dotnet\sdk\10.0.101\Sdks\Microsoft.NET.Sdk\targets\Microsoft.NET.CrossGen.targets" with target "ResolveReadyToRunCompilers" from project "C:\Program Files\dotnet\sdk\10.0.101\Sdks\Microsoft.NET.Sdk\targets\Microsoft.NET.Publish.targets".
     3>Task "RemoveDuplicates"
     0>Overriding target "GetCopyToPublishDirectoryItems" in project "C:\Program Files\dotnet\sdk\10.0.101\Microsoft.Common.CurrentVersion.targets" with target "GetCopyToPublishDirectoryItems" from project "C:\Program Files\dotnet\sdk\10.0.101\Sdks\Microsoft.NET.Sdk\targets\Microsoft.NET.Publish.targets".
       Overriding target "Run" in project "C:\Program Files\dotnet\sdk\10.0.101\Microsoft.Common.CurrentVersion.targets" with target "Run" from project "C:\Program Files\dotnet\sdk\10.0.101\Sdks\Microsoft.NET.Sdk\targets\Microsoft.NET.Sdk.targets".
     3>Done executing task "RemoveDuplicates".
     3>Done building target "_GenerateRestoreProjectPathWalk" in project "Magidesk.Domain.csproj".
     3>Done Building Project "C:\Users\giris\Documents\Code\Redesign-POS\Windows Based POS\Magidesk\Magidesk.Domain\Magidesk.Domain.csproj" (_GenerateRestoreProjectPathWalk target(s)).
     2>Done executing task "MSBuild".
       Task "RemoveDuplicates"
       Done executing task "RemoveDuplicates".
     2>Done building target "_GenerateRestoreProjectPathWalk" in project "Magidesk.Application.csproj".
     2>Done Building Project "C:\Users\giris\Documents\Code\Redesign-POS\Windows Based POS\Magidesk\Magidesk.Application\Magidesk.Application.csproj" (_GenerateRestoreProjectPathWalk target(s)).
   1:3>Project "C:\Users\giris\Documents\Code\Redesign-POS\Windows Based POS\Magidesk\Magidesk.Presentation.csproj" (1:3) is building "C:\Users\giris\Documents\Code\Redesign-POS\Windows Based POS\Magidesk\Magidesk.Infrastructure\Magidesk.Infrastructure.csproj" (4) on node 2 (_GenerateRestoreProjectPathWalk target(s)).
     4>Target "_GenerateRestoreProjectPathItemsPerFramework" in file "C:\Program Files\dotnet\sdk\10.0.101\NuGet.targets" from project "C:\Users\giris\Documents\Code\Redesign-POS\Windows Based POS\Magidesk\Magidesk.Infrastructure\Magidesk.Infrastructure.csproj" (target "_GenerateRestoreProjectPathItemsCurrentProject" depends on it):
     4>Using "ConvertToAbsolutePath" task from assembly "Microsoft.Build.Tasks.Core, Version=15.1.0.0, Culture=neutral, PublicKeyToken=b03f5f7f11d50a3a".
       Task "ConvertToAbsolutePath"
       Done executing task "ConvertToAbsolutePath".
     4>Done building target "_GenerateRestoreProjectPathItemsPerFramework" in project "Magidesk.Infrastructure.csproj".
     4>Target "_GenerateRestoreProjectPathItemsCurrentProject" in file "C:\Program Files\dotnet\sdk\10.0.101\NuGet.targets" from project "C:\Users\giris\Documents\Code\Redesign-POS\Windows Based POS\Magidesk\Magidesk.Infrastructure\Magidesk.Infrastructure.csproj" (target "_GenerateRestoreProjectPathItems" depends on it):
     4>Done building target "_GenerateRestoreProjectPathItemsCurrentProject" in project "Magidesk.Infrastructure.csproj".
     4>Target "_GenerateRestoreProjectPathItems" in file "C:\Program Files\dotnet\sdk\10.0.101\NuGet.targets" from project "C:\Users\giris\Documents\Code\Redesign-POS\Windows Based POS\Magidesk\Magidesk.Infrastructure\Magidesk.Infrastructure.csproj" (target "_GenerateRestoreProjectPathWalk" depends on it):
       Using "RemoveDuplicates" task from assembly "Microsoft.Build.Tasks.Core, Version=15.1.0.0, Culture=neutral, PublicKeyToken=b03f5f7f11d50a3a".
       Task "RemoveDuplicates"
       Done executing task "RemoveDuplicates".
     4>Done building target "_GenerateRestoreProjectPathItems" in project "Magidesk.Infrastructure.csproj".
     4>Target "_GenerateRestoreProjectPathWalk" in file "C:\Program Files\dotnet\sdk\10.0.101\NuGet.targets" from project "C:\Users\giris\Documents\Code\Redesign-POS\Windows Based POS\Magidesk\Magidesk.Infrastructure\Magidesk.Infrastructure.csproj" (entry point):
       Using "MSBuild" task from assembly "Microsoft.Build.Tasks.Core, Version=15.1.0.0, Culture=neutral, PublicKeyToken=b03f5f7f11d50a3a".
       Task "MSBuild"
         Global Properties:
           ExcludeRestorePackageImports=true
     4>Project "C:\Users\giris\Documents\Code\Redesign-POS\Windows Based POS\Magidesk\Magidesk.Infrastructure\Magidesk.Infrastructure.csproj" (4) is building "C:\Users\giris\Documents\Code\Redesign-POS\Windows Based POS\Magidesk\Magidesk.Application\Magidesk.Application.csproj" (2:2) on node 1 (_GenerateRestoreProjectPathWalk target(s)).
   2:2>Target "_GenerateRestoreProjectPathWalk" skipped. Previously built successfully.
   2:2>Done Building Project "C:\Users\giris\Documents\Code\Redesign-POS\Windows Based POS\Magidesk\Magidesk.Application\Magidesk.Application.csproj" (_GenerateRestoreProjectPathWalk target(s)).
     4>Project "C:\Users\giris\Documents\Code\Redesign-POS\Windows Based POS\Magidesk\Magidesk.Infrastructure\Magidesk.Infrastructure.csproj" (4) is building "C:\Users\giris\Documents\Code\Redesign-POS\Windows Based POS\Magidesk\Magidesk.Domain\Magidesk.Domain.csproj" (3:2) on node 1 (_GenerateRestoreProjectPathWalk target(s)).
   3:2>Target "_GenerateRestoreProjectPathWalk" skipped. Previously built successfully.
   3:2>Done Building Project "C:\Users\giris\Documents\Code\Redesign-POS\Windows Based POS\Magidesk\Magidesk.Domain\Magidesk.Domain.csproj" (_GenerateRestoreProjectPathWalk target(s)).
     4>Done executing task "MSBuild".
       Task "RemoveDuplicates"
       Done executing task "RemoveDuplicates".
     4>Done building target "_GenerateRestoreProjectPathWalk" in project "Magidesk.Infrastructure.csproj".
     4>Done Building Project "C:\Users\giris\Documents\Code\Redesign-POS\Windows Based POS\Magidesk\Magidesk.Infrastructure\Magidesk.Infrastructure.csproj" (_GenerateRestoreProjectPathWalk target(s)).
   1:3>Done executing task "MSBuild".
       Task "RemoveDuplicates"
       Done executing task "RemoveDuplicates".
   1:3>Done building target "_GenerateRestoreProjectPathWalk" in project "Magidesk.Presentation.csproj".
   1:3>Done Building Project "C:\Users\giris\Documents\Code\Redesign-POS\Windows Based POS\Magidesk\Magidesk.Presentation.csproj" (_GenerateRestoreProjectPathWalk target(s)).
     1>Done executing task "MSBuild".
       Task "RemoveDuplicates"
       Done executing task "RemoveDuplicates".
       Task "MSBuild"
         Global Properties:
           ExcludeRestorePackageImports=true
     1>Project "C:\Users\giris\Documents\Code\Redesign-POS\Windows Based POS\Magidesk\Magidesk.Presentation.csproj" (1) is building "C:\Users\giris\Documents\Code\Redesign-POS\Windows Based POS\Magidesk\Magidesk.Presentation.csproj" (1:4) on node 1 (_IsProjectRestoreSupported target(s)).
   1:4>Target "_IsProjectRestoreSupported" skipped. Previously built successfully.
   1:4>Done Building Project "C:\Users\giris\Documents\Code\Redesign-POS\Windows Based POS\Magidesk\Magidesk.Presentation.csproj" (_IsProjectRestoreSupported target(s)).
     1>Project "C:\Users\giris\Documents\Code\Redesign-POS\Windows Based POS\Magidesk\Magidesk.Presentation.csproj" (1) is building "C:\Users\giris\Documents\Code\Redesign-POS\Windows Based POS\Magidesk\Magidesk.Application\Magidesk.Application.csproj" (2:3) on node 1 (_IsProjectRestoreSupported target(s)).
   2:3>Target "_IsProjectRestoreSupported" in file "C:\Program Files\dotnet\sdk\10.0.101\NuGet.targets" from project "C:\Users\giris\Documents\Code\Redesign-POS\Windows Based POS\Magidesk\Magidesk.Application\Magidesk.Application.csproj" (entry point):
   2:3>Done building target "_IsProjectRestoreSupported" in project "Magidesk.Application.csproj".
   2:3>Done Building Project "C:\Users\giris\Documents\Code\Redesign-POS\Windows Based POS\Magidesk\Magidesk.Application\Magidesk.Application.csproj" (_IsProjectRestoreSupported target(s)).
     1>Project "C:\Users\giris\Documents\Code\Redesign-POS\Windows Based POS\Magidesk\Magidesk.Presentation.csproj" (1) is building "C:\Users\giris\Documents\Code\Redesign-POS\Windows Based POS\Magidesk\Magidesk.Infrastructure\Magidesk.Infrastructure.csproj" (4:2) on node 2 (_IsProjectRestoreSupported target(s)).
   4:2>Target "_IsProjectRestoreSupported" in file "C:\Program Files\dotnet\sdk\10.0.101\NuGet.targets" from project "C:\Users\giris\Documents\Code\Redesign-POS\Windows Based POS\Magidesk\Magidesk.Infrastructure\Magidesk.Infrastructure.csproj" (entry point):
   4:2>Done building target "_IsProjectRestoreSupported" in project "Magidesk.Infrastructure.csproj".
   4:2>Done Building Project "C:\Users\giris\Documents\Code\Redesign-POS\Windows Based POS\Magidesk\Magidesk.Infrastructure\Magidesk.Infrastructure.csproj" (_IsProjectRestoreSupported target(s)).
     1>Project "C:\Users\giris\Documents\Code\Redesign-POS\Windows Based POS\Magidesk\Magidesk.Presentation.csproj" (1) is building "C:\Users\giris\Documents\Code\Redesign-POS\Windows Based POS\Magidesk\Magidesk.Domain\Magidesk.Domain.csproj" (3:3) on node 1 (_IsProjectRestoreSupported target(s)).
   3:3>Target "_IsProjectRestoreSupported" in file "C:\Program Files\dotnet\sdk\10.0.101\NuGet.targets" from project "C:\Users\giris\Documents\Code\Redesign-POS\Windows Based POS\Magidesk\Magidesk.Domain\Magidesk.Domain.csproj" (entry point):
   3:3>Done building target "_IsProjectRestoreSupported" in project "Magidesk.Domain.csproj".
   3:3>Done Building Project "C:\Users\giris\Documents\Code\Redesign-POS\Windows Based POS\Magidesk\Magidesk.Domain\Magidesk.Domain.csproj" (_IsProjectRestoreSupported target(s)).
     1>Done executing task "MSBuild".
     1>Done building target "_GetAllRestoreProjectPathItems" in project "Magidesk.Presentation.csproj".
     1>Target "_GenerateRestoreGraph" in file "C:\Program Files\dotnet\sdk\10.0.101\NuGet.targets" from project "C:\Users\giris\Documents\Code\Redesign-POS\Windows Based POS\Magidesk\Magidesk.Presentation.csproj" (target "Restore" depends on it):
       Using "Message" task from assembly "Microsoft.Build.Tasks.Core, Version=15.1.0.0, Culture=neutral, PublicKeyToken=b03f5f7f11d50a3a".
       Task "Message"
         Generating dg file
       Done executing task "Message".
       Task "Message"
         C:\Users\giris\Documents\Code\Redesign-POS\Windows Based POS\Magidesk\Magidesk.Application\Magidesk.Application.csproj
       Done executing task "Message".
       Task "Message"
         C:\Users\giris\Documents\Code\Redesign-POS\Windows Based POS\Magidesk\Magidesk.Infrastructure\Magidesk.Infrastructure.csproj
       Done executing task "Message".
       Task "Message"
         C:\Users\giris\Documents\Code\Redesign-POS\Windows Based POS\Magidesk\Magidesk.Domain\Magidesk.Domain.csproj
       Done executing task "Message".
       Task "Message"
         C:\Users\giris\Documents\Code\Redesign-POS\Windows Based POS\Magidesk\Magidesk.Presentation.csproj
       Done executing task "Message".
       Task "MSBuild"
         Global Properties:
           ExcludeRestorePackageImports=true
     1>Project "C:\Users\giris\Documents\Code\Redesign-POS\Windows Based POS\Magidesk\Magidesk.Presentation.csproj" (1) is building "C:\Users\giris\Documents\Code\Redesign-POS\Windows Based POS\Magidesk\Magidesk.Application\Magidesk.Application.csproj" (2:4) on node 1 (_GenerateRestoreGraphProjectEntry target(s)).
   2:4>Target "_CheckForUnsupportedNETCoreVersion" in file "C:\Program Files\dotnet\sdk\10.0.101\Sdks\Microsoft.NET.Sdk\targets\Microsoft.NET.TargetFrameworkInference.targets" from project "C:\Users\giris\Documents\Code\Redesign-POS\Windows Based POS\Magidesk\Magidesk.Application\Magidesk.Application.csproj" (target "CollectPackageReferences" depends on it):
   2:4>Done building target "_CheckForUnsupportedNETCoreVersion" in project "Magidesk.Application.csproj".
   2:4>Target "_CheckForUnsupportedCppNETCoreVersion" in file "C:\Program Files\dotnet\sdk\10.0.101\Sdks\Microsoft.NET.Sdk\targets\Microsoft.NET.TargetFrameworkInference.targets" from project "C:\Users\giris\Documents\Code\Redesign-POS\Windows Based POS\Magidesk\Magidesk.Application\Magidesk.Application.csproj" (target "CollectPackageReferences" depends on it):
   2:4>Done building target "_CheckForUnsupportedCppNETCoreVersion" in project "Magidesk.Application.csproj".
     1>Project "C:\Users\giris\Documents\Code\Redesign-POS\Windows Based POS\Magidesk\Magidesk.Presentation.csproj" (1) is building "C:\Users\giris\Documents\Code\Redesign-POS\Windows Based POS\Magidesk\Magidesk.Infrastructure\Magidesk.Infrastructure.csproj" (4:3) on node 2 (_GenerateRestoreGraphProjectEntry target(s)).
   4:3>Target "_CheckForUnsupportedNETCoreVersion" in file "C:\Program Files\dotnet\sdk\10.0.101\Sdks\Microsoft.NET.Sdk\targets\Microsoft.NET.TargetFrameworkInference.targets" from project "C:\Users\giris\Documents\Code\Redesign-POS\Windows Based POS\Magidesk\Magidesk.Infrastructure\Magidesk.Infrastructure.csproj" (target "CollectPackageReferences" depends on it):
   4:3>Done building target "_CheckForUnsupportedNETCoreVersion" in project "Magidesk.Infrastructure.csproj".
   4:3>Target "_CheckForUnsupportedCppNETCoreVersion" in file "C:\Program Files\dotnet\sdk\10.0.101\Sdks\Microsoft.NET.Sdk\targets\Microsoft.NET.TargetFrameworkInference.targets" from project "C:\Users\giris\Documents\Code\Redesign-POS\Windows Based POS\Magidesk\Magidesk.Infrastructure\Magidesk.Infrastructure.csproj" (target "CollectPackageReferences" depends on it):
   4:3>Done building target "_CheckForUnsupportedCppNETCoreVersion" in project "Magidesk.Infrastructure.csproj".
   4:3>Target "UpdateAspNetToFrameworkReference" in file "C:\Program Files\dotnet\sdk\10.0.101\Sdks\Microsoft.NET.Sdk\targets\Microsoft.NET.Sdk.DefaultItems.Shared.targets" from project "C:\Users\giris\Documents\Code\Redesign-POS\Windows Based POS\Magidesk\Magidesk.Infrastructure\Magidesk.Infrastructure.csproj" (target "ApplyImplicitVersions" depends on it):
       Using "CheckIfPackageReferenceShouldBeFrameworkReference" task from assembly "C:\Program Files\dotnet\sdk\10.0.101\Sdks\Microsoft.NET.Sdk\targets\..\tools\net10.0\Microsoft.NET.Build.Tasks.dll".
       Task "CheckIfPackageReferenceShouldBeFrameworkReference"
       Done executing task "CheckIfPackageReferenceShouldBeFrameworkReference".
       Task "CheckIfPackageReferenceShouldBeFrameworkReference"
       Done executing task "CheckIfPackageReferenceShouldBeFrameworkReference".
   4:3>Done building target "UpdateAspNetToFrameworkReference" in project "Magidesk.Infrastructure.csproj".
   4:3>Target "CheckForImplicitPackageReferenceOverrides" in file "C:\Program Files\dotnet\sdk\10.0.101\Sdks\Microsoft.NET.Sdk\targets\Microsoft.NET.Sdk.DefaultItems.Shared.targets" from project "C:\Users\giris\Documents\Code\Redesign-POS\Windows Based POS\Magidesk\Magidesk.Infrastructure\Magidesk.Infrastructure.csproj" (target "ApplyImplicitVersions" depends on it):
       Using "CheckForImplicitPackageReferenceOverrides" task from assembly "C:\Program Files\dotnet\sdk\10.0.101\Sdks\Microsoft.NET.Sdk\targets\..\tools\net10.0\Microsoft.NET.Build.Tasks.dll".
       Task "CheckForImplicitPackageReferenceOverrides"
       Done executing task "CheckForImplicitPackageReferenceOverrides".
   4:3>Done building target "CheckForImplicitPackageReferenceOverrides" in project "Magidesk.Infrastructure.csproj".
   4:3>Target "ApplyImplicitVersions" in file "C:\Program Files\dotnet\sdk\10.0.101\Sdks\Microsoft.NET.Sdk\targets\Microsoft.NET.Sdk.DefaultItems.Shared.targets" from project "C:\Users\giris\Documents\Code\Redesign-POS\Windows Based POS\Magidesk\Magidesk.Infrastructure\Magidesk.Infrastructure.csproj" (target "CollectPackageReferences" depends on it):
       Using "ApplyImplicitVersions" task from assembly "C:\Program Files\dotnet\sdk\10.0.101\Sdks\Microsoft.NET.Sdk\targets\..\tools\net10.0\Microsoft.NET.Build.Tasks.dll".
       Task "ApplyImplicitVersions"
       Done executing task "ApplyImplicitVersions".
   4:3>Done building target "ApplyImplicitVersions" in project "Magidesk.Infrastructure.csproj".
       Target "CheckForImplicitPackageReferenceOverrides" skipped. Previously built successfully.
   4:3>Target "_CheckForLanguageAndFeatureCombinationSupport" in file "C:\Program Files\dotnet\sdk\10.0.101\Sdks\Microsoft.NET.Sdk\targets\Microsoft.NET.RuntimeIdentifierInference.targets" from project "C:\Users\giris\Documents\Code\Redesign-POS\Windows Based POS\Magidesk\Magidesk.Infrastructure\Magidesk.Infrastructure.csproj" (target "ProcessFrameworkReferences" depends on it):
   4:3>Done building target "_CheckForLanguageAndFeatureCombinationSupport" in project "Magidesk.Infrastructure.csproj".
   4:3>Target "_ComputeToolPackInputsToProcessFrameworkReferences" in file "C:\Program Files\dotnet\sdk\10.0.101\Sdks\Microsoft.NET.Sdk\targets\Microsoft.NET.Publish.targets" from project "C:\Users\giris\Documents\Code\Redesign-POS\Windows Based POS\Magidesk\Magidesk.Infrastructure\Magidesk.Infrastructure.csproj" (target "ProcessFrameworkReferences" depends on it):
   4:3>Done building target "_ComputeToolPackInputsToProcessFrameworkReferences" in project "Magidesk.Infrastructure.csproj".
   4:3>Target "ProcessFrameworkReferences" in file "C:\Program Files\dotnet\sdk\10.0.101\Sdks\Microsoft.NET.Sdk\targets\Microsoft.NET.Sdk.FrameworkReferenceResolution.targets" from project "C:\Users\giris\Documents\Code\Redesign-POS\Windows Based POS\Magidesk\Magidesk.Infrastructure\Magidesk.Infrastructure.csproj" (target "CollectPackageReferences" depends on it):
       Using "CheckForDuplicateFrameworkReferences" task from assembly "C:\Program Files\dotnet\sdk\10.0.101\Sdks\Microsoft.NET.Sdk\targets\..\tools\net10.0\Microsoft.NET.Build.Tasks.dll".
       Task "CheckForDuplicateFrameworkReferences"
       Done executing task "CheckForDuplicateFrameworkReferences".
       Using "ProcessFrameworkReferences" task from assembly "C:\Program Files\dotnet\sdk\10.0.101\Sdks\Microsoft.NET.Sdk\targets\..\tools\net10.0\Microsoft.NET.Build.Tasks.dll".
       Task "ProcessFrameworkReferences"
         Found 1 known framework references for target framework .NETCoreApp
         Found 5 known runtime packs for target framework .NETCoreApp
         Selected Microsoft.NETCore.App with RIDs 'linux-arm;linux-arm64;linux-musl-arm64;linux-musl-x64;linux-x64;osx-x64;tizen.4.0.0-armel;tizen.5.0.0-armel;win-arm64;win-x64;win-x86;linux-musl-arm;osx-arm64;linux-s390x;linux-loongarch64;linux-bionic-arm;linux-bionic-arm64;linux-bionic-x64;linux-bionic-x86;linux-ppc64le;freebsd-x64;freebsd-arm64'
         Selected targeting pack 'Microsoft.NETCore.App@8.0.22'
         Added runtime framework 'Microsoft.NETCore.App@8.0.0'
         Selected Microsoft.WindowsDesktop.App with RIDs 'win-x64;win-x86;win-arm64'
         Selected targeting pack 'Microsoft.WindowsDesktop.App@8.0.22'
         Added runtime framework 'Microsoft.WindowsDesktop.App@8.0.0'
         Selected Microsoft.WindowsDesktop.App with RIDs 'win-x64;win-x86;win-arm64'
         Selected targeting pack 'Microsoft.WindowsDesktop.App.WPF@8.0.22'
         Added runtime framework 'Microsoft.WindowsDesktop.App@8.0.0'
         Selected Microsoft.WindowsDesktop.App with RIDs 'win-x64;win-x86;win-arm64'
         Selected targeting pack 'Microsoft.WindowsDesktop.App.WindowsForms@8.0.22'
         Added runtime framework 'Microsoft.WindowsDesktop.App@8.0.0'
         Selected Microsoft.AspNetCore.App with RIDs 'win-x64;win-x86;osx-x64;linux-musl-x64;linux-musl-arm64;linux-x64;linux-arm;linux-arm64;linux-musl-arm;win-arm64;osx-arm64;linux-s390x;linux-loongarch64;linux-ppc64le;freebsd-x64;freebsd-arm64'
         Selected targeting pack 'Microsoft.AspNetCore.App@8.0.22'
         Added runtime framework 'Microsoft.AspNetCore.App@8.0.0'
       Done executing task "ProcessFrameworkReferences".
       Using "ResolveAppHosts" task from assembly "C:\Program Files\dotnet\sdk\10.0.101\Sdks\Microsoft.NET.Sdk\targets\..\tools\net10.0\Microsoft.NET.Build.Tasks.dll".
       Task "ResolveAppHosts"
       Done executing task "ResolveAppHosts".
   4:3>Done building target "ProcessFrameworkReferences" in project "Magidesk.Infrastructure.csproj".
   4:3>Target "_CheckForObsoleteDotNetCliToolReferences" in file "C:\Program Files\dotnet\sdk\10.0.101\Sdks\Microsoft.NET.Sdk\targets\Microsoft.NET.ObsoleteReferences.targets" from project "C:\Users\giris\Documents\Code\Redesign-POS\Windows Based POS\Magidesk\Magidesk.Infrastructure\Magidesk.Infrastructure.csproj" (target "CollectPackageReferences" depends on it):
   4:3>Done building target "_CheckForObsoleteDotNetCliToolReferences" in project "Magidesk.Infrastructure.csproj".
   4:3>Target "CollectPackageReferences" in file "C:\Program Files\dotnet\sdk\10.0.101\NuGet.targets" from project "C:\Users\giris\Documents\Code\Redesign-POS\Windows Based POS\Magidesk\Magidesk.Infrastructure\Magidesk.Infrastructure.csproj" (target "_GetRestoreProjectStyle" depends on it):
       Using "CheckForDuplicateNuGetItemsTask" task from assembly "C:\Program Files\dotnet\sdk\10.0.101\NuGet.Build.Tasks.dll".
       Task "CheckForDuplicateNuGetItemsTask"
       Done executing task "CheckForDuplicateNuGetItemsTask".
   4:3>Done building target "CollectPackageReferences" in project "Magidesk.Infrastructure.csproj".
   4:3>Target "_GetRestoreProjectStyle" in file "C:\Program Files\dotnet\sdk\10.0.101\NuGet.targets" from project "C:\Users\giris\Documents\Code\Redesign-POS\Windows Based POS\Magidesk\Magidesk.Infrastructure\Magidesk.Infrastructure.csproj" (target "_GenerateRestoreSpecs" depends on it):
       Using "GetRestoreProjectStyleTask" task from assembly "C:\Program Files\dotnet\sdk\10.0.101\NuGet.Build.Tasks.dll".
       Task "GetRestoreProjectStyleTask"
       Done executing task "GetRestoreProjectStyleTask".
   4:3>Done building target "_GetRestoreProjectStyle" in project "Magidesk.Infrastructure.csproj".
   4:3>Target "_GenerateRestoreSpecs" in file "C:\Program Files\dotnet\sdk\10.0.101\NuGet.targets" from project "C:\Users\giris\Documents\Code\Redesign-POS\Windows Based POS\Magidesk\Magidesk.Infrastructure\Magidesk.Infrastructure.csproj" (target "_GenerateRestoreGraphProjectEntry" depends on it):
       Using "Message" task from assembly "Microsoft.Build.Tasks.Core, Version=15.1.0.0, Culture=neutral, PublicKeyToken=b03f5f7f11d50a3a".
       Task "Message"
         Restore entry point C:\Users\giris\Documents\Code\Redesign-POS\Windows Based POS\Magidesk\Magidesk.Infrastructure\Magidesk.Infrastructure.csproj
       Done executing task "Message".
   2:4>Target "UpdateAspNetToFrameworkReference" in file "C:\Program Files\dotnet\sdk\10.0.101\Sdks\Microsoft.NET.Sdk\targets\Microsoft.NET.Sdk.DefaultItems.Shared.targets" from project "C:\Users\giris\Documents\Code\Redesign-POS\Windows Based POS\Magidesk\Magidesk.Application\Magidesk.Application.csproj" (target "ApplyImplicitVersions" depends on it):
   2:4>Using "CheckIfPackageReferenceShouldBeFrameworkReference" task from assembly "C:\Program Files\dotnet\sdk\10.0.101\Sdks\Microsoft.NET.Sdk\targets\..\tools\net10.0\Microsoft.NET.Build.Tasks.dll".
       Task "CheckIfPackageReferenceShouldBeFrameworkReference"
   4:3>Done building target "_GenerateRestoreSpecs" in project "Magidesk.Infrastructure.csproj".
   4:3>Target "_GetRestoreSettingsOverrides" in file "C:\Program Files\dotnet\sdk\10.0.101\NuGet.targets" from project "C:\Users\giris\Documents\Code\Redesign-POS\Windows Based POS\Magidesk\Magidesk.Infrastructure\Magidesk.Infrastructure.csproj" (target "_GetRestoreSettings" depends on it):
   4:3>Done building target "_GetRestoreSettingsOverrides" in project "Magidesk.Infrastructure.csproj".
   4:3>Target "_GetRestoreSettingsPerFramework" in file "C:\Program Files\dotnet\sdk\10.0.101\NuGet.targets" from project "C:\Users\giris\Documents\Code\Redesign-POS\Windows Based POS\Magidesk\Magidesk.Infrastructure\Magidesk.Infrastructure.csproj" (target "_GetRestoreSettingsCurrentProject" depends on it):
   4:3>Done building target "_GetRestoreSettingsPerFramework" in project "Magidesk.Infrastructure.csproj".
   4:3>Target "_GetRestoreSettingsCurrentProject" in file "C:\Program Files\dotnet\sdk\10.0.101\NuGet.targets" from project "C:\Users\giris\Documents\Code\Redesign-POS\Windows Based POS\Magidesk\Magidesk.Infrastructure\Magidesk.Infrastructure.csproj" (target "_GetRestoreSettings" depends on it):
   4:3>Done building target "_GetRestoreSettingsCurrentProject" in project "Magidesk.Infrastructure.csproj".
   4:3>Target "_GetRestoreSettings" in file "C:\Program Files\dotnet\sdk\10.0.101\NuGet.targets" from project "C:\Users\giris\Documents\Code\Redesign-POS\Windows Based POS\Magidesk\Magidesk.Infrastructure\Magidesk.Infrastructure.csproj" (target "_GenerateDotnetCliToolReferenceSpecs" depends on it):
       Using "GetRestoreSettingsTask" task from assembly "C:\Program Files\dotnet\sdk\10.0.101\NuGet.Build.Tasks.dll".
       Task "GetRestoreSettingsTask"
   2:4>Done executing task "CheckIfPackageReferenceShouldBeFrameworkReference".
       Task "CheckIfPackageReferenceShouldBeFrameworkReference"
       Done executing task "CheckIfPackageReferenceShouldBeFrameworkReference".
   2:4>Done building target "UpdateAspNetToFrameworkReference" in project "Magidesk.Application.csproj".
   2:4>Target "CheckForImplicitPackageReferenceOverrides" in file "C:\Program Files\dotnet\sdk\10.0.101\Sdks\Microsoft.NET.Sdk\targets\Microsoft.NET.Sdk.DefaultItems.Shared.targets" from project "C:\Users\giris\Documents\Code\Redesign-POS\Windows Based POS\Magidesk\Magidesk.Application\Magidesk.Application.csproj" (target "ApplyImplicitVersions" depends on it):
       Using "CheckForImplicitPackageReferenceOverrides" task from assembly "C:\Program Files\dotnet\sdk\10.0.101\Sdks\Microsoft.NET.Sdk\targets\..\tools\net10.0\Microsoft.NET.Build.Tasks.dll".
       Task "CheckForImplicitPackageReferenceOverrides"
       Done executing task "CheckForImplicitPackageReferenceOverrides".
   2:4>Done building target "CheckForImplicitPackageReferenceOverrides" in project "Magidesk.Application.csproj".
   2:4>Target "ApplyImplicitVersions" in file "C:\Program Files\dotnet\sdk\10.0.101\Sdks\Microsoft.NET.Sdk\targets\Microsoft.NET.Sdk.DefaultItems.Shared.targets" from project "C:\Users\giris\Documents\Code\Redesign-POS\Windows Based POS\Magidesk\Magidesk.Application\Magidesk.Application.csproj" (target "CollectPackageReferences" depends on it):
       Using "ApplyImplicitVersions" task from assembly "C:\Program Files\dotnet\sdk\10.0.101\Sdks\Microsoft.NET.Sdk\targets\..\tools\net10.0\Microsoft.NET.Build.Tasks.dll".
   4:3>Done executing task "GetRestoreSettingsTask".
   2:4>Task "ApplyImplicitVersions"
   4:3>Done building target "_GetRestoreSettings" in project "Magidesk.Infrastructure.csproj".
   4:3>Target "_GenerateDotnetCliToolReferenceSpecs" in file "C:\Program Files\dotnet\sdk\10.0.101\NuGet.targets" from project "C:\Users\giris\Documents\Code\Redesign-POS\Windows Based POS\Magidesk\Magidesk.Infrastructure\Magidesk.Infrastructure.csproj" (target "_GenerateRestoreGraphProjectEntry" depends on it):
       Using "GetRestoreDotnetCliToolsTask" task from assembly "C:\Program Files\dotnet\sdk\10.0.101\NuGet.Build.Tasks.dll".
       Task "GetRestoreDotnetCliToolsTask"
       Done executing task "GetRestoreDotnetCliToolsTask".
   2:4>Done executing task "ApplyImplicitVersions".
   4:3>Done building target "_GenerateDotnetCliToolReferenceSpecs" in project "Magidesk.Infrastructure.csproj".
   4:3>Target "_GenerateRestoreGraphProjectEntry" in file "C:\Program Files\dotnet\sdk\10.0.101\NuGet.targets" from project "C:\Users\giris\Documents\Code\Redesign-POS\Windows Based POS\Magidesk\Magidesk.Infrastructure\Magidesk.Infrastructure.csproj" (entry point):
   4:3>Done building target "_GenerateRestoreGraphProjectEntry" in project "Magidesk.Infrastructure.csproj".
   2:4>Done building target "ApplyImplicitVersions" in project "Magidesk.Application.csproj".
       Target "CheckForImplicitPackageReferenceOverrides" skipped. Previously built successfully.
   2:4>Target "_CheckForLanguageAndFeatureCombinationSupport" in file "C:\Program Files\dotnet\sdk\10.0.101\Sdks\Microsoft.NET.Sdk\targets\Microsoft.NET.RuntimeIdentifierInference.targets" from project "C:\Users\giris\Documents\Code\Redesign-POS\Windows Based POS\Magidesk\Magidesk.Application\Magidesk.Application.csproj" (target "ProcessFrameworkReferences" depends on it):
   2:4>Done building target "_CheckForLanguageAndFeatureCombinationSupport" in project "Magidesk.Application.csproj".
   4:3>Done Building Project "C:\Users\giris\Documents\Code\Redesign-POS\Windows Based POS\Magidesk\Magidesk.Infrastructure\Magidesk.Infrastructure.csproj" (_GenerateRestoreGraphProjectEntry target(s)).
   2:4>Target "_ComputeToolPackInputsToProcessFrameworkReferences" in file "C:\Program Files\dotnet\sdk\10.0.101\Sdks\Microsoft.NET.Sdk\targets\Microsoft.NET.Publish.targets" from project "C:\Users\giris\Documents\Code\Redesign-POS\Windows Based POS\Magidesk\Magidesk.Application\Magidesk.Application.csproj" (target "ProcessFrameworkReferences" depends on it):
   2:4>Done building target "_ComputeToolPackInputsToProcessFrameworkReferences" in project "Magidesk.Application.csproj".
   2:4>Target "ProcessFrameworkReferences" in file "C:\Program Files\dotnet\sdk\10.0.101\Sdks\Microsoft.NET.Sdk\targets\Microsoft.NET.Sdk.FrameworkReferenceResolution.targets" from project "C:\Users\giris\Documents\Code\Redesign-POS\Windows Based POS\Magidesk\Magidesk.Application\Magidesk.Application.csproj" (target "CollectPackageReferences" depends on it):
       Using "CheckForDuplicateFrameworkReferences" task from assembly "C:\Program Files\dotnet\sdk\10.0.101\Sdks\Microsoft.NET.Sdk\targets\..\tools\net10.0\Microsoft.NET.Build.Tasks.dll".
       Task "CheckForDuplicateFrameworkReferences"
       Done executing task "CheckForDuplicateFrameworkReferences".
       Using "ProcessFrameworkReferences" task from assembly "C:\Program Files\dotnet\sdk\10.0.101\Sdks\Microsoft.NET.Sdk\targets\..\tools\net10.0\Microsoft.NET.Build.Tasks.dll".
       Task "ProcessFrameworkReferences"
         Found 1 known framework references for target framework .NETCoreApp
         Found 5 known runtime packs for target framework .NETCoreApp
         Selected Microsoft.NETCore.App with RIDs 'linux-arm;linux-arm64;linux-musl-arm64;linux-musl-x64;linux-x64;osx-x64;tizen.4.0.0-armel;tizen.5.0.0-armel;win-arm64;win-x64;win-x86;linux-musl-arm;osx-arm64;linux-s390x;linux-loongarch64;linux-bionic-arm;linux-bionic-arm64;linux-bionic-x64;linux-bionic-x86;linux-ppc64le;freebsd-x64;freebsd-arm64'
         Selected targeting pack 'Microsoft.NETCore.App@8.0.22'
         Added runtime framework 'Microsoft.NETCore.App@8.0.0'
         Selected Microsoft.WindowsDesktop.App with RIDs 'win-x64;win-x86;win-arm64'
         Selected targeting pack 'Microsoft.WindowsDesktop.App@8.0.22'
         Added runtime framework 'Microsoft.WindowsDesktop.App@8.0.0'
         Selected Microsoft.WindowsDesktop.App with RIDs 'win-x64;win-x86;win-arm64'
         Selected targeting pack 'Microsoft.WindowsDesktop.App.WPF@8.0.22'
         Added runtime framework 'Microsoft.WindowsDesktop.App@8.0.0'
         Selected Microsoft.WindowsDesktop.App with RIDs 'win-x64;win-x86;win-arm64'
         Selected targeting pack 'Microsoft.WindowsDesktop.App.WindowsForms@8.0.22'
         Added runtime framework 'Microsoft.WindowsDesktop.App@8.0.0'
         Selected Microsoft.AspNetCore.App with RIDs 'win-x64;win-x86;osx-x64;linux-musl-x64;linux-musl-arm64;linux-x64;linux-arm;linux-arm64;linux-musl-arm;win-arm64;osx-arm64;linux-s390x;linux-loongarch64;linux-ppc64le;freebsd-x64;freebsd-arm64'
         Selected targeting pack 'Microsoft.AspNetCore.App@8.0.22'
         Added runtime framework 'Microsoft.AspNetCore.App@8.0.0'
       Done executing task "ProcessFrameworkReferences".
       Using "ResolveAppHosts" task from assembly "C:\Program Files\dotnet\sdk\10.0.101\Sdks\Microsoft.NET.Sdk\targets\..\tools\net10.0\Microsoft.NET.Build.Tasks.dll".
       Task "ResolveAppHosts"
       Done executing task "ResolveAppHosts".
   2:4>Done building target "ProcessFrameworkReferences" in project "Magidesk.Application.csproj".
   2:4>Target "_CheckForObsoleteDotNetCliToolReferences" in file "C:\Program Files\dotnet\sdk\10.0.101\Sdks\Microsoft.NET.Sdk\targets\Microsoft.NET.ObsoleteReferences.targets" from project "C:\Users\giris\Documents\Code\Redesign-POS\Windows Based POS\Magidesk\Magidesk.Application\Magidesk.Application.csproj" (target "CollectPackageReferences" depends on it):
   2:4>Done building target "_CheckForObsoleteDotNetCliToolReferences" in project "Magidesk.Application.csproj".
   2:4>Target "CollectPackageReferences" in file "C:\Program Files\dotnet\sdk\10.0.101\NuGet.targets" from project "C:\Users\giris\Documents\Code\Redesign-POS\Windows Based POS\Magidesk\Magidesk.Application\Magidesk.Application.csproj" (target "_GetRestoreProjectStyle" depends on it):
       Using "CheckForDuplicateNuGetItemsTask" task from assembly "C:\Program Files\dotnet\sdk\10.0.101\NuGet.Build.Tasks.dll".
       Task "CheckForDuplicateNuGetItemsTask"
       Done executing task "CheckForDuplicateNuGetItemsTask".
   2:4>Done building target "CollectPackageReferences" in project "Magidesk.Application.csproj".
   2:4>Target "_GetRestoreProjectStyle" in file "C:\Program Files\dotnet\sdk\10.0.101\NuGet.targets" from project "C:\Users\giris\Documents\Code\Redesign-POS\Windows Based POS\Magidesk\Magidesk.Application\Magidesk.Application.csproj" (target "_GenerateRestoreSpecs" depends on it):
       Using "GetRestoreProjectStyleTask" task from assembly "C:\Program Files\dotnet\sdk\10.0.101\NuGet.Build.Tasks.dll".
       Task "GetRestoreProjectStyleTask"
       Done executing task "GetRestoreProjectStyleTask".
   2:4>Done building target "_GetRestoreProjectStyle" in project "Magidesk.Application.csproj".
   2:4>Target "_GenerateRestoreSpecs" in file "C:\Program Files\dotnet\sdk\10.0.101\NuGet.targets" from project "C:\Users\giris\Documents\Code\Redesign-POS\Windows Based POS\Magidesk\Magidesk.Application\Magidesk.Application.csproj" (target "_GenerateRestoreGraphProjectEntry" depends on it):
       Task "Message"
         Restore entry point C:\Users\giris\Documents\Code\Redesign-POS\Windows Based POS\Magidesk\Magidesk.Application\Magidesk.Application.csproj
       Done executing task "Message".
   2:4>Done building target "_GenerateRestoreSpecs" in project "Magidesk.Application.csproj".
   2:4>Target "_GetRestoreSettingsOverrides" in file "C:\Program Files\dotnet\sdk\10.0.101\NuGet.targets" from project "C:\Users\giris\Documents\Code\Redesign-POS\Windows Based POS\Magidesk\Magidesk.Application\Magidesk.Application.csproj" (target "_GetRestoreSettings" depends on it):
   2:4>Done building target "_GetRestoreSettingsOverrides" in project "Magidesk.Application.csproj".
   2:4>Target "_GetRestoreSettingsPerFramework" in file "C:\Program Files\dotnet\sdk\10.0.101\NuGet.targets" from project "C:\Users\giris\Documents\Code\Redesign-POS\Windows Based POS\Magidesk\Magidesk.Application\Magidesk.Application.csproj" (target "_GetRestoreSettingsCurrentProject" depends on it):
   2:4>Done building target "_GetRestoreSettingsPerFramework" in project "Magidesk.Application.csproj".
   2:4>Target "_GetRestoreSettingsCurrentProject" in file "C:\Program Files\dotnet\sdk\10.0.101\NuGet.targets" from project "C:\Users\giris\Documents\Code\Redesign-POS\Windows Based POS\Magidesk\Magidesk.Application\Magidesk.Application.csproj" (target "_GetRestoreSettings" depends on it):
   2:4>Done building target "_GetRestoreSettingsCurrentProject" in project "Magidesk.Application.csproj".
   2:4>Target "_GetRestoreSettings" in file "C:\Program Files\dotnet\sdk\10.0.101\NuGet.targets" from project "C:\Users\giris\Documents\Code\Redesign-POS\Windows Based POS\Magidesk\Magidesk.Application\Magidesk.Application.csproj" (target "_GenerateDotnetCliToolReferenceSpecs" depends on it):
       Using "GetRestoreSettingsTask" task from assembly "C:\Program Files\dotnet\sdk\10.0.101\NuGet.Build.Tasks.dll".
       Task "GetRestoreSettingsTask"
         Assembly loaded during TaskRun (NuGet.Build.Tasks.GetRestoreSettingsTask): NuGet.Configuration, Version=7.0.0.0, Culture=neutral, PublicKeyToken=31bf3856ad364e35 (location: C:\Program Files\dotnet\sdk\10.0.101\NuGet.Configuration.dll, MVID: 48b0ca1c-220b-4c21-8fab-d2d14e375158, AssemblyLoadContext: MSBuild plugin C:\Program Files\dotnet\sdk\10.0.101\NuGet.Build.Tasks.dll)
       Done executing task "GetRestoreSettingsTask".
   2:4>Done building target "_GetRestoreSettings" in project "Magidesk.Application.csproj".
   2:4>Target "_GenerateDotnetCliToolReferenceSpecs" in file "C:\Program Files\dotnet\sdk\10.0.101\NuGet.targets" from project "C:\Users\giris\Documents\Code\Redesign-POS\Windows Based POS\Magidesk\Magidesk.Application\Magidesk.Application.csproj" (target "_GenerateRestoreGraphProjectEntry" depends on it):
       Using "GetRestoreDotnetCliToolsTask" task from assembly "C:\Program Files\dotnet\sdk\10.0.101\NuGet.Build.Tasks.dll".
       Task "GetRestoreDotnetCliToolsTask"
       Done executing task "GetRestoreDotnetCliToolsTask".
   2:4>Done building target "_GenerateDotnetCliToolReferenceSpecs" in project "Magidesk.Application.csproj".
   2:4>Target "_GenerateRestoreGraphProjectEntry" in file "C:\Program Files\dotnet\sdk\10.0.101\NuGet.targets" from project "C:\Users\giris\Documents\Code\Redesign-POS\Windows Based POS\Magidesk\Magidesk.Application\Magidesk.Application.csproj" (entry point):
   2:4>Done building target "_GenerateRestoreGraphProjectEntry" in project "Magidesk.Application.csproj".
   2:4>Done Building Project "C:\Users\giris\Documents\Code\Redesign-POS\Windows Based POS\Magidesk\Magidesk.Application\Magidesk.Application.csproj" (_GenerateRestoreGraphProjectEntry target(s)).
     1>Project "C:\Users\giris\Documents\Code\Redesign-POS\Windows Based POS\Magidesk\Magidesk.Presentation.csproj" (1) is building "C:\Users\giris\Documents\Code\Redesign-POS\Windows Based POS\Magidesk\Magidesk.Domain\Magidesk.Domain.csproj" (3:4) on node 1 (_GenerateRestoreGraphProjectEntry target(s)).
   3:4>Target "_CheckForUnsupportedNETCoreVersion" in file "C:\Program Files\dotnet\sdk\10.0.101\Sdks\Microsoft.NET.Sdk\targets\Microsoft.NET.TargetFrameworkInference.targets" from project "C:\Users\giris\Documents\Code\Redesign-POS\Windows Based POS\Magidesk\Magidesk.Domain\Magidesk.Domain.csproj" (target "CollectPackageReferences" depends on it):
   3:4>Done building target "_CheckForUnsupportedNETCoreVersion" in project "Magidesk.Domain.csproj".
   3:4>Target "_CheckForUnsupportedCppNETCoreVersion" in file "C:\Program Files\dotnet\sdk\10.0.101\Sdks\Microsoft.NET.Sdk\targets\Microsoft.NET.TargetFrameworkInference.targets" from project "C:\Users\giris\Documents\Code\Redesign-POS\Windows Based POS\Magidesk\Magidesk.Domain\Magidesk.Domain.csproj" (target "CollectPackageReferences" depends on it):
   3:4>Done building target "_CheckForUnsupportedCppNETCoreVersion" in project "Magidesk.Domain.csproj".
   3:4>Target "CheckForImplicitPackageReferenceOverrides" in file "C:\Program Files\dotnet\sdk\10.0.101\Sdks\Microsoft.NET.Sdk\targets\Microsoft.NET.Sdk.DefaultItems.Shared.targets" from project "C:\Users\giris\Documents\Code\Redesign-POS\Windows Based POS\Magidesk\Magidesk.Domain\Magidesk.Domain.csproj" (target "CollectPackageReferences" depends on it):
       Using "CheckForImplicitPackageReferenceOverrides" task from assembly "C:\Program Files\dotnet\sdk\10.0.101\Sdks\Microsoft.NET.Sdk\targets\..\tools\net10.0\Microsoft.NET.Build.Tasks.dll".
       Task "CheckForImplicitPackageReferenceOverrides"
       Done executing task "CheckForImplicitPackageReferenceOverrides".
   3:4>Done building target "CheckForImplicitPackageReferenceOverrides" in project "Magidesk.Domain.csproj".
   3:4>Target "_CheckForLanguageAndFeatureCombinationSupport" in file "C:\Program Files\dotnet\sdk\10.0.101\Sdks\Microsoft.NET.Sdk\targets\Microsoft.NET.RuntimeIdentifierInference.targets" from project "C:\Users\giris\Documents\Code\Redesign-POS\Windows Based POS\Magidesk\Magidesk.Domain\Magidesk.Domain.csproj" (target "ProcessFrameworkReferences" depends on it):
   3:4>Done building target "_CheckForLanguageAndFeatureCombinationSupport" in project "Magidesk.Domain.csproj".
   3:4>Target "_ComputeToolPackInputsToProcessFrameworkReferences" in file "C:\Program Files\dotnet\sdk\10.0.101\Sdks\Microsoft.NET.Sdk\targets\Microsoft.NET.Publish.targets" from project "C:\Users\giris\Documents\Code\Redesign-POS\Windows Based POS\Magidesk\Magidesk.Domain\Magidesk.Domain.csproj" (target "ProcessFrameworkReferences" depends on it):
   3:4>Done building target "_ComputeToolPackInputsToProcessFrameworkReferences" in project "Magidesk.Domain.csproj".
   3:4>Target "ProcessFrameworkReferences" in file "C:\Program Files\dotnet\sdk\10.0.101\Sdks\Microsoft.NET.Sdk\targets\Microsoft.NET.Sdk.FrameworkReferenceResolution.targets" from project "C:\Users\giris\Documents\Code\Redesign-POS\Windows Based POS\Magidesk\Magidesk.Domain\Magidesk.Domain.csproj" (target "CollectPackageReferences" depends on it):
       Using "CheckForDuplicateFrameworkReferences" task from assembly "C:\Program Files\dotnet\sdk\10.0.101\Sdks\Microsoft.NET.Sdk\targets\..\tools\net10.0\Microsoft.NET.Build.Tasks.dll".
       Task "CheckForDuplicateFrameworkReferences"
       Done executing task "CheckForDuplicateFrameworkReferences".
       Using "ProcessFrameworkReferences" task from assembly "C:\Program Files\dotnet\sdk\10.0.101\Sdks\Microsoft.NET.Sdk\targets\..\tools\net10.0\Microsoft.NET.Build.Tasks.dll".
       Task "ProcessFrameworkReferences"
         Found 1 known framework references for target framework .NETCoreApp
         Found 5 known runtime packs for target framework .NETCoreApp
         Selected Microsoft.NETCore.App with RIDs 'linux-arm;linux-arm64;linux-musl-arm64;linux-musl-x64;linux-x64;osx-x64;tizen.4.0.0-armel;tizen.5.0.0-armel;win-arm64;win-x64;win-x86;linux-musl-arm;osx-arm64;linux-s390x;linux-loongarch64;linux-bionic-arm;linux-bionic-arm64;linux-bionic-x64;linux-bionic-x86;linux-ppc64le;freebsd-x64;freebsd-arm64'
         Selected targeting pack 'Microsoft.NETCore.App@8.0.22'
         Added runtime framework 'Microsoft.NETCore.App@8.0.0'
         Selected Microsoft.WindowsDesktop.App with RIDs 'win-x64;win-x86;win-arm64'
         Selected targeting pack 'Microsoft.WindowsDesktop.App@8.0.22'
         Added runtime framework 'Microsoft.WindowsDesktop.App@8.0.0'
         Selected Microsoft.WindowsDesktop.App with RIDs 'win-x64;win-x86;win-arm64'
         Selected targeting pack 'Microsoft.WindowsDesktop.App.WPF@8.0.22'
         Added runtime framework 'Microsoft.WindowsDesktop.App@8.0.0'
         Selected Microsoft.WindowsDesktop.App with RIDs 'win-x64;win-x86;win-arm64'
         Selected targeting pack 'Microsoft.WindowsDesktop.App.WindowsForms@8.0.22'
         Added runtime framework 'Microsoft.WindowsDesktop.App@8.0.0'
         Selected Microsoft.AspNetCore.App with RIDs 'win-x64;win-x86;osx-x64;linux-musl-x64;linux-musl-arm64;linux-x64;linux-arm;linux-arm64;linux-musl-arm;win-arm64;osx-arm64;linux-s390x;linux-loongarch64;linux-ppc64le;freebsd-x64;freebsd-arm64'
         Selected targeting pack 'Microsoft.AspNetCore.App@8.0.22'
         Added runtime framework 'Microsoft.AspNetCore.App@8.0.0'
       Done executing task "ProcessFrameworkReferences".
       Using "ResolveAppHosts" task from assembly "C:\Program Files\dotnet\sdk\10.0.101\Sdks\Microsoft.NET.Sdk\targets\..\tools\net10.0\Microsoft.NET.Build.Tasks.dll".
       Task "ResolveAppHosts"
       Done executing task "ResolveAppHosts".
   3:4>Done building target "ProcessFrameworkReferences" in project "Magidesk.Domain.csproj".
   3:4>Target "_CheckForObsoleteDotNetCliToolReferences" in file "C:\Program Files\dotnet\sdk\10.0.101\Sdks\Microsoft.NET.Sdk\targets\Microsoft.NET.ObsoleteReferences.targets" from project "C:\Users\giris\Documents\Code\Redesign-POS\Windows Based POS\Magidesk\Magidesk.Domain\Magidesk.Domain.csproj" (target "CollectPackageReferences" depends on it):
   3:4>Done building target "_CheckForObsoleteDotNetCliToolReferences" in project "Magidesk.Domain.csproj".
   3:4>Target "CollectPackageReferences" in file "C:\Program Files\dotnet\sdk\10.0.101\NuGet.targets" from project "C:\Users\giris\Documents\Code\Redesign-POS\Windows Based POS\Magidesk\Magidesk.Domain\Magidesk.Domain.csproj" (target "_GetRestoreProjectStyle" depends on it):
       Using "CheckForDuplicateNuGetItemsTask" task from assembly "C:\Program Files\dotnet\sdk\10.0.101\NuGet.Build.Tasks.dll".
       Task "CheckForDuplicateNuGetItemsTask"
       Done executing task "CheckForDuplicateNuGetItemsTask".
   3:4>Done building target "CollectPackageReferences" in project "Magidesk.Domain.csproj".
   3:4>Target "_GetRestoreProjectStyle" in file "C:\Program Files\dotnet\sdk\10.0.101\NuGet.targets" from project "C:\Users\giris\Documents\Code\Redesign-POS\Windows Based POS\Magidesk\Magidesk.Domain\Magidesk.Domain.csproj" (target "_GenerateRestoreSpecs" depends on it):
       Using "GetRestoreProjectStyleTask" task from assembly "C:\Program Files\dotnet\sdk\10.0.101\NuGet.Build.Tasks.dll".
       Task "GetRestoreProjectStyleTask"
       Done executing task "GetRestoreProjectStyleTask".
   3:4>Done building target "_GetRestoreProjectStyle" in project "Magidesk.Domain.csproj".
   3:4>Target "_GenerateRestoreSpecs" in file "C:\Program Files\dotnet\sdk\10.0.101\NuGet.targets" from project "C:\Users\giris\Documents\Code\Redesign-POS\Windows Based POS\Magidesk\Magidesk.Domain\Magidesk.Domain.csproj" (target "_GenerateRestoreGraphProjectEntry" depends on it):
       Task "Message"
         Restore entry point C:\Users\giris\Documents\Code\Redesign-POS\Windows Based POS\Magidesk\Magidesk.Domain\Magidesk.Domain.csproj
       Done executing task "Message".
   3:4>Done building target "_GenerateRestoreSpecs" in project "Magidesk.Domain.csproj".
   3:4>Target "_GetRestoreSettingsOverrides" in file "C:\Program Files\dotnet\sdk\10.0.101\NuGet.targets" from project "C:\Users\giris\Documents\Code\Redesign-POS\Windows Based POS\Magidesk\Magidesk.Domain\Magidesk.Domain.csproj" (target "_GetRestoreSettings" depends on it):
   3:4>Done building target "_GetRestoreSettingsOverrides" in project "Magidesk.Domain.csproj".
   3:4>Target "_GetRestoreSettingsPerFramework" in file "C:\Program Files\dotnet\sdk\10.0.101\NuGet.targets" from project "C:\Users\giris\Documents\Code\Redesign-POS\Windows Based POS\Magidesk\Magidesk.Domain\Magidesk.Domain.csproj" (target "_GetRestoreSettingsCurrentProject" depends on it):
   3:4>Done building target "_GetRestoreSettingsPerFramework" in project "Magidesk.Domain.csproj".
   3:4>Target "_GetRestoreSettingsCurrentProject" in file "C:\Program Files\dotnet\sdk\10.0.101\NuGet.targets" from project "C:\Users\giris\Documents\Code\Redesign-POS\Windows Based POS\Magidesk\Magidesk.Domain\Magidesk.Domain.csproj" (target "_GetRestoreSettings" depends on it):
   3:4>Done building target "_GetRestoreSettingsCurrentProject" in project "Magidesk.Domain.csproj".
   3:4>Target "_GetRestoreSettings" in file "C:\Program Files\dotnet\sdk\10.0.101\NuGet.targets" from project "C:\Users\giris\Documents\Code\Redesign-POS\Windows Based POS\Magidesk\Magidesk.Domain\Magidesk.Domain.csproj" (target "_GenerateDotnetCliToolReferenceSpecs" depends on it):
       Using "GetRestoreSettingsTask" task from assembly "C:\Program Files\dotnet\sdk\10.0.101\NuGet.Build.Tasks.dll".
       Task "GetRestoreSettingsTask"
       Done executing task "GetRestoreSettingsTask".
   3:4>Done building target "_GetRestoreSettings" in project "Magidesk.Domain.csproj".
   3:4>Target "_GenerateDotnetCliToolReferenceSpecs" in file "C:\Program Files\dotnet\sdk\10.0.101\NuGet.targets" from project "C:\Users\giris\Documents\Code\Redesign-POS\Windows Based POS\Magidesk\Magidesk.Domain\Magidesk.Domain.csproj" (target "_GenerateRestoreGraphProjectEntry" depends on it):
       Using "GetRestoreDotnetCliToolsTask" task from assembly "C:\Program Files\dotnet\sdk\10.0.101\NuGet.Build.Tasks.dll".
       Task "GetRestoreDotnetCliToolsTask"
       Done executing task "GetRestoreDotnetCliToolsTask".
   3:4>Done building target "_GenerateDotnetCliToolReferenceSpecs" in project "Magidesk.Domain.csproj".
   3:4>Target "_GenerateRestoreGraphProjectEntry" in file "C:\Program Files\dotnet\sdk\10.0.101\NuGet.targets" from project "C:\Users\giris\Documents\Code\Redesign-POS\Windows Based POS\Magidesk\Magidesk.Domain\Magidesk.Domain.csproj" (entry point):
   3:4>Done building target "_GenerateRestoreGraphProjectEntry" in project "Magidesk.Domain.csproj".
   3:4>Done Building Project "C:\Users\giris\Documents\Code\Redesign-POS\Windows Based POS\Magidesk\Magidesk.Domain\Magidesk.Domain.csproj" (_GenerateRestoreGraphProjectEntry target(s)).
     1>Project "C:\Users\giris\Documents\Code\Redesign-POS\Windows Based POS\Magidesk\Magidesk.Presentation.csproj" (1) is building "C:\Users\giris\Documents\Code\Redesign-POS\Windows Based POS\Magidesk\Magidesk.Presentation.csproj" (1:5) on node 1 (_GenerateRestoreGraphProjectEntry target(s)).
   1:5>Target "_CheckForUnsupportedTargetPlatformIdentifier" in file "C:\Program Files\dotnet\sdk\10.0.101\Sdks\Microsoft.NET.Sdk\targets\Microsoft.NET.TargetFrameworkInference.targets" from project "C:\Users\giris\Documents\Code\Redesign-POS\Windows Based POS\Magidesk\Magidesk.Presentation.csproj" (target "CollectPackageReferences" depends on it):
   1:5>Done building target "_CheckForUnsupportedTargetPlatformIdentifier" in project "Magidesk.Presentation.csproj".
   1:5>Target "_CheckForUnsupportedNETCoreVersion" in file "C:\Program Files\dotnet\sdk\10.0.101\Sdks\Microsoft.NET.Sdk\targets\Microsoft.NET.TargetFrameworkInference.targets" from project "C:\Users\giris\Documents\Code\Redesign-POS\Windows Based POS\Magidesk\Magidesk.Presentation.csproj" (target "CollectPackageReferences" depends on it):
   1:5>Done building target "_CheckForUnsupportedNETCoreVersion" in project "Magidesk.Presentation.csproj".
   1:5>Target "_CheckForUnsupportedCppNETCoreVersion" in file "C:\Program Files\dotnet\sdk\10.0.101\Sdks\Microsoft.NET.Sdk\targets\Microsoft.NET.TargetFrameworkInference.targets" from project "C:\Users\giris\Documents\Code\Redesign-POS\Windows Based POS\Magidesk\Magidesk.Presentation.csproj" (target "CollectPackageReferences" depends on it):
   1:5>Done building target "_CheckForUnsupportedCppNETCoreVersion" in project "Magidesk.Presentation.csproj".
   1:5>Target "UpdateAspNetToFrameworkReference" in file "C:\Program Files\dotnet\sdk\10.0.101\Sdks\Microsoft.NET.Sdk\targets\Microsoft.NET.Sdk.DefaultItems.Shared.targets" from project "C:\Users\giris\Documents\Code\Redesign-POS\Windows Based POS\Magidesk\Magidesk.Presentation.csproj" (target "ApplyImplicitVersions" depends on it):
       Using "CheckIfPackageReferenceShouldBeFrameworkReference" task from assembly "C:\Program Files\dotnet\sdk\10.0.101\Sdks\Microsoft.NET.Sdk\targets\..\tools\net10.0\Microsoft.NET.Build.Tasks.dll".
       Task "CheckIfPackageReferenceShouldBeFrameworkReference"
       Done executing task "CheckIfPackageReferenceShouldBeFrameworkReference".
       Task "CheckIfPackageReferenceShouldBeFrameworkReference"
       Done executing task "CheckIfPackageReferenceShouldBeFrameworkReference".
   1:5>Done building target "UpdateAspNetToFrameworkReference" in project "Magidesk.Presentation.csproj".
   1:5>Target "CheckForImplicitPackageReferenceOverrides" in file "C:\Program Files\dotnet\sdk\10.0.101\Sdks\Microsoft.NET.Sdk\targets\Microsoft.NET.Sdk.DefaultItems.Shared.targets" from project "C:\Users\giris\Documents\Code\Redesign-POS\Windows Based POS\Magidesk\Magidesk.Presentation.csproj" (target "ApplyImplicitVersions" depends on it):
       Using "CheckForImplicitPackageReferenceOverrides" task from assembly "C:\Program Files\dotnet\sdk\10.0.101\Sdks\Microsoft.NET.Sdk\targets\..\tools\net10.0\Microsoft.NET.Build.Tasks.dll".
       Task "CheckForImplicitPackageReferenceOverrides"
       Done executing task "CheckForImplicitPackageReferenceOverrides".
   1:5>Done building target "CheckForImplicitPackageReferenceOverrides" in project "Magidesk.Presentation.csproj".
   1:5>Target "ApplyImplicitVersions" in file "C:\Program Files\dotnet\sdk\10.0.101\Sdks\Microsoft.NET.Sdk\targets\Microsoft.NET.Sdk.DefaultItems.Shared.targets" from project "C:\Users\giris\Documents\Code\Redesign-POS\Windows Based POS\Magidesk\Magidesk.Presentation.csproj" (target "CollectPackageReferences" depends on it):
       Using "ApplyImplicitVersions" task from assembly "C:\Program Files\dotnet\sdk\10.0.101\Sdks\Microsoft.NET.Sdk\targets\..\tools\net10.0\Microsoft.NET.Build.Tasks.dll".
       Task "ApplyImplicitVersions"
       Done executing task "ApplyImplicitVersions".
   1:5>Done building target "ApplyImplicitVersions" in project "Magidesk.Presentation.csproj".
       Target "CheckForImplicitPackageReferenceOverrides" skipped. Previously built successfully.
   1:5>Target "AddWindowsSdkKnownFrameworkReferences" in file "C:\Program Files\dotnet\sdk\10.0.101\Sdks\Microsoft.NET.Sdk\targets\Microsoft.NET.Sdk.FrameworkReferenceResolution.targets" from project "C:\Users\giris\Documents\Code\Redesign-POS\Windows Based POS\Magidesk\Magidesk.Presentation.csproj" (target "ProcessFrameworkReferences" depends on it):
       Using "CreateWindowsSdkKnownFrameworkReferences" task from assembly "C:\Program Files\dotnet\sdk\10.0.101\Sdks\Microsoft.NET.Sdk\targets\..\tools\net10.0\Microsoft.NET.Build.Tasks.dll".
       Task "CreateWindowsSdkKnownFrameworkReferences"
       Done executing task "CreateWindowsSdkKnownFrameworkReferences".
   1:5>Done building target "AddWindowsSdkKnownFrameworkReferences" in project "Magidesk.Presentation.csproj".
   1:5>Target "_NormalizeTargetPlatformVersion" in file "C:\Program Files\dotnet\sdk\10.0.101\Sdks\Microsoft.NET.Sdk\targets\Microsoft.NET.TargetFrameworkInference.targets" from project "C:\Users\giris\Documents\Code\Redesign-POS\Windows Based POS\Magidesk\Magidesk.Presentation.csproj" (target "ProcessFrameworkReferences" depends on it):
   1:5>Done building target "_NormalizeTargetPlatformVersion" in project "Magidesk.Presentation.csproj".
   1:5>Target "_CheckForLanguageAndFeatureCombinationSupport" in file "C:\Program Files\dotnet\sdk\10.0.101\Sdks\Microsoft.NET.Sdk\targets\Microsoft.NET.RuntimeIdentifierInference.targets" from project "C:\Users\giris\Documents\Code\Redesign-POS\Windows Based POS\Magidesk\Magidesk.Presentation.csproj" (target "ProcessFrameworkReferences" depends on it):
   1:5>Done building target "_CheckForLanguageAndFeatureCombinationSupport" in project "Magidesk.Presentation.csproj".
   1:5>Target "_ComputeToolPackInputsToProcessFrameworkReferences" in file "C:\Program Files\dotnet\sdk\10.0.101\Sdks\Microsoft.NET.Sdk\targets\Microsoft.NET.Publish.targets" from project "C:\Users\giris\Documents\Code\Redesign-POS\Windows Based POS\Magidesk\Magidesk.Presentation.csproj" (target "ProcessFrameworkReferences" depends on it):
   1:5>Done building target "_ComputeToolPackInputsToProcessFrameworkReferences" in project "Magidesk.Presentation.csproj".
   1:5>Target "ProcessFrameworkReferences" in file "C:\Program Files\dotnet\sdk\10.0.101\Sdks\Microsoft.NET.Sdk\targets\Microsoft.NET.Sdk.FrameworkReferenceResolution.targets" from project "C:\Users\giris\Documents\Code\Redesign-POS\Windows Based POS\Magidesk\Magidesk.Presentation.csproj" (target "CollectPackageReferences" depends on it):
       Using "CheckForDuplicateFrameworkReferences" task from assembly "C:\Program Files\dotnet\sdk\10.0.101\Sdks\Microsoft.NET.Sdk\targets\..\tools\net10.0\Microsoft.NET.Build.Tasks.dll".
       Task "CheckForDuplicateFrameworkReferences"
       Done executing task "CheckForDuplicateFrameworkReferences".
       Using "ProcessFrameworkReferences" task from assembly "C:\Program Files\dotnet\sdk\10.0.101\Sdks\Microsoft.NET.Sdk\targets\..\tools\net10.0\Microsoft.NET.Build.Tasks.dll".
       Task "ProcessFrameworkReferences"
         Found 2 known framework references for target framework .NETCoreApp
         Found 6 known runtime packs for target framework .NETCoreApp
         Selected Microsoft.NETCore.App with RIDs 'linux-arm;linux-arm64;linux-musl-arm64;linux-musl-x64;linux-x64;osx-x64;tizen.4.0.0-armel;tizen.5.0.0-armel;win-arm64;win-x64;win-x86;linux-musl-arm;osx-arm64;linux-s390x;linux-loongarch64;linux-bionic-arm;linux-bionic-arm64;linux-bionic-x64;linux-bionic-x86;linux-ppc64le;freebsd-x64;freebsd-arm64'
         Selected targeting pack 'Microsoft.NETCore.App@8.0.22'
         Finding best RID match for pack Microsoft.NETCore.App@8.0.22 for target RID 'win-x86' from 'linux-arm;linux-arm64;linux-musl-arm64;linux-musl-x64;linux-x64;osx-x64;tizen.4.0.0-armel;tizen.5.0.0-armel;win-arm64;win-x64;win-x86;linux-musl-arm;osx-arm64;linux-s390x;linux-loongarch64;linux-bionic-arm;linux-bionic-arm64;linux-bionic-x64;linux-bionic-x86;linux-ppc64le;freebsd-x64;freebsd-arm64' excluding ''
         Finding best RID match for pack Microsoft.NETCore.App@8.0.22 for target RID 'win-x64' from 'linux-arm;linux-arm64;linux-musl-arm64;linux-musl-x64;linux-x64;osx-x64;tizen.4.0.0-armel;tizen.5.0.0-armel;win-arm64;win-x64;win-x86;linux-musl-arm;osx-arm64;linux-s390x;linux-loongarch64;linux-bionic-arm;linux-bionic-arm64;linux-bionic-x64;linux-bionic-x86;linux-ppc64le;freebsd-x64;freebsd-arm64' excluding ''
         Finding best RID match for pack Microsoft.NETCore.App@8.0.22 for target RID 'win-arm64' from 'linux-arm;linux-arm64;linux-musl-arm64;linux-musl-x64;linux-x64;osx-x64;tizen.4.0.0-armel;tizen.5.0.0-armel;win-arm64;win-x64;win-x86;linux-musl-arm;osx-arm64;linux-s390x;linux-loongarch64;linux-bionic-arm;linux-bionic-arm64;linux-bionic-x64;linux-bionic-x86;linux-ppc64le;freebsd-x64;freebsd-arm64' excluding ''
         Added runtime framework 'Microsoft.NETCore.App@8.0.0'
         Selected Microsoft.WindowsDesktop.App with RIDs 'win-x64;win-x86;win-arm64'
         Selected targeting pack 'Microsoft.WindowsDesktop.App@8.0.22'
         Finding best RID match for pack Microsoft.WindowsDesktop.App@8.0.22 for target RID 'win-x86' from 'win-x64;win-x86;win-arm64' excluding ''
         Finding best RID match for pack Microsoft.WindowsDesktop.App@8.0.22 for target RID 'win-x64' from 'win-x64;win-x86;win-arm64' excluding ''
         Finding best RID match for pack Microsoft.WindowsDesktop.App@8.0.22 for target RID 'win-arm64' from 'win-x64;win-x86;win-arm64' excluding ''
         Added runtime framework 'Microsoft.WindowsDesktop.App@8.0.0'
         Selected Microsoft.WindowsDesktop.App with RIDs 'win-x64;win-x86;win-arm64'
         Selected targeting pack 'Microsoft.WindowsDesktop.App.WPF@8.0.22'
         Finding best RID match for pack Microsoft.WindowsDesktop.App.WPF@8.0.22 for target RID 'win-x86' from 'win-x64;win-x86;win-arm64' excluding ''
         Finding best RID match for pack Microsoft.WindowsDesktop.App.WPF@8.0.22 for target RID 'win-x64' from 'win-x64;win-x86;win-arm64' excluding ''
         Finding best RID match for pack Microsoft.WindowsDesktop.App.WPF@8.0.22 for target RID 'win-arm64' from 'win-x64;win-x86;win-arm64' excluding ''
         Added runtime framework 'Microsoft.WindowsDesktop.App@8.0.0'
         Selected Microsoft.WindowsDesktop.App with RIDs 'win-x64;win-x86;win-arm64'
         Selected targeting pack 'Microsoft.WindowsDesktop.App.WindowsForms@8.0.22'
         Finding best RID match for pack Microsoft.WindowsDesktop.App.WindowsForms@8.0.22 for target RID 'win-x86' from 'win-x64;win-x86;win-arm64' excluding ''
         Finding best RID match for pack Microsoft.WindowsDesktop.App.WindowsForms@8.0.22 for target RID 'win-x64' from 'win-x64;win-x86;win-arm64' excluding ''
         Finding best RID match for pack Microsoft.WindowsDesktop.App.WindowsForms@8.0.22 for target RID 'win-arm64' from 'win-x64;win-x86;win-arm64' excluding ''
         Added runtime framework 'Microsoft.WindowsDesktop.App@8.0.0'
         Selected Microsoft.AspNetCore.App with RIDs 'win-x64;win-x86;osx-x64;linux-musl-x64;linux-musl-arm64;linux-x64;linux-arm;linux-arm64;linux-musl-arm;win-arm64;osx-arm64;linux-s390x;linux-loongarch64;linux-ppc64le;freebsd-x64;freebsd-arm64'
         Selected targeting pack 'Microsoft.AspNetCore.App@8.0.22'
         Finding best RID match for pack Microsoft.AspNetCore.App@8.0.22 for target RID 'win-x86' from 'win-x64;win-x86;osx-x64;linux-musl-x64;linux-musl-arm64;linux-x64;linux-arm;linux-arm64;linux-musl-arm;win-arm64;osx-arm64;linux-s390x;linux-loongarch64;linux-ppc64le;freebsd-x64;freebsd-arm64' excluding 'android;linux-bionic'
         Finding best RID match for pack Microsoft.AspNetCore.App@8.0.22 for target RID 'win-x64' from 'win-x64;win-x86;osx-x64;linux-musl-x64;linux-musl-arm64;linux-x64;linux-arm;linux-arm64;linux-musl-arm;win-arm64;osx-arm64;linux-s390x;linux-loongarch64;linux-ppc64le;freebsd-x64;freebsd-arm64' excluding 'android;linux-bionic'
         Finding best RID match for pack Microsoft.AspNetCore.App@8.0.22 for target RID 'win-arm64' from 'win-x64;win-x86;osx-x64;linux-musl-x64;linux-musl-arm64;linux-x64;linux-arm;linux-arm64;linux-musl-arm;win-arm64;osx-arm64;linux-s390x;linux-loongarch64;linux-ppc64le;freebsd-x64;freebsd-arm64' excluding 'android;linux-bionic'
         Added runtime framework 'Microsoft.AspNetCore.App@8.0.0'
         Selected Microsoft.Windows.SDK.NET.Ref with RIDs 'any'
         Selected targeting pack 'Microsoft.Windows.SDK.NET.Ref@10.0.19041.57'
         Finding best RID match for pack Microsoft.Windows.SDK.NET.Ref@10.0.19041.57 for target RID 'any' from 'any' excluding ''
         Finding best RID match for pack Microsoft.Windows.SDK.NET.Ref@10.0.19041.57 for target RID 'win-x86' from 'any' excluding ''
         Finding best RID match for pack Microsoft.Windows.SDK.NET.Ref@10.0.19041.57 for target RID 'win-x64' from 'any' excluding ''
         Finding best RID match for pack Microsoft.Windows.SDK.NET.Ref@10.0.19041.57 for target RID 'win-arm64' from 'any' excluding ''
         Selected Microsoft.Windows.SDK.NET.Ref with RIDs 'any'
         Selected targeting pack 'Microsoft.Windows.SDK.NET.Ref.Windows@10.0.19041.57'
         Finding best RID match for pack Microsoft.Windows.SDK.NET.Ref.Windows@10.0.19041.57 for target RID 'any' from 'any' excluding ''
         Finding best RID match for pack Microsoft.Windows.SDK.NET.Ref.Windows@10.0.19041.57 for target RID 'win-x86' from 'any' excluding ''
         Finding best RID match for pack Microsoft.Windows.SDK.NET.Ref.Windows@10.0.19041.57 for target RID 'win-x64' from 'any' excluding ''
         Finding best RID match for pack Microsoft.Windows.SDK.NET.Ref.Windows@10.0.19041.57 for target RID 'win-arm64' from 'any' excluding ''
         Selected Microsoft.Windows.SDK.NET.Ref with RIDs 'any'
         Selected targeting pack 'Microsoft.Windows.SDK.NET.Ref.Xaml@10.0.19041.57'
         Finding best RID match for pack Microsoft.Windows.SDK.NET.Ref.Xaml@10.0.19041.57 for target RID 'any' from 'any' excluding ''
         Finding best RID match for pack Microsoft.Windows.SDK.NET.Ref.Xaml@10.0.19041.57 for target RID 'win-x86' from 'any' excluding ''
         Finding best RID match for pack Microsoft.Windows.SDK.NET.Ref.Xaml@10.0.19041.57 for target RID 'win-x64' from 'any' excluding ''
         Finding best RID match for pack Microsoft.Windows.SDK.NET.Ref.Xaml@10.0.19041.57 for target RID 'win-arm64' from 'any' excluding ''
         Selected Microsoft.Windows.SDK.NET.Ref with RIDs 'any'
         Selected targeting pack 'Microsoft.Windows.SDK.NET.Ref.CsWinRT3.Windows@10.0.19041.57'
         Finding best RID match for pack Microsoft.Windows.SDK.NET.Ref.CsWinRT3.Windows@10.0.19041.57 for target RID 'any' from 'any' excluding ''
         Finding best RID match for pack Microsoft.Windows.SDK.NET.Ref.CsWinRT3.Windows@10.0.19041.57 for target RID 'win-x86' from 'any' excluding ''
         Finding best RID match for pack Microsoft.Windows.SDK.NET.Ref.CsWinRT3.Windows@10.0.19041.57 for target RID 'win-x64' from 'any' excluding ''
         Finding best RID match for pack Microsoft.Windows.SDK.NET.Ref.CsWinRT3.Windows@10.0.19041.57 for target RID 'win-arm64' from 'any' excluding ''
         Selected Microsoft.Windows.SDK.NET.Ref with RIDs 'any'
         Selected targeting pack 'Microsoft.Windows.SDK.NET.Ref.CsWinRT3.Xaml@10.0.19041.57'
         Finding best RID match for pack Microsoft.Windows.SDK.NET.Ref.CsWinRT3.Xaml@10.0.19041.57 for target RID 'any' from 'any' excluding ''
         Finding best RID match for pack Microsoft.Windows.SDK.NET.Ref.CsWinRT3.Xaml@10.0.19041.57 for target RID 'win-x86' from 'any' excluding ''
         Finding best RID match for pack Microsoft.Windows.SDK.NET.Ref.CsWinRT3.Xaml@10.0.19041.57 for target RID 'win-x64' from 'any' excluding ''
         Finding best RID match for pack Microsoft.Windows.SDK.NET.Ref.CsWinRT3.Xaml@10.0.19041.57 for target RID 'win-arm64' from 'any' excluding ''
       Done executing task "ProcessFrameworkReferences".
       Using "ResolveAppHosts" task from assembly "C:\Program Files\dotnet\sdk\10.0.101\Sdks\Microsoft.NET.Sdk\targets\..\tools\net10.0\Microsoft.NET.Build.Tasks.dll".
       Task "ResolveAppHosts"
       Done executing task "ResolveAppHosts".
   1:5>Done building target "ProcessFrameworkReferences" in project "Magidesk.Presentation.csproj".
   1:5>Target "_CheckForObsoleteDotNetCliToolReferences" in file "C:\Program Files\dotnet\sdk\10.0.101\Sdks\Microsoft.NET.Sdk\targets\Microsoft.NET.ObsoleteReferences.targets" from project "C:\Users\giris\Documents\Code\Redesign-POS\Windows Based POS\Magidesk\Magidesk.Presentation.csproj" (target "CollectPackageReferences" depends on it):
   1:5>Done building target "_CheckForObsoleteDotNetCliToolReferences" in project "Magidesk.Presentation.csproj".
   1:5>Target "CollectPackageReferences" in file "C:\Program Files\dotnet\sdk\10.0.101\NuGet.targets" from project "C:\Users\giris\Documents\Code\Redesign-POS\Windows Based POS\Magidesk\Magidesk.Presentation.csproj" (target "_GetRestoreProjectStyle" depends on it):
       Using "CheckForDuplicateNuGetItemsTask" task from assembly "C:\Program Files\dotnet\sdk\10.0.101\NuGet.Build.Tasks.dll".
       Task "CheckForDuplicateNuGetItemsTask"
       Done executing task "CheckForDuplicateNuGetItemsTask".
   1:5>Done building target "CollectPackageReferences" in project "Magidesk.Presentation.csproj".
   1:5>Target "_GetRestoreProjectStyle" in file "C:\Program Files\dotnet\sdk\10.0.101\NuGet.targets" from project "C:\Users\giris\Documents\Code\Redesign-POS\Windows Based POS\Magidesk\Magidesk.Presentation.csproj" (target "_GenerateRestoreSpecs" depends on it):
       Using "GetRestoreProjectStyleTask" task from assembly "C:\Program Files\dotnet\sdk\10.0.101\NuGet.Build.Tasks.dll".
       Task "GetRestoreProjectStyleTask"
       Done executing task "GetRestoreProjectStyleTask".
   1:5>Done building target "_GetRestoreProjectStyle" in project "Magidesk.Presentation.csproj".
   1:5>Target "_GenerateRestoreSpecs" in file "C:\Program Files\dotnet\sdk\10.0.101\NuGet.targets" from project "C:\Users\giris\Documents\Code\Redesign-POS\Windows Based POS\Magidesk\Magidesk.Presentation.csproj" (target "_GenerateRestoreGraphProjectEntry" depends on it):
       Task "Message"
         Restore entry point C:\Users\giris\Documents\Code\Redesign-POS\Windows Based POS\Magidesk\Magidesk.Presentation.csproj
       Done executing task "Message".
   1:5>Done building target "_GenerateRestoreSpecs" in project "Magidesk.Presentation.csproj".
   1:5>Target "_GetRestoreSettingsOverrides" in file "C:\Program Files\dotnet\sdk\10.0.101\NuGet.targets" from project "C:\Users\giris\Documents\Code\Redesign-POS\Windows Based POS\Magidesk\Magidesk.Presentation.csproj" (target "_GetRestoreSettings" depends on it):
   1:5>Done building target "_GetRestoreSettingsOverrides" in project "Magidesk.Presentation.csproj".
   1:5>Target "_GetRestoreSettingsPerFramework" in file "C:\Program Files\dotnet\sdk\10.0.101\NuGet.targets" from project "C:\Users\giris\Documents\Code\Redesign-POS\Windows Based POS\Magidesk\Magidesk.Presentation.csproj" (target "_GetRestoreSettingsCurrentProject" depends on it):
   1:5>Done building target "_GetRestoreSettingsPerFramework" in project "Magidesk.Presentation.csproj".
   1:5>Target "_GetRestoreSettingsCurrentProject" in file "C:\Program Files\dotnet\sdk\10.0.101\NuGet.targets" from project "C:\Users\giris\Documents\Code\Redesign-POS\Windows Based POS\Magidesk\Magidesk.Presentation.csproj" (target "_GetRestoreSettings" depends on it):
   1:5>Done building target "_GetRestoreSettingsCurrentProject" in project "Magidesk.Presentation.csproj".
   1:5>Target "_GetRestoreSettings" in file "C:\Program Files\dotnet\sdk\10.0.101\NuGet.targets" from project "C:\Users\giris\Documents\Code\Redesign-POS\Windows Based POS\Magidesk\Magidesk.Presentation.csproj" (target "_GenerateDotnetCliToolReferenceSpecs" depends on it):
       Using "GetRestoreSettingsTask" task from assembly "C:\Program Files\dotnet\sdk\10.0.101\NuGet.Build.Tasks.dll".
       Task "GetRestoreSettingsTask"
       Done executing task "GetRestoreSettingsTask".
   1:5>Done building target "_GetRestoreSettings" in project "Magidesk.Presentation.csproj".
   1:5>Target "_GenerateDotnetCliToolReferenceSpecs" in file "C:\Program Files\dotnet\sdk\10.0.101\NuGet.targets" from project "C:\Users\giris\Documents\Code\Redesign-POS\Windows Based POS\Magidesk\Magidesk.Presentation.csproj" (target "_GenerateRestoreGraphProjectEntry" depends on it):
       Using "GetRestoreDotnetCliToolsTask" task from assembly "C:\Program Files\dotnet\sdk\10.0.101\NuGet.Build.Tasks.dll".
       Task "GetRestoreDotnetCliToolsTask"
       Done executing task "GetRestoreDotnetCliToolsTask".
   1:5>Done building target "_GenerateDotnetCliToolReferenceSpecs" in project "Magidesk.Presentation.csproj".
   1:5>Target "_GenerateRestoreGraphProjectEntry" in file "C:\Program Files\dotnet\sdk\10.0.101\NuGet.targets" from project "C:\Users\giris\Documents\Code\Redesign-POS\Windows Based POS\Magidesk\Magidesk.Presentation.csproj" (entry point):
   1:5>Done building target "_GenerateRestoreGraphProjectEntry" in project "Magidesk.Presentation.csproj".
   1:5>Done Building Project "C:\Users\giris\Documents\Code\Redesign-POS\Windows Based POS\Magidesk\Magidesk.Presentation.csproj" (_GenerateRestoreGraphProjectEntry target(s)).
     1>Done executing task "MSBuild".
       Task "MSBuild"
         Global Properties:
           ExcludeRestorePackageImports=true
     1>Project "C:\Users\giris\Documents\Code\Redesign-POS\Windows Based POS\Magidesk\Magidesk.Presentation.csproj" (1) is building "C:\Users\giris\Documents\Code\Redesign-POS\Windows Based POS\Magidesk\Magidesk.Application\Magidesk.Application.csproj" (2:5) on node 1 (_GenerateProjectRestoreGraph target(s)).
   2:5>Target "_GetRestoreProjectStyle" skipped. Previously built successfully.
       Target "_GetRestoreProjectStyle" skipped. Previously built successfully.
       Target "_GetRestoreProjectStyle" skipped. Previously built successfully.
   2:5>Target "_GetRestoreTargetFrameworkOverride" in file "C:\Program Files\dotnet\sdk\10.0.101\NuGet.targets" from project "C:\Users\giris\Documents\Code\Redesign-POS\Windows Based POS\Magidesk\Magidesk.Application\Magidesk.Application.csproj" (target "_GetRestoreTargetFrameworksOutput" depends on it):
   2:5>Done building target "_GetRestoreTargetFrameworkOverride" in project "Magidesk.Application.csproj".
     1>Project "C:\Users\giris\Documents\Code\Redesign-POS\Windows Based POS\Magidesk\Magidesk.Presentation.csproj" (1) is building "C:\Users\giris\Documents\Code\Redesign-POS\Windows Based POS\Magidesk\Magidesk.Infrastructure\Magidesk.Infrastructure.csproj" (4:4) on node 2 (_GenerateProjectRestoreGraph target(s)).
   4:4>Target "_GetRestoreProjectStyle" skipped. Previously built successfully.
   2:5>Target "_GetRestoreTargetFrameworksOutput" in file "C:\Program Files\dotnet\sdk\10.0.101\NuGet.targets" from project "C:\Users\giris\Documents\Code\Redesign-POS\Windows Based POS\Magidesk\Magidesk.Application\Magidesk.Application.csproj" (target "_GenerateRestoreProjectSpec" depends on it):
   2:5>Using "GetProjectTargetFrameworksTask" task from assembly "C:\Program Files\dotnet\sdk\10.0.101\NuGet.Build.Tasks.dll".
       Task "GetProjectTargetFrameworksTask"
   4:4>Target "_GetRestoreProjectStyle" skipped. Previously built successfully.
       Target "_GetRestoreProjectStyle" skipped. Previously built successfully.
   4:4>Target "_GetRestoreTargetFrameworkOverride" in file "C:\Program Files\dotnet\sdk\10.0.101\NuGet.targets" from project "C:\Users\giris\Documents\Code\Redesign-POS\Windows Based POS\Magidesk\Magidesk.Infrastructure\Magidesk.Infrastructure.csproj" (target "_GetRestoreTargetFrameworksOutput" depends on it):
   4:4>Done building target "_GetRestoreTargetFrameworkOverride" in project "Magidesk.Infrastructure.csproj".
   4:4>Target "_GetRestoreTargetFrameworksOutput" in file "C:\Program Files\dotnet\sdk\10.0.101\NuGet.targets" from project "C:\Users\giris\Documents\Code\Redesign-POS\Windows Based POS\Magidesk\Magidesk.Infrastructure\Magidesk.Infrastructure.csproj" (target "_GenerateRestoreProjectSpec" depends on it):
       Using "GetProjectTargetFrameworksTask" task from assembly "C:\Program Files\dotnet\sdk\10.0.101\NuGet.Build.Tasks.dll".
       Task "GetProjectTargetFrameworksTask"
       Done executing task "GetProjectTargetFrameworksTask".
   4:4>Done building target "_GetRestoreTargetFrameworksOutput" in project "Magidesk.Infrastructure.csproj".
       Target "_GetRestoreSettings" skipped. Previously built successfully.
   4:4>Target "_GenerateRestoreProjectSpec" in file "C:\Program Files\dotnet\sdk\10.0.101\NuGet.targets" from project "C:\Users\giris\Documents\Code\Redesign-POS\Windows Based POS\Magidesk\Magidesk.Infrastructure\Magidesk.Infrastructure.csproj" (target "_GenerateProjectRestoreGraph" depends on it):
       Task "ConvertToAbsolutePath"
   2:5>Done executing task "GetProjectTargetFrameworksTask".
   4:4>Done executing task "ConvertToAbsolutePath".
   4:4>Done building target "_GenerateRestoreProjectSpec" in project "Magidesk.Infrastructure.csproj".
       Target "_GetRestoreProjectStyle" skipped. Previously built successfully.
   2:5>Done building target "_GetRestoreTargetFrameworksOutput" in project "Magidesk.Application.csproj".
   4:4>Target "CollectPackageReferences" skipped. Previously built successfully.
   2:5>Target "_GetRestoreSettings" skipped. Previously built successfully.
   4:4>Target "CollectPackageDownloads" in file "C:\Program Files\dotnet\sdk\10.0.101\NuGet.targets" from project "C:\Users\giris\Documents\Code\Redesign-POS\Windows Based POS\Magidesk\Magidesk.Infrastructure\Magidesk.Infrastructure.csproj" (target "_CollectRestoreInputs" depends on it):
   4:4>Task "CheckForDuplicateNuGetItemsTask"
   2:5>Target "_GenerateRestoreProjectSpec" in file "C:\Program Files\dotnet\sdk\10.0.101\NuGet.targets" from project "C:\Users\giris\Documents\Code\Redesign-POS\Windows Based POS\Magidesk\Magidesk.Application\Magidesk.Application.csproj" (target "_GenerateProjectRestoreGraph" depends on it):
   2:5>Task "ConvertToAbsolutePath"
   4:4>Done executing task "CheckForDuplicateNuGetItemsTask".
   4:4>Done building target "CollectPackageDownloads" in project "Magidesk.Infrastructure.csproj".
   2:5>Done executing task "ConvertToAbsolutePath".
   4:4>Target "CollectFrameworkReferences" in file "C:\Program Files\dotnet\sdk\10.0.101\NuGet.targets" from project "C:\Users\giris\Documents\Code\Redesign-POS\Windows Based POS\Magidesk\Magidesk.Infrastructure\Magidesk.Infrastructure.csproj" (target "_CollectRestoreInputs" depends on it):
   4:4>Done building target "CollectFrameworkReferences" in project "Magidesk.Infrastructure.csproj".
   4:4>Target "CollectCentralPackageVersions" in file "C:\Program Files\dotnet\sdk\10.0.101\NuGet.targets" from project "C:\Users\giris\Documents\Code\Redesign-POS\Windows Based POS\Magidesk\Magidesk.Infrastructure\Magidesk.Infrastructure.csproj" (target "_CollectRestoreInputs" depends on it):
       Task "CheckForDuplicateNuGetItemsTask"
       Done executing task "CheckForDuplicateNuGetItemsTask".
   4:4>Done building target "CollectCentralPackageVersions" in project "Magidesk.Infrastructure.csproj".
   2:5>Done building target "_GenerateRestoreProjectSpec" in project "Magidesk.Application.csproj".
   4:4>Target "CollectNuGetAuditSuppressions" in file "C:\Program Files\dotnet\sdk\10.0.101\NuGet.targets" from project "C:\Users\giris\Documents\Code\Redesign-POS\Windows Based POS\Magidesk\Magidesk.Infrastructure\Magidesk.Infrastructure.csproj" (target "_CollectRestoreInputs" depends on it):
   4:4>Task "CheckForDuplicateNuGetItemsTask"
       Done executing task "CheckForDuplicateNuGetItemsTask".
   2:5>Target "_GetRestoreProjectStyle" skipped. Previously built successfully.
       Target "CollectPackageReferences" skipped. Previously built successfully.
   4:4>Done building target "CollectNuGetAuditSuppressions" in project "Magidesk.Infrastructure.csproj".
   2:5>Target "CollectPackageDownloads" in file "C:\Program Files\dotnet\sdk\10.0.101\NuGet.targets" from project "C:\Users\giris\Documents\Code\Redesign-POS\Windows Based POS\Magidesk\Magidesk.Application\Magidesk.Application.csproj" (target "_CollectRestoreInputs" depends on it):
   2:5>Task "CheckForDuplicateNuGetItemsTask"
   4:4>Target "CollectPrunePackageReferences" in file "C:\Program Files\dotnet\sdk\10.0.101\NuGet.targets" from project "C:\Users\giris\Documents\Code\Redesign-POS\Windows Based POS\Magidesk\Magidesk.Infrastructure\Magidesk.Infrastructure.csproj" (target "_CollectRestoreInputs" depends on it):
   4:4>Task "CheckForDuplicateNuGetItemsTask"
       Done executing task "CheckForDuplicateNuGetItemsTask".
   4:4>Done building target "CollectPrunePackageReferences" in project "Magidesk.Infrastructure.csproj".
   2:5>Done executing task "CheckForDuplicateNuGetItemsTask".
   2:5>Done building target "CollectPackageDownloads" in project "Magidesk.Application.csproj".
   4:4>Target "_CollectRestoreInputs" in file "C:\Program Files\dotnet\sdk\10.0.101\NuGet.targets" from project "C:\Users\giris\Documents\Code\Redesign-POS\Windows Based POS\Magidesk\Magidesk.Infrastructure\Magidesk.Infrastructure.csproj" (target "_GenerateProjectRestoreGraphPerFramework" depends on it):
   4:4>Done building target "_CollectRestoreInputs" in project "Magidesk.Infrastructure.csproj".
   2:5>Target "CollectFrameworkReferences" in file "C:\Program Files\dotnet\sdk\10.0.101\NuGet.targets" from project "C:\Users\giris\Documents\Code\Redesign-POS\Windows Based POS\Magidesk\Magidesk.Application\Magidesk.Application.csproj" (target "_CollectRestoreInputs" depends on it):
   2:5>Done building target "CollectFrameworkReferences" in project "Magidesk.Application.csproj".
   4:4>Target "_GenerateProjectRestoreGraphPerFramework" in file "C:\Program Files\dotnet\sdk\10.0.101\NuGet.targets" from project "C:\Users\giris\Documents\Code\Redesign-POS\Windows Based POS\Magidesk\Magidesk.Infrastructure\Magidesk.Infrastructure.csproj" (target "_GenerateProjectRestoreGraphCurrentProject" depends on it):
   4:4>Using "GetRestoreProjectReferencesTask" task from assembly "C:\Program Files\dotnet\sdk\10.0.101\NuGet.Build.Tasks.dll".
   2:5>Target "CollectCentralPackageVersions" in file "C:\Program Files\dotnet\sdk\10.0.101\NuGet.targets" from project "C:\Users\giris\Documents\Code\Redesign-POS\Windows Based POS\Magidesk\Magidesk.Application\Magidesk.Application.csproj" (target "_CollectRestoreInputs" depends on it):
   2:5>Task "CheckForDuplicateNuGetItemsTask"
   4:4>Task "GetRestoreProjectReferencesTask"
       Done executing task "GetRestoreProjectReferencesTask".
       Using "GetRestorePackageReferencesTask" task from assembly "C:\Program Files\dotnet\sdk\10.0.101\NuGet.Build.Tasks.dll".
   2:5>Done executing task "CheckForDuplicateNuGetItemsTask".
   2:5>Done building target "CollectCentralPackageVersions" in project "Magidesk.Application.csproj".
   4:4>Task "GetRestorePackageReferencesTask"
   2:5>Target "CollectNuGetAuditSuppressions" in file "C:\Program Files\dotnet\sdk\10.0.101\NuGet.targets" from project "C:\Users\giris\Documents\Code\Redesign-POS\Windows Based POS\Magidesk\Magidesk.Application\Magidesk.Application.csproj" (target "_CollectRestoreInputs" depends on it):
   2:5>Task "CheckForDuplicateNuGetItemsTask"
   4:4>Done executing task "GetRestorePackageReferencesTask".
       Using "GetRestorePackageDownloadsTask" task from assembly "C:\Program Files\dotnet\sdk\10.0.101\NuGet.Build.Tasks.dll".
   2:5>Done executing task "CheckForDuplicateNuGetItemsTask".
   2:5>Done building target "CollectNuGetAuditSuppressions" in project "Magidesk.Application.csproj".
   4:4>Task "GetRestorePackageDownloadsTask"
       Done executing task "GetRestorePackageDownloadsTask".
   2:5>Target "CollectPrunePackageReferences" in file "C:\Program Files\dotnet\sdk\10.0.101\NuGet.targets" from project "C:\Users\giris\Documents\Code\Redesign-POS\Windows Based POS\Magidesk\Magidesk.Application\Magidesk.Application.csproj" (target "_CollectRestoreInputs" depends on it):
   2:5>Task "CheckForDuplicateNuGetItemsTask"
   4:4>_GenerateProjectRestoreGraphPerFramework:
       Using "GetRestoreFrameworkReferencesTask" task from assembly "C:\Program Files\dotnet\sdk\10.0.101\NuGet.Build.Tasks.dll".
       Task "GetRestoreFrameworkReferencesTask"
   2:5>Done executing task "CheckForDuplicateNuGetItemsTask".
   4:4>Done executing task "GetRestoreFrameworkReferencesTask".
   2:5>Done building target "CollectPrunePackageReferences" in project "Magidesk.Application.csproj".
   2:5>Target "_CollectRestoreInputs" in file "C:\Program Files\dotnet\sdk\10.0.101\NuGet.targets" from project "C:\Users\giris\Documents\Code\Redesign-POS\Windows Based POS\Magidesk\Magidesk.Application\Magidesk.Application.csproj" (target "_GenerateProjectRestoreGraphPerFramework" depends on it):
   2:5>Done building target "_CollectRestoreInputs" in project "Magidesk.Application.csproj".
   4:4>_GenerateProjectRestoreGraphPerFramework:
       Using "GetRestoreNuGetAuditSuppressionsTask" task from assembly "C:\Program Files\dotnet\sdk\10.0.101\NuGet.Build.Tasks.dll".
       Task "GetRestoreNuGetAuditSuppressionsTask"
       Done executing task "GetRestoreNuGetAuditSuppressionsTask".
       Using "GetRestorePrunePackageReferencesTask" task from assembly "C:\Program Files\dotnet\sdk\10.0.101\NuGet.Build.Tasks.dll".
       Task "GetRestorePrunePackageReferencesTask"
   2:5>Target "_GenerateProjectRestoreGraphPerFramework" in file "C:\Program Files\dotnet\sdk\10.0.101\NuGet.targets" from project "C:\Users\giris\Documents\Code\Redesign-POS\Windows Based POS\Magidesk\Magidesk.Application\Magidesk.Application.csproj" (target "_GenerateProjectRestoreGraphCurrentProject" depends on it):
   2:5>Using "GetRestoreProjectReferencesTask" task from assembly "C:\Program Files\dotnet\sdk\10.0.101\NuGet.Build.Tasks.dll".
       Task "GetRestoreProjectReferencesTask"
   4:4>Done executing task "GetRestorePrunePackageReferencesTask".
   4:4>Done building target "_GenerateProjectRestoreGraphPerFramework" in project "Magidesk.Infrastructure.csproj".
   4:4>Target "_GenerateProjectRestoreGraphCurrentProject" in file "C:\Program Files\dotnet\sdk\10.0.101\NuGet.targets" from project "C:\Users\giris\Documents\Code\Redesign-POS\Windows Based POS\Magidesk\Magidesk.Infrastructure\Magidesk.Infrastructure.csproj" (target "_GenerateRestoreDependencies" depends on it):
   4:4>Done building target "_GenerateProjectRestoreGraphCurrentProject" in project "Magidesk.Infrastructure.csproj".
   4:4>Target "_GenerateRestoreDependencies" in file "C:\Program Files\dotnet\sdk\10.0.101\NuGet.targets" from project "C:\Users\giris\Documents\Code\Redesign-POS\Windows Based POS\Magidesk\Magidesk.Infrastructure\Magidesk.Infrastructure.csproj" (target "_GenerateProjectRestoreGraph" depends on it):
   4:4>Done building target "_GenerateRestoreDependencies" in project "Magidesk.Infrastructure.csproj".
   4:4>Target "_GenerateProjectRestoreGraph" in file "C:\Program Files\dotnet\sdk\10.0.101\NuGet.targets" from project "C:\Users\giris\Documents\Code\Redesign-POS\Windows Based POS\Magidesk\Magidesk.Infrastructure\Magidesk.Infrastructure.csproj" (entry point):
   4:4>Done building target "_GenerateProjectRestoreGraph" in project "Magidesk.Infrastructure.csproj".
   2:5>Done executing task "GetRestoreProjectReferencesTask".
   4:4>Done Building Project "C:\Users\giris\Documents\Code\Redesign-POS\Windows Based POS\Magidesk\Magidesk.Infrastructure\Magidesk.Infrastructure.csproj" (_GenerateProjectRestoreGraph target(s)).
   2:5>_GenerateProjectRestoreGraphPerFramework:
       Using "GetRestorePackageReferencesTask" task from assembly "C:\Program Files\dotnet\sdk\10.0.101\NuGet.Build.Tasks.dll".
       Task "GetRestorePackageReferencesTask"
       Done executing task "GetRestorePackageReferencesTask".
       Using "GetRestorePackageDownloadsTask" task from assembly "C:\Program Files\dotnet\sdk\10.0.101\NuGet.Build.Tasks.dll".
       Task "GetRestorePackageDownloadsTask"
       Done executing task "GetRestorePackageDownloadsTask".
       Using "GetRestoreFrameworkReferencesTask" task from assembly "C:\Program Files\dotnet\sdk\10.0.101\NuGet.Build.Tasks.dll".
       Task "GetRestoreFrameworkReferencesTask"
       Done executing task "GetRestoreFrameworkReferencesTask".
       Using "GetRestoreNuGetAuditSuppressionsTask" task from assembly "C:\Program Files\dotnet\sdk\10.0.101\NuGet.Build.Tasks.dll".
       Task "GetRestoreNuGetAuditSuppressionsTask"
       Done executing task "GetRestoreNuGetAuditSuppressionsTask".
       Using "GetRestorePrunePackageReferencesTask" task from assembly "C:\Program Files\dotnet\sdk\10.0.101\NuGet.Build.Tasks.dll".
       Task "GetRestorePrunePackageReferencesTask"
       Done executing task "GetRestorePrunePackageReferencesTask".
   2:5>Done building target "_GenerateProjectRestoreGraphPerFramework" in project "Magidesk.Application.csproj".
   2:5>Target "_GenerateProjectRestoreGraphCurrentProject" in file "C:\Program Files\dotnet\sdk\10.0.101\NuGet.targets" from project "C:\Users\giris\Documents\Code\Redesign-POS\Windows Based POS\Magidesk\Magidesk.Application\Magidesk.Application.csproj" (target "_GenerateRestoreDependencies" depends on it):
   2:5>Done building target "_GenerateProjectRestoreGraphCurrentProject" in project "Magidesk.Application.csproj".
   2:5>Target "_GenerateRestoreDependencies" in file "C:\Program Files\dotnet\sdk\10.0.101\NuGet.targets" from project "C:\Users\giris\Documents\Code\Redesign-POS\Windows Based POS\Magidesk\Magidesk.Application\Magidesk.Application.csproj" (target "_GenerateProjectRestoreGraph" depends on it):
   2:5>Done building target "_GenerateRestoreDependencies" in project "Magidesk.Application.csproj".
   2:5>Target "_GenerateProjectRestoreGraph" in file "C:\Program Files\dotnet\sdk\10.0.101\NuGet.targets" from project "C:\Users\giris\Documents\Code\Redesign-POS\Windows Based POS\Magidesk\Magidesk.Application\Magidesk.Application.csproj" (entry point):
   2:5>Done building target "_GenerateProjectRestoreGraph" in project "Magidesk.Application.csproj".
   2:5>Done Building Project "C:\Users\giris\Documents\Code\Redesign-POS\Windows Based POS\Magidesk\Magidesk.Application\Magidesk.Application.csproj" (_GenerateProjectRestoreGraph target(s)).
     1>Project "C:\Users\giris\Documents\Code\Redesign-POS\Windows Based POS\Magidesk\Magidesk.Presentation.csproj" (1) is building "C:\Users\giris\Documents\Code\Redesign-POS\Windows Based POS\Magidesk\Magidesk.Domain\Magidesk.Domain.csproj" (3:5) on node 1 (_GenerateProjectRestoreGraph target(s)).
   3:5>Target "_GetRestoreProjectStyle" skipped. Previously built successfully.
       Target "_GetRestoreProjectStyle" skipped. Previously built successfully.
       Target "_GetRestoreProjectStyle" skipped. Previously built successfully.
   3:5>Target "_GetRestoreTargetFrameworkOverride" in file "C:\Program Files\dotnet\sdk\10.0.101\NuGet.targets" from project "C:\Users\giris\Documents\Code\Redesign-POS\Windows Based POS\Magidesk\Magidesk.Domain\Magidesk.Domain.csproj" (target "_GetRestoreTargetFrameworksOutput" depends on it):
   3:5>Done building target "_GetRestoreTargetFrameworkOverride" in project "Magidesk.Domain.csproj".
   3:5>Target "_GetRestoreTargetFrameworksOutput" in file "C:\Program Files\dotnet\sdk\10.0.101\NuGet.targets" from project "C:\Users\giris\Documents\Code\Redesign-POS\Windows Based POS\Magidesk\Magidesk.Domain\Magidesk.Domain.csproj" (target "_GenerateRestoreProjectSpec" depends on it):
       Using "GetProjectTargetFrameworksTask" task from assembly "C:\Program Files\dotnet\sdk\10.0.101\NuGet.Build.Tasks.dll".
       Task "GetProjectTargetFrameworksTask"
       Done executing task "GetProjectTargetFrameworksTask".
   3:5>Done building target "_GetRestoreTargetFrameworksOutput" in project "Magidesk.Domain.csproj".
       Target "_GetRestoreSettings" skipped. Previously built successfully.
   3:5>Target "_GenerateRestoreProjectSpec" in file "C:\Program Files\dotnet\sdk\10.0.101\NuGet.targets" from project "C:\Users\giris\Documents\Code\Redesign-POS\Windows Based POS\Magidesk\Magidesk.Domain\Magidesk.Domain.csproj" (target "_GenerateProjectRestoreGraph" depends on it):
       Task "ConvertToAbsolutePath"
       Done executing task "ConvertToAbsolutePath".
   3:5>Done building target "_GenerateRestoreProjectSpec" in project "Magidesk.Domain.csproj".
       Target "_GetRestoreProjectStyle" skipped. Previously built successfully.
       Target "CollectPackageReferences" skipped. Previously built successfully.
   3:5>Target "CollectPackageDownloads" in file "C:\Program Files\dotnet\sdk\10.0.101\NuGet.targets" from project "C:\Users\giris\Documents\Code\Redesign-POS\Windows Based POS\Magidesk\Magidesk.Domain\Magidesk.Domain.csproj" (target "_CollectRestoreInputs" depends on it):
       Task "CheckForDuplicateNuGetItemsTask"
       Done executing task "CheckForDuplicateNuGetItemsTask".
   3:5>Done building target "CollectPackageDownloads" in project "Magidesk.Domain.csproj".
   3:5>Target "CollectFrameworkReferences" in file "C:\Program Files\dotnet\sdk\10.0.101\NuGet.targets" from project "C:\Users\giris\Documents\Code\Redesign-POS\Windows Based POS\Magidesk\Magidesk.Domain\Magidesk.Domain.csproj" (target "_CollectRestoreInputs" depends on it):
   3:5>Done building target "CollectFrameworkReferences" in project "Magidesk.Domain.csproj".
   3:5>Target "CollectCentralPackageVersions" in file "C:\Program Files\dotnet\sdk\10.0.101\NuGet.targets" from project "C:\Users\giris\Documents\Code\Redesign-POS\Windows Based POS\Magidesk\Magidesk.Domain\Magidesk.Domain.csproj" (target "_CollectRestoreInputs" depends on it):
       Task "CheckForDuplicateNuGetItemsTask"
       Done executing task "CheckForDuplicateNuGetItemsTask".
   3:5>Done building target "CollectCentralPackageVersions" in project "Magidesk.Domain.csproj".
   3:5>Target "CollectNuGetAuditSuppressions" in file "C:\Program Files\dotnet\sdk\10.0.101\NuGet.targets" from project "C:\Users\giris\Documents\Code\Redesign-POS\Windows Based POS\Magidesk\Magidesk.Domain\Magidesk.Domain.csproj" (target "_CollectRestoreInputs" depends on it):
       Task "CheckForDuplicateNuGetItemsTask"
       Done executing task "CheckForDuplicateNuGetItemsTask".
   3:5>Done building target "CollectNuGetAuditSuppressions" in project "Magidesk.Domain.csproj".
   3:5>Target "CollectPrunePackageReferences" in file "C:\Program Files\dotnet\sdk\10.0.101\NuGet.targets" from project "C:\Users\giris\Documents\Code\Redesign-POS\Windows Based POS\Magidesk\Magidesk.Domain\Magidesk.Domain.csproj" (target "_CollectRestoreInputs" depends on it):
       Task "CheckForDuplicateNuGetItemsTask"
       Done executing task "CheckForDuplicateNuGetItemsTask".
   3:5>Done building target "CollectPrunePackageReferences" in project "Magidesk.Domain.csproj".
   3:5>Target "_CollectRestoreInputs" in file "C:\Program Files\dotnet\sdk\10.0.101\NuGet.targets" from project "C:\Users\giris\Documents\Code\Redesign-POS\Windows Based POS\Magidesk\Magidesk.Domain\Magidesk.Domain.csproj" (target "_GenerateProjectRestoreGraphPerFramework" depends on it):
   3:5>Done building target "_CollectRestoreInputs" in project "Magidesk.Domain.csproj".
   3:5>Target "_GenerateProjectRestoreGraphPerFramework" in file "C:\Program Files\dotnet\sdk\10.0.101\NuGet.targets" from project "C:\Users\giris\Documents\Code\Redesign-POS\Windows Based POS\Magidesk\Magidesk.Domain\Magidesk.Domain.csproj" (target "_GenerateProjectRestoreGraphCurrentProject" depends on it):
       Using "GetRestoreProjectReferencesTask" task from assembly "C:\Program Files\dotnet\sdk\10.0.101\NuGet.Build.Tasks.dll".
       Task "GetRestoreProjectReferencesTask"
       Done executing task "GetRestoreProjectReferencesTask".
       Using "GetRestorePackageReferencesTask" task from assembly "C:\Program Files\dotnet\sdk\10.0.101\NuGet.Build.Tasks.dll".
       Task "GetRestorePackageReferencesTask"
       Done executing task "GetRestorePackageReferencesTask".
       Using "GetRestorePackageDownloadsTask" task from assembly "C:\Program Files\dotnet\sdk\10.0.101\NuGet.Build.Tasks.dll".
       Task "GetRestorePackageDownloadsTask"
       Done executing task "GetRestorePackageDownloadsTask".
       Using "GetRestoreFrameworkReferencesTask" task from assembly "C:\Program Files\dotnet\sdk\10.0.101\NuGet.Build.Tasks.dll".
       Task "GetRestoreFrameworkReferencesTask"
       Done executing task "GetRestoreFrameworkReferencesTask".
       Using "GetRestoreNuGetAuditSuppressionsTask" task from assembly "C:\Program Files\dotnet\sdk\10.0.101\NuGet.Build.Tasks.dll".
       Task "GetRestoreNuGetAuditSuppressionsTask"
       Done executing task "GetRestoreNuGetAuditSuppressionsTask".
       Using "GetRestorePrunePackageReferencesTask" task from assembly "C:\Program Files\dotnet\sdk\10.0.101\NuGet.Build.Tasks.dll".
       Task "GetRestorePrunePackageReferencesTask"
       Done executing task "GetRestorePrunePackageReferencesTask".
   3:5>Done building target "_GenerateProjectRestoreGraphPerFramework" in project "Magidesk.Domain.csproj".
   3:5>Target "_GenerateProjectRestoreGraphCurrentProject" in file "C:\Program Files\dotnet\sdk\10.0.101\NuGet.targets" from project "C:\Users\giris\Documents\Code\Redesign-POS\Windows Based POS\Magidesk\Magidesk.Domain\Magidesk.Domain.csproj" (target "_GenerateRestoreDependencies" depends on it):
   3:5>Done building target "_GenerateProjectRestoreGraphCurrentProject" in project "Magidesk.Domain.csproj".
   3:5>Target "_GenerateRestoreDependencies" in file "C:\Program Files\dotnet\sdk\10.0.101\NuGet.targets" from project "C:\Users\giris\Documents\Code\Redesign-POS\Windows Based POS\Magidesk\Magidesk.Domain\Magidesk.Domain.csproj" (target "_GenerateProjectRestoreGraph" depends on it):
   3:5>Done building target "_GenerateRestoreDependencies" in project "Magidesk.Domain.csproj".
   3:5>Target "_GenerateProjectRestoreGraph" in file "C:\Program Files\dotnet\sdk\10.0.101\NuGet.targets" from project "C:\Users\giris\Documents\Code\Redesign-POS\Windows Based POS\Magidesk\Magidesk.Domain\Magidesk.Domain.csproj" (entry point):
   3:5>Done building target "_GenerateProjectRestoreGraph" in project "Magidesk.Domain.csproj".
   3:5>Done Building Project "C:\Users\giris\Documents\Code\Redesign-POS\Windows Based POS\Magidesk\Magidesk.Domain\Magidesk.Domain.csproj" (_GenerateProjectRestoreGraph target(s)).
     1>Project "C:\Users\giris\Documents\Code\Redesign-POS\Windows Based POS\Magidesk\Magidesk.Presentation.csproj" (1) is building "C:\Users\giris\Documents\Code\Redesign-POS\Windows Based POS\Magidesk\Magidesk.Presentation.csproj" (1:6) on node 1 (_GenerateProjectRestoreGraph target(s)).
   1:6>Target "_GetRestoreProjectStyle" skipped. Previously built successfully.
       Target "_GetRestoreProjectStyle" skipped. Previously built successfully.
       Target "_GetRestoreProjectStyle" skipped. Previously built successfully.
   1:6>Target "_GetRestoreTargetFrameworkOverride" in file "C:\Program Files\dotnet\sdk\10.0.101\NuGet.targets" from project "C:\Users\giris\Documents\Code\Redesign-POS\Windows Based POS\Magidesk\Magidesk.Presentation.csproj" (target "_GetRestoreTargetFrameworksOutput" depends on it):
   1:6>Done building target "_GetRestoreTargetFrameworkOverride" in project "Magidesk.Presentation.csproj".
   1:6>Target "_GetRestoreTargetFrameworksOutput" in file "C:\Program Files\dotnet\sdk\10.0.101\NuGet.targets" from project "C:\Users\giris\Documents\Code\Redesign-POS\Windows Based POS\Magidesk\Magidesk.Presentation.csproj" (target "_GenerateRestoreProjectSpec" depends on it):
       Using "GetProjectTargetFrameworksTask" task from assembly "C:\Program Files\dotnet\sdk\10.0.101\NuGet.Build.Tasks.dll".
       Task "GetProjectTargetFrameworksTask"
       Done executing task "GetProjectTargetFrameworksTask".
   1:6>Done building target "_GetRestoreTargetFrameworksOutput" in project "Magidesk.Presentation.csproj".
       Target "_GetRestoreSettings" skipped. Previously built successfully.
   1:6>Target "_GenerateRestoreProjectSpec" in file "C:\Program Files\dotnet\sdk\10.0.101\NuGet.targets" from project "C:\Users\giris\Documents\Code\Redesign-POS\Windows Based POS\Magidesk\Magidesk.Presentation.csproj" (target "_GenerateProjectRestoreGraph" depends on it):
       Task "ConvertToAbsolutePath"
       Done executing task "ConvertToAbsolutePath".
   1:6>Done building target "_GenerateRestoreProjectSpec" in project "Magidesk.Presentation.csproj".
       Target "_GetRestoreProjectStyle" skipped. Previously built successfully.
       Target "CollectPackageReferences" skipped. Previously built successfully.
   1:6>Target "CollectPackageDownloads" in file "C:\Program Files\dotnet\sdk\10.0.101\NuGet.targets" from project "C:\Users\giris\Documents\Code\Redesign-POS\Windows Based POS\Magidesk\Magidesk.Presentation.csproj" (target "_CollectRestoreInputs" depends on it):
       Task "CheckForDuplicateNuGetItemsTask"
       Done executing task "CheckForDuplicateNuGetItemsTask".
   1:6>Done building target "CollectPackageDownloads" in project "Magidesk.Presentation.csproj".
   1:6>Target "CollectFrameworkReferences" in file "C:\Program Files\dotnet\sdk\10.0.101\NuGet.targets" from project "C:\Users\giris\Documents\Code\Redesign-POS\Windows Based POS\Magidesk\Magidesk.Presentation.csproj" (target "_CollectRestoreInputs" depends on it):
   1:6>Done building target "CollectFrameworkReferences" in project "Magidesk.Presentation.csproj".
   1:6>Target "CollectCentralPackageVersions" in file "C:\Program Files\dotnet\sdk\10.0.101\NuGet.targets" from project "C:\Users\giris\Documents\Code\Redesign-POS\Windows Based POS\Magidesk\Magidesk.Presentation.csproj" (target "_CollectRestoreInputs" depends on it):
       Task "CheckForDuplicateNuGetItemsTask"
       Done executing task "CheckForDuplicateNuGetItemsTask".
   1:6>Done building target "CollectCentralPackageVersions" in project "Magidesk.Presentation.csproj".
   1:6>Target "CollectNuGetAuditSuppressions" in file "C:\Program Files\dotnet\sdk\10.0.101\NuGet.targets" from project "C:\Users\giris\Documents\Code\Redesign-POS\Windows Based POS\Magidesk\Magidesk.Presentation.csproj" (target "_CollectRestoreInputs" depends on it):
       Task "CheckForDuplicateNuGetItemsTask"
       Done executing task "CheckForDuplicateNuGetItemsTask".
   1:6>Done building target "CollectNuGetAuditSuppressions" in project "Magidesk.Presentation.csproj".
   1:6>Target "CollectPrunePackageReferences" in file "C:\Program Files\dotnet\sdk\10.0.101\NuGet.targets" from project "C:\Users\giris\Documents\Code\Redesign-POS\Windows Based POS\Magidesk\Magidesk.Presentation.csproj" (target "_CollectRestoreInputs" depends on it):
       Task "CheckForDuplicateNuGetItemsTask"
       Done executing task "CheckForDuplicateNuGetItemsTask".
   1:6>Done building target "CollectPrunePackageReferences" in project "Magidesk.Presentation.csproj".
   1:6>Target "_CollectRestoreInputs" in file "C:\Program Files\dotnet\sdk\10.0.101\NuGet.targets" from project "C:\Users\giris\Documents\Code\Redesign-POS\Windows Based POS\Magidesk\Magidesk.Presentation.csproj" (target "_GenerateProjectRestoreGraphPerFramework" depends on it):
   1:6>Done building target "_CollectRestoreInputs" in project "Magidesk.Presentation.csproj".
   1:6>Target "_GenerateProjectRestoreGraphPerFramework" in file "C:\Program Files\dotnet\sdk\10.0.101\NuGet.targets" from project "C:\Users\giris\Documents\Code\Redesign-POS\Windows Based POS\Magidesk\Magidesk.Presentation.csproj" (target "_GenerateProjectRestoreGraphCurrentProject" depends on it):
       Using "GetRestoreProjectReferencesTask" task from assembly "C:\Program Files\dotnet\sdk\10.0.101\NuGet.Build.Tasks.dll".
       Task "GetRestoreProjectReferencesTask"
       Done executing task "GetRestoreProjectReferencesTask".
       Using "GetRestorePackageReferencesTask" task from assembly "C:\Program Files\dotnet\sdk\10.0.101\NuGet.Build.Tasks.dll".
       Task "GetRestorePackageReferencesTask"
       Done executing task "GetRestorePackageReferencesTask".
       Using "GetRestorePackageDownloadsTask" task from assembly "C:\Program Files\dotnet\sdk\10.0.101\NuGet.Build.Tasks.dll".
       Task "GetRestorePackageDownloadsTask"
       Done executing task "GetRestorePackageDownloadsTask".
       Using "GetRestoreFrameworkReferencesTask" task from assembly "C:\Program Files\dotnet\sdk\10.0.101\NuGet.Build.Tasks.dll".
       Task "GetRestoreFrameworkReferencesTask"
       Done executing task "GetRestoreFrameworkReferencesTask".
       Using "GetRestoreNuGetAuditSuppressionsTask" task from assembly "C:\Program Files\dotnet\sdk\10.0.101\NuGet.Build.Tasks.dll".
       Task "GetRestoreNuGetAuditSuppressionsTask"
       Done executing task "GetRestoreNuGetAuditSuppressionsTask".
       Using "GetRestorePrunePackageReferencesTask" task from assembly "C:\Program Files\dotnet\sdk\10.0.101\NuGet.Build.Tasks.dll".
       Task "GetRestorePrunePackageReferencesTask"
       Done executing task "GetRestorePrunePackageReferencesTask".
   1:6>Done building target "_GenerateProjectRestoreGraphPerFramework" in project "Magidesk.Presentation.csproj".
   1:6>Target "_GenerateProjectRestoreGraphCurrentProject" in file "C:\Program Files\dotnet\sdk\10.0.101\NuGet.targets" from project "C:\Users\giris\Documents\Code\Redesign-POS\Windows Based POS\Magidesk\Magidesk.Presentation.csproj" (target "_GenerateRestoreDependencies" depends on it):
   1:6>Done building target "_GenerateProjectRestoreGraphCurrentProject" in project "Magidesk.Presentation.csproj".
   1:6>Target "_GenerateRestoreDependencies" in file "C:\Program Files\dotnet\sdk\10.0.101\NuGet.targets" from project "C:\Users\giris\Documents\Code\Redesign-POS\Windows Based POS\Magidesk\Magidesk.Presentation.csproj" (target "_GenerateProjectRestoreGraph" depends on it):
   1:6>Done building target "_GenerateRestoreDependencies" in project "Magidesk.Presentation.csproj".
   1:6>Target "_GenerateProjectRestoreGraph" in file "C:\Program Files\dotnet\sdk\10.0.101\NuGet.targets" from project "C:\Users\giris\Documents\Code\Redesign-POS\Windows Based POS\Magidesk\Magidesk.Presentation.csproj" (entry point):
   1:6>Done building target "_GenerateProjectRestoreGraph" in project "Magidesk.Presentation.csproj".
   1:6>Done Building Project "C:\Users\giris\Documents\Code\Redesign-POS\Windows Based POS\Magidesk\Magidesk.Presentation.csproj" (_GenerateProjectRestoreGraph target(s)).
     1>Done executing task "MSBuild".
     1>Done building target "_GenerateRestoreGraph" in project "Magidesk.Presentation.csproj".
     1>Target "_CollectTargetFrameworkForTelemetry" in file "C:\Program Files\dotnet\sdk\10.0.101\Sdks\Microsoft.NET.Sdk\targets\Microsoft.NET.TargetFrameworkInference.targets" from project "C:\Users\giris\Documents\Code\Redesign-POS\Windows Based POS\Magidesk\Magidesk.Presentation.csproj" (target "Restore" depends on it):
       Using "AllowEmptyTelemetry" task from assembly "C:\Program Files\dotnet\sdk\10.0.101\Sdks\Microsoft.NET.Sdk\targets\..\tools\net10.0\Microsoft.NET.Build.Tasks.dll".
       Task "AllowEmptyTelemetry"
       Done executing task "AllowEmptyTelemetry".
     1>Done building target "_CollectTargetFrameworkForTelemetry" in project "Magidesk.Presentation.csproj".
     1>Target "_CheckForUnsupportedNETCoreVersion" in file "C:\Program Files\dotnet\sdk\10.0.101\Sdks\Microsoft.NET.Sdk\targets\Microsoft.NET.TargetFrameworkInference.targets" from project "C:\Users\giris\Documents\Code\Redesign-POS\Windows Based POS\Magidesk\Magidesk.Presentation.csproj" (target "Restore" depends on it):
     1>Done building target "_CheckForUnsupportedNETCoreVersion" in project "Magidesk.Presentation.csproj".
     1>Target "_CheckForUnsupportedCppNETCoreVersion" in file "C:\Program Files\dotnet\sdk\10.0.101\Sdks\Microsoft.NET.Sdk\targets\Microsoft.NET.TargetFrameworkInference.targets" from project "C:\Users\giris\Documents\Code\Redesign-POS\Windows Based POS\Magidesk\Magidesk.Presentation.csproj" (target "Restore" depends on it):
     1>Done building target "_CheckForUnsupportedCppNETCoreVersion" in project "Magidesk.Presentation.csproj".
     1>Target "Restore" in file "C:\Program Files\dotnet\sdk\10.0.101\NuGet.targets" from project "C:\Users\giris\Documents\Code\Redesign-POS\Windows Based POS\Magidesk\Magidesk.Presentation.csproj" (entry point):
       Task "RemoveDuplicates"
       Done executing task "RemoveDuplicates".
       Using "RestoreTask" task from assembly "C:\Program Files\dotnet\sdk\10.0.101\NuGet.Build.Tasks.dll".
       Task "RestoreTask"
         Assembly loaded during TaskRun (NuGet.Build.Tasks.RestoreTask): NuGet.Packaging, Version=7.0.0.0, Culture=neutral, PublicKeyToken=31bf3856ad364e35 (location: C:\Program Files\dotnet\sdk\10.0.101\NuGet.Packaging.dll, MVID: cbfc9ed0-7866-469b-9c1f-f25d50faee97, AssemblyLoadContext: MSBuild plugin C:\Program Files\dotnet\sdk\10.0.101\NuGet.Build.Tasks.dll)
         Assembly loaded during TaskRun (NuGet.Build.Tasks.RestoreTask): NuGet.LibraryModel, Version=7.0.0.0, Culture=neutral, PublicKeyToken=31bf3856ad364e35 (location: C:\Program Files\dotnet\sdk\10.0.101\NuGet.LibraryModel.dll, MVID: 68a4d051-6665-4b74-809a-7f38ce15fd8b, AssemblyLoadContext: MSBuild plugin C:\Program Files\dotnet\sdk\10.0.101\NuGet.Build.Tasks.dll)
         Assembly loaded during TaskRun (NuGet.Build.Tasks.RestoreTask): NuGet.Versioning, Version=7.0.0.0, Culture=neutral, PublicKeyToken=31bf3856ad364e35 (location: C:\Program Files\dotnet\sdk\10.0.101\NuGet.Versioning.dll, MVID: db6fa9f4-313d-4c04-8b3b-dcde2ca3467c, AssemblyLoadContext: MSBuild plugin C:\Program Files\dotnet\sdk\10.0.101\NuGet.Build.Tasks.dll)
         Assembly loaded during TaskRun (NuGet.Build.Tasks.RestoreTask): NuGet.Frameworks, Version=7.0.0.0, Culture=neutral, PublicKeyToken=31bf3856ad364e35 (location: C:\Program Files\dotnet\sdk\10.0.101\NuGet.Frameworks.dll, MVID: e913a35d-983d-474c-b844-7b99e57f87c3, AssemblyLoadContext: MSBuild plugin C:\Program Files\dotnet\sdk\10.0.101\NuGet.Build.Tasks.dll)
         Assembly loaded during TaskRun (NuGet.Build.Tasks.RestoreTask): NuGet.Protocol, Version=7.0.0.0, Culture=neutral, PublicKeyToken=31bf3856ad364e35 (location: C:\Program Files\dotnet\sdk\10.0.101\NuGet.Protocol.dll, MVID: b29fe50d-16a8-4275-9f03-4c61a549b3e9, AssemblyLoadContext: MSBuild plugin C:\Program Files\dotnet\sdk\10.0.101\NuGet.Build.Tasks.dll)
         Assembly loaded during TaskRun (NuGet.Build.Tasks.RestoreTask): NuGet.Credentials, Version=7.0.0.0, Culture=neutral, PublicKeyToken=31bf3856ad364e35 (location: C:\Program Files\dotnet\sdk\10.0.101\NuGet.Credentials.dll, MVID: a9f47e63-9cf1-4e3d-a1ac-19ffa2efaf93, AssemblyLoadContext: MSBuild plugin C:\Program Files\dotnet\sdk\10.0.101\NuGet.Build.Tasks.dll)
         Assembly loaded during TaskRun (NuGet.Build.Tasks.RestoreTask): System.Collections.NonGeneric, Version=10.0.0.0, Culture=neutral, PublicKeyToken=b03f5f7f11d50a3a (location: C:\Program Files\dotnet\shared\Microsoft.NETCore.App\10.0.1\System.Collections.NonGeneric.dll, MVID: 5048f4ab-dbd8-4b4b-9e0f-fa8f211354cf, AssemblyLoadContext: Default)
         X.509 certificate chain validation will use the default trust store selected by .NET for code signing.
         X.509 certificate chain validation will use the default trust store selected by .NET for timestamping.
         Assembly loaded during TaskRun (NuGet.Build.Tasks.RestoreTask): NuGet.DependencyResolver.Core, Version=7.0.0.0, Culture=neutral, PublicKeyToken=31bf3856ad364e35 (location: C:\Program Files\dotnet\sdk\10.0.101\NuGet.DependencyResolver.Core.dll, MVID: 56b6dee4-cc63-4485-beb0-97d06d74b4ea, AssemblyLoadContext: MSBuild plugin C:\Program Files\dotnet\sdk\10.0.101\NuGet.Build.Tasks.dll)
         Running restore with 16 concurrent jobs.
         Reading project file C:\Users\giris\Documents\Code\Redesign-POS\Windows Based POS\Magidesk\Magidesk.Domain\Magidesk.Domain.csproj.
         Reading project file C:\Users\giris\Documents\Code\Redesign-POS\Windows Based POS\Magidesk\Magidesk.Infrastructure\Magidesk.Infrastructure.csproj.
         Reading project file C:\Users\giris\Documents\Code\Redesign-POS\Windows Based POS\Magidesk\Magidesk.Presentation.csproj.
         Reading project file C:\Users\giris\Documents\Code\Redesign-POS\Windows Based POS\Magidesk\Magidesk.Application\Magidesk.Application.csproj.
         Assembly loaded during TaskRun (NuGet.Build.Tasks.RestoreTask): Newtonsoft.Json, Version=13.0.0.0, Culture=neutral, PublicKeyToken=30ad4fe6b2a6aeed (location: C:\Program Files\dotnet\sdk\10.0.101\Newtonsoft.Json.dll, MVID: 7e62198b-eab2-4380-bbac-29171862d1d8, AssemblyLoadContext: MSBuild plugin C:\Program Files\dotnet\sdk\10.0.101\NuGet.Build.Tasks.dll)
         Assembly loaded during TaskRun (NuGet.Build.Tasks.RestoreTask): System.Runtime.Serialization.Primitives, Version=10.0.0.0, Culture=neutral, PublicKeyToken=b03f5f7f11d50a3a (location: C:\Program Files\dotnet\shared\Microsoft.NETCore.App\10.0.1\System.Runtime.Serialization.Primitives.dll, MVID: ecfab76f-cf3b-4dfa-bd5a-f89982539174, AssemblyLoadContext: Default)
         Assembly loaded during TaskRun (NuGet.Build.Tasks.RestoreTask): System.Runtime.Numerics, Version=10.0.0.0, Culture=neutral, PublicKeyToken=b03f5f7f11d50a3a (location: C:\Program Files\dotnet\shared\Microsoft.NETCore.App\10.0.1\System.Runtime.Numerics.dll, MVID: 2efebce6-89c0-4a73-8fdb-4ca4d03b91e8, AssemblyLoadContext: Default)
         Assembly loaded during TaskRun (NuGet.Build.Tasks.RestoreTask): System.Reflection.Emit.ILGeneration, Version=10.0.0.0, Culture=neutral, PublicKeyToken=b03f5f7f11d50a3a (location: C:\Program Files\dotnet\shared\Microsoft.NETCore.App\10.0.1\System.Reflection.Emit.ILGeneration.dll, MVID: 89cc0fb1-7534-4cbe-bb6f-05a7e2856a66, AssemblyLoadContext: Default)
         The restore inputs for 'Magidesk.Domain' have not changed. No further actions are required to complete the restore.
         The restore inputs for 'Magidesk.Application' have not changed. No further actions are required to complete the restore.
         The restore inputs for 'Magidesk.Infrastructure' have not changed. No further actions are required to complete the restore.
         The restore inputs for 'Magidesk.Presentation' have not changed. No further actions are required to complete the restore.
         Committing restore...
         Committing restore...
         Committing restore...
         Committing restore...
         Assets file has not changed. Skipping assets file writing. Path: C:\Users\giris\Documents\Code\Redesign-POS\Windows Based POS\Magidesk\Magidesk.Infrastructure\obj\project.assets.json
         Assets file has not changed. Skipping assets file writing. Path: C:\Users\giris\Documents\Code\Redesign-POS\Windows Based POS\Magidesk\Magidesk.Application\obj\project.assets.json
         Assets file has not changed. Skipping assets file writing. Path: C:\Users\giris\Documents\Code\Redesign-POS\Windows Based POS\Magidesk\Magidesk.Domain\obj\project.assets.json
         Assets file has not changed. Skipping assets file writing. Path: C:\Users\giris\Documents\Code\Redesign-POS\Windows Based POS\Magidesk\obj\project.assets.json
         No-Op restore. The cache will not be updated. Path: C:\Users\giris\Documents\Code\Redesign-POS\Windows Based POS\Magidesk\Magidesk.Infrastructure\obj\project.nuget.cache
         No-Op restore. The cache will not be updated. Path: C:\Users\giris\Documents\Code\Redesign-POS\Windows Based POS\Magidesk\Magidesk.Domain\obj\project.nuget.cache
         No-Op restore. The cache will not be updated. Path: C:\Users\giris\Documents\Code\Redesign-POS\Windows Based POS\Magidesk\Magidesk.Application\obj\project.nuget.cache
         No-Op restore. The cache will not be updated. Path: C:\Users\giris\Documents\Code\Redesign-POS\Windows Based POS\Magidesk\obj\project.nuget.cache
         Restored C:\Users\giris\Documents\Code\Redesign-POS\Windows Based POS\Magidesk\Magidesk.Infrastructure\Magidesk.Infrastructure.csproj (in 28 ms).
         Restored C:\Users\giris\Documents\Code\Redesign-POS\Windows Based POS\Magidesk\Magidesk.Application\Magidesk.Application.csproj (in 27 ms).
         Restored C:\Users\giris\Documents\Code\Redesign-POS\Windows Based POS\Magidesk\Magidesk.Presentation.csproj (in 28 ms).
         Restored C:\Users\giris\Documents\Code\Redesign-POS\Windows Based POS\Magidesk\Magidesk.Domain\Magidesk.Domain.csproj (in 27 ms).
         
         NuGet Config files used:
             C:\Users\giris\AppData\Roaming\NuGet\NuGet.Config
             C:\Program Files (x86)\NuGet\Config\Microsoft.VisualStudio.FallbackLocation.config
             C:\Program Files (x86)\NuGet\Config\Microsoft.VisualStudio.Offline.config
         
         Feeds used:
             https://api.nuget.org/v3/index.json
             C:\Program Files (x86)\Microsoft SDKs\NuGetPackages\
             C:\Program Files\dotnet\library-packs
         All projects are up-to-date for restore.
       Done executing task "RestoreTask".
     1>Done building target "Restore" in project "Magidesk.Presentation.csproj".
     1>Done Building Project "C:\Users\giris\Documents\Code\Redesign-POS\Windows Based POS\Magidesk\Magidesk.Presentation.csproj" (Restore target(s)).
     0>C:\Program Files\dotnet\sdk\10.0.101\Sdks\Microsoft.NET.Sdk\Sdk\Sdk.props(49,11): message : Property 'MSBuildExtensionsPath' with value 'C:\Program Files\dotnet\sdk\10.0.101\' expanded from the environment.
       C:\Program Files\dotnet\sdk\10.0.101\Current\Microsoft.Common.props(60,5): message : Property reassignment: $(MSBuildProjectExtensionsPath)="C:\Users\giris\Documents\Code\Redesign-POS\Windows Based POS\Magidesk\obj\" (previous value: "obj\") at C:\Program Files\dotnet\sdk\10.0.101\Current\Microsoft.Common.props (60,5)
       C:\Users\giris\Documents\Code\Redesign-POS\Windows Based POS\Magidesk\obj\Magidesk.Presentation.csproj.nuget.g.props(7,5): message : Property 'USERPROFILE' with value 'C:\Users\giris' expanded from the environment.
       C:\Users\giris\.nuget\packages\microsoft.windows.sdk.buildtools\10.0.26100.7175\buildTransitive\Microsoft.Windows.SDK.BuildTools.props(4,37): message : Property 'PROCESSOR_ARCHITECTURE' with value 'AMD64' expanded from the environment.
       C:\Users\giris\.nuget\packages\microsoft.windowsappsdk.winui\1.8.251105000\buildTransitive\Microsoft.UI.Xaml.Markup.Compiler.props(15,5): message : Property reassignment: $(CustomBeforeMicrosoftCommonTargets)="C:\Users\giris\.nuget\packages\microsoft.windowsappsdk.winui\1.8.251105000\buildTransitive\Microsoft.UI.Xaml.Markup.Compiler.BeforeCommon.targets" (previous value: "C:\Users\giris\.nuget\packages\microsoft.windows.sdk.buildtools.msix\1.7.20250829.1\build\Microsoft.Windows.SDK.BuildTools.MSIX.BeforeCommon.props") at C:\Users\giris\.nuget\packages\microsoft.windowsappsdk.winui\1.8.251105000\buildTransitive\Microsoft.UI.Xaml.Markup.Compiler.props (15,5)
       C:\Program Files\dotnet\sdk\10.0.101\Current\Microsoft.Common.props(84,119): message : Property 'MSBuildUserExtensionsPath' with value 'C:\Users\giris\AppData\Local\Microsoft\MSBuild' expanded from the environment.
       C:\Program Files\dotnet\sdk\10.0.101\Sdks\Microsoft.NET.Sdk\targets\Microsoft.NET.Sdk.props(90,5): message : Property reassignment: $(AssemblySearchPaths)="{CandidateAssemblyFiles};{HintPathFromItem}" (previous value: "{CandidateAssemblyFiles}") at C:\Program Files\dotnet\sdk\10.0.101\Sdks\Microsoft.NET.Sdk\targets\Microsoft.NET.Sdk.props (90,5)
       C:\Program Files\dotnet\sdk\10.0.101\Sdks\Microsoft.NET.Sdk\targets\Microsoft.NET.Sdk.props(91,5): message : Property reassignment: $(AssemblySearchPaths)="{CandidateAssemblyFiles};{HintPathFromItem};{TargetFrameworkDirectory}" (previous value: "{CandidateAssemblyFiles};{HintPathFromItem}") at C:\Program Files\dotnet\sdk\10.0.101\Sdks\Microsoft.NET.Sdk\targets\Microsoft.NET.Sdk.props (91,5)
       C:\Program Files\dotnet\sdk\10.0.101\Sdks\Microsoft.NET.Sdk\targets\Microsoft.NET.Sdk.props(92,5): message : Property reassignment: $(AssemblySearchPaths)="{CandidateAssemblyFiles};{HintPathFromItem};{TargetFrameworkDirectory};{RawFileName}" (previous value: "{CandidateAssemblyFiles};{HintPathFromItem};{TargetFrameworkDirectory}") at C:\Program Files\dotnet\sdk\10.0.101\Sdks\Microsoft.NET.Sdk\targets\Microsoft.NET.Sdk.props (92,5)
       C:\Users\giris\Documents\Code\Redesign-POS\Windows Based POS\Magidesk\Magidesk.Presentation.csproj(6,9): message : Property reassignment: $(OutputType)="WinExe" (previous value: "Library") at C:\Users\giris\Documents\Code\Redesign-POS\Windows Based POS\Magidesk\Magidesk.Presentation.csproj (6,9)
       C:\Users\giris\Documents\Code\Redesign-POS\Windows Based POS\Magidesk\Magidesk.Presentation.csproj(43,9): message : Property reassignment: $(Platforms)="x86;x64;ARM64" (previous value: "AnyCPU") at C:\Users\giris\Documents\Code\Redesign-POS\Windows Based POS\Magidesk\Magidesk.Presentation.csproj (43,9)
       C:\Program Files\dotnet\sdk\10.0.101\Sdks\Microsoft.NET.Sdk\targets\Microsoft.NET.Sdk.ImportPublishProfile.targets(28,5): message : Property reassignment: $(PublishProfileImported)="false" (previous value: "true") at C:\Program Files\dotnet\sdk\10.0.101\Sdks\Microsoft.NET.Sdk\targets\Microsoft.NET.Sdk.ImportPublishProfile.targets (28,5)
       C:\Program Files\dotnet\sdk\10.0.101\Sdks\Microsoft.NET.Sdk\targets\Microsoft.NET.TargetFrameworkInference.targets(84,5): message : Property reassignment: $(TargetPlatformIdentifier)="Windows" (previous value: "windows") at C:\Program Files\dotnet\sdk\10.0.101\Sdks\Microsoft.NET.Sdk\targets\Microsoft.NET.TargetFrameworkInference.targets (84,5)
       C:\Program Files\dotnet\sdk\10.0.101\Sdks\Microsoft.NET.Sdk\targets\Microsoft.NET.DefaultOutputPaths.targets(126,5): message : Property reassignment: $(DefaultItemExcludes)="
       C:\Program Files\dotnet\sdk\10.0.101\Sdks\Microsoft.NET.Sdk\targets\Microsoft.NET.DefaultOutputPaths.targets(126,5): message :           ;
       C:\Program Files\dotnet\sdk\10.0.101\Sdks\Microsoft.NET.Sdk\targets\Microsoft.NET.DefaultOutputPaths.targets(126,5): message :           Magidesk.Api\**;
       C:\Program Files\dotnet\sdk\10.0.101\Sdks\Microsoft.NET.Sdk\targets\Microsoft.NET.DefaultOutputPaths.targets(126,5): message :           Magidesk.Application\**;
       C:\Program Files\dotnet\sdk\10.0.101\Sdks\Microsoft.NET.Sdk\targets\Microsoft.NET.DefaultOutputPaths.targets(126,5): message :           Magidesk.Domain\**;
       C:\Program Files\dotnet\sdk\10.0.101\Sdks\Microsoft.NET.Sdk\targets\Microsoft.NET.DefaultOutputPaths.targets(126,5): message :           Magidesk.Infrastructure\**;
       C:\Program Files\dotnet\sdk\10.0.101\Sdks\Microsoft.NET.Sdk\targets\Microsoft.NET.DefaultOutputPaths.targets(126,5): message :           Magidesk.Migrations\**;
       C:\Program Files\dotnet\sdk\10.0.101\Sdks\Microsoft.NET.Sdk\targets\Microsoft.NET.DefaultOutputPaths.targets(126,5): message :           Magidesk.Application.Tests\**;
       C:\Program Files\dotnet\sdk\10.0.101\Sdks\Microsoft.NET.Sdk\targets\Microsoft.NET.DefaultOutputPaths.targets(126,5): message :           Magidesk.Domain.Tests\**;
       C:\Program Files\dotnet\sdk\10.0.101\Sdks\Microsoft.NET.Sdk\targets\Microsoft.NET.DefaultOutputPaths.targets(126,5): message :           Magidesk.Infrastructure.Tests\**;
       C:\Program Files\dotnet\sdk\10.0.101\Sdks\Microsoft.NET.Sdk\targets\Microsoft.NET.DefaultOutputPaths.targets(126,5): message :           generate_pins.cs;
       C:\Program Files\dotnet\sdk\10.0.101\Sdks\Microsoft.NET.Sdk\targets\Microsoft.NET.DefaultOutputPaths.targets(126,5): message :           terminals\**;
       C:\Program Files\dotnet\sdk\10.0.101\Sdks\Microsoft.NET.Sdk\targets\Microsoft.NET.DefaultOutputPaths.targets(126,5): message :           memory-bank\**;
       C:\Program Files\dotnet\sdk\10.0.101\Sdks\Microsoft.NET.Sdk\targets\Microsoft.NET.DefaultOutputPaths.targets(126,5): message :           bin\**;
       C:\Program Files\dotnet\sdk\10.0.101\Sdks\Microsoft.NET.Sdk\targets\Microsoft.NET.DefaultOutputPaths.targets(126,5): message :           obj\**
       C:\Program Files\dotnet\sdk\10.0.101\Sdks\Microsoft.NET.Sdk\targets\Microsoft.NET.DefaultOutputPaths.targets(126,5): message :         ;bin\Debug\/**" (previous value: "
       C:\Program Files\dotnet\sdk\10.0.101\Sdks\Microsoft.NET.Sdk\targets\Microsoft.NET.DefaultOutputPaths.targets(126,5): message :           ;
       C:\Program Files\dotnet\sdk\10.0.101\Sdks\Microsoft.NET.Sdk\targets\Microsoft.NET.DefaultOutputPaths.targets(126,5): message :           Magidesk.Api\**;
       C:\Program Files\dotnet\sdk\10.0.101\Sdks\Microsoft.NET.Sdk\targets\Microsoft.NET.DefaultOutputPaths.targets(126,5): message :           Magidesk.Application\**;
       C:\Program Files\dotnet\sdk\10.0.101\Sdks\Microsoft.NET.Sdk\targets\Microsoft.NET.DefaultOutputPaths.targets(126,5): message :           Magidesk.Domain\**;
       C:\Program Files\dotnet\sdk\10.0.101\Sdks\Microsoft.NET.Sdk\targets\Microsoft.NET.DefaultOutputPaths.targets(126,5): message :           Magidesk.Infrastructure\**;
       C:\Program Files\dotnet\sdk\10.0.101\Sdks\Microsoft.NET.Sdk\targets\Microsoft.NET.DefaultOutputPaths.targets(126,5): message :           Magidesk.Migrations\**;
       C:\Program Files\dotnet\sdk\10.0.101\Sdks\Microsoft.NET.Sdk\targets\Microsoft.NET.DefaultOutputPaths.targets(126,5): message :           Magidesk.Application.Tests\**;
       C:\Program Files\dotnet\sdk\10.0.101\Sdks\Microsoft.NET.Sdk\targets\Microsoft.NET.DefaultOutputPaths.targets(126,5): message :           Magidesk.Domain.Tests\**;
       C:\Program Files\dotnet\sdk\10.0.101\Sdks\Microsoft.NET.Sdk\targets\Microsoft.NET.DefaultOutputPaths.targets(126,5): message :           Magidesk.Infrastructure.Tests\**;
       C:\Program Files\dotnet\sdk\10.0.101\Sdks\Microsoft.NET.Sdk\targets\Microsoft.NET.DefaultOutputPaths.targets(126,5): message :           generate_pins.cs;
       C:\Program Files\dotnet\sdk\10.0.101\Sdks\Microsoft.NET.Sdk\targets\Microsoft.NET.DefaultOutputPaths.targets(126,5): message :           terminals\**;
       C:\Program Files\dotnet\sdk\10.0.101\Sdks\Microsoft.NET.Sdk\targets\Microsoft.NET.DefaultOutputPaths.targets(126,5): message :           memory-bank\**;
       C:\Program Files\dotnet\sdk\10.0.101\Sdks\Microsoft.NET.Sdk\targets\Microsoft.NET.DefaultOutputPaths.targets(126,5): message :           bin\**;
       C:\Program Files\dotnet\sdk\10.0.101\Sdks\Microsoft.NET.Sdk\targets\Microsoft.NET.DefaultOutputPaths.targets(126,5): message :           obj\**
       C:\Program Files\dotnet\sdk\10.0.101\Sdks\Microsoft.NET.Sdk\targets\Microsoft.NET.DefaultOutputPaths.targets(126,5): message :         ") at C:\Program Files\dotnet\sdk\10.0.101\Sdks\Microsoft.NET.Sdk\targets\Microsoft.NET.DefaultOutputPaths.targets (126,5)
       C:\Program Files\dotnet\sdk\10.0.101\Sdks\Microsoft.NET.Sdk\targets\Microsoft.NET.DefaultOutputPaths.targets(127,5): message : Property reassignment: $(DefaultItemExcludes)="
       C:\Program Files\dotnet\sdk\10.0.101\Sdks\Microsoft.NET.Sdk\targets\Microsoft.NET.DefaultOutputPaths.targets(127,5): message :           ;
       C:\Program Files\dotnet\sdk\10.0.101\Sdks\Microsoft.NET.Sdk\targets\Microsoft.NET.DefaultOutputPaths.targets(127,5): message :           Magidesk.Api\**;
       C:\Program Files\dotnet\sdk\10.0.101\Sdks\Microsoft.NET.Sdk\targets\Microsoft.NET.DefaultOutputPaths.targets(127,5): message :           Magidesk.Application\**;
       C:\Program Files\dotnet\sdk\10.0.101\Sdks\Microsoft.NET.Sdk\targets\Microsoft.NET.DefaultOutputPaths.targets(127,5): message :           Magidesk.Domain\**;
       C:\Program Files\dotnet\sdk\10.0.101\Sdks\Microsoft.NET.Sdk\targets\Microsoft.NET.DefaultOutputPaths.targets(127,5): message :           Magidesk.Infrastructure\**;
       C:\Program Files\dotnet\sdk\10.0.101\Sdks\Microsoft.NET.Sdk\targets\Microsoft.NET.DefaultOutputPaths.targets(127,5): message :           Magidesk.Migrations\**;
       C:\Program Files\dotnet\sdk\10.0.101\Sdks\Microsoft.NET.Sdk\targets\Microsoft.NET.DefaultOutputPaths.targets(127,5): message :           Magidesk.Application.Tests\**;
       C:\Program Files\dotnet\sdk\10.0.101\Sdks\Microsoft.NET.Sdk\targets\Microsoft.NET.DefaultOutputPaths.targets(127,5): message :           Magidesk.Domain.Tests\**;
       C:\Program Files\dotnet\sdk\10.0.101\Sdks\Microsoft.NET.Sdk\targets\Microsoft.NET.DefaultOutputPaths.targets(127,5): message :           Magidesk.Infrastructure.Tests\**;
       C:\Program Files\dotnet\sdk\10.0.101\Sdks\Microsoft.NET.Sdk\targets\Microsoft.NET.DefaultOutputPaths.targets(127,5): message :           generate_pins.cs;
       C:\Program Files\dotnet\sdk\10.0.101\Sdks\Microsoft.NET.Sdk\targets\Microsoft.NET.DefaultOutputPaths.targets(127,5): message :           terminals\**;
       C:\Program Files\dotnet\sdk\10.0.101\Sdks\Microsoft.NET.Sdk\targets\Microsoft.NET.DefaultOutputPaths.targets(127,5): message :           memory-bank\**;
       C:\Program Files\dotnet\sdk\10.0.101\Sdks\Microsoft.NET.Sdk\targets\Microsoft.NET.DefaultOutputPaths.targets(127,5): message :           bin\**;
       C:\Program Files\dotnet\sdk\10.0.101\Sdks\Microsoft.NET.Sdk\targets\Microsoft.NET.DefaultOutputPaths.targets(127,5): message :           obj\**
       C:\Program Files\dotnet\sdk\10.0.101\Sdks\Microsoft.NET.Sdk\targets\Microsoft.NET.DefaultOutputPaths.targets(127,5): message :         ;bin\Debug\/**;obj\Debug\/**" (previous value: "
       C:\Program Files\dotnet\sdk\10.0.101\Sdks\Microsoft.NET.Sdk\targets\Microsoft.NET.DefaultOutputPaths.targets(127,5): message :           ;
       C:\Program Files\dotnet\sdk\10.0.101\Sdks\Microsoft.NET.Sdk\targets\Microsoft.NET.DefaultOutputPaths.targets(127,5): message :           Magidesk.Api\**;
       C:\Program Files\dotnet\sdk\10.0.101\Sdks\Microsoft.NET.Sdk\targets\Microsoft.NET.DefaultOutputPaths.targets(127,5): message :           Magidesk.Application\**;
       C:\Program Files\dotnet\sdk\10.0.101\Sdks\Microsoft.NET.Sdk\targets\Microsoft.NET.DefaultOutputPaths.targets(127,5): message :           Magidesk.Domain\**;
       C:\Program Files\dotnet\sdk\10.0.101\Sdks\Microsoft.NET.Sdk\targets\Microsoft.NET.DefaultOutputPaths.targets(127,5): message :           Magidesk.Infrastructure\**;
       C:\Program Files\dotnet\sdk\10.0.101\Sdks\Microsoft.NET.Sdk\targets\Microsoft.NET.DefaultOutputPaths.targets(127,5): message :           Magidesk.Migrations\**;
       C:\Program Files\dotnet\sdk\10.0.101\Sdks\Microsoft.NET.Sdk\targets\Microsoft.NET.DefaultOutputPaths.targets(127,5): message :           Magidesk.Application.Tests\**;
       C:\Program Files\dotnet\sdk\10.0.101\Sdks\Microsoft.NET.Sdk\targets\Microsoft.NET.DefaultOutputPaths.targets(127,5): message :           Magidesk.Domain.Tests\**;
       C:\Program Files\dotnet\sdk\10.0.101\Sdks\Microsoft.NET.Sdk\targets\Microsoft.NET.DefaultOutputPaths.targets(127,5): message :           Magidesk.Infrastructure.Tests\**;
       C:\Program Files\dotnet\sdk\10.0.101\Sdks\Microsoft.NET.Sdk\targets\Microsoft.NET.DefaultOutputPaths.targets(127,5): message :           generate_pins.cs;
       C:\Program Files\dotnet\sdk\10.0.101\Sdks\Microsoft.NET.Sdk\targets\Microsoft.NET.DefaultOutputPaths.targets(127,5): message :           terminals\**;
       C:\Program Files\dotnet\sdk\10.0.101\Sdks\Microsoft.NET.Sdk\targets\Microsoft.NET.DefaultOutputPaths.targets(127,5): message :           memory-bank\**;
       C:\Program Files\dotnet\sdk\10.0.101\Sdks\Microsoft.NET.Sdk\targets\Microsoft.NET.DefaultOutputPaths.targets(127,5): message :           bin\**;
       C:\Program Files\dotnet\sdk\10.0.101\Sdks\Microsoft.NET.Sdk\targets\Microsoft.NET.DefaultOutputPaths.targets(127,5): message :           obj\**
       C:\Program Files\dotnet\sdk\10.0.101\Sdks\Microsoft.NET.Sdk\targets\Microsoft.NET.DefaultOutputPaths.targets(127,5): message :         ;bin\Debug\/**") at C:\Program Files\dotnet\sdk\10.0.101\Sdks\Microsoft.NET.Sdk\targets\Microsoft.NET.DefaultOutputPaths.targets (127,5)
       C:\Program Files\dotnet\sdk\10.0.101\Sdks\Microsoft.NET.Sdk\targets\Microsoft.NET.DefaultOutputPaths.targets(142,5): message : Property reassignment: $(OutputPath)="bin\Debug\net8.0-windows10.0.19041.0\" (previous value: "bin\Debug\") at C:\Program Files\dotnet\sdk\10.0.101\Sdks\Microsoft.NET.Sdk\targets\Microsoft.NET.DefaultOutputPaths.targets (142,5)
       C:\Program Files\dotnet\sdk\10.0.101\Sdks\Microsoft.NET.Sdk\targets\Microsoft.NET.DefaultOutputPaths.targets(147,5): message : Property reassignment: $(IntermediateOutputPath)="obj\Debug\net8.0-windows10.0.19041.0\" (previous value: "obj\Debug\") at C:\Program Files\dotnet\sdk\10.0.101\Sdks\Microsoft.NET.Sdk\targets\Microsoft.NET.DefaultOutputPaths.targets (147,5)
       C:\Program Files\dotnet\sdk\10.0.101\Sdks\Microsoft.NET.Sdk\targets\Microsoft.NET.Sdk.BeforeCommon.targets(371,5): message : Property reassignment: $(RoslynTargetsPath)="C:\Program Files\dotnet\sdk\10.0.101\Sdks\Microsoft.NET.Sdk\targets\..\..\..\Roslyn" (previous value: "C:\Program Files\dotnet\sdk\10.0.101\Roslyn") at C:\Program Files\dotnet\sdk\10.0.101\Sdks\Microsoft.NET.Sdk\targets\Microsoft.NET.Sdk.BeforeCommon.targets (371,5)
       C:\Program Files\dotnet\sdk\10.0.101\Roslyn\Microsoft.Managed.Core.targets(6,5): message : Property reassignment: $(_BuildTasksDirectory)="C:\Program Files\dotnet\sdk\10.0.101\Sdks\Microsoft.NET.Sdk\targets\..\..\..\Roslyn\" (previous value: "C:\Program Files\dotnet\sdk\10.0.101\Roslyn\") at C:\Program Files\dotnet\sdk\10.0.101\Roslyn\Microsoft.Managed.Core.targets (6,5)
       C:\Program Files\dotnet\sdk\10.0.101\Roslyn\Microsoft.CSharp.Core.targets(200,5): message : Property reassignment: $(CommandLineArgsForDesignTimeEvaluation)="-langversion:latest -define:TRACE" (previous value: "-langversion:latest") at C:\Program Files\dotnet\sdk\10.0.101\Roslyn\Microsoft.CSharp.Core.targets (200,5)
       C:\Users\giris\.nuget\packages\microsoft.windows.sdk.buildtools.msix\1.7.20250829.1\build\Microsoft.Windows.SDK.BuildTools.MSIX.Common.props(16,5): message : Property reassignment: $(MsAppxPackageTargets)="Dont-Use-MsAppxPackageTargets" (previous value: "WinUI3-NET5-Projects-Dont-Use-MsAppxPackageTargets") at C:\Users\giris\.nuget\packages\microsoft.windows.sdk.buildtools.msix\1.7.20250829.1\build\Microsoft.Windows.SDK.BuildTools.MSIX.Common.props (16,5)
       C:\Program Files\dotnet\sdk\10.0.101\Microsoft.Common.CurrentVersion.targets(175,5): message : Property reassignment: $(_DebugSymbolsProduced)="true" (previous value: "false") at C:\Program Files\dotnet\sdk\10.0.101\Microsoft.Common.CurrentVersion.targets (175,5)
       C:\Program Files\dotnet\sdk\10.0.101\Microsoft.Common.CurrentVersion.targets(185,5): message : Property reassignment: $(_DocumentationFileProduced)="false" (previous value: "true") at C:\Program Files\dotnet\sdk\10.0.101\Microsoft.Common.CurrentVersion.targets (185,5)
       C:\Program Files\dotnet\sdk\10.0.101\Microsoft.Common.CurrentVersion.targets(392,5): message : Property reassignment: $(MSBuildCopyMarkerName)="Magidesk.1EB53327" (previous value: "Magidesk.Presentation.csproj") at C:\Program Files\dotnet\sdk\10.0.101\Microsoft.Common.CurrentVersion.targets (392,5)
       C:\Program Files\dotnet\sdk\10.0.101\Microsoft.Common.CurrentVersion.targets(393,5): message : Property reassignment: $(MSBuildCopyMarkerName)="Magidesk.1EB53327.Up2Date" (previous value: "Magidesk.1EB53327") at C:\Program Files\dotnet\sdk\10.0.101\Microsoft.Common.CurrentVersion.targets (393,5)
       C:\Program Files\dotnet\sdk\10.0.101\Microsoft.Common.CurrentVersion.targets(541,5): message : Property reassignment: $(ProcessorArchitecture)="msil" (previous value: "") at C:\Program Files\dotnet\sdk\10.0.101\Microsoft.Common.CurrentVersion.targets (541,5)
       C:\Program Files\dotnet\sdk\10.0.101\Microsoft.Common.CurrentVersion.targets(580,5): message : Property reassignment: $(DelaySign)="" (previous value: "false") at C:\Program Files\dotnet\sdk\10.0.101\Microsoft.Common.CurrentVersion.targets (580,5)
       C:\Program Files\dotnet\sdk\10.0.101\Microsoft.Common.CurrentVersion.targets(1188,5): message : Property reassignment: $(PrepareForBuildDependsOn)=";WindowsAppSDKVerifyKitVersion;GetFrameworkPaths;GetReferenceAssemblyPaths;AssignLinkMetadata" (previous value: ";WindowsAppSDKVerifyKitVersion") at C:\Program Files\dotnet\sdk\10.0.101\Microsoft.Common.CurrentVersion.targets (1188,5)
       C:\Program Files\dotnet\sdk\10.0.101\Microsoft.Common.CurrentVersion.targets(2606,5): message : Property 'LOCALAPPDATA' with value 'C:\Users\giris\AppData\Local' expanded from the environment.
       C:\Program Files\dotnet\sdk\10.0.101\Microsoft.Common.CurrentVersion.targets(3934,5): message : Property reassignment: $(_SGenGenerateSerializationAssembliesConfig)="Auto" (previous value: "") at C:\Program Files\dotnet\sdk\10.0.101\Microsoft.Common.CurrentVersion.targets (3934,5)
       C:\Program Files\dotnet\sdk\10.0.101\Microsoft.Common.CurrentVersion.targets(3935,5): message : Property reassignment: $(_SGenGenerateSerializationAssembliesConfig)="Off" (previous value: "Auto") at C:\Program Files\dotnet\sdk\10.0.101\Microsoft.Common.CurrentVersion.targets (3935,5)
       C:\Program Files\dotnet\sdk\10.0.101\Microsoft.Common.CurrentVersion.targets(5146,5): message : Property reassignment: $(_TargetsThatPrepareProjectReferences)="
       C:\Program Files\dotnet\sdk\10.0.101\Microsoft.Common.CurrentVersion.targets(5146,5): message :       AssignProjectConfiguration;
       C:\Program Files\dotnet\sdk\10.0.101\Microsoft.Common.CurrentVersion.targets(5146,5): message :       _SplitProjectReferencesByFileExistence
       C:\Program Files\dotnet\sdk\10.0.101\Microsoft.Common.CurrentVersion.targets(5146,5): message :     " (previous value: "_SplitProjectReferencesByFileExistence") at C:\Program Files\dotnet\sdk\10.0.101\Microsoft.Common.CurrentVersion.targets (5146,5)
       C:\Program Files\dotnet\sdk\10.0.101\Microsoft.Common.CurrentVersion.targets(6959,5): message : Property 'MSBuildExtensionsPath32' with value 'C:\Program Files\dotnet\sdk\10.0.101' expanded from the environment.
       The "NuGetInteractive" property is a global property, and cannot be modified.
       C:\Users\giris\.nuget\packages\microsoft.windows.sdk.buildtools.msix\1.7.20250829.1\build\Microsoft.Windows.SDK.BuildTools.MSIX.Packaging.targets(136,5): message : Property reassignment: $(AppxHashAlgorithmId)="sha256" (previous value: "") at C:\Users\giris\.nuget\packages\microsoft.windows.sdk.buildtools.msix\1.7.20250829.1\build\Microsoft.Windows.SDK.BuildTools.MSIX.Packaging.targets (136,5)
       C:\Users\giris\.nuget\packages\microsoft.windows.sdk.buildtools.msix\1.7.20250829.1\build\Microsoft.Windows.SDK.BuildTools.MSIX.Packaging.targets(417,5): message : Property reassignment: $(PrepareForBuildDependsOn)="
       C:\Users\giris\.nuget\packages\microsoft.windows.sdk.buildtools.msix\1.7.20250829.1\build\Microsoft.Windows.SDK.BuildTools.MSIX.Packaging.targets(417,5): message :       ;WindowsAppSDKVerifyKitVersion;GetFrameworkPaths;GetReferenceAssemblyPaths;AssignLinkMetadata;
       C:\Users\giris\.nuget\packages\microsoft.windows.sdk.buildtools.msix\1.7.20250829.1\build\Microsoft.Windows.SDK.BuildTools.MSIX.Packaging.targets(417,5): message :       _ValidateWindowsPackageType;
       C:\Users\giris\.nuget\packages\microsoft.windows.sdk.buildtools.msix\1.7.20250829.1\build\Microsoft.Windows.SDK.BuildTools.MSIX.Packaging.targets(417,5): message :     " (previous value: ";WindowsAppSDKVerifyKitVersion;GetFrameworkPaths;GetReferenceAssemblyPaths;AssignLinkMetadata") at C:\Users\giris\.nuget\packages\microsoft.windows.sdk.buildtools.msix\1.7.20250829.1\build\Microsoft.Windows.SDK.BuildTools.MSIX.Packaging.targets (417,5)
       C:\Users\giris\.nuget\packages\microsoft.windows.sdk.buildtools.msix\1.7.20250829.1\build\Microsoft.Windows.SDK.BuildTools.MSIX.Packaging.targets(659,5): message : Property reassignment: $(PrepareForRunDependsOn)="
       C:\Users\giris\.nuget\packages\microsoft.windows.sdk.buildtools.msix\1.7.20250829.1\build\Microsoft.Windows.SDK.BuildTools.MSIX.Packaging.targets(659,5): message :       PrepareMsixPackage;
       C:\Users\giris\.nuget\packages\microsoft.windows.sdk.buildtools.msix\1.7.20250829.1\build\Microsoft.Windows.SDK.BuildTools.MSIX.Packaging.targets(659,5): message :       _ValidateConfiguration;
       C:\Users\giris\.nuget\packages\microsoft.windows.sdk.buildtools.msix\1.7.20250829.1\build\Microsoft.Windows.SDK.BuildTools.MSIX.Packaging.targets(659,5): message :       _ValidateSigningCertificate;
       C:\Users\giris\.nuget\packages\microsoft.windows.sdk.buildtools.msix\1.7.20250829.1\build\Microsoft.Windows.SDK.BuildTools.MSIX.Packaging.targets(659,5): message :       _ValidateAzureCodeSigningVersion;
       C:\Users\giris\.nuget\packages\microsoft.windows.sdk.buildtools.msix\1.7.20250829.1\build\Microsoft.Windows.SDK.BuildTools.MSIX.Packaging.targets(659,5): message :       _ValidateAzureKeyVaultVersion;
       C:\Users\giris\.nuget\packages\microsoft.windows.sdk.buildtools.msix\1.7.20250829.1\build\Microsoft.Windows.SDK.BuildTools.MSIX.Packaging.targets(659,5): message :       _ValidatePaths;
       C:\Users\giris\.nuget\packages\microsoft.windows.sdk.buildtools.msix\1.7.20250829.1\build\Microsoft.Windows.SDK.BuildTools.MSIX.Packaging.targets(659,5): message :       _GetAppxManifestSchemaItems;
       C:\Users\giris\.nuget\packages\microsoft.windows.sdk.buildtools.msix\1.7.20250829.1\build\Microsoft.Windows.SDK.BuildTools.MSIX.Packaging.targets(659,5): message :       _FindAndValidateBundleMappingFile;
       C:\Users\giris\.nuget\packages\microsoft.windows.sdk.buildtools.msix\1.7.20250829.1\build\Microsoft.Windows.SDK.BuildTools.MSIX.Packaging.targets(659,5): message :       _GetPriConfigXmlSnippets;
       C:\Users\giris\.nuget\packages\microsoft.windows.sdk.buildtools.msix\1.7.20250829.1\build\Microsoft.Windows.SDK.BuildTools.MSIX.Packaging.targets(659,5): message :       _ReadAppxLayout;
       C:\Users\giris\.nuget\packages\microsoft.windows.sdk.buildtools.msix\1.7.20250829.1\build\Microsoft.Windows.SDK.BuildTools.MSIX.Packaging.targets(659,5): message :       _ValidatePresenceOfAppxManifestItems;
       C:\Users\giris\.nuget\packages\microsoft.windows.sdk.buildtools.msix\1.7.20250829.1\build\Microsoft.Windows.SDK.BuildTools.MSIX.Packaging.targets(659,5): message :       _BuildOptionalProjects;
       C:\Users\giris\.nuget\packages\microsoft.windows.sdk.buildtools.msix\1.7.20250829.1\build\Microsoft.Windows.SDK.BuildTools.MSIX.Packaging.targets(659,5): message :       _GenerateBundleMappingFile;
       C:\Users\giris\.nuget\packages\microsoft.windows.sdk.buildtools.msix\1.7.20250829.1\build\Microsoft.Windows.SDK.BuildTools.MSIX.Packaging.targets(659,5): message :       _GenerateBundleManifest;
       C:\Users\giris\.nuget\packages\microsoft.windows.sdk.buildtools.msix\1.7.20250829.1\build\Microsoft.Windows.SDK.BuildTools.MSIX.Packaging.targets(659,5): message :       _ConvertAppxContentGroupMap;
       C:\Users\giris\.nuget\packages\microsoft.windows.sdk.buildtools.msix\1.7.20250829.1\build\Microsoft.Windows.SDK.BuildTools.MSIX.Packaging.targets(659,5): message :       
       C:\Users\giris\.nuget\packages\microsoft.windows.sdk.buildtools.msix\1.7.20250829.1\build\Microsoft.Windows.SDK.BuildTools.MSIX.Packaging.targets(659,5): message :       CopyFilesToOutputDirectory
       C:\Users\giris\.nuget\packages\microsoft.windows.sdk.buildtools.msix\1.7.20250829.1\build\Microsoft.Windows.SDK.BuildTools.MSIX.Packaging.targets(659,5): message :     ;
       C:\Users\giris\.nuget\packages\microsoft.windows.sdk.buildtools.msix\1.7.20250829.1\build\Microsoft.Windows.SDK.BuildTools.MSIX.Packaging.targets(659,5): message :     " (previous value: "
       C:\Users\giris\.nuget\packages\microsoft.windows.sdk.buildtools.msix\1.7.20250829.1\build\Microsoft.Windows.SDK.BuildTools.MSIX.Packaging.targets(659,5): message :       CopyFilesToOutputDirectory
       C:\Users\giris\.nuget\packages\microsoft.windows.sdk.buildtools.msix\1.7.20250829.1\build\Microsoft.Windows.SDK.BuildTools.MSIX.Packaging.targets(659,5): message :     ") at C:\Users\giris\.nuget\packages\microsoft.windows.sdk.buildtools.msix\1.7.20250829.1\build\Microsoft.Windows.SDK.BuildTools.MSIX.Packaging.targets (659,5)
       C:\Users\giris\.nuget\packages\microsoft.windows.sdk.buildtools.msix\1.7.20250829.1\build\Microsoft.Windows.SDK.BuildTools.MSIX.Pri.targets(102,5): message : Property reassignment: $(GenerateProjectPriFileDependsOn)="
       C:\Users\giris\.nuget\packages\microsoft.windows.sdk.buildtools.msix\1.7.20250829.1\build\Microsoft.Windows.SDK.BuildTools.MSIX.Pri.targets(102,5): message :       
       C:\Users\giris\.nuget\packages\microsoft.windows.sdk.buildtools.msix\1.7.20250829.1\build\Microsoft.Windows.SDK.BuildTools.MSIX.Pri.targets(102,5): message :       ;
       C:\Users\giris\.nuget\packages\microsoft.windows.sdk.buildtools.msix\1.7.20250829.1\build\Microsoft.Windows.SDK.BuildTools.MSIX.Pri.targets(102,5): message :       CopyFilesToOutputDirectory;
       C:\Users\giris\.nuget\packages\microsoft.windows.sdk.buildtools.msix\1.7.20250829.1\build\Microsoft.Windows.SDK.BuildTools.MSIX.Pri.targets(102,5): message :       BeforeGenerateProjectPriFile;
       C:\Users\giris\.nuget\packages\microsoft.windows.sdk.buildtools.msix\1.7.20250829.1\build\Microsoft.Windows.SDK.BuildTools.MSIX.Pri.targets(102,5): message :     ;
       C:\Users\giris\.nuget\packages\microsoft.windows.sdk.buildtools.msix\1.7.20250829.1\build\Microsoft.Windows.SDK.BuildTools.MSIX.Pri.targets(102,5): message :       GetPriOutputs;
       C:\Users\giris\.nuget\packages\microsoft.windows.sdk.buildtools.msix\1.7.20250829.1\build\Microsoft.Windows.SDK.BuildTools.MSIX.Pri.targets(102,5): message :       _GetPriFilesFromPayload;
       C:\Users\giris\.nuget\packages\microsoft.windows.sdk.buildtools.msix\1.7.20250829.1\build\Microsoft.Windows.SDK.BuildTools.MSIX.Pri.targets(102,5): message :       _ComputeInputPriFiles;
       C:\Users\giris\.nuget\packages\microsoft.windows.sdk.buildtools.msix\1.7.20250829.1\build\Microsoft.Windows.SDK.BuildTools.MSIX.Pri.targets(102,5): message :       _GenerateProjectPriConfigurationFiles;
       C:\Users\giris\.nuget\packages\microsoft.windows.sdk.buildtools.msix\1.7.20250829.1\build\Microsoft.Windows.SDK.BuildTools.MSIX.Pri.targets(102,5): message :       _GenerateProjectPriFileCore;
       C:\Users\giris\.nuget\packages\microsoft.windows.sdk.buildtools.msix\1.7.20250829.1\build\Microsoft.Windows.SDK.BuildTools.MSIX.Pri.targets(102,5): message :       _AddFileReadsAndFileWritesForProjectPri;
       C:\Users\giris\.nuget\packages\microsoft.windows.sdk.buildtools.msix\1.7.20250829.1\build\Microsoft.Windows.SDK.BuildTools.MSIX.Pri.targets(102,5): message :       _CalculateUseResourceIndexerApi;
       C:\Users\giris\.nuget\packages\microsoft.windows.sdk.buildtools.msix\1.7.20250829.1\build\Microsoft.Windows.SDK.BuildTools.MSIX.Pri.targets(102,5): message :       _ExpandProjectPriFile;
       C:\Users\giris\.nuget\packages\microsoft.windows.sdk.buildtools.msix\1.7.20250829.1\build\Microsoft.Windows.SDK.BuildTools.MSIX.Pri.targets(102,5): message :       AfterGenerateProjectPriFile
       C:\Users\giris\.nuget\packages\microsoft.windows.sdk.buildtools.msix\1.7.20250829.1\build\Microsoft.Windows.SDK.BuildTools.MSIX.Pri.targets(102,5): message :     " (previous value: "
       C:\Users\giris\.nuget\packages\microsoft.windows.sdk.buildtools.msix\1.7.20250829.1\build\Microsoft.Windows.SDK.BuildTools.MSIX.Pri.targets(102,5): message :       ;
       C:\Users\giris\.nuget\packages\microsoft.windows.sdk.buildtools.msix\1.7.20250829.1\build\Microsoft.Windows.SDK.BuildTools.MSIX.Pri.targets(102,5): message :       CopyFilesToOutputDirectory;
       C:\Users\giris\.nuget\packages\microsoft.windows.sdk.buildtools.msix\1.7.20250829.1\build\Microsoft.Windows.SDK.BuildTools.MSIX.Pri.targets(102,5): message :       BeforeGenerateProjectPriFile;
       C:\Users\giris\.nuget\packages\microsoft.windows.sdk.buildtools.msix\1.7.20250829.1\build\Microsoft.Windows.SDK.BuildTools.MSIX.Pri.targets(102,5): message :     ") at C:\Users\giris\.nuget\packages\microsoft.windows.sdk.buildtools.msix\1.7.20250829.1\build\Microsoft.Windows.SDK.BuildTools.MSIX.Pri.targets (102,5)
       C:\Users\giris\.nuget\packages\microsoft.windows.sdk.buildtools.msix\1.7.20250829.1\build\Microsoft.Windows.SDK.BuildTools.MSIX.Pri.targets(117,5): message : Property reassignment: $(PrepareMsixPackageDependsOn)="
       C:\Users\giris\.nuget\packages\microsoft.windows.sdk.buildtools.msix\1.7.20250829.1\build\Microsoft.Windows.SDK.BuildTools.MSIX.Pri.targets(117,5): message :       GenerateProjectPriFile;
       C:\Users\giris\.nuget\packages\microsoft.windows.sdk.buildtools.msix\1.7.20250829.1\build\Microsoft.Windows.SDK.BuildTools.MSIX.Pri.targets(117,5): message :       
       C:\Users\giris\.nuget\packages\microsoft.windows.sdk.buildtools.msix\1.7.20250829.1\build\Microsoft.Windows.SDK.BuildTools.MSIX.Pri.targets(117,5): message :       ;
       C:\Users\giris\.nuget\packages\microsoft.windows.sdk.buildtools.msix\1.7.20250829.1\build\Microsoft.Windows.SDK.BuildTools.MSIX.Pri.targets(117,5): message :       _ValidatePresenceOfAppxManifestItems;
       C:\Users\giris\.nuget\packages\microsoft.windows.sdk.buildtools.msix\1.7.20250829.1\build\Microsoft.Windows.SDK.BuildTools.MSIX.Pri.targets(117,5): message :       GetPackagingOutputs;
       C:\Users\giris\.nuget\packages\microsoft.windows.sdk.buildtools.msix\1.7.20250829.1\build\Microsoft.Windows.SDK.BuildTools.MSIX.Pri.targets(117,5): message :       _GetPackageProperties;
       C:\Users\giris\.nuget\packages\microsoft.windows.sdk.buildtools.msix\1.7.20250829.1\build\Microsoft.Windows.SDK.BuildTools.MSIX.Pri.targets(117,5): message :       _ComputeAppxPackagePayload;
       C:\Users\giris\.nuget\packages\microsoft.windows.sdk.buildtools.msix\1.7.20250829.1\build\Microsoft.Windows.SDK.BuildTools.MSIX.Pri.targets(117,5): message :       _GenerateAppxManifest;
       C:\Users\giris\.nuget\packages\microsoft.windows.sdk.buildtools.msix\1.7.20250829.1\build\Microsoft.Windows.SDK.BuildTools.MSIX.Pri.targets(117,5): message :       _GenerateAppxPackageRecipe;
       C:\Users\giris\.nuget\packages\microsoft.windows.sdk.buildtools.msix\1.7.20250829.1\build\Microsoft.Windows.SDK.BuildTools.MSIX.Pri.targets(117,5): message :       _GenerateAppxUploadPackageRecipe
       C:\Users\giris\.nuget\packages\microsoft.windows.sdk.buildtools.msix\1.7.20250829.1\build\Microsoft.Windows.SDK.BuildTools.MSIX.Pri.targets(117,5): message :     ;
       C:\Users\giris\.nuget\packages\microsoft.windows.sdk.buildtools.msix\1.7.20250829.1\build\Microsoft.Windows.SDK.BuildTools.MSIX.Pri.targets(117,5): message :     " (previous value: "
       C:\Users\giris\.nuget\packages\microsoft.windows.sdk.buildtools.msix\1.7.20250829.1\build\Microsoft.Windows.SDK.BuildTools.MSIX.Pri.targets(117,5): message :       ;
       C:\Users\giris\.nuget\packages\microsoft.windows.sdk.buildtools.msix\1.7.20250829.1\build\Microsoft.Windows.SDK.BuildTools.MSIX.Pri.targets(117,5): message :       _ValidatePresenceOfAppxManifestItems;
       C:\Users\giris\.nuget\packages\microsoft.windows.sdk.buildtools.msix\1.7.20250829.1\build\Microsoft.Windows.SDK.BuildTools.MSIX.Pri.targets(117,5): message :       GetPackagingOutputs;
       C:\Users\giris\.nuget\packages\microsoft.windows.sdk.buildtools.msix\1.7.20250829.1\build\Microsoft.Windows.SDK.BuildTools.MSIX.Pri.targets(117,5): message :       _GetPackageProperties;
       C:\Users\giris\.nuget\packages\microsoft.windows.sdk.buildtools.msix\1.7.20250829.1\build\Microsoft.Windows.SDK.BuildTools.MSIX.Pri.targets(117,5): message :       _ComputeAppxPackagePayload;
       C:\Users\giris\.nuget\packages\microsoft.windows.sdk.buildtools.msix\1.7.20250829.1\build\Microsoft.Windows.SDK.BuildTools.MSIX.Pri.targets(117,5): message :       _GenerateAppxManifest;
       C:\Users\giris\.nuget\packages\microsoft.windows.sdk.buildtools.msix\1.7.20250829.1\build\Microsoft.Windows.SDK.BuildTools.MSIX.Pri.targets(117,5): message :       _GenerateAppxPackageRecipe;
       C:\Users\giris\.nuget\packages\microsoft.windows.sdk.buildtools.msix\1.7.20250829.1\build\Microsoft.Windows.SDK.BuildTools.MSIX.Pri.targets(117,5): message :       _GenerateAppxUploadPackageRecipe
       C:\Users\giris\.nuget\packages\microsoft.windows.sdk.buildtools.msix\1.7.20250829.1\build\Microsoft.Windows.SDK.BuildTools.MSIX.Pri.targets(117,5): message :     ") at C:\Users\giris\.nuget\packages\microsoft.windows.sdk.buildtools.msix\1.7.20250829.1\build\Microsoft.Windows.SDK.BuildTools.MSIX.Pri.targets (117,5)
       C:\Users\giris\.nuget\packages\microsoft.windows.sdk.buildtools.msix\1.7.20250829.1\build\Microsoft.Windows.SDK.BuildTools.MSIX.Pri.targets(167,5): message : Property reassignment: $(PrepareForRunDependsOn)="
       C:\Users\giris\.nuget\packages\microsoft.windows.sdk.buildtools.msix\1.7.20250829.1\build\Microsoft.Windows.SDK.BuildTools.MSIX.Pri.targets(167,5): message :       GenerateProjectPriFile;
       C:\Users\giris\.nuget\packages\microsoft.windows.sdk.buildtools.msix\1.7.20250829.1\build\Microsoft.Windows.SDK.BuildTools.MSIX.Pri.targets(167,5): message :       
       C:\Users\giris\.nuget\packages\microsoft.windows.sdk.buildtools.msix\1.7.20250829.1\build\Microsoft.Windows.SDK.BuildTools.MSIX.Pri.targets(167,5): message :       PrepareMsixPackage;
       C:\Users\giris\.nuget\packages\microsoft.windows.sdk.buildtools.msix\1.7.20250829.1\build\Microsoft.Windows.SDK.BuildTools.MSIX.Pri.targets(167,5): message :       _ValidateConfiguration;
       C:\Users\giris\.nuget\packages\microsoft.windows.sdk.buildtools.msix\1.7.20250829.1\build\Microsoft.Windows.SDK.BuildTools.MSIX.Pri.targets(167,5): message :       _ValidateSigningCertificate;
       C:\Users\giris\.nuget\packages\microsoft.windows.sdk.buildtools.msix\1.7.20250829.1\build\Microsoft.Windows.SDK.BuildTools.MSIX.Pri.targets(167,5): message :       _ValidateAzureCodeSigningVersion;
       C:\Users\giris\.nuget\packages\microsoft.windows.sdk.buildtools.msix\1.7.20250829.1\build\Microsoft.Windows.SDK.BuildTools.MSIX.Pri.targets(167,5): message :       _ValidateAzureKeyVaultVersion;
       C:\Users\giris\.nuget\packages\microsoft.windows.sdk.buildtools.msix\1.7.20250829.1\build\Microsoft.Windows.SDK.BuildTools.MSIX.Pri.targets(167,5): message :       _ValidatePaths;
       C:\Users\giris\.nuget\packages\microsoft.windows.sdk.buildtools.msix\1.7.20250829.1\build\Microsoft.Windows.SDK.BuildTools.MSIX.Pri.targets(167,5): message :       _GetAppxManifestSchemaItems;
       C:\Users\giris\.nuget\packages\microsoft.windows.sdk.buildtools.msix\1.7.20250829.1\build\Microsoft.Windows.SDK.BuildTools.MSIX.Pri.targets(167,5): message :       _FindAndValidateBundleMappingFile;
       C:\Users\giris\.nuget\packages\microsoft.windows.sdk.buildtools.msix\1.7.20250829.1\build\Microsoft.Windows.SDK.BuildTools.MSIX.Pri.targets(167,5): message :       _GetPriConfigXmlSnippets;
       C:\Users\giris\.nuget\packages\microsoft.windows.sdk.buildtools.msix\1.7.20250829.1\build\Microsoft.Windows.SDK.BuildTools.MSIX.Pri.targets(167,5): message :       _ReadAppxLayout;
       C:\Users\giris\.nuget\packages\microsoft.windows.sdk.buildtools.msix\1.7.20250829.1\build\Microsoft.Windows.SDK.BuildTools.MSIX.Pri.targets(167,5): message :       _ValidatePresenceOfAppxManifestItems;
       C:\Users\giris\.nuget\packages\microsoft.windows.sdk.buildtools.msix\1.7.20250829.1\build\Microsoft.Windows.SDK.BuildTools.MSIX.Pri.targets(167,5): message :       _BuildOptionalProjects;
       C:\Users\giris\.nuget\packages\microsoft.windows.sdk.buildtools.msix\1.7.20250829.1\build\Microsoft.Windows.SDK.BuildTools.MSIX.Pri.targets(167,5): message :       _GenerateBundleMappingFile;
       C:\Users\giris\.nuget\packages\microsoft.windows.sdk.buildtools.msix\1.7.20250829.1\build\Microsoft.Windows.SDK.BuildTools.MSIX.Pri.targets(167,5): message :       _GenerateBundleManifest;
       C:\Users\giris\.nuget\packages\microsoft.windows.sdk.buildtools.msix\1.7.20250829.1\build\Microsoft.Windows.SDK.BuildTools.MSIX.Pri.targets(167,5): message :       _ConvertAppxContentGroupMap;
       C:\Users\giris\.nuget\packages\microsoft.windows.sdk.buildtools.msix\1.7.20250829.1\build\Microsoft.Windows.SDK.BuildTools.MSIX.Pri.targets(167,5): message :       
       C:\Users\giris\.nuget\packages\microsoft.windows.sdk.buildtools.msix\1.7.20250829.1\build\Microsoft.Windows.SDK.BuildTools.MSIX.Pri.targets(167,5): message :       CopyFilesToOutputDirectory
       C:\Users\giris\.nuget\packages\microsoft.windows.sdk.buildtools.msix\1.7.20250829.1\build\Microsoft.Windows.SDK.BuildTools.MSIX.Pri.targets(167,5): message :     ;
       C:\Users\giris\.nuget\packages\microsoft.windows.sdk.buildtools.msix\1.7.20250829.1\build\Microsoft.Windows.SDK.BuildTools.MSIX.Pri.targets(167,5): message :     ;
       C:\Users\giris\.nuget\packages\microsoft.windows.sdk.buildtools.msix\1.7.20250829.1\build\Microsoft.Windows.SDK.BuildTools.MSIX.Pri.targets(167,5): message :     " (previous value: "
       C:\Users\giris\.nuget\packages\microsoft.windows.sdk.buildtools.msix\1.7.20250829.1\build\Microsoft.Windows.SDK.BuildTools.MSIX.Pri.targets(167,5): message :       PrepareMsixPackage;
       C:\Users\giris\.nuget\packages\microsoft.windows.sdk.buildtools.msix\1.7.20250829.1\build\Microsoft.Windows.SDK.BuildTools.MSIX.Pri.targets(167,5): message :       _ValidateConfiguration;
       C:\Users\giris\.nuget\packages\microsoft.windows.sdk.buildtools.msix\1.7.20250829.1\build\Microsoft.Windows.SDK.BuildTools.MSIX.Pri.targets(167,5): message :       _ValidateSigningCertificate;
       C:\Users\giris\.nuget\packages\microsoft.windows.sdk.buildtools.msix\1.7.20250829.1\build\Microsoft.Windows.SDK.BuildTools.MSIX.Pri.targets(167,5): message :       _ValidateAzureCodeSigningVersion;
       C:\Users\giris\.nuget\packages\microsoft.windows.sdk.buildtools.msix\1.7.20250829.1\build\Microsoft.Windows.SDK.BuildTools.MSIX.Pri.targets(167,5): message :       _ValidateAzureKeyVaultVersion;
       C:\Users\giris\.nuget\packages\microsoft.windows.sdk.buildtools.msix\1.7.20250829.1\build\Microsoft.Windows.SDK.BuildTools.MSIX.Pri.targets(167,5): message :       _ValidatePaths;
       C:\Users\giris\.nuget\packages\microsoft.windows.sdk.buildtools.msix\1.7.20250829.1\build\Microsoft.Windows.SDK.BuildTools.MSIX.Pri.targets(167,5): message :       _GetAppxManifestSchemaItems;
       C:\Users\giris\.nuget\packages\microsoft.windows.sdk.buildtools.msix\1.7.20250829.1\build\Microsoft.Windows.SDK.BuildTools.MSIX.Pri.targets(167,5): message :       _FindAndValidateBundleMappingFile;
       C:\Users\giris\.nuget\packages\microsoft.windows.sdk.buildtools.msix\1.7.20250829.1\build\Microsoft.Windows.SDK.BuildTools.MSIX.Pri.targets(167,5): message :       _GetPriConfigXmlSnippets;
       C:\Users\giris\.nuget\packages\microsoft.windows.sdk.buildtools.msix\1.7.20250829.1\build\Microsoft.Windows.SDK.BuildTools.MSIX.Pri.targets(167,5): message :       _ReadAppxLayout;
       C:\Users\giris\.nuget\packages\microsoft.windows.sdk.buildtools.msix\1.7.20250829.1\build\Microsoft.Windows.SDK.BuildTools.MSIX.Pri.targets(167,5): message :       _ValidatePresenceOfAppxManifestItems;
       C:\Users\giris\.nuget\packages\microsoft.windows.sdk.buildtools.msix\1.7.20250829.1\build\Microsoft.Windows.SDK.BuildTools.MSIX.Pri.targets(167,5): message :       _BuildOptionalProjects;
       C:\Users\giris\.nuget\packages\microsoft.windows.sdk.buildtools.msix\1.7.20250829.1\build\Microsoft.Windows.SDK.BuildTools.MSIX.Pri.targets(167,5): message :       _GenerateBundleMappingFile;
       C:\Users\giris\.nuget\packages\microsoft.windows.sdk.buildtools.msix\1.7.20250829.1\build\Microsoft.Windows.SDK.BuildTools.MSIX.Pri.targets(167,5): message :       _GenerateBundleManifest;
       C:\Users\giris\.nuget\packages\microsoft.windows.sdk.buildtools.msix\1.7.20250829.1\build\Microsoft.Windows.SDK.BuildTools.MSIX.Pri.targets(167,5): message :       _ConvertAppxContentGroupMap;
       C:\Users\giris\.nuget\packages\microsoft.windows.sdk.buildtools.msix\1.7.20250829.1\build\Microsoft.Windows.SDK.BuildTools.MSIX.Pri.targets(167,5): message :       
       C:\Users\giris\.nuget\packages\microsoft.windows.sdk.buildtools.msix\1.7.20250829.1\build\Microsoft.Windows.SDK.BuildTools.MSIX.Pri.targets(167,5): message :       CopyFilesToOutputDirectory
       C:\Users\giris\.nuget\packages\microsoft.windows.sdk.buildtools.msix\1.7.20250829.1\build\Microsoft.Windows.SDK.BuildTools.MSIX.Pri.targets(167,5): message :     ;
       C:\Users\giris\.nuget\packages\microsoft.windows.sdk.buildtools.msix\1.7.20250829.1\build\Microsoft.Windows.SDK.BuildTools.MSIX.Pri.targets(167,5): message :     ") at C:\Users\giris\.nuget\packages\microsoft.windows.sdk.buildtools.msix\1.7.20250829.1\build\Microsoft.Windows.SDK.BuildTools.MSIX.Pri.targets (167,5)
       C:\Users\giris\.nuget\packages\microsoft.windows.sdk.buildtools.msix\1.7.20250829.1\build\Microsoft.Windows.SDK.BuildTools.MSIX.Pri.targets(458,5): message : Property reassignment: $(GetCopyToOutputDirectoryItemsDependsOn)="
       C:\Users\giris\.nuget\packages\microsoft.windows.sdk.buildtools.msix\1.7.20250829.1\build\Microsoft.Windows.SDK.BuildTools.MSIX.Pri.targets(458,5): message :       GetPriOutputs;
       C:\Users\giris\.nuget\packages\microsoft.windows.sdk.buildtools.msix\1.7.20250829.1\build\Microsoft.Windows.SDK.BuildTools.MSIX.Pri.targets(458,5): message :       
       C:\Users\giris\.nuget\packages\microsoft.windows.sdk.buildtools.msix\1.7.20250829.1\build\Microsoft.Windows.SDK.BuildTools.MSIX.Pri.targets(458,5): message :       AssignTargetPaths;
       C:\Users\giris\.nuget\packages\microsoft.windows.sdk.buildtools.msix\1.7.20250829.1\build\Microsoft.Windows.SDK.BuildTools.MSIX.Pri.targets(458,5): message :       
       C:\Users\giris\.nuget\packages\microsoft.windows.sdk.buildtools.msix\1.7.20250829.1\build\Microsoft.Windows.SDK.BuildTools.MSIX.Pri.targets(458,5): message :       AssignProjectConfiguration;
       C:\Users\giris\.nuget\packages\microsoft.windows.sdk.buildtools.msix\1.7.20250829.1\build\Microsoft.Windows.SDK.BuildTools.MSIX.Pri.targets(458,5): message :       _SplitProjectReferencesByFileExistence
       C:\Users\giris\.nuget\packages\microsoft.windows.sdk.buildtools.msix\1.7.20250829.1\build\Microsoft.Windows.SDK.BuildTools.MSIX.Pri.targets(458,5): message :     ;
       C:\Users\giris\.nuget\packages\microsoft.windows.sdk.buildtools.msix\1.7.20250829.1\build\Microsoft.Windows.SDK.BuildTools.MSIX.Pri.targets(458,5): message :       _GetProjectReferenceTargetFrameworkProperties;
       C:\Users\giris\.nuget\packages\microsoft.windows.sdk.buildtools.msix\1.7.20250829.1\build\Microsoft.Windows.SDK.BuildTools.MSIX.Pri.targets(458,5): message :       _PopulateCommonStateForGetCopyToOutputDirectoryItems
       C:\Users\giris\.nuget\packages\microsoft.windows.sdk.buildtools.msix\1.7.20250829.1\build\Microsoft.Windows.SDK.BuildTools.MSIX.Pri.targets(458,5): message :     ;
       C:\Users\giris\.nuget\packages\microsoft.windows.sdk.buildtools.msix\1.7.20250829.1\build\Microsoft.Windows.SDK.BuildTools.MSIX.Pri.targets(458,5): message :     " (previous value: "
       C:\Users\giris\.nuget\packages\microsoft.windows.sdk.buildtools.msix\1.7.20250829.1\build\Microsoft.Windows.SDK.BuildTools.MSIX.Pri.targets(458,5): message :       AssignTargetPaths;
       C:\Users\giris\.nuget\packages\microsoft.windows.sdk.buildtools.msix\1.7.20250829.1\build\Microsoft.Windows.SDK.BuildTools.MSIX.Pri.targets(458,5): message :       
       C:\Users\giris\.nuget\packages\microsoft.windows.sdk.buildtools.msix\1.7.20250829.1\build\Microsoft.Windows.SDK.BuildTools.MSIX.Pri.targets(458,5): message :       AssignProjectConfiguration;
       C:\Users\giris\.nuget\packages\microsoft.windows.sdk.buildtools.msix\1.7.20250829.1\build\Microsoft.Windows.SDK.BuildTools.MSIX.Pri.targets(458,5): message :       _SplitProjectReferencesByFileExistence
       C:\Users\giris\.nuget\packages\microsoft.windows.sdk.buildtools.msix\1.7.20250829.1\build\Microsoft.Windows.SDK.BuildTools.MSIX.Pri.targets(458,5): message :     ;
       C:\Users\giris\.nuget\packages\microsoft.windows.sdk.buildtools.msix\1.7.20250829.1\build\Microsoft.Windows.SDK.BuildTools.MSIX.Pri.targets(458,5): message :       _GetProjectReferenceTargetFrameworkProperties;
       C:\Users\giris\.nuget\packages\microsoft.windows.sdk.buildtools.msix\1.7.20250829.1\build\Microsoft.Windows.SDK.BuildTools.MSIX.Pri.targets(458,5): message :       _PopulateCommonStateForGetCopyToOutputDirectoryItems
       C:\Users\giris\.nuget\packages\microsoft.windows.sdk.buildtools.msix\1.7.20250829.1\build\Microsoft.Windows.SDK.BuildTools.MSIX.Pri.targets(458,5): message :     ") at C:\Users\giris\.nuget\packages\microsoft.windows.sdk.buildtools.msix\1.7.20250829.1\build\Microsoft.Windows.SDK.BuildTools.MSIX.Pri.targets (458,5)
       C:\Users\giris\.nuget\packages\microsoft.windows.sdk.buildtools.msix\1.7.20250829.1\build\Microsoft.Windows.SDK.BuildTools.MSIX.MrtCore.PriExpansion.targets(16,5): message : Property reassignment: $(GetCopyToOutputDirectoryItemsDependsOn)="
       C:\Users\giris\.nuget\packages\microsoft.windows.sdk.buildtools.msix\1.7.20250829.1\build\Microsoft.Windows.SDK.BuildTools.MSIX.MrtCore.PriExpansion.targets(16,5): message :       ResolveProjectReferences;
       C:\Users\giris\.nuget\packages\microsoft.windows.sdk.buildtools.msix\1.7.20250829.1\build\Microsoft.Windows.SDK.BuildTools.MSIX.MrtCore.PriExpansion.targets(16,5): message :       
       C:\Users\giris\.nuget\packages\microsoft.windows.sdk.buildtools.msix\1.7.20250829.1\build\Microsoft.Windows.SDK.BuildTools.MSIX.MrtCore.PriExpansion.targets(16,5): message :       GetPriOutputs;
       C:\Users\giris\.nuget\packages\microsoft.windows.sdk.buildtools.msix\1.7.20250829.1\build\Microsoft.Windows.SDK.BuildTools.MSIX.MrtCore.PriExpansion.targets(16,5): message :       
       C:\Users\giris\.nuget\packages\microsoft.windows.sdk.buildtools.msix\1.7.20250829.1\build\Microsoft.Windows.SDK.BuildTools.MSIX.MrtCore.PriExpansion.targets(16,5): message :       AssignTargetPaths;
       C:\Users\giris\.nuget\packages\microsoft.windows.sdk.buildtools.msix\1.7.20250829.1\build\Microsoft.Windows.SDK.BuildTools.MSIX.MrtCore.PriExpansion.targets(16,5): message :       
       C:\Users\giris\.nuget\packages\microsoft.windows.sdk.buildtools.msix\1.7.20250829.1\build\Microsoft.Windows.SDK.BuildTools.MSIX.MrtCore.PriExpansion.targets(16,5): message :       AssignProjectConfiguration;
       C:\Users\giris\.nuget\packages\microsoft.windows.sdk.buildtools.msix\1.7.20250829.1\build\Microsoft.Windows.SDK.BuildTools.MSIX.MrtCore.PriExpansion.targets(16,5): message :       _SplitProjectReferencesByFileExistence
       C:\Users\giris\.nuget\packages\microsoft.windows.sdk.buildtools.msix\1.7.20250829.1\build\Microsoft.Windows.SDK.BuildTools.MSIX.MrtCore.PriExpansion.targets(16,5): message :     ;
       C:\Users\giris\.nuget\packages\microsoft.windows.sdk.buildtools.msix\1.7.20250829.1\build\Microsoft.Windows.SDK.BuildTools.MSIX.MrtCore.PriExpansion.targets(16,5): message :       _GetProjectReferenceTargetFrameworkProperties;
       C:\Users\giris\.nuget\packages\microsoft.windows.sdk.buildtools.msix\1.7.20250829.1\build\Microsoft.Windows.SDK.BuildTools.MSIX.MrtCore.PriExpansion.targets(16,5): message :       _PopulateCommonStateForGetCopyToOutputDirectoryItems
       C:\Users\giris\.nuget\packages\microsoft.windows.sdk.buildtools.msix\1.7.20250829.1\build\Microsoft.Windows.SDK.BuildTools.MSIX.MrtCore.PriExpansion.targets(16,5): message :     ;
       C:\Users\giris\.nuget\packages\microsoft.windows.sdk.buildtools.msix\1.7.20250829.1\build\Microsoft.Windows.SDK.BuildTools.MSIX.MrtCore.PriExpansion.targets(16,5): message :     ;
       C:\Users\giris\.nuget\packages\microsoft.windows.sdk.buildtools.msix\1.7.20250829.1\build\Microsoft.Windows.SDK.BuildTools.MSIX.MrtCore.PriExpansion.targets(16,5): message :       _SetPortablePriProperties;
       C:\Users\giris\.nuget\packages\microsoft.windows.sdk.buildtools.msix\1.7.20250829.1\build\Microsoft.Windows.SDK.BuildTools.MSIX.MrtCore.PriExpansion.targets(16,5): message :       AddPriPayloadFilesToCopyToOutputDirectoryItems
       C:\Users\giris\.nuget\packages\microsoft.windows.sdk.buildtools.msix\1.7.20250829.1\build\Microsoft.Windows.SDK.BuildTools.MSIX.MrtCore.PriExpansion.targets(16,5): message :     " (previous value: "
       C:\Users\giris\.nuget\packages\microsoft.windows.sdk.buildtools.msix\1.7.20250829.1\build\Microsoft.Windows.SDK.BuildTools.MSIX.MrtCore.PriExpansion.targets(16,5): message :       GetPriOutputs;
       C:\Users\giris\.nuget\packages\microsoft.windows.sdk.buildtools.msix\1.7.20250829.1\build\Microsoft.Windows.SDK.BuildTools.MSIX.MrtCore.PriExpansion.targets(16,5): message :       
       C:\Users\giris\.nuget\packages\microsoft.windows.sdk.buildtools.msix\1.7.20250829.1\build\Microsoft.Windows.SDK.BuildTools.MSIX.MrtCore.PriExpansion.targets(16,5): message :       AssignTargetPaths;
       C:\Users\giris\.nuget\packages\microsoft.windows.sdk.buildtools.msix\1.7.20250829.1\build\Microsoft.Windows.SDK.BuildTools.MSIX.MrtCore.PriExpansion.targets(16,5): message :       
       C:\Users\giris\.nuget\packages\microsoft.windows.sdk.buildtools.msix\1.7.20250829.1\build\Microsoft.Windows.SDK.BuildTools.MSIX.MrtCore.PriExpansion.targets(16,5): message :       AssignProjectConfiguration;
       C:\Users\giris\.nuget\packages\microsoft.windows.sdk.buildtools.msix\1.7.20250829.1\build\Microsoft.Windows.SDK.BuildTools.MSIX.MrtCore.PriExpansion.targets(16,5): message :       _SplitProjectReferencesByFileExistence
       C:\Users\giris\.nuget\packages\microsoft.windows.sdk.buildtools.msix\1.7.20250829.1\build\Microsoft.Windows.SDK.BuildTools.MSIX.MrtCore.PriExpansion.targets(16,5): message :     ;
       C:\Users\giris\.nuget\packages\microsoft.windows.sdk.buildtools.msix\1.7.20250829.1\build\Microsoft.Windows.SDK.BuildTools.MSIX.MrtCore.PriExpansion.targets(16,5): message :       _GetProjectReferenceTargetFrameworkProperties;
       C:\Users\giris\.nuget\packages\microsoft.windows.sdk.buildtools.msix\1.7.20250829.1\build\Microsoft.Windows.SDK.BuildTools.MSIX.MrtCore.PriExpansion.targets(16,5): message :       _PopulateCommonStateForGetCopyToOutputDirectoryItems
       C:\Users\giris\.nuget\packages\microsoft.windows.sdk.buildtools.msix\1.7.20250829.1\build\Microsoft.Windows.SDK.BuildTools.MSIX.MrtCore.PriExpansion.targets(16,5): message :     ;
       C:\Users\giris\.nuget\packages\microsoft.windows.sdk.buildtools.msix\1.7.20250829.1\build\Microsoft.Windows.SDK.BuildTools.MSIX.MrtCore.PriExpansion.targets(16,5): message :     ") at C:\Users\giris\.nuget\packages\microsoft.windows.sdk.buildtools.msix\1.7.20250829.1\build\Microsoft.Windows.SDK.BuildTools.MSIX.MrtCore.PriExpansion.targets (16,5)
       C:\Users\giris\.nuget\packages\microsoft.windowsappsdk.base\1.8.250831001\buildTransitive\Microsoft.WindowsAppSDK.Base.targets(29,9): message : Property reassignment: $(ResolveReferencesDependsOn)="
       C:\Users\giris\.nuget\packages\microsoft.windowsappsdk.base\1.8.250831001\buildTransitive\Microsoft.WindowsAppSDK.Base.targets(29,9): message :             
       C:\Users\giris\.nuget\packages\microsoft.windowsappsdk.base\1.8.250831001\buildTransitive\Microsoft.WindowsAppSDK.Base.targets(29,9): message :       BeforeResolveReferences;
       C:\Users\giris\.nuget\packages\microsoft.windowsappsdk.base\1.8.250831001\buildTransitive\Microsoft.WindowsAppSDK.Base.targets(29,9): message :       AssignProjectConfiguration;
       C:\Users\giris\.nuget\packages\microsoft.windowsappsdk.base\1.8.250831001\buildTransitive\Microsoft.WindowsAppSDK.Base.targets(29,9): message :       ResolveProjectReferences;
       C:\Users\giris\.nuget\packages\microsoft.windowsappsdk.base\1.8.250831001\buildTransitive\Microsoft.WindowsAppSDK.Base.targets(29,9): message :       FindInvalidProjectReferences;
       C:\Users\giris\.nuget\packages\microsoft.windowsappsdk.base\1.8.250831001\buildTransitive\Microsoft.WindowsAppSDK.Base.targets(29,9): message :       ResolveNativeReferences;
       C:\Users\giris\.nuget\packages\microsoft.windowsappsdk.base\1.8.250831001\buildTransitive\Microsoft.WindowsAppSDK.Base.targets(29,9): message :       ResolveAssemblyReferences;
       C:\Users\giris\.nuget\packages\microsoft.windowsappsdk.base\1.8.250831001\buildTransitive\Microsoft.WindowsAppSDK.Base.targets(29,9): message :       GenerateBindingRedirects;
       C:\Users\giris\.nuget\packages\microsoft.windowsappsdk.base\1.8.250831001\buildTransitive\Microsoft.WindowsAppSDK.Base.targets(29,9): message :       GenerateBindingRedirectsUpdateAppConfig;
       C:\Users\giris\.nuget\packages\microsoft.windowsappsdk.base\1.8.250831001\buildTransitive\Microsoft.WindowsAppSDK.Base.targets(29,9): message :       ResolveComReferences;
       C:\Users\giris\.nuget\packages\microsoft.windowsappsdk.base\1.8.250831001\buildTransitive\Microsoft.WindowsAppSDK.Base.targets(29,9): message :       AfterResolveReferences
       C:\Users\giris\.nuget\packages\microsoft.windowsappsdk.base\1.8.250831001\buildTransitive\Microsoft.WindowsAppSDK.Base.targets(29,9): message :     ;WindowsAppSDKVerifyCsWinRtVersions
       C:\Users\giris\.nuget\packages\microsoft.windowsappsdk.base\1.8.250831001\buildTransitive\Microsoft.WindowsAppSDK.Base.targets(29,9): message :         " (previous value: "
       C:\Users\giris\.nuget\packages\microsoft.windowsappsdk.base\1.8.250831001\buildTransitive\Microsoft.WindowsAppSDK.Base.targets(29,9): message :       BeforeResolveReferences;
       C:\Users\giris\.nuget\packages\microsoft.windowsappsdk.base\1.8.250831001\buildTransitive\Microsoft.WindowsAppSDK.Base.targets(29,9): message :       AssignProjectConfiguration;
       C:\Users\giris\.nuget\packages\microsoft.windowsappsdk.base\1.8.250831001\buildTransitive\Microsoft.WindowsAppSDK.Base.targets(29,9): message :       ResolveProjectReferences;
       C:\Users\giris\.nuget\packages\microsoft.windowsappsdk.base\1.8.250831001\buildTransitive\Microsoft.WindowsAppSDK.Base.targets(29,9): message :       FindInvalidProjectReferences;
       C:\Users\giris\.nuget\packages\microsoft.windowsappsdk.base\1.8.250831001\buildTransitive\Microsoft.WindowsAppSDK.Base.targets(29,9): message :       ResolveNativeReferences;
       C:\Users\giris\.nuget\packages\microsoft.windowsappsdk.base\1.8.250831001\buildTransitive\Microsoft.WindowsAppSDK.Base.targets(29,9): message :       ResolveAssemblyReferences;
       C:\Users\giris\.nuget\packages\microsoft.windowsappsdk.base\1.8.250831001\buildTransitive\Microsoft.WindowsAppSDK.Base.targets(29,9): message :       GenerateBindingRedirects;
       C:\Users\giris\.nuget\packages\microsoft.windowsappsdk.base\1.8.250831001\buildTransitive\Microsoft.WindowsAppSDK.Base.targets(29,9): message :       GenerateBindingRedirectsUpdateAppConfig;
       C:\Users\giris\.nuget\packages\microsoft.windowsappsdk.base\1.8.250831001\buildTransitive\Microsoft.WindowsAppSDK.Base.targets(29,9): message :       ResolveComReferences;
       C:\Users\giris\.nuget\packages\microsoft.windowsappsdk.base\1.8.250831001\buildTransitive\Microsoft.WindowsAppSDK.Base.targets(29,9): message :       AfterResolveReferences
       C:\Users\giris\.nuget\packages\microsoft.windowsappsdk.base\1.8.250831001\buildTransitive\Microsoft.WindowsAppSDK.Base.targets(29,9): message :     ") at C:\Users\giris\.nuget\packages\microsoft.windowsappsdk.base\1.8.250831001\buildTransitive\Microsoft.WindowsAppSDK.Base.targets (29,9)
       C:\Users\giris\.nuget\packages\microsoft.windowsappsdk.foundation\1.8.251104000\buildTransitive\Microsoft.WindowsAppSDK.Bootstrap.CS.targets(11,9): message : Property reassignment: $(DefineConstants)="TRACE;MICROSOFT_WINDOWSAPPSDK_BOOTSTRAP_AUTO_INITIALIZE" (previous value: "TRACE") at C:\Users\giris\.nuget\packages\microsoft.windowsappsdk.foundation\1.8.251104000\buildTransitive\Microsoft.WindowsAppSDK.Bootstrap.CS.targets (11,9)
       C:\Users\giris\.nuget\packages\microsoft.windowsappsdk.foundation\1.8.251104000\buildTransitive\Microsoft.WindowsAppSDK.AutoInitializer.CS.targets(6,7): message : Property reassignment: $(DefineConstants)="TRACE;MICROSOFT_WINDOWSAPPSDK_BOOTSTRAP_AUTO_INITIALIZE;MICROSOFT_WINDOWSAPPSDK_AUTOINITIALIZE_BOOTSTRAP" (previous value: "TRACE;MICROSOFT_WINDOWSAPPSDK_BOOTSTRAP_AUTO_INITIALIZE") at C:\Users\giris\.nuget\packages\microsoft.windowsappsdk.foundation\1.8.251104000\buildTransitive\Microsoft.WindowsAppSDK.AutoInitializer.CS.targets (6,7)
       C:\Users\giris\.nuget\packages\microsoft.web.webview2\1.0.3650.58\build\Common.targets(39,5): message : Property reassignment: $(EffectivePlatform)="x86" (previous value: "AnyCPU") at C:\Users\giris\.nuget\packages\microsoft.web.webview2\1.0.3650.58\build\Common.targets (39,5)
       C:\Users\giris\.nuget\packages\microsoft.web.webview2\1.0.3650.58\build\Common.targets(41,5): message : Property reassignment: $(EffectivePlatform)="x64" (previous value: "x86") at C:\Users\giris\.nuget\packages\microsoft.web.webview2\1.0.3650.58\build\Common.targets (41,5)
       C:\Users\giris\.nuget\packages\microsoft.web.webview2\1.0.3650.58\build\Common.targets(66,5): message : Property reassignment: $(EffectivePlatform)="x86" (previous value: "x64") at C:\Users\giris\.nuget\packages\microsoft.web.webview2\1.0.3650.58\build\Common.targets (66,5)
       C:\Users\giris\.nuget\packages\microsoft.windowsappsdk.winui\1.8.251105000\buildTransitive\Microsoft.WinUI.AppX.targets(7,5): message : Property reassignment: $(MSBuildWarningsAsMessages)="
       C:\Users\giris\.nuget\packages\microsoft.windowsappsdk.winui\1.8.251105000\buildTransitive\Microsoft.WinUI.AppX.targets(7,5): message :        1701;1702;
       C:\Users\giris\.nuget\packages\microsoft.windowsappsdk.winui\1.8.251105000\buildTransitive\Microsoft.WinUI.AppX.targets(7,5): message : 
       C:\Users\giris\.nuget\packages\microsoft.windowsappsdk.winui\1.8.251105000\buildTransitive\Microsoft.WinUI.AppX.targets(7,5): message :        
       C:\Users\giris\.nuget\packages\microsoft.windowsappsdk.winui\1.8.251105000\buildTransitive\Microsoft.WinUI.AppX.targets(7,5): message :        APPX1707;
       C:\Users\giris\.nuget\packages\microsoft.windowsappsdk.winui\1.8.251105000\buildTransitive\Microsoft.WinUI.AppX.targets(7,5): message :     " (previous value: "1701;1702") at C:\Users\giris\.nuget\packages\microsoft.windowsappsdk.winui\1.8.251105000\buildTransitive\Microsoft.WinUI.AppX.targets (7,5)
       C:\Users\giris\.nuget\packages\microsoft.windowsappsdk.winui\1.8.251105000\buildTransitive\Microsoft.WinUI.AppX.targets(29,5): message : Property reassignment: $(MSBuildWarningsAsMessages)="
       C:\Users\giris\.nuget\packages\microsoft.windowsappsdk.winui\1.8.251105000\buildTransitive\Microsoft.WinUI.AppX.targets(29,5): message :       
       C:\Users\giris\.nuget\packages\microsoft.windowsappsdk.winui\1.8.251105000\buildTransitive\Microsoft.WinUI.AppX.targets(29,5): message :        1701;1702;
       C:\Users\giris\.nuget\packages\microsoft.windowsappsdk.winui\1.8.251105000\buildTransitive\Microsoft.WinUI.AppX.targets(29,5): message : 
       C:\Users\giris\.nuget\packages\microsoft.windowsappsdk.winui\1.8.251105000\buildTransitive\Microsoft.WinUI.AppX.targets(29,5): message :        
       C:\Users\giris\.nuget\packages\microsoft.windowsappsdk.winui\1.8.251105000\buildTransitive\Microsoft.WinUI.AppX.targets(29,5): message :        APPX1707;
       C:\Users\giris\.nuget\packages\microsoft.windowsappsdk.winui\1.8.251105000\buildTransitive\Microsoft.WinUI.AppX.targets(29,5): message :     ;
       C:\Users\giris\.nuget\packages\microsoft.windowsappsdk.winui\1.8.251105000\buildTransitive\Microsoft.WinUI.AppX.targets(29,5): message :       MSB3842;
       C:\Users\giris\.nuget\packages\microsoft.windowsappsdk.winui\1.8.251105000\buildTransitive\Microsoft.WinUI.AppX.targets(29,5): message :       MSB3843;
       C:\Users\giris\.nuget\packages\microsoft.windowsappsdk.winui\1.8.251105000\buildTransitive\Microsoft.WinUI.AppX.targets(29,5): message :     " (previous value: "
       C:\Users\giris\.nuget\packages\microsoft.windowsappsdk.winui\1.8.251105000\buildTransitive\Microsoft.WinUI.AppX.targets(29,5): message :        1701;1702;
       C:\Users\giris\.nuget\packages\microsoft.windowsappsdk.winui\1.8.251105000\buildTransitive\Microsoft.WinUI.AppX.targets(29,5): message : 
       C:\Users\giris\.nuget\packages\microsoft.windowsappsdk.winui\1.8.251105000\buildTransitive\Microsoft.WinUI.AppX.targets(29,5): message :        
       C:\Users\giris\.nuget\packages\microsoft.windowsappsdk.winui\1.8.251105000\buildTransitive\Microsoft.WinUI.AppX.targets(29,5): message :        APPX1707;
       C:\Users\giris\.nuget\packages\microsoft.windowsappsdk.winui\1.8.251105000\buildTransitive\Microsoft.WinUI.AppX.targets(29,5): message :     ") at C:\Users\giris\.nuget\packages\microsoft.windowsappsdk.winui\1.8.251105000\buildTransitive\Microsoft.WinUI.AppX.targets (29,5)
       C:\Users\giris\.nuget\packages\microsoft.windowsappsdk.winui\1.8.251105000\buildTransitive\Microsoft.WinUI.AppX.targets(44,5): message : Property reassignment: $(SDKIdentifier)="Windows" (previous value: "UAP") at C:\Users\giris\.nuget\packages\microsoft.windowsappsdk.winui\1.8.251105000\buildTransitive\Microsoft.WinUI.AppX.targets (44,5)
       C:\Users\giris\.nuget\packages\microsoft.windowsappsdk.winui\1.8.251105000\buildTransitive\Microsoft.UI.Xaml.Markup.Compiler.interop.targets(152,9): message : Property reassignment: $(PrepareResourcesDependsOn)="
       C:\Users\giris\.nuget\packages\microsoft.windowsappsdk.winui\1.8.251105000\buildTransitive\Microsoft.UI.Xaml.Markup.Compiler.interop.targets(152,9): message :             ResolveKeySource;
       C:\Users\giris\.nuget\packages\microsoft.windowsappsdk.winui\1.8.251105000\buildTransitive\Microsoft.UI.Xaml.Markup.Compiler.interop.targets(152,9): message :             AddImplicitDefineConstants;
       C:\Users\giris\.nuget\packages\microsoft.windowsappsdk.winui\1.8.251105000\buildTransitive\Microsoft.UI.Xaml.Markup.Compiler.interop.targets(152,9): message :             MarkupCompilePass1;
       C:\Users\giris\.nuget\packages\microsoft.windowsappsdk.winui\1.8.251105000\buildTransitive\Microsoft.UI.Xaml.Markup.Compiler.interop.targets(152,9): message :             XamlPreCompile;
       C:\Users\giris\.nuget\packages\microsoft.windowsappsdk.winui\1.8.251105000\buildTransitive\Microsoft.UI.Xaml.Markup.Compiler.interop.targets(152,9): message :             MarkupCompilePass2;
       C:\Users\giris\.nuget\packages\microsoft.windowsappsdk.winui\1.8.251105000\buildTransitive\Microsoft.UI.Xaml.Markup.Compiler.interop.targets(152,9): message :             
       C:\Users\giris\.nuget\packages\microsoft.windowsappsdk.winui\1.8.251105000\buildTransitive\Microsoft.UI.Xaml.Markup.Compiler.interop.targets(152,9): message :       ;
       C:\Users\giris\.nuget\packages\microsoft.windowsappsdk.winui\1.8.251105000\buildTransitive\Microsoft.UI.Xaml.Markup.Compiler.interop.targets(152,9): message :       PrepareResourceNames;
       C:\Users\giris\.nuget\packages\microsoft.windowsappsdk.winui\1.8.251105000\buildTransitive\Microsoft.UI.Xaml.Markup.Compiler.interop.targets(152,9): message :       ResGen;
       C:\Users\giris\.nuget\packages\microsoft.windowsappsdk.winui\1.8.251105000\buildTransitive\Microsoft.UI.Xaml.Markup.Compiler.interop.targets(152,9): message :       CompileLicxFiles
       C:\Users\giris\.nuget\packages\microsoft.windowsappsdk.winui\1.8.251105000\buildTransitive\Microsoft.UI.Xaml.Markup.Compiler.interop.targets(152,9): message :     
       C:\Users\giris\.nuget\packages\microsoft.windowsappsdk.winui\1.8.251105000\buildTransitive\Microsoft.UI.Xaml.Markup.Compiler.interop.targets(152,9): message :         " (previous value: "
       C:\Users\giris\.nuget\packages\microsoft.windowsappsdk.winui\1.8.251105000\buildTransitive\Microsoft.UI.Xaml.Markup.Compiler.interop.targets(152,9): message :       ;
       C:\Users\giris\.nuget\packages\microsoft.windowsappsdk.winui\1.8.251105000\buildTransitive\Microsoft.UI.Xaml.Markup.Compiler.interop.targets(152,9): message :       PrepareResourceNames;
       C:\Users\giris\.nuget\packages\microsoft.windowsappsdk.winui\1.8.251105000\buildTransitive\Microsoft.UI.Xaml.Markup.Compiler.interop.targets(152,9): message :       ResGen;
       C:\Users\giris\.nuget\packages\microsoft.windowsappsdk.winui\1.8.251105000\buildTransitive\Microsoft.UI.Xaml.Markup.Compiler.interop.targets(152,9): message :       CompileLicxFiles
       C:\Users\giris\.nuget\packages\microsoft.windowsappsdk.winui\1.8.251105000\buildTransitive\Microsoft.UI.Xaml.Markup.Compiler.interop.targets(152,9): message :     ") at C:\Users\giris\.nuget\packages\microsoft.windowsappsdk.winui\1.8.251105000\buildTransitive\Microsoft.UI.Xaml.Markup.Compiler.interop.targets (152,9)
       C:\Users\giris\.nuget\packages\microsoft.windowsappsdk.winui\1.8.251105000\buildTransitive\Microsoft.UI.Xaml.Markup.Compiler.interop.targets(1031,9): message : Property reassignment: $(ResolveReferencesDependsOn)="
       C:\Users\giris\.nuget\packages\microsoft.windowsappsdk.winui\1.8.251105000\buildTransitive\Microsoft.UI.Xaml.Markup.Compiler.interop.targets(1031,9): message :             
       C:\Users\giris\.nuget\packages\microsoft.windowsappsdk.winui\1.8.251105000\buildTransitive\Microsoft.UI.Xaml.Markup.Compiler.interop.targets(1031,9): message :             
       C:\Users\giris\.nuget\packages\microsoft.windowsappsdk.winui\1.8.251105000\buildTransitive\Microsoft.UI.Xaml.Markup.Compiler.interop.targets(1031,9): message :       BeforeResolveReferences;
       C:\Users\giris\.nuget\packages\microsoft.windowsappsdk.winui\1.8.251105000\buildTransitive\Microsoft.UI.Xaml.Markup.Compiler.interop.targets(1031,9): message :       AssignProjectConfiguration;
       C:\Users\giris\.nuget\packages\microsoft.windowsappsdk.winui\1.8.251105000\buildTransitive\Microsoft.UI.Xaml.Markup.Compiler.interop.targets(1031,9): message :       ResolveProjectReferences;
       C:\Users\giris\.nuget\packages\microsoft.windowsappsdk.winui\1.8.251105000\buildTransitive\Microsoft.UI.Xaml.Markup.Compiler.interop.targets(1031,9): message :       FindInvalidProjectReferences;
       C:\Users\giris\.nuget\packages\microsoft.windowsappsdk.winui\1.8.251105000\buildTransitive\Microsoft.UI.Xaml.Markup.Compiler.interop.targets(1031,9): message :       ResolveNativeReferences;
       C:\Users\giris\.nuget\packages\microsoft.windowsappsdk.winui\1.8.251105000\buildTransitive\Microsoft.UI.Xaml.Markup.Compiler.interop.targets(1031,9): message :       ResolveAssemblyReferences;
       C:\Users\giris\.nuget\packages\microsoft.windowsappsdk.winui\1.8.251105000\buildTransitive\Microsoft.UI.Xaml.Markup.Compiler.interop.targets(1031,9): message :       GenerateBindingRedirects;
       C:\Users\giris\.nuget\packages\microsoft.windowsappsdk.winui\1.8.251105000\buildTransitive\Microsoft.UI.Xaml.Markup.Compiler.interop.targets(1031,9): message :       GenerateBindingRedirectsUpdateAppConfig;
       C:\Users\giris\.nuget\packages\microsoft.windowsappsdk.winui\1.8.251105000\buildTransitive\Microsoft.UI.Xaml.Markup.Compiler.interop.targets(1031,9): message :       ResolveComReferences;
       C:\Users\giris\.nuget\packages\microsoft.windowsappsdk.winui\1.8.251105000\buildTransitive\Microsoft.UI.Xaml.Markup.Compiler.interop.targets(1031,9): message :       AfterResolveReferences
       C:\Users\giris\.nuget\packages\microsoft.windowsappsdk.winui\1.8.251105000\buildTransitive\Microsoft.UI.Xaml.Markup.Compiler.interop.targets(1031,9): message :     ;WindowsAppSDKVerifyCsWinRtVersions
       C:\Users\giris\.nuget\packages\microsoft.windowsappsdk.winui\1.8.251105000\buildTransitive\Microsoft.UI.Xaml.Markup.Compiler.interop.targets(1031,9): message :         ;
       C:\Users\giris\.nuget\packages\microsoft.windowsappsdk.winui\1.8.251105000\buildTransitive\Microsoft.UI.Xaml.Markup.Compiler.interop.targets(1031,9): message :             ImplicitlyExpandTargetFramework;
       C:\Users\giris\.nuget\packages\microsoft.windowsappsdk.winui\1.8.251105000\buildTransitive\Microsoft.UI.Xaml.Markup.Compiler.interop.targets(1031,9): message :             ImplicitlyExpandTargetPlatform
       C:\Users\giris\.nuget\packages\microsoft.windowsappsdk.winui\1.8.251105000\buildTransitive\Microsoft.UI.Xaml.Markup.Compiler.interop.targets(1031,9): message :         " (previous value: "
       C:\Users\giris\.nuget\packages\microsoft.windowsappsdk.winui\1.8.251105000\buildTransitive\Microsoft.UI.Xaml.Markup.Compiler.interop.targets(1031,9): message :             
       C:\Users\giris\.nuget\packages\microsoft.windowsappsdk.winui\1.8.251105000\buildTransitive\Microsoft.UI.Xaml.Markup.Compiler.interop.targets(1031,9): message :       BeforeResolveReferences;
       C:\Users\giris\.nuget\packages\microsoft.windowsappsdk.winui\1.8.251105000\buildTransitive\Microsoft.UI.Xaml.Markup.Compiler.interop.targets(1031,9): message :       AssignProjectConfiguration;
       C:\Users\giris\.nuget\packages\microsoft.windowsappsdk.winui\1.8.251105000\buildTransitive\Microsoft.UI.Xaml.Markup.Compiler.interop.targets(1031,9): message :       ResolveProjectReferences;
       C:\Users\giris\.nuget\packages\microsoft.windowsappsdk.winui\1.8.251105000\buildTransitive\Microsoft.UI.Xaml.Markup.Compiler.interop.targets(1031,9): message :       FindInvalidProjectReferences;
       C:\Users\giris\.nuget\packages\microsoft.windowsappsdk.winui\1.8.251105000\buildTransitive\Microsoft.UI.Xaml.Markup.Compiler.interop.targets(1031,9): message :       ResolveNativeReferences;
       C:\Users\giris\.nuget\packages\microsoft.windowsappsdk.winui\1.8.251105000\buildTransitive\Microsoft.UI.Xaml.Markup.Compiler.interop.targets(1031,9): message :       ResolveAssemblyReferences;
       C:\Users\giris\.nuget\packages\microsoft.windowsappsdk.winui\1.8.251105000\buildTransitive\Microsoft.UI.Xaml.Markup.Compiler.interop.targets(1031,9): message :       GenerateBindingRedirects;
       C:\Users\giris\.nuget\packages\microsoft.windowsappsdk.winui\1.8.251105000\buildTransitive\Microsoft.UI.Xaml.Markup.Compiler.interop.targets(1031,9): message :       GenerateBindingRedirectsUpdateAppConfig;
       C:\Users\giris\.nuget\packages\microsoft.windowsappsdk.winui\1.8.251105000\buildTransitive\Microsoft.UI.Xaml.Markup.Compiler.interop.targets(1031,9): message :       ResolveComReferences;
       C:\Users\giris\.nuget\packages\microsoft.windowsappsdk.winui\1.8.251105000\buildTransitive\Microsoft.UI.Xaml.Markup.Compiler.interop.targets(1031,9): message :       AfterResolveReferences
       C:\Users\giris\.nuget\packages\microsoft.windowsappsdk.winui\1.8.251105000\buildTransitive\Microsoft.UI.Xaml.Markup.Compiler.interop.targets(1031,9): message :     ;WindowsAppSDKVerifyCsWinRtVersions
       C:\Users\giris\.nuget\packages\microsoft.windowsappsdk.winui\1.8.251105000\buildTransitive\Microsoft.UI.Xaml.Markup.Compiler.interop.targets(1031,9): message :         ") at C:\Users\giris\.nuget\packages\microsoft.windowsappsdk.winui\1.8.251105000\buildTransitive\Microsoft.UI.Xaml.Markup.Compiler.interop.targets (1031,9)
       C:\Users\giris\.nuget\packages\communitytoolkit.mvvm\8.4.0\buildTransitive\CommunityToolkit.Mvvm.Windows.targets(6,5): message : Property reassignment: $(_MvvmToolkitIsUsingWindowsRuntimePack)="true" (previous value: "false") at C:\Users\giris\.nuget\packages\communitytoolkit.mvvm\8.4.0\buildTransitive\CommunityToolkit.Mvvm.Windows.targets (6,5)
       C:\Users\giris\.nuget\packages\communitytoolkit.mvvm\8.4.0\buildTransitive\CommunityToolkit.Mvvm.WindowsSdk.targets(12,5): message : Property reassignment: $(ResolveReferencesDependsOn)="
       C:\Users\giris\.nuget\packages\communitytoolkit.mvvm\8.4.0\buildTransitive\CommunityToolkit.Mvvm.WindowsSdk.targets(12,5): message :       
       C:\Users\giris\.nuget\packages\communitytoolkit.mvvm\8.4.0\buildTransitive\CommunityToolkit.Mvvm.WindowsSdk.targets(12,5): message :             
       C:\Users\giris\.nuget\packages\communitytoolkit.mvvm\8.4.0\buildTransitive\CommunityToolkit.Mvvm.WindowsSdk.targets(12,5): message :             
       C:\Users\giris\.nuget\packages\communitytoolkit.mvvm\8.4.0\buildTransitive\CommunityToolkit.Mvvm.WindowsSdk.targets(12,5): message :       BeforeResolveReferences;
       C:\Users\giris\.nuget\packages\communitytoolkit.mvvm\8.4.0\buildTransitive\CommunityToolkit.Mvvm.WindowsSdk.targets(12,5): message :       AssignProjectConfiguration;
       C:\Users\giris\.nuget\packages\communitytoolkit.mvvm\8.4.0\buildTransitive\CommunityToolkit.Mvvm.WindowsSdk.targets(12,5): message :       ResolveProjectReferences;
       C:\Users\giris\.nuget\packages\communitytoolkit.mvvm\8.4.0\buildTransitive\CommunityToolkit.Mvvm.WindowsSdk.targets(12,5): message :       FindInvalidProjectReferences;
       C:\Users\giris\.nuget\packages\communitytoolkit.mvvm\8.4.0\buildTransitive\CommunityToolkit.Mvvm.WindowsSdk.targets(12,5): message :       ResolveNativeReferences;
       C:\Users\giris\.nuget\packages\communitytoolkit.mvvm\8.4.0\buildTransitive\CommunityToolkit.Mvvm.WindowsSdk.targets(12,5): message :       ResolveAssemblyReferences;
       C:\Users\giris\.nuget\packages\communitytoolkit.mvvm\8.4.0\buildTransitive\CommunityToolkit.Mvvm.WindowsSdk.targets(12,5): message :       GenerateBindingRedirects;
       C:\Users\giris\.nuget\packages\communitytoolkit.mvvm\8.4.0\buildTransitive\CommunityToolkit.Mvvm.WindowsSdk.targets(12,5): message :       GenerateBindingRedirectsUpdateAppConfig;
       C:\Users\giris\.nuget\packages\communitytoolkit.mvvm\8.4.0\buildTransitive\CommunityToolkit.Mvvm.WindowsSdk.targets(12,5): message :       ResolveComReferences;
       C:\Users\giris\.nuget\packages\communitytoolkit.mvvm\8.4.0\buildTransitive\CommunityToolkit.Mvvm.WindowsSdk.targets(12,5): message :       AfterResolveReferences
       C:\Users\giris\.nuget\packages\communitytoolkit.mvvm\8.4.0\buildTransitive\CommunityToolkit.Mvvm.WindowsSdk.targets(12,5): message :     ;WindowsAppSDKVerifyCsWinRtVersions
       C:\Users\giris\.nuget\packages\communitytoolkit.mvvm\8.4.0\buildTransitive\CommunityToolkit.Mvvm.WindowsSdk.targets(12,5): message :         ;
       C:\Users\giris\.nuget\packages\communitytoolkit.mvvm\8.4.0\buildTransitive\CommunityToolkit.Mvvm.WindowsSdk.targets(12,5): message :             ImplicitlyExpandTargetFramework;
       C:\Users\giris\.nuget\packages\communitytoolkit.mvvm\8.4.0\buildTransitive\CommunityToolkit.Mvvm.WindowsSdk.targets(12,5): message :             ImplicitlyExpandTargetPlatform
       C:\Users\giris\.nuget\packages\communitytoolkit.mvvm\8.4.0\buildTransitive\CommunityToolkit.Mvvm.WindowsSdk.targets(12,5): message :         ;MvvmToolkitVerifyWindowsSdkPackageVersion
       C:\Users\giris\.nuget\packages\communitytoolkit.mvvm\8.4.0\buildTransitive\CommunityToolkit.Mvvm.WindowsSdk.targets(12,5): message :     " (previous value: "
       C:\Users\giris\.nuget\packages\communitytoolkit.mvvm\8.4.0\buildTransitive\CommunityToolkit.Mvvm.WindowsSdk.targets(12,5): message :             
       C:\Users\giris\.nuget\packages\communitytoolkit.mvvm\8.4.0\buildTransitive\CommunityToolkit.Mvvm.WindowsSdk.targets(12,5): message :             
       C:\Users\giris\.nuget\packages\communitytoolkit.mvvm\8.4.0\buildTransitive\CommunityToolkit.Mvvm.WindowsSdk.targets(12,5): message :       BeforeResolveReferences;
       C:\Users\giris\.nuget\packages\communitytoolkit.mvvm\8.4.0\buildTransitive\CommunityToolkit.Mvvm.WindowsSdk.targets(12,5): message :       AssignProjectConfiguration;
       C:\Users\giris\.nuget\packages\communitytoolkit.mvvm\8.4.0\buildTransitive\CommunityToolkit.Mvvm.WindowsSdk.targets(12,5): message :       ResolveProjectReferences;
       C:\Users\giris\.nuget\packages\communitytoolkit.mvvm\8.4.0\buildTransitive\CommunityToolkit.Mvvm.WindowsSdk.targets(12,5): message :       FindInvalidProjectReferences;
       C:\Users\giris\.nuget\packages\communitytoolkit.mvvm\8.4.0\buildTransitive\CommunityToolkit.Mvvm.WindowsSdk.targets(12,5): message :       ResolveNativeReferences;
       C:\Users\giris\.nuget\packages\communitytoolkit.mvvm\8.4.0\buildTransitive\CommunityToolkit.Mvvm.WindowsSdk.targets(12,5): message :       ResolveAssemblyReferences;
       C:\Users\giris\.nuget\packages\communitytoolkit.mvvm\8.4.0\buildTransitive\CommunityToolkit.Mvvm.WindowsSdk.targets(12,5): message :       GenerateBindingRedirects;
       C:\Users\giris\.nuget\packages\communitytoolkit.mvvm\8.4.0\buildTransitive\CommunityToolkit.Mvvm.WindowsSdk.targets(12,5): message :       GenerateBindingRedirectsUpdateAppConfig;
       C:\Users\giris\.nuget\packages\communitytoolkit.mvvm\8.4.0\buildTransitive\CommunityToolkit.Mvvm.WindowsSdk.targets(12,5): message :       ResolveComReferences;
       C:\Users\giris\.nuget\packages\communitytoolkit.mvvm\8.4.0\buildTransitive\CommunityToolkit.Mvvm.WindowsSdk.targets(12,5): message :       AfterResolveReferences
       C:\Users\giris\.nuget\packages\communitytoolkit.mvvm\8.4.0\buildTransitive\CommunityToolkit.Mvvm.WindowsSdk.targets(12,5): message :     ;WindowsAppSDKVerifyCsWinRtVersions
       C:\Users\giris\.nuget\packages\communitytoolkit.mvvm\8.4.0\buildTransitive\CommunityToolkit.Mvvm.WindowsSdk.targets(12,5): message :         ;
       C:\Users\giris\.nuget\packages\communitytoolkit.mvvm\8.4.0\buildTransitive\CommunityToolkit.Mvvm.WindowsSdk.targets(12,5): message :             ImplicitlyExpandTargetFramework;
       C:\Users\giris\.nuget\packages\communitytoolkit.mvvm\8.4.0\buildTransitive\CommunityToolkit.Mvvm.WindowsSdk.targets(12,5): message :             ImplicitlyExpandTargetPlatform
       C:\Users\giris\.nuget\packages\communitytoolkit.mvvm\8.4.0\buildTransitive\CommunityToolkit.Mvvm.WindowsSdk.targets(12,5): message :         ") at C:\Users\giris\.nuget\packages\communitytoolkit.mvvm\8.4.0\buildTransitive\CommunityToolkit.Mvvm.WindowsSdk.targets (12,5)
       C:\Program Files\dotnet\sdk\10.0.101\Sdks\Microsoft.NET.Sdk\targets\Microsoft.PackageDependencyResolution.targets(29,5): message : Property reassignment: $(ProjectAssetsCacheFile)="C:\Users\giris\Documents\Code\Redesign-POS\Windows Based POS\Magidesk\obj\Debug\net8.0-windows10.0.19041.0\Magidesk.Presentation.assets.cache" (previous value: "obj\Debug\net8.0-windows10.0.19041.0\Magidesk.Presentation.assets.cache") at C:\Program Files\dotnet\sdk\10.0.101\Sdks\Microsoft.NET.Sdk\targets\Microsoft.PackageDependencyResolution.targets (29,5)
       C:\Program Files\dotnet\sdk\10.0.101\Sdks\Microsoft.NET.Sdk\targets\Microsoft.PackageDependencyResolution.targets(80,5): message : Property reassignment: $(ResolveAssemblyReferencesDependsOn)="
       C:\Program Files\dotnet\sdk\10.0.101\Sdks\Microsoft.NET.Sdk\targets\Microsoft.PackageDependencyResolution.targets(80,5): message :       
       C:\Program Files\dotnet\sdk\10.0.101\Sdks\Microsoft.NET.Sdk\targets\Microsoft.PackageDependencyResolution.targets(80,5): message :       ResolveProjectReferences;
       C:\Program Files\dotnet\sdk\10.0.101\Sdks\Microsoft.NET.Sdk\targets\Microsoft.PackageDependencyResolution.targets(80,5): message :       FindInvalidProjectReferences;
       C:\Program Files\dotnet\sdk\10.0.101\Sdks\Microsoft.NET.Sdk\targets\Microsoft.PackageDependencyResolution.targets(80,5): message :       GetFrameworkPaths;
       C:\Program Files\dotnet\sdk\10.0.101\Sdks\Microsoft.NET.Sdk\targets\Microsoft.PackageDependencyResolution.targets(80,5): message :       GetReferenceAssemblyPaths;
       C:\Program Files\dotnet\sdk\10.0.101\Sdks\Microsoft.NET.Sdk\targets\Microsoft.PackageDependencyResolution.targets(80,5): message :       PrepareForBuild;
       C:\Program Files\dotnet\sdk\10.0.101\Sdks\Microsoft.NET.Sdk\targets\Microsoft.PackageDependencyResolution.targets(80,5): message :       ResolveSDKReferences;
       C:\Program Files\dotnet\sdk\10.0.101\Sdks\Microsoft.NET.Sdk\targets\Microsoft.PackageDependencyResolution.targets(80,5): message :       ExpandSDKReferences;
       C:\Program Files\dotnet\sdk\10.0.101\Sdks\Microsoft.NET.Sdk\targets\Microsoft.PackageDependencyResolution.targets(80,5): message :     ;
       C:\Program Files\dotnet\sdk\10.0.101\Sdks\Microsoft.NET.Sdk\targets\Microsoft.PackageDependencyResolution.targets(80,5): message :       ResolvePackageDependenciesForBuild;
       C:\Program Files\dotnet\sdk\10.0.101\Sdks\Microsoft.NET.Sdk\targets\Microsoft.PackageDependencyResolution.targets(80,5): message :       _HandlePackageFileConflicts;
       C:\Program Files\dotnet\sdk\10.0.101\Sdks\Microsoft.NET.Sdk\targets\Microsoft.PackageDependencyResolution.targets(80,5): message :     " (previous value: "
       C:\Program Files\dotnet\sdk\10.0.101\Sdks\Microsoft.NET.Sdk\targets\Microsoft.PackageDependencyResolution.targets(80,5): message :       ResolveProjectReferences;
       C:\Program Files\dotnet\sdk\10.0.101\Sdks\Microsoft.NET.Sdk\targets\Microsoft.PackageDependencyResolution.targets(80,5): message :       FindInvalidProjectReferences;
       C:\Program Files\dotnet\sdk\10.0.101\Sdks\Microsoft.NET.Sdk\targets\Microsoft.PackageDependencyResolution.targets(80,5): message :       GetFrameworkPaths;
       C:\Program Files\dotnet\sdk\10.0.101\Sdks\Microsoft.NET.Sdk\targets\Microsoft.PackageDependencyResolution.targets(80,5): message :       GetReferenceAssemblyPaths;
       C:\Program Files\dotnet\sdk\10.0.101\Sdks\Microsoft.NET.Sdk\targets\Microsoft.PackageDependencyResolution.targets(80,5): message :       PrepareForBuild;
       C:\Program Files\dotnet\sdk\10.0.101\Sdks\Microsoft.NET.Sdk\targets\Microsoft.PackageDependencyResolution.targets(80,5): message :       ResolveSDKReferences;
       C:\Program Files\dotnet\sdk\10.0.101\Sdks\Microsoft.NET.Sdk\targets\Microsoft.PackageDependencyResolution.targets(80,5): message :       ExpandSDKReferences;
       C:\Program Files\dotnet\sdk\10.0.101\Sdks\Microsoft.NET.Sdk\targets\Microsoft.PackageDependencyResolution.targets(80,5): message :     ") at C:\Program Files\dotnet\sdk\10.0.101\Sdks\Microsoft.NET.Sdk\targets\Microsoft.PackageDependencyResolution.targets (80,5)
       C:\Program Files\dotnet\sdk\10.0.101\Sdks\Microsoft.NET.Sdk\targets\Microsoft.PackageDependencyResolution.targets(86,5): message : Property reassignment: $(PrepareResourcesDependsOn)="
       C:\Program Files\dotnet\sdk\10.0.101\Sdks\Microsoft.NET.Sdk\targets\Microsoft.PackageDependencyResolution.targets(86,5): message :       ResolvePackageDependenciesForBuild;
       C:\Program Files\dotnet\sdk\10.0.101\Sdks\Microsoft.NET.Sdk\targets\Microsoft.PackageDependencyResolution.targets(86,5): message :       _HandlePackageFileConflicts;
       C:\Program Files\dotnet\sdk\10.0.101\Sdks\Microsoft.NET.Sdk\targets\Microsoft.PackageDependencyResolution.targets(86,5): message :       
       C:\Program Files\dotnet\sdk\10.0.101\Sdks\Microsoft.NET.Sdk\targets\Microsoft.PackageDependencyResolution.targets(86,5): message :             ResolveKeySource;
       C:\Program Files\dotnet\sdk\10.0.101\Sdks\Microsoft.NET.Sdk\targets\Microsoft.PackageDependencyResolution.targets(86,5): message :             AddImplicitDefineConstants;
       C:\Program Files\dotnet\sdk\10.0.101\Sdks\Microsoft.NET.Sdk\targets\Microsoft.PackageDependencyResolution.targets(86,5): message :             MarkupCompilePass1;
       C:\Program Files\dotnet\sdk\10.0.101\Sdks\Microsoft.NET.Sdk\targets\Microsoft.PackageDependencyResolution.targets(86,5): message :             XamlPreCompile;
       C:\Program Files\dotnet\sdk\10.0.101\Sdks\Microsoft.NET.Sdk\targets\Microsoft.PackageDependencyResolution.targets(86,5): message :             MarkupCompilePass2;
       C:\Program Files\dotnet\sdk\10.0.101\Sdks\Microsoft.NET.Sdk\targets\Microsoft.PackageDependencyResolution.targets(86,5): message :             
       C:\Program Files\dotnet\sdk\10.0.101\Sdks\Microsoft.NET.Sdk\targets\Microsoft.PackageDependencyResolution.targets(86,5): message :       ;
       C:\Program Files\dotnet\sdk\10.0.101\Sdks\Microsoft.NET.Sdk\targets\Microsoft.PackageDependencyResolution.targets(86,5): message :       PrepareResourceNames;
       C:\Program Files\dotnet\sdk\10.0.101\Sdks\Microsoft.NET.Sdk\targets\Microsoft.PackageDependencyResolution.targets(86,5): message :       ResGen;
       C:\Program Files\dotnet\sdk\10.0.101\Sdks\Microsoft.NET.Sdk\targets\Microsoft.PackageDependencyResolution.targets(86,5): message :       CompileLicxFiles
       C:\Program Files\dotnet\sdk\10.0.101\Sdks\Microsoft.NET.Sdk\targets\Microsoft.PackageDependencyResolution.targets(86,5): message :     
       C:\Program Files\dotnet\sdk\10.0.101\Sdks\Microsoft.NET.Sdk\targets\Microsoft.PackageDependencyResolution.targets(86,5): message :         
       C:\Program Files\dotnet\sdk\10.0.101\Sdks\Microsoft.NET.Sdk\targets\Microsoft.PackageDependencyResolution.targets(86,5): message :     " (previous value: "
       C:\Program Files\dotnet\sdk\10.0.101\Sdks\Microsoft.NET.Sdk\targets\Microsoft.PackageDependencyResolution.targets(86,5): message :             ResolveKeySource;
       C:\Program Files\dotnet\sdk\10.0.101\Sdks\Microsoft.NET.Sdk\targets\Microsoft.PackageDependencyResolution.targets(86,5): message :             AddImplicitDefineConstants;
       C:\Program Files\dotnet\sdk\10.0.101\Sdks\Microsoft.NET.Sdk\targets\Microsoft.PackageDependencyResolution.targets(86,5): message :             MarkupCompilePass1;
       C:\Program Files\dotnet\sdk\10.0.101\Sdks\Microsoft.NET.Sdk\targets\Microsoft.PackageDependencyResolution.targets(86,5): message :             XamlPreCompile;
       C:\Program Files\dotnet\sdk\10.0.101\Sdks\Microsoft.NET.Sdk\targets\Microsoft.PackageDependencyResolution.targets(86,5): message :             MarkupCompilePass2;
       C:\Program Files\dotnet\sdk\10.0.101\Sdks\Microsoft.NET.Sdk\targets\Microsoft.PackageDependencyResolution.targets(86,5): message :             
       C:\Program Files\dotnet\sdk\10.0.101\Sdks\Microsoft.NET.Sdk\targets\Microsoft.PackageDependencyResolution.targets(86,5): message :       ;
       C:\Program Files\dotnet\sdk\10.0.101\Sdks\Microsoft.NET.Sdk\targets\Microsoft.PackageDependencyResolution.targets(86,5): message :       PrepareResourceNames;
       C:\Program Files\dotnet\sdk\10.0.101\Sdks\Microsoft.NET.Sdk\targets\Microsoft.PackageDependencyResolution.targets(86,5): message :       ResGen;
       C:\Program Files\dotnet\sdk\10.0.101\Sdks\Microsoft.NET.Sdk\targets\Microsoft.PackageDependencyResolution.targets(86,5): message :       CompileLicxFiles
       C:\Program Files\dotnet\sdk\10.0.101\Sdks\Microsoft.NET.Sdk\targets\Microsoft.PackageDependencyResolution.targets(86,5): message :     
       C:\Program Files\dotnet\sdk\10.0.101\Sdks\Microsoft.NET.Sdk\targets\Microsoft.PackageDependencyResolution.targets(86,5): message :         ") at C:\Program Files\dotnet\sdk\10.0.101\Sdks\Microsoft.NET.Sdk\targets\Microsoft.PackageDependencyResolution.targets (86,5)
       C:\Program Files\dotnet\sdk\10.0.101\Sdks\Microsoft.NET.Sdk\targets\Microsoft.NET.Sdk.DefaultItems.targets(35,5): message : Property reassignment: $(DefaultItemExcludes)="
       C:\Program Files\dotnet\sdk\10.0.101\Sdks\Microsoft.NET.Sdk\targets\Microsoft.NET.Sdk.DefaultItems.targets(35,5): message :           ;
       C:\Program Files\dotnet\sdk\10.0.101\Sdks\Microsoft.NET.Sdk\targets\Microsoft.NET.Sdk.DefaultItems.targets(35,5): message :           Magidesk.Api\**;
       C:\Program Files\dotnet\sdk\10.0.101\Sdks\Microsoft.NET.Sdk\targets\Microsoft.NET.Sdk.DefaultItems.targets(35,5): message :           Magidesk.Application\**;
       C:\Program Files\dotnet\sdk\10.0.101\Sdks\Microsoft.NET.Sdk\targets\Microsoft.NET.Sdk.DefaultItems.targets(35,5): message :           Magidesk.Domain\**;
       C:\Program Files\dotnet\sdk\10.0.101\Sdks\Microsoft.NET.Sdk\targets\Microsoft.NET.Sdk.DefaultItems.targets(35,5): message :           Magidesk.Infrastructure\**;
       C:\Program Files\dotnet\sdk\10.0.101\Sdks\Microsoft.NET.Sdk\targets\Microsoft.NET.Sdk.DefaultItems.targets(35,5): message :           Magidesk.Migrations\**;
       C:\Program Files\dotnet\sdk\10.0.101\Sdks\Microsoft.NET.Sdk\targets\Microsoft.NET.Sdk.DefaultItems.targets(35,5): message :           Magidesk.Application.Tests\**;
       C:\Program Files\dotnet\sdk\10.0.101\Sdks\Microsoft.NET.Sdk\targets\Microsoft.NET.Sdk.DefaultItems.targets(35,5): message :           Magidesk.Domain.Tests\**;
       C:\Program Files\dotnet\sdk\10.0.101\Sdks\Microsoft.NET.Sdk\targets\Microsoft.NET.Sdk.DefaultItems.targets(35,5): message :           Magidesk.Infrastructure.Tests\**;
       C:\Program Files\dotnet\sdk\10.0.101\Sdks\Microsoft.NET.Sdk\targets\Microsoft.NET.Sdk.DefaultItems.targets(35,5): message :           generate_pins.cs;
       C:\Program Files\dotnet\sdk\10.0.101\Sdks\Microsoft.NET.Sdk\targets\Microsoft.NET.Sdk.DefaultItems.targets(35,5): message :           terminals\**;
       C:\Program Files\dotnet\sdk\10.0.101\Sdks\Microsoft.NET.Sdk\targets\Microsoft.NET.Sdk.DefaultItems.targets(35,5): message :           memory-bank\**;
       C:\Program Files\dotnet\sdk\10.0.101\Sdks\Microsoft.NET.Sdk\targets\Microsoft.NET.Sdk.DefaultItems.targets(35,5): message :           bin\**;
       C:\Program Files\dotnet\sdk\10.0.101\Sdks\Microsoft.NET.Sdk\targets\Microsoft.NET.Sdk.DefaultItems.targets(35,5): message :           obj\**
       C:\Program Files\dotnet\sdk\10.0.101\Sdks\Microsoft.NET.Sdk\targets\Microsoft.NET.Sdk.DefaultItems.targets(35,5): message :         ;bin\Debug\/**;obj\Debug\/**;bin\/**" (previous value: "
       C:\Program Files\dotnet\sdk\10.0.101\Sdks\Microsoft.NET.Sdk\targets\Microsoft.NET.Sdk.DefaultItems.targets(35,5): message :           ;
       C:\Program Files\dotnet\sdk\10.0.101\Sdks\Microsoft.NET.Sdk\targets\Microsoft.NET.Sdk.DefaultItems.targets(35,5): message :           Magidesk.Api\**;
       C:\Program Files\dotnet\sdk\10.0.101\Sdks\Microsoft.NET.Sdk\targets\Microsoft.NET.Sdk.DefaultItems.targets(35,5): message :           Magidesk.Application\**;
       C:\Program Files\dotnet\sdk\10.0.101\Sdks\Microsoft.NET.Sdk\targets\Microsoft.NET.Sdk.DefaultItems.targets(35,5): message :           Magidesk.Domain\**;
       C:\Program Files\dotnet\sdk\10.0.101\Sdks\Microsoft.NET.Sdk\targets\Microsoft.NET.Sdk.DefaultItems.targets(35,5): message :           Magidesk.Infrastructure\**;
       C:\Program Files\dotnet\sdk\10.0.101\Sdks\Microsoft.NET.Sdk\targets\Microsoft.NET.Sdk.DefaultItems.targets(35,5): message :           Magidesk.Migrations\**;
       C:\Program Files\dotnet\sdk\10.0.101\Sdks\Microsoft.NET.Sdk\targets\Microsoft.NET.Sdk.DefaultItems.targets(35,5): message :           Magidesk.Application.Tests\**;
       C:\Program Files\dotnet\sdk\10.0.101\Sdks\Microsoft.NET.Sdk\targets\Microsoft.NET.Sdk.DefaultItems.targets(35,5): message :           Magidesk.Domain.Tests\**;
       C:\Program Files\dotnet\sdk\10.0.101\Sdks\Microsoft.NET.Sdk\targets\Microsoft.NET.Sdk.DefaultItems.targets(35,5): message :           Magidesk.Infrastructure.Tests\**;
       C:\Program Files\dotnet\sdk\10.0.101\Sdks\Microsoft.NET.Sdk\targets\Microsoft.NET.Sdk.DefaultItems.targets(35,5): message :           generate_pins.cs;
       C:\Program Files\dotnet\sdk\10.0.101\Sdks\Microsoft.NET.Sdk\targets\Microsoft.NET.Sdk.DefaultItems.targets(35,5): message :           terminals\**;
       C:\Program Files\dotnet\sdk\10.0.101\Sdks\Microsoft.NET.Sdk\targets\Microsoft.NET.Sdk.DefaultItems.targets(35,5): message :           memory-bank\**;
       C:\Program Files\dotnet\sdk\10.0.101\Sdks\Microsoft.NET.Sdk\targets\Microsoft.NET.Sdk.DefaultItems.targets(35,5): message :           bin\**;
       C:\Program Files\dotnet\sdk\10.0.101\Sdks\Microsoft.NET.Sdk\targets\Microsoft.NET.Sdk.DefaultItems.targets(35,5): message :           obj\**
       C:\Program Files\dotnet\sdk\10.0.101\Sdks\Microsoft.NET.Sdk\targets\Microsoft.NET.Sdk.DefaultItems.targets(35,5): message :         ;bin\Debug\/**;obj\Debug\/**") at C:\Program Files\dotnet\sdk\10.0.101\Sdks\Microsoft.NET.Sdk\targets\Microsoft.NET.Sdk.DefaultItems.targets (35,5)
       C:\Program Files\dotnet\sdk\10.0.101\Sdks\Microsoft.NET.Sdk\targets\Microsoft.NET.Sdk.DefaultItems.targets(37,5): message : Property reassignment: $(DefaultItemExcludes)="
       C:\Program Files\dotnet\sdk\10.0.101\Sdks\Microsoft.NET.Sdk\targets\Microsoft.NET.Sdk.DefaultItems.targets(37,5): message :           ;
       C:\Program Files\dotnet\sdk\10.0.101\Sdks\Microsoft.NET.Sdk\targets\Microsoft.NET.Sdk.DefaultItems.targets(37,5): message :           Magidesk.Api\**;
       C:\Program Files\dotnet\sdk\10.0.101\Sdks\Microsoft.NET.Sdk\targets\Microsoft.NET.Sdk.DefaultItems.targets(37,5): message :           Magidesk.Application\**;
       C:\Program Files\dotnet\sdk\10.0.101\Sdks\Microsoft.NET.Sdk\targets\Microsoft.NET.Sdk.DefaultItems.targets(37,5): message :           Magidesk.Domain\**;
       C:\Program Files\dotnet\sdk\10.0.101\Sdks\Microsoft.NET.Sdk\targets\Microsoft.NET.Sdk.DefaultItems.targets(37,5): message :           Magidesk.Infrastructure\**;
       C:\Program Files\dotnet\sdk\10.0.101\Sdks\Microsoft.NET.Sdk\targets\Microsoft.NET.Sdk.DefaultItems.targets(37,5): message :           Magidesk.Migrations\**;
       C:\Program Files\dotnet\sdk\10.0.101\Sdks\Microsoft.NET.Sdk\targets\Microsoft.NET.Sdk.DefaultItems.targets(37,5): message :           Magidesk.Application.Tests\**;
       C:\Program Files\dotnet\sdk\10.0.101\Sdks\Microsoft.NET.Sdk\targets\Microsoft.NET.Sdk.DefaultItems.targets(37,5): message :           Magidesk.Domain.Tests\**;
       C:\Program Files\dotnet\sdk\10.0.101\Sdks\Microsoft.NET.Sdk\targets\Microsoft.NET.Sdk.DefaultItems.targets(37,5): message :           Magidesk.Infrastructure.Tests\**;
       C:\Program Files\dotnet\sdk\10.0.101\Sdks\Microsoft.NET.Sdk\targets\Microsoft.NET.Sdk.DefaultItems.targets(37,5): message :           generate_pins.cs;
       C:\Program Files\dotnet\sdk\10.0.101\Sdks\Microsoft.NET.Sdk\targets\Microsoft.NET.Sdk.DefaultItems.targets(37,5): message :           terminals\**;
       C:\Program Files\dotnet\sdk\10.0.101\Sdks\Microsoft.NET.Sdk\targets\Microsoft.NET.Sdk.DefaultItems.targets(37,5): message :           memory-bank\**;
       C:\Program Files\dotnet\sdk\10.0.101\Sdks\Microsoft.NET.Sdk\targets\Microsoft.NET.Sdk.DefaultItems.targets(37,5): message :           bin\**;
       C:\Program Files\dotnet\sdk\10.0.101\Sdks\Microsoft.NET.Sdk\targets\Microsoft.NET.Sdk.DefaultItems.targets(37,5): message :           obj\**
       C:\Program Files\dotnet\sdk\10.0.101\Sdks\Microsoft.NET.Sdk\targets\Microsoft.NET.Sdk.DefaultItems.targets(37,5): message :         ;bin\Debug\/**;obj\Debug\/**;bin\/**;obj\/**" (previous value: "
       C:\Program Files\dotnet\sdk\10.0.101\Sdks\Microsoft.NET.Sdk\targets\Microsoft.NET.Sdk.DefaultItems.targets(37,5): message :           ;
       C:\Program Files\dotnet\sdk\10.0.101\Sdks\Microsoft.NET.Sdk\targets\Microsoft.NET.Sdk.DefaultItems.targets(37,5): message :           Magidesk.Api\**;
       C:\Program Files\dotnet\sdk\10.0.101\Sdks\Microsoft.NET.Sdk\targets\Microsoft.NET.Sdk.DefaultItems.targets(37,5): message :           Magidesk.Application\**;
       C:\Program Files\dotnet\sdk\10.0.101\Sdks\Microsoft.NET.Sdk\targets\Microsoft.NET.Sdk.DefaultItems.targets(37,5): message :           Magidesk.Domain\**;
       C:\Program Files\dotnet\sdk\10.0.101\Sdks\Microsoft.NET.Sdk\targets\Microsoft.NET.Sdk.DefaultItems.targets(37,5): message :           Magidesk.Infrastructure\**;
       C:\Program Files\dotnet\sdk\10.0.101\Sdks\Microsoft.NET.Sdk\targets\Microsoft.NET.Sdk.DefaultItems.targets(37,5): message :           Magidesk.Migrations\**;
       C:\Program Files\dotnet\sdk\10.0.101\Sdks\Microsoft.NET.Sdk\targets\Microsoft.NET.Sdk.DefaultItems.targets(37,5): message :           Magidesk.Application.Tests\**;
       C:\Program Files\dotnet\sdk\10.0.101\Sdks\Microsoft.NET.Sdk\targets\Microsoft.NET.Sdk.DefaultItems.targets(37,5): message :           Magidesk.Domain.Tests\**;
       C:\Program Files\dotnet\sdk\10.0.101\Sdks\Microsoft.NET.Sdk\targets\Microsoft.NET.Sdk.DefaultItems.targets(37,5): message :           Magidesk.Infrastructure.Tests\**;
       C:\Program Files\dotnet\sdk\10.0.101\Sdks\Microsoft.NET.Sdk\targets\Microsoft.NET.Sdk.DefaultItems.targets(37,5): message :           generate_pins.cs;
       C:\Program Files\dotnet\sdk\10.0.101\Sdks\Microsoft.NET.Sdk\targets\Microsoft.NET.Sdk.DefaultItems.targets(37,5): message :           terminals\**;
       C:\Program Files\dotnet\sdk\10.0.101\Sdks\Microsoft.NET.Sdk\targets\Microsoft.NET.Sdk.DefaultItems.targets(37,5): message :           memory-bank\**;
       C:\Program Files\dotnet\sdk\10.0.101\Sdks\Microsoft.NET.Sdk\targets\Microsoft.NET.Sdk.DefaultItems.targets(37,5): message :           bin\**;
       C:\Program Files\dotnet\sdk\10.0.101\Sdks\Microsoft.NET.Sdk\targets\Microsoft.NET.Sdk.DefaultItems.targets(37,5): message :           obj\**
       C:\Program Files\dotnet\sdk\10.0.101\Sdks\Microsoft.NET.Sdk\targets\Microsoft.NET.Sdk.DefaultItems.targets(37,5): message :         ;bin\Debug\/**;obj\Debug\/**;bin\/**") at C:\Program Files\dotnet\sdk\10.0.101\Sdks\Microsoft.NET.Sdk\targets\Microsoft.NET.Sdk.DefaultItems.targets (37,5)
       C:\Program Files\dotnet\sdk\10.0.101\Sdks\Microsoft.NET.Sdk\targets\Microsoft.NET.Sdk.DefaultItems.targets(40,5): message : Property reassignment: $(DefaultItemExcludes)="
       C:\Program Files\dotnet\sdk\10.0.101\Sdks\Microsoft.NET.Sdk\targets\Microsoft.NET.Sdk.DefaultItems.targets(40,5): message :           ;
       C:\Program Files\dotnet\sdk\10.0.101\Sdks\Microsoft.NET.Sdk\targets\Microsoft.NET.Sdk.DefaultItems.targets(40,5): message :           Magidesk.Api\**;
       C:\Program Files\dotnet\sdk\10.0.101\Sdks\Microsoft.NET.Sdk\targets\Microsoft.NET.Sdk.DefaultItems.targets(40,5): message :           Magidesk.Application\**;
       C:\Program Files\dotnet\sdk\10.0.101\Sdks\Microsoft.NET.Sdk\targets\Microsoft.NET.Sdk.DefaultItems.targets(40,5): message :           Magidesk.Domain\**;
       C:\Program Files\dotnet\sdk\10.0.101\Sdks\Microsoft.NET.Sdk\targets\Microsoft.NET.Sdk.DefaultItems.targets(40,5): message :           Magidesk.Infrastructure\**;
       C:\Program Files\dotnet\sdk\10.0.101\Sdks\Microsoft.NET.Sdk\targets\Microsoft.NET.Sdk.DefaultItems.targets(40,5): message :           Magidesk.Migrations\**;
       C:\Program Files\dotnet\sdk\10.0.101\Sdks\Microsoft.NET.Sdk\targets\Microsoft.NET.Sdk.DefaultItems.targets(40,5): message :           Magidesk.Application.Tests\**;
       C:\Program Files\dotnet\sdk\10.0.101\Sdks\Microsoft.NET.Sdk\targets\Microsoft.NET.Sdk.DefaultItems.targets(40,5): message :           Magidesk.Domain.Tests\**;
       C:\Program Files\dotnet\sdk\10.0.101\Sdks\Microsoft.NET.Sdk\targets\Microsoft.NET.Sdk.DefaultItems.targets(40,5): message :           Magidesk.Infrastructure.Tests\**;
       C:\Program Files\dotnet\sdk\10.0.101\Sdks\Microsoft.NET.Sdk\targets\Microsoft.NET.Sdk.DefaultItems.targets(40,5): message :           generate_pins.cs;
       C:\Program Files\dotnet\sdk\10.0.101\Sdks\Microsoft.NET.Sdk\targets\Microsoft.NET.Sdk.DefaultItems.targets(40,5): message :           terminals\**;
       C:\Program Files\dotnet\sdk\10.0.101\Sdks\Microsoft.NET.Sdk\targets\Microsoft.NET.Sdk.DefaultItems.targets(40,5): message :           memory-bank\**;
       C:\Program Files\dotnet\sdk\10.0.101\Sdks\Microsoft.NET.Sdk\targets\Microsoft.NET.Sdk.DefaultItems.targets(40,5): message :           bin\**;
       C:\Program Files\dotnet\sdk\10.0.101\Sdks\Microsoft.NET.Sdk\targets\Microsoft.NET.Sdk.DefaultItems.targets(40,5): message :           obj\**
       C:\Program Files\dotnet\sdk\10.0.101\Sdks\Microsoft.NET.Sdk\targets\Microsoft.NET.Sdk.DefaultItems.targets(40,5): message :         ;bin\Debug\/**;obj\Debug\/**;bin\/**;obj\/**;**/*.user" (previous value: "
       C:\Program Files\dotnet\sdk\10.0.101\Sdks\Microsoft.NET.Sdk\targets\Microsoft.NET.Sdk.DefaultItems.targets(40,5): message :           ;
       C:\Program Files\dotnet\sdk\10.0.101\Sdks\Microsoft.NET.Sdk\targets\Microsoft.NET.Sdk.DefaultItems.targets(40,5): message :           Magidesk.Api\**;
       C:\Program Files\dotnet\sdk\10.0.101\Sdks\Microsoft.NET.Sdk\targets\Microsoft.NET.Sdk.DefaultItems.targets(40,5): message :           Magidesk.Application\**;
       C:\Program Files\dotnet\sdk\10.0.101\Sdks\Microsoft.NET.Sdk\targets\Microsoft.NET.Sdk.DefaultItems.targets(40,5): message :           Magidesk.Domain\**;
       C:\Program Files\dotnet\sdk\10.0.101\Sdks\Microsoft.NET.Sdk\targets\Microsoft.NET.Sdk.DefaultItems.targets(40,5): message :           Magidesk.Infrastructure\**;
       C:\Program Files\dotnet\sdk\10.0.101\Sdks\Microsoft.NET.Sdk\targets\Microsoft.NET.Sdk.DefaultItems.targets(40,5): message :           Magidesk.Migrations\**;
       C:\Program Files\dotnet\sdk\10.0.101\Sdks\Microsoft.NET.Sdk\targets\Microsoft.NET.Sdk.DefaultItems.targets(40,5): message :           Magidesk.Application.Tests\**;
       C:\Program Files\dotnet\sdk\10.0.101\Sdks\Microsoft.NET.Sdk\targets\Microsoft.NET.Sdk.DefaultItems.targets(40,5): message :           Magidesk.Domain.Tests\**;
       C:\Program Files\dotnet\sdk\10.0.101\Sdks\Microsoft.NET.Sdk\targets\Microsoft.NET.Sdk.DefaultItems.targets(40,5): message :           Magidesk.Infrastructure.Tests\**;
       C:\Program Files\dotnet\sdk\10.0.101\Sdks\Microsoft.NET.Sdk\targets\Microsoft.NET.Sdk.DefaultItems.targets(40,5): message :           generate_pins.cs;
       C:\Program Files\dotnet\sdk\10.0.101\Sdks\Microsoft.NET.Sdk\targets\Microsoft.NET.Sdk.DefaultItems.targets(40,5): message :           terminals\**;
       C:\Program Files\dotnet\sdk\10.0.101\Sdks\Microsoft.NET.Sdk\targets\Microsoft.NET.Sdk.DefaultItems.targets(40,5): message :           memory-bank\**;
       C:\Program Files\dotnet\sdk\10.0.101\Sdks\Microsoft.NET.Sdk\targets\Microsoft.NET.Sdk.DefaultItems.targets(40,5): message :           bin\**;
       C:\Program Files\dotnet\sdk\10.0.101\Sdks\Microsoft.NET.Sdk\targets\Microsoft.NET.Sdk.DefaultItems.targets(40,5): message :           obj\**
       C:\Program Files\dotnet\sdk\10.0.101\Sdks\Microsoft.NET.Sdk\targets\Microsoft.NET.Sdk.DefaultItems.targets(40,5): message :         ;bin\Debug\/**;obj\Debug\/**;bin\/**;obj\/**") at C:\Program Files\dotnet\sdk\10.0.101\Sdks\Microsoft.NET.Sdk\targets\Microsoft.NET.Sdk.DefaultItems.targets (40,5)
       C:\Program Files\dotnet\sdk\10.0.101\Sdks\Microsoft.NET.Sdk\targets\Microsoft.NET.Sdk.DefaultItems.targets(41,5): message : Property reassignment: $(DefaultItemExcludes)="
       C:\Program Files\dotnet\sdk\10.0.101\Sdks\Microsoft.NET.Sdk\targets\Microsoft.NET.Sdk.DefaultItems.targets(41,5): message :           ;
       C:\Program Files\dotnet\sdk\10.0.101\Sdks\Microsoft.NET.Sdk\targets\Microsoft.NET.Sdk.DefaultItems.targets(41,5): message :           Magidesk.Api\**;
       C:\Program Files\dotnet\sdk\10.0.101\Sdks\Microsoft.NET.Sdk\targets\Microsoft.NET.Sdk.DefaultItems.targets(41,5): message :           Magidesk.Application\**;
       C:\Program Files\dotnet\sdk\10.0.101\Sdks\Microsoft.NET.Sdk\targets\Microsoft.NET.Sdk.DefaultItems.targets(41,5): message :           Magidesk.Domain\**;
       C:\Program Files\dotnet\sdk\10.0.101\Sdks\Microsoft.NET.Sdk\targets\Microsoft.NET.Sdk.DefaultItems.targets(41,5): message :           Magidesk.Infrastructure\**;
       C:\Program Files\dotnet\sdk\10.0.101\Sdks\Microsoft.NET.Sdk\targets\Microsoft.NET.Sdk.DefaultItems.targets(41,5): message :           Magidesk.Migrations\**;
       C:\Program Files\dotnet\sdk\10.0.101\Sdks\Microsoft.NET.Sdk\targets\Microsoft.NET.Sdk.DefaultItems.targets(41,5): message :           Magidesk.Application.Tests\**;
       C:\Program Files\dotnet\sdk\10.0.101\Sdks\Microsoft.NET.Sdk\targets\Microsoft.NET.Sdk.DefaultItems.targets(41,5): message :           Magidesk.Domain.Tests\**;
       C:\Program Files\dotnet\sdk\10.0.101\Sdks\Microsoft.NET.Sdk\targets\Microsoft.NET.Sdk.DefaultItems.targets(41,5): message :           Magidesk.Infrastructure.Tests\**;
       C:\Program Files\dotnet\sdk\10.0.101\Sdks\Microsoft.NET.Sdk\targets\Microsoft.NET.Sdk.DefaultItems.targets(41,5): message :           generate_pins.cs;
       C:\Program Files\dotnet\sdk\10.0.101\Sdks\Microsoft.NET.Sdk\targets\Microsoft.NET.Sdk.DefaultItems.targets(41,5): message :           terminals\**;
       C:\Program Files\dotnet\sdk\10.0.101\Sdks\Microsoft.NET.Sdk\targets\Microsoft.NET.Sdk.DefaultItems.targets(41,5): message :           memory-bank\**;
       C:\Program Files\dotnet\sdk\10.0.101\Sdks\Microsoft.NET.Sdk\targets\Microsoft.NET.Sdk.DefaultItems.targets(41,5): message :           bin\**;
       C:\Program Files\dotnet\sdk\10.0.101\Sdks\Microsoft.NET.Sdk\targets\Microsoft.NET.Sdk.DefaultItems.targets(41,5): message :           obj\**
       C:\Program Files\dotnet\sdk\10.0.101\Sdks\Microsoft.NET.Sdk\targets\Microsoft.NET.Sdk.DefaultItems.targets(41,5): message :         ;bin\Debug\/**;obj\Debug\/**;bin\/**;obj\/**;**/*.user;**/*.*proj" (previous value: "
       C:\Program Files\dotnet\sdk\10.0.101\Sdks\Microsoft.NET.Sdk\targets\Microsoft.NET.Sdk.DefaultItems.targets(41,5): message :           ;
       C:\Program Files\dotnet\sdk\10.0.101\Sdks\Microsoft.NET.Sdk\targets\Microsoft.NET.Sdk.DefaultItems.targets(41,5): message :           Magidesk.Api\**;
       C:\Program Files\dotnet\sdk\10.0.101\Sdks\Microsoft.NET.Sdk\targets\Microsoft.NET.Sdk.DefaultItems.targets(41,5): message :           Magidesk.Application\**;
       C:\Program Files\dotnet\sdk\10.0.101\Sdks\Microsoft.NET.Sdk\targets\Microsoft.NET.Sdk.DefaultItems.targets(41,5): message :           Magidesk.Domain\**;
       C:\Program Files\dotnet\sdk\10.0.101\Sdks\Microsoft.NET.Sdk\targets\Microsoft.NET.Sdk.DefaultItems.targets(41,5): message :           Magidesk.Infrastructure\**;
       C:\Program Files\dotnet\sdk\10.0.101\Sdks\Microsoft.NET.Sdk\targets\Microsoft.NET.Sdk.DefaultItems.targets(41,5): message :           Magidesk.Migrations\**;
       C:\Program Files\dotnet\sdk\10.0.101\Sdks\Microsoft.NET.Sdk\targets\Microsoft.NET.Sdk.DefaultItems.targets(41,5): message :           Magidesk.Application.Tests\**;
       C:\Program Files\dotnet\sdk\10.0.101\Sdks\Microsoft.NET.Sdk\targets\Microsoft.NET.Sdk.DefaultItems.targets(41,5): message :           Magidesk.Domain.Tests\**;
       C:\Program Files\dotnet\sdk\10.0.101\Sdks\Microsoft.NET.Sdk\targets\Microsoft.NET.Sdk.DefaultItems.targets(41,5): message :           Magidesk.Infrastructure.Tests\**;
       C:\Program Files\dotnet\sdk\10.0.101\Sdks\Microsoft.NET.Sdk\targets\Microsoft.NET.Sdk.DefaultItems.targets(41,5): message :           generate_pins.cs;
       C:\Program Files\dotnet\sdk\10.0.101\Sdks\Microsoft.NET.Sdk\targets\Microsoft.NET.Sdk.DefaultItems.targets(41,5): message :           terminals\**;
       C:\Program Files\dotnet\sdk\10.0.101\Sdks\Microsoft.NET.Sdk\targets\Microsoft.NET.Sdk.DefaultItems.targets(41,5): message :           memory-bank\**;
       C:\Program Files\dotnet\sdk\10.0.101\Sdks\Microsoft.NET.Sdk\targets\Microsoft.NET.Sdk.DefaultItems.targets(41,5): message :           bin\**;
       C:\Program Files\dotnet\sdk\10.0.101\Sdks\Microsoft.NET.Sdk\targets\Microsoft.NET.Sdk.DefaultItems.targets(41,5): message :           obj\**
       C:\Program Files\dotnet\sdk\10.0.101\Sdks\Microsoft.NET.Sdk\targets\Microsoft.NET.Sdk.DefaultItems.targets(41,5): message :         ;bin\Debug\/**;obj\Debug\/**;bin\/**;obj\/**;**/*.user") at C:\Program Files\dotnet\sdk\10.0.101\Sdks\Microsoft.NET.Sdk\targets\Microsoft.NET.Sdk.DefaultItems.targets (41,5)
       C:\Program Files\dotnet\sdk\10.0.101\Sdks\Microsoft.NET.Sdk\targets\Microsoft.NET.Sdk.DefaultItems.targets(42,5): message : Property reassignment: $(DefaultItemExcludes)="
       C:\Program Files\dotnet\sdk\10.0.101\Sdks\Microsoft.NET.Sdk\targets\Microsoft.NET.Sdk.DefaultItems.targets(42,5): message :           ;
       C:\Program Files\dotnet\sdk\10.0.101\Sdks\Microsoft.NET.Sdk\targets\Microsoft.NET.Sdk.DefaultItems.targets(42,5): message :           Magidesk.Api\**;
       C:\Program Files\dotnet\sdk\10.0.101\Sdks\Microsoft.NET.Sdk\targets\Microsoft.NET.Sdk.DefaultItems.targets(42,5): message :           Magidesk.Application\**;
       C:\Program Files\dotnet\sdk\10.0.101\Sdks\Microsoft.NET.Sdk\targets\Microsoft.NET.Sdk.DefaultItems.targets(42,5): message :           Magidesk.Domain\**;
       C:\Program Files\dotnet\sdk\10.0.101\Sdks\Microsoft.NET.Sdk\targets\Microsoft.NET.Sdk.DefaultItems.targets(42,5): message :           Magidesk.Infrastructure\**;
       C:\Program Files\dotnet\sdk\10.0.101\Sdks\Microsoft.NET.Sdk\targets\Microsoft.NET.Sdk.DefaultItems.targets(42,5): message :           Magidesk.Migrations\**;
       C:\Program Files\dotnet\sdk\10.0.101\Sdks\Microsoft.NET.Sdk\targets\Microsoft.NET.Sdk.DefaultItems.targets(42,5): message :           Magidesk.Application.Tests\**;
       C:\Program Files\dotnet\sdk\10.0.101\Sdks\Microsoft.NET.Sdk\targets\Microsoft.NET.Sdk.DefaultItems.targets(42,5): message :           Magidesk.Domain.Tests\**;
       C:\Program Files\dotnet\sdk\10.0.101\Sdks\Microsoft.NET.Sdk\targets\Microsoft.NET.Sdk.DefaultItems.targets(42,5): message :           Magidesk.Infrastructure.Tests\**;
       C:\Program Files\dotnet\sdk\10.0.101\Sdks\Microsoft.NET.Sdk\targets\Microsoft.NET.Sdk.DefaultItems.targets(42,5): message :           generate_pins.cs;
       C:\Program Files\dotnet\sdk\10.0.101\Sdks\Microsoft.NET.Sdk\targets\Microsoft.NET.Sdk.DefaultItems.targets(42,5): message :           terminals\**;
       C:\Program Files\dotnet\sdk\10.0.101\Sdks\Microsoft.NET.Sdk\targets\Microsoft.NET.Sdk.DefaultItems.targets(42,5): message :           memory-bank\**;
       C:\Program Files\dotnet\sdk\10.0.101\Sdks\Microsoft.NET.Sdk\targets\Microsoft.NET.Sdk.DefaultItems.targets(42,5): message :           bin\**;
       C:\Program Files\dotnet\sdk\10.0.101\Sdks\Microsoft.NET.Sdk\targets\Microsoft.NET.Sdk.DefaultItems.targets(42,5): message :           obj\**
       C:\Program Files\dotnet\sdk\10.0.101\Sdks\Microsoft.NET.Sdk\targets\Microsoft.NET.Sdk.DefaultItems.targets(42,5): message :         ;bin\Debug\/**;obj\Debug\/**;bin\/**;obj\/**;**/*.user;**/*.*proj;**/*.sln" (previous value: "
       C:\Program Files\dotnet\sdk\10.0.101\Sdks\Microsoft.NET.Sdk\targets\Microsoft.NET.Sdk.DefaultItems.targets(42,5): message :           ;
       C:\Program Files\dotnet\sdk\10.0.101\Sdks\Microsoft.NET.Sdk\targets\Microsoft.NET.Sdk.DefaultItems.targets(42,5): message :           Magidesk.Api\**;
       C:\Program Files\dotnet\sdk\10.0.101\Sdks\Microsoft.NET.Sdk\targets\Microsoft.NET.Sdk.DefaultItems.targets(42,5): message :           Magidesk.Application\**;
       C:\Program Files\dotnet\sdk\10.0.101\Sdks\Microsoft.NET.Sdk\targets\Microsoft.NET.Sdk.DefaultItems.targets(42,5): message :           Magidesk.Domain\**;
       C:\Program Files\dotnet\sdk\10.0.101\Sdks\Microsoft.NET.Sdk\targets\Microsoft.NET.Sdk.DefaultItems.targets(42,5): message :           Magidesk.Infrastructure\**;
       C:\Program Files\dotnet\sdk\10.0.101\Sdks\Microsoft.NET.Sdk\targets\Microsoft.NET.Sdk.DefaultItems.targets(42,5): message :           Magidesk.Migrations\**;
       C:\Program Files\dotnet\sdk\10.0.101\Sdks\Microsoft.NET.Sdk\targets\Microsoft.NET.Sdk.DefaultItems.targets(42,5): message :           Magidesk.Application.Tests\**;
       C:\Program Files\dotnet\sdk\10.0.101\Sdks\Microsoft.NET.Sdk\targets\Microsoft.NET.Sdk.DefaultItems.targets(42,5): message :           Magidesk.Domain.Tests\**;
       C:\Program Files\dotnet\sdk\10.0.101\Sdks\Microsoft.NET.Sdk\targets\Microsoft.NET.Sdk.DefaultItems.targets(42,5): message :           Magidesk.Infrastructure.Tests\**;
       C:\Program Files\dotnet\sdk\10.0.101\Sdks\Microsoft.NET.Sdk\targets\Microsoft.NET.Sdk.DefaultItems.targets(42,5): message :           generate_pins.cs;
       C:\Program Files\dotnet\sdk\10.0.101\Sdks\Microsoft.NET.Sdk\targets\Microsoft.NET.Sdk.DefaultItems.targets(42,5): message :           terminals\**;
       C:\Program Files\dotnet\sdk\10.0.101\Sdks\Microsoft.NET.Sdk\targets\Microsoft.NET.Sdk.DefaultItems.targets(42,5): message :           memory-bank\**;
       C:\Program Files\dotnet\sdk\10.0.101\Sdks\Microsoft.NET.Sdk\targets\Microsoft.NET.Sdk.DefaultItems.targets(42,5): message :           bin\**;
       C:\Program Files\dotnet\sdk\10.0.101\Sdks\Microsoft.NET.Sdk\targets\Microsoft.NET.Sdk.DefaultItems.targets(42,5): message :           obj\**
       C:\Program Files\dotnet\sdk\10.0.101\Sdks\Microsoft.NET.Sdk\targets\Microsoft.NET.Sdk.DefaultItems.targets(42,5): message :         ;bin\Debug\/**;obj\Debug\/**;bin\/**;obj\/**;**/*.user;**/*.*proj") at C:\Program Files\dotnet\sdk\10.0.101\Sdks\Microsoft.NET.Sdk\targets\Microsoft.NET.Sdk.DefaultItems.targets (42,5)
       C:\Program Files\dotnet\sdk\10.0.101\Sdks\Microsoft.NET.Sdk\targets\Microsoft.NET.Sdk.DefaultItems.targets(43,5): message : Property reassignment: $(DefaultItemExcludes)="
       C:\Program Files\dotnet\sdk\10.0.101\Sdks\Microsoft.NET.Sdk\targets\Microsoft.NET.Sdk.DefaultItems.targets(43,5): message :           ;
       C:\Program Files\dotnet\sdk\10.0.101\Sdks\Microsoft.NET.Sdk\targets\Microsoft.NET.Sdk.DefaultItems.targets(43,5): message :           Magidesk.Api\**;
       C:\Program Files\dotnet\sdk\10.0.101\Sdks\Microsoft.NET.Sdk\targets\Microsoft.NET.Sdk.DefaultItems.targets(43,5): message :           Magidesk.Application\**;
       C:\Program Files\dotnet\sdk\10.0.101\Sdks\Microsoft.NET.Sdk\targets\Microsoft.NET.Sdk.DefaultItems.targets(43,5): message :           Magidesk.Domain\**;
       C:\Program Files\dotnet\sdk\10.0.101\Sdks\Microsoft.NET.Sdk\targets\Microsoft.NET.Sdk.DefaultItems.targets(43,5): message :           Magidesk.Infrastructure\**;
       C:\Program Files\dotnet\sdk\10.0.101\Sdks\Microsoft.NET.Sdk\targets\Microsoft.NET.Sdk.DefaultItems.targets(43,5): message :           Magidesk.Migrations\**;
       C:\Program Files\dotnet\sdk\10.0.101\Sdks\Microsoft.NET.Sdk\targets\Microsoft.NET.Sdk.DefaultItems.targets(43,5): message :           Magidesk.Application.Tests\**;
       C:\Program Files\dotnet\sdk\10.0.101\Sdks\Microsoft.NET.Sdk\targets\Microsoft.NET.Sdk.DefaultItems.targets(43,5): message :           Magidesk.Domain.Tests\**;
       C:\Program Files\dotnet\sdk\10.0.101\Sdks\Microsoft.NET.Sdk\targets\Microsoft.NET.Sdk.DefaultItems.targets(43,5): message :           Magidesk.Infrastructure.Tests\**;
       C:\Program Files\dotnet\sdk\10.0.101\Sdks\Microsoft.NET.Sdk\targets\Microsoft.NET.Sdk.DefaultItems.targets(43,5): message :           generate_pins.cs;
       C:\Program Files\dotnet\sdk\10.0.101\Sdks\Microsoft.NET.Sdk\targets\Microsoft.NET.Sdk.DefaultItems.targets(43,5): message :           terminals\**;
       C:\Program Files\dotnet\sdk\10.0.101\Sdks\Microsoft.NET.Sdk\targets\Microsoft.NET.Sdk.DefaultItems.targets(43,5): message :           memory-bank\**;
       C:\Program Files\dotnet\sdk\10.0.101\Sdks\Microsoft.NET.Sdk\targets\Microsoft.NET.Sdk.DefaultItems.targets(43,5): message :           bin\**;
       C:\Program Files\dotnet\sdk\10.0.101\Sdks\Microsoft.NET.Sdk\targets\Microsoft.NET.Sdk.DefaultItems.targets(43,5): message :           obj\**
       C:\Program Files\dotnet\sdk\10.0.101\Sdks\Microsoft.NET.Sdk\targets\Microsoft.NET.Sdk.DefaultItems.targets(43,5): message :         ;bin\Debug\/**;obj\Debug\/**;bin\/**;obj\/**;**/*.user;**/*.*proj;**/*.sln;**/*.slnx" (previous value: "
       C:\Program Files\dotnet\sdk\10.0.101\Sdks\Microsoft.NET.Sdk\targets\Microsoft.NET.Sdk.DefaultItems.targets(43,5): message :           ;
       C:\Program Files\dotnet\sdk\10.0.101\Sdks\Microsoft.NET.Sdk\targets\Microsoft.NET.Sdk.DefaultItems.targets(43,5): message :           Magidesk.Api\**;
       C:\Program Files\dotnet\sdk\10.0.101\Sdks\Microsoft.NET.Sdk\targets\Microsoft.NET.Sdk.DefaultItems.targets(43,5): message :           Magidesk.Application\**;
       C:\Program Files\dotnet\sdk\10.0.101\Sdks\Microsoft.NET.Sdk\targets\Microsoft.NET.Sdk.DefaultItems.targets(43,5): message :           Magidesk.Domain\**;
       C:\Program Files\dotnet\sdk\10.0.101\Sdks\Microsoft.NET.Sdk\targets\Microsoft.NET.Sdk.DefaultItems.targets(43,5): message :           Magidesk.Infrastructure\**;
       C:\Program Files\dotnet\sdk\10.0.101\Sdks\Microsoft.NET.Sdk\targets\Microsoft.NET.Sdk.DefaultItems.targets(43,5): message :           Magidesk.Migrations\**;
       C:\Program Files\dotnet\sdk\10.0.101\Sdks\Microsoft.NET.Sdk\targets\Microsoft.NET.Sdk.DefaultItems.targets(43,5): message :           Magidesk.Application.Tests\**;
       C:\Program Files\dotnet\sdk\10.0.101\Sdks\Microsoft.NET.Sdk\targets\Microsoft.NET.Sdk.DefaultItems.targets(43,5): message :           Magidesk.Domain.Tests\**;
       C:\Program Files\dotnet\sdk\10.0.101\Sdks\Microsoft.NET.Sdk\targets\Microsoft.NET.Sdk.DefaultItems.targets(43,5): message :           Magidesk.Infrastructure.Tests\**;
       C:\Program Files\dotnet\sdk\10.0.101\Sdks\Microsoft.NET.Sdk\targets\Microsoft.NET.Sdk.DefaultItems.targets(43,5): message :           generate_pins.cs;
       C:\Program Files\dotnet\sdk\10.0.101\Sdks\Microsoft.NET.Sdk\targets\Microsoft.NET.Sdk.DefaultItems.targets(43,5): message :           terminals\**;
       C:\Program Files\dotnet\sdk\10.0.101\Sdks\Microsoft.NET.Sdk\targets\Microsoft.NET.Sdk.DefaultItems.targets(43,5): message :           memory-bank\**;
       C:\Program Files\dotnet\sdk\10.0.101\Sdks\Microsoft.NET.Sdk\targets\Microsoft.NET.Sdk.DefaultItems.targets(43,5): message :           bin\**;
       C:\Program Files\dotnet\sdk\10.0.101\Sdks\Microsoft.NET.Sdk\targets\Microsoft.NET.Sdk.DefaultItems.targets(43,5): message :           obj\**
       C:\Program Files\dotnet\sdk\10.0.101\Sdks\Microsoft.NET.Sdk\targets\Microsoft.NET.Sdk.DefaultItems.targets(43,5): message :         ;bin\Debug\/**;obj\Debug\/**;bin\/**;obj\/**;**/*.user;**/*.*proj;**/*.sln") at C:\Program Files\dotnet\sdk\10.0.101\Sdks\Microsoft.NET.Sdk\targets\Microsoft.NET.Sdk.DefaultItems.targets (43,5)
       C:\Program Files\dotnet\sdk\10.0.101\Sdks\Microsoft.NET.Sdk\targets\Microsoft.NET.Sdk.DefaultItems.targets(44,5): message : Property reassignment: $(DefaultItemExcludes)="
       C:\Program Files\dotnet\sdk\10.0.101\Sdks\Microsoft.NET.Sdk\targets\Microsoft.NET.Sdk.DefaultItems.targets(44,5): message :           ;
       C:\Program Files\dotnet\sdk\10.0.101\Sdks\Microsoft.NET.Sdk\targets\Microsoft.NET.Sdk.DefaultItems.targets(44,5): message :           Magidesk.Api\**;
       C:\Program Files\dotnet\sdk\10.0.101\Sdks\Microsoft.NET.Sdk\targets\Microsoft.NET.Sdk.DefaultItems.targets(44,5): message :           Magidesk.Application\**;
       C:\Program Files\dotnet\sdk\10.0.101\Sdks\Microsoft.NET.Sdk\targets\Microsoft.NET.Sdk.DefaultItems.targets(44,5): message :           Magidesk.Domain\**;
       C:\Program Files\dotnet\sdk\10.0.101\Sdks\Microsoft.NET.Sdk\targets\Microsoft.NET.Sdk.DefaultItems.targets(44,5): message :           Magidesk.Infrastructure\**;
       C:\Program Files\dotnet\sdk\10.0.101\Sdks\Microsoft.NET.Sdk\targets\Microsoft.NET.Sdk.DefaultItems.targets(44,5): message :           Magidesk.Migrations\**;
       C:\Program Files\dotnet\sdk\10.0.101\Sdks\Microsoft.NET.Sdk\targets\Microsoft.NET.Sdk.DefaultItems.targets(44,5): message :           Magidesk.Application.Tests\**;
       C:\Program Files\dotnet\sdk\10.0.101\Sdks\Microsoft.NET.Sdk\targets\Microsoft.NET.Sdk.DefaultItems.targets(44,5): message :           Magidesk.Domain.Tests\**;
       C:\Program Files\dotnet\sdk\10.0.101\Sdks\Microsoft.NET.Sdk\targets\Microsoft.NET.Sdk.DefaultItems.targets(44,5): message :           Magidesk.Infrastructure.Tests\**;
       C:\Program Files\dotnet\sdk\10.0.101\Sdks\Microsoft.NET.Sdk\targets\Microsoft.NET.Sdk.DefaultItems.targets(44,5): message :           generate_pins.cs;
       C:\Program Files\dotnet\sdk\10.0.101\Sdks\Microsoft.NET.Sdk\targets\Microsoft.NET.Sdk.DefaultItems.targets(44,5): message :           terminals\**;
       C:\Program Files\dotnet\sdk\10.0.101\Sdks\Microsoft.NET.Sdk\targets\Microsoft.NET.Sdk.DefaultItems.targets(44,5): message :           memory-bank\**;
       C:\Program Files\dotnet\sdk\10.0.101\Sdks\Microsoft.NET.Sdk\targets\Microsoft.NET.Sdk.DefaultItems.targets(44,5): message :           bin\**;
       C:\Program Files\dotnet\sdk\10.0.101\Sdks\Microsoft.NET.Sdk\targets\Microsoft.NET.Sdk.DefaultItems.targets(44,5): message :           obj\**
       C:\Program Files\dotnet\sdk\10.0.101\Sdks\Microsoft.NET.Sdk\targets\Microsoft.NET.Sdk.DefaultItems.targets(44,5): message :         ;bin\Debug\/**;obj\Debug\/**;bin\/**;obj\/**;**/*.user;**/*.*proj;**/*.sln;**/*.slnx;**/*.vssscc" (previous value: "
       C:\Program Files\dotnet\sdk\10.0.101\Sdks\Microsoft.NET.Sdk\targets\Microsoft.NET.Sdk.DefaultItems.targets(44,5): message :           ;
       C:\Program Files\dotnet\sdk\10.0.101\Sdks\Microsoft.NET.Sdk\targets\Microsoft.NET.Sdk.DefaultItems.targets(44,5): message :           Magidesk.Api\**;
       C:\Program Files\dotnet\sdk\10.0.101\Sdks\Microsoft.NET.Sdk\targets\Microsoft.NET.Sdk.DefaultItems.targets(44,5): message :           Magidesk.Application\**;
       C:\Program Files\dotnet\sdk\10.0.101\Sdks\Microsoft.NET.Sdk\targets\Microsoft.NET.Sdk.DefaultItems.targets(44,5): message :           Magidesk.Domain\**;
       C:\Program Files\dotnet\sdk\10.0.101\Sdks\Microsoft.NET.Sdk\targets\Microsoft.NET.Sdk.DefaultItems.targets(44,5): message :           Magidesk.Infrastructure\**;
       C:\Program Files\dotnet\sdk\10.0.101\Sdks\Microsoft.NET.Sdk\targets\Microsoft.NET.Sdk.DefaultItems.targets(44,5): message :           Magidesk.Migrations\**;
       C:\Program Files\dotnet\sdk\10.0.101\Sdks\Microsoft.NET.Sdk\targets\Microsoft.NET.Sdk.DefaultItems.targets(44,5): message :           Magidesk.Application.Tests\**;
       C:\Program Files\dotnet\sdk\10.0.101\Sdks\Microsoft.NET.Sdk\targets\Microsoft.NET.Sdk.DefaultItems.targets(44,5): message :           Magidesk.Domain.Tests\**;
       C:\Program Files\dotnet\sdk\10.0.101\Sdks\Microsoft.NET.Sdk\targets\Microsoft.NET.Sdk.DefaultItems.targets(44,5): message :           Magidesk.Infrastructure.Tests\**;
       C:\Program Files\dotnet\sdk\10.0.101\Sdks\Microsoft.NET.Sdk\targets\Microsoft.NET.Sdk.DefaultItems.targets(44,5): message :           generate_pins.cs;
       C:\Program Files\dotnet\sdk\10.0.101\Sdks\Microsoft.NET.Sdk\targets\Microsoft.NET.Sdk.DefaultItems.targets(44,5): message :           terminals\**;
       C:\Program Files\dotnet\sdk\10.0.101\Sdks\Microsoft.NET.Sdk\targets\Microsoft.NET.Sdk.DefaultItems.targets(44,5): message :           memory-bank\**;
       C:\Program Files\dotnet\sdk\10.0.101\Sdks\Microsoft.NET.Sdk\targets\Microsoft.NET.Sdk.DefaultItems.targets(44,5): message :           bin\**;
       C:\Program Files\dotnet\sdk\10.0.101\Sdks\Microsoft.NET.Sdk\targets\Microsoft.NET.Sdk.DefaultItems.targets(44,5): message :           obj\**
       C:\Program Files\dotnet\sdk\10.0.101\Sdks\Microsoft.NET.Sdk\targets\Microsoft.NET.Sdk.DefaultItems.targets(44,5): message :         ;bin\Debug\/**;obj\Debug\/**;bin\/**;obj\/**;**/*.user;**/*.*proj;**/*.sln;**/*.slnx") at C:\Program Files\dotnet\sdk\10.0.101\Sdks\Microsoft.NET.Sdk\targets\Microsoft.NET.Sdk.DefaultItems.targets (44,5)
       C:\Program Files\dotnet\sdk\10.0.101\Sdks\Microsoft.NET.Sdk\targets\Microsoft.NET.Sdk.DefaultItems.targets(45,5): message : Property reassignment: $(DefaultItemExcludes)="
       C:\Program Files\dotnet\sdk\10.0.101\Sdks\Microsoft.NET.Sdk\targets\Microsoft.NET.Sdk.DefaultItems.targets(45,5): message :           ;
       C:\Program Files\dotnet\sdk\10.0.101\Sdks\Microsoft.NET.Sdk\targets\Microsoft.NET.Sdk.DefaultItems.targets(45,5): message :           Magidesk.Api\**;
       C:\Program Files\dotnet\sdk\10.0.101\Sdks\Microsoft.NET.Sdk\targets\Microsoft.NET.Sdk.DefaultItems.targets(45,5): message :           Magidesk.Application\**;
       C:\Program Files\dotnet\sdk\10.0.101\Sdks\Microsoft.NET.Sdk\targets\Microsoft.NET.Sdk.DefaultItems.targets(45,5): message :           Magidesk.Domain\**;
       C:\Program Files\dotnet\sdk\10.0.101\Sdks\Microsoft.NET.Sdk\targets\Microsoft.NET.Sdk.DefaultItems.targets(45,5): message :           Magidesk.Infrastructure\**;
       C:\Program Files\dotnet\sdk\10.0.101\Sdks\Microsoft.NET.Sdk\targets\Microsoft.NET.Sdk.DefaultItems.targets(45,5): message :           Magidesk.Migrations\**;
       C:\Program Files\dotnet\sdk\10.0.101\Sdks\Microsoft.NET.Sdk\targets\Microsoft.NET.Sdk.DefaultItems.targets(45,5): message :           Magidesk.Application.Tests\**;
       C:\Program Files\dotnet\sdk\10.0.101\Sdks\Microsoft.NET.Sdk\targets\Microsoft.NET.Sdk.DefaultItems.targets(45,5): message :           Magidesk.Domain.Tests\**;
       C:\Program Files\dotnet\sdk\10.0.101\Sdks\Microsoft.NET.Sdk\targets\Microsoft.NET.Sdk.DefaultItems.targets(45,5): message :           Magidesk.Infrastructure.Tests\**;
       C:\Program Files\dotnet\sdk\10.0.101\Sdks\Microsoft.NET.Sdk\targets\Microsoft.NET.Sdk.DefaultItems.targets(45,5): message :           generate_pins.cs;
       C:\Program Files\dotnet\sdk\10.0.101\Sdks\Microsoft.NET.Sdk\targets\Microsoft.NET.Sdk.DefaultItems.targets(45,5): message :           terminals\**;
       C:\Program Files\dotnet\sdk\10.0.101\Sdks\Microsoft.NET.Sdk\targets\Microsoft.NET.Sdk.DefaultItems.targets(45,5): message :           memory-bank\**;
       C:\Program Files\dotnet\sdk\10.0.101\Sdks\Microsoft.NET.Sdk\targets\Microsoft.NET.Sdk.DefaultItems.targets(45,5): message :           bin\**;
       C:\Program Files\dotnet\sdk\10.0.101\Sdks\Microsoft.NET.Sdk\targets\Microsoft.NET.Sdk.DefaultItems.targets(45,5): message :           obj\**
       C:\Program Files\dotnet\sdk\10.0.101\Sdks\Microsoft.NET.Sdk\targets\Microsoft.NET.Sdk.DefaultItems.targets(45,5): message :         ;bin\Debug\/**;obj\Debug\/**;bin\/**;obj\/**;**/*.user;**/*.*proj;**/*.sln;**/*.slnx;**/*.vssscc;**/.DS_Store" (previous value: "
       C:\Program Files\dotnet\sdk\10.0.101\Sdks\Microsoft.NET.Sdk\targets\Microsoft.NET.Sdk.DefaultItems.targets(45,5): message :           ;
       C:\Program Files\dotnet\sdk\10.0.101\Sdks\Microsoft.NET.Sdk\targets\Microsoft.NET.Sdk.DefaultItems.targets(45,5): message :           Magidesk.Api\**;
       C:\Program Files\dotnet\sdk\10.0.101\Sdks\Microsoft.NET.Sdk\targets\Microsoft.NET.Sdk.DefaultItems.targets(45,5): message :           Magidesk.Application\**;
       C:\Program Files\dotnet\sdk\10.0.101\Sdks\Microsoft.NET.Sdk\targets\Microsoft.NET.Sdk.DefaultItems.targets(45,5): message :           Magidesk.Domain\**;
       C:\Program Files\dotnet\sdk\10.0.101\Sdks\Microsoft.NET.Sdk\targets\Microsoft.NET.Sdk.DefaultItems.targets(45,5): message :           Magidesk.Infrastructure\**;
       C:\Program Files\dotnet\sdk\10.0.101\Sdks\Microsoft.NET.Sdk\targets\Microsoft.NET.Sdk.DefaultItems.targets(45,5): message :           Magidesk.Migrations\**;
       C:\Program Files\dotnet\sdk\10.0.101\Sdks\Microsoft.NET.Sdk\targets\Microsoft.NET.Sdk.DefaultItems.targets(45,5): message :           Magidesk.Application.Tests\**;
       C:\Program Files\dotnet\sdk\10.0.101\Sdks\Microsoft.NET.Sdk\targets\Microsoft.NET.Sdk.DefaultItems.targets(45,5): message :           Magidesk.Domain.Tests\**;
       C:\Program Files\dotnet\sdk\10.0.101\Sdks\Microsoft.NET.Sdk\targets\Microsoft.NET.Sdk.DefaultItems.targets(45,5): message :           Magidesk.Infrastructure.Tests\**;
       C:\Program Files\dotnet\sdk\10.0.101\Sdks\Microsoft.NET.Sdk\targets\Microsoft.NET.Sdk.DefaultItems.targets(45,5): message :           generate_pins.cs;
       C:\Program Files\dotnet\sdk\10.0.101\Sdks\Microsoft.NET.Sdk\targets\Microsoft.NET.Sdk.DefaultItems.targets(45,5): message :           terminals\**;
       C:\Program Files\dotnet\sdk\10.0.101\Sdks\Microsoft.NET.Sdk\targets\Microsoft.NET.Sdk.DefaultItems.targets(45,5): message :           memory-bank\**;
       C:\Program Files\dotnet\sdk\10.0.101\Sdks\Microsoft.NET.Sdk\targets\Microsoft.NET.Sdk.DefaultItems.targets(45,5): message :           bin\**;
       C:\Program Files\dotnet\sdk\10.0.101\Sdks\Microsoft.NET.Sdk\targets\Microsoft.NET.Sdk.DefaultItems.targets(45,5): message :           obj\**
       C:\Program Files\dotnet\sdk\10.0.101\Sdks\Microsoft.NET.Sdk\targets\Microsoft.NET.Sdk.DefaultItems.targets(45,5): message :         ;bin\Debug\/**;obj\Debug\/**;bin\/**;obj\/**;**/*.user;**/*.*proj;**/*.sln;**/*.slnx;**/*.vssscc") at C:\Program Files\dotnet\sdk\10.0.101\Sdks\Microsoft.NET.Sdk\targets\Microsoft.NET.Sdk.DefaultItems.targets (45,5)
       C:\Program Files\dotnet\sdk\10.0.101\Sdks\Microsoft.NET.Sdk\targets\Microsoft.NET.Sdk.FrameworkReferenceResolution.targets(14,5): message : Property reassignment: $(ResolveAssemblyReferencesDependsOn)="
       C:\Program Files\dotnet\sdk\10.0.101\Sdks\Microsoft.NET.Sdk\targets\Microsoft.NET.Sdk.FrameworkReferenceResolution.targets(14,5): message :       
       C:\Program Files\dotnet\sdk\10.0.101\Sdks\Microsoft.NET.Sdk\targets\Microsoft.NET.Sdk.FrameworkReferenceResolution.targets(14,5): message :       
       C:\Program Files\dotnet\sdk\10.0.101\Sdks\Microsoft.NET.Sdk\targets\Microsoft.NET.Sdk.FrameworkReferenceResolution.targets(14,5): message :       ResolveProjectReferences;
       C:\Program Files\dotnet\sdk\10.0.101\Sdks\Microsoft.NET.Sdk\targets\Microsoft.NET.Sdk.FrameworkReferenceResolution.targets(14,5): message :       FindInvalidProjectReferences;
       C:\Program Files\dotnet\sdk\10.0.101\Sdks\Microsoft.NET.Sdk\targets\Microsoft.NET.Sdk.FrameworkReferenceResolution.targets(14,5): message :       GetFrameworkPaths;
       C:\Program Files\dotnet\sdk\10.0.101\Sdks\Microsoft.NET.Sdk\targets\Microsoft.NET.Sdk.FrameworkReferenceResolution.targets(14,5): message :       GetReferenceAssemblyPaths;
       C:\Program Files\dotnet\sdk\10.0.101\Sdks\Microsoft.NET.Sdk\targets\Microsoft.NET.Sdk.FrameworkReferenceResolution.targets(14,5): message :       PrepareForBuild;
       C:\Program Files\dotnet\sdk\10.0.101\Sdks\Microsoft.NET.Sdk\targets\Microsoft.NET.Sdk.FrameworkReferenceResolution.targets(14,5): message :       ResolveSDKReferences;
       C:\Program Files\dotnet\sdk\10.0.101\Sdks\Microsoft.NET.Sdk\targets\Microsoft.NET.Sdk.FrameworkReferenceResolution.targets(14,5): message :       ExpandSDKReferences;
       C:\Program Files\dotnet\sdk\10.0.101\Sdks\Microsoft.NET.Sdk\targets\Microsoft.NET.Sdk.FrameworkReferenceResolution.targets(14,5): message :     ;
       C:\Program Files\dotnet\sdk\10.0.101\Sdks\Microsoft.NET.Sdk\targets\Microsoft.NET.Sdk.FrameworkReferenceResolution.targets(14,5): message :       ResolvePackageDependenciesForBuild;
       C:\Program Files\dotnet\sdk\10.0.101\Sdks\Microsoft.NET.Sdk\targets\Microsoft.NET.Sdk.FrameworkReferenceResolution.targets(14,5): message :       _HandlePackageFileConflicts;
       C:\Program Files\dotnet\sdk\10.0.101\Sdks\Microsoft.NET.Sdk\targets\Microsoft.NET.Sdk.FrameworkReferenceResolution.targets(14,5): message :     ;
       C:\Program Files\dotnet\sdk\10.0.101\Sdks\Microsoft.NET.Sdk\targets\Microsoft.NET.Sdk.FrameworkReferenceResolution.targets(14,5): message :       ResolveTargetingPackAssets;
       C:\Program Files\dotnet\sdk\10.0.101\Sdks\Microsoft.NET.Sdk\targets\Microsoft.NET.Sdk.FrameworkReferenceResolution.targets(14,5): message :     " (previous value: "
       C:\Program Files\dotnet\sdk\10.0.101\Sdks\Microsoft.NET.Sdk\targets\Microsoft.NET.Sdk.FrameworkReferenceResolution.targets(14,5): message :       
       C:\Program Files\dotnet\sdk\10.0.101\Sdks\Microsoft.NET.Sdk\targets\Microsoft.NET.Sdk.FrameworkReferenceResolution.targets(14,5): message :       ResolveProjectReferences;
       C:\Program Files\dotnet\sdk\10.0.101\Sdks\Microsoft.NET.Sdk\targets\Microsoft.NET.Sdk.FrameworkReferenceResolution.targets(14,5): message :       FindInvalidProjectReferences;
       C:\Program Files\dotnet\sdk\10.0.101\Sdks\Microsoft.NET.Sdk\targets\Microsoft.NET.Sdk.FrameworkReferenceResolution.targets(14,5): message :       GetFrameworkPaths;
       C:\Program Files\dotnet\sdk\10.0.101\Sdks\Microsoft.NET.Sdk\targets\Microsoft.NET.Sdk.FrameworkReferenceResolution.targets(14,5): message :       GetReferenceAssemblyPaths;
       C:\Program Files\dotnet\sdk\10.0.101\Sdks\Microsoft.NET.Sdk\targets\Microsoft.NET.Sdk.FrameworkReferenceResolution.targets(14,5): message :       PrepareForBuild;
       C:\Program Files\dotnet\sdk\10.0.101\Sdks\Microsoft.NET.Sdk\targets\Microsoft.NET.Sdk.FrameworkReferenceResolution.targets(14,5): message :       ResolveSDKReferences;
       C:\Program Files\dotnet\sdk\10.0.101\Sdks\Microsoft.NET.Sdk\targets\Microsoft.NET.Sdk.FrameworkReferenceResolution.targets(14,5): message :       ExpandSDKReferences;
       C:\Program Files\dotnet\sdk\10.0.101\Sdks\Microsoft.NET.Sdk\targets\Microsoft.NET.Sdk.FrameworkReferenceResolution.targets(14,5): message :     ;
       C:\Program Files\dotnet\sdk\10.0.101\Sdks\Microsoft.NET.Sdk\targets\Microsoft.NET.Sdk.FrameworkReferenceResolution.targets(14,5): message :       ResolvePackageDependenciesForBuild;
       C:\Program Files\dotnet\sdk\10.0.101\Sdks\Microsoft.NET.Sdk\targets\Microsoft.NET.Sdk.FrameworkReferenceResolution.targets(14,5): message :       _HandlePackageFileConflicts;
       C:\Program Files\dotnet\sdk\10.0.101\Sdks\Microsoft.NET.Sdk\targets\Microsoft.NET.Sdk.FrameworkReferenceResolution.targets(14,5): message :     ") at C:\Program Files\dotnet\sdk\10.0.101\Sdks\Microsoft.NET.Sdk\targets\Microsoft.NET.Sdk.FrameworkReferenceResolution.targets (14,5)
       C:\Program Files\dotnet\sdk\10.0.101\Sdks\Microsoft.NET.Sdk\targets\Microsoft.NET.Sdk.targets(44,5): message : Property reassignment: $(_GenerateRuntimeConfigurationPropertyInputsCache)="C:\Users\giris\Documents\Code\Redesign-POS\Windows Based POS\Magidesk\obj\Debug\net8.0-windows10.0.19041.0\Magidesk.Presentation.genruntimeconfig.cache" (previous value: "obj\Debug\net8.0-windows10.0.19041.0\Magidesk.Presentation.genruntimeconfig.cache") at C:\Program Files\dotnet\sdk\10.0.101\Sdks\Microsoft.NET.Sdk\targets\Microsoft.NET.Sdk.targets (44,5)
       C:\Program Files\dotnet\sdk\10.0.101\Sdks\Microsoft.NET.Sdk\targets\Microsoft.NET.Sdk.targets(46,5): message : Property reassignment: $(_GeneratePublishDependencyFilePropertyInputsCache)="C:\Users\giris\Documents\Code\Redesign-POS\Windows Based POS\Magidesk\obj\Debug\net8.0-windows10.0.19041.0\Magidesk.Presentation.genpublishdeps.cache" (previous value: "obj\Debug\net8.0-windows10.0.19041.0\Magidesk.Presentation.genpublishdeps.cache") at C:\Program Files\dotnet\sdk\10.0.101\Sdks\Microsoft.NET.Sdk\targets\Microsoft.NET.Sdk.targets (46,5)
       C:\Program Files\dotnet\sdk\10.0.101\Sdks\Microsoft.NET.Sdk\targets\Microsoft.NET.Sdk.targets(48,5): message : Property reassignment: $(_GenerateSingleFileBundlePropertyInputsCache)="C:\Users\giris\Documents\Code\Redesign-POS\Windows Based POS\Magidesk\obj\Debug\net8.0-windows10.0.19041.0\Magidesk.Presentation.genbundle.cache" (previous value: "obj\Debug\net8.0-windows10.0.19041.0\Magidesk.Presentation.genbundle.cache") at C:\Program Files\dotnet\sdk\10.0.101\Sdks\Microsoft.NET.Sdk\targets\Microsoft.NET.Sdk.targets (48,5)
       C:\Program Files\dotnet\sdk\10.0.101\Sdks\Microsoft.NET.Sdk\targets\Microsoft.NET.Sdk.targets(81,5): message : Property reassignment: $(GenerateRuntimeConfigDevFile)="false" (previous value: "true") at C:\Program Files\dotnet\sdk\10.0.101\Sdks\Microsoft.NET.Sdk\targets\Microsoft.NET.Sdk.targets (81,5)
       C:\Program Files\dotnet\sdk\10.0.101\Sdks\Microsoft.NET.Sdk\targets\Microsoft.NET.Sdk.targets(98,5): message : Property reassignment: $(_DefaultUserProfileRuntimeStorePath)="C:\Users\giris" (previous value: "") at C:\Program Files\dotnet\sdk\10.0.101\Sdks\Microsoft.NET.Sdk\targets\Microsoft.NET.Sdk.targets (98,5)
       C:\Program Files\dotnet\sdk\10.0.101\Sdks\Microsoft.NET.Sdk\targets\Microsoft.NET.Sdk.targets(99,5): message : Property reassignment: $(_DefaultUserProfileRuntimeStorePath)="C:\Users\giris\.dotnet\store" (previous value: "C:\Users\giris") at C:\Program Files\dotnet\sdk\10.0.101\Sdks\Microsoft.NET.Sdk\targets\Microsoft.NET.Sdk.targets (99,5)
       C:\Program Files\dotnet\sdk\10.0.101\Sdks\Microsoft.NET.Sdk\targets\Microsoft.NET.Sdk.targets(144,5): message : Property reassignment: $(AvailablePlatforms)="Any CPU,x86,x64,ARM32" (previous value: "Any CPU,x86,x64") at C:\Program Files\dotnet\sdk\10.0.101\Sdks\Microsoft.NET.Sdk\targets\Microsoft.NET.Sdk.targets (144,5)
       C:\Program Files\dotnet\sdk\10.0.101\Sdks\Microsoft.NET.Sdk\targets\Microsoft.NET.Sdk.targets(148,5): message : Property reassignment: $(AvailablePlatforms)="Any CPU,x86,x64,ARM32,ARM64" (previous value: "Any CPU,x86,x64,ARM32") at C:\Program Files\dotnet\sdk\10.0.101\Sdks\Microsoft.NET.Sdk\targets\Microsoft.NET.Sdk.targets (148,5)
       C:\Program Files\dotnet\sdk\10.0.101\Sdks\Microsoft.NET.Sdk\targets\Microsoft.NET.Sdk.targets(204,5): message : Property reassignment: $(CoreBuildDependsOn)="
       C:\Program Files\dotnet\sdk\10.0.101\Sdks\Microsoft.NET.Sdk\targets\Microsoft.NET.Sdk.targets(204,5): message :       _CheckForBuildWithNoBuild;
       C:\Program Files\dotnet\sdk\10.0.101\Sdks\Microsoft.NET.Sdk\targets\Microsoft.NET.Sdk.targets(204,5): message :       
       C:\Program Files\dotnet\sdk\10.0.101\Sdks\Microsoft.NET.Sdk\targets\Microsoft.NET.Sdk.targets(204,5): message :       BuildOnlySettings;
       C:\Program Files\dotnet\sdk\10.0.101\Sdks\Microsoft.NET.Sdk\targets\Microsoft.NET.Sdk.targets(204,5): message :       PrepareForBuild;
       C:\Program Files\dotnet\sdk\10.0.101\Sdks\Microsoft.NET.Sdk\targets\Microsoft.NET.Sdk.targets(204,5): message :       PreBuildEvent;
       C:\Program Files\dotnet\sdk\10.0.101\Sdks\Microsoft.NET.Sdk\targets\Microsoft.NET.Sdk.targets(204,5): message :       ResolveReferences;
       C:\Program Files\dotnet\sdk\10.0.101\Sdks\Microsoft.NET.Sdk\targets\Microsoft.NET.Sdk.targets(204,5): message :       PrepareResources;
       C:\Program Files\dotnet\sdk\10.0.101\Sdks\Microsoft.NET.Sdk\targets\Microsoft.NET.Sdk.targets(204,5): message :       ResolveKeySource;
       C:\Program Files\dotnet\sdk\10.0.101\Sdks\Microsoft.NET.Sdk\targets\Microsoft.NET.Sdk.targets(204,5): message :       Compile;
       C:\Program Files\dotnet\sdk\10.0.101\Sdks\Microsoft.NET.Sdk\targets\Microsoft.NET.Sdk.targets(204,5): message :       ExportWindowsMDFile;
       C:\Program Files\dotnet\sdk\10.0.101\Sdks\Microsoft.NET.Sdk\targets\Microsoft.NET.Sdk.targets(204,5): message :       UnmanagedUnregistration;
       C:\Program Files\dotnet\sdk\10.0.101\Sdks\Microsoft.NET.Sdk\targets\Microsoft.NET.Sdk.targets(204,5): message :       GenerateSerializationAssemblies;
       C:\Program Files\dotnet\sdk\10.0.101\Sdks\Microsoft.NET.Sdk\targets\Microsoft.NET.Sdk.targets(204,5): message :       CreateSatelliteAssemblies;
       C:\Program Files\dotnet\sdk\10.0.101\Sdks\Microsoft.NET.Sdk\targets\Microsoft.NET.Sdk.targets(204,5): message :       GenerateManifests;
       C:\Program Files\dotnet\sdk\10.0.101\Sdks\Microsoft.NET.Sdk\targets\Microsoft.NET.Sdk.targets(204,5): message :       GetTargetPath;
       C:\Program Files\dotnet\sdk\10.0.101\Sdks\Microsoft.NET.Sdk\targets\Microsoft.NET.Sdk.targets(204,5): message :       PrepareForRun;
       C:\Program Files\dotnet\sdk\10.0.101\Sdks\Microsoft.NET.Sdk\targets\Microsoft.NET.Sdk.targets(204,5): message :       UnmanagedRegistration;
       C:\Program Files\dotnet\sdk\10.0.101\Sdks\Microsoft.NET.Sdk\targets\Microsoft.NET.Sdk.targets(204,5): message :       IncrementalClean;
       C:\Program Files\dotnet\sdk\10.0.101\Sdks\Microsoft.NET.Sdk\targets\Microsoft.NET.Sdk.targets(204,5): message :       PostBuildEvent
       C:\Program Files\dotnet\sdk\10.0.101\Sdks\Microsoft.NET.Sdk\targets\Microsoft.NET.Sdk.targets(204,5): message :     ;
       C:\Program Files\dotnet\sdk\10.0.101\Sdks\Microsoft.NET.Sdk\targets\Microsoft.NET.Sdk.targets(204,5): message :       GenerateBuildDependencyFile;
       C:\Program Files\dotnet\sdk\10.0.101\Sdks\Microsoft.NET.Sdk\targets\Microsoft.NET.Sdk.targets(204,5): message :       GenerateBuildRuntimeConfigurationFiles
       C:\Program Files\dotnet\sdk\10.0.101\Sdks\Microsoft.NET.Sdk\targets\Microsoft.NET.Sdk.targets(204,5): message :     " (previous value: "
       C:\Program Files\dotnet\sdk\10.0.101\Sdks\Microsoft.NET.Sdk\targets\Microsoft.NET.Sdk.targets(204,5): message :       BuildOnlySettings;
       C:\Program Files\dotnet\sdk\10.0.101\Sdks\Microsoft.NET.Sdk\targets\Microsoft.NET.Sdk.targets(204,5): message :       PrepareForBuild;
       C:\Program Files\dotnet\sdk\10.0.101\Sdks\Microsoft.NET.Sdk\targets\Microsoft.NET.Sdk.targets(204,5): message :       PreBuildEvent;
       C:\Program Files\dotnet\sdk\10.0.101\Sdks\Microsoft.NET.Sdk\targets\Microsoft.NET.Sdk.targets(204,5): message :       ResolveReferences;
       C:\Program Files\dotnet\sdk\10.0.101\Sdks\Microsoft.NET.Sdk\targets\Microsoft.NET.Sdk.targets(204,5): message :       PrepareResources;
       C:\Program Files\dotnet\sdk\10.0.101\Sdks\Microsoft.NET.Sdk\targets\Microsoft.NET.Sdk.targets(204,5): message :       ResolveKeySource;
       C:\Program Files\dotnet\sdk\10.0.101\Sdks\Microsoft.NET.Sdk\targets\Microsoft.NET.Sdk.targets(204,5): message :       Compile;
       C:\Program Files\dotnet\sdk\10.0.101\Sdks\Microsoft.NET.Sdk\targets\Microsoft.NET.Sdk.targets(204,5): message :       ExportWindowsMDFile;
       C:\Program Files\dotnet\sdk\10.0.101\Sdks\Microsoft.NET.Sdk\targets\Microsoft.NET.Sdk.targets(204,5): message :       UnmanagedUnregistration;
       C:\Program Files\dotnet\sdk\10.0.101\Sdks\Microsoft.NET.Sdk\targets\Microsoft.NET.Sdk.targets(204,5): message :       GenerateSerializationAssemblies;
       C:\Program Files\dotnet\sdk\10.0.101\Sdks\Microsoft.NET.Sdk\targets\Microsoft.NET.Sdk.targets(204,5): message :       CreateSatelliteAssemblies;
       C:\Program Files\dotnet\sdk\10.0.101\Sdks\Microsoft.NET.Sdk\targets\Microsoft.NET.Sdk.targets(204,5): message :       GenerateManifests;
       C:\Program Files\dotnet\sdk\10.0.101\Sdks\Microsoft.NET.Sdk\targets\Microsoft.NET.Sdk.targets(204,5): message :       GetTargetPath;
       C:\Program Files\dotnet\sdk\10.0.101\Sdks\Microsoft.NET.Sdk\targets\Microsoft.NET.Sdk.targets(204,5): message :       PrepareForRun;
       C:\Program Files\dotnet\sdk\10.0.101\Sdks\Microsoft.NET.Sdk\targets\Microsoft.NET.Sdk.targets(204,5): message :       UnmanagedRegistration;
       C:\Program Files\dotnet\sdk\10.0.101\Sdks\Microsoft.NET.Sdk\targets\Microsoft.NET.Sdk.targets(204,5): message :       IncrementalClean;
       C:\Program Files\dotnet\sdk\10.0.101\Sdks\Microsoft.NET.Sdk\targets\Microsoft.NET.Sdk.targets(204,5): message :       PostBuildEvent
       C:\Program Files\dotnet\sdk\10.0.101\Sdks\Microsoft.NET.Sdk\targets\Microsoft.NET.Sdk.targets(204,5): message :     ") at C:\Program Files\dotnet\sdk\10.0.101\Sdks\Microsoft.NET.Sdk\targets\Microsoft.NET.Sdk.targets (204,5)
       C:\Program Files\dotnet\sdk\10.0.101\Sdks\Microsoft.NET.Sdk\targets\Microsoft.NET.Sdk.targets(213,5): message : Property reassignment: $(CoreCleanDependsOn)="
       C:\Program Files\dotnet\sdk\10.0.101\Sdks\Microsoft.NET.Sdk\targets\Microsoft.NET.Sdk.targets(213,5): message :       _SdkBeforeClean;
       C:\Program Files\dotnet\sdk\10.0.101\Sdks\Microsoft.NET.Sdk\targets\Microsoft.NET.Sdk.targets(213,5): message :       
       C:\Program Files\dotnet\sdk\10.0.101\Sdks\Microsoft.NET.Sdk\targets\Microsoft.NET.Sdk.targets(213,5): message :     " (previous value: "") at C:\Program Files\dotnet\sdk\10.0.101\Sdks\Microsoft.NET.Sdk\targets\Microsoft.NET.Sdk.targets (213,5)
       C:\Program Files\dotnet\sdk\10.0.101\Sdks\Microsoft.NET.Sdk\targets\Microsoft.NET.Sdk.targets(220,5): message : Property reassignment: $(RebuildDependsOn)="
       C:\Program Files\dotnet\sdk\10.0.101\Sdks\Microsoft.NET.Sdk\targets\Microsoft.NET.Sdk.targets(220,5): message :       _SdkBeforeRebuild;
       C:\Program Files\dotnet\sdk\10.0.101\Sdks\Microsoft.NET.Sdk\targets\Microsoft.NET.Sdk.targets(220,5): message :       
       C:\Program Files\dotnet\sdk\10.0.101\Sdks\Microsoft.NET.Sdk\targets\Microsoft.NET.Sdk.targets(220,5): message :       BeforeRebuild;
       C:\Program Files\dotnet\sdk\10.0.101\Sdks\Microsoft.NET.Sdk\targets\Microsoft.NET.Sdk.targets(220,5): message :       Clean;
       C:\Program Files\dotnet\sdk\10.0.101\Sdks\Microsoft.NET.Sdk\targets\Microsoft.NET.Sdk.targets(220,5): message :       Build;
       C:\Program Files\dotnet\sdk\10.0.101\Sdks\Microsoft.NET.Sdk\targets\Microsoft.NET.Sdk.targets(220,5): message :       AfterRebuild;
       C:\Program Files\dotnet\sdk\10.0.101\Sdks\Microsoft.NET.Sdk\targets\Microsoft.NET.Sdk.targets(220,5): message :     
       C:\Program Files\dotnet\sdk\10.0.101\Sdks\Microsoft.NET.Sdk\targets\Microsoft.NET.Sdk.targets(220,5): message :     " (previous value: "
       C:\Program Files\dotnet\sdk\10.0.101\Sdks\Microsoft.NET.Sdk\targets\Microsoft.NET.Sdk.targets(220,5): message :       BeforeRebuild;
       C:\Program Files\dotnet\sdk\10.0.101\Sdks\Microsoft.NET.Sdk\targets\Microsoft.NET.Sdk.targets(220,5): message :       Clean;
       C:\Program Files\dotnet\sdk\10.0.101\Sdks\Microsoft.NET.Sdk\targets\Microsoft.NET.Sdk.targets(220,5): message :       Build;
       C:\Program Files\dotnet\sdk\10.0.101\Sdks\Microsoft.NET.Sdk\targets\Microsoft.NET.Sdk.targets(220,5): message :       AfterRebuild;
       C:\Program Files\dotnet\sdk\10.0.101\Sdks\Microsoft.NET.Sdk\targets\Microsoft.NET.Sdk.targets(220,5): message :     ") at C:\Program Files\dotnet\sdk\10.0.101\Sdks\Microsoft.NET.Sdk\targets\Microsoft.NET.Sdk.targets (220,5)
       C:\Program Files\dotnet\sdk\10.0.101\Sdks\Microsoft.NET.Sdk\targets\Microsoft.NET.Sdk.targets(799,5): message : Property reassignment: $(CompileDependsOn)="
       C:\Program Files\dotnet\sdk\10.0.101\Sdks\Microsoft.NET.Sdk\targets\Microsoft.NET.Sdk.targets(799,5): message :       
       C:\Program Files\dotnet\sdk\10.0.101\Sdks\Microsoft.NET.Sdk\targets\Microsoft.NET.Sdk.targets(799,5): message :       ResolveReferences;
       C:\Program Files\dotnet\sdk\10.0.101\Sdks\Microsoft.NET.Sdk\targets\Microsoft.NET.Sdk.targets(799,5): message :       ResolveKeySource;
       C:\Program Files\dotnet\sdk\10.0.101\Sdks\Microsoft.NET.Sdk\targets\Microsoft.NET.Sdk.targets(799,5): message :       SetWin32ManifestProperties;
       C:\Program Files\dotnet\sdk\10.0.101\Sdks\Microsoft.NET.Sdk\targets\Microsoft.NET.Sdk.targets(799,5): message :       _SetPreferNativeArm64Win32ManifestProperties;
       C:\Program Files\dotnet\sdk\10.0.101\Sdks\Microsoft.NET.Sdk\targets\Microsoft.NET.Sdk.targets(799,5): message :       FindReferenceAssembliesForReferences;
       C:\Program Files\dotnet\sdk\10.0.101\Sdks\Microsoft.NET.Sdk\targets\Microsoft.NET.Sdk.targets(799,5): message :       _GenerateCompileInputs;
       C:\Program Files\dotnet\sdk\10.0.101\Sdks\Microsoft.NET.Sdk\targets\Microsoft.NET.Sdk.targets(799,5): message :       BeforeCompile;
       C:\Program Files\dotnet\sdk\10.0.101\Sdks\Microsoft.NET.Sdk\targets\Microsoft.NET.Sdk.targets(799,5): message :       _TimeStampBeforeCompile;
       C:\Program Files\dotnet\sdk\10.0.101\Sdks\Microsoft.NET.Sdk\targets\Microsoft.NET.Sdk.targets(799,5): message :       _GenerateCompileDependencyCache;
       C:\Program Files\dotnet\sdk\10.0.101\Sdks\Microsoft.NET.Sdk\targets\Microsoft.NET.Sdk.targets(799,5): message :       CoreCompile;
       C:\Program Files\dotnet\sdk\10.0.101\Sdks\Microsoft.NET.Sdk\targets\Microsoft.NET.Sdk.targets(799,5): message :       _TimeStampAfterCompile;
       C:\Program Files\dotnet\sdk\10.0.101\Sdks\Microsoft.NET.Sdk\targets\Microsoft.NET.Sdk.targets(799,5): message :       AfterCompile;
       C:\Program Files\dotnet\sdk\10.0.101\Sdks\Microsoft.NET.Sdk\targets\Microsoft.NET.Sdk.targets(799,5): message :     ;
       C:\Program Files\dotnet\sdk\10.0.101\Sdks\Microsoft.NET.Sdk\targets\Microsoft.NET.Sdk.targets(799,5): message :       _CreateAppHost;
       C:\Program Files\dotnet\sdk\10.0.101\Sdks\Microsoft.NET.Sdk\targets\Microsoft.NET.Sdk.targets(799,5): message :       _CreateComHost;
       C:\Program Files\dotnet\sdk\10.0.101\Sdks\Microsoft.NET.Sdk\targets\Microsoft.NET.Sdk.targets(799,5): message :       _GetIjwHostPaths;
       C:\Program Files\dotnet\sdk\10.0.101\Sdks\Microsoft.NET.Sdk\targets\Microsoft.NET.Sdk.targets(799,5): message :     " (previous value: "
       C:\Program Files\dotnet\sdk\10.0.101\Sdks\Microsoft.NET.Sdk\targets\Microsoft.NET.Sdk.targets(799,5): message :       ResolveReferences;
       C:\Program Files\dotnet\sdk\10.0.101\Sdks\Microsoft.NET.Sdk\targets\Microsoft.NET.Sdk.targets(799,5): message :       ResolveKeySource;
       C:\Program Files\dotnet\sdk\10.0.101\Sdks\Microsoft.NET.Sdk\targets\Microsoft.NET.Sdk.targets(799,5): message :       SetWin32ManifestProperties;
       C:\Program Files\dotnet\sdk\10.0.101\Sdks\Microsoft.NET.Sdk\targets\Microsoft.NET.Sdk.targets(799,5): message :       _SetPreferNativeArm64Win32ManifestProperties;
       C:\Program Files\dotnet\sdk\10.0.101\Sdks\Microsoft.NET.Sdk\targets\Microsoft.NET.Sdk.targets(799,5): message :       FindReferenceAssembliesForReferences;
       C:\Program Files\dotnet\sdk\10.0.101\Sdks\Microsoft.NET.Sdk\targets\Microsoft.NET.Sdk.targets(799,5): message :       _GenerateCompileInputs;
       C:\Program Files\dotnet\sdk\10.0.101\Sdks\Microsoft.NET.Sdk\targets\Microsoft.NET.Sdk.targets(799,5): message :       BeforeCompile;
       C:\Program Files\dotnet\sdk\10.0.101\Sdks\Microsoft.NET.Sdk\targets\Microsoft.NET.Sdk.targets(799,5): message :       _TimeStampBeforeCompile;
       C:\Program Files\dotnet\sdk\10.0.101\Sdks\Microsoft.NET.Sdk\targets\Microsoft.NET.Sdk.targets(799,5): message :       _GenerateCompileDependencyCache;
       C:\Program Files\dotnet\sdk\10.0.101\Sdks\Microsoft.NET.Sdk\targets\Microsoft.NET.Sdk.targets(799,5): message :       CoreCompile;
       C:\Program Files\dotnet\sdk\10.0.101\Sdks\Microsoft.NET.Sdk\targets\Microsoft.NET.Sdk.targets(799,5): message :       _TimeStampAfterCompile;
       C:\Program Files\dotnet\sdk\10.0.101\Sdks\Microsoft.NET.Sdk\targets\Microsoft.NET.Sdk.targets(799,5): message :       AfterCompile;
       C:\Program Files\dotnet\sdk\10.0.101\Sdks\Microsoft.NET.Sdk\targets\Microsoft.NET.Sdk.targets(799,5): message :     ") at C:\Program Files\dotnet\sdk\10.0.101\Sdks\Microsoft.NET.Sdk\targets\Microsoft.NET.Sdk.targets (799,5)
       C:\Program Files\dotnet\sdk\10.0.101\Sdks\Microsoft.NET.Sdk\targets\Microsoft.NET.Sdk.targets(1131,5): message : Property reassignment: $(CreateSatelliteAssembliesDependsOn)="
       C:\Program Files\dotnet\sdk\10.0.101\Sdks\Microsoft.NET.Sdk\targets\Microsoft.NET.Sdk.targets(1131,5): message :       
       C:\Program Files\dotnet\sdk\10.0.101\Sdks\Microsoft.NET.Sdk\targets\Microsoft.NET.Sdk.targets(1131,5): message :       ;
       C:\Program Files\dotnet\sdk\10.0.101\Sdks\Microsoft.NET.Sdk\targets\Microsoft.NET.Sdk.targets(1131,5): message :       _GenerateSatelliteAssemblyInputs;
       C:\Program Files\dotnet\sdk\10.0.101\Sdks\Microsoft.NET.Sdk\targets\Microsoft.NET.Sdk.targets(1131,5): message :       ComputeIntermediateSatelliteAssemblies;
       C:\Program Files\dotnet\sdk\10.0.101\Sdks\Microsoft.NET.Sdk\targets\Microsoft.NET.Sdk.targets(1131,5): message :       GenerateSatelliteAssemblies
       C:\Program Files\dotnet\sdk\10.0.101\Sdks\Microsoft.NET.Sdk\targets\Microsoft.NET.Sdk.targets(1131,5): message :     ;
       C:\Program Files\dotnet\sdk\10.0.101\Sdks\Microsoft.NET.Sdk\targets\Microsoft.NET.Sdk.targets(1131,5): message :       CoreGenerateSatelliteAssemblies
       C:\Program Files\dotnet\sdk\10.0.101\Sdks\Microsoft.NET.Sdk\targets\Microsoft.NET.Sdk.targets(1131,5): message :     " (previous value: "
       C:\Program Files\dotnet\sdk\10.0.101\Sdks\Microsoft.NET.Sdk\targets\Microsoft.NET.Sdk.targets(1131,5): message :       ;
       C:\Program Files\dotnet\sdk\10.0.101\Sdks\Microsoft.NET.Sdk\targets\Microsoft.NET.Sdk.targets(1131,5): message :       _GenerateSatelliteAssemblyInputs;
       C:\Program Files\dotnet\sdk\10.0.101\Sdks\Microsoft.NET.Sdk\targets\Microsoft.NET.Sdk.targets(1131,5): message :       ComputeIntermediateSatelliteAssemblies;
       C:\Program Files\dotnet\sdk\10.0.101\Sdks\Microsoft.NET.Sdk\targets\Microsoft.NET.Sdk.targets(1131,5): message :       GenerateSatelliteAssemblies
       C:\Program Files\dotnet\sdk\10.0.101\Sdks\Microsoft.NET.Sdk\targets\Microsoft.NET.Sdk.targets(1131,5): message :     ") at C:\Program Files\dotnet\sdk\10.0.101\Sdks\Microsoft.NET.Sdk\targets\Microsoft.NET.Sdk.targets (1131,5)
       C:\Program Files\dotnet\sdk\10.0.101\Sdks\Microsoft.SourceLink.GitLab\build\Microsoft.SourceLink.GitLab.targets(12,5): message : Property reassignment: $(SourceLinkUrlInitializerTargets)=";_InitializeGitHubSourceLinkUrl;_InitializeGitLabSourceLinkUrl" (previous value: ";_InitializeGitHubSourceLinkUrl") at C:\Program Files\dotnet\sdk\10.0.101\Sdks\Microsoft.SourceLink.GitLab\build\Microsoft.SourceLink.GitLab.targets (12,5)
       C:\Program Files\dotnet\sdk\10.0.101\Sdks\Microsoft.SourceLink.GitLab\build\Microsoft.SourceLink.GitLab.targets(13,5): message : Property reassignment: $(SourceControlManagerUrlTranslationTargets)=";TranslateGitHubUrlsInSourceControlInformation;TranslateGitLabUrlsInSourceControlInformation" (previous value: ";TranslateGitHubUrlsInSourceControlInformation") at C:\Program Files\dotnet\sdk\10.0.101\Sdks\Microsoft.SourceLink.GitLab\build\Microsoft.SourceLink.GitLab.targets (13,5)
       C:\Program Files\dotnet\sdk\10.0.101\Sdks\Microsoft.SourceLink.AzureRepos.Git\build\Microsoft.SourceLink.AzureRepos.Git.targets(12,5): message : Property reassignment: $(SourceLinkUrlInitializerTargets)=";_InitializeGitHubSourceLinkUrl;_InitializeGitLabSourceLinkUrl;_InitializeAzureReposGitSourceLinkUrl" (previous value: ";_InitializeGitHubSourceLinkUrl;_InitializeGitLabSourceLinkUrl") at C:\Program Files\dotnet\sdk\10.0.101\Sdks\Microsoft.SourceLink.AzureRepos.Git\build\Microsoft.SourceLink.AzureRepos.Git.targets (12,5)
       C:\Program Files\dotnet\sdk\10.0.101\Sdks\Microsoft.SourceLink.AzureRepos.Git\build\Microsoft.SourceLink.AzureRepos.Git.targets(13,5): message : Property reassignment: $(SourceControlManagerUrlTranslationTargets)=";TranslateGitHubUrlsInSourceControlInformation;TranslateGitLabUrlsInSourceControlInformation;TranslateAzureReposGitUrlsInSourceControlInformation" (previous value: ";TranslateGitHubUrlsInSourceControlInformation;TranslateGitLabUrlsInSourceControlInformation") at C:\Program Files\dotnet\sdk\10.0.101\Sdks\Microsoft.SourceLink.AzureRepos.Git\build\Microsoft.SourceLink.AzureRepos.Git.targets (13,5)
       C:\Program Files\dotnet\sdk\10.0.101\Sdks\Microsoft.SourceLink.Bitbucket.Git\build\Microsoft.SourceLink.Bitbucket.Git.targets(12,5): message : Property reassignment: $(SourceLinkUrlInitializerTargets)=";_InitializeGitHubSourceLinkUrl;_InitializeGitLabSourceLinkUrl;_InitializeAzureReposGitSourceLinkUrl;_InitializeBitbucketGitSourceLinkUrl" (previous value: ";_InitializeGitHubSourceLinkUrl;_InitializeGitLabSourceLinkUrl;_InitializeAzureReposGitSourceLinkUrl") at C:\Program Files\dotnet\sdk\10.0.101\Sdks\Microsoft.SourceLink.Bitbucket.Git\build\Microsoft.SourceLink.Bitbucket.Git.targets (12,5)
       C:\Program Files\dotnet\sdk\10.0.101\Sdks\Microsoft.SourceLink.Bitbucket.Git\build\Microsoft.SourceLink.Bitbucket.Git.targets(13,5): message : Property reassignment: $(SourceControlManagerUrlTranslationTargets)=";TranslateGitHubUrlsInSourceControlInformation;TranslateGitLabUrlsInSourceControlInformation;TranslateAzureReposGitUrlsInSourceControlInformation;TranslateBitbucketGitUrlsInSourceControlInformation" (previous value: ";TranslateGitHubUrlsInSourceControlInformation;TranslateGitLabUrlsInSourceControlInformation;TranslateAzureReposGitUrlsInSourceControlInformation") at C:\Program Files\dotnet\sdk\10.0.101\Sdks\Microsoft.SourceLink.Bitbucket.Git\build\Microsoft.SourceLink.Bitbucket.Git.targets (13,5)
       C:\Program Files\dotnet\sdk\10.0.101\Sdks\Microsoft.NET.Sdk\targets\Microsoft.NET.DesignerSupport.targets(21,5): message : Property reassignment: $(DesignerRuntimeImplementationProjectOutputGroupDependsOn)="
       C:\Program Files\dotnet\sdk\10.0.101\Sdks\Microsoft.NET.Sdk\targets\Microsoft.NET.DesignerSupport.targets(21,5): message :       
       C:\Program Files\dotnet\sdk\10.0.101\Sdks\Microsoft.NET.Sdk\targets\Microsoft.NET.DesignerSupport.targets(21,5): message :       ;
       C:\Program Files\dotnet\sdk\10.0.101\Sdks\Microsoft.NET.Sdk\targets\Microsoft.NET.DesignerSupport.targets(21,5): message :       
       C:\Program Files\dotnet\sdk\10.0.101\Sdks\Microsoft.NET.Sdk\targets\Microsoft.NET.DesignerSupport.targets(21,5): message :       ;
       C:\Program Files\dotnet\sdk\10.0.101\Sdks\Microsoft.NET.Sdk\targets\Microsoft.NET.DesignerSupport.targets(21,5): message :       BuildOnlySettings;
       C:\Program Files\dotnet\sdk\10.0.101\Sdks\Microsoft.NET.Sdk\targets\Microsoft.NET.DesignerSupport.targets(21,5): message :       PrepareForBuild;
       C:\Program Files\dotnet\sdk\10.0.101\Sdks\Microsoft.NET.Sdk\targets\Microsoft.NET.DesignerSupport.targets(21,5): message :       AssignTargetPaths;
       C:\Program Files\dotnet\sdk\10.0.101\Sdks\Microsoft.NET.Sdk\targets\Microsoft.NET.DesignerSupport.targets(21,5): message :       ResolveReferences
       C:\Program Files\dotnet\sdk\10.0.101\Sdks\Microsoft.NET.Sdk\targets\Microsoft.NET.DesignerSupport.targets(21,5): message :     
       C:\Program Files\dotnet\sdk\10.0.101\Sdks\Microsoft.NET.Sdk\targets\Microsoft.NET.DesignerSupport.targets(21,5): message :     ;
       C:\Program Files\dotnet\sdk\10.0.101\Sdks\Microsoft.NET.Sdk\targets\Microsoft.NET.DesignerSupport.targets(21,5): message :       _GenerateDesignerDepsFile;
       C:\Program Files\dotnet\sdk\10.0.101\Sdks\Microsoft.NET.Sdk\targets\Microsoft.NET.DesignerSupport.targets(21,5): message :       _GenerateDesignerRuntimeConfigFile;
       C:\Program Files\dotnet\sdk\10.0.101\Sdks\Microsoft.NET.Sdk\targets\Microsoft.NET.DesignerSupport.targets(21,5): message :       GetCopyToOutputDirectoryItems;
       C:\Program Files\dotnet\sdk\10.0.101\Sdks\Microsoft.NET.Sdk\targets\Microsoft.NET.DesignerSupport.targets(21,5): message :       _GatherDesignerShadowCopyFiles;
       C:\Program Files\dotnet\sdk\10.0.101\Sdks\Microsoft.NET.Sdk\targets\Microsoft.NET.DesignerSupport.targets(21,5): message :     " (previous value: "
       C:\Program Files\dotnet\sdk\10.0.101\Sdks\Microsoft.NET.Sdk\targets\Microsoft.NET.DesignerSupport.targets(21,5): message :       ;
       C:\Program Files\dotnet\sdk\10.0.101\Sdks\Microsoft.NET.Sdk\targets\Microsoft.NET.DesignerSupport.targets(21,5): message :       
       C:\Program Files\dotnet\sdk\10.0.101\Sdks\Microsoft.NET.Sdk\targets\Microsoft.NET.DesignerSupport.targets(21,5): message :       ;
       C:\Program Files\dotnet\sdk\10.0.101\Sdks\Microsoft.NET.Sdk\targets\Microsoft.NET.DesignerSupport.targets(21,5): message :       BuildOnlySettings;
       C:\Program Files\dotnet\sdk\10.0.101\Sdks\Microsoft.NET.Sdk\targets\Microsoft.NET.DesignerSupport.targets(21,5): message :       PrepareForBuild;
       C:\Program Files\dotnet\sdk\10.0.101\Sdks\Microsoft.NET.Sdk\targets\Microsoft.NET.DesignerSupport.targets(21,5): message :       AssignTargetPaths;
       C:\Program Files\dotnet\sdk\10.0.101\Sdks\Microsoft.NET.Sdk\targets\Microsoft.NET.DesignerSupport.targets(21,5): message :       ResolveReferences
       C:\Program Files\dotnet\sdk\10.0.101\Sdks\Microsoft.NET.Sdk\targets\Microsoft.NET.DesignerSupport.targets(21,5): message :     
       C:\Program Files\dotnet\sdk\10.0.101\Sdks\Microsoft.NET.Sdk\targets\Microsoft.NET.DesignerSupport.targets(21,5): message :     ") at C:\Program Files\dotnet\sdk\10.0.101\Sdks\Microsoft.NET.Sdk\targets\Microsoft.NET.DesignerSupport.targets (21,5)
       C:\Program Files\dotnet\sdk\10.0.101\Sdks\Microsoft.NET.Sdk\targets\Microsoft.NET.Sdk.CSharp.targets(31,5): message : Property reassignment: $(DefineConstants)="TRACE;MICROSOFT_WINDOWSAPPSDK_BOOTSTRAP_AUTO_INITIALIZE;MICROSOFT_WINDOWSAPPSDK_AUTOINITIALIZE_BOOTSTRAP;DEBUG" (previous value: "TRACE;MICROSOFT_WINDOWSAPPSDK_BOOTSTRAP_AUTO_INITIALIZE;MICROSOFT_WINDOWSAPPSDK_AUTOINITIALIZE_BOOTSTRAP") at C:\Program Files\dotnet\sdk\10.0.101\Sdks\Microsoft.NET.Sdk\targets\Microsoft.NET.Sdk.CSharp.targets (31,5)
       C:\Program Files\dotnet\sdk\10.0.101\Sdks\Microsoft.NET.Sdk\targets\Microsoft.NET.Sdk.CSharp.targets(45,5): message : Property reassignment: $(WarningsAsErrors)=";NU1605;SYSLIB0011" (previous value: ";NU1605") at C:\Program Files\dotnet\sdk\10.0.101\Sdks\Microsoft.NET.Sdk\targets\Microsoft.NET.Sdk.CSharp.targets (45,5)
       C:\Program Files\dotnet\sdk\10.0.101\Sdks\Microsoft.NET.Sdk\targets\Microsoft.NET.Windows.targets(239,5): message : Property reassignment: $(_RunCsWinRTGeneratorPropertyInputsCachePath)="C:\Users\giris\Documents\Code\Redesign-POS\Windows Based POS\Magidesk\obj\Debug\net8.0-windows10.0.19041.0\Magidesk.Presentation.cswinrtgen.cache" (previous value: "obj\Debug\net8.0-windows10.0.19041.0\Magidesk.Presentation.cswinrtgen.cache") at C:\Program Files\dotnet\sdk\10.0.101\Sdks\Microsoft.NET.Sdk\targets\Microsoft.NET.Windows.targets (239,5)
       C:\Program Files\dotnet\sdk\10.0.101\NuGet.Build.Tasks.Pack.targets(34,5): message : Property reassignment: $(PackageDescription)="Package Description" (previous value: "") at C:\Program Files\dotnet\sdk\10.0.101\NuGet.Build.Tasks.Pack.targets (34,5)
       C:\Program Files\dotnet\sdk\10.0.101\NuGet.Build.Tasks.Pack.targets(59,5): message : Property reassignment: $(GenerateNuspecDependsOn)="Build;_LoadPackInputItems; _GetTargetFrameworksOutput; _WalkEachTargetPerFramework; _GetPackageFiles; " (previous value: "_LoadPackInputItems; _GetTargetFrameworksOutput; _WalkEachTargetPerFramework; _GetPackageFiles; ") at C:\Program Files\dotnet\sdk\10.0.101\NuGet.Build.Tasks.Pack.targets (59,5)
       C:\Program Files\dotnet\sdk\10.0.101\Sdks\Microsoft.NET.Sdk\Sdk\Sdk.targets(59,5): message : Property reassignment: $(_IsNotSetContainersTargetsDir)="true" (previous value: "false") at C:\Program Files\dotnet\sdk\10.0.101\Sdks\Microsoft.NET.Sdk\Sdk\Sdk.targets (59,5)
       C:\Program Files\dotnet\sdk\10.0.101\Containers\build\Microsoft.NET.Build.Containers.targets(5,5): message : Property reassignment: $(_IsSDKContainerAllowedVersion)="true" (previous value: "false") at C:\Program Files\dotnet\sdk\10.0.101\Containers\build\Microsoft.NET.Build.Containers.targets (5,5)
       C:\Program Files\dotnet\sdk\10.0.101\Containers\build\Microsoft.NET.Build.Containers.targets(15,5): message : Property reassignment: $(_ContainerIsTargetingNet8TFM)="true" (previous value: "false") at C:\Program Files\dotnet\sdk\10.0.101\Containers\build\Microsoft.NET.Build.Containers.targets (15,5)
       Overriding target "BeforeGenerateAppxPackageRecipe" in project "C:\Users\giris\.nuget\packages\microsoft.windows.sdk.buildtools.msix\1.7.20250829.1\build\Microsoft.Windows.SDK.BuildTools.MSIX.Packaging.targets" with target "BeforeGenerateAppxPackageRecipe" from project "C:\Users\giris\.nuget\packages\microsoft.windows.sdk.buildtools.msix\1.7.20250829.1\build\Microsoft.Windows.SDK.BuildTools.MSIX.Packaging.targets".
       Overriding target "_AddWindowsInstallScriptToTestLayout" in project "C:\Users\giris\.nuget\packages\microsoft.windows.sdk.buildtools.msix\1.7.20250829.1\build\Microsoft.Windows.SDK.BuildTools.MSIX.Packaging.targets" with target "_AddWindowsInstallScriptToTestLayout" from project "C:\Users\giris\.nuget\packages\microsoft.windows.sdk.buildtools.msix\1.7.20250829.1\build\Microsoft.Windows.SDK.BuildTools.MSIX.Packaging.targets".
       Overriding target "_GetAppxManifestSchemaItems" in project "C:\Users\giris\.nuget\packages\microsoft.windows.sdk.buildtools.msix\1.7.20250829.1\build\Microsoft.Windows.SDK.BuildTools.MSIX.Packaging.targets" with target "_GetAppxManifestSchemaItems" from project "C:\Users\giris\.nuget\packages\microsoft.windows.sdk.buildtools.msix\1.7.20250829.1\build\Microsoft.Windows.SDK.BuildTools.MSIX.Packaging.targets".
       Overriding target "GetPackagingOutputs" in project "C:\Program Files\dotnet\sdk\10.0.101\Microsoft.Common.CurrentVersion.targets" with target "GetPackagingOutputs" from project "C:\Users\giris\.nuget\packages\microsoft.windows.sdk.buildtools.msix\1.7.20250829.1\build\Microsoft.Windows.SDK.BuildTools.MSIX.Packaging.targets".
       Overriding target "BeforeGenerateAppxPackageRecipe" in project "C:\Users\giris\.nuget\packages\microsoft.windows.sdk.buildtools.msix\1.7.20250829.1\build\Microsoft.Windows.SDK.BuildTools.MSIX.Packaging.targets" with target "BeforeGenerateAppxPackageRecipe" from project "C:\Users\giris\.nuget\packages\microsoft.windows.sdk.buildtools.msix\1.7.20250829.1\build\Microsoft.Windows.SDK.BuildTools.MSIX.Packaging.targets".
       Overriding target "_GetPackageArchitecture" in project "C:\Users\giris\.nuget\packages\microsoft.windows.sdk.buildtools.msix\1.7.20250829.1\build\Microsoft.Windows.SDK.BuildTools.MSIX.Packaging.targets" with target "_GetPackageArchitecture" from project "C:\Users\giris\.nuget\packages\microsoft.windows.sdk.buildtools.msix\1.7.20250829.1\build\Microsoft.Windows.SDK.BuildTools.MSIX.Packaging.targets".
       Overriding target "MsixCheckForInvalidCustomBeforeMicrosoftCommonTargets" in project "C:\Users\giris\.nuget\packages\microsoft.windows.sdk.buildtools.msix\1.7.20250829.1\build\Microsoft.Windows.SDK.BuildTools.MSIX.Common.targets" with target "MsixCheckForInvalidCustomBeforeMicrosoftCommonTargets" from project "C:\Users\giris\.nuget\packages\microsoft.windows.sdk.buildtools.msix\1.7.20250829.1\build\Microsoft.Windows.SDK.BuildTools.MSIX.targets".
       Overriding target "ResolveFrameworkReferences" in project "C:\Program Files\dotnet\sdk\10.0.101\Microsoft.Common.CurrentVersion.targets" with target "ResolveFrameworkReferences" from project "C:\Program Files\dotnet\sdk\10.0.101\Sdks\Microsoft.NET.Sdk\targets\Microsoft.NET.Sdk.FrameworkReferenceResolution.targets".
       Overriding target "GenerateSupportedTargetFrameworkAlias" in project "C:\Program Files\dotnet\sdk\10.0.101\Microsoft.Common.CurrentVersion.targets" with target "GenerateSupportedTargetFrameworkAlias" from project "C:\Program Files\dotnet\sdk\10.0.101\Sdks\Microsoft.NET.Sdk\targets\Microsoft.NET.Sdk.targets".
       Overriding target "GetReferenceAssemblyPaths" in project "C:\Program Files\dotnet\sdk\10.0.101\Microsoft.Common.CurrentVersion.targets" with target "GetReferenceAssemblyPaths" from project "C:\Program Files\dotnet\sdk\10.0.101\Sdks\Microsoft.NET.Sdk\targets\Microsoft.NET.DisableStandardFrameworkResolution.targets".
       Overriding target "GetFrameworkPaths" in project "C:\Program Files\dotnet\sdk\10.0.101\Microsoft.Common.CurrentVersion.targets" with target "GetFrameworkPaths" from project "C:\Program Files\dotnet\sdk\10.0.101\Sdks\Microsoft.NET.Sdk\targets\Microsoft.NET.DisableStandardFrameworkResolution.targets".
       Overriding target "DesignerRuntimeImplementationProjectOutputGroup" in project "C:\Program Files\dotnet\sdk\10.0.101\Microsoft.Common.CurrentVersion.targets" with target "DesignerRuntimeImplementationProjectOutputGroup" from project "C:\Program Files\dotnet\sdk\10.0.101\Sdks\Microsoft.NET.Sdk\targets\Microsoft.NET.DesignerSupport.targets".
       Overriding target "Publish" in project "C:\Program Files\dotnet\sdk\10.0.101\Microsoft.Common.CurrentVersion.targets" with target "Publish" from project "C:\Program Files\dotnet\sdk\10.0.101\Sdks\Microsoft.NET.Sdk\targets\Microsoft.NET.Publish.targets".
       Overriding target "ResolveReadyToRunCompilers" in project "C:\Program Files\dotnet\sdk\10.0.101\Sdks\Microsoft.NET.Sdk\targets\Microsoft.NET.CrossGen.targets" with target "ResolveReadyToRunCompilers" from project "C:\Program Files\dotnet\sdk\10.0.101\Sdks\Microsoft.NET.Sdk\targets\Microsoft.NET.Publish.targets".
       Overriding target "GetCopyToPublishDirectoryItems" in project "C:\Program Files\dotnet\sdk\10.0.101\Microsoft.Common.CurrentVersion.targets" with target "GetCopyToPublishDirectoryItems" from project "C:\Program Files\dotnet\sdk\10.0.101\Sdks\Microsoft.NET.Sdk\targets\Microsoft.NET.Publish.targets".
       Overriding target "Run" in project "C:\Program Files\dotnet\sdk\10.0.101\Microsoft.Common.CurrentVersion.targets" with target "Run" from project "C:\Program Files\dotnet\sdk\10.0.101\Sdks\Microsoft.NET.Sdk\targets\Microsoft.NET.Sdk.targets".
       The target "ResolveNuGetPackageAssets" listed in an AfterTargets attribute at "C:\Users\giris\.nuget\packages\system.text.json\8.0.0\buildTransitive\net6.0\System.Text.Json.targets (11,11)" does not exist in the project, and will be ignored.
       The target "ResolveNuGetPackageAssets" listed in an AfterTargets attribute at "C:\Users\giris\.nuget\packages\system.text.json\8.0.0\buildTransitive\net6.0\System.Text.Json.targets (23,11)" does not exist in the project, and will be ignored.
       The target "ResolveNuGetPackageAssets" listed in an AfterTargets attribute at "C:\Users\giris\.nuget\packages\microsoft.extensions.logging.abstractions\8.0.0\buildTransitive\net6.0\Microsoft.Extensions.Logging.Abstractions.targets (11,11)" does not exist in the project, and will be ignored.
       The target "ResolveNuGetPackageAssets" listed in an AfterTargets attribute at "C:\Users\giris\.nuget\packages\microsoft.extensions.logging.abstractions\8.0.0\buildTransitive\net6.0\Microsoft.Extensions.Logging.Abstractions.targets (23,11)" does not exist in the project, and will be ignored.
       The target "ResolveNuGetPackageAssets" listed in an AfterTargets attribute at "C:\Users\giris\.nuget\packages\microsoft.extensions.options\8.0.0\buildTransitive\net6.0\Microsoft.Extensions.Options.targets (11,11)" does not exist in the project, and will be ignored.
       The target "ResolveNuGetPackageAssets" listed in an AfterTargets attribute at "C:\Users\giris\.nuget\packages\microsoft.extensions.options\8.0.0\buildTransitive\net6.0\Microsoft.Extensions.Options.targets (23,11)" does not exist in the project, and will be ignored.
       The target "ComputeLinkedFilesToPublish" listed in an AfterTargets attribute at "C:\Users\giris\.nuget\packages\microsoft.windows.sdk.buildtools.msix\1.7.20250829.1\build\Microsoft.Windows.SDK.BuildTools.MSIX.Packaging.targets (4350,99)" does not exist in the project, and will be ignored.
       The target "ResolveNuGetPackageAssets" listed in an AfterTargets attribute at "C:\Users\giris\.nuget\packages\microsoft.windows.sdk.buildtools.msix\1.7.20250829.1\build\Microsoft.Windows.SDK.BuildTools.MSIX.Packaging.targets (4454,5)" does not exist in the project, and will be ignored.
       The target "_ConvertItems" listed in a BeforeTargets attribute at "C:\Users\giris\.nuget\packages\microsoft.windowsappsdk.base\1.8.250831001\buildTransitive\Microsoft.WindowsAppSDK.Base.targets (19,61)" does not exist in the project, and will be ignored.
       The target "_ResolveVCLibDependencies" listed in an AfterTargets attribute at "C:\Users\giris\.nuget\packages\microsoft.windowsappsdk.base\1.8.250831001\buildTransitive\Microsoft.WindowsAppSDK.Base.targets (19,91)" does not exist in the project, and will be ignored.
       The target "ResolveNuGetPackageAssets" listed in an AfterTargets attribute at "C:\Users\giris\.nuget\packages\microsoft.windowsappsdk.winui\1.8.251105000\buildTransitive\Microsoft.WinUI.AppX.targets (56,51)" does not exist in the project, and will be ignored.
       The target "_ConvertItems" listed in a BeforeTargets attribute at "C:\Users\giris\.nuget\packages\microsoft.windowsappsdk.winui\1.8.251105000\buildTransitive\Microsoft.WinUI.AppX.targets (112,7)" does not exist in the project, and will be ignored.
       The target "_ExpandProjectReferences" listed in an AfterTargets attribute at "C:\Users\giris\.nuget\packages\microsoft.windowsappsdk.winui\1.8.251105000\buildTransitive\Microsoft.WinUI.AppX.targets (113,7)" does not exist in the project, and will be ignored.
       The target "ResolveNuGetPackageAssets" listed in an AfterTargets attribute at "C:\Users\giris\.nuget\packages\microsoft.extensions.configuration.binder\8.0.0\buildTransitive\netstandard2.0\Microsoft.Extensions.Configuration.Binder.targets (9,13)" does not exist in the project, and will be ignored.
       The target "ResolveNuGetPackageAssets" listed in an AfterTargets attribute at "C:\Users\giris\.nuget\packages\communitytoolkit.mvvm\8.4.0\buildTransitive\CommunityToolkit.Mvvm.SourceGenerators.targets (13,11)" does not exist in the project, and will be ignored.
       The target "ResolveNuGetPackageAssets" listed in an AfterTargets attribute at "C:\Users\giris\.nuget\packages\communitytoolkit.mvvm\8.4.0\buildTransitive\CommunityToolkit.Mvvm.SourceGenerators.targets (25,11)" does not exist in the project, and will be ignored.
       The target "ResolveNuGetPackageAssets" listed in an AfterTargets attribute at "C:\Users\giris\.nuget\packages\communitytoolkit.mvvm\8.4.0\buildTransitive\CommunityToolkit.Mvvm.SourceGenerators.targets (112,11)" does not exist in the project, and will be ignored.
   1:7>Project "C:\Users\giris\Documents\Code\Redesign-POS\Windows Based POS\Magidesk\Magidesk.Presentation.csproj" on node 2 (default targets).
   1:7>Target "VerifyReferencedWindowsAppSdkComponentVersions" in file "C:\Users\giris\.nuget\packages\microsoft.windowsappsdk.runtime\1.8.251106002\buildTransitive\Microsoft.WindowsAppSDK.ComponentReference.targets" from project "C:\Users\giris\Documents\Code\Redesign-POS\Windows Based POS\Magidesk\Magidesk.Presentation.csproj" (entry point):
   1:7>Done building target "VerifyReferencedWindowsAppSdkComponentVersions" in project "Magidesk.Presentation.csproj".
   1:7>Target "NETStandardCompatError_Microsoft_Extensions_Configuration_Binder" in file "C:\Users\giris\.nuget\packages\microsoft.extensions.configuration.binder\8.0.0\buildTransitive\netstandard2.0\Microsoft.Extensions.Configuration.Binder.targets" from project "C:\Users\giris\Documents\Code\Redesign-POS\Windows Based POS\Magidesk\Magidesk.Presentation.csproj" (entry point):
   1:7>Done building target "NETStandardCompatError_Microsoft_Extensions_Configuration_Binder" in project "Magidesk.Presentation.csproj".
   1:7>Target "_CollectTargetFrameworkForTelemetry" in file "C:\Program Files\dotnet\sdk\10.0.101\Sdks\Microsoft.NET.Sdk\targets\Microsoft.NET.TargetFrameworkInference.targets" from project "C:\Users\giris\Documents\Code\Redesign-POS\Windows Based POS\Magidesk\Magidesk.Presentation.csproj" (target "_CheckForInvalidConfigurationAndPlatform" depends on it):
       Using "AllowEmptyTelemetry" task from assembly "C:\Program Files\dotnet\sdk\10.0.101\Sdks\Microsoft.NET.Sdk\targets\..\tools\net10.0\Microsoft.NET.Build.Tasks.dll".
       Task "AllowEmptyTelemetry"
       Done executing task "AllowEmptyTelemetry".
   1:7>Done building target "_CollectTargetFrameworkForTelemetry" in project "Magidesk.Presentation.csproj".
   1:7>Target "_CheckForUnsupportedTargetPlatformIdentifier" in file "C:\Program Files\dotnet\sdk\10.0.101\Sdks\Microsoft.NET.Sdk\targets\Microsoft.NET.TargetFrameworkInference.targets" from project "C:\Users\giris\Documents\Code\Redesign-POS\Windows Based POS\Magidesk\Magidesk.Presentation.csproj" (target "_CheckForInvalidConfigurationAndPlatform" depends on it):
   1:7>Done building target "_CheckForUnsupportedTargetPlatformIdentifier" in project "Magidesk.Presentation.csproj".
   1:7>Target "_CheckForUnsupportedNETCoreVersion" in file "C:\Program Files\dotnet\sdk\10.0.101\Sdks\Microsoft.NET.Sdk\targets\Microsoft.NET.TargetFrameworkInference.targets" from project "C:\Users\giris\Documents\Code\Redesign-POS\Windows Based POS\Magidesk\Magidesk.Presentation.csproj" (target "_CheckForInvalidConfigurationAndPlatform" depends on it):
   1:7>Done building target "_CheckForUnsupportedNETCoreVersion" in project "Magidesk.Presentation.csproj".
   1:7>Target "_CheckForUnsupportedCppNETCoreVersion" in file "C:\Program Files\dotnet\sdk\10.0.101\Sdks\Microsoft.NET.Sdk\targets\Microsoft.NET.TargetFrameworkInference.targets" from project "C:\Users\giris\Documents\Code\Redesign-POS\Windows Based POS\Magidesk\Magidesk.Presentation.csproj" (target "_CheckForInvalidConfigurationAndPlatform" depends on it):
   1:7>Done building target "_CheckForUnsupportedCppNETCoreVersion" in project "Magidesk.Presentation.csproj".
   1:7>Target "_CheckForSupportedOSPlatformVersionHigherThanTargetPlatformVersion" in file "C:\Program Files\dotnet\sdk\10.0.101\Sdks\Microsoft.NET.Sdk\targets\Microsoft.NET.TargetFrameworkInference.targets" from project "C:\Users\giris\Documents\Code\Redesign-POS\Windows Based POS\Magidesk\Magidesk.Presentation.csproj" (target "_CheckForInvalidConfigurationAndPlatform" depends on it):
   1:7>Done building target "_CheckForSupportedOSPlatformVersionHigherThanTargetPlatformVersion" in project "Magidesk.Presentation.csproj".
   1:7>Target "_NormalizeTargetPlatformVersion" in file "C:\Program Files\dotnet\sdk\10.0.101\Sdks\Microsoft.NET.Sdk\targets\Microsoft.NET.TargetFrameworkInference.targets" from project "C:\Users\giris\Documents\Code\Redesign-POS\Windows Based POS\Magidesk\Magidesk.Presentation.csproj" (target "_CheckForInvalidTargetPlatformVersion" depends on it):
   1:7>Done building target "_NormalizeTargetPlatformVersion" in project "Magidesk.Presentation.csproj".
   1:7>Target "_CheckForInvalidTargetPlatformVersion" in file "C:\Program Files\dotnet\sdk\10.0.101\Sdks\Microsoft.NET.Sdk\targets\Microsoft.NET.TargetFrameworkInference.targets" from project "C:\Users\giris\Documents\Code\Redesign-POS\Windows Based POS\Magidesk\Magidesk.Presentation.csproj" (target "_CheckForInvalidConfigurationAndPlatform" depends on it):
   1:7>Done building target "_CheckForInvalidTargetPlatformVersion" in project "Magidesk.Presentation.csproj".
   1:7>Target "_CheckForUnsupportedArtifactsPath" in file "C:\Program Files\dotnet\sdk\10.0.101\Sdks\Microsoft.NET.Sdk\targets\Microsoft.NET.DefaultOutputPaths.targets" from project "C:\Users\giris\Documents\Code\Redesign-POS\Windows Based POS\Magidesk\Magidesk.Presentation.csproj" (target "_CheckForInvalidConfigurationAndPlatform" depends on it):
   1:7>Done building target "_CheckForUnsupportedArtifactsPath" in project "Magidesk.Presentation.csproj".
   1:7>Target "_CheckRIDAsserts" in file "C:\Program Files\dotnet\sdk\10.0.101\Sdks\Microsoft.NET.Sdk\targets\Microsoft.NET.RuntimeIdentifierInference.targets" from project "C:\Users\giris\Documents\Code\Redesign-POS\Windows Based POS\Magidesk\Magidesk.Presentation.csproj" (target "_CheckForUnsupportedAppHostUsage" depends on it):
   1:7>Done building target "_CheckRIDAsserts" in project "Magidesk.Presentation.csproj".
   1:7>Target "_CheckForUnsupportedAppHostUsage" in file "C:\Program Files\dotnet\sdk\10.0.101\Sdks\Microsoft.NET.Sdk\targets\Microsoft.NET.RuntimeIdentifierInference.targets" from project "C:\Users\giris\Documents\Code\Redesign-POS\Windows Based POS\Magidesk\Magidesk.Presentation.csproj" (target "_CheckForInvalidConfigurationAndPlatform" depends on it):
   1:7>Done building target "_CheckForUnsupportedAppHostUsage" in project "Magidesk.Presentation.csproj".
   1:7>Target "_CheckForUnsupportedHostingUsage" in file "C:\Program Files\dotnet\sdk\10.0.101\Sdks\Microsoft.NET.Sdk\targets\Microsoft.NET.RuntimeIdentifierInference.targets" from project "C:\Users\giris\Documents\Code\Redesign-POS\Windows Based POS\Magidesk\Magidesk.Presentation.csproj" (target "_CheckForInvalidConfigurationAndPlatform" depends on it):
   1:7>Done building target "_CheckForUnsupportedHostingUsage" in project "Magidesk.Presentation.csproj".
   1:7>Target "_CheckAndUnsetUnsupportedPrefer32Bit" in file "C:\Program Files\dotnet\sdk\10.0.101\Sdks\Microsoft.NET.Sdk\targets\Microsoft.NET.RuntimeIdentifierInference.targets" from project "C:\Users\giris\Documents\Code\Redesign-POS\Windows Based POS\Magidesk\Magidesk.Presentation.csproj" (target "_CheckForInvalidConfigurationAndPlatform" depends on it):
   1:7>Done building target "_CheckAndUnsetUnsupportedPrefer32Bit" in project "Magidesk.Presentation.csproj".
   1:7>Target "_CheckForLanguageAndFeatureCombinationSupport" in file "C:\Program Files\dotnet\sdk\10.0.101\Sdks\Microsoft.NET.Sdk\targets\Microsoft.NET.RuntimeIdentifierInference.targets" from project "C:\Users\giris\Documents\Code\Redesign-POS\Windows Based POS\Magidesk\Magidesk.Presentation.csproj" (target "_CheckForInvalidConfigurationAndPlatform" depends on it):
   1:7>Done building target "_CheckForLanguageAndFeatureCombinationSupport" in project "Magidesk.Presentation.csproj".
   1:7>Target "UpdateAspNetToFrameworkReference" in file "C:\Program Files\dotnet\sdk\10.0.101\Sdks\Microsoft.NET.Sdk\targets\Microsoft.NET.Sdk.DefaultItems.Shared.targets" from project "C:\Users\giris\Documents\Code\Redesign-POS\Windows Based POS\Magidesk\Magidesk.Presentation.csproj" (target "ApplyImplicitVersions" depends on it):
       Using "CheckIfPackageReferenceShouldBeFrameworkReference" task from assembly "C:\Program Files\dotnet\sdk\10.0.101\Sdks\Microsoft.NET.Sdk\targets\..\tools\net10.0\Microsoft.NET.Build.Tasks.dll".
       Task "CheckIfPackageReferenceShouldBeFrameworkReference"
       Done executing task "CheckIfPackageReferenceShouldBeFrameworkReference".
       Task "CheckIfPackageReferenceShouldBeFrameworkReference"
       Done executing task "CheckIfPackageReferenceShouldBeFrameworkReference".
   1:7>Done building target "UpdateAspNetToFrameworkReference" in project "Magidesk.Presentation.csproj".
   1:7>Target "CheckForImplicitPackageReferenceOverrides" in file "C:\Program Files\dotnet\sdk\10.0.101\Sdks\Microsoft.NET.Sdk\targets\Microsoft.NET.Sdk.DefaultItems.Shared.targets" from project "C:\Users\giris\Documents\Code\Redesign-POS\Windows Based POS\Magidesk\Magidesk.Presentation.csproj" (target "ApplyImplicitVersions" depends on it):
       Using "CheckForImplicitPackageReferenceOverrides" task from assembly "C:\Program Files\dotnet\sdk\10.0.101\Sdks\Microsoft.NET.Sdk\targets\..\tools\net10.0\Microsoft.NET.Build.Tasks.dll".
       Task "CheckForImplicitPackageReferenceOverrides"
       Done executing task "CheckForImplicitPackageReferenceOverrides".
   1:7>Done building target "CheckForImplicitPackageReferenceOverrides" in project "Magidesk.Presentation.csproj".
   1:7>Target "ApplyImplicitVersions" in file "C:\Program Files\dotnet\sdk\10.0.101\Sdks\Microsoft.NET.Sdk\targets\Microsoft.NET.Sdk.DefaultItems.Shared.targets" from project "C:\Users\giris\Documents\Code\Redesign-POS\Windows Based POS\Magidesk\Magidesk.Presentation.csproj" (target "CollectPackageReferences" depends on it):
       Using "ApplyImplicitVersions" task from assembly "C:\Program Files\dotnet\sdk\10.0.101\Sdks\Microsoft.NET.Sdk\targets\..\tools\net10.0\Microsoft.NET.Build.Tasks.dll".
       Task "ApplyImplicitVersions"
       Done executing task "ApplyImplicitVersions".
   1:7>Done building target "ApplyImplicitVersions" in project "Magidesk.Presentation.csproj".
       Target "CheckForImplicitPackageReferenceOverrides" skipped. Previously built successfully.
   1:7>Target "AddWindowsSdkKnownFrameworkReferences" in file "C:\Program Files\dotnet\sdk\10.0.101\Sdks\Microsoft.NET.Sdk\targets\Microsoft.NET.Sdk.FrameworkReferenceResolution.targets" from project "C:\Users\giris\Documents\Code\Redesign-POS\Windows Based POS\Magidesk\Magidesk.Presentation.csproj" (target "ProcessFrameworkReferences" depends on it):
       Using "CreateWindowsSdkKnownFrameworkReferences" task from assembly "C:\Program Files\dotnet\sdk\10.0.101\Sdks\Microsoft.NET.Sdk\targets\..\tools\net10.0\Microsoft.NET.Build.Tasks.dll".
       Task "CreateWindowsSdkKnownFrameworkReferences"
       Done executing task "CreateWindowsSdkKnownFrameworkReferences".
   1:7>Done building target "AddWindowsSdkKnownFrameworkReferences" in project "Magidesk.Presentation.csproj".
   1:7>Target "_ComputeToolPackInputsToProcessFrameworkReferences" in file "C:\Program Files\dotnet\sdk\10.0.101\Sdks\Microsoft.NET.Sdk\targets\Microsoft.NET.Publish.targets" from project "C:\Users\giris\Documents\Code\Redesign-POS\Windows Based POS\Magidesk\Magidesk.Presentation.csproj" (target "ProcessFrameworkReferences" depends on it):
   1:7>Done building target "_ComputeToolPackInputsToProcessFrameworkReferences" in project "Magidesk.Presentation.csproj".
   1:7>Target "ProcessFrameworkReferences" in file "C:\Program Files\dotnet\sdk\10.0.101\Sdks\Microsoft.NET.Sdk\targets\Microsoft.NET.Sdk.FrameworkReferenceResolution.targets" from project "C:\Users\giris\Documents\Code\Redesign-POS\Windows Based POS\Magidesk\Magidesk.Presentation.csproj" (target "CollectPackageReferences" depends on it):
       Using "CheckForDuplicateFrameworkReferences" task from assembly "C:\Program Files\dotnet\sdk\10.0.101\Sdks\Microsoft.NET.Sdk\targets\..\tools\net10.0\Microsoft.NET.Build.Tasks.dll".
       Task "CheckForDuplicateFrameworkReferences"
       Done executing task "CheckForDuplicateFrameworkReferences".
       Using "ProcessFrameworkReferences" task from assembly "C:\Program Files\dotnet\sdk\10.0.101\Sdks\Microsoft.NET.Sdk\targets\..\tools\net10.0\Microsoft.NET.Build.Tasks.dll".
       Task "ProcessFrameworkReferences"
         Found 2 known framework references for target framework .NETCoreApp
         Found 6 known runtime packs for target framework .NETCoreApp
         Selected Microsoft.NETCore.App with RIDs 'linux-arm;linux-arm64;linux-musl-arm64;linux-musl-x64;linux-x64;osx-x64;tizen.4.0.0-armel;tizen.5.0.0-armel;win-arm64;win-x64;win-x86;linux-musl-arm;osx-arm64;linux-s390x;linux-loongarch64;linux-bionic-arm;linux-bionic-arm64;linux-bionic-x64;linux-bionic-x86;linux-ppc64le;freebsd-x64;freebsd-arm64'
         Selected targeting pack 'Microsoft.NETCore.App@8.0.22'
         Finding best RID match for pack Microsoft.NETCore.App@8.0.22 for target RID 'win-x86' from 'linux-arm;linux-arm64;linux-musl-arm64;linux-musl-x64;linux-x64;osx-x64;tizen.4.0.0-armel;tizen.5.0.0-armel;win-arm64;win-x64;win-x86;linux-musl-arm;osx-arm64;linux-s390x;linux-loongarch64;linux-bionic-arm;linux-bionic-arm64;linux-bionic-x64;linux-bionic-x86;linux-ppc64le;freebsd-x64;freebsd-arm64' excluding ''
         Finding best RID match for pack Microsoft.NETCore.App@8.0.22 for target RID 'win-x64' from 'linux-arm;linux-arm64;linux-musl-arm64;linux-musl-x64;linux-x64;osx-x64;tizen.4.0.0-armel;tizen.5.0.0-armel;win-arm64;win-x64;win-x86;linux-musl-arm;osx-arm64;linux-s390x;linux-loongarch64;linux-bionic-arm;linux-bionic-arm64;linux-bionic-x64;linux-bionic-x86;linux-ppc64le;freebsd-x64;freebsd-arm64' excluding ''
         Finding best RID match for pack Microsoft.NETCore.App@8.0.22 for target RID 'win-arm64' from 'linux-arm;linux-arm64;linux-musl-arm64;linux-musl-x64;linux-x64;osx-x64;tizen.4.0.0-armel;tizen.5.0.0-armel;win-arm64;win-x64;win-x86;linux-musl-arm;osx-arm64;linux-s390x;linux-loongarch64;linux-bionic-arm;linux-bionic-arm64;linux-bionic-x64;linux-bionic-x86;linux-ppc64le;freebsd-x64;freebsd-arm64' excluding ''
         Added runtime framework 'Microsoft.NETCore.App@8.0.0'
         Selected Microsoft.WindowsDesktop.App with RIDs 'win-x64;win-x86;win-arm64'
         Selected targeting pack 'Microsoft.WindowsDesktop.App@8.0.22'
         Finding best RID match for pack Microsoft.WindowsDesktop.App@8.0.22 for target RID 'win-x86' from 'win-x64;win-x86;win-arm64' excluding ''
         Finding best RID match for pack Microsoft.WindowsDesktop.App@8.0.22 for target RID 'win-x64' from 'win-x64;win-x86;win-arm64' excluding ''
         Finding best RID match for pack Microsoft.WindowsDesktop.App@8.0.22 for target RID 'win-arm64' from 'win-x64;win-x86;win-arm64' excluding ''
         Added runtime framework 'Microsoft.WindowsDesktop.App@8.0.0'
         Selected Microsoft.WindowsDesktop.App with RIDs 'win-x64;win-x86;win-arm64'
         Selected targeting pack 'Microsoft.WindowsDesktop.App.WPF@8.0.22'
         Finding best RID match for pack Microsoft.WindowsDesktop.App.WPF@8.0.22 for target RID 'win-x86' from 'win-x64;win-x86;win-arm64' excluding ''
         Finding best RID match for pack Microsoft.WindowsDesktop.App.WPF@8.0.22 for target RID 'win-x64' from 'win-x64;win-x86;win-arm64' excluding ''
         Finding best RID match for pack Microsoft.WindowsDesktop.App.WPF@8.0.22 for target RID 'win-arm64' from 'win-x64;win-x86;win-arm64' excluding ''
         Added runtime framework 'Microsoft.WindowsDesktop.App@8.0.0'
         Selected Microsoft.WindowsDesktop.App with RIDs 'win-x64;win-x86;win-arm64'
         Selected targeting pack 'Microsoft.WindowsDesktop.App.WindowsForms@8.0.22'
         Finding best RID match for pack Microsoft.WindowsDesktop.App.WindowsForms@8.0.22 for target RID 'win-x86' from 'win-x64;win-x86;win-arm64' excluding ''
         Finding best RID match for pack Microsoft.WindowsDesktop.App.WindowsForms@8.0.22 for target RID 'win-x64' from 'win-x64;win-x86;win-arm64' excluding ''
         Finding best RID match for pack Microsoft.WindowsDesktop.App.WindowsForms@8.0.22 for target RID 'win-arm64' from 'win-x64;win-x86;win-arm64' excluding ''
         Added runtime framework 'Microsoft.WindowsDesktop.App@8.0.0'
         Selected Microsoft.AspNetCore.App with RIDs 'win-x64;win-x86;osx-x64;linux-musl-x64;linux-musl-arm64;linux-x64;linux-arm;linux-arm64;linux-musl-arm;win-arm64;osx-arm64;linux-s390x;linux-loongarch64;linux-ppc64le;freebsd-x64;freebsd-arm64'
         Selected targeting pack 'Microsoft.AspNetCore.App@8.0.22'
         Finding best RID match for pack Microsoft.AspNetCore.App@8.0.22 for target RID 'win-x86' from 'win-x64;win-x86;osx-x64;linux-musl-x64;linux-musl-arm64;linux-x64;linux-arm;linux-arm64;linux-musl-arm;win-arm64;osx-arm64;linux-s390x;linux-loongarch64;linux-ppc64le;freebsd-x64;freebsd-arm64' excluding 'android;linux-bionic'
         Finding best RID match for pack Microsoft.AspNetCore.App@8.0.22 for target RID 'win-x64' from 'win-x64;win-x86;osx-x64;linux-musl-x64;linux-musl-arm64;linux-x64;linux-arm;linux-arm64;linux-musl-arm;win-arm64;osx-arm64;linux-s390x;linux-loongarch64;linux-ppc64le;freebsd-x64;freebsd-arm64' excluding 'android;linux-bionic'
         Finding best RID match for pack Microsoft.AspNetCore.App@8.0.22 for target RID 'win-arm64' from 'win-x64;win-x86;osx-x64;linux-musl-x64;linux-musl-arm64;linux-x64;linux-arm;linux-arm64;linux-musl-arm;win-arm64;osx-arm64;linux-s390x;linux-loongarch64;linux-ppc64le;freebsd-x64;freebsd-arm64' excluding 'android;linux-bionic'
         Added runtime framework 'Microsoft.AspNetCore.App@8.0.0'
         Selected Microsoft.Windows.SDK.NET.Ref with RIDs 'any'
         Selected targeting pack 'Microsoft.Windows.SDK.NET.Ref@10.0.19041.57'
         Finding best RID match for pack Microsoft.Windows.SDK.NET.Ref@10.0.19041.57 for target RID 'any' from 'any' excluding ''
         Finding best RID match for pack Microsoft.Windows.SDK.NET.Ref@10.0.19041.57 for target RID 'win-x86' from 'any' excluding ''
         Finding best RID match for pack Microsoft.Windows.SDK.NET.Ref@10.0.19041.57 for target RID 'win-x64' from 'any' excluding ''
         Finding best RID match for pack Microsoft.Windows.SDK.NET.Ref@10.0.19041.57 for target RID 'win-arm64' from 'any' excluding ''
         Selected Microsoft.Windows.SDK.NET.Ref with RIDs 'any'
         Selected targeting pack 'Microsoft.Windows.SDK.NET.Ref.Windows@10.0.19041.57'
         Finding best RID match for pack Microsoft.Windows.SDK.NET.Ref.Windows@10.0.19041.57 for target RID 'any' from 'any' excluding ''
         Finding best RID match for pack Microsoft.Windows.SDK.NET.Ref.Windows@10.0.19041.57 for target RID 'win-x86' from 'any' excluding ''
         Finding best RID match for pack Microsoft.Windows.SDK.NET.Ref.Windows@10.0.19041.57 for target RID 'win-x64' from 'any' excluding ''
         Finding best RID match for pack Microsoft.Windows.SDK.NET.Ref.Windows@10.0.19041.57 for target RID 'win-arm64' from 'any' excluding ''
         Selected Microsoft.Windows.SDK.NET.Ref with RIDs 'any'
         Selected targeting pack 'Microsoft.Windows.SDK.NET.Ref.Xaml@10.0.19041.57'
         Finding best RID match for pack Microsoft.Windows.SDK.NET.Ref.Xaml@10.0.19041.57 for target RID 'any' from 'any' excluding ''
         Finding best RID match for pack Microsoft.Windows.SDK.NET.Ref.Xaml@10.0.19041.57 for target RID 'win-x86' from 'any' excluding ''
         Finding best RID match for pack Microsoft.Windows.SDK.NET.Ref.Xaml@10.0.19041.57 for target RID 'win-x64' from 'any' excluding ''
         Finding best RID match for pack Microsoft.Windows.SDK.NET.Ref.Xaml@10.0.19041.57 for target RID 'win-arm64' from 'any' excluding ''
         Selected Microsoft.Windows.SDK.NET.Ref with RIDs 'any'
         Selected targeting pack 'Microsoft.Windows.SDK.NET.Ref.CsWinRT3.Windows@10.0.19041.57'
         Finding best RID match for pack Microsoft.Windows.SDK.NET.Ref.CsWinRT3.Windows@10.0.19041.57 for target RID 'any' from 'any' excluding ''
         Finding best RID match for pack Microsoft.Windows.SDK.NET.Ref.CsWinRT3.Windows@10.0.19041.57 for target RID 'win-x86' from 'any' excluding ''
         Finding best RID match for pack Microsoft.Windows.SDK.NET.Ref.CsWinRT3.Windows@10.0.19041.57 for target RID 'win-x64' from 'any' excluding ''
         Finding best RID match for pack Microsoft.Windows.SDK.NET.Ref.CsWinRT3.Windows@10.0.19041.57 for target RID 'win-arm64' from 'any' excluding ''
         Selected Microsoft.Windows.SDK.NET.Ref with RIDs 'any'
         Selected targeting pack 'Microsoft.Windows.SDK.NET.Ref.CsWinRT3.Xaml@10.0.19041.57'
         Finding best RID match for pack Microsoft.Windows.SDK.NET.Ref.CsWinRT3.Xaml@10.0.19041.57 for target RID 'any' from 'any' excluding ''
         Finding best RID match for pack Microsoft.Windows.SDK.NET.Ref.CsWinRT3.Xaml@10.0.19041.57 for target RID 'win-x86' from 'any' excluding ''
         Finding best RID match for pack Microsoft.Windows.SDK.NET.Ref.CsWinRT3.Xaml@10.0.19041.57 for target RID 'win-x64' from 'any' excluding ''
         Finding best RID match for pack Microsoft.Windows.SDK.NET.Ref.CsWinRT3.Xaml@10.0.19041.57 for target RID 'win-arm64' from 'any' excluding ''
       Done executing task "ProcessFrameworkReferences".
       Using "ResolveAppHosts" task from assembly "C:\Program Files\dotnet\sdk\10.0.101\Sdks\Microsoft.NET.Sdk\targets\..\tools\net10.0\Microsoft.NET.Build.Tasks.dll".
       Task "ResolveAppHosts"
       Done executing task "ResolveAppHosts".
   1:7>Done building target "ProcessFrameworkReferences" in project "Magidesk.Presentation.csproj".
   1:7>Target "_CheckForObsoleteDotNetCliToolReferences" in file "C:\Program Files\dotnet\sdk\10.0.101\Sdks\Microsoft.NET.Sdk\targets\Microsoft.NET.ObsoleteReferences.targets" from project "C:\Users\giris\Documents\Code\Redesign-POS\Windows Based POS\Magidesk\Magidesk.Presentation.csproj" (target "CollectPackageReferences" depends on it):
   1:7>Done building target "_CheckForObsoleteDotNetCliToolReferences" in project "Magidesk.Presentation.csproj".
   1:7>Target "CollectPackageReferences" in file "C:\Program Files\dotnet\sdk\10.0.101\NuGet.targets" from project "C:\Users\giris\Documents\Code\Redesign-POS\Windows Based POS\Magidesk\Magidesk.Presentation.csproj" (target "_GetRestoreProjectStyle" depends on it):
       Using "CheckForDuplicateNuGetItemsTask" task from assembly "C:\Program Files\dotnet\sdk\10.0.101\NuGet.Build.Tasks.dll".
       Task "CheckForDuplicateNuGetItemsTask"
       Done executing task "CheckForDuplicateNuGetItemsTask".
   1:7>Done building target "CollectPackageReferences" in project "Magidesk.Presentation.csproj".
   1:7>Target "_GetRestoreProjectStyle" in file "C:\Program Files\dotnet\sdk\10.0.101\NuGet.targets" from project "C:\Users\giris\Documents\Code\Redesign-POS\Windows Based POS\Magidesk\Magidesk.Presentation.csproj" (target "EnableIntermediateOutputPathMismatchWarning" depends on it):
       Using "GetRestoreProjectStyleTask" task from assembly "C:\Program Files\dotnet\sdk\10.0.101\NuGet.Build.Tasks.dll".
       Task "GetRestoreProjectStyleTask"
       Done executing task "GetRestoreProjectStyleTask".
   1:7>Done building target "_GetRestoreProjectStyle" in project "Magidesk.Presentation.csproj".
   1:7>Target "EnableIntermediateOutputPathMismatchWarning" in file "C:\Program Files\dotnet\sdk\10.0.101\NuGet.targets" from project "C:\Users\giris\Documents\Code\Redesign-POS\Windows Based POS\Magidesk\Magidesk.Presentation.csproj" (target "_CheckForInvalidConfigurationAndPlatform" depends on it):
   1:7>Done building target "EnableIntermediateOutputPathMismatchWarning" in project "Magidesk.Presentation.csproj".
   1:7>Target "CheckForDuplicateItems" in file "C:\Program Files\dotnet\sdk\10.0.101\Sdks\Microsoft.NET.Sdk\targets\Microsoft.NET.Sdk.DefaultItems.Shared.targets" from project "C:\Users\giris\Documents\Code\Redesign-POS\Windows Based POS\Magidesk\Magidesk.Presentation.csproj" (target "CheckForDuplicatePriItems" depends on it):
       Using "CheckForDuplicateItems" task from assembly "C:\Program Files\dotnet\sdk\10.0.101\Sdks\Microsoft.NET.Sdk\targets\..\tools\net10.0\Microsoft.NET.Build.Tasks.dll".
       Task "CheckForDuplicateItems"
       Done executing task "CheckForDuplicateItems".
       Task "CheckForDuplicateItems"
       Done executing task "CheckForDuplicateItems".
       Task "CheckForDuplicateItems"
       Done executing task "CheckForDuplicateItems".
   1:7>Done building target "CheckForDuplicateItems" in project "Magidesk.Presentation.csproj".
   1:7>Target "CheckForDuplicatePriItems" in file "C:\Users\giris\.nuget\packages\microsoft.windows.sdk.buildtools.msix\1.7.20250829.1\build\Microsoft.Windows.SDK.BuildTools.MSIX.Pri.targets" from project "C:\Users\giris\Documents\Code\Redesign-POS\Windows Based POS\Magidesk\Magidesk.Presentation.csproj" (target "_CheckForInvalidConfigurationAndPlatform" depends on it):
       Task "CheckForDuplicateItems"
       Done executing task "CheckForDuplicateItems".
   1:7>Done building target "CheckForDuplicatePriItems" in project "Magidesk.Presentation.csproj".
   1:7>Target "MsixCheckForInvalidCustomBeforeMicrosoftCommonTargets" in file "C:\Users\giris\.nuget\packages\microsoft.windows.sdk.buildtools.msix\1.7.20250829.1\build\Microsoft.Windows.SDK.BuildTools.MSIX.targets" from project "C:\Users\giris\Documents\Code\Redesign-POS\Windows Based POS\Magidesk\Magidesk.Presentation.csproj" (target "_CheckForInvalidConfigurationAndPlatform" depends on it):
   1:7>Done building target "MsixCheckForInvalidCustomBeforeMicrosoftCommonTargets" in project "Magidesk.Presentation.csproj".
       Target "CheckForDuplicateItems" skipped. Previously built successfully.
   1:7>Target "CheckForDuplicatePageItems" in file "C:\Users\giris\.nuget\packages\microsoft.windowsappsdk.winui\1.8.251105000\buildTransitive\Microsoft.WinUI.targets" from project "C:\Users\giris\Documents\Code\Redesign-POS\Windows Based POS\Magidesk\Magidesk.Presentation.csproj" (target "_CheckForInvalidConfigurationAndPlatform" depends on it):
       Task "CheckForDuplicateItems"
       Done executing task "CheckForDuplicateItems".
   1:7>Done building target "CheckForDuplicatePageItems" in project "Magidesk.Presentation.csproj".
   1:7>Target "CheckForInvalidCustomBeforeMicrosoftCommonTargets" in file "C:\Users\giris\.nuget\packages\microsoft.windowsappsdk.winui\1.8.251105000\buildTransitive\Microsoft.WinUI.targets" from project "C:\Users\giris\Documents\Code\Redesign-POS\Windows Based POS\Magidesk\Magidesk.Presentation.csproj" (target "_CheckForInvalidConfigurationAndPlatform" depends on it):
   1:7>Done building target "CheckForInvalidCustomBeforeMicrosoftCommonTargets" in project "Magidesk.Presentation.csproj".
       Target "ApplyImplicitVersions" skipped. Previously built successfully.
       Target "CheckForImplicitPackageReferenceOverrides" skipped. Previously built successfully.
       Target "CheckForDuplicateItems" skipped. Previously built successfully.
       Target "ProcessFrameworkReferences" skipped. Previously built successfully.
   1:7>Target "_CheckForInvalidConfigurationAndPlatform" in file "C:\Program Files\dotnet\sdk\10.0.101\Microsoft.Common.CurrentVersion.targets" from project "C:\Users\giris\Documents\Code\Redesign-POS\Windows Based POS\Magidesk\Magidesk.Presentation.csproj" (target "BeforeBuild" depends on it):
       Task "Message"
         Configuration=Debug
       Done executing task "Message".
       Task "Message"
         Platform=AnyCPU
       Done executing task "Message".
   1:7>Done building target "_CheckForInvalidConfigurationAndPlatform" in project "Magidesk.Presentation.csproj".
   1:7>Target "ValidateCommandLineProperties" in file "C:\Program Files\dotnet\sdk\10.0.101\Sdks\Microsoft.NET.Sdk\targets\Microsoft.NET.Sdk.targets" from project "C:\Users\giris\Documents\Code\Redesign-POS\Windows Based POS\Magidesk\Magidesk.Presentation.csproj" (target "BeforeBuild" depends on it):
   1:7>Done building target "ValidateCommandLineProperties" in project "Magidesk.Presentation.csproj".
   1:7>Target "BeforeBuild" in file "C:\Program Files\dotnet\sdk\10.0.101\Microsoft.Common.CurrentVersion.targets" from project "C:\Users\giris\Documents\Code\Redesign-POS\Windows Based POS\Magidesk\Magidesk.Presentation.csproj" (target "Build" depends on it):
   1:7>Done building target "BeforeBuild" in project "Magidesk.Presentation.csproj".
   1:7>Target "BuildOnlySettings" in file "C:\Program Files\dotnet\sdk\10.0.101\Microsoft.Common.CurrentVersion.targets" from project "C:\Users\giris\Documents\Code\Redesign-POS\Windows Based POS\Magidesk\Magidesk.Presentation.csproj" (target "CoreBuild" depends on it):
       C:\Program Files\dotnet\sdk\10.0.101\Microsoft.Common.CurrentVersion.targets(1168,7): message : Property reassignment: $(BuildingProject)="true" (previous value: "false") at C:\Program Files\dotnet\sdk\10.0.101\Microsoft.Common.CurrentVersion.targets (1168,7) [C:\Users\giris\Documents\Code\Redesign-POS\Windows Based POS\Magidesk\Magidesk.Presentation.csproj]
   1:7>Done building target "BuildOnlySettings" in project "Magidesk.Presentation.csproj".
   1:7>Target "GetFrameworkPaths" in file "C:\Program Files\dotnet\sdk\10.0.101\Sdks\Microsoft.NET.Sdk\targets\Microsoft.NET.DisableStandardFrameworkResolution.targets" from project "C:\Users\giris\Documents\Code\Redesign-POS\Windows Based POS\Magidesk\Magidesk.Presentation.csproj" (target "PrepareForBuild" depends on it):
   1:7>Done building target "GetFrameworkPaths" in project "Magidesk.Presentation.csproj".
   1:7>Target "GetReferenceAssemblyPaths" in file "C:\Program Files\dotnet\sdk\10.0.101\Sdks\Microsoft.NET.Sdk\targets\Microsoft.NET.DisableStandardFrameworkResolution.targets" from project "C:\Users\giris\Documents\Code\Redesign-POS\Windows Based POS\Magidesk\Magidesk.Presentation.csproj" (target "PrepareForBuild" depends on it):
   1:7>Done building target "GetReferenceAssemblyPaths" in project "Magidesk.Presentation.csproj".
   1:7>Target "_ValidateWindowsPackageType" in file "C:\Users\giris\.nuget\packages\microsoft.windows.sdk.buildtools.msix\1.7.20250829.1\build\Microsoft.Windows.SDK.BuildTools.MSIX.Packaging.targets" from project "C:\Users\giris\Documents\Code\Redesign-POS\Windows Based POS\Magidesk\Magidesk.Presentation.csproj" (target "PrepareForBuild" depends on it):
   1:7>Done building target "_ValidateWindowsPackageType" in project "Magidesk.Presentation.csproj".
   1:7>Target "_CalculatePrepareMsixPackage" in file "C:\Users\giris\.nuget\packages\microsoft.windows.sdk.buildtools.msix\1.7.20250829.1\build\Microsoft.Windows.SDK.BuildTools.MSIX.Packaging.targets" from project "C:\Users\giris\Documents\Code\Redesign-POS\Windows Based POS\Magidesk\Magidesk.Presentation.csproj" (target "PrepareForBuild" depends on it):
   1:7>Done building target "_CalculatePrepareMsixPackage" in project "Magidesk.Presentation.csproj".
   1:7>Target "PrepareForBuild" in file "C:\Program Files\dotnet\sdk\10.0.101\Microsoft.Common.CurrentVersion.targets" from project "C:\Users\giris\Documents\Code\Redesign-POS\Windows Based POS\Magidesk\Magidesk.Presentation.csproj" (target "CoreBuild" depends on it):
       Using "FindAppConfigFile" task from assembly "Microsoft.Build.Tasks.Core, Version=15.1.0.0, Culture=neutral, PublicKeyToken=b03f5f7f11d50a3a".
       Task "FindAppConfigFile"
       Done executing task "FindAppConfigFile".
       Using "MakeDir" task from assembly "Microsoft.Build.Tasks.Core, Version=15.1.0.0, Culture=neutral, PublicKeyToken=b03f5f7f11d50a3a".
       Task "MakeDir"
       Done executing task "MakeDir".
   1:7>Done building target "PrepareForBuild" in project "Magidesk.Presentation.csproj".
   1:7>Target "GenerateTargetFrameworkDefineConstants" in file "C:\Program Files\dotnet\sdk\10.0.101\Sdks\Microsoft.NET.Sdk\targets\Microsoft.NET.Sdk.BeforeCommon.targets" from project "C:\Users\giris\Documents\Code\Redesign-POS\Windows Based POS\Magidesk\Magidesk.Presentation.csproj" (target "AddImplicitDefineConstants" depends on it):
   1:7>Done building target "GenerateTargetFrameworkDefineConstants" in project "Magidesk.Presentation.csproj".
   1:7>Target "GenerateTargetPlatformDefineConstants" in file "C:\Program Files\dotnet\sdk\10.0.101\Sdks\Microsoft.NET.Sdk\targets\Microsoft.NET.Sdk.BeforeCommon.targets" from project "C:\Users\giris\Documents\Code\Redesign-POS\Windows Based POS\Magidesk\Magidesk.Presentation.csproj" (target "AddImplicitDefineConstants" depends on it):
   1:7>Done building target "GenerateTargetPlatformDefineConstants" in project "Magidesk.Presentation.csproj".
   1:7>Target "GenerateNETCompatibleDefineConstants" in file "C:\Program Files\dotnet\sdk\10.0.101\Sdks\Microsoft.NET.Sdk\targets\Microsoft.NET.Sdk.BeforeCommon.targets" from project "C:\Users\giris\Documents\Code\Redesign-POS\Windows Based POS\Magidesk\Magidesk.Presentation.csproj" (target "AddImplicitDefineConstants" depends on it):
   1:7>Done building target "GenerateNETCompatibleDefineConstants" in project "Magidesk.Presentation.csproj".
   1:7>Target "GeneratePlatformCompatibleDefineConstants" in file "C:\Program Files\dotnet\sdk\10.0.101\Sdks\Microsoft.NET.Sdk\targets\Microsoft.NET.Sdk.BeforeCommon.targets" from project "C:\Users\giris\Documents\Code\Redesign-POS\Windows Based POS\Magidesk\Magidesk.Presentation.csproj" (target "AddImplicitDefineConstants" depends on it):
   1:7>Done building target "GeneratePlatformCompatibleDefineConstants" in project "Magidesk.Presentation.csproj".
   1:7>Target "AddImplicitDefineConstants" in file "C:\Program Files\dotnet\sdk\10.0.101\Sdks\Microsoft.NET.Sdk\targets\Microsoft.NET.Sdk.BeforeCommon.targets" from project "C:\Users\giris\Documents\Code\Redesign-POS\Windows Based POS\Magidesk\Magidesk.Presentation.csproj" (target "CoreBuild" depends on it):
       C:\Program Files\dotnet\sdk\10.0.101\Sdks\Microsoft.NET.Sdk\targets\Microsoft.NET.Sdk.BeforeCommon.targets(295,7): message : Property reassignment: $(DefineConstants)="TRACE;MICROSOFT_WINDOWSAPPSDK_BOOTSTRAP_AUTO_INITIALIZE;MICROSOFT_WINDOWSAPPSDK_AUTOINITIALIZE_BOOTSTRAP;DEBUG;NET;NET8_0;NETCOREAPP;WINDOWS;WINDOWS10_0_19041_0;NET5_0_OR_GREATER;NET6_0_OR_GREATER;NET7_0_OR_GREATER;NET8_0_OR_GREATER;NETCOREAPP1_0_OR_GREATER;NETCOREAPP1_1_OR_GREATER;NETCOREAPP2_0_OR_GREATER;NETCOREAPP2_1_OR_GREATER;NETCOREAPP2_2_OR_GREATER;NETCOREAPP3_0_OR_GREATER;NETCOREAPP3_1_OR_GREATER;WINDOWS10_0_19041_0_OR_GREATER;WINDOWS10_0_18362_0_OR_GREATER;WINDOWS10_0_17763_0_OR_GREATER;WINDOWS8_0_OR_GREATER;WINDOWS7_0_OR_GREATER" (previous value: "TRACE;MICROSOFT_WINDOWSAPPSDK_BOOTSTRAP_AUTO_INITIALIZE;MICROSOFT_WINDOWSAPPSDK_AUTOINITIALIZE_BOOTSTRAP;DEBUG") at C:\Program Files\dotnet\sdk\10.0.101\Sdks\Microsoft.NET.Sdk\targets\Microsoft.NET.Sdk.BeforeCommon.targets (295,7) [C:\Users\giris\Documents\Code\Redesign-POS\Windows Based POS\Magidesk\Magidesk.Presentation.csproj]
   1:7>Done building target "AddImplicitDefineConstants" in project "Magidesk.Presentation.csproj".
   1:7>Target "GenerateGlobalUsings" in file "C:\Program Files\dotnet\sdk\10.0.101\Sdks\Microsoft.NET.Sdk\targets\Microsoft.NET.GenerateGlobalUsings.targets" from project "C:\Users\giris\Documents\Code\Redesign-POS\Windows Based POS\Magidesk\Magidesk.Presentation.csproj" (target "CoreBuild" depends on it):
       Using "GenerateGlobalUsings" task from assembly "C:\Program Files\dotnet\sdk\10.0.101\Sdks\Microsoft.NET.Sdk\targets\..\tools\net10.0\Microsoft.NET.Build.Tasks.dll".
       Task "GenerateGlobalUsings"
       Done executing task "GenerateGlobalUsings".
       Using "WriteLinesToFile" task from assembly "Microsoft.Build.Tasks.Core, Version=15.1.0.0, Culture=neutral, PublicKeyToken=b03f5f7f11d50a3a".
       Task "WriteLinesToFile"
         Skipping write to file "obj\Debug\net8.0-windows10.0.19041.0\Magidesk.Presentation.GlobalUsings.g.cs" because content would not change.
       Done executing task "WriteLinesToFile".
   1:7>Done building target "GenerateGlobalUsings" in project "Magidesk.Presentation.csproj".
   1:7>Target "BeforeResolveReferences" in file "C:\Program Files\dotnet\sdk\10.0.101\Microsoft.Common.CurrentVersion.targets" from project "C:\Users\giris\Documents\Code\Redesign-POS\Windows Based POS\Magidesk\Magidesk.Presentation.csproj" (target "ResolveReferences" depends on it):
   1:7>Done building target "BeforeResolveReferences" in project "Magidesk.Presentation.csproj".
   1:7>Target "IgnoreJavaScriptOutputAssembly" in file "C:\Program Files\dotnet\sdk\10.0.101\Microsoft.Common.CurrentVersion.targets" from project "C:\Users\giris\Documents\Code\Redesign-POS\Windows Based POS\Magidesk\Magidesk.Presentation.csproj" (target "AssignProjectConfiguration" depends on it):
   1:7>Done building target "IgnoreJavaScriptOutputAssembly" in project "Magidesk.Presentation.csproj".
       Target "ProcessFrameworkReferences" skipped. Previously built successfully.
   1:7>Target "_DefaultMicrosoftNETPlatformLibrary" in file "C:\Program Files\dotnet\sdk\10.0.101\Sdks\Microsoft.NET.Sdk\targets\Microsoft.NET.Sdk.Shared.targets" from project "C:\Users\giris\Documents\Code\Redesign-POS\Windows Based POS\Magidesk\Magidesk.Presentation.csproj" (target "ResolvePackageAssets" depends on it):
   1:7>Done building target "_DefaultMicrosoftNETPlatformLibrary" in project "Magidesk.Presentation.csproj".
   1:7>Target "_ComputePackageReferencePublish" in file "C:\Program Files\dotnet\sdk\10.0.101\Sdks\Microsoft.NET.Sdk\targets\Microsoft.NET.Sdk.Shared.targets" from project "C:\Users\giris\Documents\Code\Redesign-POS\Windows Based POS\Magidesk\Magidesk.Presentation.csproj" (target "ResolvePackageAssets" depends on it):
   1:7>Done building target "_ComputePackageReferencePublish" in project "Magidesk.Presentation.csproj".
   1:7>Target "ResolvePackageAssets" in file "C:\Program Files\dotnet\sdk\10.0.101\Sdks\Microsoft.NET.Sdk\targets\Microsoft.PackageDependencyResolution.targets" from project "C:\Users\giris\Documents\Code\Redesign-POS\Windows Based POS\Magidesk\Magidesk.Presentation.csproj" (target "ResolveLockFileReferences" depends on it):
       Using "ResolvePackageAssets" task from assembly "C:\Program Files\dotnet\sdk\10.0.101\Sdks\Microsoft.NET.Sdk\targets\..\tools\net10.0\Microsoft.NET.Build.Tasks.dll".
       Task "ResolvePackageAssets"
       Done executing task "ResolvePackageAssets".
   1:7>Done building target "ResolvePackageAssets" in project "Magidesk.Presentation.csproj".
   1:7>Target "_UpdateMuiFilesAfterNugetRestore" in file "C:\Users\giris\.nuget\packages\microsoft.windowsappsdk.winui\1.8.251105000\buildTransitive\Microsoft.WinUI.AppX.targets" from project "C:\Users\giris\Documents\Code\Redesign-POS\Windows Based POS\Magidesk\Magidesk.Presentation.csproj" (target "ResolveLockFileReferences" depends on it):
   1:7>Done building target "_UpdateMuiFilesAfterNugetRestore" in project "Magidesk.Presentation.csproj".
   1:7>Target "ResolveLockFileReferences" in file "C:\Program Files\dotnet\sdk\10.0.101\Sdks\Microsoft.NET.Sdk\targets\Microsoft.PackageDependencyResolution.targets" from project "C:\Users\giris\Documents\Code\Redesign-POS\Windows Based POS\Magidesk\Magidesk.Presentation.csproj" (target "ResolvePackageDependenciesForBuild" depends on it):
       Using "JoinItems" task from assembly "C:\Program Files\dotnet\sdk\10.0.101\Sdks\Microsoft.NET.Sdk\targets\..\tools\net10.0\Microsoft.NET.Build.Tasks.dll".
       Task "JoinItems"
       Done executing task "JoinItems".
   1:7>Done building target "ResolveLockFileReferences" in project "Magidesk.Presentation.csproj".
       Target "ResolvePackageAssets" skipped. Previously built successfully.
   1:7>Target "ResolveLockFileAnalyzers" in file "C:\Program Files\dotnet\sdk\10.0.101\Sdks\Microsoft.NET.Sdk\targets\Microsoft.PackageDependencyResolution.targets" from project "C:\Users\giris\Documents\Code\Redesign-POS\Windows Based POS\Magidesk\Magidesk.Presentation.csproj" (target "ResolvePackageDependenciesForBuild" depends on it):
   1:7>Done building target "ResolveLockFileAnalyzers" in project "Magidesk.Presentation.csproj".
       Target "ResolvePackageAssets" skipped. Previously built successfully.
   1:7>Target "ResolveLockFileCopyLocalFiles" in file "C:\Program Files\dotnet\sdk\10.0.101\Sdks\Microsoft.NET.Sdk\targets\Microsoft.PackageDependencyResolution.targets" from project "C:\Users\giris\Documents\Code\Redesign-POS\Windows Based POS\Magidesk\Magidesk.Presentation.csproj" (target "ResolvePackageDependenciesForBuild" depends on it):
   1:7>Done building target "ResolveLockFileCopyLocalFiles" in project "Magidesk.Presentation.csproj".
       Target "ProcessFrameworkReferences" skipped. Previously built successfully.
       Target "ResolvePackageAssets" skipped. Previously built successfully.
   1:7>Target "ResolveFrameworkReferences" in file "C:\Program Files\dotnet\sdk\10.0.101\Sdks\Microsoft.NET.Sdk\targets\Microsoft.NET.Sdk.FrameworkReferenceResolution.targets" from project "C:\Users\giris\Documents\Code\Redesign-POS\Windows Based POS\Magidesk\Magidesk.Presentation.csproj" (target "ResolveRuntimePackAssets" depends on it):
       Using "GetPackageDirectory" task from assembly "C:\Program Files\dotnet\sdk\10.0.101\Sdks\Microsoft.NET.Sdk\targets\..\tools\net10.0\Microsoft.NET.Build.Tasks.dll".
       Task "GetPackageDirectory"
       Done executing task "GetPackageDirectory".
       Task "GetPackageDirectory"
       Done executing task "GetPackageDirectory".
       Task "GetPackageDirectory"
       Done executing task "GetPackageDirectory".
       Task "GetPackageDirectory"
       Done executing task "GetPackageDirectory".
       Task "GetPackageDirectory"
       Done executing task "GetPackageDirectory".
       Task "GetPackageDirectory"
       Done executing task "GetPackageDirectory".
       Task "GetPackageDirectory"
       Done executing task "GetPackageDirectory".
       Task "GetPackageDirectory"
       Done executing task "GetPackageDirectory".
       Task "GetPackageDirectory"
       Done executing task "GetPackageDirectory".
       Task "GetPackageDirectory"
       Done executing task "GetPackageDirectory".
       Using "ResolveFrameworkReferences" task from assembly "C:\Program Files\dotnet\sdk\10.0.101\Sdks\Microsoft.NET.Sdk\targets\..\tools\net10.0\Microsoft.NET.Build.Tasks.dll".
       Task "ResolveFrameworkReferences"
       Done executing task "ResolveFrameworkReferences".
   1:7>Done building target "ResolveFrameworkReferences" in project "Magidesk.Presentation.csproj".
   1:7>Target "ResolveRuntimePackAssets" in file "C:\Program Files\dotnet\sdk\10.0.101\Sdks\Microsoft.NET.Sdk\targets\Microsoft.NET.Sdk.FrameworkReferenceResolution.targets" from project "C:\Users\giris\Documents\Code\Redesign-POS\Windows Based POS\Magidesk\Magidesk.Presentation.csproj" (target "ResolvePackageDependenciesForBuild" depends on it):
       Using "ResolveRuntimePackAssets" task from assembly "C:\Program Files\dotnet\sdk\10.0.101\Sdks\Microsoft.NET.Sdk\targets\..\tools\net10.0\Microsoft.NET.Build.Tasks.dll".
       Task "ResolveRuntimePackAssets"
       Done executing task "ResolveRuntimePackAssets".
   1:7>Done building target "ResolveRuntimePackAssets" in project "Magidesk.Presentation.csproj".
       Target "ResolvePackageAssets" skipped. Previously built successfully.
   1:7>Target "IncludeTransitiveProjectReferences" in file "C:\Program Files\dotnet\sdk\10.0.101\Sdks\Microsoft.NET.Sdk\targets\Microsoft.PackageDependencyResolution.targets" from project "C:\Users\giris\Documents\Code\Redesign-POS\Windows Based POS\Magidesk\Magidesk.Presentation.csproj" (target "ResolvePackageDependenciesForBuild" depends on it):
   1:7>Done building target "IncludeTransitiveProjectReferences" in project "Magidesk.Presentation.csproj".
   1:7>Target "ResolvePackageDependenciesForBuild" in file "C:\Program Files\dotnet\sdk\10.0.101\Sdks\Microsoft.NET.Sdk\targets\Microsoft.PackageDependencyResolution.targets" from project "C:\Users\giris\Documents\Code\Redesign-POS\Windows Based POS\Magidesk\Magidesk.Presentation.csproj" (target "AssignProjectConfiguration" depends on it):
   1:7>Done building target "ResolvePackageDependenciesForBuild" in project "Magidesk.Presentation.csproj".
   1:7>Target "_Microsoft_Extensions_Configuration_Binder_RemoveAnalyzer" in file "C:\Users\giris\.nuget\packages\microsoft.extensions.configuration.binder\8.0.0\buildTransitive\netstandard2.0\Microsoft.Extensions.Configuration.Binder.targets" from project "C:\Users\giris\Documents\Code\Redesign-POS\Windows Based POS\Magidesk\Magidesk.Presentation.csproj" (target "AssignProjectConfiguration" depends on it):
   1:7>Done building target "_Microsoft_Extensions_Configuration_Binder_RemoveAnalyzer" in project "Magidesk.Presentation.csproj".
   1:7>Target "MVVMToolkitGatherAnalyzers" in file "C:\Users\giris\.nuget\packages\communitytoolkit.mvvm\8.4.0\buildTransitive\CommunityToolkit.Mvvm.SourceGenerators.targets" from project "C:\Users\giris\Documents\Code\Redesign-POS\Windows Based POS\Magidesk\Magidesk.Presentation.csproj" (target "MVVMToolkitRemoveAnalyzersForRoslyn3" depends on it):
   1:7>Done building target "MVVMToolkitGatherAnalyzers" in project "Magidesk.Presentation.csproj".
   1:7>Target "MVVMToolkitRemoveAnalyzersForRoslyn3" in file "C:\Users\giris\.nuget\packages\communitytoolkit.mvvm\8.4.0\buildTransitive\CommunityToolkit.Mvvm.SourceGenerators.targets" from project "C:\Users\giris\Documents\Code\Redesign-POS\Windows Based POS\Magidesk\Magidesk.Presentation.csproj" (target "AssignProjectConfiguration" depends on it):
       Using "GetAssemblyIdentity" task from assembly "Microsoft.Build.Tasks.Core, Version=15.1.0.0, Culture=neutral, PublicKeyToken=b03f5f7f11d50a3a".
       Task "GetAssemblyIdentity"
       Done executing task "GetAssemblyIdentity".
   1:7>Done building target "MVVMToolkitRemoveAnalyzersForRoslyn3" in project "Magidesk.Presentation.csproj".
   1:7>Target "AssignProjectConfiguration" in file "C:\Program Files\dotnet\sdk\10.0.101\Microsoft.Common.CurrentVersion.targets" from project "C:\Users\giris\Documents\Code\Redesign-POS\Windows Based POS\Magidesk\Magidesk.Presentation.csproj" (target "ResolveReferences" depends on it):
       Using "AssignProjectConfiguration" task from assembly "Microsoft.Build.Tasks.Core, Version=15.1.0.0, Culture=neutral, PublicKeyToken=b03f5f7f11d50a3a".
       Task "AssignProjectConfiguration"
         Project reference "Magidesk.Application\Magidesk.Application.csproj" has not been resolved.
         Project reference "Magidesk.Infrastructure\Magidesk.Infrastructure.csproj" has not been resolved.
         Project reference "Magidesk.Domain\Magidesk.Domain.csproj" has not been resolved.
       Done executing task "AssignProjectConfiguration".
   1:7>Done building target "AssignProjectConfiguration" in project "Magidesk.Presentation.csproj".
       Target "AssignProjectConfiguration" skipped. Previously built successfully.
   1:7>Target "_SplitProjectReferencesByFileExistence" in file "C:\Program Files\dotnet\sdk\10.0.101\Microsoft.Common.CurrentVersion.targets" from project "C:\Users\giris\Documents\Code\Redesign-POS\Windows Based POS\Magidesk\Magidesk.Presentation.csproj" (target "PrepareProjectReferences" depends on it):
   1:7>Done building target "_SplitProjectReferencesByFileExistence" in project "Magidesk.Presentation.csproj".
   1:7>Target "_AddOutputPathToGlobalPropertiesToRemove" in file "C:\Program Files\dotnet\sdk\10.0.101\Microsoft.Common.CurrentVersion.targets" from project "C:\Users\giris\Documents\Code\Redesign-POS\Windows Based POS\Magidesk\Magidesk.Presentation.csproj" (target "_GetProjectReferenceTargetFrameworkProperties" depends on it):
   1:7>Done building target "_AddOutputPathToGlobalPropertiesToRemove" in project "Magidesk.Presentation.csproj".
   1:7>Target "_GetProjectReferenceTargetFrameworkProperties" in file "C:\Program Files\dotnet\sdk\10.0.101\Microsoft.Common.CurrentVersion.targets" from project "C:\Users\giris\Documents\Code\Redesign-POS\Windows Based POS\Magidesk\Magidesk.Presentation.csproj" (target "PrepareProjectReferences" depends on it):
       Task "MSBuild"
         Removing Properties:
           TargetFramework
           RuntimeIdentifier
           SelfContained
     0>C:\Program Files\dotnet\sdk\10.0.101\Sdks\Microsoft.NET.Sdk\Sdk\Sdk.props(49,11): message : Property 'MSBuildExtensionsPath' with value 'C:\Program Files\dotnet\sdk\10.0.101\' expanded from the environment.
       C:\Program Files\dotnet\sdk\10.0.101\Current\Microsoft.Common.props(60,5): message : Property reassignment: $(MSBuildProjectExtensionsPath)="C:\Users\giris\Documents\Code\Redesign-POS\Windows Based POS\Magidesk\Magidesk.Application\obj\" (previous value: "obj\") at C:\Program Files\dotnet\sdk\10.0.101\Current\Microsoft.Common.props (60,5)
       The SDK "Microsoft.NET.Sdk" was successfully resolved by the "DefaultSdkResolver" resolver to location "C:\Program Files\dotnet\sdk\10.0.101\Sdks\Microsoft.NET.Sdk\Sdk" and version "".
       C:\Users\giris\Documents\Code\Redesign-POS\Windows Based POS\Magidesk\Magidesk.Application\obj\Magidesk.Application.csproj.nuget.g.props(7,5): message : Property 'USERPROFILE' with value 'C:\Users\giris' expanded from the environment.
       C:\Program Files\dotnet\sdk\10.0.101\Current\Microsoft.Common.props(84,119): message : Property 'MSBuildUserExtensionsPath' with value 'C:\Users\giris\AppData\Local\Microsoft\MSBuild' expanded from the environment.
       C:\Program Files\dotnet\sdk\10.0.101\Sdks\Microsoft.NET.Sdk\Sdk\Sdk.props(49,11): message : Property 'MSBuildExtensionsPath' with value 'C:\Program Files\dotnet\sdk\10.0.101\' expanded from the environment.
       C:\Program Files\dotnet\sdk\10.0.101\Sdks\Microsoft.NET.Sdk\targets\Microsoft.NET.Sdk.props(90,5): message : Property reassignment: $(AssemblySearchPaths)="{CandidateAssemblyFiles};{HintPathFromItem}" (previous value: "{CandidateAssemblyFiles}") at C:\Program Files\dotnet\sdk\10.0.101\Sdks\Microsoft.NET.Sdk\targets\Microsoft.NET.Sdk.props (90,5)
       C:\Program Files\dotnet\sdk\10.0.101\Sdks\Microsoft.NET.Sdk\targets\Microsoft.NET.Sdk.props(91,5): message : Property reassignment: $(AssemblySearchPaths)="{CandidateAssemblyFiles};{HintPathFromItem};{TargetFrameworkDirectory}" (previous value: "{CandidateAssemblyFiles};{HintPathFromItem}") at C:\Program Files\dotnet\sdk\10.0.101\Sdks\Microsoft.NET.Sdk\targets\Microsoft.NET.Sdk.props (91,5)
       C:\Program Files\dotnet\sdk\10.0.101\Sdks\Microsoft.NET.Sdk\targets\Microsoft.NET.Sdk.props(92,5): message : Property reassignment: $(AssemblySearchPaths)="{CandidateAssemblyFiles};{HintPathFromItem};{TargetFrameworkDirectory};{RawFileName}" (previous value: "{CandidateAssemblyFiles};{HintPathFromItem};{TargetFrameworkDirectory}") at C:\Program Files\dotnet\sdk\10.0.101\Sdks\Microsoft.NET.Sdk\targets\Microsoft.NET.Sdk.props (92,5)
       C:\Program Files\dotnet\sdk\10.0.101\Sdks\Microsoft.NET.Sdk\targets\Microsoft.NET.Sdk.ImportPublishProfile.targets(28,5): message : Property reassignment: $(PublishProfileImported)="false" (previous value: "true") at C:\Program Files\dotnet\sdk\10.0.101\Sdks\Microsoft.NET.Sdk\targets\Microsoft.NET.Sdk.ImportPublishProfile.targets (28,5)
       C:\Program Files\dotnet\sdk\10.0.101\Sdks\Microsoft.NET.Sdk\targets\Microsoft.NET.TargetFrameworkInference.targets(81,5): message : Property reassignment: $(TargetPlatformVersion)="" (previous value: "0.0") at C:\Program Files\dotnet\sdk\10.0.101\Sdks\Microsoft.NET.Sdk\targets\Microsoft.NET.TargetFrameworkInference.targets (81,5)
       C:\Program Files\dotnet\sdk\10.0.101\Sdks\Microsoft.NET.Sdk\targets\Microsoft.NET.DefaultOutputPaths.targets(127,5): message : Property reassignment: $(DefaultItemExcludes)=";bin\Debug\/**;obj\Debug\/**" (previous value: ";bin\Debug\/**") at C:\Program Files\dotnet\sdk\10.0.101\Sdks\Microsoft.NET.Sdk\targets\Microsoft.NET.DefaultOutputPaths.targets (127,5)
       C:\Program Files\dotnet\sdk\10.0.101\Sdks\Microsoft.NET.Sdk\targets\Microsoft.NET.DefaultOutputPaths.targets(142,5): message : Property reassignment: $(OutputPath)="bin\Debug\net8.0\" (previous value: "bin\Debug\") at C:\Program Files\dotnet\sdk\10.0.101\Sdks\Microsoft.NET.Sdk\targets\Microsoft.NET.DefaultOutputPaths.targets (142,5)
       C:\Program Files\dotnet\sdk\10.0.101\Sdks\Microsoft.NET.Sdk\targets\Microsoft.NET.DefaultOutputPaths.targets(147,5): message : Property reassignment: $(IntermediateOutputPath)="obj\Debug\net8.0\" (previous value: "obj\Debug\") at C:\Program Files\dotnet\sdk\10.0.101\Sdks\Microsoft.NET.Sdk\targets\Microsoft.NET.DefaultOutputPaths.targets (147,5)
       C:\Program Files\dotnet\sdk\10.0.101\Sdks\Microsoft.NET.Sdk\targets\Microsoft.NET.Sdk.BeforeCommon.targets(371,5): message : Property reassignment: $(RoslynTargetsPath)="C:\Program Files\dotnet\sdk\10.0.101\Sdks\Microsoft.NET.Sdk\targets\..\..\..\Roslyn" (previous value: "C:\Program Files\dotnet\sdk\10.0.101\Roslyn") at C:\Program Files\dotnet\sdk\10.0.101\Sdks\Microsoft.NET.Sdk\targets\Microsoft.NET.Sdk.BeforeCommon.targets (371,5)
       C:\Program Files\dotnet\sdk\10.0.101\Roslyn\Microsoft.Managed.Core.targets(6,5): message : Property reassignment: $(_BuildTasksDirectory)="C:\Program Files\dotnet\sdk\10.0.101\Sdks\Microsoft.NET.Sdk\targets\..\..\..\Roslyn\" (previous value: "C:\Program Files\dotnet\sdk\10.0.101\Roslyn\") at C:\Program Files\dotnet\sdk\10.0.101\Roslyn\Microsoft.Managed.Core.targets (6,5)
       C:\Program Files\dotnet\sdk\10.0.101\Current\Microsoft.Common.props(60,5): message : Property reassignment: $(MSBuildProjectExtensionsPath)="C:\Users\giris\Documents\Code\Redesign-POS\Windows Based POS\Magidesk\Magidesk.Infrastructure\obj\" (previous value: "obj\") at C:\Program Files\dotnet\sdk\10.0.101\Current\Microsoft.Common.props (60,5)
       C:\Program Files\dotnet\sdk\10.0.101\Roslyn\Microsoft.CSharp.Core.targets(200,5): message : Property reassignment: $(CommandLineArgsForDesignTimeEvaluation)="-langversion:12.0 -define:TRACE" (previous value: "-langversion:12.0") at C:\Program Files\dotnet\sdk\10.0.101\Roslyn\Microsoft.CSharp.Core.targets (200,5)
       C:\Program Files\dotnet\sdk\10.0.101\Microsoft.Common.CurrentVersion.targets(175,5): message : Property reassignment: $(_DebugSymbolsProduced)="true" (previous value: "false") at C:\Program Files\dotnet\sdk\10.0.101\Microsoft.Common.CurrentVersion.targets (175,5)
       C:\Program Files\dotnet\sdk\10.0.101\Microsoft.Common.CurrentVersion.targets(185,5): message : Property reassignment: $(_DocumentationFileProduced)="false" (previous value: "true") at C:\Program Files\dotnet\sdk\10.0.101\Microsoft.Common.CurrentVersion.targets (185,5)
       C:\Program Files\dotnet\sdk\10.0.101\Microsoft.Common.CurrentVersion.targets(392,5): message : Property reassignment: $(MSBuildCopyMarkerName)="Magidesk.65ADFF06" (previous value: "Magidesk.Application.csproj") at C:\Program Files\dotnet\sdk\10.0.101\Microsoft.Common.CurrentVersion.targets (392,5)
       C:\Program Files\dotnet\sdk\10.0.101\Microsoft.Common.CurrentVersion.targets(393,5): message : Property reassignment: $(MSBuildCopyMarkerName)="Magidesk.65ADFF06.Up2Date" (previous value: "Magidesk.65ADFF06") at C:\Program Files\dotnet\sdk\10.0.101\Microsoft.Common.CurrentVersion.targets (393,5)
       C:\Program Files\dotnet\sdk\10.0.101\Microsoft.Common.CurrentVersion.targets(541,5): message : Property reassignment: $(ProcessorArchitecture)="msil" (previous value: "") at C:\Program Files\dotnet\sdk\10.0.101\Microsoft.Common.CurrentVersion.targets (541,5)
       C:\Program Files\dotnet\sdk\10.0.101\Microsoft.Common.CurrentVersion.targets(580,5): message : Property reassignment: $(DelaySign)="" (previous value: "false") at C:\Program Files\dotnet\sdk\10.0.101\Microsoft.Common.CurrentVersion.targets (580,5)
       C:\Program Files\dotnet\sdk\10.0.101\Microsoft.Common.CurrentVersion.targets(2606,5): message : Property 'LOCALAPPDATA' with value 'C:\Users\giris\AppData\Local' expanded from the environment.
       C:\Users\giris\Documents\Code\Redesign-POS\Windows Based POS\Magidesk\Magidesk.Infrastructure\obj\Magidesk.Infrastructure.csproj.nuget.g.props(7,5): message : Property 'USERPROFILE' with value 'C:\Users\giris' expanded from the environment.
       C:\Program Files\dotnet\sdk\10.0.101\Microsoft.Common.CurrentVersion.targets(3934,5): message : Property reassignment: $(_SGenGenerateSerializationAssembliesConfig)="Auto" (previous value: "") at C:\Program Files\dotnet\sdk\10.0.101\Microsoft.Common.CurrentVersion.targets (3934,5)
       C:\Program Files\dotnet\sdk\10.0.101\Microsoft.Common.CurrentVersion.targets(3935,5): message : Property reassignment: $(_SGenGenerateSerializationAssembliesConfig)="Off" (previous value: "Auto") at C:\Program Files\dotnet\sdk\10.0.101\Microsoft.Common.CurrentVersion.targets (3935,5)
       C:\Program Files\dotnet\sdk\10.0.101\Microsoft.Common.CurrentVersion.targets(5146,5): message : Property reassignment: $(_TargetsThatPrepareProjectReferences)="
       C:\Program Files\dotnet\sdk\10.0.101\Microsoft.Common.CurrentVersion.targets(5146,5): message :       AssignProjectConfiguration;
       C:\Program Files\dotnet\sdk\10.0.101\Microsoft.Common.CurrentVersion.targets(5146,5): message :       _SplitProjectReferencesByFileExistence
       C:\Program Files\dotnet\sdk\10.0.101\Microsoft.Common.CurrentVersion.targets(5146,5): message :     " (previous value: "_SplitProjectReferencesByFileExistence") at C:\Program Files\dotnet\sdk\10.0.101\Microsoft.Common.CurrentVersion.targets (5146,5)
       C:\Program Files\dotnet\sdk\10.0.101\Microsoft.Common.CurrentVersion.targets(6959,5): message : Property 'MSBuildExtensionsPath32' with value 'C:\Program Files\dotnet\sdk\10.0.101' expanded from the environment.
       The "NuGetInteractive" property is a global property, and cannot be modified.
       C:\Program Files\dotnet\sdk\10.0.101\Current\Microsoft.Common.props(84,119): message : Property 'MSBuildUserExtensionsPath' with value 'C:\Users\giris\AppData\Local\Microsoft\MSBuild' expanded from the environment.
       C:\Program Files\dotnet\sdk\10.0.101\Sdks\Microsoft.NET.Sdk\targets\Microsoft.PackageDependencyResolution.targets(29,5): message : Property reassignment: $(ProjectAssetsCacheFile)="C:\Users\giris\Documents\Code\Redesign-POS\Windows Based POS\Magidesk\Magidesk.Application\obj\Debug\net8.0\Magidesk.Application.assets.cache" (previous value: "obj\Debug\net8.0\Magidesk.Application.assets.cache") at C:\Program Files\dotnet\sdk\10.0.101\Sdks\Microsoft.NET.Sdk\targets\Microsoft.PackageDependencyResolution.targets (29,5)
       C:\Program Files\dotnet\sdk\10.0.101\Sdks\Microsoft.NET.Sdk\targets\Microsoft.PackageDependencyResolution.targets(80,5): message : Property reassignment: $(ResolveAssemblyReferencesDependsOn)="
       C:\Program Files\dotnet\sdk\10.0.101\Sdks\Microsoft.NET.Sdk\targets\Microsoft.PackageDependencyResolution.targets(80,5): message :       
       C:\Program Files\dotnet\sdk\10.0.101\Sdks\Microsoft.NET.Sdk\targets\Microsoft.PackageDependencyResolution.targets(80,5): message :       ResolveProjectReferences;
       C:\Program Files\dotnet\sdk\10.0.101\Sdks\Microsoft.NET.Sdk\targets\Microsoft.PackageDependencyResolution.targets(80,5): message :       FindInvalidProjectReferences;
       C:\Program Files\dotnet\sdk\10.0.101\Sdks\Microsoft.NET.Sdk\targets\Microsoft.PackageDependencyResolution.targets(80,5): message :       GetFrameworkPaths;
       C:\Program Files\dotnet\sdk\10.0.101\Sdks\Microsoft.NET.Sdk\targets\Microsoft.PackageDependencyResolution.targets(80,5): message :       GetReferenceAssemblyPaths;
       C:\Program Files\dotnet\sdk\10.0.101\Sdks\Microsoft.NET.Sdk\targets\Microsoft.PackageDependencyResolution.targets(80,5): message :       PrepareForBuild;
       C:\Program Files\dotnet\sdk\10.0.101\Sdks\Microsoft.NET.Sdk\targets\Microsoft.PackageDependencyResolution.targets(80,5): message :       ResolveSDKReferences;
       C:\Program Files\dotnet\sdk\10.0.101\Sdks\Microsoft.NET.Sdk\targets\Microsoft.PackageDependencyResolution.targets(80,5): message :       ExpandSDKReferences;
       C:\Program Files\dotnet\sdk\10.0.101\Sdks\Microsoft.NET.Sdk\targets\Microsoft.PackageDependencyResolution.targets(80,5): message :     ;
       C:\Program Files\dotnet\sdk\10.0.101\Sdks\Microsoft.NET.Sdk\targets\Microsoft.PackageDependencyResolution.targets(80,5): message :       ResolvePackageDependenciesForBuild;
       C:\Program Files\dotnet\sdk\10.0.101\Sdks\Microsoft.NET.Sdk\targets\Microsoft.PackageDependencyResolution.targets(80,5): message :       _HandlePackageFileConflicts;
       C:\Program Files\dotnet\sdk\10.0.101\Sdks\Microsoft.NET.Sdk\targets\Microsoft.PackageDependencyResolution.targets(80,5): message :     " (previous value: "
       C:\Program Files\dotnet\sdk\10.0.101\Sdks\Microsoft.NET.Sdk\targets\Microsoft.PackageDependencyResolution.targets(80,5): message :       ResolveProjectReferences;
       C:\Program Files\dotnet\sdk\10.0.101\Sdks\Microsoft.NET.Sdk\targets\Microsoft.PackageDependencyResolution.targets(80,5): message :       FindInvalidProjectReferences;
       C:\Program Files\dotnet\sdk\10.0.101\Sdks\Microsoft.NET.Sdk\targets\Microsoft.PackageDependencyResolution.targets(80,5): message :       GetFrameworkPaths;
       C:\Program Files\dotnet\sdk\10.0.101\Sdks\Microsoft.NET.Sdk\targets\Microsoft.PackageDependencyResolution.targets(80,5): message :       GetReferenceAssemblyPaths;
       C:\Program Files\dotnet\sdk\10.0.101\Sdks\Microsoft.NET.Sdk\targets\Microsoft.PackageDependencyResolution.targets(80,5): message :       PrepareForBuild;
       C:\Program Files\dotnet\sdk\10.0.101\Sdks\Microsoft.NET.Sdk\targets\Microsoft.PackageDependencyResolution.targets(80,5): message :       ResolveSDKReferences;
       C:\Program Files\dotnet\sdk\10.0.101\Sdks\Microsoft.NET.Sdk\targets\Microsoft.PackageDependencyResolution.targets(80,5): message :       ExpandSDKReferences;
       C:\Program Files\dotnet\sdk\10.0.101\Sdks\Microsoft.NET.Sdk\targets\Microsoft.PackageDependencyResolution.targets(80,5): message :     ") at C:\Program Files\dotnet\sdk\10.0.101\Sdks\Microsoft.NET.Sdk\targets\Microsoft.PackageDependencyResolution.targets (80,5)
       C:\Program Files\dotnet\sdk\10.0.101\Sdks\Microsoft.NET.Sdk\targets\Microsoft.PackageDependencyResolution.targets(86,5): message : Property reassignment: $(PrepareResourcesDependsOn)="
       C:\Program Files\dotnet\sdk\10.0.101\Sdks\Microsoft.NET.Sdk\targets\Microsoft.PackageDependencyResolution.targets(86,5): message :       ResolvePackageDependenciesForBuild;
       C:\Program Files\dotnet\sdk\10.0.101\Sdks\Microsoft.NET.Sdk\targets\Microsoft.PackageDependencyResolution.targets(86,5): message :       _HandlePackageFileConflicts;
       C:\Program Files\dotnet\sdk\10.0.101\Sdks\Microsoft.NET.Sdk\targets\Microsoft.PackageDependencyResolution.targets(86,5): message :       
       C:\Program Files\dotnet\sdk\10.0.101\Sdks\Microsoft.NET.Sdk\targets\Microsoft.PackageDependencyResolution.targets(86,5): message :       ;
       C:\Program Files\dotnet\sdk\10.0.101\Sdks\Microsoft.NET.Sdk\targets\Microsoft.PackageDependencyResolution.targets(86,5): message :       PrepareResourceNames;
       C:\Program Files\dotnet\sdk\10.0.101\Sdks\Microsoft.NET.Sdk\targets\Microsoft.PackageDependencyResolution.targets(86,5): message :       ResGen;
       C:\Program Files\dotnet\sdk\10.0.101\Sdks\Microsoft.NET.Sdk\targets\Microsoft.PackageDependencyResolution.targets(86,5): message :       CompileLicxFiles
       C:\Program Files\dotnet\sdk\10.0.101\Sdks\Microsoft.NET.Sdk\targets\Microsoft.PackageDependencyResolution.targets(86,5): message :     
       C:\Program Files\dotnet\sdk\10.0.101\Sdks\Microsoft.NET.Sdk\targets\Microsoft.PackageDependencyResolution.targets(86,5): message :     " (previous value: "
       C:\Program Files\dotnet\sdk\10.0.101\Sdks\Microsoft.NET.Sdk\targets\Microsoft.PackageDependencyResolution.targets(86,5): message :       ;
       C:\Program Files\dotnet\sdk\10.0.101\Sdks\Microsoft.NET.Sdk\targets\Microsoft.PackageDependencyResolution.targets(86,5): message :       PrepareResourceNames;
       C:\Program Files\dotnet\sdk\10.0.101\Sdks\Microsoft.NET.Sdk\targets\Microsoft.PackageDependencyResolution.targets(86,5): message :       ResGen;
       C:\Program Files\dotnet\sdk\10.0.101\Sdks\Microsoft.NET.Sdk\targets\Microsoft.PackageDependencyResolution.targets(86,5): message :       CompileLicxFiles
       C:\Program Files\dotnet\sdk\10.0.101\Sdks\Microsoft.NET.Sdk\targets\Microsoft.PackageDependencyResolution.targets(86,5): message :     ") at C:\Program Files\dotnet\sdk\10.0.101\Sdks\Microsoft.NET.Sdk\targets\Microsoft.PackageDependencyResolution.targets (86,5)
       C:\Program Files\dotnet\sdk\10.0.101\Sdks\Microsoft.NET.Sdk\targets\Microsoft.NET.Sdk.DefaultItems.targets(35,5): message : Property reassignment: $(DefaultItemExcludes)=";bin\Debug\/**;obj\Debug\/**;bin\/**" (previous value: ";bin\Debug\/**;obj\Debug\/**") at C:\Program Files\dotnet\sdk\10.0.101\Sdks\Microsoft.NET.Sdk\targets\Microsoft.NET.Sdk.DefaultItems.targets (35,5)
       C:\Program Files\dotnet\sdk\10.0.101\Sdks\Microsoft.NET.Sdk\targets\Microsoft.NET.Sdk.DefaultItems.targets(37,5): message : Property reassignment: $(DefaultItemExcludes)=";bin\Debug\/**;obj\Debug\/**;bin\/**;obj\/**" (previous value: ";bin\Debug\/**;obj\Debug\/**;bin\/**") at C:\Program Files\dotnet\sdk\10.0.101\Sdks\Microsoft.NET.Sdk\targets\Microsoft.NET.Sdk.DefaultItems.targets (37,5)
       C:\Program Files\dotnet\sdk\10.0.101\Sdks\Microsoft.NET.Sdk\targets\Microsoft.NET.Sdk.DefaultItems.targets(40,5): message : Property reassignment: $(DefaultItemExcludes)=";bin\Debug\/**;obj\Debug\/**;bin\/**;obj\/**;**/*.user" (previous value: ";bin\Debug\/**;obj\Debug\/**;bin\/**;obj\/**") at C:\Program Files\dotnet\sdk\10.0.101\Sdks\Microsoft.NET.Sdk\targets\Microsoft.NET.Sdk.DefaultItems.targets (40,5)
       C:\Program Files\dotnet\sdk\10.0.101\Sdks\Microsoft.NET.Sdk\targets\Microsoft.NET.Sdk.DefaultItems.targets(41,5): message : Property reassignment: $(DefaultItemExcludes)=";bin\Debug\/**;obj\Debug\/**;bin\/**;obj\/**;**/*.user;**/*.*proj" (previous value: ";bin\Debug\/**;obj\Debug\/**;bin\/**;obj\/**;**/*.user") at C:\Program Files\dotnet\sdk\10.0.101\Sdks\Microsoft.NET.Sdk\targets\Microsoft.NET.Sdk.DefaultItems.targets (41,5)
       C:\Program Files\dotnet\sdk\10.0.101\Sdks\Microsoft.NET.Sdk\targets\Microsoft.NET.Sdk.DefaultItems.targets(42,5): message : Property reassignment: $(DefaultItemExcludes)=";bin\Debug\/**;obj\Debug\/**;bin\/**;obj\/**;**/*.user;**/*.*proj;**/*.sln" (previous value: ";bin\Debug\/**;obj\Debug\/**;bin\/**;obj\/**;**/*.user;**/*.*proj") at C:\Program Files\dotnet\sdk\10.0.101\Sdks\Microsoft.NET.Sdk\targets\Microsoft.NET.Sdk.DefaultItems.targets (42,5)
       C:\Program Files\dotnet\sdk\10.0.101\Sdks\Microsoft.NET.Sdk\targets\Microsoft.NET.Sdk.DefaultItems.targets(43,5): message : Property reassignment: $(DefaultItemExcludes)=";bin\Debug\/**;obj\Debug\/**;bin\/**;obj\/**;**/*.user;**/*.*proj;**/*.sln;**/*.slnx" (previous value: ";bin\Debug\/**;obj\Debug\/**;bin\/**;obj\/**;**/*.user;**/*.*proj;**/*.sln") at C:\Program Files\dotnet\sdk\10.0.101\Sdks\Microsoft.NET.Sdk\targets\Microsoft.NET.Sdk.DefaultItems.targets (43,5)
       C:\Program Files\dotnet\sdk\10.0.101\Sdks\Microsoft.NET.Sdk\targets\Microsoft.NET.Sdk.DefaultItems.targets(44,5): message : Property reassignment: $(DefaultItemExcludes)=";bin\Debug\/**;obj\Debug\/**;bin\/**;obj\/**;**/*.user;**/*.*proj;**/*.sln;**/*.slnx;**/*.vssscc" (previous value: ";bin\Debug\/**;obj\Debug\/**;bin\/**;obj\/**;**/*.user;**/*.*proj;**/*.sln;**/*.slnx") at C:\Program Files\dotnet\sdk\10.0.101\Sdks\Microsoft.NET.Sdk\targets\Microsoft.NET.Sdk.DefaultItems.targets (44,5)
       C:\Program Files\dotnet\sdk\10.0.101\Sdks\Microsoft.NET.Sdk\targets\Microsoft.NET.Sdk.DefaultItems.targets(45,5): message : Property reassignment: $(DefaultItemExcludes)=";bin\Debug\/**;obj\Debug\/**;bin\/**;obj\/**;**/*.user;**/*.*proj;**/*.sln;**/*.slnx;**/*.vssscc;**/.DS_Store" (previous value: ";bin\Debug\/**;obj\Debug\/**;bin\/**;obj\/**;**/*.user;**/*.*proj;**/*.sln;**/*.slnx;**/*.vssscc") at C:\Program Files\dotnet\sdk\10.0.101\Sdks\Microsoft.NET.Sdk\targets\Microsoft.NET.Sdk.DefaultItems.targets (45,5)
       C:\Program Files\dotnet\sdk\10.0.101\Sdks\Microsoft.NET.Sdk\targets\Microsoft.NET.Sdk.FrameworkReferenceResolution.targets(14,5): message : Property reassignment: $(ResolveAssemblyReferencesDependsOn)="
       C:\Program Files\dotnet\sdk\10.0.101\Sdks\Microsoft.NET.Sdk\targets\Microsoft.NET.Sdk.FrameworkReferenceResolution.targets(14,5): message :       
       C:\Program Files\dotnet\sdk\10.0.101\Sdks\Microsoft.NET.Sdk\targets\Microsoft.NET.Sdk.FrameworkReferenceResolution.targets(14,5): message :       
       C:\Program Files\dotnet\sdk\10.0.101\Sdks\Microsoft.NET.Sdk\targets\Microsoft.NET.Sdk.FrameworkReferenceResolution.targets(14,5): message :       ResolveProjectReferences;
       C:\Program Files\dotnet\sdk\10.0.101\Sdks\Microsoft.NET.Sdk\targets\Microsoft.NET.Sdk.FrameworkReferenceResolution.targets(14,5): message :       FindInvalidProjectReferences;
       C:\Program Files\dotnet\sdk\10.0.101\Sdks\Microsoft.NET.Sdk\targets\Microsoft.NET.Sdk.FrameworkReferenceResolution.targets(14,5): message :       GetFrameworkPaths;
       C:\Program Files\dotnet\sdk\10.0.101\Sdks\Microsoft.NET.Sdk\targets\Microsoft.NET.Sdk.FrameworkReferenceResolution.targets(14,5): message :       GetReferenceAssemblyPaths;
       C:\Program Files\dotnet\sdk\10.0.101\Sdks\Microsoft.NET.Sdk\targets\Microsoft.NET.Sdk.FrameworkReferenceResolution.targets(14,5): message :       PrepareForBuild;
       C:\Program Files\dotnet\sdk\10.0.101\Sdks\Microsoft.NET.Sdk\targets\Microsoft.NET.Sdk.FrameworkReferenceResolution.targets(14,5): message :       ResolveSDKReferences;
       C:\Program Files\dotnet\sdk\10.0.101\Sdks\Microsoft.NET.Sdk\targets\Microsoft.NET.Sdk.FrameworkReferenceResolution.targets(14,5): message :       ExpandSDKReferences;
       C:\Program Files\dotnet\sdk\10.0.101\Sdks\Microsoft.NET.Sdk\targets\Microsoft.NET.Sdk.FrameworkReferenceResolution.targets(14,5): message :     ;
       C:\Program Files\dotnet\sdk\10.0.101\Sdks\Microsoft.NET.Sdk\targets\Microsoft.NET.Sdk.FrameworkReferenceResolution.targets(14,5): message :       ResolvePackageDependenciesForBuild;
       C:\Program Files\dotnet\sdk\10.0.101\Sdks\Microsoft.NET.Sdk\targets\Microsoft.NET.Sdk.FrameworkReferenceResolution.targets(14,5): message :       _HandlePackageFileConflicts;
       C:\Program Files\dotnet\sdk\10.0.101\Sdks\Microsoft.NET.Sdk\targets\Microsoft.NET.Sdk.FrameworkReferenceResolution.targets(14,5): message :     ;
       C:\Program Files\dotnet\sdk\10.0.101\Sdks\Microsoft.NET.Sdk\targets\Microsoft.NET.Sdk.FrameworkReferenceResolution.targets(14,5): message :       ResolveTargetingPackAssets;
       C:\Program Files\dotnet\sdk\10.0.101\Sdks\Microsoft.NET.Sdk\targets\Microsoft.NET.Sdk.FrameworkReferenceResolution.targets(14,5): message :     " (previous value: "
       C:\Program Files\dotnet\sdk\10.0.101\Sdks\Microsoft.NET.Sdk\targets\Microsoft.NET.Sdk.FrameworkReferenceResolution.targets(14,5): message :       
       C:\Program Files\dotnet\sdk\10.0.101\Sdks\Microsoft.NET.Sdk\targets\Microsoft.NET.Sdk.FrameworkReferenceResolution.targets(14,5): message :       ResolveProjectReferences;
       C:\Program Files\dotnet\sdk\10.0.101\Sdks\Microsoft.NET.Sdk\targets\Microsoft.NET.Sdk.FrameworkReferenceResolution.targets(14,5): message :       FindInvalidProjectReferences;
       C:\Program Files\dotnet\sdk\10.0.101\Sdks\Microsoft.NET.Sdk\targets\Microsoft.NET.Sdk.FrameworkReferenceResolution.targets(14,5): message :       GetFrameworkPaths;
       C:\Program Files\dotnet\sdk\10.0.101\Sdks\Microsoft.NET.Sdk\targets\Microsoft.NET.Sdk.FrameworkReferenceResolution.targets(14,5): message :       GetReferenceAssemblyPaths;
       C:\Program Files\dotnet\sdk\10.0.101\Sdks\Microsoft.NET.Sdk\targets\Microsoft.NET.Sdk.FrameworkReferenceResolution.targets(14,5): message :       PrepareForBuild;
       C:\Program Files\dotnet\sdk\10.0.101\Sdks\Microsoft.NET.Sdk\targets\Microsoft.NET.Sdk.FrameworkReferenceResolution.targets(14,5): message :       ResolveSDKReferences;
       C:\Program Files\dotnet\sdk\10.0.101\Sdks\Microsoft.NET.Sdk\targets\Microsoft.NET.Sdk.FrameworkReferenceResolution.targets(14,5): message :       ExpandSDKReferences;
       C:\Program Files\dotnet\sdk\10.0.101\Sdks\Microsoft.NET.Sdk\targets\Microsoft.NET.Sdk.FrameworkReferenceResolution.targets(14,5): message :     ;
       C:\Program Files\dotnet\sdk\10.0.101\Sdks\Microsoft.NET.Sdk\targets\Microsoft.NET.Sdk.FrameworkReferenceResolution.targets(14,5): message :       ResolvePackageDependenciesForBuild;
       C:\Program Files\dotnet\sdk\10.0.101\Sdks\Microsoft.NET.Sdk\targets\Microsoft.NET.Sdk.FrameworkReferenceResolution.targets(14,5): message :       _HandlePackageFileConflicts;
       C:\Program Files\dotnet\sdk\10.0.101\Sdks\Microsoft.NET.Sdk\targets\Microsoft.NET.Sdk.FrameworkReferenceResolution.targets(14,5): message :     ") at C:\Program Files\dotnet\sdk\10.0.101\Sdks\Microsoft.NET.Sdk\targets\Microsoft.NET.Sdk.FrameworkReferenceResolution.targets (14,5)
       C:\Program Files\dotnet\sdk\10.0.101\Sdks\Microsoft.NET.Sdk\targets\Microsoft.NET.Sdk.targets(44,5): message : Property reassignment: $(_GenerateRuntimeConfigurationPropertyInputsCache)="C:\Users\giris\Documents\Code\Redesign-POS\Windows Based POS\Magidesk\Magidesk.Application\obj\Debug\net8.0\Magidesk.Application.genruntimeconfig.cache" (previous value: "obj\Debug\net8.0\Magidesk.Application.genruntimeconfig.cache") at C:\Program Files\dotnet\sdk\10.0.101\Sdks\Microsoft.NET.Sdk\targets\Microsoft.NET.Sdk.targets (44,5)
       C:\Program Files\dotnet\sdk\10.0.101\Sdks\Microsoft.NET.Sdk\targets\Microsoft.NET.Sdk.targets(46,5): message : Property reassignment: $(_GeneratePublishDependencyFilePropertyInputsCache)="C:\Users\giris\Documents\Code\Redesign-POS\Windows Based POS\Magidesk\Magidesk.Application\obj\Debug\net8.0\Magidesk.Application.genpublishdeps.cache" (previous value: "obj\Debug\net8.0\Magidesk.Application.genpublishdeps.cache") at C:\Program Files\dotnet\sdk\10.0.101\Sdks\Microsoft.NET.Sdk\targets\Microsoft.NET.Sdk.targets (46,5)
       C:\Program Files\dotnet\sdk\10.0.101\Sdks\Microsoft.NET.Sdk\targets\Microsoft.NET.Sdk.targets(48,5): message : Property reassignment: $(_GenerateSingleFileBundlePropertyInputsCache)="C:\Users\giris\Documents\Code\Redesign-POS\Windows Based POS\Magidesk\Magidesk.Application\obj\Debug\net8.0\Magidesk.Application.genbundle.cache" (previous value: "obj\Debug\net8.0\Magidesk.Application.genbundle.cache") at C:\Program Files\dotnet\sdk\10.0.101\Sdks\Microsoft.NET.Sdk\targets\Microsoft.NET.Sdk.targets (48,5)
       C:\Program Files\dotnet\sdk\10.0.101\Sdks\Microsoft.NET.Sdk\targets\Microsoft.NET.Sdk.targets(81,5): message : Property reassignment: $(GenerateRuntimeConfigDevFile)="false" (previous value: "true") at C:\Program Files\dotnet\sdk\10.0.101\Sdks\Microsoft.NET.Sdk\targets\Microsoft.NET.Sdk.targets (81,5)
       C:\Program Files\dotnet\sdk\10.0.101\Sdks\Microsoft.NET.Sdk\targets\Microsoft.NET.Sdk.targets(98,5): message : Property reassignment: $(_DefaultUserProfileRuntimeStorePath)="C:\Users\giris" (previous value: "") at C:\Program Files\dotnet\sdk\10.0.101\Sdks\Microsoft.NET.Sdk\targets\Microsoft.NET.Sdk.targets (98,5)
       C:\Program Files\dotnet\sdk\10.0.101\Sdks\Microsoft.NET.Sdk\targets\Microsoft.NET.Sdk.targets(99,5): message : Property reassignment: $(_DefaultUserProfileRuntimeStorePath)="C:\Users\giris\.dotnet\store" (previous value: "C:\Users\giris") at C:\Program Files\dotnet\sdk\10.0.101\Sdks\Microsoft.NET.Sdk\targets\Microsoft.NET.Sdk.targets (99,5)
       C:\Program Files\dotnet\sdk\10.0.101\Sdks\Microsoft.NET.Sdk\targets\Microsoft.NET.Sdk.targets(144,5): message : Property reassignment: $(AvailablePlatforms)="Any CPU,x86,x64,ARM32" (previous value: "Any CPU,x86,x64") at C:\Program Files\dotnet\sdk\10.0.101\Sdks\Microsoft.NET.Sdk\targets\Microsoft.NET.Sdk.targets (144,5)
       C:\Program Files\dotnet\sdk\10.0.101\Sdks\Microsoft.NET.Sdk\targets\Microsoft.NET.Sdk.targets(148,5): message : Property reassignment: $(AvailablePlatforms)="Any CPU,x86,x64,ARM32,ARM64" (previous value: "Any CPU,x86,x64,ARM32") at C:\Program Files\dotnet\sdk\10.0.101\Sdks\Microsoft.NET.Sdk\targets\Microsoft.NET.Sdk.targets (148,5)
       C:\Program Files\dotnet\sdk\10.0.101\Sdks\Microsoft.NET.Sdk\targets\Microsoft.NET.Sdk.targets(204,5): message : Property reassignment: $(CoreBuildDependsOn)="
       C:\Program Files\dotnet\sdk\10.0.101\Sdks\Microsoft.NET.Sdk\targets\Microsoft.NET.Sdk.targets(204,5): message :       _CheckForBuildWithNoBuild;
       C:\Program Files\dotnet\sdk\10.0.101\Sdks\Microsoft.NET.Sdk\targets\Microsoft.NET.Sdk.targets(204,5): message :       
       C:\Program Files\dotnet\sdk\10.0.101\Sdks\Microsoft.NET.Sdk\targets\Microsoft.NET.Sdk.targets(204,5): message :       BuildOnlySettings;
       C:\Program Files\dotnet\sdk\10.0.101\Sdks\Microsoft.NET.Sdk\targets\Microsoft.NET.Sdk.targets(204,5): message :       PrepareForBuild;
       C:\Program Files\dotnet\sdk\10.0.101\Sdks\Microsoft.NET.Sdk\targets\Microsoft.NET.Sdk.targets(204,5): message :       PreBuildEvent;
       C:\Program Files\dotnet\sdk\10.0.101\Sdks\Microsoft.NET.Sdk\targets\Microsoft.NET.Sdk.targets(204,5): message :       ResolveReferences;
       C:\Program Files\dotnet\sdk\10.0.101\Sdks\Microsoft.NET.Sdk\targets\Microsoft.NET.Sdk.targets(204,5): message :       PrepareResources;
       C:\Program Files\dotnet\sdk\10.0.101\Sdks\Microsoft.NET.Sdk\targets\Microsoft.NET.Sdk.targets(204,5): message :       ResolveKeySource;
       C:\Program Files\dotnet\sdk\10.0.101\Sdks\Microsoft.NET.Sdk\targets\Microsoft.NET.Sdk.targets(204,5): message :       Compile;
       C:\Program Files\dotnet\sdk\10.0.101\Sdks\Microsoft.NET.Sdk\targets\Microsoft.NET.Sdk.targets(204,5): message :       ExportWindowsMDFile;
       C:\Program Files\dotnet\sdk\10.0.101\Sdks\Microsoft.NET.Sdk\targets\Microsoft.NET.Sdk.targets(204,5): message :       UnmanagedUnregistration;
       C:\Program Files\dotnet\sdk\10.0.101\Sdks\Microsoft.NET.Sdk\targets\Microsoft.NET.Sdk.targets(204,5): message :       GenerateSerializationAssemblies;
       C:\Program Files\dotnet\sdk\10.0.101\Sdks\Microsoft.NET.Sdk\targets\Microsoft.NET.Sdk.targets(204,5): message :       CreateSatelliteAssemblies;
       C:\Program Files\dotnet\sdk\10.0.101\Sdks\Microsoft.NET.Sdk\targets\Microsoft.NET.Sdk.targets(204,5): message :       GenerateManifests;
       C:\Program Files\dotnet\sdk\10.0.101\Sdks\Microsoft.NET.Sdk\targets\Microsoft.NET.Sdk.targets(204,5): message :       GetTargetPath;
       C:\Program Files\dotnet\sdk\10.0.101\Sdks\Microsoft.NET.Sdk\targets\Microsoft.NET.Sdk.targets(204,5): message :       PrepareForRun;
       C:\Program Files\dotnet\sdk\10.0.101\Sdks\Microsoft.NET.Sdk\targets\Microsoft.NET.Sdk.targets(204,5): message :       UnmanagedRegistration;
       C:\Program Files\dotnet\sdk\10.0.101\Sdks\Microsoft.NET.Sdk\targets\Microsoft.NET.Sdk.targets(204,5): message :       IncrementalClean;
       C:\Program Files\dotnet\sdk\10.0.101\Sdks\Microsoft.NET.Sdk\targets\Microsoft.NET.Sdk.targets(204,5): message :       PostBuildEvent
       C:\Program Files\dotnet\sdk\10.0.101\Sdks\Microsoft.NET.Sdk\targets\Microsoft.NET.Sdk.targets(204,5): message :     ;
       C:\Program Files\dotnet\sdk\10.0.101\Sdks\Microsoft.NET.Sdk\targets\Microsoft.NET.Sdk.targets(204,5): message :       GenerateBuildDependencyFile;
       C:\Program Files\dotnet\sdk\10.0.101\Sdks\Microsoft.NET.Sdk\targets\Microsoft.NET.Sdk.targets(204,5): message :       GenerateBuildRuntimeConfigurationFiles
       C:\Program Files\dotnet\sdk\10.0.101\Sdks\Microsoft.NET.Sdk\targets\Microsoft.NET.Sdk.targets(204,5): message :     " (previous value: "
       C:\Program Files\dotnet\sdk\10.0.101\Sdks\Microsoft.NET.Sdk\targets\Microsoft.NET.Sdk.targets(204,5): message :       BuildOnlySettings;
       C:\Program Files\dotnet\sdk\10.0.101\Sdks\Microsoft.NET.Sdk\targets\Microsoft.NET.Sdk.targets(204,5): message :       PrepareForBuild;
       C:\Program Files\dotnet\sdk\10.0.101\Sdks\Microsoft.NET.Sdk\targets\Microsoft.NET.Sdk.targets(204,5): message :       PreBuildEvent;
       C:\Program Files\dotnet\sdk\10.0.101\Sdks\Microsoft.NET.Sdk\targets\Microsoft.NET.Sdk.targets(204,5): message :       ResolveReferences;
       C:\Program Files\dotnet\sdk\10.0.101\Sdks\Microsoft.NET.Sdk\targets\Microsoft.NET.Sdk.targets(204,5): message :       PrepareResources;
       C:\Program Files\dotnet\sdk\10.0.101\Sdks\Microsoft.NET.Sdk\targets\Microsoft.NET.Sdk.targets(204,5): message :       ResolveKeySource;
       C:\Program Files\dotnet\sdk\10.0.101\Sdks\Microsoft.NET.Sdk\targets\Microsoft.NET.Sdk.targets(204,5): message :       Compile;
       C:\Program Files\dotnet\sdk\10.0.101\Sdks\Microsoft.NET.Sdk\targets\Microsoft.NET.Sdk.targets(204,5): message :       ExportWindowsMDFile;
       C:\Program Files\dotnet\sdk\10.0.101\Sdks\Microsoft.NET.Sdk\targets\Microsoft.NET.Sdk.targets(204,5): message :       UnmanagedUnregistration;
       C:\Program Files\dotnet\sdk\10.0.101\Sdks\Microsoft.NET.Sdk\targets\Microsoft.NET.Sdk.targets(204,5): message :       GenerateSerializationAssemblies;
       C:\Program Files\dotnet\sdk\10.0.101\Sdks\Microsoft.NET.Sdk\targets\Microsoft.NET.Sdk.targets(204,5): message :       CreateSatelliteAssemblies;
       C:\Program Files\dotnet\sdk\10.0.101\Sdks\Microsoft.NET.Sdk\targets\Microsoft.NET.Sdk.targets(204,5): message :       GenerateManifests;
       C:\Program Files\dotnet\sdk\10.0.101\Sdks\Microsoft.NET.Sdk\targets\Microsoft.NET.Sdk.targets(204,5): message :       GetTargetPath;
       C:\Program Files\dotnet\sdk\10.0.101\Sdks\Microsoft.NET.Sdk\targets\Microsoft.NET.Sdk.targets(204,5): message :       PrepareForRun;
       C:\Program Files\dotnet\sdk\10.0.101\Sdks\Microsoft.NET.Sdk\targets\Microsoft.NET.Sdk.targets(204,5): message :       UnmanagedRegistration;
       C:\Program Files\dotnet\sdk\10.0.101\Sdks\Microsoft.NET.Sdk\targets\Microsoft.NET.Sdk.targets(204,5): message :       IncrementalClean;
       C:\Program Files\dotnet\sdk\10.0.101\Sdks\Microsoft.NET.Sdk\targets\Microsoft.NET.Sdk.targets(204,5): message :       PostBuildEvent
       C:\Program Files\dotnet\sdk\10.0.101\Sdks\Microsoft.NET.Sdk\targets\Microsoft.NET.Sdk.targets(204,5): message :     ") at C:\Program Files\dotnet\sdk\10.0.101\Sdks\Microsoft.NET.Sdk\targets\Microsoft.NET.Sdk.targets (204,5)
       C:\Program Files\dotnet\sdk\10.0.101\Sdks\Microsoft.NET.Sdk\targets\Microsoft.NET.Sdk.targets(213,5): message : Property reassignment: $(CoreCleanDependsOn)="
       C:\Program Files\dotnet\sdk\10.0.101\Sdks\Microsoft.NET.Sdk\targets\Microsoft.NET.Sdk.targets(213,5): message :       _SdkBeforeClean;
       C:\Program Files\dotnet\sdk\10.0.101\Sdks\Microsoft.NET.Sdk\targets\Microsoft.NET.Sdk.targets(213,5): message :       
       C:\Program Files\dotnet\sdk\10.0.101\Sdks\Microsoft.NET.Sdk\targets\Microsoft.NET.Sdk.targets(213,5): message :     " (previous value: "") at C:\Program Files\dotnet\sdk\10.0.101\Sdks\Microsoft.NET.Sdk\targets\Microsoft.NET.Sdk.targets (213,5)
       C:\Program Files\dotnet\sdk\10.0.101\Sdks\Microsoft.NET.Sdk\targets\Microsoft.NET.Sdk.targets(220,5): message : Property reassignment: $(RebuildDependsOn)="
       C:\Program Files\dotnet\sdk\10.0.101\Sdks\Microsoft.NET.Sdk\targets\Microsoft.NET.Sdk.targets(220,5): message :       _SdkBeforeRebuild;
       C:\Program Files\dotnet\sdk\10.0.101\Sdks\Microsoft.NET.Sdk\targets\Microsoft.NET.Sdk.targets(220,5): message :       
       C:\Program Files\dotnet\sdk\10.0.101\Sdks\Microsoft.NET.Sdk\targets\Microsoft.NET.Sdk.targets(220,5): message :       BeforeRebuild;
       C:\Program Files\dotnet\sdk\10.0.101\Sdks\Microsoft.NET.Sdk\targets\Microsoft.NET.Sdk.targets(220,5): message :       Clean;
       C:\Program Files\dotnet\sdk\10.0.101\Sdks\Microsoft.NET.Sdk\targets\Microsoft.NET.Sdk.targets(220,5): message :       Build;
       C:\Program Files\dotnet\sdk\10.0.101\Sdks\Microsoft.NET.Sdk\targets\Microsoft.NET.Sdk.targets(220,5): message :       AfterRebuild;
       C:\Program Files\dotnet\sdk\10.0.101\Sdks\Microsoft.NET.Sdk\targets\Microsoft.NET.Sdk.targets(220,5): message :     
       C:\Program Files\dotnet\sdk\10.0.101\Sdks\Microsoft.NET.Sdk\targets\Microsoft.NET.Sdk.targets(220,5): message :     " (previous value: "
       C:\Program Files\dotnet\sdk\10.0.101\Sdks\Microsoft.NET.Sdk\targets\Microsoft.NET.Sdk.targets(220,5): message :       BeforeRebuild;
       C:\Program Files\dotnet\sdk\10.0.101\Sdks\Microsoft.NET.Sdk\targets\Microsoft.NET.Sdk.targets(220,5): message :       Clean;
       C:\Program Files\dotnet\sdk\10.0.101\Sdks\Microsoft.NET.Sdk\targets\Microsoft.NET.Sdk.targets(220,5): message :       Build;
       C:\Program Files\dotnet\sdk\10.0.101\Sdks\Microsoft.NET.Sdk\targets\Microsoft.NET.Sdk.targets(220,5): message :       AfterRebuild;
       C:\Program Files\dotnet\sdk\10.0.101\Sdks\Microsoft.NET.Sdk\targets\Microsoft.NET.Sdk.targets(220,5): message :     ") at C:\Program Files\dotnet\sdk\10.0.101\Sdks\Microsoft.NET.Sdk\targets\Microsoft.NET.Sdk.targets (220,5)
       C:\Program Files\dotnet\sdk\10.0.101\Sdks\Microsoft.NET.Sdk\targets\Microsoft.NET.Sdk.targets(799,5): message : Property reassignment: $(CompileDependsOn)="
       C:\Program Files\dotnet\sdk\10.0.101\Sdks\Microsoft.NET.Sdk\targets\Microsoft.NET.Sdk.targets(799,5): message :       
       C:\Program Files\dotnet\sdk\10.0.101\Sdks\Microsoft.NET.Sdk\targets\Microsoft.NET.Sdk.targets(799,5): message :       ResolveReferences;
       C:\Program Files\dotnet\sdk\10.0.101\Sdks\Microsoft.NET.Sdk\targets\Microsoft.NET.Sdk.targets(799,5): message :       ResolveKeySource;
       C:\Program Files\dotnet\sdk\10.0.101\Sdks\Microsoft.NET.Sdk\targets\Microsoft.NET.Sdk.targets(799,5): message :       SetWin32ManifestProperties;
       C:\Program Files\dotnet\sdk\10.0.101\Sdks\Microsoft.NET.Sdk\targets\Microsoft.NET.Sdk.targets(799,5): message :       _SetPreferNativeArm64Win32ManifestProperties;
       C:\Program Files\dotnet\sdk\10.0.101\Sdks\Microsoft.NET.Sdk\targets\Microsoft.NET.Sdk.targets(799,5): message :       FindReferenceAssembliesForReferences;
       C:\Program Files\dotnet\sdk\10.0.101\Sdks\Microsoft.NET.Sdk\targets\Microsoft.NET.Sdk.targets(799,5): message :       _GenerateCompileInputs;
       C:\Program Files\dotnet\sdk\10.0.101\Sdks\Microsoft.NET.Sdk\targets\Microsoft.NET.Sdk.targets(799,5): message :       BeforeCompile;
       C:\Program Files\dotnet\sdk\10.0.101\Sdks\Microsoft.NET.Sdk\targets\Microsoft.NET.Sdk.targets(799,5): message :       _TimeStampBeforeCompile;
       C:\Program Files\dotnet\sdk\10.0.101\Sdks\Microsoft.NET.Sdk\targets\Microsoft.NET.Sdk.targets(799,5): message :       _GenerateCompileDependencyCache;
       C:\Program Files\dotnet\sdk\10.0.101\Sdks\Microsoft.NET.Sdk\targets\Microsoft.NET.Sdk.targets(799,5): message :       CoreCompile;
       C:\Program Files\dotnet\sdk\10.0.101\Sdks\Microsoft.NET.Sdk\targets\Microsoft.NET.Sdk.targets(799,5): message :       _TimeStampAfterCompile;
       C:\Program Files\dotnet\sdk\10.0.101\Sdks\Microsoft.NET.Sdk\targets\Microsoft.NET.Sdk.targets(799,5): message :       AfterCompile;
       C:\Program Files\dotnet\sdk\10.0.101\Sdks\Microsoft.NET.Sdk\targets\Microsoft.NET.Sdk.targets(799,5): message :     ;
       C:\Program Files\dotnet\sdk\10.0.101\Sdks\Microsoft.NET.Sdk\targets\Microsoft.NET.Sdk.targets(799,5): message :       _CreateAppHost;
       C:\Program Files\dotnet\sdk\10.0.101\Sdks\Microsoft.NET.Sdk\targets\Microsoft.NET.Sdk.targets(799,5): message :       _CreateComHost;
       C:\Program Files\dotnet\sdk\10.0.101\Sdks\Microsoft.NET.Sdk\targets\Microsoft.NET.Sdk.targets(799,5): message :       _GetIjwHostPaths;
       C:\Program Files\dotnet\sdk\10.0.101\Sdks\Microsoft.NET.Sdk\targets\Microsoft.NET.Sdk.targets(799,5): message :     " (previous value: "
       C:\Program Files\dotnet\sdk\10.0.101\Sdks\Microsoft.NET.Sdk\targets\Microsoft.NET.Sdk.targets(799,5): message :       ResolveReferences;
       C:\Program Files\dotnet\sdk\10.0.101\Sdks\Microsoft.NET.Sdk\targets\Microsoft.NET.Sdk.targets(799,5): message :       ResolveKeySource;
       C:\Program Files\dotnet\sdk\10.0.101\Sdks\Microsoft.NET.Sdk\targets\Microsoft.NET.Sdk.targets(799,5): message :       SetWin32ManifestProperties;
       C:\Program Files\dotnet\sdk\10.0.101\Sdks\Microsoft.NET.Sdk\targets\Microsoft.NET.Sdk.targets(799,5): message :       _SetPreferNativeArm64Win32ManifestProperties;
       C:\Program Files\dotnet\sdk\10.0.101\Sdks\Microsoft.NET.Sdk\targets\Microsoft.NET.Sdk.targets(799,5): message :       FindReferenceAssembliesForReferences;
       C:\Program Files\dotnet\sdk\10.0.101\Sdks\Microsoft.NET.Sdk\targets\Microsoft.NET.Sdk.targets(799,5): message :       _GenerateCompileInputs;
       C:\Program Files\dotnet\sdk\10.0.101\Sdks\Microsoft.NET.Sdk\targets\Microsoft.NET.Sdk.targets(799,5): message :       BeforeCompile;
       C:\Program Files\dotnet\sdk\10.0.101\Sdks\Microsoft.NET.Sdk\targets\Microsoft.NET.Sdk.targets(799,5): message :       _TimeStampBeforeCompile;
       C:\Program Files\dotnet\sdk\10.0.101\Sdks\Microsoft.NET.Sdk\targets\Microsoft.NET.Sdk.targets(799,5): message :       _GenerateCompileDependencyCache;
       C:\Program Files\dotnet\sdk\10.0.101\Sdks\Microsoft.NET.Sdk\targets\Microsoft.NET.Sdk.targets(799,5): message :       CoreCompile;
       C:\Program Files\dotnet\sdk\10.0.101\Sdks\Microsoft.NET.Sdk\targets\Microsoft.NET.Sdk.targets(799,5): message :       _TimeStampAfterCompile;
       C:\Program Files\dotnet\sdk\10.0.101\Sdks\Microsoft.NET.Sdk\targets\Microsoft.NET.Sdk.targets(799,5): message :       AfterCompile;
       C:\Program Files\dotnet\sdk\10.0.101\Sdks\Microsoft.NET.Sdk\targets\Microsoft.NET.Sdk.targets(799,5): message :     ") at C:\Program Files\dotnet\sdk\10.0.101\Sdks\Microsoft.NET.Sdk\targets\Microsoft.NET.Sdk.targets (799,5)
       C:\Program Files\dotnet\sdk\10.0.101\Sdks\Microsoft.NET.Sdk\targets\Microsoft.NET.Sdk.targets(1131,5): message : Property reassignment: $(CreateSatelliteAssembliesDependsOn)="
       C:\Program Files\dotnet\sdk\10.0.101\Sdks\Microsoft.NET.Sdk\targets\Microsoft.NET.Sdk.targets(1131,5): message :       
       C:\Program Files\dotnet\sdk\10.0.101\Sdks\Microsoft.NET.Sdk\targets\Microsoft.NET.Sdk.targets(1131,5): message :       ;
       C:\Program Files\dotnet\sdk\10.0.101\Sdks\Microsoft.NET.Sdk\targets\Microsoft.NET.Sdk.targets(1131,5): message :       _GenerateSatelliteAssemblyInputs;
       C:\Program Files\dotnet\sdk\10.0.101\Sdks\Microsoft.NET.Sdk\targets\Microsoft.NET.Sdk.targets(1131,5): message :       ComputeIntermediateSatelliteAssemblies;
       C:\Program Files\dotnet\sdk\10.0.101\Sdks\Microsoft.NET.Sdk\targets\Microsoft.NET.Sdk.targets(1131,5): message :       GenerateSatelliteAssemblies
       C:\Program Files\dotnet\sdk\10.0.101\Sdks\Microsoft.NET.Sdk\targets\Microsoft.NET.Sdk.targets(1131,5): message :     ;
       C:\Program Files\dotnet\sdk\10.0.101\Sdks\Microsoft.NET.Sdk\targets\Microsoft.NET.Sdk.targets(1131,5): message :       CoreGenerateSatelliteAssemblies
       C:\Program Files\dotnet\sdk\10.0.101\Sdks\Microsoft.NET.Sdk\targets\Microsoft.NET.Sdk.targets(1131,5): message :     " (previous value: "
       C:\Program Files\dotnet\sdk\10.0.101\Sdks\Microsoft.NET.Sdk\targets\Microsoft.NET.Sdk.targets(1131,5): message :       ;
       C:\Program Files\dotnet\sdk\10.0.101\Sdks\Microsoft.NET.Sdk\targets\Microsoft.NET.Sdk.targets(1131,5): message :       _GenerateSatelliteAssemblyInputs;
       C:\Program Files\dotnet\sdk\10.0.101\Sdks\Microsoft.NET.Sdk\targets\Microsoft.NET.Sdk.targets(1131,5): message :       ComputeIntermediateSatelliteAssemblies;
       C:\Program Files\dotnet\sdk\10.0.101\Sdks\Microsoft.NET.Sdk\targets\Microsoft.NET.Sdk.targets(1131,5): message :       GenerateSatelliteAssemblies
       C:\Program Files\dotnet\sdk\10.0.101\Sdks\Microsoft.NET.Sdk\targets\Microsoft.NET.Sdk.targets(1131,5): message :     ") at C:\Program Files\dotnet\sdk\10.0.101\Sdks\Microsoft.NET.Sdk\targets\Microsoft.NET.Sdk.targets (1131,5)
       C:\Program Files\dotnet\sdk\10.0.101\Sdks\Microsoft.SourceLink.GitLab\build\Microsoft.SourceLink.GitLab.targets(12,5): message : Property reassignment: $(SourceLinkUrlInitializerTargets)=";_InitializeGitHubSourceLinkUrl;_InitializeGitLabSourceLinkUrl" (previous value: ";_InitializeGitHubSourceLinkUrl") at C:\Program Files\dotnet\sdk\10.0.101\Sdks\Microsoft.SourceLink.GitLab\build\Microsoft.SourceLink.GitLab.targets (12,5)
       C:\Program Files\dotnet\sdk\10.0.101\Sdks\Microsoft.SourceLink.GitLab\build\Microsoft.SourceLink.GitLab.targets(13,5): message : Property reassignment: $(SourceControlManagerUrlTranslationTargets)=";TranslateGitHubUrlsInSourceControlInformation;TranslateGitLabUrlsInSourceControlInformation" (previous value: ";TranslateGitHubUrlsInSourceControlInformation") at C:\Program Files\dotnet\sdk\10.0.101\Sdks\Microsoft.SourceLink.GitLab\build\Microsoft.SourceLink.GitLab.targets (13,5)
       C:\Program Files\dotnet\sdk\10.0.101\Sdks\Microsoft.SourceLink.AzureRepos.Git\build\Microsoft.SourceLink.AzureRepos.Git.targets(12,5): message : Property reassignment: $(SourceLinkUrlInitializerTargets)=";_InitializeGitHubSourceLinkUrl;_InitializeGitLabSourceLinkUrl;_InitializeAzureReposGitSourceLinkUrl" (previous value: ";_InitializeGitHubSourceLinkUrl;_InitializeGitLabSourceLinkUrl") at C:\Program Files\dotnet\sdk\10.0.101\Sdks\Microsoft.SourceLink.AzureRepos.Git\build\Microsoft.SourceLink.AzureRepos.Git.targets (12,5)
       C:\Program Files\dotnet\sdk\10.0.101\Sdks\Microsoft.SourceLink.AzureRepos.Git\build\Microsoft.SourceLink.AzureRepos.Git.targets(13,5): message : Property reassignment: $(SourceControlManagerUrlTranslationTargets)=";TranslateGitHubUrlsInSourceControlInformation;TranslateGitLabUrlsInSourceControlInformation;TranslateAzureReposGitUrlsInSourceControlInformation" (previous value: ";TranslateGitHubUrlsInSourceControlInformation;TranslateGitLabUrlsInSourceControlInformation") at C:\Program Files\dotnet\sdk\10.0.101\Sdks\Microsoft.SourceLink.AzureRepos.Git\build\Microsoft.SourceLink.AzureRepos.Git.targets (13,5)
       C:\Program Files\dotnet\sdk\10.0.101\Sdks\Microsoft.SourceLink.Bitbucket.Git\build\Microsoft.SourceLink.Bitbucket.Git.targets(12,5): message : Property reassignment: $(SourceLinkUrlInitializerTargets)=";_InitializeGitHubSourceLinkUrl;_InitializeGitLabSourceLinkUrl;_InitializeAzureReposGitSourceLinkUrl;_InitializeBitbucketGitSourceLinkUrl" (previous value: ";_InitializeGitHubSourceLinkUrl;_InitializeGitLabSourceLinkUrl;_InitializeAzureReposGitSourceLinkUrl") at C:\Program Files\dotnet\sdk\10.0.101\Sdks\Microsoft.SourceLink.Bitbucket.Git\build\Microsoft.SourceLink.Bitbucket.Git.targets (12,5)
       C:\Program Files\dotnet\sdk\10.0.101\Sdks\Microsoft.SourceLink.Bitbucket.Git\build\Microsoft.SourceLink.Bitbucket.Git.targets(13,5): message : Property reassignment: $(SourceControlManagerUrlTranslationTargets)=";TranslateGitHubUrlsInSourceControlInformation;TranslateGitLabUrlsInSourceControlInformation;TranslateAzureReposGitUrlsInSourceControlInformation;TranslateBitbucketGitUrlsInSourceControlInformation" (previous value: ";TranslateGitHubUrlsInSourceControlInformation;TranslateGitLabUrlsInSourceControlInformation;TranslateAzureReposGitUrlsInSourceControlInformation") at C:\Program Files\dotnet\sdk\10.0.101\Sdks\Microsoft.SourceLink.Bitbucket.Git\build\Microsoft.SourceLink.Bitbucket.Git.targets (13,5)
       C:\Program Files\dotnet\sdk\10.0.101\Sdks\Microsoft.NET.Sdk\targets\Microsoft.NET.DesignerSupport.targets(21,5): message : Property reassignment: $(DesignerRuntimeImplementationProjectOutputGroupDependsOn)="
       C:\Program Files\dotnet\sdk\10.0.101\Sdks\Microsoft.NET.Sdk\targets\Microsoft.NET.DesignerSupport.targets(21,5): message :       
       C:\Program Files\dotnet\sdk\10.0.101\Sdks\Microsoft.NET.Sdk\targets\Microsoft.NET.DesignerSupport.targets(21,5): message :       ;
       C:\Program Files\dotnet\sdk\10.0.101\Sdks\Microsoft.NET.Sdk\targets\Microsoft.NET.DesignerSupport.targets(21,5): message :       
       C:\Program Files\dotnet\sdk\10.0.101\Sdks\Microsoft.NET.Sdk\targets\Microsoft.NET.DesignerSupport.targets(21,5): message :       ;
       C:\Program Files\dotnet\sdk\10.0.101\Sdks\Microsoft.NET.Sdk\targets\Microsoft.NET.DesignerSupport.targets(21,5): message :       BuildOnlySettings;
       C:\Program Files\dotnet\sdk\10.0.101\Sdks\Microsoft.NET.Sdk\targets\Microsoft.NET.DesignerSupport.targets(21,5): message :       PrepareForBuild;
       C:\Program Files\dotnet\sdk\10.0.101\Sdks\Microsoft.NET.Sdk\targets\Microsoft.NET.DesignerSupport.targets(21,5): message :       AssignTargetPaths;
       C:\Program Files\dotnet\sdk\10.0.101\Sdks\Microsoft.NET.Sdk\targets\Microsoft.NET.DesignerSupport.targets(21,5): message :       ResolveReferences
       C:\Program Files\dotnet\sdk\10.0.101\Sdks\Microsoft.NET.Sdk\targets\Microsoft.NET.DesignerSupport.targets(21,5): message :     
       C:\Program Files\dotnet\sdk\10.0.101\Sdks\Microsoft.NET.Sdk\targets\Microsoft.NET.DesignerSupport.targets(21,5): message :     ;
       C:\Program Files\dotnet\sdk\10.0.101\Sdks\Microsoft.NET.Sdk\targets\Microsoft.NET.DesignerSupport.targets(21,5): message :       _GenerateDesignerDepsFile;
       C:\Program Files\dotnet\sdk\10.0.101\Sdks\Microsoft.NET.Sdk\targets\Microsoft.NET.DesignerSupport.targets(21,5): message :       _GenerateDesignerRuntimeConfigFile;
       C:\Program Files\dotnet\sdk\10.0.101\Sdks\Microsoft.NET.Sdk\targets\Microsoft.NET.DesignerSupport.targets(21,5): message :       GetCopyToOutputDirectoryItems;
       C:\Program Files\dotnet\sdk\10.0.101\Sdks\Microsoft.NET.Sdk\targets\Microsoft.NET.DesignerSupport.targets(21,5): message :       _GatherDesignerShadowCopyFiles;
       C:\Program Files\dotnet\sdk\10.0.101\Sdks\Microsoft.NET.Sdk\targets\Microsoft.NET.DesignerSupport.targets(21,5): message :     " (previous value: "
       C:\Program Files\dotnet\sdk\10.0.101\Sdks\Microsoft.NET.Sdk\targets\Microsoft.NET.DesignerSupport.targets(21,5): message :       ;
       C:\Program Files\dotnet\sdk\10.0.101\Sdks\Microsoft.NET.Sdk\targets\Microsoft.NET.DesignerSupport.targets(21,5): message :       
       C:\Program Files\dotnet\sdk\10.0.101\Sdks\Microsoft.NET.Sdk\targets\Microsoft.NET.DesignerSupport.targets(21,5): message :       ;
       C:\Program Files\dotnet\sdk\10.0.101\Sdks\Microsoft.NET.Sdk\targets\Microsoft.NET.DesignerSupport.targets(21,5): message :       BuildOnlySettings;
       C:\Program Files\dotnet\sdk\10.0.101\Sdks\Microsoft.NET.Sdk\targets\Microsoft.NET.DesignerSupport.targets(21,5): message :       PrepareForBuild;
       C:\Program Files\dotnet\sdk\10.0.101\Sdks\Microsoft.NET.Sdk\targets\Microsoft.NET.DesignerSupport.targets(21,5): message :       AssignTargetPaths;
       C:\Program Files\dotnet\sdk\10.0.101\Sdks\Microsoft.NET.Sdk\targets\Microsoft.NET.DesignerSupport.targets(21,5): message :       ResolveReferences
       C:\Program Files\dotnet\sdk\10.0.101\Sdks\Microsoft.NET.Sdk\targets\Microsoft.NET.DesignerSupport.targets(21,5): message :     
       C:\Program Files\dotnet\sdk\10.0.101\Sdks\Microsoft.NET.Sdk\targets\Microsoft.NET.DesignerSupport.targets(21,5): message :     ") at C:\Program Files\dotnet\sdk\10.0.101\Sdks\Microsoft.NET.Sdk\targets\Microsoft.NET.DesignerSupport.targets (21,5)
       C:\Program Files\dotnet\sdk\10.0.101\Sdks\Microsoft.NET.Sdk\targets\Microsoft.NET.Sdk.CSharp.targets(31,5): message : Property reassignment: $(DefineConstants)="TRACE;DEBUG" (previous value: "TRACE") at C:\Program Files\dotnet\sdk\10.0.101\Sdks\Microsoft.NET.Sdk\targets\Microsoft.NET.Sdk.CSharp.targets (31,5)
       C:\Program Files\dotnet\sdk\10.0.101\Sdks\Microsoft.NET.Sdk\targets\Microsoft.NET.Sdk.CSharp.targets(45,5): message : Property reassignment: $(WarningsAsErrors)=";NU1605;SYSLIB0011" (previous value: ";NU1605") at C:\Program Files\dotnet\sdk\10.0.101\Sdks\Microsoft.NET.Sdk\targets\Microsoft.NET.Sdk.CSharp.targets (45,5)
       C:\Program Files\dotnet\sdk\10.0.101\NuGet.Build.Tasks.Pack.targets(34,5): message : Property reassignment: $(PackageDescription)="Package Description" (previous value: "") at C:\Program Files\dotnet\sdk\10.0.101\NuGet.Build.Tasks.Pack.targets (34,5)
       C:\Program Files\dotnet\sdk\10.0.101\NuGet.Build.Tasks.Pack.targets(59,5): message : Property reassignment: $(GenerateNuspecDependsOn)="Build;_LoadPackInputItems; _GetTargetFrameworksOutput; _WalkEachTargetPerFramework; _GetPackageFiles; " (previous value: "_LoadPackInputItems; _GetTargetFrameworksOutput; _WalkEachTargetPerFramework; _GetPackageFiles; ") at C:\Program Files\dotnet\sdk\10.0.101\NuGet.Build.Tasks.Pack.targets (59,5)
       C:\Program Files\dotnet\sdk\10.0.101\Sdks\Microsoft.NET.Sdk\Sdk\Sdk.targets(59,5): message : Property reassignment: $(_IsNotSetContainersTargetsDir)="true" (previous value: "false") at C:\Program Files\dotnet\sdk\10.0.101\Sdks\Microsoft.NET.Sdk\Sdk\Sdk.targets (59,5)
       C:\Program Files\dotnet\sdk\10.0.101\Containers\build\Microsoft.NET.Build.Containers.targets(5,5): message : Property reassignment: $(_IsSDKContainerAllowedVersion)="true" (previous value: "false") at C:\Program Files\dotnet\sdk\10.0.101\Containers\build\Microsoft.NET.Build.Containers.targets (5,5)
       C:\Program Files\dotnet\sdk\10.0.101\Containers\build\Microsoft.NET.Build.Containers.targets(15,5): message : Property reassignment: $(_ContainerIsTargetingNet8TFM)="true" (previous value: "false") at C:\Program Files\dotnet\sdk\10.0.101\Containers\build\Microsoft.NET.Build.Containers.targets (15,5)
       C:\Program Files\dotnet\sdk\10.0.101\Sdks\Microsoft.NET.Sdk\targets\Microsoft.NET.Sdk.props(90,5): message : Property reassignment: $(AssemblySearchPaths)="{CandidateAssemblyFiles};{HintPathFromItem}" (previous value: "{CandidateAssemblyFiles}") at C:\Program Files\dotnet\sdk\10.0.101\Sdks\Microsoft.NET.Sdk\targets\Microsoft.NET.Sdk.props (90,5)
       C:\Program Files\dotnet\sdk\10.0.101\Sdks\Microsoft.NET.Sdk\targets\Microsoft.NET.Sdk.props(91,5): message : Property reassignment: $(AssemblySearchPaths)="{CandidateAssemblyFiles};{HintPathFromItem};{TargetFrameworkDirectory}" (previous value: "{CandidateAssemblyFiles};{HintPathFromItem}") at C:\Program Files\dotnet\sdk\10.0.101\Sdks\Microsoft.NET.Sdk\targets\Microsoft.NET.Sdk.props (91,5)
       C:\Program Files\dotnet\sdk\10.0.101\Sdks\Microsoft.NET.Sdk\targets\Microsoft.NET.Sdk.props(92,5): message : Property reassignment: $(AssemblySearchPaths)="{CandidateAssemblyFiles};{HintPathFromItem};{TargetFrameworkDirectory};{RawFileName}" (previous value: "{CandidateAssemblyFiles};{HintPathFromItem};{TargetFrameworkDirectory}") at C:\Program Files\dotnet\sdk\10.0.101\Sdks\Microsoft.NET.Sdk\targets\Microsoft.NET.Sdk.props (92,5)
       The "DefaultSdkResolver" resolver attempted to resolve the SDK "Microsoft.NET.SDK.WorkloadAutoImportPropsLocator".
       Warnings: null
       Errors: MSB4276: The default SDK resolver failed to resolve SDK "Microsoft.NET.SDK.WorkloadAutoImportPropsLocator" because directory "C:\Program Files\dotnet\sdk\10.0.101\Sdks\Microsoft.NET.SDK.WorkloadAutoImportPropsLocator\Sdk" did not exist.
       Reusing node 3 (PID: 39196).
       Overriding target "ResolveFrameworkReferences" in project "C:\Program Files\dotnet\sdk\10.0.101\Microsoft.Common.CurrentVersion.targets" with target "ResolveFrameworkReferences" from project "C:\Program Files\dotnet\sdk\10.0.101\Sdks\Microsoft.NET.Sdk\targets\Microsoft.NET.Sdk.FrameworkReferenceResolution.targets".
       Overriding target "GenerateSupportedTargetFrameworkAlias" in project "C:\Program Files\dotnet\sdk\10.0.101\Microsoft.Common.CurrentVersion.targets" with target "GenerateSupportedTargetFrameworkAlias" from project "C:\Program Files\dotnet\sdk\10.0.101\Sdks\Microsoft.NET.Sdk\targets\Microsoft.NET.Sdk.targets".
       Overriding target "GetReferenceAssemblyPaths" in project "C:\Program Files\dotnet\sdk\10.0.101\Microsoft.Common.CurrentVersion.targets" with target "GetReferenceAssemblyPaths" from project "C:\Program Files\dotnet\sdk\10.0.101\Sdks\Microsoft.NET.Sdk\targets\Microsoft.NET.DisableStandardFrameworkResolution.targets".
       Overriding target "GetFrameworkPaths" in project "C:\Program Files\dotnet\sdk\10.0.101\Microsoft.Common.CurrentVersion.targets" with target "GetFrameworkPaths" from project "C:\Program Files\dotnet\sdk\10.0.101\Sdks\Microsoft.NET.Sdk\targets\Microsoft.NET.DisableStandardFrameworkResolution.targets".
       Overriding target "DesignerRuntimeImplementationProjectOutputGroup" in project "C:\Program Files\dotnet\sdk\10.0.101\Microsoft.Common.CurrentVersion.targets" with target "DesignerRuntimeImplementationProjectOutputGroup" from project "C:\Program Files\dotnet\sdk\10.0.101\Sdks\Microsoft.NET.Sdk\targets\Microsoft.NET.DesignerSupport.targets".
       Overriding target "Publish" in project "C:\Program Files\dotnet\sdk\10.0.101\Microsoft.Common.CurrentVersion.targets" with target "Publish" from project "C:\Program Files\dotnet\sdk\10.0.101\Sdks\Microsoft.NET.Sdk\targets\Microsoft.NET.Publish.targets".
       Overriding target "ResolveReadyToRunCompilers" in project "C:\Program Files\dotnet\sdk\10.0.101\Sdks\Microsoft.NET.Sdk\targets\Microsoft.NET.CrossGen.targets" with target "ResolveReadyToRunCompilers" from project "C:\Program Files\dotnet\sdk\10.0.101\Sdks\Microsoft.NET.Sdk\targets\Microsoft.NET.Publish.targets".
       Overriding target "GetCopyToPublishDirectoryItems" in project "C:\Program Files\dotnet\sdk\10.0.101\Microsoft.Common.CurrentVersion.targets" with target "GetCopyToPublishDirectoryItems" from project "C:\Program Files\dotnet\sdk\10.0.101\Sdks\Microsoft.NET.Sdk\targets\Microsoft.NET.Publish.targets".
       Overriding target "Run" in project "C:\Program Files\dotnet\sdk\10.0.101\Microsoft.Common.CurrentVersion.targets" with target "Run" from project "C:\Program Files\dotnet\sdk\10.0.101\Sdks\Microsoft.NET.Sdk\targets\Microsoft.NET.Sdk.targets".
   1:7>Project "C:\Users\giris\Documents\Code\Redesign-POS\Windows Based POS\Magidesk\Magidesk.Presentation.csproj" (1:7) is building "C:\Users\giris\Documents\Code\Redesign-POS\Windows Based POS\Magidesk\Magidesk.Application\Magidesk.Application.csproj" (2:6) on node 2 (GetTargetFrameworks target(s)).
   2:6>Target "_CalculateIsVSTestTestProject" in file "C:\Program Files\dotnet\sdk\10.0.101\Sdks\Microsoft.NET.Sdk\targets\Microsoft.NET.Sdk.targets" from project "C:\Users\giris\Documents\Code\Redesign-POS\Windows Based POS\Magidesk\Magidesk.Application\Magidesk.Application.csproj" (target "GetTargetFrameworksWithPlatformForSingleTargetFramework" depends on it):
   2:6>Done building target "_CalculateIsVSTestTestProject" in project "Magidesk.Application.csproj".
   2:6>Target "GetTargetFrameworksWithPlatformForSingleTargetFramework" in file "C:\Program Files\dotnet\sdk\10.0.101\Microsoft.Common.CurrentVersion.targets" from project "C:\Users\giris\Documents\Code\Redesign-POS\Windows Based POS\Magidesk\Magidesk.Application\Magidesk.Application.csproj" (target "GetTargetFrameworks" depends on it):
       Using "CombineTargetFrameworkInfoProperties" task from assembly "Microsoft.Build.Tasks.Core, Version=15.1.0.0, Culture=neutral, PublicKeyToken=b03f5f7f11d50a3a".
       Task "CombineTargetFrameworkInfoProperties"
       Done executing task "CombineTargetFrameworkInfoProperties".
   2:6>Done building target "GetTargetFrameworksWithPlatformForSingleTargetFramework" in project "Magidesk.Application.csproj".
   2:6>Target "GetTargetFrameworks" in file "C:\Program Files\dotnet\sdk\10.0.101\Microsoft.Common.CurrentVersion.targets" from project "C:\Users\giris\Documents\Code\Redesign-POS\Windows Based POS\Magidesk\Magidesk.Application\Magidesk.Application.csproj" (entry point):
       Using "CombineXmlElements" task from assembly "Microsoft.Build.Tasks.Core, Version=15.1.0.0, Culture=neutral, PublicKeyToken=b03f5f7f11d50a3a".
       Task "CombineXmlElements"
     0>C:\Program Files\dotnet\sdk\10.0.101\Sdks\Microsoft.NET.Sdk\Sdk\Sdk.props(49,11): message : Property 'MSBuildExtensionsPath' with value 'C:\Program Files\dotnet\sdk\10.0.101\' expanded from the environment.
   2:6>Done executing task "CombineXmlElements".
   2:6>Done building target "GetTargetFrameworks" in project "Magidesk.Application.csproj".
   2:6>Done Building Project "C:\Users\giris\Documents\Code\Redesign-POS\Windows Based POS\Magidesk\Magidesk.Application\Magidesk.Application.csproj" (GetTargetFrameworks target(s)).
     0>C:\Program Files\dotnet\sdk\10.0.101\Current\Microsoft.Common.props(60,5): message : Property reassignment: $(MSBuildProjectExtensionsPath)="C:\Users\giris\Documents\Code\Redesign-POS\Windows Based POS\Magidesk\Magidesk.Domain\obj\" (previous value: "obj\") at C:\Program Files\dotnet\sdk\10.0.101\Current\Microsoft.Common.props (60,5)
       C:\Users\giris\Documents\Code\Redesign-POS\Windows Based POS\Magidesk\Magidesk.Domain\obj\Magidesk.Domain.csproj.nuget.g.props(7,5): message : Property 'USERPROFILE' with value 'C:\Users\giris' expanded from the environment.
       C:\Program Files\dotnet\sdk\10.0.101\Current\Microsoft.Common.props(84,119): message : Property 'MSBuildUserExtensionsPath' with value 'C:\Users\giris\AppData\Local\Microsoft\MSBuild' expanded from the environment.
       C:\Program Files\dotnet\sdk\10.0.101\Sdks\Microsoft.NET.Sdk\targets\Microsoft.NET.Sdk.props(90,5): message : Property reassignment: $(AssemblySearchPaths)="{CandidateAssemblyFiles};{HintPathFromItem}" (previous value: "{CandidateAssemblyFiles}") at C:\Program Files\dotnet\sdk\10.0.101\Sdks\Microsoft.NET.Sdk\targets\Microsoft.NET.Sdk.props (90,5)
       C:\Program Files\dotnet\sdk\10.0.101\Sdks\Microsoft.NET.Sdk\targets\Microsoft.NET.Sdk.props(91,5): message : Property reassignment: $(AssemblySearchPaths)="{CandidateAssemblyFiles};{HintPathFromItem};{TargetFrameworkDirectory}" (previous value: "{CandidateAssemblyFiles};{HintPathFromItem}") at C:\Program Files\dotnet\sdk\10.0.101\Sdks\Microsoft.NET.Sdk\targets\Microsoft.NET.Sdk.props (91,5)
       C:\Program Files\dotnet\sdk\10.0.101\Sdks\Microsoft.NET.Sdk\targets\Microsoft.NET.Sdk.props(92,5): message : Property reassignment: $(AssemblySearchPaths)="{CandidateAssemblyFiles};{HintPathFromItem};{TargetFrameworkDirectory};{RawFileName}" (previous value: "{CandidateAssemblyFiles};{HintPathFromItem};{TargetFrameworkDirectory}") at C:\Program Files\dotnet\sdk\10.0.101\Sdks\Microsoft.NET.Sdk\targets\Microsoft.NET.Sdk.props (92,5)
       The SDK "Microsoft.NET.SDK.WorkloadAutoImportPropsLocator" was successfully resolved by the "Microsoft.DotNet.MSBuildWorkloadSdkResolver" resolver to location "C:\Program Files\dotnet\packs\Microsoft.Android.Sdk.Windows\36.1.2\Sdk" and version "null".
       C:\Program Files\dotnet\sdk\10.0.101\Sdks\Microsoft.NET.Sdk\targets\Microsoft.NET.Sdk.ImportPublishProfile.targets(28,5): message : Property reassignment: $(PublishProfileImported)="false" (previous value: "true") at C:\Program Files\dotnet\sdk\10.0.101\Sdks\Microsoft.NET.Sdk\targets\Microsoft.NET.Sdk.ImportPublishProfile.targets (28,5)
       C:\Program Files\dotnet\sdk\10.0.101\Sdks\Microsoft.NET.Sdk\targets\Microsoft.NET.TargetFrameworkInference.targets(81,5): message : Property reassignment: $(TargetPlatformVersion)="" (previous value: "0.0") at C:\Program Files\dotnet\sdk\10.0.101\Sdks\Microsoft.NET.Sdk\targets\Microsoft.NET.TargetFrameworkInference.targets (81,5)
       C:\Program Files\dotnet\sdk\10.0.101\Sdks\Microsoft.NET.Sdk\targets\Microsoft.NET.DefaultOutputPaths.targets(127,5): message : Property reassignment: $(DefaultItemExcludes)=";bin\Debug\/**;obj\Debug\/**" (previous value: ";bin\Debug\/**") at C:\Program Files\dotnet\sdk\10.0.101\Sdks\Microsoft.NET.Sdk\targets\Microsoft.NET.DefaultOutputPaths.targets (127,5)
       C:\Program Files\dotnet\sdk\10.0.101\Sdks\Microsoft.NET.Sdk\targets\Microsoft.NET.DefaultOutputPaths.targets(142,5): message : Property reassignment: $(OutputPath)="bin\Debug\net8.0\" (previous value: "bin\Debug\") at C:\Program Files\dotnet\sdk\10.0.101\Sdks\Microsoft.NET.Sdk\targets\Microsoft.NET.DefaultOutputPaths.targets (142,5)
       C:\Program Files\dotnet\sdk\10.0.101\Sdks\Microsoft.NET.Sdk\targets\Microsoft.NET.DefaultOutputPaths.targets(147,5): message : Property reassignment: $(IntermediateOutputPath)="obj\Debug\net8.0\" (previous value: "obj\Debug\") at C:\Program Files\dotnet\sdk\10.0.101\Sdks\Microsoft.NET.Sdk\targets\Microsoft.NET.DefaultOutputPaths.targets (147,5)
       The "DefaultSdkResolver" resolver attempted to resolve the SDK "Microsoft.NET.SDK.WorkloadManifestTargetsLocator".
       Warnings: null
       Errors: MSB4276: The default SDK resolver failed to resolve SDK "Microsoft.NET.SDK.WorkloadManifestTargetsLocator" because directory "C:\Program Files\dotnet\sdk\10.0.101\Sdks\Microsoft.NET.SDK.WorkloadManifestTargetsLocator\Sdk" did not exist.
       The SDK "Microsoft.NET.SDK.WorkloadManifestTargetsLocator" was successfully resolved by the "Microsoft.DotNet.MSBuildWorkloadSdkResolver" resolver to location "C:\Program Files\dotnet\sdk-manifests\10.0.100\microsoft.net.sdk.android\36.1.2" and version "null".
       C:\Program Files\dotnet\sdk\10.0.101\Sdks\Microsoft.NET.Sdk\targets\Microsoft.NET.Sdk.BeforeCommon.targets(371,5): message : Property reassignment: $(RoslynTargetsPath)="C:\Program Files\dotnet\sdk\10.0.101\Sdks\Microsoft.NET.Sdk\targets\..\..\..\Roslyn" (previous value: "C:\Program Files\dotnet\sdk\10.0.101\Roslyn") at C:\Program Files\dotnet\sdk\10.0.101\Sdks\Microsoft.NET.Sdk\targets\Microsoft.NET.Sdk.BeforeCommon.targets (371,5)
       C:\Program Files\dotnet\sdk\10.0.101\Roslyn\Microsoft.Managed.Core.targets(6,5): message : Property reassignment: $(_BuildTasksDirectory)="C:\Program Files\dotnet\sdk\10.0.101\Sdks\Microsoft.NET.Sdk\targets\..\..\..\Roslyn\" (previous value: "C:\Program Files\dotnet\sdk\10.0.101\Roslyn\") at C:\Program Files\dotnet\sdk\10.0.101\Roslyn\Microsoft.Managed.Core.targets (6,5)
       C:\Program Files\dotnet\sdk\10.0.101\Roslyn\Microsoft.CSharp.Core.targets(200,5): message : Property reassignment: $(CommandLineArgsForDesignTimeEvaluation)="-langversion:12.0 -define:TRACE" (previous value: "-langversion:12.0") at C:\Program Files\dotnet\sdk\10.0.101\Roslyn\Microsoft.CSharp.Core.targets (200,5)
       C:\Program Files\dotnet\sdk\10.0.101\Microsoft.Common.CurrentVersion.targets(175,5): message : Property reassignment: $(_DebugSymbolsProduced)="true" (previous value: "false") at C:\Program Files\dotnet\sdk\10.0.101\Microsoft.Common.CurrentVersion.targets (175,5)
       C:\Program Files\dotnet\sdk\10.0.101\Microsoft.Common.CurrentVersion.targets(185,5): message : Property reassignment: $(_DocumentationFileProduced)="false" (previous value: "true") at C:\Program Files\dotnet\sdk\10.0.101\Microsoft.Common.CurrentVersion.targets (185,5)
       C:\Program Files\dotnet\sdk\10.0.101\Microsoft.Common.CurrentVersion.targets(392,5): message : Property reassignment: $(MSBuildCopyMarkerName)="Magidesk.E55F6816" (previous value: "Magidesk.Domain.csproj") at C:\Program Files\dotnet\sdk\10.0.101\Microsoft.Common.CurrentVersion.targets (392,5)
       C:\Program Files\dotnet\sdk\10.0.101\Microsoft.Common.CurrentVersion.targets(393,5): message : Property reassignment: $(MSBuildCopyMarkerName)="Magidesk.E55F6816.Up2Date" (previous value: "Magidesk.E55F6816") at C:\Program Files\dotnet\sdk\10.0.101\Microsoft.Common.CurrentVersion.targets (393,5)
       C:\Program Files\dotnet\sdk\10.0.101\Microsoft.Common.CurrentVersion.targets(541,5): message : Property reassignment: $(ProcessorArchitecture)="msil" (previous value: "") at C:\Program Files\dotnet\sdk\10.0.101\Microsoft.Common.CurrentVersion.targets (541,5)
       C:\Program Files\dotnet\sdk\10.0.101\Microsoft.Common.CurrentVersion.targets(580,5): message : Property reassignment: $(DelaySign)="" (previous value: "false") at C:\Program Files\dotnet\sdk\10.0.101\Microsoft.Common.CurrentVersion.targets (580,5)
       C:\Program Files\dotnet\sdk\10.0.101\Microsoft.Common.CurrentVersion.targets(2606,5): message : Property 'LOCALAPPDATA' with value 'C:\Users\giris\AppData\Local' expanded from the environment.
       C:\Program Files\dotnet\sdk\10.0.101\Microsoft.Common.CurrentVersion.targets(3934,5): message : Property reassignment: $(_SGenGenerateSerializationAssembliesConfig)="Auto" (previous value: "") at C:\Program Files\dotnet\sdk\10.0.101\Microsoft.Common.CurrentVersion.targets (3934,5)
       C:\Program Files\dotnet\sdk\10.0.101\Microsoft.Common.CurrentVersion.targets(3935,5): message : Property reassignment: $(_SGenGenerateSerializationAssembliesConfig)="Off" (previous value: "Auto") at C:\Program Files\dotnet\sdk\10.0.101\Microsoft.Common.CurrentVersion.targets (3935,5)
       C:\Program Files\dotnet\sdk\10.0.101\Microsoft.Common.CurrentVersion.targets(5146,5): message : Property reassignment: $(_TargetsThatPrepareProjectReferences)="
       C:\Program Files\dotnet\sdk\10.0.101\Microsoft.Common.CurrentVersion.targets(5146,5): message :       AssignProjectConfiguration;
       C:\Program Files\dotnet\sdk\10.0.101\Microsoft.Common.CurrentVersion.targets(5146,5): message :       _SplitProjectReferencesByFileExistence
       C:\Program Files\dotnet\sdk\10.0.101\Microsoft.Common.CurrentVersion.targets(5146,5): message :     " (previous value: "_SplitProjectReferencesByFileExistence") at C:\Program Files\dotnet\sdk\10.0.101\Microsoft.Common.CurrentVersion.targets (5146,5)
       C:\Program Files\dotnet\sdk\10.0.101\Microsoft.Common.CurrentVersion.targets(6959,5): message : Property 'MSBuildExtensionsPath32' with value 'C:\Program Files\dotnet\sdk\10.0.101' expanded from the environment.
       The "NuGetInteractive" property is a global property, and cannot be modified.
       C:\Program Files\dotnet\sdk\10.0.101\Sdks\Microsoft.NET.Sdk\targets\Microsoft.PackageDependencyResolution.targets(29,5): message : Property reassignment: $(ProjectAssetsCacheFile)="C:\Users\giris\Documents\Code\Redesign-POS\Windows Based POS\Magidesk\Magidesk.Domain\obj\Debug\net8.0\Magidesk.Domain.assets.cache" (previous value: "obj\Debug\net8.0\Magidesk.Domain.assets.cache") at C:\Program Files\dotnet\sdk\10.0.101\Sdks\Microsoft.NET.Sdk\targets\Microsoft.PackageDependencyResolution.targets (29,5)
       C:\Program Files\dotnet\sdk\10.0.101\Sdks\Microsoft.NET.Sdk\targets\Microsoft.PackageDependencyResolution.targets(80,5): message : Property reassignment: $(ResolveAssemblyReferencesDependsOn)="
       C:\Program Files\dotnet\sdk\10.0.101\Sdks\Microsoft.NET.Sdk\targets\Microsoft.PackageDependencyResolution.targets(80,5): message :       
       C:\Program Files\dotnet\sdk\10.0.101\Sdks\Microsoft.NET.Sdk\targets\Microsoft.PackageDependencyResolution.targets(80,5): message :       ResolveProjectReferences;
       C:\Program Files\dotnet\sdk\10.0.101\Sdks\Microsoft.NET.Sdk\targets\Microsoft.PackageDependencyResolution.targets(80,5): message :       FindInvalidProjectReferences;
       C:\Program Files\dotnet\sdk\10.0.101\Sdks\Microsoft.NET.Sdk\targets\Microsoft.PackageDependencyResolution.targets(80,5): message :       GetFrameworkPaths;
       C:\Program Files\dotnet\sdk\10.0.101\Sdks\Microsoft.NET.Sdk\targets\Microsoft.PackageDependencyResolution.targets(80,5): message :       GetReferenceAssemblyPaths;
       C:\Program Files\dotnet\sdk\10.0.101\Sdks\Microsoft.NET.Sdk\targets\Microsoft.PackageDependencyResolution.targets(80,5): message :       PrepareForBuild;
       C:\Program Files\dotnet\sdk\10.0.101\Sdks\Microsoft.NET.Sdk\targets\Microsoft.PackageDependencyResolution.targets(80,5): message :       ResolveSDKReferences;
       C:\Program Files\dotnet\sdk\10.0.101\Sdks\Microsoft.NET.Sdk\targets\Microsoft.PackageDependencyResolution.targets(80,5): message :       ExpandSDKReferences;
       C:\Program Files\dotnet\sdk\10.0.101\Sdks\Microsoft.NET.Sdk\targets\Microsoft.PackageDependencyResolution.targets(80,5): message :     ;
       C:\Program Files\dotnet\sdk\10.0.101\Sdks\Microsoft.NET.Sdk\targets\Microsoft.PackageDependencyResolution.targets(80,5): message :       ResolvePackageDependenciesForBuild;
       C:\Program Files\dotnet\sdk\10.0.101\Sdks\Microsoft.NET.Sdk\targets\Microsoft.PackageDependencyResolution.targets(80,5): message :       _HandlePackageFileConflicts;
       C:\Program Files\dotnet\sdk\10.0.101\Sdks\Microsoft.NET.Sdk\targets\Microsoft.PackageDependencyResolution.targets(80,5): message :     " (previous value: "
       C:\Program Files\dotnet\sdk\10.0.101\Sdks\Microsoft.NET.Sdk\targets\Microsoft.PackageDependencyResolution.targets(80,5): message :       ResolveProjectReferences;
       C:\Program Files\dotnet\sdk\10.0.101\Sdks\Microsoft.NET.Sdk\targets\Microsoft.PackageDependencyResolution.targets(80,5): message :       FindInvalidProjectReferences;
       C:\Program Files\dotnet\sdk\10.0.101\Sdks\Microsoft.NET.Sdk\targets\Microsoft.PackageDependencyResolution.targets(80,5): message :       GetFrameworkPaths;
       C:\Program Files\dotnet\sdk\10.0.101\Sdks\Microsoft.NET.Sdk\targets\Microsoft.PackageDependencyResolution.targets(80,5): message :       GetReferenceAssemblyPaths;
       C:\Program Files\dotnet\sdk\10.0.101\Sdks\Microsoft.NET.Sdk\targets\Microsoft.PackageDependencyResolution.targets(80,5): message :       PrepareForBuild;
       C:\Program Files\dotnet\sdk\10.0.101\Sdks\Microsoft.NET.Sdk\targets\Microsoft.PackageDependencyResolution.targets(80,5): message :       ResolveSDKReferences;
       C:\Program Files\dotnet\sdk\10.0.101\Sdks\Microsoft.NET.Sdk\targets\Microsoft.PackageDependencyResolution.targets(80,5): message :       ExpandSDKReferences;
       C:\Program Files\dotnet\sdk\10.0.101\Sdks\Microsoft.NET.Sdk\targets\Microsoft.PackageDependencyResolution.targets(80,5): message :     ") at C:\Program Files\dotnet\sdk\10.0.101\Sdks\Microsoft.NET.Sdk\targets\Microsoft.PackageDependencyResolution.targets (80,5)
       C:\Program Files\dotnet\sdk\10.0.101\Sdks\Microsoft.NET.Sdk\targets\Microsoft.PackageDependencyResolution.targets(86,5): message : Property reassignment: $(PrepareResourcesDependsOn)="
       C:\Program Files\dotnet\sdk\10.0.101\Sdks\Microsoft.NET.Sdk\targets\Microsoft.PackageDependencyResolution.targets(86,5): message :       ResolvePackageDependenciesForBuild;
       C:\Program Files\dotnet\sdk\10.0.101\Sdks\Microsoft.NET.Sdk\targets\Microsoft.PackageDependencyResolution.targets(86,5): message :       _HandlePackageFileConflicts;
       C:\Program Files\dotnet\sdk\10.0.101\Sdks\Microsoft.NET.Sdk\targets\Microsoft.PackageDependencyResolution.targets(86,5): message :       
       C:\Program Files\dotnet\sdk\10.0.101\Sdks\Microsoft.NET.Sdk\targets\Microsoft.PackageDependencyResolution.targets(86,5): message :       ;
       C:\Program Files\dotnet\sdk\10.0.101\Sdks\Microsoft.NET.Sdk\targets\Microsoft.PackageDependencyResolution.targets(86,5): message :       PrepareResourceNames;
       C:\Program Files\dotnet\sdk\10.0.101\Sdks\Microsoft.NET.Sdk\targets\Microsoft.PackageDependencyResolution.targets(86,5): message :       ResGen;
       C:\Program Files\dotnet\sdk\10.0.101\Sdks\Microsoft.NET.Sdk\targets\Microsoft.PackageDependencyResolution.targets(86,5): message :       CompileLicxFiles
       C:\Program Files\dotnet\sdk\10.0.101\Sdks\Microsoft.NET.Sdk\targets\Microsoft.PackageDependencyResolution.targets(86,5): message :     
       C:\Program Files\dotnet\sdk\10.0.101\Sdks\Microsoft.NET.Sdk\targets\Microsoft.PackageDependencyResolution.targets(86,5): message :     " (previous value: "
       C:\Program Files\dotnet\sdk\10.0.101\Sdks\Microsoft.NET.Sdk\targets\Microsoft.PackageDependencyResolution.targets(86,5): message :       ;
       C:\Program Files\dotnet\sdk\10.0.101\Sdks\Microsoft.NET.Sdk\targets\Microsoft.PackageDependencyResolution.targets(86,5): message :       PrepareResourceNames;
       C:\Program Files\dotnet\sdk\10.0.101\Sdks\Microsoft.NET.Sdk\targets\Microsoft.PackageDependencyResolution.targets(86,5): message :       ResGen;
       C:\Program Files\dotnet\sdk\10.0.101\Sdks\Microsoft.NET.Sdk\targets\Microsoft.PackageDependencyResolution.targets(86,5): message :       CompileLicxFiles
       C:\Program Files\dotnet\sdk\10.0.101\Sdks\Microsoft.NET.Sdk\targets\Microsoft.PackageDependencyResolution.targets(86,5): message :     ") at C:\Program Files\dotnet\sdk\10.0.101\Sdks\Microsoft.NET.Sdk\targets\Microsoft.PackageDependencyResolution.targets (86,5)
       C:\Program Files\dotnet\sdk\10.0.101\Sdks\Microsoft.NET.Sdk\targets\Microsoft.NET.Sdk.DefaultItems.targets(35,5): message : Property reassignment: $(DefaultItemExcludes)=";bin\Debug\/**;obj\Debug\/**;bin\/**" (previous value: ";bin\Debug\/**;obj\Debug\/**") at C:\Program Files\dotnet\sdk\10.0.101\Sdks\Microsoft.NET.Sdk\targets\Microsoft.NET.Sdk.DefaultItems.targets (35,5)
       C:\Program Files\dotnet\sdk\10.0.101\Sdks\Microsoft.NET.Sdk\targets\Microsoft.NET.Sdk.DefaultItems.targets(37,5): message : Property reassignment: $(DefaultItemExcludes)=";bin\Debug\/**;obj\Debug\/**;bin\/**;obj\/**" (previous value: ";bin\Debug\/**;obj\Debug\/**;bin\/**") at C:\Program Files\dotnet\sdk\10.0.101\Sdks\Microsoft.NET.Sdk\targets\Microsoft.NET.Sdk.DefaultItems.targets (37,5)
       C:\Program Files\dotnet\sdk\10.0.101\Sdks\Microsoft.NET.Sdk\targets\Microsoft.NET.Sdk.DefaultItems.targets(40,5): message : Property reassignment: $(DefaultItemExcludes)=";bin\Debug\/**;obj\Debug\/**;bin\/**;obj\/**;**/*.user" (previous value: ";bin\Debug\/**;obj\Debug\/**;bin\/**;obj\/**") at C:\Program Files\dotnet\sdk\10.0.101\Sdks\Microsoft.NET.Sdk\targets\Microsoft.NET.Sdk.DefaultItems.targets (40,5)
       C:\Program Files\dotnet\sdk\10.0.101\Sdks\Microsoft.NET.Sdk\targets\Microsoft.NET.Sdk.DefaultItems.targets(41,5): message : Property reassignment: $(DefaultItemExcludes)=";bin\Debug\/**;obj\Debug\/**;bin\/**;obj\/**;**/*.user;**/*.*proj" (previous value: ";bin\Debug\/**;obj\Debug\/**;bin\/**;obj\/**;**/*.user") at C:\Program Files\dotnet\sdk\10.0.101\Sdks\Microsoft.NET.Sdk\targets\Microsoft.NET.Sdk.DefaultItems.targets (41,5)
       C:\Program Files\dotnet\sdk\10.0.101\Sdks\Microsoft.NET.Sdk\targets\Microsoft.NET.Sdk.DefaultItems.targets(42,5): message : Property reassignment: $(DefaultItemExcludes)=";bin\Debug\/**;obj\Debug\/**;bin\/**;obj\/**;**/*.user;**/*.*proj;**/*.sln" (previous value: ";bin\Debug\/**;obj\Debug\/**;bin\/**;obj\/**;**/*.user;**/*.*proj") at C:\Program Files\dotnet\sdk\10.0.101\Sdks\Microsoft.NET.Sdk\targets\Microsoft.NET.Sdk.DefaultItems.targets (42,5)
       C:\Program Files\dotnet\sdk\10.0.101\Sdks\Microsoft.NET.Sdk\targets\Microsoft.NET.Sdk.DefaultItems.targets(43,5): message : Property reassignment: $(DefaultItemExcludes)=";bin\Debug\/**;obj\Debug\/**;bin\/**;obj\/**;**/*.user;**/*.*proj;**/*.sln;**/*.slnx" (previous value: ";bin\Debug\/**;obj\Debug\/**;bin\/**;obj\/**;**/*.user;**/*.*proj;**/*.sln") at C:\Program Files\dotnet\sdk\10.0.101\Sdks\Microsoft.NET.Sdk\targets\Microsoft.NET.Sdk.DefaultItems.targets (43,5)
       C:\Program Files\dotnet\sdk\10.0.101\Sdks\Microsoft.NET.Sdk\targets\Microsoft.NET.Sdk.DefaultItems.targets(44,5): message : Property reassignment: $(DefaultItemExcludes)=";bin\Debug\/**;obj\Debug\/**;bin\/**;obj\/**;**/*.user;**/*.*proj;**/*.sln;**/*.slnx;**/*.vssscc" (previous value: ";bin\Debug\/**;obj\Debug\/**;bin\/**;obj\/**;**/*.user;**/*.*proj;**/*.sln;**/*.slnx") at C:\Program Files\dotnet\sdk\10.0.101\Sdks\Microsoft.NET.Sdk\targets\Microsoft.NET.Sdk.DefaultItems.targets (44,5)
       C:\Program Files\dotnet\sdk\10.0.101\Sdks\Microsoft.NET.Sdk\targets\Microsoft.NET.Sdk.DefaultItems.targets(45,5): message : Property reassignment: $(DefaultItemExcludes)=";bin\Debug\/**;obj\Debug\/**;bin\/**;obj\/**;**/*.user;**/*.*proj;**/*.sln;**/*.slnx;**/*.vssscc;**/.DS_Store" (previous value: ";bin\Debug\/**;obj\Debug\/**;bin\/**;obj\/**;**/*.user;**/*.*proj;**/*.sln;**/*.slnx;**/*.vssscc") at C:\Program Files\dotnet\sdk\10.0.101\Sdks\Microsoft.NET.Sdk\targets\Microsoft.NET.Sdk.DefaultItems.targets (45,5)
       C:\Program Files\dotnet\sdk\10.0.101\Sdks\Microsoft.NET.Sdk\targets\Microsoft.NET.Sdk.FrameworkReferenceResolution.targets(14,5): message : Property reassignment: $(ResolveAssemblyReferencesDependsOn)="
       C:\Program Files\dotnet\sdk\10.0.101\Sdks\Microsoft.NET.Sdk\targets\Microsoft.NET.Sdk.FrameworkReferenceResolution.targets(14,5): message :       
       C:\Program Files\dotnet\sdk\10.0.101\Sdks\Microsoft.NET.Sdk\targets\Microsoft.NET.Sdk.FrameworkReferenceResolution.targets(14,5): message :       
       C:\Program Files\dotnet\sdk\10.0.101\Sdks\Microsoft.NET.Sdk\targets\Microsoft.NET.Sdk.FrameworkReferenceResolution.targets(14,5): message :       ResolveProjectReferences;
       C:\Program Files\dotnet\sdk\10.0.101\Sdks\Microsoft.NET.Sdk\targets\Microsoft.NET.Sdk.FrameworkReferenceResolution.targets(14,5): message :       FindInvalidProjectReferences;
       C:\Program Files\dotnet\sdk\10.0.101\Sdks\Microsoft.NET.Sdk\targets\Microsoft.NET.Sdk.FrameworkReferenceResolution.targets(14,5): message :       GetFrameworkPaths;
       C:\Program Files\dotnet\sdk\10.0.101\Sdks\Microsoft.NET.Sdk\targets\Microsoft.NET.Sdk.FrameworkReferenceResolution.targets(14,5): message :       GetReferenceAssemblyPaths;
       C:\Program Files\dotnet\sdk\10.0.101\Sdks\Microsoft.NET.Sdk\targets\Microsoft.NET.Sdk.FrameworkReferenceResolution.targets(14,5): message :       PrepareForBuild;
       C:\Program Files\dotnet\sdk\10.0.101\Sdks\Microsoft.NET.Sdk\targets\Microsoft.NET.Sdk.FrameworkReferenceResolution.targets(14,5): message :       ResolveSDKReferences;
       C:\Program Files\dotnet\sdk\10.0.101\Sdks\Microsoft.NET.Sdk\targets\Microsoft.NET.Sdk.FrameworkReferenceResolution.targets(14,5): message :       ExpandSDKReferences;
       C:\Program Files\dotnet\sdk\10.0.101\Sdks\Microsoft.NET.Sdk\targets\Microsoft.NET.Sdk.FrameworkReferenceResolution.targets(14,5): message :     ;
       C:\Program Files\dotnet\sdk\10.0.101\Sdks\Microsoft.NET.Sdk\targets\Microsoft.NET.Sdk.FrameworkReferenceResolution.targets(14,5): message :       ResolvePackageDependenciesForBuild;
       C:\Program Files\dotnet\sdk\10.0.101\Sdks\Microsoft.NET.Sdk\targets\Microsoft.NET.Sdk.FrameworkReferenceResolution.targets(14,5): message :       _HandlePackageFileConflicts;
       C:\Program Files\dotnet\sdk\10.0.101\Sdks\Microsoft.NET.Sdk\targets\Microsoft.NET.Sdk.FrameworkReferenceResolution.targets(14,5): message :     ;
       C:\Program Files\dotnet\sdk\10.0.101\Sdks\Microsoft.NET.Sdk\targets\Microsoft.NET.Sdk.FrameworkReferenceResolution.targets(14,5): message :       ResolveTargetingPackAssets;
       C:\Program Files\dotnet\sdk\10.0.101\Sdks\Microsoft.NET.Sdk\targets\Microsoft.NET.Sdk.FrameworkReferenceResolution.targets(14,5): message :     " (previous value: "
       C:\Program Files\dotnet\sdk\10.0.101\Sdks\Microsoft.NET.Sdk\targets\Microsoft.NET.Sdk.FrameworkReferenceResolution.targets(14,5): message :       
       C:\Program Files\dotnet\sdk\10.0.101\Sdks\Microsoft.NET.Sdk\targets\Microsoft.NET.Sdk.FrameworkReferenceResolution.targets(14,5): message :       ResolveProjectReferences;
       C:\Program Files\dotnet\sdk\10.0.101\Sdks\Microsoft.NET.Sdk\targets\Microsoft.NET.Sdk.FrameworkReferenceResolution.targets(14,5): message :       FindInvalidProjectReferences;
       C:\Program Files\dotnet\sdk\10.0.101\Sdks\Microsoft.NET.Sdk\targets\Microsoft.NET.Sdk.FrameworkReferenceResolution.targets(14,5): message :       GetFrameworkPaths;
       C:\Program Files\dotnet\sdk\10.0.101\Sdks\Microsoft.NET.Sdk\targets\Microsoft.NET.Sdk.FrameworkReferenceResolution.targets(14,5): message :       GetReferenceAssemblyPaths;
       C:\Program Files\dotnet\sdk\10.0.101\Sdks\Microsoft.NET.Sdk\targets\Microsoft.NET.Sdk.FrameworkReferenceResolution.targets(14,5): message :       PrepareForBuild;
       C:\Program Files\dotnet\sdk\10.0.101\Sdks\Microsoft.NET.Sdk\targets\Microsoft.NET.Sdk.FrameworkReferenceResolution.targets(14,5): message :       ResolveSDKReferences;
       C:\Program Files\dotnet\sdk\10.0.101\Sdks\Microsoft.NET.Sdk\targets\Microsoft.NET.Sdk.FrameworkReferenceResolution.targets(14,5): message :       ExpandSDKReferences;
       C:\Program Files\dotnet\sdk\10.0.101\Sdks\Microsoft.NET.Sdk\targets\Microsoft.NET.Sdk.FrameworkReferenceResolution.targets(14,5): message :     ;
       C:\Program Files\dotnet\sdk\10.0.101\Sdks\Microsoft.NET.Sdk\targets\Microsoft.NET.Sdk.FrameworkReferenceResolution.targets(14,5): message :       ResolvePackageDependenciesForBuild;
       C:\Program Files\dotnet\sdk\10.0.101\Sdks\Microsoft.NET.Sdk\targets\Microsoft.NET.Sdk.FrameworkReferenceResolution.targets(14,5): message :       _HandlePackageFileConflicts;
       C:\Program Files\dotnet\sdk\10.0.101\Sdks\Microsoft.NET.Sdk\targets\Microsoft.NET.Sdk.FrameworkReferenceResolution.targets(14,5): message :     ") at C:\Program Files\dotnet\sdk\10.0.101\Sdks\Microsoft.NET.Sdk\targets\Microsoft.NET.Sdk.FrameworkReferenceResolution.targets (14,5)
       C:\Program Files\dotnet\sdk\10.0.101\Sdks\Microsoft.NET.Sdk\targets\Microsoft.NET.Sdk.targets(44,5): message : Property reassignment: $(_GenerateRuntimeConfigurationPropertyInputsCache)="C:\Users\giris\Documents\Code\Redesign-POS\Windows Based POS\Magidesk\Magidesk.Domain\obj\Debug\net8.0\Magidesk.Domain.genruntimeconfig.cache" (previous value: "obj\Debug\net8.0\Magidesk.Domain.genruntimeconfig.cache") at C:\Program Files\dotnet\sdk\10.0.101\Sdks\Microsoft.NET.Sdk\targets\Microsoft.NET.Sdk.targets (44,5)
       C:\Program Files\dotnet\sdk\10.0.101\Sdks\Microsoft.NET.Sdk\targets\Microsoft.NET.Sdk.targets(46,5): message : Property reassignment: $(_GeneratePublishDependencyFilePropertyInputsCache)="C:\Users\giris\Documents\Code\Redesign-POS\Windows Based POS\Magidesk\Magidesk.Domain\obj\Debug\net8.0\Magidesk.Domain.genpublishdeps.cache" (previous value: "obj\Debug\net8.0\Magidesk.Domain.genpublishdeps.cache") at C:\Program Files\dotnet\sdk\10.0.101\Sdks\Microsoft.NET.Sdk\targets\Microsoft.NET.Sdk.targets (46,5)
       C:\Program Files\dotnet\sdk\10.0.101\Sdks\Microsoft.NET.Sdk\targets\Microsoft.NET.Sdk.targets(48,5): message : Property reassignment: $(_GenerateSingleFileBundlePropertyInputsCache)="C:\Users\giris\Documents\Code\Redesign-POS\Windows Based POS\Magidesk\Magidesk.Domain\obj\Debug\net8.0\Magidesk.Domain.genbundle.cache" (previous value: "obj\Debug\net8.0\Magidesk.Domain.genbundle.cache") at C:\Program Files\dotnet\sdk\10.0.101\Sdks\Microsoft.NET.Sdk\targets\Microsoft.NET.Sdk.targets (48,5)
       C:\Program Files\dotnet\sdk\10.0.101\Sdks\Microsoft.NET.Sdk\targets\Microsoft.NET.Sdk.targets(81,5): message : Property reassignment: $(GenerateRuntimeConfigDevFile)="false" (previous value: "true") at C:\Program Files\dotnet\sdk\10.0.101\Sdks\Microsoft.NET.Sdk\targets\Microsoft.NET.Sdk.targets (81,5)
       C:\Program Files\dotnet\sdk\10.0.101\Sdks\Microsoft.NET.Sdk\targets\Microsoft.NET.Sdk.targets(98,5): message : Property reassignment: $(_DefaultUserProfileRuntimeStorePath)="C:\Users\giris" (previous value: "") at C:\Program Files\dotnet\sdk\10.0.101\Sdks\Microsoft.NET.Sdk\targets\Microsoft.NET.Sdk.targets (98,5)
       C:\Program Files\dotnet\sdk\10.0.101\Sdks\Microsoft.NET.Sdk\targets\Microsoft.NET.Sdk.targets(99,5): message : Property reassignment: $(_DefaultUserProfileRuntimeStorePath)="C:\Users\giris\.dotnet\store" (previous value: "C:\Users\giris") at C:\Program Files\dotnet\sdk\10.0.101\Sdks\Microsoft.NET.Sdk\targets\Microsoft.NET.Sdk.targets (99,5)
       C:\Program Files\dotnet\sdk\10.0.101\Sdks\Microsoft.NET.Sdk\targets\Microsoft.NET.Sdk.targets(144,5): message : Property reassignment: $(AvailablePlatforms)="Any CPU,x86,x64,ARM32" (previous value: "Any CPU,x86,x64") at C:\Program Files\dotnet\sdk\10.0.101\Sdks\Microsoft.NET.Sdk\targets\Microsoft.NET.Sdk.targets (144,5)
       C:\Program Files\dotnet\sdk\10.0.101\Sdks\Microsoft.NET.Sdk\targets\Microsoft.NET.Sdk.targets(148,5): message : Property reassignment: $(AvailablePlatforms)="Any CPU,x86,x64,ARM32,ARM64" (previous value: "Any CPU,x86,x64,ARM32") at C:\Program Files\dotnet\sdk\10.0.101\Sdks\Microsoft.NET.Sdk\targets\Microsoft.NET.Sdk.targets (148,5)
       C:\Program Files\dotnet\sdk\10.0.101\Sdks\Microsoft.NET.Sdk\targets\Microsoft.NET.Sdk.targets(204,5): message : Property reassignment: $(CoreBuildDependsOn)="
       C:\Program Files\dotnet\sdk\10.0.101\Sdks\Microsoft.NET.Sdk\targets\Microsoft.NET.Sdk.targets(204,5): message :       _CheckForBuildWithNoBuild;
       C:\Program Files\dotnet\sdk\10.0.101\Sdks\Microsoft.NET.Sdk\targets\Microsoft.NET.Sdk.targets(204,5): message :       
       C:\Program Files\dotnet\sdk\10.0.101\Sdks\Microsoft.NET.Sdk\targets\Microsoft.NET.Sdk.targets(204,5): message :       BuildOnlySettings;
       C:\Program Files\dotnet\sdk\10.0.101\Sdks\Microsoft.NET.Sdk\targets\Microsoft.NET.Sdk.targets(204,5): message :       PrepareForBuild;
       C:\Program Files\dotnet\sdk\10.0.101\Sdks\Microsoft.NET.Sdk\targets\Microsoft.NET.Sdk.targets(204,5): message :       PreBuildEvent;
       C:\Program Files\dotnet\sdk\10.0.101\Sdks\Microsoft.NET.Sdk\targets\Microsoft.NET.Sdk.targets(204,5): message :       ResolveReferences;
       C:\Program Files\dotnet\sdk\10.0.101\Sdks\Microsoft.NET.Sdk\targets\Microsoft.NET.Sdk.targets(204,5): message :       PrepareResources;
       C:\Program Files\dotnet\sdk\10.0.101\Sdks\Microsoft.NET.Sdk\targets\Microsoft.NET.Sdk.targets(204,5): message :       ResolveKeySource;
       C:\Program Files\dotnet\sdk\10.0.101\Sdks\Microsoft.NET.Sdk\targets\Microsoft.NET.Sdk.targets(204,5): message :       Compile;
       C:\Program Files\dotnet\sdk\10.0.101\Sdks\Microsoft.NET.Sdk\targets\Microsoft.NET.Sdk.targets(204,5): message :       ExportWindowsMDFile;
       C:\Program Files\dotnet\sdk\10.0.101\Sdks\Microsoft.NET.Sdk\targets\Microsoft.NET.Sdk.targets(204,5): message :       UnmanagedUnregistration;
       C:\Program Files\dotnet\sdk\10.0.101\Sdks\Microsoft.NET.Sdk\targets\Microsoft.NET.Sdk.targets(204,5): message :       GenerateSerializationAssemblies;
       C:\Program Files\dotnet\sdk\10.0.101\Sdks\Microsoft.NET.Sdk\targets\Microsoft.NET.Sdk.targets(204,5): message :       CreateSatelliteAssemblies;
       C:\Program Files\dotnet\sdk\10.0.101\Sdks\Microsoft.NET.Sdk\targets\Microsoft.NET.Sdk.targets(204,5): message :       GenerateManifests;
       C:\Program Files\dotnet\sdk\10.0.101\Sdks\Microsoft.NET.Sdk\targets\Microsoft.NET.Sdk.targets(204,5): message :       GetTargetPath;
       C:\Program Files\dotnet\sdk\10.0.101\Sdks\Microsoft.NET.Sdk\targets\Microsoft.NET.Sdk.targets(204,5): message :       PrepareForRun;
       C:\Program Files\dotnet\sdk\10.0.101\Sdks\Microsoft.NET.Sdk\targets\Microsoft.NET.Sdk.targets(204,5): message :       UnmanagedRegistration;
       C:\Program Files\dotnet\sdk\10.0.101\Sdks\Microsoft.NET.Sdk\targets\Microsoft.NET.Sdk.targets(204,5): message :       IncrementalClean;
       C:\Program Files\dotnet\sdk\10.0.101\Sdks\Microsoft.NET.Sdk\targets\Microsoft.NET.Sdk.targets(204,5): message :       PostBuildEvent
       C:\Program Files\dotnet\sdk\10.0.101\Sdks\Microsoft.NET.Sdk\targets\Microsoft.NET.Sdk.targets(204,5): message :     ;
       C:\Program Files\dotnet\sdk\10.0.101\Sdks\Microsoft.NET.Sdk\targets\Microsoft.NET.Sdk.targets(204,5): message :       GenerateBuildDependencyFile;
       C:\Program Files\dotnet\sdk\10.0.101\Sdks\Microsoft.NET.Sdk\targets\Microsoft.NET.Sdk.targets(204,5): message :       GenerateBuildRuntimeConfigurationFiles
       C:\Program Files\dotnet\sdk\10.0.101\Sdks\Microsoft.NET.Sdk\targets\Microsoft.NET.Sdk.targets(204,5): message :     " (previous value: "
       C:\Program Files\dotnet\sdk\10.0.101\Sdks\Microsoft.NET.Sdk\targets\Microsoft.NET.Sdk.targets(204,5): message :       BuildOnlySettings;
       C:\Program Files\dotnet\sdk\10.0.101\Sdks\Microsoft.NET.Sdk\targets\Microsoft.NET.Sdk.targets(204,5): message :       PrepareForBuild;
       C:\Program Files\dotnet\sdk\10.0.101\Sdks\Microsoft.NET.Sdk\targets\Microsoft.NET.Sdk.targets(204,5): message :       PreBuildEvent;
       C:\Program Files\dotnet\sdk\10.0.101\Sdks\Microsoft.NET.Sdk\targets\Microsoft.NET.Sdk.targets(204,5): message :       ResolveReferences;
       C:\Program Files\dotnet\sdk\10.0.101\Sdks\Microsoft.NET.Sdk\targets\Microsoft.NET.Sdk.targets(204,5): message :       PrepareResources;
       C:\Program Files\dotnet\sdk\10.0.101\Sdks\Microsoft.NET.Sdk\targets\Microsoft.NET.Sdk.targets(204,5): message :       ResolveKeySource;
       C:\Program Files\dotnet\sdk\10.0.101\Sdks\Microsoft.NET.Sdk\targets\Microsoft.NET.Sdk.targets(204,5): message :       Compile;
       C:\Program Files\dotnet\sdk\10.0.101\Sdks\Microsoft.NET.Sdk\targets\Microsoft.NET.Sdk.targets(204,5): message :       ExportWindowsMDFile;
       C:\Program Files\dotnet\sdk\10.0.101\Sdks\Microsoft.NET.Sdk\targets\Microsoft.NET.Sdk.targets(204,5): message :       UnmanagedUnregistration;
       C:\Program Files\dotnet\sdk\10.0.101\Sdks\Microsoft.NET.Sdk\targets\Microsoft.NET.Sdk.targets(204,5): message :       GenerateSerializationAssemblies;
       C:\Program Files\dotnet\sdk\10.0.101\Sdks\Microsoft.NET.Sdk\targets\Microsoft.NET.Sdk.targets(204,5): message :       CreateSatelliteAssemblies;
       C:\Program Files\dotnet\sdk\10.0.101\Sdks\Microsoft.NET.Sdk\targets\Microsoft.NET.Sdk.targets(204,5): message :       GenerateManifests;
       C:\Program Files\dotnet\sdk\10.0.101\Sdks\Microsoft.NET.Sdk\targets\Microsoft.NET.Sdk.targets(204,5): message :       GetTargetPath;
       C:\Program Files\dotnet\sdk\10.0.101\Sdks\Microsoft.NET.Sdk\targets\Microsoft.NET.Sdk.targets(204,5): message :       PrepareForRun;
       C:\Program Files\dotnet\sdk\10.0.101\Sdks\Microsoft.NET.Sdk\targets\Microsoft.NET.Sdk.targets(204,5): message :       UnmanagedRegistration;
       C:\Program Files\dotnet\sdk\10.0.101\Sdks\Microsoft.NET.Sdk\targets\Microsoft.NET.Sdk.targets(204,5): message :       IncrementalClean;
       C:\Program Files\dotnet\sdk\10.0.101\Sdks\Microsoft.NET.Sdk\targets\Microsoft.NET.Sdk.targets(204,5): message :       PostBuildEvent
       C:\Program Files\dotnet\sdk\10.0.101\Sdks\Microsoft.NET.Sdk\targets\Microsoft.NET.Sdk.targets(204,5): message :     ") at C:\Program Files\dotnet\sdk\10.0.101\Sdks\Microsoft.NET.Sdk\targets\Microsoft.NET.Sdk.targets (204,5)
       C:\Program Files\dotnet\sdk\10.0.101\Sdks\Microsoft.NET.Sdk\targets\Microsoft.NET.Sdk.targets(213,5): message : Property reassignment: $(CoreCleanDependsOn)="
       C:\Program Files\dotnet\sdk\10.0.101\Sdks\Microsoft.NET.Sdk\targets\Microsoft.NET.Sdk.targets(213,5): message :       _SdkBeforeClean;
       C:\Program Files\dotnet\sdk\10.0.101\Sdks\Microsoft.NET.Sdk\targets\Microsoft.NET.Sdk.targets(213,5): message :       
       C:\Program Files\dotnet\sdk\10.0.101\Sdks\Microsoft.NET.Sdk\targets\Microsoft.NET.Sdk.targets(213,5): message :     " (previous value: "") at C:\Program Files\dotnet\sdk\10.0.101\Sdks\Microsoft.NET.Sdk\targets\Microsoft.NET.Sdk.targets (213,5)
       C:\Program Files\dotnet\sdk\10.0.101\Sdks\Microsoft.NET.Sdk\targets\Microsoft.NET.Sdk.targets(220,5): message : Property reassignment: $(RebuildDependsOn)="
       C:\Program Files\dotnet\sdk\10.0.101\Sdks\Microsoft.NET.Sdk\targets\Microsoft.NET.Sdk.targets(220,5): message :       _SdkBeforeRebuild;
       C:\Program Files\dotnet\sdk\10.0.101\Sdks\Microsoft.NET.Sdk\targets\Microsoft.NET.Sdk.targets(220,5): message :       
       C:\Program Files\dotnet\sdk\10.0.101\Sdks\Microsoft.NET.Sdk\targets\Microsoft.NET.Sdk.targets(220,5): message :       BeforeRebuild;
       C:\Program Files\dotnet\sdk\10.0.101\Sdks\Microsoft.NET.Sdk\targets\Microsoft.NET.Sdk.targets(220,5): message :       Clean;
       C:\Program Files\dotnet\sdk\10.0.101\Sdks\Microsoft.NET.Sdk\targets\Microsoft.NET.Sdk.targets(220,5): message :       Build;
       C:\Program Files\dotnet\sdk\10.0.101\Sdks\Microsoft.NET.Sdk\targets\Microsoft.NET.Sdk.targets(220,5): message :       AfterRebuild;
       C:\Program Files\dotnet\sdk\10.0.101\Sdks\Microsoft.NET.Sdk\targets\Microsoft.NET.Sdk.targets(220,5): message :     
       C:\Program Files\dotnet\sdk\10.0.101\Sdks\Microsoft.NET.Sdk\targets\Microsoft.NET.Sdk.targets(220,5): message :     " (previous value: "
       C:\Program Files\dotnet\sdk\10.0.101\Sdks\Microsoft.NET.Sdk\targets\Microsoft.NET.Sdk.targets(220,5): message :       BeforeRebuild;
       C:\Program Files\dotnet\sdk\10.0.101\Sdks\Microsoft.NET.Sdk\targets\Microsoft.NET.Sdk.targets(220,5): message :       Clean;
       C:\Program Files\dotnet\sdk\10.0.101\Sdks\Microsoft.NET.Sdk\targets\Microsoft.NET.Sdk.targets(220,5): message :       Build;
       C:\Program Files\dotnet\sdk\10.0.101\Sdks\Microsoft.NET.Sdk\targets\Microsoft.NET.Sdk.targets(220,5): message :       AfterRebuild;
       C:\Program Files\dotnet\sdk\10.0.101\Sdks\Microsoft.NET.Sdk\targets\Microsoft.NET.Sdk.targets(220,5): message :     ") at C:\Program Files\dotnet\sdk\10.0.101\Sdks\Microsoft.NET.Sdk\targets\Microsoft.NET.Sdk.targets (220,5)
       C:\Program Files\dotnet\sdk\10.0.101\Sdks\Microsoft.NET.Sdk\targets\Microsoft.NET.Sdk.targets(799,5): message : Property reassignment: $(CompileDependsOn)="
       C:\Program Files\dotnet\sdk\10.0.101\Sdks\Microsoft.NET.Sdk\targets\Microsoft.NET.Sdk.targets(799,5): message :       
       C:\Program Files\dotnet\sdk\10.0.101\Sdks\Microsoft.NET.Sdk\targets\Microsoft.NET.Sdk.targets(799,5): message :       ResolveReferences;
       C:\Program Files\dotnet\sdk\10.0.101\Sdks\Microsoft.NET.Sdk\targets\Microsoft.NET.Sdk.targets(799,5): message :       ResolveKeySource;
       C:\Program Files\dotnet\sdk\10.0.101\Sdks\Microsoft.NET.Sdk\targets\Microsoft.NET.Sdk.targets(799,5): message :       SetWin32ManifestProperties;
       C:\Program Files\dotnet\sdk\10.0.101\Sdks\Microsoft.NET.Sdk\targets\Microsoft.NET.Sdk.targets(799,5): message :       _SetPreferNativeArm64Win32ManifestProperties;
       C:\Program Files\dotnet\sdk\10.0.101\Sdks\Microsoft.NET.Sdk\targets\Microsoft.NET.Sdk.targets(799,5): message :       FindReferenceAssembliesForReferences;
       C:\Program Files\dotnet\sdk\10.0.101\Sdks\Microsoft.NET.Sdk\targets\Microsoft.NET.Sdk.targets(799,5): message :       _GenerateCompileInputs;
       C:\Program Files\dotnet\sdk\10.0.101\Sdks\Microsoft.NET.Sdk\targets\Microsoft.NET.Sdk.targets(799,5): message :       BeforeCompile;
       C:\Program Files\dotnet\sdk\10.0.101\Sdks\Microsoft.NET.Sdk\targets\Microsoft.NET.Sdk.targets(799,5): message :       _TimeStampBeforeCompile;
       C:\Program Files\dotnet\sdk\10.0.101\Sdks\Microsoft.NET.Sdk\targets\Microsoft.NET.Sdk.targets(799,5): message :       _GenerateCompileDependencyCache;
       C:\Program Files\dotnet\sdk\10.0.101\Sdks\Microsoft.NET.Sdk\targets\Microsoft.NET.Sdk.targets(799,5): message :       CoreCompile;
       C:\Program Files\dotnet\sdk\10.0.101\Sdks\Microsoft.NET.Sdk\targets\Microsoft.NET.Sdk.targets(799,5): message :       _TimeStampAfterCompile;
       C:\Program Files\dotnet\sdk\10.0.101\Sdks\Microsoft.NET.Sdk\targets\Microsoft.NET.Sdk.targets(799,5): message :       AfterCompile;
       C:\Program Files\dotnet\sdk\10.0.101\Sdks\Microsoft.NET.Sdk\targets\Microsoft.NET.Sdk.targets(799,5): message :     ;
       C:\Program Files\dotnet\sdk\10.0.101\Sdks\Microsoft.NET.Sdk\targets\Microsoft.NET.Sdk.targets(799,5): message :       _CreateAppHost;
       C:\Program Files\dotnet\sdk\10.0.101\Sdks\Microsoft.NET.Sdk\targets\Microsoft.NET.Sdk.targets(799,5): message :       _CreateComHost;
       C:\Program Files\dotnet\sdk\10.0.101\Sdks\Microsoft.NET.Sdk\targets\Microsoft.NET.Sdk.targets(799,5): message :       _GetIjwHostPaths;
       C:\Program Files\dotnet\sdk\10.0.101\Sdks\Microsoft.NET.Sdk\targets\Microsoft.NET.Sdk.targets(799,5): message :     " (previous value: "
       C:\Program Files\dotnet\sdk\10.0.101\Sdks\Microsoft.NET.Sdk\targets\Microsoft.NET.Sdk.targets(799,5): message :       ResolveReferences;
       C:\Program Files\dotnet\sdk\10.0.101\Sdks\Microsoft.NET.Sdk\targets\Microsoft.NET.Sdk.targets(799,5): message :       ResolveKeySource;
       C:\Program Files\dotnet\sdk\10.0.101\Sdks\Microsoft.NET.Sdk\targets\Microsoft.NET.Sdk.targets(799,5): message :       SetWin32ManifestProperties;
       C:\Program Files\dotnet\sdk\10.0.101\Sdks\Microsoft.NET.Sdk\targets\Microsoft.NET.Sdk.targets(799,5): message :       _SetPreferNativeArm64Win32ManifestProperties;
       C:\Program Files\dotnet\sdk\10.0.101\Sdks\Microsoft.NET.Sdk\targets\Microsoft.NET.Sdk.targets(799,5): message :       FindReferenceAssembliesForReferences;
       C:\Program Files\dotnet\sdk\10.0.101\Sdks\Microsoft.NET.Sdk\targets\Microsoft.NET.Sdk.targets(799,5): message :       _GenerateCompileInputs;
       C:\Program Files\dotnet\sdk\10.0.101\Sdks\Microsoft.NET.Sdk\targets\Microsoft.NET.Sdk.targets(799,5): message :       BeforeCompile;
       C:\Program Files\dotnet\sdk\10.0.101\Sdks\Microsoft.NET.Sdk\targets\Microsoft.NET.Sdk.targets(799,5): message :       _TimeStampBeforeCompile;
       C:\Program Files\dotnet\sdk\10.0.101\Sdks\Microsoft.NET.Sdk\targets\Microsoft.NET.Sdk.targets(799,5): message :       _GenerateCompileDependencyCache;
       C:\Program Files\dotnet\sdk\10.0.101\Sdks\Microsoft.NET.Sdk\targets\Microsoft.NET.Sdk.targets(799,5): message :       CoreCompile;
       C:\Program Files\dotnet\sdk\10.0.101\Sdks\Microsoft.NET.Sdk\targets\Microsoft.NET.Sdk.targets(799,5): message :       _TimeStampAfterCompile;
       C:\Program Files\dotnet\sdk\10.0.101\Sdks\Microsoft.NET.Sdk\targets\Microsoft.NET.Sdk.targets(799,5): message :       AfterCompile;
       C:\Program Files\dotnet\sdk\10.0.101\Sdks\Microsoft.NET.Sdk\targets\Microsoft.NET.Sdk.targets(799,5): message :     ") at C:\Program Files\dotnet\sdk\10.0.101\Sdks\Microsoft.NET.Sdk\targets\Microsoft.NET.Sdk.targets (799,5)
       C:\Program Files\dotnet\sdk\10.0.101\Sdks\Microsoft.NET.Sdk\targets\Microsoft.NET.Sdk.targets(1131,5): message : Property reassignment: $(CreateSatelliteAssembliesDependsOn)="
       C:\Program Files\dotnet\sdk\10.0.101\Sdks\Microsoft.NET.Sdk\targets\Microsoft.NET.Sdk.targets(1131,5): message :       
       C:\Program Files\dotnet\sdk\10.0.101\Sdks\Microsoft.NET.Sdk\targets\Microsoft.NET.Sdk.targets(1131,5): message :       ;
       C:\Program Files\dotnet\sdk\10.0.101\Sdks\Microsoft.NET.Sdk\targets\Microsoft.NET.Sdk.targets(1131,5): message :       _GenerateSatelliteAssemblyInputs;
       C:\Program Files\dotnet\sdk\10.0.101\Sdks\Microsoft.NET.Sdk\targets\Microsoft.NET.Sdk.targets(1131,5): message :       ComputeIntermediateSatelliteAssemblies;
       C:\Program Files\dotnet\sdk\10.0.101\Sdks\Microsoft.NET.Sdk\targets\Microsoft.NET.Sdk.targets(1131,5): message :       GenerateSatelliteAssemblies
       C:\Program Files\dotnet\sdk\10.0.101\Sdks\Microsoft.NET.Sdk\targets\Microsoft.NET.Sdk.targets(1131,5): message :     ;
       C:\Program Files\dotnet\sdk\10.0.101\Sdks\Microsoft.NET.Sdk\targets\Microsoft.NET.Sdk.targets(1131,5): message :       CoreGenerateSatelliteAssemblies
       C:\Program Files\dotnet\sdk\10.0.101\Sdks\Microsoft.NET.Sdk\targets\Microsoft.NET.Sdk.targets(1131,5): message :     " (previous value: "
       C:\Program Files\dotnet\sdk\10.0.101\Sdks\Microsoft.NET.Sdk\targets\Microsoft.NET.Sdk.targets(1131,5): message :       ;
       C:\Program Files\dotnet\sdk\10.0.101\Sdks\Microsoft.NET.Sdk\targets\Microsoft.NET.Sdk.targets(1131,5): message :       _GenerateSatelliteAssemblyInputs;
       C:\Program Files\dotnet\sdk\10.0.101\Sdks\Microsoft.NET.Sdk\targets\Microsoft.NET.Sdk.targets(1131,5): message :       ComputeIntermediateSatelliteAssemblies;
       C:\Program Files\dotnet\sdk\10.0.101\Sdks\Microsoft.NET.Sdk\targets\Microsoft.NET.Sdk.targets(1131,5): message :       GenerateSatelliteAssemblies
       C:\Program Files\dotnet\sdk\10.0.101\Sdks\Microsoft.NET.Sdk\targets\Microsoft.NET.Sdk.targets(1131,5): message :     ") at C:\Program Files\dotnet\sdk\10.0.101\Sdks\Microsoft.NET.Sdk\targets\Microsoft.NET.Sdk.targets (1131,5)
       C:\Program Files\dotnet\sdk\10.0.101\Sdks\Microsoft.SourceLink.GitLab\build\Microsoft.SourceLink.GitLab.targets(12,5): message : Property reassignment: $(SourceLinkUrlInitializerTargets)=";_InitializeGitHubSourceLinkUrl;_InitializeGitLabSourceLinkUrl" (previous value: ";_InitializeGitHubSourceLinkUrl") at C:\Program Files\dotnet\sdk\10.0.101\Sdks\Microsoft.SourceLink.GitLab\build\Microsoft.SourceLink.GitLab.targets (12,5)
       C:\Program Files\dotnet\sdk\10.0.101\Sdks\Microsoft.SourceLink.GitLab\build\Microsoft.SourceLink.GitLab.targets(13,5): message : Property reassignment: $(SourceControlManagerUrlTranslationTargets)=";TranslateGitHubUrlsInSourceControlInformation;TranslateGitLabUrlsInSourceControlInformation" (previous value: ";TranslateGitHubUrlsInSourceControlInformation") at C:\Program Files\dotnet\sdk\10.0.101\Sdks\Microsoft.SourceLink.GitLab\build\Microsoft.SourceLink.GitLab.targets (13,5)
       C:\Program Files\dotnet\sdk\10.0.101\Sdks\Microsoft.SourceLink.AzureRepos.Git\build\Microsoft.SourceLink.AzureRepos.Git.targets(12,5): message : Property reassignment: $(SourceLinkUrlInitializerTargets)=";_InitializeGitHubSourceLinkUrl;_InitializeGitLabSourceLinkUrl;_InitializeAzureReposGitSourceLinkUrl" (previous value: ";_InitializeGitHubSourceLinkUrl;_InitializeGitLabSourceLinkUrl") at C:\Program Files\dotnet\sdk\10.0.101\Sdks\Microsoft.SourceLink.AzureRepos.Git\build\Microsoft.SourceLink.AzureRepos.Git.targets (12,5)
       C:\Program Files\dotnet\sdk\10.0.101\Sdks\Microsoft.SourceLink.AzureRepos.Git\build\Microsoft.SourceLink.AzureRepos.Git.targets(13,5): message : Property reassignment: $(SourceControlManagerUrlTranslationTargets)=";TranslateGitHubUrlsInSourceControlInformation;TranslateGitLabUrlsInSourceControlInformation;TranslateAzureReposGitUrlsInSourceControlInformation" (previous value: ";TranslateGitHubUrlsInSourceControlInformation;TranslateGitLabUrlsInSourceControlInformation") at C:\Program Files\dotnet\sdk\10.0.101\Sdks\Microsoft.SourceLink.AzureRepos.Git\build\Microsoft.SourceLink.AzureRepos.Git.targets (13,5)
       C:\Program Files\dotnet\sdk\10.0.101\Sdks\Microsoft.SourceLink.Bitbucket.Git\build\Microsoft.SourceLink.Bitbucket.Git.targets(12,5): message : Property reassignment: $(SourceLinkUrlInitializerTargets)=";_InitializeGitHubSourceLinkUrl;_InitializeGitLabSourceLinkUrl;_InitializeAzureReposGitSourceLinkUrl;_InitializeBitbucketGitSourceLinkUrl" (previous value: ";_InitializeGitHubSourceLinkUrl;_InitializeGitLabSourceLinkUrl;_InitializeAzureReposGitSourceLinkUrl") at C:\Program Files\dotnet\sdk\10.0.101\Sdks\Microsoft.SourceLink.Bitbucket.Git\build\Microsoft.SourceLink.Bitbucket.Git.targets (12,5)
       C:\Program Files\dotnet\sdk\10.0.101\Sdks\Microsoft.SourceLink.Bitbucket.Git\build\Microsoft.SourceLink.Bitbucket.Git.targets(13,5): message : Property reassignment: $(SourceControlManagerUrlTranslationTargets)=";TranslateGitHubUrlsInSourceControlInformation;TranslateGitLabUrlsInSourceControlInformation;TranslateAzureReposGitUrlsInSourceControlInformation;TranslateBitbucketGitUrlsInSourceControlInformation" (previous value: ";TranslateGitHubUrlsInSourceControlInformation;TranslateGitLabUrlsInSourceControlInformation;TranslateAzureReposGitUrlsInSourceControlInformation") at C:\Program Files\dotnet\sdk\10.0.101\Sdks\Microsoft.SourceLink.Bitbucket.Git\build\Microsoft.SourceLink.Bitbucket.Git.targets (13,5)
       C:\Program Files\dotnet\sdk\10.0.101\Sdks\Microsoft.NET.Sdk\targets\Microsoft.NET.DesignerSupport.targets(21,5): message : Property reassignment: $(DesignerRuntimeImplementationProjectOutputGroupDependsOn)="
       C:\Program Files\dotnet\sdk\10.0.101\Sdks\Microsoft.NET.Sdk\targets\Microsoft.NET.DesignerSupport.targets(21,5): message :       
       C:\Program Files\dotnet\sdk\10.0.101\Sdks\Microsoft.NET.Sdk\targets\Microsoft.NET.DesignerSupport.targets(21,5): message :       ;
       C:\Program Files\dotnet\sdk\10.0.101\Sdks\Microsoft.NET.Sdk\targets\Microsoft.NET.DesignerSupport.targets(21,5): message :       
       C:\Program Files\dotnet\sdk\10.0.101\Sdks\Microsoft.NET.Sdk\targets\Microsoft.NET.DesignerSupport.targets(21,5): message :       ;
       C:\Program Files\dotnet\sdk\10.0.101\Sdks\Microsoft.NET.Sdk\targets\Microsoft.NET.DesignerSupport.targets(21,5): message :       BuildOnlySettings;
       C:\Program Files\dotnet\sdk\10.0.101\Sdks\Microsoft.NET.Sdk\targets\Microsoft.NET.DesignerSupport.targets(21,5): message :       PrepareForBuild;
       C:\Program Files\dotnet\sdk\10.0.101\Sdks\Microsoft.NET.Sdk\targets\Microsoft.NET.DesignerSupport.targets(21,5): message :       AssignTargetPaths;
       C:\Program Files\dotnet\sdk\10.0.101\Sdks\Microsoft.NET.Sdk\targets\Microsoft.NET.DesignerSupport.targets(21,5): message :       ResolveReferences
       C:\Program Files\dotnet\sdk\10.0.101\Sdks\Microsoft.NET.Sdk\targets\Microsoft.NET.DesignerSupport.targets(21,5): message :     
       C:\Program Files\dotnet\sdk\10.0.101\Sdks\Microsoft.NET.Sdk\targets\Microsoft.NET.DesignerSupport.targets(21,5): message :     ;
       C:\Program Files\dotnet\sdk\10.0.101\Sdks\Microsoft.NET.Sdk\targets\Microsoft.NET.DesignerSupport.targets(21,5): message :       _GenerateDesignerDepsFile;
       C:\Program Files\dotnet\sdk\10.0.101\Sdks\Microsoft.NET.Sdk\targets\Microsoft.NET.DesignerSupport.targets(21,5): message :       _GenerateDesignerRuntimeConfigFile;
       C:\Program Files\dotnet\sdk\10.0.101\Sdks\Microsoft.NET.Sdk\targets\Microsoft.NET.DesignerSupport.targets(21,5): message :       GetCopyToOutputDirectoryItems;
       C:\Program Files\dotnet\sdk\10.0.101\Sdks\Microsoft.NET.Sdk\targets\Microsoft.NET.DesignerSupport.targets(21,5): message :       _GatherDesignerShadowCopyFiles;
       C:\Program Files\dotnet\sdk\10.0.101\Sdks\Microsoft.NET.Sdk\targets\Microsoft.NET.DesignerSupport.targets(21,5): message :     " (previous value: "
       C:\Program Files\dotnet\sdk\10.0.101\Sdks\Microsoft.NET.Sdk\targets\Microsoft.NET.DesignerSupport.targets(21,5): message :       ;
       C:\Program Files\dotnet\sdk\10.0.101\Sdks\Microsoft.NET.Sdk\targets\Microsoft.NET.DesignerSupport.targets(21,5): message :       
       C:\Program Files\dotnet\sdk\10.0.101\Sdks\Microsoft.NET.Sdk\targets\Microsoft.NET.DesignerSupport.targets(21,5): message :       ;
       C:\Program Files\dotnet\sdk\10.0.101\Sdks\Microsoft.NET.Sdk\targets\Microsoft.NET.DesignerSupport.targets(21,5): message :       BuildOnlySettings;
       C:\Program Files\dotnet\sdk\10.0.101\Sdks\Microsoft.NET.Sdk\targets\Microsoft.NET.DesignerSupport.targets(21,5): message :       PrepareForBuild;
       C:\Program Files\dotnet\sdk\10.0.101\Sdks\Microsoft.NET.Sdk\targets\Microsoft.NET.DesignerSupport.targets(21,5): message :       AssignTargetPaths;
       C:\Program Files\dotnet\sdk\10.0.101\Sdks\Microsoft.NET.Sdk\targets\Microsoft.NET.DesignerSupport.targets(21,5): message :       ResolveReferences
       C:\Program Files\dotnet\sdk\10.0.101\Sdks\Microsoft.NET.Sdk\targets\Microsoft.NET.DesignerSupport.targets(21,5): message :     
       C:\Program Files\dotnet\sdk\10.0.101\Sdks\Microsoft.NET.Sdk\targets\Microsoft.NET.DesignerSupport.targets(21,5): message :     ") at C:\Program Files\dotnet\sdk\10.0.101\Sdks\Microsoft.NET.Sdk\targets\Microsoft.NET.DesignerSupport.targets (21,5)
       C:\Program Files\dotnet\sdk\10.0.101\Sdks\Microsoft.NET.Sdk\targets\Microsoft.NET.Sdk.CSharp.targets(31,5): message : Property reassignment: $(DefineConstants)="TRACE;DEBUG" (previous value: "TRACE") at C:\Program Files\dotnet\sdk\10.0.101\Sdks\Microsoft.NET.Sdk\targets\Microsoft.NET.Sdk.CSharp.targets (31,5)
       C:\Program Files\dotnet\sdk\10.0.101\Sdks\Microsoft.NET.Sdk\targets\Microsoft.NET.Sdk.CSharp.targets(45,5): message : Property reassignment: $(WarningsAsErrors)=";NU1605;SYSLIB0011" (previous value: ";NU1605") at C:\Program Files\dotnet\sdk\10.0.101\Sdks\Microsoft.NET.Sdk\targets\Microsoft.NET.Sdk.CSharp.targets (45,5)
       C:\Program Files\dotnet\sdk\10.0.101\NuGet.Build.Tasks.Pack.targets(34,5): message : Property reassignment: $(PackageDescription)="Package Description" (previous value: "") at C:\Program Files\dotnet\sdk\10.0.101\NuGet.Build.Tasks.Pack.targets (34,5)
       C:\Program Files\dotnet\sdk\10.0.101\NuGet.Build.Tasks.Pack.targets(59,5): message : Property reassignment: $(GenerateNuspecDependsOn)="Build;_LoadPackInputItems; _GetTargetFrameworksOutput; _WalkEachTargetPerFramework; _GetPackageFiles; " (previous value: "_LoadPackInputItems; _GetTargetFrameworksOutput; _WalkEachTargetPerFramework; _GetPackageFiles; ") at C:\Program Files\dotnet\sdk\10.0.101\NuGet.Build.Tasks.Pack.targets (59,5)
       C:\Program Files\dotnet\sdk\10.0.101\Sdks\Microsoft.NET.Sdk\Sdk\Sdk.targets(59,5): message : Property reassignment: $(_IsNotSetContainersTargetsDir)="true" (previous value: "false") at C:\Program Files\dotnet\sdk\10.0.101\Sdks\Microsoft.NET.Sdk\Sdk\Sdk.targets (59,5)
       C:\Program Files\dotnet\sdk\10.0.101\Containers\build\Microsoft.NET.Build.Containers.targets(5,5): message : Property reassignment: $(_IsSDKContainerAllowedVersion)="true" (previous value: "false") at C:\Program Files\dotnet\sdk\10.0.101\Containers\build\Microsoft.NET.Build.Containers.targets (5,5)
       C:\Program Files\dotnet\sdk\10.0.101\Containers\build\Microsoft.NET.Build.Containers.targets(15,5): message : Property reassignment: $(_ContainerIsTargetingNet8TFM)="true" (previous value: "false") at C:\Program Files\dotnet\sdk\10.0.101\Containers\build\Microsoft.NET.Build.Containers.targets (15,5)
       Overriding target "ResolveFrameworkReferences" in project "C:\Program Files\dotnet\sdk\10.0.101\Microsoft.Common.CurrentVersion.targets" with target "ResolveFrameworkReferences" from project "C:\Program Files\dotnet\sdk\10.0.101\Sdks\Microsoft.NET.Sdk\targets\Microsoft.NET.Sdk.FrameworkReferenceResolution.targets".
       Overriding target "GenerateSupportedTargetFrameworkAlias" in project "C:\Program Files\dotnet\sdk\10.0.101\Microsoft.Common.CurrentVersion.targets" with target "GenerateSupportedTargetFrameworkAlias" from project "C:\Program Files\dotnet\sdk\10.0.101\Sdks\Microsoft.NET.Sdk\targets\Microsoft.NET.Sdk.targets".
       Overriding target "GetReferenceAssemblyPaths" in project "C:\Program Files\dotnet\sdk\10.0.101\Microsoft.Common.CurrentVersion.targets" with target "GetReferenceAssemblyPaths" from project "C:\Program Files\dotnet\sdk\10.0.101\Sdks\Microsoft.NET.Sdk\targets\Microsoft.NET.DisableStandardFrameworkResolution.targets".
       Overriding target "GetFrameworkPaths" in project "C:\Program Files\dotnet\sdk\10.0.101\Microsoft.Common.CurrentVersion.targets" with target "GetFrameworkPaths" from project "C:\Program Files\dotnet\sdk\10.0.101\Sdks\Microsoft.NET.Sdk\targets\Microsoft.NET.DisableStandardFrameworkResolution.targets".
       Overriding target "DesignerRuntimeImplementationProjectOutputGroup" in project "C:\Program Files\dotnet\sdk\10.0.101\Microsoft.Common.CurrentVersion.targets" with target "DesignerRuntimeImplementationProjectOutputGroup" from project "C:\Program Files\dotnet\sdk\10.0.101\Sdks\Microsoft.NET.Sdk\targets\Microsoft.NET.DesignerSupport.targets".
       Overriding target "Publish" in project "C:\Program Files\dotnet\sdk\10.0.101\Microsoft.Common.CurrentVersion.targets" with target "Publish" from project "C:\Program Files\dotnet\sdk\10.0.101\Sdks\Microsoft.NET.Sdk\targets\Microsoft.NET.Publish.targets".
       Overriding target "ResolveReadyToRunCompilers" in project "C:\Program Files\dotnet\sdk\10.0.101\Sdks\Microsoft.NET.Sdk\targets\Microsoft.NET.CrossGen.targets" with target "ResolveReadyToRunCompilers" from project "C:\Program Files\dotnet\sdk\10.0.101\Sdks\Microsoft.NET.Sdk\targets\Microsoft.NET.Publish.targets".
       Overriding target "GetCopyToPublishDirectoryItems" in project "C:\Program Files\dotnet\sdk\10.0.101\Microsoft.Common.CurrentVersion.targets" with target "GetCopyToPublishDirectoryItems" from project "C:\Program Files\dotnet\sdk\10.0.101\Sdks\Microsoft.NET.Sdk\targets\Microsoft.NET.Publish.targets".
       Overriding target "Run" in project "C:\Program Files\dotnet\sdk\10.0.101\Microsoft.Common.CurrentVersion.targets" with target "Run" from project "C:\Program Files\dotnet\sdk\10.0.101\Sdks\Microsoft.NET.Sdk\targets\Microsoft.NET.Sdk.targets".
   1:7>Project "C:\Users\giris\Documents\Code\Redesign-POS\Windows Based POS\Magidesk\Magidesk.Presentation.csproj" (1:7) is building "C:\Users\giris\Documents\Code\Redesign-POS\Windows Based POS\Magidesk\Magidesk.Domain\Magidesk.Domain.csproj" (3:6) on node 3 (GetTargetFrameworks target(s)).
   3:6>Target "_CalculateIsVSTestTestProject" in file "C:\Program Files\dotnet\sdk\10.0.101\Sdks\Microsoft.NET.Sdk\targets\Microsoft.NET.Sdk.targets" from project "C:\Users\giris\Documents\Code\Redesign-POS\Windows Based POS\Magidesk\Magidesk.Domain\Magidesk.Domain.csproj" (target "GetTargetFrameworksWithPlatformForSingleTargetFramework" depends on it):
   3:6>Done building target "_CalculateIsVSTestTestProject" in project "Magidesk.Domain.csproj".
   3:6>Target "GetTargetFrameworksWithPlatformForSingleTargetFramework" in file "C:\Program Files\dotnet\sdk\10.0.101\Microsoft.Common.CurrentVersion.targets" from project "C:\Users\giris\Documents\Code\Redesign-POS\Windows Based POS\Magidesk\Magidesk.Domain\Magidesk.Domain.csproj" (target "GetTargetFrameworks" depends on it):
       Using "CombineTargetFrameworkInfoProperties" task from assembly "Microsoft.Build.Tasks.Core, Version=15.1.0.0, Culture=neutral, PublicKeyToken=b03f5f7f11d50a3a".
       Task "CombineTargetFrameworkInfoProperties"
       Done executing task "CombineTargetFrameworkInfoProperties".
   3:6>Done building target "GetTargetFrameworksWithPlatformForSingleTargetFramework" in project "Magidesk.Domain.csproj".
   3:6>Target "GetTargetFrameworks" in file "C:\Program Files\dotnet\sdk\10.0.101\Microsoft.Common.CurrentVersion.targets" from project "C:\Users\giris\Documents\Code\Redesign-POS\Windows Based POS\Magidesk\Magidesk.Domain\Magidesk.Domain.csproj" (entry point):
       Using "CombineXmlElements" task from assembly "Microsoft.Build.Tasks.Core, Version=15.1.0.0, Culture=neutral, PublicKeyToken=b03f5f7f11d50a3a".
       Task "CombineXmlElements"
       Done executing task "CombineXmlElements".
   3:6>Done building target "GetTargetFrameworks" in project "Magidesk.Domain.csproj".
   3:6>Done Building Project "C:\Users\giris\Documents\Code\Redesign-POS\Windows Based POS\Magidesk\Magidesk.Domain\Magidesk.Domain.csproj" (GetTargetFrameworks target(s)).
     0>C:\Program Files\dotnet\sdk\10.0.101\Sdks\Microsoft.NET.Sdk\targets\Microsoft.NET.Sdk.ImportPublishProfile.targets(28,5): message : Property reassignment: $(PublishProfileImported)="false" (previous value: "true") at C:\Program Files\dotnet\sdk\10.0.101\Sdks\Microsoft.NET.Sdk\targets\Microsoft.NET.Sdk.ImportPublishProfile.targets (28,5)
       C:\Program Files\dotnet\sdk\10.0.101\Sdks\Microsoft.NET.Sdk\targets\Microsoft.NET.TargetFrameworkInference.targets(81,5): message : Property reassignment: $(TargetPlatformVersion)="" (previous value: "0.0") at C:\Program Files\dotnet\sdk\10.0.101\Sdks\Microsoft.NET.Sdk\targets\Microsoft.NET.TargetFrameworkInference.targets (81,5)
       C:\Program Files\dotnet\sdk\10.0.101\Sdks\Microsoft.NET.Sdk\targets\Microsoft.NET.DefaultOutputPaths.targets(127,5): message : Property reassignment: $(DefaultItemExcludes)=";bin\Debug\/**;obj\Debug\/**" (previous value: ";bin\Debug\/**") at C:\Program Files\dotnet\sdk\10.0.101\Sdks\Microsoft.NET.Sdk\targets\Microsoft.NET.DefaultOutputPaths.targets (127,5)
       C:\Program Files\dotnet\sdk\10.0.101\Sdks\Microsoft.NET.Sdk\targets\Microsoft.NET.DefaultOutputPaths.targets(142,5): message : Property reassignment: $(OutputPath)="bin\Debug\net8.0\" (previous value: "bin\Debug\") at C:\Program Files\dotnet\sdk\10.0.101\Sdks\Microsoft.NET.Sdk\targets\Microsoft.NET.DefaultOutputPaths.targets (142,5)
       C:\Program Files\dotnet\sdk\10.0.101\Sdks\Microsoft.NET.Sdk\targets\Microsoft.NET.DefaultOutputPaths.targets(147,5): message : Property reassignment: $(IntermediateOutputPath)="obj\Debug\net8.0\" (previous value: "obj\Debug\") at C:\Program Files\dotnet\sdk\10.0.101\Sdks\Microsoft.NET.Sdk\targets\Microsoft.NET.DefaultOutputPaths.targets (147,5)
       C:\Program Files\dotnet\sdk\10.0.101\Sdks\Microsoft.NET.Sdk\targets\Microsoft.NET.Sdk.BeforeCommon.targets(371,5): message : Property reassignment: $(RoslynTargetsPath)="C:\Program Files\dotnet\sdk\10.0.101\Sdks\Microsoft.NET.Sdk\targets\..\..\..\Roslyn" (previous value: "C:\Program Files\dotnet\sdk\10.0.101\Roslyn") at C:\Program Files\dotnet\sdk\10.0.101\Sdks\Microsoft.NET.Sdk\targets\Microsoft.NET.Sdk.BeforeCommon.targets (371,5)
       C:\Program Files\dotnet\sdk\10.0.101\Roslyn\Microsoft.Managed.Core.targets(6,5): message : Property reassignment: $(_BuildTasksDirectory)="C:\Program Files\dotnet\sdk\10.0.101\Sdks\Microsoft.NET.Sdk\targets\..\..\..\Roslyn\" (previous value: "C:\Program Files\dotnet\sdk\10.0.101\Roslyn\") at C:\Program Files\dotnet\sdk\10.0.101\Roslyn\Microsoft.Managed.Core.targets (6,5)
       C:\Program Files\dotnet\sdk\10.0.101\Roslyn\Microsoft.CSharp.Core.targets(200,5): message : Property reassignment: $(CommandLineArgsForDesignTimeEvaluation)="-langversion:12.0 -define:TRACE" (previous value: "-langversion:12.0") at C:\Program Files\dotnet\sdk\10.0.101\Roslyn\Microsoft.CSharp.Core.targets (200,5)
       C:\Program Files\dotnet\sdk\10.0.101\Microsoft.Common.CurrentVersion.targets(175,5): message : Property reassignment: $(_DebugSymbolsProduced)="true" (previous value: "false") at C:\Program Files\dotnet\sdk\10.0.101\Microsoft.Common.CurrentVersion.targets (175,5)
       C:\Program Files\dotnet\sdk\10.0.101\Microsoft.Common.CurrentVersion.targets(185,5): message : Property reassignment: $(_DocumentationFileProduced)="false" (previous value: "true") at C:\Program Files\dotnet\sdk\10.0.101\Microsoft.Common.CurrentVersion.targets (185,5)
       C:\Program Files\dotnet\sdk\10.0.101\Microsoft.Common.CurrentVersion.targets(392,5): message : Property reassignment: $(MSBuildCopyMarkerName)="Magidesk.3FB9ABDD" (previous value: "Magidesk.Infrastructure.csproj") at C:\Program Files\dotnet\sdk\10.0.101\Microsoft.Common.CurrentVersion.targets (392,5)
       C:\Program Files\dotnet\sdk\10.0.101\Microsoft.Common.CurrentVersion.targets(393,5): message : Property reassignment: $(MSBuildCopyMarkerName)="Magidesk.3FB9ABDD.Up2Date" (previous value: "Magidesk.3FB9ABDD") at C:\Program Files\dotnet\sdk\10.0.101\Microsoft.Common.CurrentVersion.targets (393,5)
       C:\Program Files\dotnet\sdk\10.0.101\Microsoft.Common.CurrentVersion.targets(541,5): message : Property reassignment: $(ProcessorArchitecture)="msil" (previous value: "") at C:\Program Files\dotnet\sdk\10.0.101\Microsoft.Common.CurrentVersion.targets (541,5)
       C:\Program Files\dotnet\sdk\10.0.101\Microsoft.Common.CurrentVersion.targets(580,5): message : Property reassignment: $(DelaySign)="" (previous value: "false") at C:\Program Files\dotnet\sdk\10.0.101\Microsoft.Common.CurrentVersion.targets (580,5)
       C:\Program Files\dotnet\sdk\10.0.101\Microsoft.Common.CurrentVersion.targets(2606,5): message : Property 'LOCALAPPDATA' with value 'C:\Users\giris\AppData\Local' expanded from the environment.
       C:\Program Files\dotnet\sdk\10.0.101\Microsoft.Common.CurrentVersion.targets(3934,5): message : Property reassignment: $(_SGenGenerateSerializationAssembliesConfig)="Auto" (previous value: "") at C:\Program Files\dotnet\sdk\10.0.101\Microsoft.Common.CurrentVersion.targets (3934,5)
       C:\Program Files\dotnet\sdk\10.0.101\Microsoft.Common.CurrentVersion.targets(3935,5): message : Property reassignment: $(_SGenGenerateSerializationAssembliesConfig)="Off" (previous value: "Auto") at C:\Program Files\dotnet\sdk\10.0.101\Microsoft.Common.CurrentVersion.targets (3935,5)
       C:\Program Files\dotnet\sdk\10.0.101\Microsoft.Common.CurrentVersion.targets(5146,5): message : Property reassignment: $(_TargetsThatPrepareProjectReferences)="
       C:\Program Files\dotnet\sdk\10.0.101\Microsoft.Common.CurrentVersion.targets(5146,5): message :       AssignProjectConfiguration;
       C:\Program Files\dotnet\sdk\10.0.101\Microsoft.Common.CurrentVersion.targets(5146,5): message :       _SplitProjectReferencesByFileExistence
       C:\Program Files\dotnet\sdk\10.0.101\Microsoft.Common.CurrentVersion.targets(5146,5): message :     " (previous value: "_SplitProjectReferencesByFileExistence") at C:\Program Files\dotnet\sdk\10.0.101\Microsoft.Common.CurrentVersion.targets (5146,5)
       C:\Program Files\dotnet\sdk\10.0.101\Microsoft.Common.CurrentVersion.targets(6959,5): message : Property 'MSBuildExtensionsPath32' with value 'C:\Program Files\dotnet\sdk\10.0.101' expanded from the environment.
       The "NuGetInteractive" property is a global property, and cannot be modified.
       C:\Program Files\dotnet\sdk\10.0.101\Sdks\Microsoft.NET.Sdk\targets\Microsoft.PackageDependencyResolution.targets(29,5): message : Property reassignment: $(ProjectAssetsCacheFile)="C:\Users\giris\Documents\Code\Redesign-POS\Windows Based POS\Magidesk\Magidesk.Infrastructure\obj\Debug\net8.0\Magidesk.Infrastructure.assets.cache" (previous value: "obj\Debug\net8.0\Magidesk.Infrastructure.assets.cache") at C:\Program Files\dotnet\sdk\10.0.101\Sdks\Microsoft.NET.Sdk\targets\Microsoft.PackageDependencyResolution.targets (29,5)
       C:\Program Files\dotnet\sdk\10.0.101\Sdks\Microsoft.NET.Sdk\targets\Microsoft.PackageDependencyResolution.targets(80,5): message : Property reassignment: $(ResolveAssemblyReferencesDependsOn)="
       C:\Program Files\dotnet\sdk\10.0.101\Sdks\Microsoft.NET.Sdk\targets\Microsoft.PackageDependencyResolution.targets(80,5): message :       
       C:\Program Files\dotnet\sdk\10.0.101\Sdks\Microsoft.NET.Sdk\targets\Microsoft.PackageDependencyResolution.targets(80,5): message :       ResolveProjectReferences;
       C:\Program Files\dotnet\sdk\10.0.101\Sdks\Microsoft.NET.Sdk\targets\Microsoft.PackageDependencyResolution.targets(80,5): message :       FindInvalidProjectReferences;
       C:\Program Files\dotnet\sdk\10.0.101\Sdks\Microsoft.NET.Sdk\targets\Microsoft.PackageDependencyResolution.targets(80,5): message :       GetFrameworkPaths;
       C:\Program Files\dotnet\sdk\10.0.101\Sdks\Microsoft.NET.Sdk\targets\Microsoft.PackageDependencyResolution.targets(80,5): message :       GetReferenceAssemblyPaths;
       C:\Program Files\dotnet\sdk\10.0.101\Sdks\Microsoft.NET.Sdk\targets\Microsoft.PackageDependencyResolution.targets(80,5): message :       PrepareForBuild;
       C:\Program Files\dotnet\sdk\10.0.101\Sdks\Microsoft.NET.Sdk\targets\Microsoft.PackageDependencyResolution.targets(80,5): message :       ResolveSDKReferences;
       C:\Program Files\dotnet\sdk\10.0.101\Sdks\Microsoft.NET.Sdk\targets\Microsoft.PackageDependencyResolution.targets(80,5): message :       ExpandSDKReferences;
       C:\Program Files\dotnet\sdk\10.0.101\Sdks\Microsoft.NET.Sdk\targets\Microsoft.PackageDependencyResolution.targets(80,5): message :     ;
       C:\Program Files\dotnet\sdk\10.0.101\Sdks\Microsoft.NET.Sdk\targets\Microsoft.PackageDependencyResolution.targets(80,5): message :       ResolvePackageDependenciesForBuild;
       C:\Program Files\dotnet\sdk\10.0.101\Sdks\Microsoft.NET.Sdk\targets\Microsoft.PackageDependencyResolution.targets(80,5): message :       _HandlePackageFileConflicts;
       C:\Program Files\dotnet\sdk\10.0.101\Sdks\Microsoft.NET.Sdk\targets\Microsoft.PackageDependencyResolution.targets(80,5): message :     " (previous value: "
       C:\Program Files\dotnet\sdk\10.0.101\Sdks\Microsoft.NET.Sdk\targets\Microsoft.PackageDependencyResolution.targets(80,5): message :       ResolveProjectReferences;
       C:\Program Files\dotnet\sdk\10.0.101\Sdks\Microsoft.NET.Sdk\targets\Microsoft.PackageDependencyResolution.targets(80,5): message :       FindInvalidProjectReferences;
       C:\Program Files\dotnet\sdk\10.0.101\Sdks\Microsoft.NET.Sdk\targets\Microsoft.PackageDependencyResolution.targets(80,5): message :       GetFrameworkPaths;
       C:\Program Files\dotnet\sdk\10.0.101\Sdks\Microsoft.NET.Sdk\targets\Microsoft.PackageDependencyResolution.targets(80,5): message :       GetReferenceAssemblyPaths;
       C:\Program Files\dotnet\sdk\10.0.101\Sdks\Microsoft.NET.Sdk\targets\Microsoft.PackageDependencyResolution.targets(80,5): message :       PrepareForBuild;
       C:\Program Files\dotnet\sdk\10.0.101\Sdks\Microsoft.NET.Sdk\targets\Microsoft.PackageDependencyResolution.targets(80,5): message :       ResolveSDKReferences;
       C:\Program Files\dotnet\sdk\10.0.101\Sdks\Microsoft.NET.Sdk\targets\Microsoft.PackageDependencyResolution.targets(80,5): message :       ExpandSDKReferences;
       C:\Program Files\dotnet\sdk\10.0.101\Sdks\Microsoft.NET.Sdk\targets\Microsoft.PackageDependencyResolution.targets(80,5): message :     ") at C:\Program Files\dotnet\sdk\10.0.101\Sdks\Microsoft.NET.Sdk\targets\Microsoft.PackageDependencyResolution.targets (80,5)
       C:\Program Files\dotnet\sdk\10.0.101\Sdks\Microsoft.NET.Sdk\targets\Microsoft.PackageDependencyResolution.targets(86,5): message : Property reassignment: $(PrepareResourcesDependsOn)="
       C:\Program Files\dotnet\sdk\10.0.101\Sdks\Microsoft.NET.Sdk\targets\Microsoft.PackageDependencyResolution.targets(86,5): message :       ResolvePackageDependenciesForBuild;
       C:\Program Files\dotnet\sdk\10.0.101\Sdks\Microsoft.NET.Sdk\targets\Microsoft.PackageDependencyResolution.targets(86,5): message :       _HandlePackageFileConflicts;
       C:\Program Files\dotnet\sdk\10.0.101\Sdks\Microsoft.NET.Sdk\targets\Microsoft.PackageDependencyResolution.targets(86,5): message :       
       C:\Program Files\dotnet\sdk\10.0.101\Sdks\Microsoft.NET.Sdk\targets\Microsoft.PackageDependencyResolution.targets(86,5): message :       ;
       C:\Program Files\dotnet\sdk\10.0.101\Sdks\Microsoft.NET.Sdk\targets\Microsoft.PackageDependencyResolution.targets(86,5): message :       PrepareResourceNames;
       C:\Program Files\dotnet\sdk\10.0.101\Sdks\Microsoft.NET.Sdk\targets\Microsoft.PackageDependencyResolution.targets(86,5): message :       ResGen;
       C:\Program Files\dotnet\sdk\10.0.101\Sdks\Microsoft.NET.Sdk\targets\Microsoft.PackageDependencyResolution.targets(86,5): message :       CompileLicxFiles
       C:\Program Files\dotnet\sdk\10.0.101\Sdks\Microsoft.NET.Sdk\targets\Microsoft.PackageDependencyResolution.targets(86,5): message :     
       C:\Program Files\dotnet\sdk\10.0.101\Sdks\Microsoft.NET.Sdk\targets\Microsoft.PackageDependencyResolution.targets(86,5): message :     " (previous value: "
       C:\Program Files\dotnet\sdk\10.0.101\Sdks\Microsoft.NET.Sdk\targets\Microsoft.PackageDependencyResolution.targets(86,5): message :       ;
       C:\Program Files\dotnet\sdk\10.0.101\Sdks\Microsoft.NET.Sdk\targets\Microsoft.PackageDependencyResolution.targets(86,5): message :       PrepareResourceNames;
       C:\Program Files\dotnet\sdk\10.0.101\Sdks\Microsoft.NET.Sdk\targets\Microsoft.PackageDependencyResolution.targets(86,5): message :       ResGen;
       C:\Program Files\dotnet\sdk\10.0.101\Sdks\Microsoft.NET.Sdk\targets\Microsoft.PackageDependencyResolution.targets(86,5): message :       CompileLicxFiles
       C:\Program Files\dotnet\sdk\10.0.101\Sdks\Microsoft.NET.Sdk\targets\Microsoft.PackageDependencyResolution.targets(86,5): message :     ") at C:\Program Files\dotnet\sdk\10.0.101\Sdks\Microsoft.NET.Sdk\targets\Microsoft.PackageDependencyResolution.targets (86,5)
       C:\Program Files\dotnet\sdk\10.0.101\Sdks\Microsoft.NET.Sdk\targets\Microsoft.NET.Sdk.DefaultItems.targets(35,5): message : Property reassignment: $(DefaultItemExcludes)=";bin\Debug\/**;obj\Debug\/**;bin\/**" (previous value: ";bin\Debug\/**;obj\Debug\/**") at C:\Program Files\dotnet\sdk\10.0.101\Sdks\Microsoft.NET.Sdk\targets\Microsoft.NET.Sdk.DefaultItems.targets (35,5)
       C:\Program Files\dotnet\sdk\10.0.101\Sdks\Microsoft.NET.Sdk\targets\Microsoft.NET.Sdk.DefaultItems.targets(37,5): message : Property reassignment: $(DefaultItemExcludes)=";bin\Debug\/**;obj\Debug\/**;bin\/**;obj\/**" (previous value: ";bin\Debug\/**;obj\Debug\/**;bin\/**") at C:\Program Files\dotnet\sdk\10.0.101\Sdks\Microsoft.NET.Sdk\targets\Microsoft.NET.Sdk.DefaultItems.targets (37,5)
       C:\Program Files\dotnet\sdk\10.0.101\Sdks\Microsoft.NET.Sdk\targets\Microsoft.NET.Sdk.DefaultItems.targets(40,5): message : Property reassignment: $(DefaultItemExcludes)=";bin\Debug\/**;obj\Debug\/**;bin\/**;obj\/**;**/*.user" (previous value: ";bin\Debug\/**;obj\Debug\/**;bin\/**;obj\/**") at C:\Program Files\dotnet\sdk\10.0.101\Sdks\Microsoft.NET.Sdk\targets\Microsoft.NET.Sdk.DefaultItems.targets (40,5)
       C:\Program Files\dotnet\sdk\10.0.101\Sdks\Microsoft.NET.Sdk\targets\Microsoft.NET.Sdk.DefaultItems.targets(41,5): message : Property reassignment: $(DefaultItemExcludes)=";bin\Debug\/**;obj\Debug\/**;bin\/**;obj\/**;**/*.user;**/*.*proj" (previous value: ";bin\Debug\/**;obj\Debug\/**;bin\/**;obj\/**;**/*.user") at C:\Program Files\dotnet\sdk\10.0.101\Sdks\Microsoft.NET.Sdk\targets\Microsoft.NET.Sdk.DefaultItems.targets (41,5)
       C:\Program Files\dotnet\sdk\10.0.101\Sdks\Microsoft.NET.Sdk\targets\Microsoft.NET.Sdk.DefaultItems.targets(42,5): message : Property reassignment: $(DefaultItemExcludes)=";bin\Debug\/**;obj\Debug\/**;bin\/**;obj\/**;**/*.user;**/*.*proj;**/*.sln" (previous value: ";bin\Debug\/**;obj\Debug\/**;bin\/**;obj\/**;**/*.user;**/*.*proj") at C:\Program Files\dotnet\sdk\10.0.101\Sdks\Microsoft.NET.Sdk\targets\Microsoft.NET.Sdk.DefaultItems.targets (42,5)
       C:\Program Files\dotnet\sdk\10.0.101\Sdks\Microsoft.NET.Sdk\targets\Microsoft.NET.Sdk.DefaultItems.targets(43,5): message : Property reassignment: $(DefaultItemExcludes)=";bin\Debug\/**;obj\Debug\/**;bin\/**;obj\/**;**/*.user;**/*.*proj;**/*.sln;**/*.slnx" (previous value: ";bin\Debug\/**;obj\Debug\/**;bin\/**;obj\/**;**/*.user;**/*.*proj;**/*.sln") at C:\Program Files\dotnet\sdk\10.0.101\Sdks\Microsoft.NET.Sdk\targets\Microsoft.NET.Sdk.DefaultItems.targets (43,5)
       C:\Program Files\dotnet\sdk\10.0.101\Sdks\Microsoft.NET.Sdk\targets\Microsoft.NET.Sdk.DefaultItems.targets(44,5): message : Property reassignment: $(DefaultItemExcludes)=";bin\Debug\/**;obj\Debug\/**;bin\/**;obj\/**;**/*.user;**/*.*proj;**/*.sln;**/*.slnx;**/*.vssscc" (previous value: ";bin\Debug\/**;obj\Debug\/**;bin\/**;obj\/**;**/*.user;**/*.*proj;**/*.sln;**/*.slnx") at C:\Program Files\dotnet\sdk\10.0.101\Sdks\Microsoft.NET.Sdk\targets\Microsoft.NET.Sdk.DefaultItems.targets (44,5)
       C:\Program Files\dotnet\sdk\10.0.101\Sdks\Microsoft.NET.Sdk\targets\Microsoft.NET.Sdk.DefaultItems.targets(45,5): message : Property reassignment: $(DefaultItemExcludes)=";bin\Debug\/**;obj\Debug\/**;bin\/**;obj\/**;**/*.user;**/*.*proj;**/*.sln;**/*.slnx;**/*.vssscc;**/.DS_Store" (previous value: ";bin\Debug\/**;obj\Debug\/**;bin\/**;obj\/**;**/*.user;**/*.*proj;**/*.sln;**/*.slnx;**/*.vssscc") at C:\Program Files\dotnet\sdk\10.0.101\Sdks\Microsoft.NET.Sdk\targets\Microsoft.NET.Sdk.DefaultItems.targets (45,5)
       C:\Program Files\dotnet\sdk\10.0.101\Sdks\Microsoft.NET.Sdk\targets\Microsoft.NET.Sdk.FrameworkReferenceResolution.targets(14,5): message : Property reassignment: $(ResolveAssemblyReferencesDependsOn)="
       C:\Program Files\dotnet\sdk\10.0.101\Sdks\Microsoft.NET.Sdk\targets\Microsoft.NET.Sdk.FrameworkReferenceResolution.targets(14,5): message :       
       C:\Program Files\dotnet\sdk\10.0.101\Sdks\Microsoft.NET.Sdk\targets\Microsoft.NET.Sdk.FrameworkReferenceResolution.targets(14,5): message :       
       C:\Program Files\dotnet\sdk\10.0.101\Sdks\Microsoft.NET.Sdk\targets\Microsoft.NET.Sdk.FrameworkReferenceResolution.targets(14,5): message :       ResolveProjectReferences;
       C:\Program Files\dotnet\sdk\10.0.101\Sdks\Microsoft.NET.Sdk\targets\Microsoft.NET.Sdk.FrameworkReferenceResolution.targets(14,5): message :       FindInvalidProjectReferences;
       C:\Program Files\dotnet\sdk\10.0.101\Sdks\Microsoft.NET.Sdk\targets\Microsoft.NET.Sdk.FrameworkReferenceResolution.targets(14,5): message :       GetFrameworkPaths;
       C:\Program Files\dotnet\sdk\10.0.101\Sdks\Microsoft.NET.Sdk\targets\Microsoft.NET.Sdk.FrameworkReferenceResolution.targets(14,5): message :       GetReferenceAssemblyPaths;
       C:\Program Files\dotnet\sdk\10.0.101\Sdks\Microsoft.NET.Sdk\targets\Microsoft.NET.Sdk.FrameworkReferenceResolution.targets(14,5): message :       PrepareForBuild;
       C:\Program Files\dotnet\sdk\10.0.101\Sdks\Microsoft.NET.Sdk\targets\Microsoft.NET.Sdk.FrameworkReferenceResolution.targets(14,5): message :       ResolveSDKReferences;
       C:\Program Files\dotnet\sdk\10.0.101\Sdks\Microsoft.NET.Sdk\targets\Microsoft.NET.Sdk.FrameworkReferenceResolution.targets(14,5): message :       ExpandSDKReferences;
       C:\Program Files\dotnet\sdk\10.0.101\Sdks\Microsoft.NET.Sdk\targets\Microsoft.NET.Sdk.FrameworkReferenceResolution.targets(14,5): message :     ;
       C:\Program Files\dotnet\sdk\10.0.101\Sdks\Microsoft.NET.Sdk\targets\Microsoft.NET.Sdk.FrameworkReferenceResolution.targets(14,5): message :       ResolvePackageDependenciesForBuild;
       C:\Program Files\dotnet\sdk\10.0.101\Sdks\Microsoft.NET.Sdk\targets\Microsoft.NET.Sdk.FrameworkReferenceResolution.targets(14,5): message :       _HandlePackageFileConflicts;
       C:\Program Files\dotnet\sdk\10.0.101\Sdks\Microsoft.NET.Sdk\targets\Microsoft.NET.Sdk.FrameworkReferenceResolution.targets(14,5): message :     ;
       C:\Program Files\dotnet\sdk\10.0.101\Sdks\Microsoft.NET.Sdk\targets\Microsoft.NET.Sdk.FrameworkReferenceResolution.targets(14,5): message :       ResolveTargetingPackAssets;
       C:\Program Files\dotnet\sdk\10.0.101\Sdks\Microsoft.NET.Sdk\targets\Microsoft.NET.Sdk.FrameworkReferenceResolution.targets(14,5): message :     " (previous value: "
       C:\Program Files\dotnet\sdk\10.0.101\Sdks\Microsoft.NET.Sdk\targets\Microsoft.NET.Sdk.FrameworkReferenceResolution.targets(14,5): message :       
       C:\Program Files\dotnet\sdk\10.0.101\Sdks\Microsoft.NET.Sdk\targets\Microsoft.NET.Sdk.FrameworkReferenceResolution.targets(14,5): message :       ResolveProjectReferences;
       C:\Program Files\dotnet\sdk\10.0.101\Sdks\Microsoft.NET.Sdk\targets\Microsoft.NET.Sdk.FrameworkReferenceResolution.targets(14,5): message :       FindInvalidProjectReferences;
       C:\Program Files\dotnet\sdk\10.0.101\Sdks\Microsoft.NET.Sdk\targets\Microsoft.NET.Sdk.FrameworkReferenceResolution.targets(14,5): message :       GetFrameworkPaths;
       C:\Program Files\dotnet\sdk\10.0.101\Sdks\Microsoft.NET.Sdk\targets\Microsoft.NET.Sdk.FrameworkReferenceResolution.targets(14,5): message :       GetReferenceAssemblyPaths;
       C:\Program Files\dotnet\sdk\10.0.101\Sdks\Microsoft.NET.Sdk\targets\Microsoft.NET.Sdk.FrameworkReferenceResolution.targets(14,5): message :       PrepareForBuild;
       C:\Program Files\dotnet\sdk\10.0.101\Sdks\Microsoft.NET.Sdk\targets\Microsoft.NET.Sdk.FrameworkReferenceResolution.targets(14,5): message :       ResolveSDKReferences;
       C:\Program Files\dotnet\sdk\10.0.101\Sdks\Microsoft.NET.Sdk\targets\Microsoft.NET.Sdk.FrameworkReferenceResolution.targets(14,5): message :       ExpandSDKReferences;
       C:\Program Files\dotnet\sdk\10.0.101\Sdks\Microsoft.NET.Sdk\targets\Microsoft.NET.Sdk.FrameworkReferenceResolution.targets(14,5): message :     ;
       C:\Program Files\dotnet\sdk\10.0.101\Sdks\Microsoft.NET.Sdk\targets\Microsoft.NET.Sdk.FrameworkReferenceResolution.targets(14,5): message :       ResolvePackageDependenciesForBuild;
       C:\Program Files\dotnet\sdk\10.0.101\Sdks\Microsoft.NET.Sdk\targets\Microsoft.NET.Sdk.FrameworkReferenceResolution.targets(14,5): message :       _HandlePackageFileConflicts;
       C:\Program Files\dotnet\sdk\10.0.101\Sdks\Microsoft.NET.Sdk\targets\Microsoft.NET.Sdk.FrameworkReferenceResolution.targets(14,5): message :     ") at C:\Program Files\dotnet\sdk\10.0.101\Sdks\Microsoft.NET.Sdk\targets\Microsoft.NET.Sdk.FrameworkReferenceResolution.targets (14,5)
       C:\Program Files\dotnet\sdk\10.0.101\Sdks\Microsoft.NET.Sdk\targets\Microsoft.NET.Sdk.targets(44,5): message : Property reassignment: $(_GenerateRuntimeConfigurationPropertyInputsCache)="C:\Users\giris\Documents\Code\Redesign-POS\Windows Based POS\Magidesk\Magidesk.Infrastructure\obj\Debug\net8.0\Magidesk.Infrastructure.genruntimeconfig.cache" (previous value: "obj\Debug\net8.0\Magidesk.Infrastructure.genruntimeconfig.cache") at C:\Program Files\dotnet\sdk\10.0.101\Sdks\Microsoft.NET.Sdk\targets\Microsoft.NET.Sdk.targets (44,5)
       C:\Program Files\dotnet\sdk\10.0.101\Sdks\Microsoft.NET.Sdk\targets\Microsoft.NET.Sdk.targets(46,5): message : Property reassignment: $(_GeneratePublishDependencyFilePropertyInputsCache)="C:\Users\giris\Documents\Code\Redesign-POS\Windows Based POS\Magidesk\Magidesk.Infrastructure\obj\Debug\net8.0\Magidesk.Infrastructure.genpublishdeps.cache" (previous value: "obj\Debug\net8.0\Magidesk.Infrastructure.genpublishdeps.cache") at C:\Program Files\dotnet\sdk\10.0.101\Sdks\Microsoft.NET.Sdk\targets\Microsoft.NET.Sdk.targets (46,5)
       C:\Program Files\dotnet\sdk\10.0.101\Sdks\Microsoft.NET.Sdk\targets\Microsoft.NET.Sdk.targets(48,5): message : Property reassignment: $(_GenerateSingleFileBundlePropertyInputsCache)="C:\Users\giris\Documents\Code\Redesign-POS\Windows Based POS\Magidesk\Magidesk.Infrastructure\obj\Debug\net8.0\Magidesk.Infrastructure.genbundle.cache" (previous value: "obj\Debug\net8.0\Magidesk.Infrastructure.genbundle.cache") at C:\Program Files\dotnet\sdk\10.0.101\Sdks\Microsoft.NET.Sdk\targets\Microsoft.NET.Sdk.targets (48,5)
       C:\Program Files\dotnet\sdk\10.0.101\Sdks\Microsoft.NET.Sdk\targets\Microsoft.NET.Sdk.targets(81,5): message : Property reassignment: $(GenerateRuntimeConfigDevFile)="false" (previous value: "true") at C:\Program Files\dotnet\sdk\10.0.101\Sdks\Microsoft.NET.Sdk\targets\Microsoft.NET.Sdk.targets (81,5)
       C:\Program Files\dotnet\sdk\10.0.101\Sdks\Microsoft.NET.Sdk\targets\Microsoft.NET.Sdk.targets(98,5): message : Property reassignment: $(_DefaultUserProfileRuntimeStorePath)="C:\Users\giris" (previous value: "") at C:\Program Files\dotnet\sdk\10.0.101\Sdks\Microsoft.NET.Sdk\targets\Microsoft.NET.Sdk.targets (98,5)
       C:\Program Files\dotnet\sdk\10.0.101\Sdks\Microsoft.NET.Sdk\targets\Microsoft.NET.Sdk.targets(99,5): message : Property reassignment: $(_DefaultUserProfileRuntimeStorePath)="C:\Users\giris\.dotnet\store" (previous value: "C:\Users\giris") at C:\Program Files\dotnet\sdk\10.0.101\Sdks\Microsoft.NET.Sdk\targets\Microsoft.NET.Sdk.targets (99,5)
       C:\Program Files\dotnet\sdk\10.0.101\Sdks\Microsoft.NET.Sdk\targets\Microsoft.NET.Sdk.targets(144,5): message : Property reassignment: $(AvailablePlatforms)="Any CPU,x86,x64,ARM32" (previous value: "Any CPU,x86,x64") at C:\Program Files\dotnet\sdk\10.0.101\Sdks\Microsoft.NET.Sdk\targets\Microsoft.NET.Sdk.targets (144,5)
       C:\Program Files\dotnet\sdk\10.0.101\Sdks\Microsoft.NET.Sdk\targets\Microsoft.NET.Sdk.targets(148,5): message : Property reassignment: $(AvailablePlatforms)="Any CPU,x86,x64,ARM32,ARM64" (previous value: "Any CPU,x86,x64,ARM32") at C:\Program Files\dotnet\sdk\10.0.101\Sdks\Microsoft.NET.Sdk\targets\Microsoft.NET.Sdk.targets (148,5)
       C:\Program Files\dotnet\sdk\10.0.101\Sdks\Microsoft.NET.Sdk\targets\Microsoft.NET.Sdk.targets(204,5): message : Property reassignment: $(CoreBuildDependsOn)="
       C:\Program Files\dotnet\sdk\10.0.101\Sdks\Microsoft.NET.Sdk\targets\Microsoft.NET.Sdk.targets(204,5): message :       _CheckForBuildWithNoBuild;
       C:\Program Files\dotnet\sdk\10.0.101\Sdks\Microsoft.NET.Sdk\targets\Microsoft.NET.Sdk.targets(204,5): message :       
       C:\Program Files\dotnet\sdk\10.0.101\Sdks\Microsoft.NET.Sdk\targets\Microsoft.NET.Sdk.targets(204,5): message :       BuildOnlySettings;
       C:\Program Files\dotnet\sdk\10.0.101\Sdks\Microsoft.NET.Sdk\targets\Microsoft.NET.Sdk.targets(204,5): message :       PrepareForBuild;
       C:\Program Files\dotnet\sdk\10.0.101\Sdks\Microsoft.NET.Sdk\targets\Microsoft.NET.Sdk.targets(204,5): message :       PreBuildEvent;
       C:\Program Files\dotnet\sdk\10.0.101\Sdks\Microsoft.NET.Sdk\targets\Microsoft.NET.Sdk.targets(204,5): message :       ResolveReferences;
       C:\Program Files\dotnet\sdk\10.0.101\Sdks\Microsoft.NET.Sdk\targets\Microsoft.NET.Sdk.targets(204,5): message :       PrepareResources;
       C:\Program Files\dotnet\sdk\10.0.101\Sdks\Microsoft.NET.Sdk\targets\Microsoft.NET.Sdk.targets(204,5): message :       ResolveKeySource;
       C:\Program Files\dotnet\sdk\10.0.101\Sdks\Microsoft.NET.Sdk\targets\Microsoft.NET.Sdk.targets(204,5): message :       Compile;
       C:\Program Files\dotnet\sdk\10.0.101\Sdks\Microsoft.NET.Sdk\targets\Microsoft.NET.Sdk.targets(204,5): message :       ExportWindowsMDFile;
       C:\Program Files\dotnet\sdk\10.0.101\Sdks\Microsoft.NET.Sdk\targets\Microsoft.NET.Sdk.targets(204,5): message :       UnmanagedUnregistration;
       C:\Program Files\dotnet\sdk\10.0.101\Sdks\Microsoft.NET.Sdk\targets\Microsoft.NET.Sdk.targets(204,5): message :       GenerateSerializationAssemblies;
       C:\Program Files\dotnet\sdk\10.0.101\Sdks\Microsoft.NET.Sdk\targets\Microsoft.NET.Sdk.targets(204,5): message :       CreateSatelliteAssemblies;
       C:\Program Files\dotnet\sdk\10.0.101\Sdks\Microsoft.NET.Sdk\targets\Microsoft.NET.Sdk.targets(204,5): message :       GenerateManifests;
       C:\Program Files\dotnet\sdk\10.0.101\Sdks\Microsoft.NET.Sdk\targets\Microsoft.NET.Sdk.targets(204,5): message :       GetTargetPath;
       C:\Program Files\dotnet\sdk\10.0.101\Sdks\Microsoft.NET.Sdk\targets\Microsoft.NET.Sdk.targets(204,5): message :       PrepareForRun;
       C:\Program Files\dotnet\sdk\10.0.101\Sdks\Microsoft.NET.Sdk\targets\Microsoft.NET.Sdk.targets(204,5): message :       UnmanagedRegistration;
       C:\Program Files\dotnet\sdk\10.0.101\Sdks\Microsoft.NET.Sdk\targets\Microsoft.NET.Sdk.targets(204,5): message :       IncrementalClean;
       C:\Program Files\dotnet\sdk\10.0.101\Sdks\Microsoft.NET.Sdk\targets\Microsoft.NET.Sdk.targets(204,5): message :       PostBuildEvent
       C:\Program Files\dotnet\sdk\10.0.101\Sdks\Microsoft.NET.Sdk\targets\Microsoft.NET.Sdk.targets(204,5): message :     ;
       C:\Program Files\dotnet\sdk\10.0.101\Sdks\Microsoft.NET.Sdk\targets\Microsoft.NET.Sdk.targets(204,5): message :       GenerateBuildDependencyFile;
       C:\Program Files\dotnet\sdk\10.0.101\Sdks\Microsoft.NET.Sdk\targets\Microsoft.NET.Sdk.targets(204,5): message :       GenerateBuildRuntimeConfigurationFiles
       C:\Program Files\dotnet\sdk\10.0.101\Sdks\Microsoft.NET.Sdk\targets\Microsoft.NET.Sdk.targets(204,5): message :     " (previous value: "
       C:\Program Files\dotnet\sdk\10.0.101\Sdks\Microsoft.NET.Sdk\targets\Microsoft.NET.Sdk.targets(204,5): message :       BuildOnlySettings;
       C:\Program Files\dotnet\sdk\10.0.101\Sdks\Microsoft.NET.Sdk\targets\Microsoft.NET.Sdk.targets(204,5): message :       PrepareForBuild;
       C:\Program Files\dotnet\sdk\10.0.101\Sdks\Microsoft.NET.Sdk\targets\Microsoft.NET.Sdk.targets(204,5): message :       PreBuildEvent;
       C:\Program Files\dotnet\sdk\10.0.101\Sdks\Microsoft.NET.Sdk\targets\Microsoft.NET.Sdk.targets(204,5): message :       ResolveReferences;
       C:\Program Files\dotnet\sdk\10.0.101\Sdks\Microsoft.NET.Sdk\targets\Microsoft.NET.Sdk.targets(204,5): message :       PrepareResources;
       C:\Program Files\dotnet\sdk\10.0.101\Sdks\Microsoft.NET.Sdk\targets\Microsoft.NET.Sdk.targets(204,5): message :       ResolveKeySource;
       C:\Program Files\dotnet\sdk\10.0.101\Sdks\Microsoft.NET.Sdk\targets\Microsoft.NET.Sdk.targets(204,5): message :       Compile;
       C:\Program Files\dotnet\sdk\10.0.101\Sdks\Microsoft.NET.Sdk\targets\Microsoft.NET.Sdk.targets(204,5): message :       ExportWindowsMDFile;
       C:\Program Files\dotnet\sdk\10.0.101\Sdks\Microsoft.NET.Sdk\targets\Microsoft.NET.Sdk.targets(204,5): message :       UnmanagedUnregistration;
       C:\Program Files\dotnet\sdk\10.0.101\Sdks\Microsoft.NET.Sdk\targets\Microsoft.NET.Sdk.targets(204,5): message :       GenerateSerializationAssemblies;
       C:\Program Files\dotnet\sdk\10.0.101\Sdks\Microsoft.NET.Sdk\targets\Microsoft.NET.Sdk.targets(204,5): message :       CreateSatelliteAssemblies;
       C:\Program Files\dotnet\sdk\10.0.101\Sdks\Microsoft.NET.Sdk\targets\Microsoft.NET.Sdk.targets(204,5): message :       GenerateManifests;
       C:\Program Files\dotnet\sdk\10.0.101\Sdks\Microsoft.NET.Sdk\targets\Microsoft.NET.Sdk.targets(204,5): message :       GetTargetPath;
       C:\Program Files\dotnet\sdk\10.0.101\Sdks\Microsoft.NET.Sdk\targets\Microsoft.NET.Sdk.targets(204,5): message :       PrepareForRun;
       C:\Program Files\dotnet\sdk\10.0.101\Sdks\Microsoft.NET.Sdk\targets\Microsoft.NET.Sdk.targets(204,5): message :       UnmanagedRegistration;
       C:\Program Files\dotnet\sdk\10.0.101\Sdks\Microsoft.NET.Sdk\targets\Microsoft.NET.Sdk.targets(204,5): message :       IncrementalClean;
       C:\Program Files\dotnet\sdk\10.0.101\Sdks\Microsoft.NET.Sdk\targets\Microsoft.NET.Sdk.targets(204,5): message :       PostBuildEvent
       C:\Program Files\dotnet\sdk\10.0.101\Sdks\Microsoft.NET.Sdk\targets\Microsoft.NET.Sdk.targets(204,5): message :     ") at C:\Program Files\dotnet\sdk\10.0.101\Sdks\Microsoft.NET.Sdk\targets\Microsoft.NET.Sdk.targets (204,5)
       C:\Program Files\dotnet\sdk\10.0.101\Sdks\Microsoft.NET.Sdk\targets\Microsoft.NET.Sdk.targets(213,5): message : Property reassignment: $(CoreCleanDependsOn)="
       C:\Program Files\dotnet\sdk\10.0.101\Sdks\Microsoft.NET.Sdk\targets\Microsoft.NET.Sdk.targets(213,5): message :       _SdkBeforeClean;
       C:\Program Files\dotnet\sdk\10.0.101\Sdks\Microsoft.NET.Sdk\targets\Microsoft.NET.Sdk.targets(213,5): message :       
       C:\Program Files\dotnet\sdk\10.0.101\Sdks\Microsoft.NET.Sdk\targets\Microsoft.NET.Sdk.targets(213,5): message :     " (previous value: "") at C:\Program Files\dotnet\sdk\10.0.101\Sdks\Microsoft.NET.Sdk\targets\Microsoft.NET.Sdk.targets (213,5)
       C:\Program Files\dotnet\sdk\10.0.101\Sdks\Microsoft.NET.Sdk\targets\Microsoft.NET.Sdk.targets(220,5): message : Property reassignment: $(RebuildDependsOn)="
       C:\Program Files\dotnet\sdk\10.0.101\Sdks\Microsoft.NET.Sdk\targets\Microsoft.NET.Sdk.targets(220,5): message :       _SdkBeforeRebuild;
       C:\Program Files\dotnet\sdk\10.0.101\Sdks\Microsoft.NET.Sdk\targets\Microsoft.NET.Sdk.targets(220,5): message :       
       C:\Program Files\dotnet\sdk\10.0.101\Sdks\Microsoft.NET.Sdk\targets\Microsoft.NET.Sdk.targets(220,5): message :       BeforeRebuild;
       C:\Program Files\dotnet\sdk\10.0.101\Sdks\Microsoft.NET.Sdk\targets\Microsoft.NET.Sdk.targets(220,5): message :       Clean;
       C:\Program Files\dotnet\sdk\10.0.101\Sdks\Microsoft.NET.Sdk\targets\Microsoft.NET.Sdk.targets(220,5): message :       Build;
       C:\Program Files\dotnet\sdk\10.0.101\Sdks\Microsoft.NET.Sdk\targets\Microsoft.NET.Sdk.targets(220,5): message :       AfterRebuild;
       C:\Program Files\dotnet\sdk\10.0.101\Sdks\Microsoft.NET.Sdk\targets\Microsoft.NET.Sdk.targets(220,5): message :     
       C:\Program Files\dotnet\sdk\10.0.101\Sdks\Microsoft.NET.Sdk\targets\Microsoft.NET.Sdk.targets(220,5): message :     " (previous value: "
       C:\Program Files\dotnet\sdk\10.0.101\Sdks\Microsoft.NET.Sdk\targets\Microsoft.NET.Sdk.targets(220,5): message :       BeforeRebuild;
       C:\Program Files\dotnet\sdk\10.0.101\Sdks\Microsoft.NET.Sdk\targets\Microsoft.NET.Sdk.targets(220,5): message :       Clean;
       C:\Program Files\dotnet\sdk\10.0.101\Sdks\Microsoft.NET.Sdk\targets\Microsoft.NET.Sdk.targets(220,5): message :       Build;
       C:\Program Files\dotnet\sdk\10.0.101\Sdks\Microsoft.NET.Sdk\targets\Microsoft.NET.Sdk.targets(220,5): message :       AfterRebuild;
       C:\Program Files\dotnet\sdk\10.0.101\Sdks\Microsoft.NET.Sdk\targets\Microsoft.NET.Sdk.targets(220,5): message :     ") at C:\Program Files\dotnet\sdk\10.0.101\Sdks\Microsoft.NET.Sdk\targets\Microsoft.NET.Sdk.targets (220,5)
       C:\Program Files\dotnet\sdk\10.0.101\Sdks\Microsoft.NET.Sdk\targets\Microsoft.NET.Sdk.targets(799,5): message : Property reassignment: $(CompileDependsOn)="
       C:\Program Files\dotnet\sdk\10.0.101\Sdks\Microsoft.NET.Sdk\targets\Microsoft.NET.Sdk.targets(799,5): message :       
       C:\Program Files\dotnet\sdk\10.0.101\Sdks\Microsoft.NET.Sdk\targets\Microsoft.NET.Sdk.targets(799,5): message :       ResolveReferences;
       C:\Program Files\dotnet\sdk\10.0.101\Sdks\Microsoft.NET.Sdk\targets\Microsoft.NET.Sdk.targets(799,5): message :       ResolveKeySource;
       C:\Program Files\dotnet\sdk\10.0.101\Sdks\Microsoft.NET.Sdk\targets\Microsoft.NET.Sdk.targets(799,5): message :       SetWin32ManifestProperties;
       C:\Program Files\dotnet\sdk\10.0.101\Sdks\Microsoft.NET.Sdk\targets\Microsoft.NET.Sdk.targets(799,5): message :       _SetPreferNativeArm64Win32ManifestProperties;
       C:\Program Files\dotnet\sdk\10.0.101\Sdks\Microsoft.NET.Sdk\targets\Microsoft.NET.Sdk.targets(799,5): message :       FindReferenceAssembliesForReferences;
       C:\Program Files\dotnet\sdk\10.0.101\Sdks\Microsoft.NET.Sdk\targets\Microsoft.NET.Sdk.targets(799,5): message :       _GenerateCompileInputs;
       C:\Program Files\dotnet\sdk\10.0.101\Sdks\Microsoft.NET.Sdk\targets\Microsoft.NET.Sdk.targets(799,5): message :       BeforeCompile;
       C:\Program Files\dotnet\sdk\10.0.101\Sdks\Microsoft.NET.Sdk\targets\Microsoft.NET.Sdk.targets(799,5): message :       _TimeStampBeforeCompile;
       C:\Program Files\dotnet\sdk\10.0.101\Sdks\Microsoft.NET.Sdk\targets\Microsoft.NET.Sdk.targets(799,5): message :       _GenerateCompileDependencyCache;
       C:\Program Files\dotnet\sdk\10.0.101\Sdks\Microsoft.NET.Sdk\targets\Microsoft.NET.Sdk.targets(799,5): message :       CoreCompile;
       C:\Program Files\dotnet\sdk\10.0.101\Sdks\Microsoft.NET.Sdk\targets\Microsoft.NET.Sdk.targets(799,5): message :       _TimeStampAfterCompile;
       C:\Program Files\dotnet\sdk\10.0.101\Sdks\Microsoft.NET.Sdk\targets\Microsoft.NET.Sdk.targets(799,5): message :       AfterCompile;
       C:\Program Files\dotnet\sdk\10.0.101\Sdks\Microsoft.NET.Sdk\targets\Microsoft.NET.Sdk.targets(799,5): message :     ;
       C:\Program Files\dotnet\sdk\10.0.101\Sdks\Microsoft.NET.Sdk\targets\Microsoft.NET.Sdk.targets(799,5): message :       _CreateAppHost;
       C:\Program Files\dotnet\sdk\10.0.101\Sdks\Microsoft.NET.Sdk\targets\Microsoft.NET.Sdk.targets(799,5): message :       _CreateComHost;
       C:\Program Files\dotnet\sdk\10.0.101\Sdks\Microsoft.NET.Sdk\targets\Microsoft.NET.Sdk.targets(799,5): message :       _GetIjwHostPaths;
       C:\Program Files\dotnet\sdk\10.0.101\Sdks\Microsoft.NET.Sdk\targets\Microsoft.NET.Sdk.targets(799,5): message :     " (previous value: "
       C:\Program Files\dotnet\sdk\10.0.101\Sdks\Microsoft.NET.Sdk\targets\Microsoft.NET.Sdk.targets(799,5): message :       ResolveReferences;
       C:\Program Files\dotnet\sdk\10.0.101\Sdks\Microsoft.NET.Sdk\targets\Microsoft.NET.Sdk.targets(799,5): message :       ResolveKeySource;
       C:\Program Files\dotnet\sdk\10.0.101\Sdks\Microsoft.NET.Sdk\targets\Microsoft.NET.Sdk.targets(799,5): message :       SetWin32ManifestProperties;
       C:\Program Files\dotnet\sdk\10.0.101\Sdks\Microsoft.NET.Sdk\targets\Microsoft.NET.Sdk.targets(799,5): message :       _SetPreferNativeArm64Win32ManifestProperties;
       C:\Program Files\dotnet\sdk\10.0.101\Sdks\Microsoft.NET.Sdk\targets\Microsoft.NET.Sdk.targets(799,5): message :       FindReferenceAssembliesForReferences;
       C:\Program Files\dotnet\sdk\10.0.101\Sdks\Microsoft.NET.Sdk\targets\Microsoft.NET.Sdk.targets(799,5): message :       _GenerateCompileInputs;
       C:\Program Files\dotnet\sdk\10.0.101\Sdks\Microsoft.NET.Sdk\targets\Microsoft.NET.Sdk.targets(799,5): message :       BeforeCompile;
       C:\Program Files\dotnet\sdk\10.0.101\Sdks\Microsoft.NET.Sdk\targets\Microsoft.NET.Sdk.targets(799,5): message :       _TimeStampBeforeCompile;
       C:\Program Files\dotnet\sdk\10.0.101\Sdks\Microsoft.NET.Sdk\targets\Microsoft.NET.Sdk.targets(799,5): message :       _GenerateCompileDependencyCache;
       C:\Program Files\dotnet\sdk\10.0.101\Sdks\Microsoft.NET.Sdk\targets\Microsoft.NET.Sdk.targets(799,5): message :       CoreCompile;
       C:\Program Files\dotnet\sdk\10.0.101\Sdks\Microsoft.NET.Sdk\targets\Microsoft.NET.Sdk.targets(799,5): message :       _TimeStampAfterCompile;
       C:\Program Files\dotnet\sdk\10.0.101\Sdks\Microsoft.NET.Sdk\targets\Microsoft.NET.Sdk.targets(799,5): message :       AfterCompile;
       C:\Program Files\dotnet\sdk\10.0.101\Sdks\Microsoft.NET.Sdk\targets\Microsoft.NET.Sdk.targets(799,5): message :     ") at C:\Program Files\dotnet\sdk\10.0.101\Sdks\Microsoft.NET.Sdk\targets\Microsoft.NET.Sdk.targets (799,5)
       C:\Program Files\dotnet\sdk\10.0.101\Sdks\Microsoft.NET.Sdk\targets\Microsoft.NET.Sdk.targets(1131,5): message : Property reassignment: $(CreateSatelliteAssembliesDependsOn)="
       C:\Program Files\dotnet\sdk\10.0.101\Sdks\Microsoft.NET.Sdk\targets\Microsoft.NET.Sdk.targets(1131,5): message :       
       C:\Program Files\dotnet\sdk\10.0.101\Sdks\Microsoft.NET.Sdk\targets\Microsoft.NET.Sdk.targets(1131,5): message :       ;
       C:\Program Files\dotnet\sdk\10.0.101\Sdks\Microsoft.NET.Sdk\targets\Microsoft.NET.Sdk.targets(1131,5): message :       _GenerateSatelliteAssemblyInputs;
       C:\Program Files\dotnet\sdk\10.0.101\Sdks\Microsoft.NET.Sdk\targets\Microsoft.NET.Sdk.targets(1131,5): message :       ComputeIntermediateSatelliteAssemblies;
       C:\Program Files\dotnet\sdk\10.0.101\Sdks\Microsoft.NET.Sdk\targets\Microsoft.NET.Sdk.targets(1131,5): message :       GenerateSatelliteAssemblies
       C:\Program Files\dotnet\sdk\10.0.101\Sdks\Microsoft.NET.Sdk\targets\Microsoft.NET.Sdk.targets(1131,5): message :     ;
       C:\Program Files\dotnet\sdk\10.0.101\Sdks\Microsoft.NET.Sdk\targets\Microsoft.NET.Sdk.targets(1131,5): message :       CoreGenerateSatelliteAssemblies
       C:\Program Files\dotnet\sdk\10.0.101\Sdks\Microsoft.NET.Sdk\targets\Microsoft.NET.Sdk.targets(1131,5): message :     " (previous value: "
       C:\Program Files\dotnet\sdk\10.0.101\Sdks\Microsoft.NET.Sdk\targets\Microsoft.NET.Sdk.targets(1131,5): message :       ;
       C:\Program Files\dotnet\sdk\10.0.101\Sdks\Microsoft.NET.Sdk\targets\Microsoft.NET.Sdk.targets(1131,5): message :       _GenerateSatelliteAssemblyInputs;
       C:\Program Files\dotnet\sdk\10.0.101\Sdks\Microsoft.NET.Sdk\targets\Microsoft.NET.Sdk.targets(1131,5): message :       ComputeIntermediateSatelliteAssemblies;
       C:\Program Files\dotnet\sdk\10.0.101\Sdks\Microsoft.NET.Sdk\targets\Microsoft.NET.Sdk.targets(1131,5): message :       GenerateSatelliteAssemblies
       C:\Program Files\dotnet\sdk\10.0.101\Sdks\Microsoft.NET.Sdk\targets\Microsoft.NET.Sdk.targets(1131,5): message :     ") at C:\Program Files\dotnet\sdk\10.0.101\Sdks\Microsoft.NET.Sdk\targets\Microsoft.NET.Sdk.targets (1131,5)
       C:\Program Files\dotnet\sdk\10.0.101\Sdks\Microsoft.SourceLink.GitLab\build\Microsoft.SourceLink.GitLab.targets(12,5): message : Property reassignment: $(SourceLinkUrlInitializerTargets)=";_InitializeGitHubSourceLinkUrl;_InitializeGitLabSourceLinkUrl" (previous value: ";_InitializeGitHubSourceLinkUrl") at C:\Program Files\dotnet\sdk\10.0.101\Sdks\Microsoft.SourceLink.GitLab\build\Microsoft.SourceLink.GitLab.targets (12,5)
       C:\Program Files\dotnet\sdk\10.0.101\Sdks\Microsoft.SourceLink.GitLab\build\Microsoft.SourceLink.GitLab.targets(13,5): message : Property reassignment: $(SourceControlManagerUrlTranslationTargets)=";TranslateGitHubUrlsInSourceControlInformation;TranslateGitLabUrlsInSourceControlInformation" (previous value: ";TranslateGitHubUrlsInSourceControlInformation") at C:\Program Files\dotnet\sdk\10.0.101\Sdks\Microsoft.SourceLink.GitLab\build\Microsoft.SourceLink.GitLab.targets (13,5)
       C:\Program Files\dotnet\sdk\10.0.101\Sdks\Microsoft.SourceLink.AzureRepos.Git\build\Microsoft.SourceLink.AzureRepos.Git.targets(12,5): message : Property reassignment: $(SourceLinkUrlInitializerTargets)=";_InitializeGitHubSourceLinkUrl;_InitializeGitLabSourceLinkUrl;_InitializeAzureReposGitSourceLinkUrl" (previous value: ";_InitializeGitHubSourceLinkUrl;_InitializeGitLabSourceLinkUrl") at C:\Program Files\dotnet\sdk\10.0.101\Sdks\Microsoft.SourceLink.AzureRepos.Git\build\Microsoft.SourceLink.AzureRepos.Git.targets (12,5)
       C:\Program Files\dotnet\sdk\10.0.101\Sdks\Microsoft.SourceLink.AzureRepos.Git\build\Microsoft.SourceLink.AzureRepos.Git.targets(13,5): message : Property reassignment: $(SourceControlManagerUrlTranslationTargets)=";TranslateGitHubUrlsInSourceControlInformation;TranslateGitLabUrlsInSourceControlInformation;TranslateAzureReposGitUrlsInSourceControlInformation" (previous value: ";TranslateGitHubUrlsInSourceControlInformation;TranslateGitLabUrlsInSourceControlInformation") at C:\Program Files\dotnet\sdk\10.0.101\Sdks\Microsoft.SourceLink.AzureRepos.Git\build\Microsoft.SourceLink.AzureRepos.Git.targets (13,5)
       C:\Program Files\dotnet\sdk\10.0.101\Sdks\Microsoft.SourceLink.Bitbucket.Git\build\Microsoft.SourceLink.Bitbucket.Git.targets(12,5): message : Property reassignment: $(SourceLinkUrlInitializerTargets)=";_InitializeGitHubSourceLinkUrl;_InitializeGitLabSourceLinkUrl;_InitializeAzureReposGitSourceLinkUrl;_InitializeBitbucketGitSourceLinkUrl" (previous value: ";_InitializeGitHubSourceLinkUrl;_InitializeGitLabSourceLinkUrl;_InitializeAzureReposGitSourceLinkUrl") at C:\Program Files\dotnet\sdk\10.0.101\Sdks\Microsoft.SourceLink.Bitbucket.Git\build\Microsoft.SourceLink.Bitbucket.Git.targets (12,5)
       C:\Program Files\dotnet\sdk\10.0.101\Sdks\Microsoft.SourceLink.Bitbucket.Git\build\Microsoft.SourceLink.Bitbucket.Git.targets(13,5): message : Property reassignment: $(SourceControlManagerUrlTranslationTargets)=";TranslateGitHubUrlsInSourceControlInformation;TranslateGitLabUrlsInSourceControlInformation;TranslateAzureReposGitUrlsInSourceControlInformation;TranslateBitbucketGitUrlsInSourceControlInformation" (previous value: ";TranslateGitHubUrlsInSourceControlInformation;TranslateGitLabUrlsInSourceControlInformation;TranslateAzureReposGitUrlsInSourceControlInformation") at C:\Program Files\dotnet\sdk\10.0.101\Sdks\Microsoft.SourceLink.Bitbucket.Git\build\Microsoft.SourceLink.Bitbucket.Git.targets (13,5)
       C:\Program Files\dotnet\sdk\10.0.101\Sdks\Microsoft.NET.Sdk\targets\Microsoft.NET.DesignerSupport.targets(21,5): message : Property reassignment: $(DesignerRuntimeImplementationProjectOutputGroupDependsOn)="
       C:\Program Files\dotnet\sdk\10.0.101\Sdks\Microsoft.NET.Sdk\targets\Microsoft.NET.DesignerSupport.targets(21,5): message :       
       C:\Program Files\dotnet\sdk\10.0.101\Sdks\Microsoft.NET.Sdk\targets\Microsoft.NET.DesignerSupport.targets(21,5): message :       ;
       C:\Program Files\dotnet\sdk\10.0.101\Sdks\Microsoft.NET.Sdk\targets\Microsoft.NET.DesignerSupport.targets(21,5): message :       
       C:\Program Files\dotnet\sdk\10.0.101\Sdks\Microsoft.NET.Sdk\targets\Microsoft.NET.DesignerSupport.targets(21,5): message :       ;
       C:\Program Files\dotnet\sdk\10.0.101\Sdks\Microsoft.NET.Sdk\targets\Microsoft.NET.DesignerSupport.targets(21,5): message :       BuildOnlySettings;
       C:\Program Files\dotnet\sdk\10.0.101\Sdks\Microsoft.NET.Sdk\targets\Microsoft.NET.DesignerSupport.targets(21,5): message :       PrepareForBuild;
       C:\Program Files\dotnet\sdk\10.0.101\Sdks\Microsoft.NET.Sdk\targets\Microsoft.NET.DesignerSupport.targets(21,5): message :       AssignTargetPaths;
       C:\Program Files\dotnet\sdk\10.0.101\Sdks\Microsoft.NET.Sdk\targets\Microsoft.NET.DesignerSupport.targets(21,5): message :       ResolveReferences
       C:\Program Files\dotnet\sdk\10.0.101\Sdks\Microsoft.NET.Sdk\targets\Microsoft.NET.DesignerSupport.targets(21,5): message :     
       C:\Program Files\dotnet\sdk\10.0.101\Sdks\Microsoft.NET.Sdk\targets\Microsoft.NET.DesignerSupport.targets(21,5): message :     ;
       C:\Program Files\dotnet\sdk\10.0.101\Sdks\Microsoft.NET.Sdk\targets\Microsoft.NET.DesignerSupport.targets(21,5): message :       _GenerateDesignerDepsFile;
       C:\Program Files\dotnet\sdk\10.0.101\Sdks\Microsoft.NET.Sdk\targets\Microsoft.NET.DesignerSupport.targets(21,5): message :       _GenerateDesignerRuntimeConfigFile;
       C:\Program Files\dotnet\sdk\10.0.101\Sdks\Microsoft.NET.Sdk\targets\Microsoft.NET.DesignerSupport.targets(21,5): message :       GetCopyToOutputDirectoryItems;
       C:\Program Files\dotnet\sdk\10.0.101\Sdks\Microsoft.NET.Sdk\targets\Microsoft.NET.DesignerSupport.targets(21,5): message :       _GatherDesignerShadowCopyFiles;
       C:\Program Files\dotnet\sdk\10.0.101\Sdks\Microsoft.NET.Sdk\targets\Microsoft.NET.DesignerSupport.targets(21,5): message :     " (previous value: "
       C:\Program Files\dotnet\sdk\10.0.101\Sdks\Microsoft.NET.Sdk\targets\Microsoft.NET.DesignerSupport.targets(21,5): message :       ;
       C:\Program Files\dotnet\sdk\10.0.101\Sdks\Microsoft.NET.Sdk\targets\Microsoft.NET.DesignerSupport.targets(21,5): message :       
       C:\Program Files\dotnet\sdk\10.0.101\Sdks\Microsoft.NET.Sdk\targets\Microsoft.NET.DesignerSupport.targets(21,5): message :       ;
       C:\Program Files\dotnet\sdk\10.0.101\Sdks\Microsoft.NET.Sdk\targets\Microsoft.NET.DesignerSupport.targets(21,5): message :       BuildOnlySettings;
       C:\Program Files\dotnet\sdk\10.0.101\Sdks\Microsoft.NET.Sdk\targets\Microsoft.NET.DesignerSupport.targets(21,5): message :       PrepareForBuild;
       C:\Program Files\dotnet\sdk\10.0.101\Sdks\Microsoft.NET.Sdk\targets\Microsoft.NET.DesignerSupport.targets(21,5): message :       AssignTargetPaths;
       C:\Program Files\dotnet\sdk\10.0.101\Sdks\Microsoft.NET.Sdk\targets\Microsoft.NET.DesignerSupport.targets(21,5): message :       ResolveReferences
       C:\Program Files\dotnet\sdk\10.0.101\Sdks\Microsoft.NET.Sdk\targets\Microsoft.NET.DesignerSupport.targets(21,5): message :     
       C:\Program Files\dotnet\sdk\10.0.101\Sdks\Microsoft.NET.Sdk\targets\Microsoft.NET.DesignerSupport.targets(21,5): message :     ") at C:\Program Files\dotnet\sdk\10.0.101\Sdks\Microsoft.NET.Sdk\targets\Microsoft.NET.DesignerSupport.targets (21,5)
       C:\Program Files\dotnet\sdk\10.0.101\Sdks\Microsoft.NET.Sdk\targets\Microsoft.NET.Sdk.CSharp.targets(31,5): message : Property reassignment: $(DefineConstants)="TRACE;DEBUG" (previous value: "TRACE") at C:\Program Files\dotnet\sdk\10.0.101\Sdks\Microsoft.NET.Sdk\targets\Microsoft.NET.Sdk.CSharp.targets (31,5)
       C:\Program Files\dotnet\sdk\10.0.101\Sdks\Microsoft.NET.Sdk\targets\Microsoft.NET.Sdk.CSharp.targets(45,5): message : Property reassignment: $(WarningsAsErrors)=";NU1605;SYSLIB0011" (previous value: ";NU1605") at C:\Program Files\dotnet\sdk\10.0.101\Sdks\Microsoft.NET.Sdk\targets\Microsoft.NET.Sdk.CSharp.targets (45,5)
       C:\Program Files\dotnet\sdk\10.0.101\NuGet.Build.Tasks.Pack.targets(34,5): message : Property reassignment: $(PackageDescription)="Package Description" (previous value: "") at C:\Program Files\dotnet\sdk\10.0.101\NuGet.Build.Tasks.Pack.targets (34,5)
       C:\Program Files\dotnet\sdk\10.0.101\NuGet.Build.Tasks.Pack.targets(59,5): message : Property reassignment: $(GenerateNuspecDependsOn)="Build;_LoadPackInputItems; _GetTargetFrameworksOutput; _WalkEachTargetPerFramework; _GetPackageFiles; " (previous value: "_LoadPackInputItems; _GetTargetFrameworksOutput; _WalkEachTargetPerFramework; _GetPackageFiles; ") at C:\Program Files\dotnet\sdk\10.0.101\NuGet.Build.Tasks.Pack.targets (59,5)
       C:\Program Files\dotnet\sdk\10.0.101\Sdks\Microsoft.NET.Sdk\Sdk\Sdk.targets(59,5): message : Property reassignment: $(_IsNotSetContainersTargetsDir)="true" (previous value: "false") at C:\Program Files\dotnet\sdk\10.0.101\Sdks\Microsoft.NET.Sdk\Sdk\Sdk.targets (59,5)
       C:\Program Files\dotnet\sdk\10.0.101\Containers\build\Microsoft.NET.Build.Containers.targets(5,5): message : Property reassignment: $(_IsSDKContainerAllowedVersion)="true" (previous value: "false") at C:\Program Files\dotnet\sdk\10.0.101\Containers\build\Microsoft.NET.Build.Containers.targets (5,5)
       C:\Program Files\dotnet\sdk\10.0.101\Containers\build\Microsoft.NET.Build.Containers.targets(15,5): message : Property reassignment: $(_ContainerIsTargetingNet8TFM)="true" (previous value: "false") at C:\Program Files\dotnet\sdk\10.0.101\Containers\build\Microsoft.NET.Build.Containers.targets (15,5)
       Overriding target "ResolveFrameworkReferences" in project "C:\Program Files\dotnet\sdk\10.0.101\Microsoft.Common.CurrentVersion.targets" with target "ResolveFrameworkReferences" from project "C:\Program Files\dotnet\sdk\10.0.101\Sdks\Microsoft.NET.Sdk\targets\Microsoft.NET.Sdk.FrameworkReferenceResolution.targets".
       Overriding target "GenerateSupportedTargetFrameworkAlias" in project "C:\Program Files\dotnet\sdk\10.0.101\Microsoft.Common.CurrentVersion.targets" with target "GenerateSupportedTargetFrameworkAlias" from project "C:\Program Files\dotnet\sdk\10.0.101\Sdks\Microsoft.NET.Sdk\targets\Microsoft.NET.Sdk.targets".
       Overriding target "GetReferenceAssemblyPaths" in project "C:\Program Files\dotnet\sdk\10.0.101\Microsoft.Common.CurrentVersion.targets" with target "GetReferenceAssemblyPaths" from project "C:\Program Files\dotnet\sdk\10.0.101\Sdks\Microsoft.NET.Sdk\targets\Microsoft.NET.DisableStandardFrameworkResolution.targets".
       Overriding target "GetFrameworkPaths" in project "C:\Program Files\dotnet\sdk\10.0.101\Microsoft.Common.CurrentVersion.targets" with target "GetFrameworkPaths" from project "C:\Program Files\dotnet\sdk\10.0.101\Sdks\Microsoft.NET.Sdk\targets\Microsoft.NET.DisableStandardFrameworkResolution.targets".
       Overriding target "DesignerRuntimeImplementationProjectOutputGroup" in project "C:\Program Files\dotnet\sdk\10.0.101\Microsoft.Common.CurrentVersion.targets" with target "DesignerRuntimeImplementationProjectOutputGroup" from project "C:\Program Files\dotnet\sdk\10.0.101\Sdks\Microsoft.NET.Sdk\targets\Microsoft.NET.DesignerSupport.targets".
       Overriding target "Publish" in project "C:\Program Files\dotnet\sdk\10.0.101\Microsoft.Common.CurrentVersion.targets" with target "Publish" from project "C:\Program Files\dotnet\sdk\10.0.101\Sdks\Microsoft.NET.Sdk\targets\Microsoft.NET.Publish.targets".
       Overriding target "ResolveReadyToRunCompilers" in project "C:\Program Files\dotnet\sdk\10.0.101\Sdks\Microsoft.NET.Sdk\targets\Microsoft.NET.CrossGen.targets" with target "ResolveReadyToRunCompilers" from project "C:\Program Files\dotnet\sdk\10.0.101\Sdks\Microsoft.NET.Sdk\targets\Microsoft.NET.Publish.targets".
       Overriding target "GetCopyToPublishDirectoryItems" in project "C:\Program Files\dotnet\sdk\10.0.101\Microsoft.Common.CurrentVersion.targets" with target "GetCopyToPublishDirectoryItems" from project "C:\Program Files\dotnet\sdk\10.0.101\Sdks\Microsoft.NET.Sdk\targets\Microsoft.NET.Publish.targets".
       Overriding target "Run" in project "C:\Program Files\dotnet\sdk\10.0.101\Microsoft.Common.CurrentVersion.targets" with target "Run" from project "C:\Program Files\dotnet\sdk\10.0.101\Sdks\Microsoft.NET.Sdk\targets\Microsoft.NET.Sdk.targets".
       The target "ResolveNuGetPackageAssets" listed in an AfterTargets attribute at "C:\Users\giris\.nuget\packages\system.text.json\8.0.0\buildTransitive\net6.0\System.Text.Json.targets (11,11)" does not exist in the project, and will be ignored.
       The target "ResolveNuGetPackageAssets" listed in an AfterTargets attribute at "C:\Users\giris\.nuget\packages\system.text.json\8.0.0\buildTransitive\net6.0\System.Text.Json.targets (23,11)" does not exist in the project, and will be ignored.
       The target "ResolveNuGetPackageAssets" listed in an AfterTargets attribute at "C:\Users\giris\.nuget\packages\microsoft.extensions.logging.abstractions\8.0.0\buildTransitive\net6.0\Microsoft.Extensions.Logging.Abstractions.targets (11,11)" does not exist in the project, and will be ignored.
       The target "ResolveNuGetPackageAssets" listed in an AfterTargets attribute at "C:\Users\giris\.nuget\packages\microsoft.extensions.logging.abstractions\8.0.0\buildTransitive\net6.0\Microsoft.Extensions.Logging.Abstractions.targets (23,11)" does not exist in the project, and will be ignored.
       The target "ResolveNuGetPackageAssets" listed in an AfterTargets attribute at "C:\Users\giris\.nuget\packages\microsoft.extensions.options\8.0.0\buildTransitive\net6.0\Microsoft.Extensions.Options.targets (11,11)" does not exist in the project, and will be ignored.
       The target "ResolveNuGetPackageAssets" listed in an AfterTargets attribute at "C:\Users\giris\.nuget\packages\microsoft.extensions.options\8.0.0\buildTransitive\net6.0\Microsoft.Extensions.Options.targets (23,11)" does not exist in the project, and will be ignored.
   1:7>Project "C:\Users\giris\Documents\Code\Redesign-POS\Windows Based POS\Magidesk\Magidesk.Presentation.csproj" (1:7) is building "C:\Users\giris\Documents\Code\Redesign-POS\Windows Based POS\Magidesk\Magidesk.Infrastructure\Magidesk.Infrastructure.csproj" (4:5) on node 1 (GetTargetFrameworks target(s)).
   4:5>Target "_CalculateIsVSTestTestProject" in file "C:\Program Files\dotnet\sdk\10.0.101\Sdks\Microsoft.NET.Sdk\targets\Microsoft.NET.Sdk.targets" from project "C:\Users\giris\Documents\Code\Redesign-POS\Windows Based POS\Magidesk\Magidesk.Infrastructure\Magidesk.Infrastructure.csproj" (target "GetTargetFrameworksWithPlatformForSingleTargetFramework" depends on it):
   4:5>Done building target "_CalculateIsVSTestTestProject" in project "Magidesk.Infrastructure.csproj".
   4:5>Target "GetTargetFrameworksWithPlatformForSingleTargetFramework" in file "C:\Program Files\dotnet\sdk\10.0.101\Microsoft.Common.CurrentVersion.targets" from project "C:\Users\giris\Documents\Code\Redesign-POS\Windows Based POS\Magidesk\Magidesk.Infrastructure\Magidesk.Infrastructure.csproj" (target "GetTargetFrameworks" depends on it):
       Using "CombineTargetFrameworkInfoProperties" task from assembly "Microsoft.Build.Tasks.Core, Version=15.1.0.0, Culture=neutral, PublicKeyToken=b03f5f7f11d50a3a".
       Task "CombineTargetFrameworkInfoProperties"
       Done executing task "CombineTargetFrameworkInfoProperties".
   4:5>Done building target "GetTargetFrameworksWithPlatformForSingleTargetFramework" in project "Magidesk.Infrastructure.csproj".
   4:5>Target "GetTargetFrameworks" in file "C:\Program Files\dotnet\sdk\10.0.101\Microsoft.Common.CurrentVersion.targets" from project "C:\Users\giris\Documents\Code\Redesign-POS\Windows Based POS\Magidesk\Magidesk.Infrastructure\Magidesk.Infrastructure.csproj" (entry point):
       Using "CombineXmlElements" task from assembly "Microsoft.Build.Tasks.Core, Version=15.1.0.0, Culture=neutral, PublicKeyToken=b03f5f7f11d50a3a".
       Task "CombineXmlElements"
       Done executing task "CombineXmlElements".
   4:5>Done building target "GetTargetFrameworks" in project "Magidesk.Infrastructure.csproj".
   4:5>Done Building Project "C:\Users\giris\Documents\Code\Redesign-POS\Windows Based POS\Magidesk\Magidesk.Infrastructure\Magidesk.Infrastructure.csproj" (GetTargetFrameworks target(s)).
   1:7>Done executing task "MSBuild".
       Using "GetReferenceNearestTargetFrameworkTask" task from assembly "C:\Program Files\dotnet\sdk\10.0.101\NuGet.Build.Tasks.dll".
       Task "GetReferenceNearestTargetFrameworkTask"
       Done executing task "GetReferenceNearestTargetFrameworkTask".
       Using "SetRidAgnosticValueForProjects" task from assembly "Microsoft.Build.Tasks.Core, Version=15.1.0.0, Culture=neutral, PublicKeyToken=b03f5f7f11d50a3a".
       Task "SetRidAgnosticValueForProjects"
       Done executing task "SetRidAgnosticValueForProjects".
   1:7>Done building target "_GetProjectReferenceTargetFrameworkProperties" in project "Magidesk.Presentation.csproj".
   1:7>Target "_CalculateIsVSTestTestProject" in file "C:\Program Files\dotnet\sdk\10.0.101\Sdks\Microsoft.NET.Sdk\targets\Microsoft.NET.Sdk.targets" from project "C:\Users\giris\Documents\Code\Redesign-POS\Windows Based POS\Magidesk\Magidesk.Presentation.csproj" (target "ValidateExecutableReferences" depends on it):
   1:7>Done building target "_CalculateIsVSTestTestProject" in project "Magidesk.Presentation.csproj".
   1:7>Target "ValidateExecutableReferences" in file "C:\Program Files\dotnet\sdk\10.0.101\Sdks\Microsoft.NET.Sdk\targets\Microsoft.NET.Sdk.targets" from project "C:\Users\giris\Documents\Code\Redesign-POS\Windows Based POS\Magidesk\Magidesk.Presentation.csproj" (target "PrepareProjectReferences" depends on it):
       Using "ValidateExecutableReferences" task from assembly "C:\Program Files\dotnet\sdk\10.0.101\Sdks\Microsoft.NET.Sdk\targets\..\tools\net10.0\Microsoft.NET.Build.Tasks.dll".
       Task "ValidateExecutableReferences"
       Done executing task "ValidateExecutableReferences".
   1:7>Done building target "ValidateExecutableReferences" in project "Magidesk.Presentation.csproj".
   1:7>Target "PrepareProjectReferences" in file "C:\Program Files\dotnet\sdk\10.0.101\Microsoft.Common.CurrentVersion.targets" from project "C:\Users\giris\Documents\Code\Redesign-POS\Windows Based POS\Magidesk\Magidesk.Presentation.csproj" (target "ResolveProjectReferences" depends on it):
   1:7>Done building target "PrepareProjectReferences" in project "Magidesk.Presentation.csproj".
   1:7>Target "ResolveProjectReferences" in file "C:\Program Files\dotnet\sdk\10.0.101\Microsoft.Common.CurrentVersion.targets" from project "C:\Users\giris\Documents\Code\Redesign-POS\Windows Based POS\Magidesk\Magidesk.Presentation.csproj" (target "ResolveReferences" depends on it):
       Task "MSBuild"
         Removing Properties for project "Magidesk.Application\Magidesk.Application.csproj":
           TargetFramework
           RuntimeIdentifier
           SelfContained
         Removing Properties for project "Magidesk.Infrastructure\Magidesk.Infrastructure.csproj":
           TargetFramework
           RuntimeIdentifier
           SelfContained
         Removing Properties for project "Magidesk.Domain\Magidesk.Domain.csproj":
           TargetFramework
           RuntimeIdentifier
           SelfContained
   1:7>Project "C:\Users\giris\Documents\Code\Redesign-POS\Windows Based POS\Magidesk\Magidesk.Presentation.csproj" (1:7) is building "C:\Users\giris\Documents\Code\Redesign-POS\Windows Based POS\Magidesk\Magidesk.Application\Magidesk.Application.csproj" (2:7) on node 2 (default targets).
   2:7>Target "_CollectTargetFrameworkForTelemetry" in file "C:\Program Files\dotnet\sdk\10.0.101\Sdks\Microsoft.NET.Sdk\targets\Microsoft.NET.TargetFrameworkInference.targets" from project "C:\Users\giris\Documents\Code\Redesign-POS\Windows Based POS\Magidesk\Magidesk.Application\Magidesk.Application.csproj" (target "_CheckForInvalidConfigurationAndPlatform" depends on it):
   2:7>Using "AllowEmptyTelemetry" task from assembly "C:\Program Files\dotnet\sdk\10.0.101\Sdks\Microsoft.NET.Sdk\targets\..\tools\net10.0\Microsoft.NET.Build.Tasks.dll".
       Task "AllowEmptyTelemetry"
   1:7>Project "C:\Users\giris\Documents\Code\Redesign-POS\Windows Based POS\Magidesk\Magidesk.Presentation.csproj" (1:7) is building "C:\Users\giris\Documents\Code\Redesign-POS\Windows Based POS\Magidesk\Magidesk.Domain\Magidesk.Domain.csproj" (3:7) on node 3 (default targets).
   3:7>Target "_CollectTargetFrameworkForTelemetry" in file "C:\Program Files\dotnet\sdk\10.0.101\Sdks\Microsoft.NET.Sdk\targets\Microsoft.NET.TargetFrameworkInference.targets" from project "C:\Users\giris\Documents\Code\Redesign-POS\Windows Based POS\Magidesk\Magidesk.Domain\Magidesk.Domain.csproj" (target "_CheckForInvalidConfigurationAndPlatform" depends on it):
   3:7>Using "AllowEmptyTelemetry" task from assembly "C:\Program Files\dotnet\sdk\10.0.101\Sdks\Microsoft.NET.Sdk\targets\..\tools\net10.0\Microsoft.NET.Build.Tasks.dll".
   2:7>Done executing task "AllowEmptyTelemetry".
   3:7>Task "AllowEmptyTelemetry"
   2:7>Done building target "_CollectTargetFrameworkForTelemetry" in project "Magidesk.Application.csproj".
   3:7>Done executing task "AllowEmptyTelemetry".
   2:7>Target "_CheckForUnsupportedNETCoreVersion" in file "C:\Program Files\dotnet\sdk\10.0.101\Sdks\Microsoft.NET.Sdk\targets\Microsoft.NET.TargetFrameworkInference.targets" from project "C:\Users\giris\Documents\Code\Redesign-POS\Windows Based POS\Magidesk\Magidesk.Application\Magidesk.Application.csproj" (target "_CheckForInvalidConfigurationAndPlatform" depends on it):
   2:7>Done building target "_CheckForUnsupportedNETCoreVersion" in project "Magidesk.Application.csproj".
   3:7>Done building target "_CollectTargetFrameworkForTelemetry" in project "Magidesk.Domain.csproj".
   1:7>Project "C:\Users\giris\Documents\Code\Redesign-POS\Windows Based POS\Magidesk\Magidesk.Presentation.csproj" (1:7) is building "C:\Users\giris\Documents\Code\Redesign-POS\Windows Based POS\Magidesk\Magidesk.Infrastructure\Magidesk.Infrastructure.csproj" (4:6) on node 1 (default targets).
   4:6>Target "_CollectTargetFrameworkForTelemetry" in file "C:\Program Files\dotnet\sdk\10.0.101\Sdks\Microsoft.NET.Sdk\targets\Microsoft.NET.TargetFrameworkInference.targets" from project "C:\Users\giris\Documents\Code\Redesign-POS\Windows Based POS\Magidesk\Magidesk.Infrastructure\Magidesk.Infrastructure.csproj" (target "_CheckForInvalidConfigurationAndPlatform" depends on it):
   4:6>Using "AllowEmptyTelemetry" task from assembly "C:\Program Files\dotnet\sdk\10.0.101\Sdks\Microsoft.NET.Sdk\targets\..\tools\net10.0\Microsoft.NET.Build.Tasks.dll".
       Task "AllowEmptyTelemetry"
   2:7>Target "_CheckForUnsupportedCppNETCoreVersion" in file "C:\Program Files\dotnet\sdk\10.0.101\Sdks\Microsoft.NET.Sdk\targets\Microsoft.NET.TargetFrameworkInference.targets" from project "C:\Users\giris\Documents\Code\Redesign-POS\Windows Based POS\Magidesk\Magidesk.Application\Magidesk.Application.csproj" (target "_CheckForInvalidConfigurationAndPlatform" depends on it):
   2:7>Done building target "_CheckForUnsupportedCppNETCoreVersion" in project "Magidesk.Application.csproj".
   3:7>Target "_CheckForUnsupportedNETCoreVersion" in file "C:\Program Files\dotnet\sdk\10.0.101\Sdks\Microsoft.NET.Sdk\targets\Microsoft.NET.TargetFrameworkInference.targets" from project "C:\Users\giris\Documents\Code\Redesign-POS\Windows Based POS\Magidesk\Magidesk.Domain\Magidesk.Domain.csproj" (target "_CheckForInvalidConfigurationAndPlatform" depends on it):
   3:7>Done building target "_CheckForUnsupportedNETCoreVersion" in project "Magidesk.Domain.csproj".
   2:7>Target "_CheckForUnsupportedArtifactsPath" in file "C:\Program Files\dotnet\sdk\10.0.101\Sdks\Microsoft.NET.Sdk\targets\Microsoft.NET.DefaultOutputPaths.targets" from project "C:\Users\giris\Documents\Code\Redesign-POS\Windows Based POS\Magidesk\Magidesk.Application\Magidesk.Application.csproj" (target "_CheckForInvalidConfigurationAndPlatform" depends on it):
   2:7>Done building target "_CheckForUnsupportedArtifactsPath" in project "Magidesk.Application.csproj".
   3:7>Target "_CheckForUnsupportedCppNETCoreVersion" in file "C:\Program Files\dotnet\sdk\10.0.101\Sdks\Microsoft.NET.Sdk\targets\Microsoft.NET.TargetFrameworkInference.targets" from project "C:\Users\giris\Documents\Code\Redesign-POS\Windows Based POS\Magidesk\Magidesk.Domain\Magidesk.Domain.csproj" (target "_CheckForInvalidConfigurationAndPlatform" depends on it):
   3:7>Done building target "_CheckForUnsupportedCppNETCoreVersion" in project "Magidesk.Domain.csproj".
   2:7>Target "_CheckForUnsupportedHostingUsage" in file "C:\Program Files\dotnet\sdk\10.0.101\Sdks\Microsoft.NET.Sdk\targets\Microsoft.NET.RuntimeIdentifierInference.targets" from project "C:\Users\giris\Documents\Code\Redesign-POS\Windows Based POS\Magidesk\Magidesk.Application\Magidesk.Application.csproj" (target "_CheckForInvalidConfigurationAndPlatform" depends on it):
   2:7>Done building target "_CheckForUnsupportedHostingUsage" in project "Magidesk.Application.csproj".
   3:7>Target "_CheckForUnsupportedArtifactsPath" in file "C:\Program Files\dotnet\sdk\10.0.101\Sdks\Microsoft.NET.Sdk\targets\Microsoft.NET.DefaultOutputPaths.targets" from project "C:\Users\giris\Documents\Code\Redesign-POS\Windows Based POS\Magidesk\Magidesk.Domain\Magidesk.Domain.csproj" (target "_CheckForInvalidConfigurationAndPlatform" depends on it):
   3:7>Done building target "_CheckForUnsupportedArtifactsPath" in project "Magidesk.Domain.csproj".
   3:7>Target "_CheckForUnsupportedHostingUsage" in file "C:\Program Files\dotnet\sdk\10.0.101\Sdks\Microsoft.NET.Sdk\targets\Microsoft.NET.RuntimeIdentifierInference.targets" from project "C:\Users\giris\Documents\Code\Redesign-POS\Windows Based POS\Magidesk\Magidesk.Domain\Magidesk.Domain.csproj" (target "_CheckForInvalidConfigurationAndPlatform" depends on it):
   3:7>Done building target "_CheckForUnsupportedHostingUsage" in project "Magidesk.Domain.csproj".
   2:7>Target "_CheckAndUnsetUnsupportedPrefer32Bit" in file "C:\Program Files\dotnet\sdk\10.0.101\Sdks\Microsoft.NET.Sdk\targets\Microsoft.NET.RuntimeIdentifierInference.targets" from project "C:\Users\giris\Documents\Code\Redesign-POS\Windows Based POS\Magidesk\Magidesk.Application\Magidesk.Application.csproj" (target "_CheckForInvalidConfigurationAndPlatform" depends on it):
   2:7>Done building target "_CheckAndUnsetUnsupportedPrefer32Bit" in project "Magidesk.Application.csproj".
   2:7>Target "_CheckForLanguageAndFeatureCombinationSupport" in file "C:\Program Files\dotnet\sdk\10.0.101\Sdks\Microsoft.NET.Sdk\targets\Microsoft.NET.RuntimeIdentifierInference.targets" from project "C:\Users\giris\Documents\Code\Redesign-POS\Windows Based POS\Magidesk\Magidesk.Application\Magidesk.Application.csproj" (target "_CheckForInvalidConfigurationAndPlatform" depends on it):
   2:7>Done building target "_CheckForLanguageAndFeatureCombinationSupport" in project "Magidesk.Application.csproj".
   3:7>Target "_CheckAndUnsetUnsupportedPrefer32Bit" in file "C:\Program Files\dotnet\sdk\10.0.101\Sdks\Microsoft.NET.Sdk\targets\Microsoft.NET.RuntimeIdentifierInference.targets" from project "C:\Users\giris\Documents\Code\Redesign-POS\Windows Based POS\Magidesk\Magidesk.Domain\Magidesk.Domain.csproj" (target "_CheckForInvalidConfigurationAndPlatform" depends on it):
   3:7>Done building target "_CheckAndUnsetUnsupportedPrefer32Bit" in project "Magidesk.Domain.csproj".
   2:7>Target "UpdateAspNetToFrameworkReference" in file "C:\Program Files\dotnet\sdk\10.0.101\Sdks\Microsoft.NET.Sdk\targets\Microsoft.NET.Sdk.DefaultItems.Shared.targets" from project "C:\Users\giris\Documents\Code\Redesign-POS\Windows Based POS\Magidesk\Magidesk.Application\Magidesk.Application.csproj" (target "ApplyImplicitVersions" depends on it):
   2:7>Using "CheckIfPackageReferenceShouldBeFrameworkReference" task from assembly "C:\Program Files\dotnet\sdk\10.0.101\Sdks\Microsoft.NET.Sdk\targets\..\tools\net10.0\Microsoft.NET.Build.Tasks.dll".
       Task "CheckIfPackageReferenceShouldBeFrameworkReference"
   3:7>Target "_CheckForLanguageAndFeatureCombinationSupport" in file "C:\Program Files\dotnet\sdk\10.0.101\Sdks\Microsoft.NET.Sdk\targets\Microsoft.NET.RuntimeIdentifierInference.targets" from project "C:\Users\giris\Documents\Code\Redesign-POS\Windows Based POS\Magidesk\Magidesk.Domain\Magidesk.Domain.csproj" (target "_CheckForInvalidConfigurationAndPlatform" depends on it):
   3:7>Done building target "_CheckForLanguageAndFeatureCombinationSupport" in project "Magidesk.Domain.csproj".
   2:7>Done executing task "CheckIfPackageReferenceShouldBeFrameworkReference".
       Task "CheckIfPackageReferenceShouldBeFrameworkReference"
   4:6>Done executing task "AllowEmptyTelemetry".
   4:6>Done building target "_CollectTargetFrameworkForTelemetry" in project "Magidesk.Infrastructure.csproj".
   2:7>Done executing task "CheckIfPackageReferenceShouldBeFrameworkReference".
   3:7>Target "CheckForImplicitPackageReferenceOverrides" in file "C:\Program Files\dotnet\sdk\10.0.101\Sdks\Microsoft.NET.Sdk\targets\Microsoft.NET.Sdk.DefaultItems.Shared.targets" from project "C:\Users\giris\Documents\Code\Redesign-POS\Windows Based POS\Magidesk\Magidesk.Domain\Magidesk.Domain.csproj" (target "CollectPackageReferences" depends on it):
   3:7>Using "CheckForImplicitPackageReferenceOverrides" task from assembly "C:\Program Files\dotnet\sdk\10.0.101\Sdks\Microsoft.NET.Sdk\targets\..\tools\net10.0\Microsoft.NET.Build.Tasks.dll".
   2:7>Done building target "UpdateAspNetToFrameworkReference" in project "Magidesk.Application.csproj".
   3:7>Task "CheckForImplicitPackageReferenceOverrides"
       Done executing task "CheckForImplicitPackageReferenceOverrides".
   2:7>Target "CheckForImplicitPackageReferenceOverrides" in file "C:\Program Files\dotnet\sdk\10.0.101\Sdks\Microsoft.NET.Sdk\targets\Microsoft.NET.Sdk.DefaultItems.Shared.targets" from project "C:\Users\giris\Documents\Code\Redesign-POS\Windows Based POS\Magidesk\Magidesk.Application\Magidesk.Application.csproj" (target "ApplyImplicitVersions" depends on it):
   2:7>Using "CheckForImplicitPackageReferenceOverrides" task from assembly "C:\Program Files\dotnet\sdk\10.0.101\Sdks\Microsoft.NET.Sdk\targets\..\tools\net10.0\Microsoft.NET.Build.Tasks.dll".
   3:7>Done building target "CheckForImplicitPackageReferenceOverrides" in project "Magidesk.Domain.csproj".
   4:6>Target "_CheckForUnsupportedNETCoreVersion" in file "C:\Program Files\dotnet\sdk\10.0.101\Sdks\Microsoft.NET.Sdk\targets\Microsoft.NET.TargetFrameworkInference.targets" from project "C:\Users\giris\Documents\Code\Redesign-POS\Windows Based POS\Magidesk\Magidesk.Infrastructure\Magidesk.Infrastructure.csproj" (target "_CheckForInvalidConfigurationAndPlatform" depends on it):
   4:6>Done building target "_CheckForUnsupportedNETCoreVersion" in project "Magidesk.Infrastructure.csproj".
   2:7>Task "CheckForImplicitPackageReferenceOverrides"
       Done executing task "CheckForImplicitPackageReferenceOverrides".
   4:6>Target "_CheckForUnsupportedCppNETCoreVersion" in file "C:\Program Files\dotnet\sdk\10.0.101\Sdks\Microsoft.NET.Sdk\targets\Microsoft.NET.TargetFrameworkInference.targets" from project "C:\Users\giris\Documents\Code\Redesign-POS\Windows Based POS\Magidesk\Magidesk.Infrastructure\Magidesk.Infrastructure.csproj" (target "_CheckForInvalidConfigurationAndPlatform" depends on it):
   4:6>Done building target "_CheckForUnsupportedCppNETCoreVersion" in project "Magidesk.Infrastructure.csproj".
   2:7>Done building target "CheckForImplicitPackageReferenceOverrides" in project "Magidesk.Application.csproj".
   3:7>Target "_ComputeToolPackInputsToProcessFrameworkReferences" in file "C:\Program Files\dotnet\sdk\10.0.101\Sdks\Microsoft.NET.Sdk\targets\Microsoft.NET.Publish.targets" from project "C:\Users\giris\Documents\Code\Redesign-POS\Windows Based POS\Magidesk\Magidesk.Domain\Magidesk.Domain.csproj" (target "ProcessFrameworkReferences" depends on it):
   3:7>Done building target "_ComputeToolPackInputsToProcessFrameworkReferences" in project "Magidesk.Domain.csproj".
   4:6>Target "_CheckForUnsupportedArtifactsPath" in file "C:\Program Files\dotnet\sdk\10.0.101\Sdks\Microsoft.NET.Sdk\targets\Microsoft.NET.DefaultOutputPaths.targets" from project "C:\Users\giris\Documents\Code\Redesign-POS\Windows Based POS\Magidesk\Magidesk.Infrastructure\Magidesk.Infrastructure.csproj" (target "_CheckForInvalidConfigurationAndPlatform" depends on it):
   4:6>Done building target "_CheckForUnsupportedArtifactsPath" in project "Magidesk.Infrastructure.csproj".
   4:6>Target "_CheckForUnsupportedHostingUsage" in file "C:\Program Files\dotnet\sdk\10.0.101\Sdks\Microsoft.NET.Sdk\targets\Microsoft.NET.RuntimeIdentifierInference.targets" from project "C:\Users\giris\Documents\Code\Redesign-POS\Windows Based POS\Magidesk\Magidesk.Infrastructure\Magidesk.Infrastructure.csproj" (target "_CheckForInvalidConfigurationAndPlatform" depends on it):
   4:6>Done building target "_CheckForUnsupportedHostingUsage" in project "Magidesk.Infrastructure.csproj".
   3:7>Target "ProcessFrameworkReferences" in file "C:\Program Files\dotnet\sdk\10.0.101\Sdks\Microsoft.NET.Sdk\targets\Microsoft.NET.Sdk.FrameworkReferenceResolution.targets" from project "C:\Users\giris\Documents\Code\Redesign-POS\Windows Based POS\Magidesk\Magidesk.Domain\Magidesk.Domain.csproj" (target "CollectPackageReferences" depends on it):
   3:7>Using "CheckForDuplicateFrameworkReferences" task from assembly "C:\Program Files\dotnet\sdk\10.0.101\Sdks\Microsoft.NET.Sdk\targets\..\tools\net10.0\Microsoft.NET.Build.Tasks.dll".
   2:7>Target "ApplyImplicitVersions" in file "C:\Program Files\dotnet\sdk\10.0.101\Sdks\Microsoft.NET.Sdk\targets\Microsoft.NET.Sdk.DefaultItems.Shared.targets" from project "C:\Users\giris\Documents\Code\Redesign-POS\Windows Based POS\Magidesk\Magidesk.Application\Magidesk.Application.csproj" (target "CollectPackageReferences" depends on it):
   2:7>Using "ApplyImplicitVersions" task from assembly "C:\Program Files\dotnet\sdk\10.0.101\Sdks\Microsoft.NET.Sdk\targets\..\tools\net10.0\Microsoft.NET.Build.Tasks.dll".
   4:6>Target "_CheckAndUnsetUnsupportedPrefer32Bit" in file "C:\Program Files\dotnet\sdk\10.0.101\Sdks\Microsoft.NET.Sdk\targets\Microsoft.NET.RuntimeIdentifierInference.targets" from project "C:\Users\giris\Documents\Code\Redesign-POS\Windows Based POS\Magidesk\Magidesk.Infrastructure\Magidesk.Infrastructure.csproj" (target "_CheckForInvalidConfigurationAndPlatform" depends on it):
   4:6>Done building target "_CheckAndUnsetUnsupportedPrefer32Bit" in project "Magidesk.Infrastructure.csproj".
   3:7>Task "CheckForDuplicateFrameworkReferences"
       Done executing task "CheckForDuplicateFrameworkReferences".
   4:6>Target "_CheckForLanguageAndFeatureCombinationSupport" in file "C:\Program Files\dotnet\sdk\10.0.101\Sdks\Microsoft.NET.Sdk\targets\Microsoft.NET.RuntimeIdentifierInference.targets" from project "C:\Users\giris\Documents\Code\Redesign-POS\Windows Based POS\Magidesk\Magidesk.Infrastructure\Magidesk.Infrastructure.csproj" (target "_CheckForInvalidConfigurationAndPlatform" depends on it):
   4:6>Done building target "_CheckForLanguageAndFeatureCombinationSupport" in project "Magidesk.Infrastructure.csproj".
   3:7>ProcessFrameworkReferences:
       Using "ProcessFrameworkReferences" task from assembly "C:\Program Files\dotnet\sdk\10.0.101\Sdks\Microsoft.NET.Sdk\targets\..\tools\net10.0\Microsoft.NET.Build.Tasks.dll".
   2:7>Task "ApplyImplicitVersions"
       Done executing task "ApplyImplicitVersions".
   3:7>Task "ProcessFrameworkReferences"
   2:7>Done building target "ApplyImplicitVersions" in project "Magidesk.Application.csproj".
       Target "CheckForImplicitPackageReferenceOverrides" skipped. Previously built successfully.
   4:6>Target "UpdateAspNetToFrameworkReference" in file "C:\Program Files\dotnet\sdk\10.0.101\Sdks\Microsoft.NET.Sdk\targets\Microsoft.NET.Sdk.DefaultItems.Shared.targets" from project "C:\Users\giris\Documents\Code\Redesign-POS\Windows Based POS\Magidesk\Magidesk.Infrastructure\Magidesk.Infrastructure.csproj" (target "ApplyImplicitVersions" depends on it):
   4:6>Using "CheckIfPackageReferenceShouldBeFrameworkReference" task from assembly "C:\Program Files\dotnet\sdk\10.0.101\Sdks\Microsoft.NET.Sdk\targets\..\tools\net10.0\Microsoft.NET.Build.Tasks.dll".
       Task "CheckIfPackageReferenceShouldBeFrameworkReference"
   2:7>Target "_ComputeToolPackInputsToProcessFrameworkReferences" in file "C:\Program Files\dotnet\sdk\10.0.101\Sdks\Microsoft.NET.Sdk\targets\Microsoft.NET.Publish.targets" from project "C:\Users\giris\Documents\Code\Redesign-POS\Windows Based POS\Magidesk\Magidesk.Application\Magidesk.Application.csproj" (target "ProcessFrameworkReferences" depends on it):
   2:7>Done building target "_ComputeToolPackInputsToProcessFrameworkReferences" in project "Magidesk.Application.csproj".
   4:6>Done executing task "CheckIfPackageReferenceShouldBeFrameworkReference".
       Task "CheckIfPackageReferenceShouldBeFrameworkReference"
   2:7>Target "ProcessFrameworkReferences" in file "C:\Program Files\dotnet\sdk\10.0.101\Sdks\Microsoft.NET.Sdk\targets\Microsoft.NET.Sdk.FrameworkReferenceResolution.targets" from project "C:\Users\giris\Documents\Code\Redesign-POS\Windows Based POS\Magidesk\Magidesk.Application\Magidesk.Application.csproj" (target "CollectPackageReferences" depends on it):
   2:7>Using "CheckForDuplicateFrameworkReferences" task from assembly "C:\Program Files\dotnet\sdk\10.0.101\Sdks\Microsoft.NET.Sdk\targets\..\tools\net10.0\Microsoft.NET.Build.Tasks.dll".
   4:6>Done executing task "CheckIfPackageReferenceShouldBeFrameworkReference".
   2:7>Task "CheckForDuplicateFrameworkReferences"
       Done executing task "CheckForDuplicateFrameworkReferences".
   3:7>ProcessFrameworkReferences:
         Found 1 known framework references for target framework .NETCoreApp
   4:6>Done building target "UpdateAspNetToFrameworkReference" in project "Magidesk.Infrastructure.csproj".
   2:7>ProcessFrameworkReferences:
       Using "ProcessFrameworkReferences" task from assembly "C:\Program Files\dotnet\sdk\10.0.101\Sdks\Microsoft.NET.Sdk\targets\..\tools\net10.0\Microsoft.NET.Build.Tasks.dll".
   3:7>ProcessFrameworkReferences:
         Found 5 known runtime packs for target framework .NETCoreApp
   4:6>Target "CheckForImplicitPackageReferenceOverrides" in file "C:\Program Files\dotnet\sdk\10.0.101\Sdks\Microsoft.NET.Sdk\targets\Microsoft.NET.Sdk.DefaultItems.Shared.targets" from project "C:\Users\giris\Documents\Code\Redesign-POS\Windows Based POS\Magidesk\Magidesk.Infrastructure\Magidesk.Infrastructure.csproj" (target "ApplyImplicitVersions" depends on it):
   4:6>Using "CheckForImplicitPackageReferenceOverrides" task from assembly "C:\Program Files\dotnet\sdk\10.0.101\Sdks\Microsoft.NET.Sdk\targets\..\tools\net10.0\Microsoft.NET.Build.Tasks.dll".
       Task "CheckForImplicitPackageReferenceOverrides"
   2:7>Task "ProcessFrameworkReferences"
   3:7>ProcessFrameworkReferences:
         Selected Microsoft.NETCore.App with RIDs 'linux-arm;linux-arm64;linux-musl-arm64;linux-musl-x64;linux-x64;osx-x64;tizen.4.0.0-armel;tizen.5.0.0-armel;win-arm64;win-x64;win-x86;linux-musl-arm;osx-arm64;linux-s390x;linux-loongarch64;linux-bionic-arm;linux-bionic-arm64;linux-bionic-x64;linux-bionic-x86;linux-ppc64le;freebsd-x64;freebsd-arm64'
   4:6>Done executing task "CheckForImplicitPackageReferenceOverrides".
   4:6>Done building target "CheckForImplicitPackageReferenceOverrides" in project "Magidesk.Infrastructure.csproj".
   3:7>ProcessFrameworkReferences:
         Selected targeting pack 'Microsoft.NETCore.App@8.0.22'
   4:6>Target "ApplyImplicitVersions" in file "C:\Program Files\dotnet\sdk\10.0.101\Sdks\Microsoft.NET.Sdk\targets\Microsoft.NET.Sdk.DefaultItems.Shared.targets" from project "C:\Users\giris\Documents\Code\Redesign-POS\Windows Based POS\Magidesk\Magidesk.Infrastructure\Magidesk.Infrastructure.csproj" (target "CollectPackageReferences" depends on it):
   4:6>Using "ApplyImplicitVersions" task from assembly "C:\Program Files\dotnet\sdk\10.0.101\Sdks\Microsoft.NET.Sdk\targets\..\tools\net10.0\Microsoft.NET.Build.Tasks.dll".
       Task "ApplyImplicitVersions"
   2:7>ProcessFrameworkReferences:
         Found 1 known framework references for target framework .NETCoreApp
   3:7>ProcessFrameworkReferences:
         Added runtime framework 'Microsoft.NETCore.App@8.0.0'
   2:7>ProcessFrameworkReferences:
         Found 5 known runtime packs for target framework .NETCoreApp
   3:7>ProcessFrameworkReferences:
         Selected Microsoft.WindowsDesktop.App with RIDs 'win-x64;win-x86;win-arm64'
   2:7>ProcessFrameworkReferences:
         Selected Microsoft.NETCore.App with RIDs 'linux-arm;linux-arm64;linux-musl-arm64;linux-musl-x64;linux-x64;osx-x64;tizen.4.0.0-armel;tizen.5.0.0-armel;win-arm64;win-x64;win-x86;linux-musl-arm;osx-arm64;linux-s390x;linux-loongarch64;linux-bionic-arm;linux-bionic-arm64;linux-bionic-x64;linux-bionic-x86;linux-ppc64le;freebsd-x64;freebsd-arm64'
   3:7>ProcessFrameworkReferences:
         Selected targeting pack 'Microsoft.WindowsDesktop.App@8.0.22'
   2:7>ProcessFrameworkReferences:
         Selected targeting pack 'Microsoft.NETCore.App@8.0.22'
         Added runtime framework 'Microsoft.NETCore.App@8.0.0'
   3:7>ProcessFrameworkReferences:
         Added runtime framework 'Microsoft.WindowsDesktop.App@8.0.0'
         Selected Microsoft.WindowsDesktop.App with RIDs 'win-x64;win-x86;win-arm64'
         Selected targeting pack 'Microsoft.WindowsDesktop.App.WPF@8.0.22'
   2:7>ProcessFrameworkReferences:
         Selected Microsoft.WindowsDesktop.App with RIDs 'win-x64;win-x86;win-arm64'
   3:7>ProcessFrameworkReferences:
         Added runtime framework 'Microsoft.WindowsDesktop.App@8.0.0'
   2:7>ProcessFrameworkReferences:
         Selected targeting pack 'Microsoft.WindowsDesktop.App@8.0.22'
   3:7>ProcessFrameworkReferences:
         Selected Microsoft.WindowsDesktop.App with RIDs 'win-x64;win-x86;win-arm64'
   2:7>ProcessFrameworkReferences:
         Added runtime framework 'Microsoft.WindowsDesktop.App@8.0.0'
         Selected Microsoft.WindowsDesktop.App with RIDs 'win-x64;win-x86;win-arm64'
   3:7>ProcessFrameworkReferences:
         Selected targeting pack 'Microsoft.WindowsDesktop.App.WindowsForms@8.0.22'
   2:7>ProcessFrameworkReferences:
         Selected targeting pack 'Microsoft.WindowsDesktop.App.WPF@8.0.22'
   3:7>ProcessFrameworkReferences:
         Added runtime framework 'Microsoft.WindowsDesktop.App@8.0.0'
         Selected Microsoft.AspNetCore.App with RIDs 'win-x64;win-x86;osx-x64;linux-musl-x64;linux-musl-arm64;linux-x64;linux-arm;linux-arm64;linux-musl-arm;win-arm64;osx-arm64;linux-s390x;linux-loongarch64;linux-ppc64le;freebsd-x64;freebsd-arm64'
   2:7>ProcessFrameworkReferences:
         Added runtime framework 'Microsoft.WindowsDesktop.App@8.0.0'
   3:7>ProcessFrameworkReferences:
         Selected targeting pack 'Microsoft.AspNetCore.App@8.0.22'
   2:7>ProcessFrameworkReferences:
         Selected Microsoft.WindowsDesktop.App with RIDs 'win-x64;win-x86;win-arm64'
   3:7>ProcessFrameworkReferences:
         Added runtime framework 'Microsoft.AspNetCore.App@8.0.0'
   2:7>ProcessFrameworkReferences:
         Selected targeting pack 'Microsoft.WindowsDesktop.App.WindowsForms@8.0.22'
         Added runtime framework 'Microsoft.WindowsDesktop.App@8.0.0'
   3:7>Done executing task "ProcessFrameworkReferences".
       Using "ResolveAppHosts" task from assembly "C:\Program Files\dotnet\sdk\10.0.101\Sdks\Microsoft.NET.Sdk\targets\..\tools\net10.0\Microsoft.NET.Build.Tasks.dll".
   2:7>ProcessFrameworkReferences:
         Selected Microsoft.AspNetCore.App with RIDs 'win-x64;win-x86;osx-x64;linux-musl-x64;linux-musl-arm64;linux-x64;linux-arm;linux-arm64;linux-musl-arm;win-arm64;osx-arm64;linux-s390x;linux-loongarch64;linux-ppc64le;freebsd-x64;freebsd-arm64'
   4:6>Done executing task "ApplyImplicitVersions".
   3:7>Task "ResolveAppHosts"
       Done executing task "ResolveAppHosts".
   2:7>ProcessFrameworkReferences:
         Selected targeting pack 'Microsoft.AspNetCore.App@8.0.22'
   3:7>Done building target "ProcessFrameworkReferences" in project "Magidesk.Domain.csproj".
   2:7>ProcessFrameworkReferences:
         Added runtime framework 'Microsoft.AspNetCore.App@8.0.0'
   3:7>Target "_CheckForObsoleteDotNetCliToolReferences" in file "C:\Program Files\dotnet\sdk\10.0.101\Sdks\Microsoft.NET.Sdk\targets\Microsoft.NET.ObsoleteReferences.targets" from project "C:\Users\giris\Documents\Code\Redesign-POS\Windows Based POS\Magidesk\Magidesk.Domain\Magidesk.Domain.csproj" (target "CollectPackageReferences" depends on it):
   3:7>Done building target "_CheckForObsoleteDotNetCliToolReferences" in project "Magidesk.Domain.csproj".
   4:6>Done building target "ApplyImplicitVersions" in project "Magidesk.Infrastructure.csproj".
   2:7>Done executing task "ProcessFrameworkReferences".
   4:6>Target "CheckForImplicitPackageReferenceOverrides" skipped. Previously built successfully.
   2:7>ProcessFrameworkReferences:
       Using "ResolveAppHosts" task from assembly "C:\Program Files\dotnet\sdk\10.0.101\Sdks\Microsoft.NET.Sdk\targets\..\tools\net10.0\Microsoft.NET.Build.Tasks.dll".
       Task "ResolveAppHosts"
       Done executing task "ResolveAppHosts".
   2:7>Done building target "ProcessFrameworkReferences" in project "Magidesk.Application.csproj".
   3:7>Target "CollectPackageReferences" in file "C:\Program Files\dotnet\sdk\10.0.101\NuGet.targets" from project "C:\Users\giris\Documents\Code\Redesign-POS\Windows Based POS\Magidesk\Magidesk.Domain\Magidesk.Domain.csproj" (target "_GetRestoreProjectStyle" depends on it):
   3:7>Using "CheckForDuplicateNuGetItemsTask" task from assembly "C:\Program Files\dotnet\sdk\10.0.101\NuGet.Build.Tasks.dll".
       Task "CheckForDuplicateNuGetItemsTask"
   4:6>Target "_ComputeToolPackInputsToProcessFrameworkReferences" in file "C:\Program Files\dotnet\sdk\10.0.101\Sdks\Microsoft.NET.Sdk\targets\Microsoft.NET.Publish.targets" from project "C:\Users\giris\Documents\Code\Redesign-POS\Windows Based POS\Magidesk\Magidesk.Infrastructure\Magidesk.Infrastructure.csproj" (target "ProcessFrameworkReferences" depends on it):
   4:6>Done building target "_ComputeToolPackInputsToProcessFrameworkReferences" in project "Magidesk.Infrastructure.csproj".
   3:7>Done executing task "CheckForDuplicateNuGetItemsTask".
   2:7>Target "_CheckForObsoleteDotNetCliToolReferences" in file "C:\Program Files\dotnet\sdk\10.0.101\Sdks\Microsoft.NET.Sdk\targets\Microsoft.NET.ObsoleteReferences.targets" from project "C:\Users\giris\Documents\Code\Redesign-POS\Windows Based POS\Magidesk\Magidesk.Application\Magidesk.Application.csproj" (target "CollectPackageReferences" depends on it):
   2:7>Done building target "_CheckForObsoleteDotNetCliToolReferences" in project "Magidesk.Application.csproj".
   3:7>Done building target "CollectPackageReferences" in project "Magidesk.Domain.csproj".
   4:6>Target "ProcessFrameworkReferences" in file "C:\Program Files\dotnet\sdk\10.0.101\Sdks\Microsoft.NET.Sdk\targets\Microsoft.NET.Sdk.FrameworkReferenceResolution.targets" from project "C:\Users\giris\Documents\Code\Redesign-POS\Windows Based POS\Magidesk\Magidesk.Infrastructure\Magidesk.Infrastructure.csproj" (target "CollectPackageReferences" depends on it):
   4:6>Using "CheckForDuplicateFrameworkReferences" task from assembly "C:\Program Files\dotnet\sdk\10.0.101\Sdks\Microsoft.NET.Sdk\targets\..\tools\net10.0\Microsoft.NET.Build.Tasks.dll".
       Task "CheckForDuplicateFrameworkReferences"
   2:7>Target "CollectPackageReferences" in file "C:\Program Files\dotnet\sdk\10.0.101\NuGet.targets" from project "C:\Users\giris\Documents\Code\Redesign-POS\Windows Based POS\Magidesk\Magidesk.Application\Magidesk.Application.csproj" (target "_GetRestoreProjectStyle" depends on it):
   2:7>Using "CheckForDuplicateNuGetItemsTask" task from assembly "C:\Program Files\dotnet\sdk\10.0.101\NuGet.Build.Tasks.dll".
   3:7>Target "_GetRestoreProjectStyle" in file "C:\Program Files\dotnet\sdk\10.0.101\NuGet.targets" from project "C:\Users\giris\Documents\Code\Redesign-POS\Windows Based POS\Magidesk\Magidesk.Domain\Magidesk.Domain.csproj" (target "EnableIntermediateOutputPathMismatchWarning" depends on it):
   3:7>Using "GetRestoreProjectStyleTask" task from assembly "C:\Program Files\dotnet\sdk\10.0.101\NuGet.Build.Tasks.dll".
   2:7>Task "CheckForDuplicateNuGetItemsTask"
       Done executing task "CheckForDuplicateNuGetItemsTask".
   3:7>Task "GetRestoreProjectStyleTask"
   2:7>Done building target "CollectPackageReferences" in project "Magidesk.Application.csproj".
   3:7>Done executing task "GetRestoreProjectStyleTask".
   4:6>Done executing task "CheckForDuplicateFrameworkReferences".
   2:7>Target "_GetRestoreProjectStyle" in file "C:\Program Files\dotnet\sdk\10.0.101\NuGet.targets" from project "C:\Users\giris\Documents\Code\Redesign-POS\Windows Based POS\Magidesk\Magidesk.Application\Magidesk.Application.csproj" (target "EnableIntermediateOutputPathMismatchWarning" depends on it):
   2:7>Using "GetRestoreProjectStyleTask" task from assembly "C:\Program Files\dotnet\sdk\10.0.101\NuGet.Build.Tasks.dll".
   3:7>Done building target "_GetRestoreProjectStyle" in project "Magidesk.Domain.csproj".
   2:7>Task "GetRestoreProjectStyleTask"
   3:7>Target "EnableIntermediateOutputPathMismatchWarning" in file "C:\Program Files\dotnet\sdk\10.0.101\NuGet.targets" from project "C:\Users\giris\Documents\Code\Redesign-POS\Windows Based POS\Magidesk\Magidesk.Domain\Magidesk.Domain.csproj" (target "_CheckForInvalidConfigurationAndPlatform" depends on it):
   3:7>Done building target "EnableIntermediateOutputPathMismatchWarning" in project "Magidesk.Domain.csproj".
   2:7>Done executing task "GetRestoreProjectStyleTask".
   3:7>Target "CheckForImplicitPackageReferenceOverrides" skipped. Previously built successfully.
   2:7>Done building target "_GetRestoreProjectStyle" in project "Magidesk.Application.csproj".
   3:7>Target "CheckForDuplicateItems" in file "C:\Program Files\dotnet\sdk\10.0.101\Sdks\Microsoft.NET.Sdk\targets\Microsoft.NET.Sdk.DefaultItems.Shared.targets" from project "C:\Users\giris\Documents\Code\Redesign-POS\Windows Based POS\Magidesk\Magidesk.Domain\Magidesk.Domain.csproj" (target "_CheckForInvalidConfigurationAndPlatform" depends on it):
   3:7>Using "CheckForDuplicateItems" task from assembly "C:\Program Files\dotnet\sdk\10.0.101\Sdks\Microsoft.NET.Sdk\targets\..\tools\net10.0\Microsoft.NET.Build.Tasks.dll".
       Task "CheckForDuplicateItems"
   4:6>ProcessFrameworkReferences:
       Using "ProcessFrameworkReferences" task from assembly "C:\Program Files\dotnet\sdk\10.0.101\Sdks\Microsoft.NET.Sdk\targets\..\tools\net10.0\Microsoft.NET.Build.Tasks.dll".
       Task "ProcessFrameworkReferences"
   3:7>Done executing task "CheckForDuplicateItems".
   2:7>Target "EnableIntermediateOutputPathMismatchWarning" in file "C:\Program Files\dotnet\sdk\10.0.101\NuGet.targets" from project "C:\Users\giris\Documents\Code\Redesign-POS\Windows Based POS\Magidesk\Magidesk.Application\Magidesk.Application.csproj" (target "_CheckForInvalidConfigurationAndPlatform" depends on it):
   2:7>Done building target "EnableIntermediateOutputPathMismatchWarning" in project "Magidesk.Application.csproj".
   3:7>Task "CheckForDuplicateItems"
       Done executing task "CheckForDuplicateItems".
   2:7>Target "ApplyImplicitVersions" skipped. Previously built successfully.
   3:7>Task "CheckForDuplicateItems"
   2:7>Target "CheckForImplicitPackageReferenceOverrides" skipped. Previously built successfully.
   3:7>Done executing task "CheckForDuplicateItems".
   3:7>Done building target "CheckForDuplicateItems" in project "Magidesk.Domain.csproj".
   2:7>Target "CheckForDuplicateItems" in file "C:\Program Files\dotnet\sdk\10.0.101\Sdks\Microsoft.NET.Sdk\targets\Microsoft.NET.Sdk.DefaultItems.Shared.targets" from project "C:\Users\giris\Documents\Code\Redesign-POS\Windows Based POS\Magidesk\Magidesk.Application\Magidesk.Application.csproj" (target "_CheckForInvalidConfigurationAndPlatform" depends on it):
   2:7>Using "CheckForDuplicateItems" task from assembly "C:\Program Files\dotnet\sdk\10.0.101\Sdks\Microsoft.NET.Sdk\targets\..\tools\net10.0\Microsoft.NET.Build.Tasks.dll".
   3:7>Target "ProcessFrameworkReferences" skipped. Previously built successfully.
   2:7>Task "CheckForDuplicateItems"
       Done executing task "CheckForDuplicateItems".
   3:7>Target "_CheckForInvalidConfigurationAndPlatform" in file "C:\Program Files\dotnet\sdk\10.0.101\Microsoft.Common.CurrentVersion.targets" from project "C:\Users\giris\Documents\Code\Redesign-POS\Windows Based POS\Magidesk\Magidesk.Domain\Magidesk.Domain.csproj" (target "BeforeBuild" depends on it):
   3:7>Using "Message" task from assembly "Microsoft.Build.Tasks.Core, Version=15.1.0.0, Culture=neutral, PublicKeyToken=b03f5f7f11d50a3a".
   2:7>Task "CheckForDuplicateItems"
   3:7>Task "Message"
   2:7>Done executing task "CheckForDuplicateItems".
   3:7>_CheckForInvalidConfigurationAndPlatform:
         Configuration=Debug
   2:7>Task "CheckForDuplicateItems"
   3:7>Done executing task "Message".
   2:7>Done executing task "CheckForDuplicateItems".
   2:7>Done building target "CheckForDuplicateItems" in project "Magidesk.Application.csproj".
   3:7>Task "Message"
   2:7>Target "ProcessFrameworkReferences" skipped. Previously built successfully.
   3:7>_CheckForInvalidConfigurationAndPlatform:
         Platform=AnyCPU
       Done executing task "Message".
   4:6>ProcessFrameworkReferences:
         Found 1 known framework references for target framework .NETCoreApp
         Found 5 known runtime packs for target framework .NETCoreApp
   3:7>Done building target "_CheckForInvalidConfigurationAndPlatform" in project "Magidesk.Domain.csproj".
   2:7>Target "_CheckForInvalidConfigurationAndPlatform" in file "C:\Program Files\dotnet\sdk\10.0.101\Microsoft.Common.CurrentVersion.targets" from project "C:\Users\giris\Documents\Code\Redesign-POS\Windows Based POS\Magidesk\Magidesk.Application\Magidesk.Application.csproj" (target "BeforeBuild" depends on it):
   2:7>Task "Message"
   4:6>ProcessFrameworkReferences:
         Selected Microsoft.NETCore.App with RIDs 'linux-arm;linux-arm64;linux-musl-arm64;linux-musl-x64;linux-x64;osx-x64;tizen.4.0.0-armel;tizen.5.0.0-armel;win-arm64;win-x64;win-x86;linux-musl-arm;osx-arm64;linux-s390x;linux-loongarch64;linux-bionic-arm;linux-bionic-arm64;linux-bionic-x64;linux-bionic-x86;linux-ppc64le;freebsd-x64;freebsd-arm64'
   2:7>_CheckForInvalidConfigurationAndPlatform:
         Configuration=Debug
       Done executing task "Message".
   3:7>Target "ValidateCommandLineProperties" in file "C:\Program Files\dotnet\sdk\10.0.101\Sdks\Microsoft.NET.Sdk\targets\Microsoft.NET.Sdk.targets" from project "C:\Users\giris\Documents\Code\Redesign-POS\Windows Based POS\Magidesk\Magidesk.Domain\Magidesk.Domain.csproj" (target "BeforeBuild" depends on it):
   3:7>Done building target "ValidateCommandLineProperties" in project "Magidesk.Domain.csproj".
   2:7>Task "Message"
         Platform=AnyCPU
   3:7>Target "BeforeBuild" in file "C:\Program Files\dotnet\sdk\10.0.101\Microsoft.Common.CurrentVersion.targets" from project "C:\Users\giris\Documents\Code\Redesign-POS\Windows Based POS\Magidesk\Magidesk.Domain\Magidesk.Domain.csproj" (target "Build" depends on it):
   3:7>Done building target "BeforeBuild" in project "Magidesk.Domain.csproj".
   2:7>Done executing task "Message".
   4:6>ProcessFrameworkReferences:
         Selected targeting pack 'Microsoft.NETCore.App@8.0.22'
         Added runtime framework 'Microsoft.NETCore.App@8.0.0'
         Selected Microsoft.WindowsDesktop.App with RIDs 'win-x64;win-x86;win-arm64'
   2:7>Done building target "_CheckForInvalidConfigurationAndPlatform" in project "Magidesk.Application.csproj".
   3:7>Target "BuildOnlySettings" in file "C:\Program Files\dotnet\sdk\10.0.101\Microsoft.Common.CurrentVersion.targets" from project "C:\Users\giris\Documents\Code\Redesign-POS\Windows Based POS\Magidesk\Magidesk.Domain\Magidesk.Domain.csproj" (target "CoreBuild" depends on it):
   3:7>C:\Program Files\dotnet\sdk\10.0.101\Microsoft.Common.CurrentVersion.targets(1168,7): message : Property reassignment: $(BuildingProject)="true" (previous value: "false") at C:\Program Files\dotnet\sdk\10.0.101\Microsoft.Common.CurrentVersion.targets (1168,7) [C:\Users\giris\Documents\Code\Redesign-POS\Windows Based POS\Magidesk\Magidesk.Domain\Magidesk.Domain.csproj]
   3:7>Done building target "BuildOnlySettings" in project "Magidesk.Domain.csproj".
   2:7>Target "ValidateCommandLineProperties" in file "C:\Program Files\dotnet\sdk\10.0.101\Sdks\Microsoft.NET.Sdk\targets\Microsoft.NET.Sdk.targets" from project "C:\Users\giris\Documents\Code\Redesign-POS\Windows Based POS\Magidesk\Magidesk.Application\Magidesk.Application.csproj" (target "BeforeBuild" depends on it):
   2:7>Done building target "ValidateCommandLineProperties" in project "Magidesk.Application.csproj".
   4:6>ProcessFrameworkReferences:
         Selected targeting pack 'Microsoft.WindowsDesktop.App@8.0.22'
         Added runtime framework 'Microsoft.WindowsDesktop.App@8.0.0'
         Selected Microsoft.WindowsDesktop.App with RIDs 'win-x64;win-x86;win-arm64'
   3:7>Target "GetFrameworkPaths" in file "C:\Program Files\dotnet\sdk\10.0.101\Sdks\Microsoft.NET.Sdk\targets\Microsoft.NET.DisableStandardFrameworkResolution.targets" from project "C:\Users\giris\Documents\Code\Redesign-POS\Windows Based POS\Magidesk\Magidesk.Domain\Magidesk.Domain.csproj" (target "PrepareForBuild" depends on it):
   3:7>Done building target "GetFrameworkPaths" in project "Magidesk.Domain.csproj".
   2:7>Target "BeforeBuild" in file "C:\Program Files\dotnet\sdk\10.0.101\Microsoft.Common.CurrentVersion.targets" from project "C:\Users\giris\Documents\Code\Redesign-POS\Windows Based POS\Magidesk\Magidesk.Application\Magidesk.Application.csproj" (target "Build" depends on it):
   2:7>Done building target "BeforeBuild" in project "Magidesk.Application.csproj".
   4:6>ProcessFrameworkReferences:
         Selected targeting pack 'Microsoft.WindowsDesktop.App.WPF@8.0.22'
         Added runtime framework 'Microsoft.WindowsDesktop.App@8.0.0'
         Selected Microsoft.WindowsDesktop.App with RIDs 'win-x64;win-x86;win-arm64'
   3:7>Target "GetReferenceAssemblyPaths" in file "C:\Program Files\dotnet\sdk\10.0.101\Sdks\Microsoft.NET.Sdk\targets\Microsoft.NET.DisableStandardFrameworkResolution.targets" from project "C:\Users\giris\Documents\Code\Redesign-POS\Windows Based POS\Magidesk\Magidesk.Domain\Magidesk.Domain.csproj" (target "PrepareForBuild" depends on it):
   3:7>Done building target "GetReferenceAssemblyPaths" in project "Magidesk.Domain.csproj".
   4:6>ProcessFrameworkReferences:
         Selected targeting pack 'Microsoft.WindowsDesktop.App.WindowsForms@8.0.22'
         Added runtime framework 'Microsoft.WindowsDesktop.App@8.0.0'
   3:7>Target "PrepareForBuild" in file "C:\Program Files\dotnet\sdk\10.0.101\Microsoft.Common.CurrentVersion.targets" from project "C:\Users\giris\Documents\Code\Redesign-POS\Windows Based POS\Magidesk\Magidesk.Domain\Magidesk.Domain.csproj" (target "CoreBuild" depends on it):
   3:7>Using "FindAppConfigFile" task from assembly "Microsoft.Build.Tasks.Core, Version=15.1.0.0, Culture=neutral, PublicKeyToken=b03f5f7f11d50a3a".
   4:6>ProcessFrameworkReferences:
         Selected Microsoft.AspNetCore.App with RIDs 'win-x64;win-x86;osx-x64;linux-musl-x64;linux-musl-arm64;linux-x64;linux-arm;linux-arm64;linux-musl-arm;win-arm64;osx-arm64;linux-s390x;linux-loongarch64;linux-ppc64le;freebsd-x64;freebsd-arm64'
   3:7>Task "FindAppConfigFile"
       Done executing task "FindAppConfigFile".
   4:6>ProcessFrameworkReferences:
         Selected targeting pack 'Microsoft.AspNetCore.App@8.0.22'
         Added runtime framework 'Microsoft.AspNetCore.App@8.0.0'
   3:7>PrepareForBuild:
       Using "MakeDir" task from assembly "Microsoft.Build.Tasks.Core, Version=15.1.0.0, Culture=neutral, PublicKeyToken=b03f5f7f11d50a3a".
       Task "MakeDir"
   2:7>Target "BuildOnlySettings" in file "C:\Program Files\dotnet\sdk\10.0.101\Microsoft.Common.CurrentVersion.targets" from project "C:\Users\giris\Documents\Code\Redesign-POS\Windows Based POS\Magidesk\Magidesk.Application\Magidesk.Application.csproj" (target "CoreBuild" depends on it):
   2:7>C:\Program Files\dotnet\sdk\10.0.101\Microsoft.Common.CurrentVersion.targets(1168,7): message : Property reassignment: $(BuildingProject)="true" (previous value: "false") at C:\Program Files\dotnet\sdk\10.0.101\Microsoft.Common.CurrentVersion.targets (1168,7) [C:\Users\giris\Documents\Code\Redesign-POS\Windows Based POS\Magidesk\Magidesk.Application\Magidesk.Application.csproj]
   3:7>Done executing task "MakeDir".
   3:7>Done building target "PrepareForBuild" in project "Magidesk.Domain.csproj".
   2:7>Done building target "BuildOnlySettings" in project "Magidesk.Application.csproj".
   4:6>Done executing task "ProcessFrameworkReferences".
   3:7>Target "GenerateTargetFrameworkDefineConstants" in file "C:\Program Files\dotnet\sdk\10.0.101\Sdks\Microsoft.NET.Sdk\targets\Microsoft.NET.Sdk.BeforeCommon.targets" from project "C:\Users\giris\Documents\Code\Redesign-POS\Windows Based POS\Magidesk\Magidesk.Domain\Magidesk.Domain.csproj" (target "AddImplicitDefineConstants" depends on it):
   3:7>Done building target "GenerateTargetFrameworkDefineConstants" in project "Magidesk.Domain.csproj".
   2:7>Target "GetFrameworkPaths" in file "C:\Program Files\dotnet\sdk\10.0.101\Sdks\Microsoft.NET.Sdk\targets\Microsoft.NET.DisableStandardFrameworkResolution.targets" from project "C:\Users\giris\Documents\Code\Redesign-POS\Windows Based POS\Magidesk\Magidesk.Application\Magidesk.Application.csproj" (target "PrepareForBuild" depends on it):
   2:7>Done building target "GetFrameworkPaths" in project "Magidesk.Application.csproj".
   3:7>Target "GenerateNETCompatibleDefineConstants" in file "C:\Program Files\dotnet\sdk\10.0.101\Sdks\Microsoft.NET.Sdk\targets\Microsoft.NET.Sdk.BeforeCommon.targets" from project "C:\Users\giris\Documents\Code\Redesign-POS\Windows Based POS\Magidesk\Magidesk.Domain\Magidesk.Domain.csproj" (target "AddImplicitDefineConstants" depends on it):
   3:7>Done building target "GenerateNETCompatibleDefineConstants" in project "Magidesk.Domain.csproj".
   3:7>Target "AddImplicitDefineConstants" in file "C:\Program Files\dotnet\sdk\10.0.101\Sdks\Microsoft.NET.Sdk\targets\Microsoft.NET.Sdk.BeforeCommon.targets" from project "C:\Users\giris\Documents\Code\Redesign-POS\Windows Based POS\Magidesk\Magidesk.Domain\Magidesk.Domain.csproj" (target "CoreBuild" depends on it):
       C:\Program Files\dotnet\sdk\10.0.101\Sdks\Microsoft.NET.Sdk\targets\Microsoft.NET.Sdk.BeforeCommon.targets(295,7): message : Property reassignment: $(DefineConstants)="TRACE;DEBUG;NET;NET8_0;NETCOREAPP;NET5_0_OR_GREATER;NET6_0_OR_GREATER;NET7_0_OR_GREATER;NET8_0_OR_GREATER;NETCOREAPP1_0_OR_GREATER;NETCOREAPP1_1_OR_GREATER;NETCOREAPP2_0_OR_GREATER;NETCOREAPP2_1_OR_GREATER;NETCOREAPP2_2_OR_GREATER;NETCOREAPP3_0_OR_GREATER;NETCOREAPP3_1_OR_GREATER" (previous value: "TRACE;DEBUG") at C:\Program Files\dotnet\sdk\10.0.101\Sdks\Microsoft.NET.Sdk\targets\Microsoft.NET.Sdk.BeforeCommon.targets (295,7) [C:\Users\giris\Documents\Code\Redesign-POS\Windows Based POS\Magidesk\Magidesk.Domain\Magidesk.Domain.csproj]
   4:6>ProcessFrameworkReferences:
       Using "ResolveAppHosts" task from assembly "C:\Program Files\dotnet\sdk\10.0.101\Sdks\Microsoft.NET.Sdk\targets\..\tools\net10.0\Microsoft.NET.Build.Tasks.dll".
       Task "ResolveAppHosts"
   2:7>Target "GetReferenceAssemblyPaths" in file "C:\Program Files\dotnet\sdk\10.0.101\Sdks\Microsoft.NET.Sdk\targets\Microsoft.NET.DisableStandardFrameworkResolution.targets" from project "C:\Users\giris\Documents\Code\Redesign-POS\Windows Based POS\Magidesk\Magidesk.Application\Magidesk.Application.csproj" (target "PrepareForBuild" depends on it):
   2:7>Done building target "GetReferenceAssemblyPaths" in project "Magidesk.Application.csproj".
   3:7>Done building target "AddImplicitDefineConstants" in project "Magidesk.Domain.csproj".
   3:7>Target "GenerateGlobalUsings" in file "C:\Program Files\dotnet\sdk\10.0.101\Sdks\Microsoft.NET.Sdk\targets\Microsoft.NET.GenerateGlobalUsings.targets" from project "C:\Users\giris\Documents\Code\Redesign-POS\Windows Based POS\Magidesk\Magidesk.Domain\Magidesk.Domain.csproj" (target "CoreBuild" depends on it):
       Using "GenerateGlobalUsings" task from assembly "C:\Program Files\dotnet\sdk\10.0.101\Sdks\Microsoft.NET.Sdk\targets\..\tools\net10.0\Microsoft.NET.Build.Tasks.dll".
   2:7>Target "PrepareForBuild" in file "C:\Program Files\dotnet\sdk\10.0.101\Microsoft.Common.CurrentVersion.targets" from project "C:\Users\giris\Documents\Code\Redesign-POS\Windows Based POS\Magidesk\Magidesk.Application\Magidesk.Application.csproj" (target "CoreBuild" depends on it):
   2:7>Task "FindAppConfigFile"
   3:7>Task "GenerateGlobalUsings"
   2:7>Done executing task "FindAppConfigFile".
   3:7>Done executing task "GenerateGlobalUsings".
   2:7>Task "MakeDir"
   4:6>Done executing task "ResolveAppHosts".
   3:7>GenerateGlobalUsings:
       Using "WriteLinesToFile" task from assembly "Microsoft.Build.Tasks.Core, Version=15.1.0.0, Culture=neutral, PublicKeyToken=b03f5f7f11d50a3a".
   2:7>Done executing task "MakeDir".
   3:7>Task "WriteLinesToFile"
         Skipping write to file "obj\Debug\net8.0\Magidesk.Domain.GlobalUsings.g.cs" because content would not change.
   2:7>Done building target "PrepareForBuild" in project "Magidesk.Application.csproj".
   4:6>Done building target "ProcessFrameworkReferences" in project "Magidesk.Infrastructure.csproj".
   3:7>Done executing task "WriteLinesToFile".
   4:6>Target "_CheckForObsoleteDotNetCliToolReferences" in file "C:\Program Files\dotnet\sdk\10.0.101\Sdks\Microsoft.NET.Sdk\targets\Microsoft.NET.ObsoleteReferences.targets" from project "C:\Users\giris\Documents\Code\Redesign-POS\Windows Based POS\Magidesk\Magidesk.Infrastructure\Magidesk.Infrastructure.csproj" (target "CollectPackageReferences" depends on it):
   4:6>Done building target "_CheckForObsoleteDotNetCliToolReferences" in project "Magidesk.Infrastructure.csproj".
   3:7>Done building target "GenerateGlobalUsings" in project "Magidesk.Domain.csproj".
   2:7>Target "GenerateTargetFrameworkDefineConstants" in file "C:\Program Files\dotnet\sdk\10.0.101\Sdks\Microsoft.NET.Sdk\targets\Microsoft.NET.Sdk.BeforeCommon.targets" from project "C:\Users\giris\Documents\Code\Redesign-POS\Windows Based POS\Magidesk\Magidesk.Application\Magidesk.Application.csproj" (target "AddImplicitDefineConstants" depends on it):
   2:7>Done building target "GenerateTargetFrameworkDefineConstants" in project "Magidesk.Application.csproj".
   2:7>Target "GenerateNETCompatibleDefineConstants" in file "C:\Program Files\dotnet\sdk\10.0.101\Sdks\Microsoft.NET.Sdk\targets\Microsoft.NET.Sdk.BeforeCommon.targets" from project "C:\Users\giris\Documents\Code\Redesign-POS\Windows Based POS\Magidesk\Magidesk.Application\Magidesk.Application.csproj" (target "AddImplicitDefineConstants" depends on it):
   2:7>Done building target "GenerateNETCompatibleDefineConstants" in project "Magidesk.Application.csproj".
   3:7>Target "BeforeResolveReferences" in file "C:\Program Files\dotnet\sdk\10.0.101\Microsoft.Common.CurrentVersion.targets" from project "C:\Users\giris\Documents\Code\Redesign-POS\Windows Based POS\Magidesk\Magidesk.Domain\Magidesk.Domain.csproj" (target "ResolveReferences" depends on it):
   3:7>Done building target "BeforeResolveReferences" in project "Magidesk.Domain.csproj".
   4:6>Target "CollectPackageReferences" in file "C:\Program Files\dotnet\sdk\10.0.101\NuGet.targets" from project "C:\Users\giris\Documents\Code\Redesign-POS\Windows Based POS\Magidesk\Magidesk.Infrastructure\Magidesk.Infrastructure.csproj" (target "_GetRestoreProjectStyle" depends on it):
   4:6>Using "CheckForDuplicateNuGetItemsTask" task from assembly "C:\Program Files\dotnet\sdk\10.0.101\NuGet.Build.Tasks.dll".
       Task "CheckForDuplicateNuGetItemsTask"
   2:7>Target "AddImplicitDefineConstants" in file "C:\Program Files\dotnet\sdk\10.0.101\Sdks\Microsoft.NET.Sdk\targets\Microsoft.NET.Sdk.BeforeCommon.targets" from project "C:\Users\giris\Documents\Code\Redesign-POS\Windows Based POS\Magidesk\Magidesk.Application\Magidesk.Application.csproj" (target "CoreBuild" depends on it):
   2:7>C:\Program Files\dotnet\sdk\10.0.101\Sdks\Microsoft.NET.Sdk\targets\Microsoft.NET.Sdk.BeforeCommon.targets(295,7): message : Property reassignment: $(DefineConstants)="TRACE;DEBUG;NET;NET8_0;NETCOREAPP;NET5_0_OR_GREATER;NET6_0_OR_GREATER;NET7_0_OR_GREATER;NET8_0_OR_GREATER;NETCOREAPP1_0_OR_GREATER;NETCOREAPP1_1_OR_GREATER;NETCOREAPP2_0_OR_GREATER;NETCOREAPP2_1_OR_GREATER;NETCOREAPP2_2_OR_GREATER;NETCOREAPP3_0_OR_GREATER;NETCOREAPP3_1_OR_GREATER" (previous value: "TRACE;DEBUG") at C:\Program Files\dotnet\sdk\10.0.101\Sdks\Microsoft.NET.Sdk\targets\Microsoft.NET.Sdk.BeforeCommon.targets (295,7) [C:\Users\giris\Documents\Code\Redesign-POS\Windows Based POS\Magidesk\Magidesk.Application\Magidesk.Application.csproj]
   2:7>Done building target "AddImplicitDefineConstants" in project "Magidesk.Application.csproj".
   3:7>Target "IgnoreJavaScriptOutputAssembly" in file "C:\Program Files\dotnet\sdk\10.0.101\Microsoft.Common.CurrentVersion.targets" from project "C:\Users\giris\Documents\Code\Redesign-POS\Windows Based POS\Magidesk\Magidesk.Domain\Magidesk.Domain.csproj" (target "AssignProjectConfiguration" depends on it):
   3:7>Done building target "IgnoreJavaScriptOutputAssembly" in project "Magidesk.Domain.csproj".
       Target "ProcessFrameworkReferences" skipped. Previously built successfully.
   2:7>Target "GenerateGlobalUsings" in file "C:\Program Files\dotnet\sdk\10.0.101\Sdks\Microsoft.NET.Sdk\targets\Microsoft.NET.GenerateGlobalUsings.targets" from project "C:\Users\giris\Documents\Code\Redesign-POS\Windows Based POS\Magidesk\Magidesk.Application\Magidesk.Application.csproj" (target "CoreBuild" depends on it):
   2:7>Using "GenerateGlobalUsings" task from assembly "C:\Program Files\dotnet\sdk\10.0.101\Sdks\Microsoft.NET.Sdk\targets\..\tools\net10.0\Microsoft.NET.Build.Tasks.dll".
   4:6>Done executing task "CheckForDuplicateNuGetItemsTask".
   2:7>Task "GenerateGlobalUsings"
   4:6>Done building target "CollectPackageReferences" in project "Magidesk.Infrastructure.csproj".
   3:7>Target "_DefaultMicrosoftNETPlatformLibrary" in file "C:\Program Files\dotnet\sdk\10.0.101\Sdks\Microsoft.NET.Sdk\targets\Microsoft.NET.Sdk.Shared.targets" from project "C:\Users\giris\Documents\Code\Redesign-POS\Windows Based POS\Magidesk\Magidesk.Domain\Magidesk.Domain.csproj" (target "ResolvePackageAssets" depends on it):
   3:7>Done building target "_DefaultMicrosoftNETPlatformLibrary" in project "Magidesk.Domain.csproj".
   2:7>Done executing task "GenerateGlobalUsings".
       Task "WriteLinesToFile"
   4:6>Target "_GetRestoreProjectStyle" in file "C:\Program Files\dotnet\sdk\10.0.101\NuGet.targets" from project "C:\Users\giris\Documents\Code\Redesign-POS\Windows Based POS\Magidesk\Magidesk.Infrastructure\Magidesk.Infrastructure.csproj" (target "EnableIntermediateOutputPathMismatchWarning" depends on it):
   4:6>Using "GetRestoreProjectStyleTask" task from assembly "C:\Program Files\dotnet\sdk\10.0.101\NuGet.Build.Tasks.dll".
   3:7>Target "_ComputePackageReferencePublish" in file "C:\Program Files\dotnet\sdk\10.0.101\Sdks\Microsoft.NET.Sdk\targets\Microsoft.NET.Sdk.Shared.targets" from project "C:\Users\giris\Documents\Code\Redesign-POS\Windows Based POS\Magidesk\Magidesk.Domain\Magidesk.Domain.csproj" (target "ResolvePackageAssets" depends on it):
   3:7>Done building target "_ComputePackageReferencePublish" in project "Magidesk.Domain.csproj".
   4:6>Task "GetRestoreProjectStyleTask"
   2:7>GenerateGlobalUsings:
         Skipping write to file "obj\Debug\net8.0\Magidesk.Application.GlobalUsings.g.cs" because content would not change.
       Done executing task "WriteLinesToFile".
   3:7>Target "ResolvePackageAssets" in file "C:\Program Files\dotnet\sdk\10.0.101\Sdks\Microsoft.NET.Sdk\targets\Microsoft.PackageDependencyResolution.targets" from project "C:\Users\giris\Documents\Code\Redesign-POS\Windows Based POS\Magidesk\Magidesk.Domain\Magidesk.Domain.csproj" (target "ResolveLockFileReferences" depends on it):
   3:7>Using "ResolvePackageAssets" task from assembly "C:\Program Files\dotnet\sdk\10.0.101\Sdks\Microsoft.NET.Sdk\targets\..\tools\net10.0\Microsoft.NET.Build.Tasks.dll".
       Task "ResolvePackageAssets"
   2:7>Done building target "GenerateGlobalUsings" in project "Magidesk.Application.csproj".
   2:7>Target "BeforeResolveReferences" in file "C:\Program Files\dotnet\sdk\10.0.101\Microsoft.Common.CurrentVersion.targets" from project "C:\Users\giris\Documents\Code\Redesign-POS\Windows Based POS\Magidesk\Magidesk.Application\Magidesk.Application.csproj" (target "ResolveReferences" depends on it):
   2:7>Done building target "BeforeResolveReferences" in project "Magidesk.Application.csproj".
   2:7>Target "IgnoreJavaScriptOutputAssembly" in file "C:\Program Files\dotnet\sdk\10.0.101\Microsoft.Common.CurrentVersion.targets" from project "C:\Users\giris\Documents\Code\Redesign-POS\Windows Based POS\Magidesk\Magidesk.Application\Magidesk.Application.csproj" (target "AssignProjectConfiguration" depends on it):
   2:7>Done building target "IgnoreJavaScriptOutputAssembly" in project "Magidesk.Application.csproj".
       Target "ProcessFrameworkReferences" skipped. Previously built successfully.
   3:7>Done executing task "ResolvePackageAssets".
   4:6>Done executing task "GetRestoreProjectStyleTask".
   2:7>Target "_DefaultMicrosoftNETPlatformLibrary" in file "C:\Program Files\dotnet\sdk\10.0.101\Sdks\Microsoft.NET.Sdk\targets\Microsoft.NET.Sdk.Shared.targets" from project "C:\Users\giris\Documents\Code\Redesign-POS\Windows Based POS\Magidesk\Magidesk.Application\Magidesk.Application.csproj" (target "ResolvePackageAssets" depends on it):
   2:7>Done building target "_DefaultMicrosoftNETPlatformLibrary" in project "Magidesk.Application.csproj".
   4:6>Done building target "_GetRestoreProjectStyle" in project "Magidesk.Infrastructure.csproj".
   4:6>Target "EnableIntermediateOutputPathMismatchWarning" in file "C:\Program Files\dotnet\sdk\10.0.101\NuGet.targets" from project "C:\Users\giris\Documents\Code\Redesign-POS\Windows Based POS\Magidesk\Magidesk.Infrastructure\Magidesk.Infrastructure.csproj" (target "_CheckForInvalidConfigurationAndPlatform" depends on it):
   4:6>Done building target "EnableIntermediateOutputPathMismatchWarning" in project "Magidesk.Infrastructure.csproj".
       Target "ApplyImplicitVersions" skipped. Previously built successfully.
       Target "CheckForImplicitPackageReferenceOverrides" skipped. Previously built successfully.
   3:7>Done building target "ResolvePackageAssets" in project "Magidesk.Domain.csproj".
   2:7>Target "_ComputePackageReferencePublish" in file "C:\Program Files\dotnet\sdk\10.0.101\Sdks\Microsoft.NET.Sdk\targets\Microsoft.NET.Sdk.Shared.targets" from project "C:\Users\giris\Documents\Code\Redesign-POS\Windows Based POS\Magidesk\Magidesk.Application\Magidesk.Application.csproj" (target "ResolvePackageAssets" depends on it):
   2:7>Done building target "_ComputePackageReferencePublish" in project "Magidesk.Application.csproj".
   2:7>Target "ResolvePackageAssets" in file "C:\Program Files\dotnet\sdk\10.0.101\Sdks\Microsoft.NET.Sdk\targets\Microsoft.PackageDependencyResolution.targets" from project "C:\Users\giris\Documents\Code\Redesign-POS\Windows Based POS\Magidesk\Magidesk.Application\Magidesk.Application.csproj" (target "ResolveLockFileReferences" depends on it):
       Using "ResolvePackageAssets" task from assembly "C:\Program Files\dotnet\sdk\10.0.101\Sdks\Microsoft.NET.Sdk\targets\..\tools\net10.0\Microsoft.NET.Build.Tasks.dll".
   4:6>Target "CheckForDuplicateItems" in file "C:\Program Files\dotnet\sdk\10.0.101\Sdks\Microsoft.NET.Sdk\targets\Microsoft.NET.Sdk.DefaultItems.Shared.targets" from project "C:\Users\giris\Documents\Code\Redesign-POS\Windows Based POS\Magidesk\Magidesk.Infrastructure\Magidesk.Infrastructure.csproj" (target "_CheckForInvalidConfigurationAndPlatform" depends on it):
   4:6>Using "CheckForDuplicateItems" task from assembly "C:\Program Files\dotnet\sdk\10.0.101\Sdks\Microsoft.NET.Sdk\targets\..\tools\net10.0\Microsoft.NET.Build.Tasks.dll".
       Task "CheckForDuplicateItems"
   3:7>Target "ResolveLockFileReferences" in file "C:\Program Files\dotnet\sdk\10.0.101\Sdks\Microsoft.NET.Sdk\targets\Microsoft.PackageDependencyResolution.targets" from project "C:\Users\giris\Documents\Code\Redesign-POS\Windows Based POS\Magidesk\Magidesk.Domain\Magidesk.Domain.csproj" (target "ResolvePackageDependenciesForBuild" depends on it):
   3:7>Using "JoinItems" task from assembly "C:\Program Files\dotnet\sdk\10.0.101\Sdks\Microsoft.NET.Sdk\targets\..\tools\net10.0\Microsoft.NET.Build.Tasks.dll".
   2:7>Task "ResolvePackageAssets"
   3:7>Task "JoinItems"
       Done executing task "JoinItems".
   3:7>Done building target "ResolveLockFileReferences" in project "Magidesk.Domain.csproj".
       Target "ResolvePackageAssets" skipped. Previously built successfully.
   2:7>Done executing task "ResolvePackageAssets".
   3:7>Target "ResolveLockFileAnalyzers" in file "C:\Program Files\dotnet\sdk\10.0.101\Sdks\Microsoft.NET.Sdk\targets\Microsoft.PackageDependencyResolution.targets" from project "C:\Users\giris\Documents\Code\Redesign-POS\Windows Based POS\Magidesk\Magidesk.Domain\Magidesk.Domain.csproj" (target "ResolvePackageDependenciesForBuild" depends on it):
   3:7>Done building target "ResolveLockFileAnalyzers" in project "Magidesk.Domain.csproj".
   2:7>Done building target "ResolvePackageAssets" in project "Magidesk.Application.csproj".
   4:6>Done executing task "CheckForDuplicateItems".
   3:7>Target "ResolvePackageAssets" skipped. Previously built successfully.
   4:6>Task "CheckForDuplicateItems"
   3:7>Target "ResolveLockFileCopyLocalFiles" in file "C:\Program Files\dotnet\sdk\10.0.101\Sdks\Microsoft.NET.Sdk\targets\Microsoft.PackageDependencyResolution.targets" from project "C:\Users\giris\Documents\Code\Redesign-POS\Windows Based POS\Magidesk\Magidesk.Domain\Magidesk.Domain.csproj" (target "ResolvePackageDependenciesForBuild" depends on it):
   3:7>Done building target "ResolveLockFileCopyLocalFiles" in project "Magidesk.Domain.csproj".
       Target "ResolvePackageAssets" skipped. Previously built successfully.
   3:7>Target "IncludeTransitiveProjectReferences" in file "C:\Program Files\dotnet\sdk\10.0.101\Sdks\Microsoft.NET.Sdk\targets\Microsoft.PackageDependencyResolution.targets" from project "C:\Users\giris\Documents\Code\Redesign-POS\Windows Based POS\Magidesk\Magidesk.Domain\Magidesk.Domain.csproj" (target "ResolvePackageDependenciesForBuild" depends on it):
   3:7>Done building target "IncludeTransitiveProjectReferences" in project "Magidesk.Domain.csproj".
   2:7>Target "ResolveLockFileReferences" in file "C:\Program Files\dotnet\sdk\10.0.101\Sdks\Microsoft.NET.Sdk\targets\Microsoft.PackageDependencyResolution.targets" from project "C:\Users\giris\Documents\Code\Redesign-POS\Windows Based POS\Magidesk\Magidesk.Application\Magidesk.Application.csproj" (target "ResolvePackageDependenciesForBuild" depends on it):
   2:7>Using "JoinItems" task from assembly "C:\Program Files\dotnet\sdk\10.0.101\Sdks\Microsoft.NET.Sdk\targets\..\tools\net10.0\Microsoft.NET.Build.Tasks.dll".
       Task "JoinItems"
       Done executing task "JoinItems".
   3:7>Target "ResolvePackageDependenciesForBuild" in file "C:\Program Files\dotnet\sdk\10.0.101\Sdks\Microsoft.NET.Sdk\targets\Microsoft.PackageDependencyResolution.targets" from project "C:\Users\giris\Documents\Code\Redesign-POS\Windows Based POS\Magidesk\Magidesk.Domain\Magidesk.Domain.csproj" (target "AssignProjectConfiguration" depends on it):
   3:7>Done building target "ResolvePackageDependenciesForBuild" in project "Magidesk.Domain.csproj".
   2:7>Done building target "ResolveLockFileReferences" in project "Magidesk.Application.csproj".
   3:7>Target "_SplitProjectReferencesByFileExistence" in file "C:\Program Files\dotnet\sdk\10.0.101\Microsoft.Common.CurrentVersion.targets" from project "C:\Users\giris\Documents\Code\Redesign-POS\Windows Based POS\Magidesk\Magidesk.Domain\Magidesk.Domain.csproj" (target "PrepareProjectReferences" depends on it):
   3:7>Done building target "_SplitProjectReferencesByFileExistence" in project "Magidesk.Domain.csproj".
   2:7>Target "ResolvePackageAssets" skipped. Previously built successfully.
   3:7>Target "_AddOutputPathToGlobalPropertiesToRemove" in file "C:\Program Files\dotnet\sdk\10.0.101\Microsoft.Common.CurrentVersion.targets" from project "C:\Users\giris\Documents\Code\Redesign-POS\Windows Based POS\Magidesk\Magidesk.Domain\Magidesk.Domain.csproj" (target "_GetProjectReferenceTargetFrameworkProperties" depends on it):
   3:7>Done building target "_AddOutputPathToGlobalPropertiesToRemove" in project "Magidesk.Domain.csproj".
   2:7>Target "ResolveLockFileAnalyzers" in file "C:\Program Files\dotnet\sdk\10.0.101\Sdks\Microsoft.NET.Sdk\targets\Microsoft.PackageDependencyResolution.targets" from project "C:\Users\giris\Documents\Code\Redesign-POS\Windows Based POS\Magidesk\Magidesk.Application\Magidesk.Application.csproj" (target "ResolvePackageDependenciesForBuild" depends on it):
   2:7>Done building target "ResolveLockFileAnalyzers" in project "Magidesk.Application.csproj".
   3:7>Target "_GetProjectReferenceTargetFrameworkProperties" in file "C:\Program Files\dotnet\sdk\10.0.101\Microsoft.Common.CurrentVersion.targets" from project "C:\Users\giris\Documents\Code\Redesign-POS\Windows Based POS\Magidesk\Magidesk.Domain\Magidesk.Domain.csproj" (target "PrepareProjectReferences" depends on it):
   3:7>Using "MSBuild" task from assembly "Microsoft.Build.Tasks.Core, Version=15.1.0.0, Culture=neutral, PublicKeyToken=b03f5f7f11d50a3a".
   2:7>Target "ResolvePackageAssets" skipped. Previously built successfully.
   3:7>Task "MSBuild"
       Done executing task "MSBuild".
   2:7>Target "ResolveLockFileCopyLocalFiles" in file "C:\Program Files\dotnet\sdk\10.0.101\Sdks\Microsoft.NET.Sdk\targets\Microsoft.PackageDependencyResolution.targets" from project "C:\Users\giris\Documents\Code\Redesign-POS\Windows Based POS\Magidesk\Magidesk.Application\Magidesk.Application.csproj" (target "ResolvePackageDependenciesForBuild" depends on it):
   2:7>Done building target "ResolveLockFileCopyLocalFiles" in project "Magidesk.Application.csproj".
   3:7>_GetProjectReferenceTargetFrameworkProperties:
       Using "SetRidAgnosticValueForProjects" task from assembly "Microsoft.Build.Tasks.Core, Version=15.1.0.0, Culture=neutral, PublicKeyToken=b03f5f7f11d50a3a".
   2:7>Target "ResolvePackageAssets" skipped. Previously built successfully.
   3:7>Task "SetRidAgnosticValueForProjects"
       Done executing task "SetRidAgnosticValueForProjects".
   2:7>Target "IncludeTransitiveProjectReferences" in file "C:\Program Files\dotnet\sdk\10.0.101\Sdks\Microsoft.NET.Sdk\targets\Microsoft.PackageDependencyResolution.targets" from project "C:\Users\giris\Documents\Code\Redesign-POS\Windows Based POS\Magidesk\Magidesk.Application\Magidesk.Application.csproj" (target "ResolvePackageDependenciesForBuild" depends on it):
   2:7>Done building target "IncludeTransitiveProjectReferences" in project "Magidesk.Application.csproj".
   3:7>Done building target "_GetProjectReferenceTargetFrameworkProperties" in project "Magidesk.Domain.csproj".
       Target "_CalculateIsVSTestTestProject" skipped. Previously built successfully.
   2:7>Target "ResolvePackageDependenciesForBuild" in file "C:\Program Files\dotnet\sdk\10.0.101\Sdks\Microsoft.NET.Sdk\targets\Microsoft.PackageDependencyResolution.targets" from project "C:\Users\giris\Documents\Code\Redesign-POS\Windows Based POS\Magidesk\Magidesk.Application\Magidesk.Application.csproj" (target "AssignProjectConfiguration" depends on it):
   2:7>Done building target "ResolvePackageDependenciesForBuild" in project "Magidesk.Application.csproj".
   3:7>Target "ValidateExecutableReferences" in file "C:\Program Files\dotnet\sdk\10.0.101\Sdks\Microsoft.NET.Sdk\targets\Microsoft.NET.Sdk.targets" from project "C:\Users\giris\Documents\Code\Redesign-POS\Windows Based POS\Magidesk\Magidesk.Domain\Magidesk.Domain.csproj" (target "PrepareProjectReferences" depends on it):
   3:7>Using "ValidateExecutableReferences" task from assembly "C:\Program Files\dotnet\sdk\10.0.101\Sdks\Microsoft.NET.Sdk\targets\..\tools\net10.0\Microsoft.NET.Build.Tasks.dll".
   4:6>Done executing task "CheckForDuplicateItems".
   3:7>Task "ValidateExecutableReferences"
   4:6>Task "CheckForDuplicateItems"
   2:7>Target "AssignProjectConfiguration" in file "C:\Program Files\dotnet\sdk\10.0.101\Microsoft.Common.CurrentVersion.targets" from project "C:\Users\giris\Documents\Code\Redesign-POS\Windows Based POS\Magidesk\Magidesk.Application\Magidesk.Application.csproj" (target "ResolveReferences" depends on it):
   2:7>Task "AssignProjectConfiguration"
         Project reference "..\Magidesk.Domain\Magidesk.Domain.csproj" has not been resolved.
   3:7>Done executing task "ValidateExecutableReferences".
   2:7>Done executing task "AssignProjectConfiguration".
   3:7>Done building target "ValidateExecutableReferences" in project "Magidesk.Domain.csproj".
   2:7>Done building target "AssignProjectConfiguration" in project "Magidesk.Application.csproj".
       Target "AssignProjectConfiguration" skipped. Previously built successfully.
   3:7>Target "PrepareProjectReferences" in file "C:\Program Files\dotnet\sdk\10.0.101\Microsoft.Common.CurrentVersion.targets" from project "C:\Users\giris\Documents\Code\Redesign-POS\Windows Based POS\Magidesk\Magidesk.Domain\Magidesk.Domain.csproj" (target "ResolveProjectReferences" depends on it):
   3:7>Done building target "PrepareProjectReferences" in project "Magidesk.Domain.csproj".
   2:7>Target "_SplitProjectReferencesByFileExistence" in file "C:\Program Files\dotnet\sdk\10.0.101\Microsoft.Common.CurrentVersion.targets" from project "C:\Users\giris\Documents\Code\Redesign-POS\Windows Based POS\Magidesk\Magidesk.Application\Magidesk.Application.csproj" (target "PrepareProjectReferences" depends on it):
   2:7>Done building target "_SplitProjectReferencesByFileExistence" in project "Magidesk.Application.csproj".
   3:7>Target "ResolveProjectReferences" in file "C:\Program Files\dotnet\sdk\10.0.101\Microsoft.Common.CurrentVersion.targets" from project "C:\Users\giris\Documents\Code\Redesign-POS\Windows Based POS\Magidesk\Magidesk.Domain\Magidesk.Domain.csproj" (target "ResolveReferences" depends on it):
   3:7>Done building target "ResolveProjectReferences" in project "Magidesk.Domain.csproj".
       Target "ResolveProjectReferences" skipped. Previously built successfully.
   2:7>Target "_AddOutputPathToGlobalPropertiesToRemove" in file "C:\Program Files\dotnet\sdk\10.0.101\Microsoft.Common.CurrentVersion.targets" from project "C:\Users\giris\Documents\Code\Redesign-POS\Windows Based POS\Magidesk\Magidesk.Application\Magidesk.Application.csproj" (target "_GetProjectReferenceTargetFrameworkProperties" depends on it):
   2:7>Done building target "_AddOutputPathToGlobalPropertiesToRemove" in project "Magidesk.Application.csproj".
   3:7>Target "GetFrameworkPaths" skipped. Previously built successfully.
       Target "GetReferenceAssemblyPaths" skipped. Previously built successfully.
       Target "PrepareForBuild" skipped. Previously built successfully.
   2:7>Target "_GetProjectReferenceTargetFrameworkProperties" in file "C:\Program Files\dotnet\sdk\10.0.101\Microsoft.Common.CurrentVersion.targets" from project "C:\Users\giris\Documents\Code\Redesign-POS\Windows Based POS\Magidesk\Magidesk.Application\Magidesk.Application.csproj" (target "PrepareProjectReferences" depends on it):
   2:7>Task "MSBuild"
         Removing Properties:
           TargetFramework
   3:7>Target "ResolveSDKReferences" in file "C:\Program Files\dotnet\sdk\10.0.101\Microsoft.Common.CurrentVersion.targets" from project "C:\Users\giris\Documents\Code\Redesign-POS\Windows Based POS\Magidesk\Magidesk.Domain\Magidesk.Domain.csproj" (target "ResolveAssemblyReferences" depends on it):
   3:7>Done building target "ResolveSDKReferences" in project "Magidesk.Domain.csproj".
   2:7>_GetProjectReferenceTargetFrameworkProperties:
           RuntimeIdentifier
           SelfContained
   3:7>Target "ResolveSDKReferences" skipped. Previously built successfully.
   2:7>Project "C:\Users\giris\Documents\Code\Redesign-POS\Windows Based POS\Magidesk\Magidesk.Application\Magidesk.Application.csproj" (2:7) is building "C:\Users\giris\Documents\Code\Redesign-POS\Windows Based POS\Magidesk\Magidesk.Domain\Magidesk.Domain.csproj" (3:8) on node 3 (GetTargetFrameworks target(s)).
   3:8>Target "GetTargetFrameworks" skipped. Previously built successfully.
   3:8>Done Building Project "C:\Users\giris\Documents\Code\Redesign-POS\Windows Based POS\Magidesk\Magidesk.Domain\Magidesk.Domain.csproj" (GetTargetFrameworks target(s)).
   3:7>Target "ExpandSDKReferences" in file "C:\Program Files\dotnet\sdk\10.0.101\Microsoft.Common.CurrentVersion.targets" from project "C:\Users\giris\Documents\Code\Redesign-POS\Windows Based POS\Magidesk\Magidesk.Domain\Magidesk.Domain.csproj" (target "ResolveAssemblyReferences" depends on it):
   3:7>Done building target "ExpandSDKReferences" in project "Magidesk.Domain.csproj".
       Target "ResolvePackageDependenciesForBuild" skipped. Previously built successfully.
       Target "GetFrameworkPaths" skipped. Previously built successfully.
   4:6>Done executing task "CheckForDuplicateItems".
   3:7>Target "GetReferenceAssemblyPaths" skipped. Previously built successfully.
       Target "ProcessFrameworkReferences" skipped. Previously built successfully.
   4:6>Done building target "CheckForDuplicateItems" in project "Magidesk.Infrastructure.csproj".
   3:7>Target "ResolvePackageAssets" skipped. Previously built successfully.
   3:7>Target "ResolveFrameworkReferences" in file "C:\Program Files\dotnet\sdk\10.0.101\Sdks\Microsoft.NET.Sdk\targets\Microsoft.NET.Sdk.FrameworkReferenceResolution.targets" from project "C:\Users\giris\Documents\Code\Redesign-POS\Windows Based POS\Magidesk\Magidesk.Domain\Magidesk.Domain.csproj" (target "ResolveTargetingPackAssets" depends on it):
       Using "GetPackageDirectory" task from assembly "C:\Program Files\dotnet\sdk\10.0.101\Sdks\Microsoft.NET.Sdk\targets\..\tools\net10.0\Microsoft.NET.Build.Tasks.dll".
   4:6>Target "ProcessFrameworkReferences" skipped. Previously built successfully.
   3:7>Task "GetPackageDirectory"
       Done executing task "GetPackageDirectory".
       Task "GetPackageDirectory"
       Done executing task "GetPackageDirectory".
       Task "GetPackageDirectory"
       Done executing task "GetPackageDirectory".
       Task "GetPackageDirectory"
   4:6>Target "_CheckForInvalidConfigurationAndPlatform" in file "C:\Program Files\dotnet\sdk\10.0.101\Microsoft.Common.CurrentVersion.targets" from project "C:\Users\giris\Documents\Code\Redesign-POS\Windows Based POS\Magidesk\Magidesk.Infrastructure\Magidesk.Infrastructure.csproj" (target "BeforeBuild" depends on it):
   4:6>Task "Message"
   3:7>Done executing task "GetPackageDirectory".
   4:6>_CheckForInvalidConfigurationAndPlatform:
         Configuration=Debug
   3:7>Task "GetPackageDirectory"
   4:6>Done executing task "Message".
       Task "Message"
         Platform=AnyCPU
       Done executing task "Message".
   3:7>Done executing task "GetPackageDirectory".
       Task "GetPackageDirectory"
   2:7>Done executing task "MSBuild".
   3:7>Done executing task "GetPackageDirectory".
   4:6>Done building target "_CheckForInvalidConfigurationAndPlatform" in project "Magidesk.Infrastructure.csproj".
   4:6>Target "ValidateCommandLineProperties" in file "C:\Program Files\dotnet\sdk\10.0.101\Sdks\Microsoft.NET.Sdk\targets\Microsoft.NET.Sdk.targets" from project "C:\Users\giris\Documents\Code\Redesign-POS\Windows Based POS\Magidesk\Magidesk.Infrastructure\Magidesk.Infrastructure.csproj" (target "BeforeBuild" depends on it):
   4:6>Done building target "ValidateCommandLineProperties" in project "Magidesk.Infrastructure.csproj".
   3:7>Task "GetPackageDirectory"
   4:6>Target "BeforeBuild" in file "C:\Program Files\dotnet\sdk\10.0.101\Microsoft.Common.CurrentVersion.targets" from project "C:\Users\giris\Documents\Code\Redesign-POS\Windows Based POS\Magidesk\Magidesk.Infrastructure\Magidesk.Infrastructure.csproj" (target "Build" depends on it):
   4:6>Done building target "BeforeBuild" in project "Magidesk.Infrastructure.csproj".
   4:6>Target "BuildOnlySettings" in file "C:\Program Files\dotnet\sdk\10.0.101\Microsoft.Common.CurrentVersion.targets" from project "C:\Users\giris\Documents\Code\Redesign-POS\Windows Based POS\Magidesk\Magidesk.Infrastructure\Magidesk.Infrastructure.csproj" (target "CoreBuild" depends on it):
       C:\Program Files\dotnet\sdk\10.0.101\Microsoft.Common.CurrentVersion.targets(1168,7): message : Property reassignment: $(BuildingProject)="true" (previous value: "false") at C:\Program Files\dotnet\sdk\10.0.101\Microsoft.Common.CurrentVersion.targets (1168,7) [C:\Users\giris\Documents\Code\Redesign-POS\Windows Based POS\Magidesk\Magidesk.Infrastructure\Magidesk.Infrastructure.csproj]
   3:7>Done executing task "GetPackageDirectory".
   4:6>Done building target "BuildOnlySettings" in project "Magidesk.Infrastructure.csproj".
   3:7>Task "GetPackageDirectory"
   4:6>Target "GetFrameworkPaths" in file "C:\Program Files\dotnet\sdk\10.0.101\Sdks\Microsoft.NET.Sdk\targets\Microsoft.NET.DisableStandardFrameworkResolution.targets" from project "C:\Users\giris\Documents\Code\Redesign-POS\Windows Based POS\Magidesk\Magidesk.Infrastructure\Magidesk.Infrastructure.csproj" (target "PrepareForBuild" depends on it):
   4:6>Done building target "GetFrameworkPaths" in project "Magidesk.Infrastructure.csproj".
   3:7>Done executing task "GetPackageDirectory".
   4:6>Target "GetReferenceAssemblyPaths" in file "C:\Program Files\dotnet\sdk\10.0.101\Sdks\Microsoft.NET.Sdk\targets\Microsoft.NET.DisableStandardFrameworkResolution.targets" from project "C:\Users\giris\Documents\Code\Redesign-POS\Windows Based POS\Magidesk\Magidesk.Infrastructure\Magidesk.Infrastructure.csproj" (target "PrepareForBuild" depends on it):
   4:6>Done building target "GetReferenceAssemblyPaths" in project "Magidesk.Infrastructure.csproj".
   3:7>Task "GetPackageDirectory"
       Done executing task "GetPackageDirectory".
       Task "GetPackageDirectory"
       Done executing task "GetPackageDirectory".
       Using "ResolveFrameworkReferences" task from assembly "C:\Program Files\dotnet\sdk\10.0.101\Sdks\Microsoft.NET.Sdk\targets\..\tools\net10.0\Microsoft.NET.Build.Tasks.dll".
       Task "ResolveFrameworkReferences"
       Done executing task "ResolveFrameworkReferences".
   3:7>Done building target "ResolveFrameworkReferences" in project "Magidesk.Domain.csproj".
   3:7>Target "ResolveTargetingPackAssets" in file "C:\Program Files\dotnet\sdk\10.0.101\Sdks\Microsoft.NET.Sdk\targets\Microsoft.NET.Sdk.FrameworkReferenceResolution.targets" from project "C:\Users\giris\Documents\Code\Redesign-POS\Windows Based POS\Magidesk\Magidesk.Domain\Magidesk.Domain.csproj" (target "_HandlePackageFileConflicts" depends on it):
       Using "ResolveTargetingPackAssets" task from assembly "C:\Program Files\dotnet\sdk\10.0.101\Sdks\Microsoft.NET.Sdk\targets\..\tools\net10.0\Microsoft.NET.Build.Tasks.dll".
       Task "ResolveTargetingPackAssets"
       Done executing task "ResolveTargetingPackAssets".
   3:7>Done building target "ResolveTargetingPackAssets" in project "Magidesk.Domain.csproj".
   3:7>Target "ResolveOffByDefaultAnalyzers" in file "C:\Program Files\dotnet\sdk\10.0.101\Sdks\Microsoft.NET.Sdk\targets\Microsoft.NET.Sdk.FrameworkReferenceResolution.targets" from project "C:\Users\giris\Documents\Code\Redesign-POS\Windows Based POS\Magidesk\Magidesk.Domain\Magidesk.Domain.csproj" (target "_HandlePackageFileConflicts" depends on it):
   3:7>Done building target "ResolveOffByDefaultAnalyzers" in project "Magidesk.Domain.csproj".
   4:6>Target "PrepareForBuild" in file "C:\Program Files\dotnet\sdk\10.0.101\Microsoft.Common.CurrentVersion.targets" from project "C:\Users\giris\Documents\Code\Redesign-POS\Windows Based POS\Magidesk\Magidesk.Infrastructure\Magidesk.Infrastructure.csproj" (target "CoreBuild" depends on it):
   4:6>Using "FindAppConfigFile" task from assembly "Microsoft.Build.Tasks.Core, Version=15.1.0.0, Culture=neutral, PublicKeyToken=b03f5f7f11d50a3a".
       Task "FindAppConfigFile"
   3:7>Target "_HandlePackageFileConflicts" in file "C:\Program Files\dotnet\sdk\10.0.101\Sdks\Microsoft.NET.Sdk\targets\Microsoft.NET.ConflictResolution.targets" from project "C:\Users\giris\Documents\Code\Redesign-POS\Windows Based POS\Magidesk\Magidesk.Domain\Magidesk.Domain.csproj" (target "ResolveAssemblyReferences" depends on it):
   3:7>Using "ResolvePackageFileConflicts" task from assembly "C:\Program Files\dotnet\sdk\10.0.101\Sdks\Microsoft.NET.Sdk\targets\..\tools\net10.0\Microsoft.NET.Build.Tasks.dll".
       Task "ResolvePackageFileConflicts"
         Encountered conflict between 'Platform:mscorlib.dll' and 'Platform:mscorlib.dll'. Could not determine winner due to equal file and assembly versions.
         Encountered conflict between 'Platform:Microsoft.VisualBasic.dll' and 'Platform:Microsoft.VisualBasic.dll'. Could not determine winner due to equal file and assembly versions.
         Encountered conflict between 'Platform:System.dll' and 'Platform:System.dll'. Could not determine winner due to equal file and assembly versions.
         Encountered conflict between 'Platform:System.ComponentModel.DataAnnotations.dll' and 'Platform:System.ComponentModel.DataAnnotations.dll'. Could not determine winner due to equal file and assembly versions.
         Encountered conflict between 'Platform:System.Configuration.dll' and 'Platform:System.Configuration.dll'. Could not determine winner due to equal file and assembly versions.
         Encountered conflict between 'Platform:System.Core.dll' and 'Platform:System.Core.dll'. Could not determine winner due to equal file and assembly versions.
         Encountered conflict between 'Platform:System.Data.dll' and 'Platform:System.Data.dll'. Could not determine winner due to equal file and assembly versions.
         Encountered conflict between 'Platform:System.Drawing.dll' and 'Platform:System.Drawing.dll'. Could not determine winner due to equal file and assembly versions.
         Encountered conflict between 'Platform:System.IO.Compression.FileSystem.dll' and 'Platform:System.IO.Compression.FileSystem.dll'. Could not determine winner due to equal file and assembly versions.
         Encountered conflict between 'Platform:System.Net.dll' and 'Platform:System.Net.dll'. Could not determine winner due to equal file and assembly versions.
         Encountered conflict between 'Platform:System.Numerics.dll' and 'Platform:System.Numerics.dll'. Could not determine winner due to equal file and assembly versions.
         Encountered conflict between 'Platform:System.Runtime.Serialization.dll' and 'Platform:System.Runtime.Serialization.dll'. Could not determine winner due to equal file and assembly versions.
   4:6>Done executing task "FindAppConfigFile".
   3:7>_HandlePackageFileConflicts:
         Encountered conflict between 'Platform:System.Security.dll' and 'Platform:System.Security.dll'. Could not determine winner due to equal file and assembly versions.
         Encountered conflict between 'Platform:System.ServiceProcess.dll' and 'Platform:System.ServiceProcess.dll'. Could not determine winner due to equal file and assembly versions.
         Encountered conflict between 'Platform:System.ServiceModel.Web.dll' and 'Platform:System.ServiceModel.Web.dll'. Could not determine winner due to equal file and assembly versions.
         Encountered conflict between 'Platform:System.Transactions.dll' and 'Platform:System.Transactions.dll'. Could not determine winner due to equal file and assembly versions.
         Encountered conflict between 'Platform:System.Web.dll' and 'Platform:System.Web.dll'. Could not determine winner due to equal file and assembly versions.
         Encountered conflict between 'Platform:System.Windows.dll' and 'Platform:System.Windows.dll'. Could not determine winner due to equal file and assembly versions.
   4:6>PrepareForBuild:
       Using "MakeDir" task from assembly "Microsoft.Build.Tasks.Core, Version=15.1.0.0, Culture=neutral, PublicKeyToken=b03f5f7f11d50a3a".
       Task "MakeDir"
   3:7>_HandlePackageFileConflicts:
         Encountered conflict between 'Platform:System.Xml.dll' and 'Platform:System.Xml.dll'. Could not determine winner due to equal file and assembly versions.
   2:7>_GetProjectReferenceTargetFrameworkProperties:
       Using "GetReferenceNearestTargetFrameworkTask" task from assembly "C:\Program Files\dotnet\sdk\10.0.101\NuGet.Build.Tasks.dll".
   3:7>_HandlePackageFileConflicts:
         Encountered conflict between 'Platform:System.Xml.Serialization.dll' and 'Platform:System.Xml.Serialization.dll'. Could not determine winner due to equal file and assembly versions.
         Encountered conflict between 'Platform:System.Xml.Linq.dll' and 'Platform:System.Xml.Linq.dll'. Could not determine winner due to equal file and assembly versions.
         Encountered conflict between 'Platform:WindowsBase.dll' and 'Platform:WindowsBase.dll'. Could not determine winner due to equal file and assembly versions.
         Encountered conflict between 'Platform:netstandard.dll' and 'Platform:netstandard.dll'. Could not determine winner due to equal file and assembly versions.
         Encountered conflict between 'Platform:System.Private.CoreLib.dll' and 'Platform:System.Private.CoreLib.dll'. Could not determine winner due to equal file and assembly versions.
         Encountered conflict between 'Platform:System.Private.DataContractSerialization.dll' and 'Platform:System.Private.DataContractSerialization.dll'. Could not determine winner due to equal file and assembly versions.
         Encountered conflict between 'Platform:System.Private.Uri.dll' and 'Platform:System.Private.Uri.dll'. Could not determine winner due to equal file and assembly versions.
         Encountered conflict between 'Platform:System.Private.Xml.dll' and 'Platform:System.Private.Xml.dll'. Could not determine winner due to equal file and assembly versions.
         Encountered conflict between 'Platform:System.Private.Xml.Linq.dll' and 'Platform:System.Private.Xml.Linq.dll'. Could not determine winner due to equal file and assembly versions.
         Encountered conflict between 'Platform:mscordaccore_amd64_amd64_8.0.2225.52707.dll' and 'Platform:mscordaccore_amd64_amd64_8.0.2225.52707.dll'. Could not determine winner due to equal file and assembly versions.
   2:7>Task "GetReferenceNearestTargetFrameworkTask"
   3:7>Done executing task "ResolvePackageFileConflicts".
   2:7>Done executing task "GetReferenceNearestTargetFrameworkTask".
   3:7>Done building target "_HandlePackageFileConflicts" in project "Magidesk.Domain.csproj".
       Target "ResolveTargetingPackAssets" skipped. Previously built successfully.
   2:7>Task "SetRidAgnosticValueForProjects"
   3:7>Target "ResolveAssemblyReferences" in file "C:\Program Files\dotnet\sdk\10.0.101\Microsoft.Common.CurrentVersion.targets" from project "C:\Users\giris\Documents\Code\Redesign-POS\Windows Based POS\Magidesk\Magidesk.Domain\Magidesk.Domain.csproj" (target "ResolveReferences" depends on it):
   3:7>Using "ResolveAssemblyReference" task from assembly "Microsoft.Build.Tasks.Core, Version=15.1.0.0, Culture=neutral, PublicKeyToken=b03f5f7f11d50a3a".
   2:7>Done executing task "SetRidAgnosticValueForProjects".
   2:7>Done building target "_GetProjectReferenceTargetFrameworkProperties" in project "Magidesk.Application.csproj".
   3:7>Task "ResolveAssemblyReference"
         TargetFrameworkMoniker:
   2:7>Target "_CalculateIsVSTestTestProject" skipped. Previously built successfully.
   3:7>ResolveAssemblyReferences:
             .NETCoreApp,Version=v8.0
   2:7>Target "ValidateExecutableReferences" in file "C:\Program Files\dotnet\sdk\10.0.101\Sdks\Microsoft.NET.Sdk\targets\Microsoft.NET.Sdk.targets" from project "C:\Users\giris\Documents\Code\Redesign-POS\Windows Based POS\Magidesk\Magidesk.Application\Magidesk.Application.csproj" (target "PrepareProjectReferences" depends on it):
   2:7>Using "ValidateExecutableReferences" task from assembly "C:\Program Files\dotnet\sdk\10.0.101\Sdks\Microsoft.NET.Sdk\targets\..\tools\net10.0\Microsoft.NET.Build.Tasks.dll".
   3:7>ResolveAssemblyReferences:
         TargetFrameworkMonikerDisplayName:
   2:7>Task "ValidateExecutableReferences"
   3:7>ResolveAssemblyReferences:
             .NET 8.0
         TargetedRuntimeVersion:
   2:7>Done executing task "ValidateExecutableReferences".
   3:7>ResolveAssemblyReferences:
             
         Assemblies:
             C:\Program Files\dotnet\packs\Microsoft.NETCore.App.Ref\8.0.22\ref/net8.0/Microsoft.CSharp.dll
                 Private = 'false'
             C:\Program Files\dotnet\packs\Microsoft.NETCore.App.Ref\8.0.22\ref/net8.0/Microsoft.VisualBasic.Core.dll
                 Private = 'false'
             C:\Program Files\dotnet\packs\Microsoft.NETCore.App.Ref\8.0.22\ref/net8.0/Microsoft.VisualBasic.dll
   2:7>Done building target "ValidateExecutableReferences" in project "Magidesk.Application.csproj".
   3:7>ResolveAssemblyReferences:
                 Private = 'false'
   2:7>Target "PrepareProjectReferences" in file "C:\Program Files\dotnet\sdk\10.0.101\Microsoft.Common.CurrentVersion.targets" from project "C:\Users\giris\Documents\Code\Redesign-POS\Windows Based POS\Magidesk\Magidesk.Application\Magidesk.Application.csproj" (target "ResolveProjectReferences" depends on it):
   2:7>Done building target "PrepareProjectReferences" in project "Magidesk.Application.csproj".
   3:7>ResolveAssemblyReferences:
             C:\Program Files\dotnet\packs\Microsoft.NETCore.App.Ref\8.0.22\ref/net8.0/Microsoft.Win32.Primitives.dll
                 Private = 'false'
   2:7>Target "ResolveProjectReferences" in file "C:\Program Files\dotnet\sdk\10.0.101\Microsoft.Common.CurrentVersion.targets" from project "C:\Users\giris\Documents\Code\Redesign-POS\Windows Based POS\Magidesk\Magidesk.Application\Magidesk.Application.csproj" (target "ResolveReferences" depends on it):
   2:7>Task "MSBuild"
   3:7>ResolveAssemblyReferences:
             C:\Program Files\dotnet\packs\Microsoft.NETCore.App.Ref\8.0.22\ref/net8.0/Microsoft.Win32.Registry.dll
                 Private = 'false'
             C:\Program Files\dotnet\packs\Microsoft.NETCore.App.Ref\8.0.22\ref/net8.0/System.AppContext.dll
   2:7>ResolveProjectReferences:
         Removing Properties for project "..\Magidesk.Domain\Magidesk.Domain.csproj":
   3:7>ResolveAssemblyReferences:
                 Private = 'false'
   2:7>ResolveProjectReferences:
           TargetFramework
   3:7>ResolveAssemblyReferences:
             C:\Program Files\dotnet\packs\Microsoft.NETCore.App.Ref\8.0.22\ref/net8.0/System.Buffers.dll
   2:7>ResolveProjectReferences:
           RuntimeIdentifier
   3:7>ResolveAssemblyReferences:
                 Private = 'false'
   2:7>ResolveProjectReferences:
           SelfContained
   3:7>ResolveAssemblyReferences:
             C:\Program Files\dotnet\packs\Microsoft.NETCore.App.Ref\8.0.22\ref/net8.0/System.Collections.Concurrent.dll
                 Private = 'false'
             C:\Program Files\dotnet\packs\Microsoft.NETCore.App.Ref\8.0.22\ref/net8.0/System.Collections.Immutable.dll
                 Private = 'false'
             C:\Program Files\dotnet\packs\Microsoft.NETCore.App.Ref\8.0.22\ref/net8.0/System.Collections.NonGeneric.dll
                 Private = 'false'
             C:\Program Files\dotnet\packs\Microsoft.NETCore.App.Ref\8.0.22\ref/net8.0/System.Collections.Specialized.dll
   4:6>Done executing task "MakeDir".
   3:7>ResolveAssemblyReferences:
                 Private = 'false'
   4:6>Done building target "PrepareForBuild" in project "Magidesk.Infrastructure.csproj".
   3:7>ResolveAssemblyReferences:
             C:\Program Files\dotnet\packs\Microsoft.NETCore.App.Ref\8.0.22\ref/net8.0/System.Collections.dll
                 Private = 'false'
             C:\Program Files\dotnet\packs\Microsoft.NETCore.App.Ref\8.0.22\ref/net8.0/System.ComponentModel.Annotations.dll
                 Private = 'false'
             C:\Program Files\dotnet\packs\Microsoft.NETCore.App.Ref\8.0.22\ref/net8.0/System.ComponentModel.DataAnnotations.dll
                 Private = 'false'
             C:\Program Files\dotnet\packs\Microsoft.NETCore.App.Ref\8.0.22\ref/net8.0/System.ComponentModel.EventBasedAsync.dll
   4:6>Target "GenerateTargetFrameworkDefineConstants" in file "C:\Program Files\dotnet\sdk\10.0.101\Sdks\Microsoft.NET.Sdk\targets\Microsoft.NET.Sdk.BeforeCommon.targets" from project "C:\Users\giris\Documents\Code\Redesign-POS\Windows Based POS\Magidesk\Magidesk.Infrastructure\Magidesk.Infrastructure.csproj" (target "AddImplicitDefineConstants" depends on it):
   4:6>Done building target "GenerateTargetFrameworkDefineConstants" in project "Magidesk.Infrastructure.csproj".
   3:7>ResolveAssemblyReferences:
                 Private = 'false'
             C:\Program Files\dotnet\packs\Microsoft.NETCore.App.Ref\8.0.22\ref/net8.0/System.ComponentModel.Primitives.dll
                 Private = 'false'
             C:\Program Files\dotnet\packs\Microsoft.NETCore.App.Ref\8.0.22\ref/net8.0/System.ComponentModel.TypeConverter.dll
                 Private = 'false'
             C:\Program Files\dotnet\packs\Microsoft.NETCore.App.Ref\8.0.22\ref/net8.0/System.ComponentModel.dll
                 Private = 'false'
             C:\Program Files\dotnet\packs\Microsoft.NETCore.App.Ref\8.0.22\ref/net8.0/System.Configuration.dll
                 Private = 'false'
             C:\Program Files\dotnet\packs\Microsoft.NETCore.App.Ref\8.0.22\ref/net8.0/System.Console.dll
                 Private = 'false'
             C:\Program Files\dotnet\packs\Microsoft.NETCore.App.Ref\8.0.22\ref/net8.0/System.Core.dll
                 Private = 'false'
             C:\Program Files\dotnet\packs\Microsoft.NETCore.App.Ref\8.0.22\ref/net8.0/System.Data.Common.dll
                 Private = 'false'
             C:\Program Files\dotnet\packs\Microsoft.NETCore.App.Ref\8.0.22\ref/net8.0/System.Data.DataSetExtensions.dll
                 Private = 'false'
             C:\Program Files\dotnet\packs\Microsoft.NETCore.App.Ref\8.0.22\ref/net8.0/System.Data.dll
                 Private = 'false'
             C:\Program Files\dotnet\packs\Microsoft.NETCore.App.Ref\8.0.22\ref/net8.0/System.Diagnostics.Contracts.dll
                 Private = 'false'
             C:\Program Files\dotnet\packs\Microsoft.NETCore.App.Ref\8.0.22\ref/net8.0/System.Diagnostics.Debug.dll
                 Private = 'false'
             C:\Program Files\dotnet\packs\Microsoft.NETCore.App.Ref\8.0.22\ref/net8.0/System.Diagnostics.DiagnosticSource.dll
                 Private = 'false'
             C:\Program Files\dotnet\packs\Microsoft.NETCore.App.Ref\8.0.22\ref/net8.0/System.Diagnostics.FileVersionInfo.dll
                 Private = 'false'
             C:\Program Files\dotnet\packs\Microsoft.NETCore.App.Ref\8.0.22\ref/net8.0/System.Diagnostics.Process.dll
                 Private = 'false'
             C:\Program Files\dotnet\packs\Microsoft.NETCore.App.Ref\8.0.22\ref/net8.0/System.Diagnostics.StackTrace.dll
                 Private = 'false'
             C:\Program Files\dotnet\packs\Microsoft.NETCore.App.Ref\8.0.22\ref/net8.0/System.Diagnostics.TextWriterTraceListener.dll
                 Private = 'false'
             C:\Program Files\dotnet\packs\Microsoft.NETCore.App.Ref\8.0.22\ref/net8.0/System.Diagnostics.Tools.dll
                 Private = 'false'
             C:\Program Files\dotnet\packs\Microsoft.NETCore.App.Ref\8.0.22\ref/net8.0/System.Diagnostics.TraceSource.dll
                 Private = 'false'
   4:6>Target "GenerateNETCompatibleDefineConstants" in file "C:\Program Files\dotnet\sdk\10.0.101\Sdks\Microsoft.NET.Sdk\targets\Microsoft.NET.Sdk.BeforeCommon.targets" from project "C:\Users\giris\Documents\Code\Redesign-POS\Windows Based POS\Magidesk\Magidesk.Infrastructure\Magidesk.Infrastructure.csproj" (target "AddImplicitDefineConstants" depends on it):
   4:6>Done building target "GenerateNETCompatibleDefineConstants" in project "Magidesk.Infrastructure.csproj".
   3:7>ResolveAssemblyReferences:
             C:\Program Files\dotnet\packs\Microsoft.NETCore.App.Ref\8.0.22\ref/net8.0/System.Diagnostics.Tracing.dll
                 Private = 'false'
             C:\Program Files\dotnet\packs\Microsoft.NETCore.App.Ref\8.0.22\ref/net8.0/System.Drawing.Primitives.dll
                 Private = 'false'
   4:6>Target "AddImplicitDefineConstants" in file "C:\Program Files\dotnet\sdk\10.0.101\Sdks\Microsoft.NET.Sdk\targets\Microsoft.NET.Sdk.BeforeCommon.targets" from project "C:\Users\giris\Documents\Code\Redesign-POS\Windows Based POS\Magidesk\Magidesk.Infrastructure\Magidesk.Infrastructure.csproj" (target "CoreBuild" depends on it):
   4:6>C:\Program Files\dotnet\sdk\10.0.101\Sdks\Microsoft.NET.Sdk\targets\Microsoft.NET.Sdk.BeforeCommon.targets(295,7): message : Property reassignment: $(DefineConstants)="TRACE;DEBUG;NET;NET8_0;NETCOREAPP;NET5_0_OR_GREATER;NET6_0_OR_GREATER;NET7_0_OR_GREATER;NET8_0_OR_GREATER;NETCOREAPP1_0_OR_GREATER;NETCOREAPP1_1_OR_GREATER;NETCOREAPP2_0_OR_GREATER;NETCOREAPP2_1_OR_GREATER;NETCOREAPP2_2_OR_GREATER;NETCOREAPP3_0_OR_GREATER;NETCOREAPP3_1_OR_GREATER" (previous value: "TRACE;DEBUG") at C:\Program Files\dotnet\sdk\10.0.101\Sdks\Microsoft.NET.Sdk\targets\Microsoft.NET.Sdk.BeforeCommon.targets (295,7) [C:\Users\giris\Documents\Code\Redesign-POS\Windows Based POS\Magidesk\Magidesk.Infrastructure\Magidesk.Infrastructure.csproj]
   3:7>ResolveAssemblyReferences:
             C:\Program Files\dotnet\packs\Microsoft.NETCore.App.Ref\8.0.22\ref/net8.0/System.Drawing.dll
   4:6>Done building target "AddImplicitDefineConstants" in project "Magidesk.Infrastructure.csproj".
   3:7>ResolveAssemblyReferences:
                 Private = 'false'
             C:\Program Files\dotnet\packs\Microsoft.NETCore.App.Ref\8.0.22\ref/net8.0/System.Dynamic.Runtime.dll
                 Private = 'false'
             C:\Program Files\dotnet\packs\Microsoft.NETCore.App.Ref\8.0.22\ref/net8.0/System.Formats.Asn1.dll
                 Private = 'false'
             C:\Program Files\dotnet\packs\Microsoft.NETCore.App.Ref\8.0.22\ref/net8.0/System.Formats.Tar.dll
                 Private = 'false'
             C:\Program Files\dotnet\packs\Microsoft.NETCore.App.Ref\8.0.22\ref/net8.0/System.Globalization.Calendars.dll
                 Private = 'false'
             C:\Program Files\dotnet\packs\Microsoft.NETCore.App.Ref\8.0.22\ref/net8.0/System.Globalization.Extensions.dll
   4:6>Target "GenerateGlobalUsings" in file "C:\Program Files\dotnet\sdk\10.0.101\Sdks\Microsoft.NET.Sdk\targets\Microsoft.NET.GenerateGlobalUsings.targets" from project "C:\Users\giris\Documents\Code\Redesign-POS\Windows Based POS\Magidesk\Magidesk.Infrastructure\Magidesk.Infrastructure.csproj" (target "CoreBuild" depends on it):
   4:6>Using "GenerateGlobalUsings" task from assembly "C:\Program Files\dotnet\sdk\10.0.101\Sdks\Microsoft.NET.Sdk\targets\..\tools\net10.0\Microsoft.NET.Build.Tasks.dll".
       Task "GenerateGlobalUsings"
   3:7>ResolveAssemblyReferences:
                 Private = 'false'
             C:\Program Files\dotnet\packs\Microsoft.NETCore.App.Ref\8.0.22\ref/net8.0/System.Globalization.dll
                 Private = 'false'
             C:\Program Files\dotnet\packs\Microsoft.NETCore.App.Ref\8.0.22\ref/net8.0/System.IO.Compression.Brotli.dll
                 Private = 'false'
             C:\Program Files\dotnet\packs\Microsoft.NETCore.App.Ref\8.0.22\ref/net8.0/System.IO.Compression.FileSystem.dll
                 Private = 'false'
             C:\Program Files\dotnet\packs\Microsoft.NETCore.App.Ref\8.0.22\ref/net8.0/System.IO.Compression.ZipFile.dll
                 Private = 'false'
             C:\Program Files\dotnet\packs\Microsoft.NETCore.App.Ref\8.0.22\ref/net8.0/System.IO.Compression.dll
                 Private = 'false'
             C:\Program Files\dotnet\packs\Microsoft.NETCore.App.Ref\8.0.22\ref/net8.0/System.IO.FileSystem.AccessControl.dll
                 Private = 'false'
             C:\Program Files\dotnet\packs\Microsoft.NETCore.App.Ref\8.0.22\ref/net8.0/System.IO.FileSystem.DriveInfo.dll
                 Private = 'false'
             C:\Program Files\dotnet\packs\Microsoft.NETCore.App.Ref\8.0.22\ref/net8.0/System.IO.FileSystem.Primitives.dll
                 Private = 'false'
             C:\Program Files\dotnet\packs\Microsoft.NETCore.App.Ref\8.0.22\ref/net8.0/System.IO.FileSystem.Watcher.dll
                 Private = 'false'
             C:\Program Files\dotnet\packs\Microsoft.NETCore.App.Ref\8.0.22\ref/net8.0/System.IO.FileSystem.dll
                 Private = 'false'
             C:\Program Files\dotnet\packs\Microsoft.NETCore.App.Ref\8.0.22\ref/net8.0/System.IO.IsolatedStorage.dll
                 Private = 'false'
             C:\Program Files\dotnet\packs\Microsoft.NETCore.App.Ref\8.0.22\ref/net8.0/System.IO.MemoryMappedFiles.dll
                 Private = 'false'
             C:\Program Files\dotnet\packs\Microsoft.NETCore.App.Ref\8.0.22\ref/net8.0/System.IO.Pipes.AccessControl.dll
                 Private = 'false'
             C:\Program Files\dotnet\packs\Microsoft.NETCore.App.Ref\8.0.22\ref/net8.0/System.IO.Pipes.dll
                 Private = 'false'
             C:\Program Files\dotnet\packs\Microsoft.NETCore.App.Ref\8.0.22\ref/net8.0/System.IO.UnmanagedMemoryStream.dll
                 Private = 'false'
             C:\Program Files\dotnet\packs\Microsoft.NETCore.App.Ref\8.0.22\ref/net8.0/System.IO.dll
                 Private = 'false'
             C:\Program Files\dotnet\packs\Microsoft.NETCore.App.Ref\8.0.22\ref/net8.0/System.Linq.Expressions.dll
                 Private = 'false'
             C:\Program Files\dotnet\packs\Microsoft.NETCore.App.Ref\8.0.22\ref/net8.0/System.Linq.Parallel.dll
                 Private = 'false'
             C:\Program Files\dotnet\packs\Microsoft.NETCore.App.Ref\8.0.22\ref/net8.0/System.Linq.Queryable.dll
                 Private = 'false'
             C:\Program Files\dotnet\packs\Microsoft.NETCore.App.Ref\8.0.22\ref/net8.0/System.Linq.dll
                 Private = 'false'
             C:\Program Files\dotnet\packs\Microsoft.NETCore.App.Ref\8.0.22\ref/net8.0/System.Memory.dll
                 Private = 'false'
             C:\Program Files\dotnet\packs\Microsoft.NETCore.App.Ref\8.0.22\ref/net8.0/System.Net.Http.Json.dll
                 Private = 'false'
             C:\Program Files\dotnet\packs\Microsoft.NETCore.App.Ref\8.0.22\ref/net8.0/System.Net.Http.dll
                 Private = 'false'
             C:\Program Files\dotnet\packs\Microsoft.NETCore.App.Ref\8.0.22\ref/net8.0/System.Net.HttpListener.dll
                 Private = 'false'
             C:\Program Files\dotnet\packs\Microsoft.NETCore.App.Ref\8.0.22\ref/net8.0/System.Net.Mail.dll
                 Private = 'false'
             C:\Program Files\dotnet\packs\Microsoft.NETCore.App.Ref\8.0.22\ref/net8.0/System.Net.NameResolution.dll
                 Private = 'false'
             C:\Program Files\dotnet\packs\Microsoft.NETCore.App.Ref\8.0.22\ref/net8.0/System.Net.NetworkInformation.dll
                 Private = 'false'
             C:\Program Files\dotnet\packs\Microsoft.NETCore.App.Ref\8.0.22\ref/net8.0/System.Net.Ping.dll
                 Private = 'false'
             C:\Program Files\dotnet\packs\Microsoft.NETCore.App.Ref\8.0.22\ref/net8.0/System.Net.Primitives.dll
                 Private = 'false'
             C:\Program Files\dotnet\packs\Microsoft.NETCore.App.Ref\8.0.22\ref/net8.0/System.Net.Quic.dll
                 Private = 'false'
             C:\Program Files\dotnet\packs\Microsoft.NETCore.App.Ref\8.0.22\ref/net8.0/System.Net.Requests.dll
                 Private = 'false'
             C:\Program Files\dotnet\packs\Microsoft.NETCore.App.Ref\8.0.22\ref/net8.0/System.Net.Security.dll
                 Private = 'false'
             C:\Program Files\dotnet\packs\Microsoft.NETCore.App.Ref\8.0.22\ref/net8.0/System.Net.ServicePoint.dll
                 Private = 'false'
             C:\Program Files\dotnet\packs\Microsoft.NETCore.App.Ref\8.0.22\ref/net8.0/System.Net.Sockets.dll
                 Private = 'false'
             C:\Program Files\dotnet\packs\Microsoft.NETCore.App.Ref\8.0.22\ref/net8.0/System.Net.WebClient.dll
                 Private = 'false'
             C:\Program Files\dotnet\packs\Microsoft.NETCore.App.Ref\8.0.22\ref/net8.0/System.Net.WebHeaderCollection.dll
                 Private = 'false'
             C:\Program Files\dotnet\packs\Microsoft.NETCore.App.Ref\8.0.22\ref/net8.0/System.Net.WebProxy.dll
                 Private = 'false'
             C:\Program Files\dotnet\packs\Microsoft.NETCore.App.Ref\8.0.22\ref/net8.0/System.Net.WebSockets.Client.dll
                 Private = 'false'
             C:\Program Files\dotnet\packs\Microsoft.NETCore.App.Ref\8.0.22\ref/net8.0/System.Net.WebSockets.dll
                 Private = 'false'
             C:\Program Files\dotnet\packs\Microsoft.NETCore.App.Ref\8.0.22\ref/net8.0/System.Net.dll
                 Private = 'false'
             C:\Program Files\dotnet\packs\Microsoft.NETCore.App.Ref\8.0.22\ref/net8.0/System.Numerics.Vectors.dll
                 Private = 'false'
             C:\Program Files\dotnet\packs\Microsoft.NETCore.App.Ref\8.0.22\ref/net8.0/System.Numerics.dll
                 Private = 'false'
             C:\Program Files\dotnet\packs\Microsoft.NETCore.App.Ref\8.0.22\ref/net8.0/System.ObjectModel.dll
                 Private = 'false'
             C:\Program Files\dotnet\packs\Microsoft.NETCore.App.Ref\8.0.22\ref/net8.0/System.Reflection.DispatchProxy.dll
                 Private = 'false'
             C:\Program Files\dotnet\packs\Microsoft.NETCore.App.Ref\8.0.22\ref/net8.0/System.Reflection.Emit.ILGeneration.dll
                 Private = 'false'
             C:\Program Files\dotnet\packs\Microsoft.NETCore.App.Ref\8.0.22\ref/net8.0/System.Reflection.Emit.Lightweight.dll
                 Private = 'false'
             C:\Program Files\dotnet\packs\Microsoft.NETCore.App.Ref\8.0.22\ref/net8.0/System.Reflection.Emit.dll
                 Private = 'false'
             C:\Program Files\dotnet\packs\Microsoft.NETCore.App.Ref\8.0.22\ref/net8.0/System.Reflection.Extensions.dll
                 Private = 'false'
             C:\Program Files\dotnet\packs\Microsoft.NETCore.App.Ref\8.0.22\ref/net8.0/System.Reflection.Metadata.dll
                 Private = 'false'
             C:\Program Files\dotnet\packs\Microsoft.NETCore.App.Ref\8.0.22\ref/net8.0/System.Reflection.Primitives.dll
                 Private = 'false'
             C:\Program Files\dotnet\packs\Microsoft.NETCore.App.Ref\8.0.22\ref/net8.0/System.Reflection.TypeExtensions.dll
                 Private = 'false'
             C:\Program Files\dotnet\packs\Microsoft.NETCore.App.Ref\8.0.22\ref/net8.0/System.Reflection.dll
                 Private = 'false'
             C:\Program Files\dotnet\packs\Microsoft.NETCore.App.Ref\8.0.22\ref/net8.0/System.Resources.Reader.dll
                 Private = 'false'
             C:\Program Files\dotnet\packs\Microsoft.NETCore.App.Ref\8.0.22\ref/net8.0/System.Resources.ResourceManager.dll
                 Private = 'false'
             C:\Program Files\dotnet\packs\Microsoft.NETCore.App.Ref\8.0.22\ref/net8.0/System.Resources.Writer.dll
                 Private = 'false'
             C:\Program Files\dotnet\packs\Microsoft.NETCore.App.Ref\8.0.22\ref/net8.0/System.Runtime.CompilerServices.Unsafe.dll
                 Private = 'false'
             C:\Program Files\dotnet\packs\Microsoft.NETCore.App.Ref\8.0.22\ref/net8.0/System.Runtime.CompilerServices.VisualC.dll
                 Private = 'false'
             C:\Program Files\dotnet\packs\Microsoft.NETCore.App.Ref\8.0.22\ref/net8.0/System.Runtime.Extensions.dll
                 Private = 'false'
             C:\Program Files\dotnet\packs\Microsoft.NETCore.App.Ref\8.0.22\ref/net8.0/System.Runtime.Handles.dll
                 Private = 'false'
             C:\Program Files\dotnet\packs\Microsoft.NETCore.App.Ref\8.0.22\ref/net8.0/System.Runtime.InteropServices.JavaScript.dll
                 Private = 'false'
             C:\Program Files\dotnet\packs\Microsoft.NETCore.App.Ref\8.0.22\ref/net8.0/System.Runtime.InteropServices.RuntimeInformation.dll
                 Private = 'false'
             C:\Program Files\dotnet\packs\Microsoft.NETCore.App.Ref\8.0.22\ref/net8.0/System.Runtime.InteropServices.dll
                 Private = 'false'
             C:\Program Files\dotnet\packs\Microsoft.NETCore.App.Ref\8.0.22\ref/net8.0/System.Runtime.Intrinsics.dll
                 Private = 'false'
             C:\Program Files\dotnet\packs\Microsoft.NETCore.App.Ref\8.0.22\ref/net8.0/System.Runtime.Loader.dll
                 Private = 'false'
             C:\Program Files\dotnet\packs\Microsoft.NETCore.App.Ref\8.0.22\ref/net8.0/System.Runtime.Numerics.dll
                 Private = 'false'
             C:\Program Files\dotnet\packs\Microsoft.NETCore.App.Ref\8.0.22\ref/net8.0/System.Runtime.Serialization.Formatters.dll
                 Private = 'false'
             C:\Program Files\dotnet\packs\Microsoft.NETCore.App.Ref\8.0.22\ref/net8.0/System.Runtime.Serialization.Json.dll
                 Private = 'false'
             C:\Program Files\dotnet\packs\Microsoft.NETCore.App.Ref\8.0.22\ref/net8.0/System.Runtime.Serialization.Primitives.dll
                 Private = 'false'
             C:\Program Files\dotnet\packs\Microsoft.NETCore.App.Ref\8.0.22\ref/net8.0/System.Runtime.Serialization.Xml.dll
                 Private = 'false'
             C:\Program Files\dotnet\packs\Microsoft.NETCore.App.Ref\8.0.22\ref/net8.0/System.Runtime.Serialization.dll
                 Private = 'false'
             C:\Program Files\dotnet\packs\Microsoft.NETCore.App.Ref\8.0.22\ref/net8.0/System.Runtime.dll
                 Private = 'false'
             C:\Program Files\dotnet\packs\Microsoft.NETCore.App.Ref\8.0.22\ref/net8.0/System.Security.AccessControl.dll
                 Private = 'false'
             C:\Program Files\dotnet\packs\Microsoft.NETCore.App.Ref\8.0.22\ref/net8.0/System.Security.Claims.dll
                 Private = 'false'
             C:\Program Files\dotnet\packs\Microsoft.NETCore.App.Ref\8.0.22\ref/net8.0/System.Security.Cryptography.Algorithms.dll
                 Private = 'false'
             C:\Program Files\dotnet\packs\Microsoft.NETCore.App.Ref\8.0.22\ref/net8.0/System.Security.Cryptography.Cng.dll
                 Private = 'false'
             C:\Program Files\dotnet\packs\Microsoft.NETCore.App.Ref\8.0.22\ref/net8.0/System.Security.Cryptography.Csp.dll
                 Private = 'false'
             C:\Program Files\dotnet\packs\Microsoft.NETCore.App.Ref\8.0.22\ref/net8.0/System.Security.Cryptography.Encoding.dll
                 Private = 'false'
             C:\Program Files\dotnet\packs\Microsoft.NETCore.App.Ref\8.0.22\ref/net8.0/System.Security.Cryptography.OpenSsl.dll
                 Private = 'false'
             C:\Program Files\dotnet\packs\Microsoft.NETCore.App.Ref\8.0.22\ref/net8.0/System.Security.Cryptography.Primitives.dll
   4:6>Done executing task "GenerateGlobalUsings".
   3:7>ResolveAssemblyReferences:
                 Private = 'false'
             C:\Program Files\dotnet\packs\Microsoft.NETCore.App.Ref\8.0.22\ref/net8.0/System.Security.Cryptography.X509Certificates.dll
                 Private = 'false'
             C:\Program Files\dotnet\packs\Microsoft.NETCore.App.Ref\8.0.22\ref/net8.0/System.Security.Cryptography.dll
                 Private = 'false'
             C:\Program Files\dotnet\packs\Microsoft.NETCore.App.Ref\8.0.22\ref/net8.0/System.Security.Principal.Windows.dll
                 Private = 'false'
             C:\Program Files\dotnet\packs\Microsoft.NETCore.App.Ref\8.0.22\ref/net8.0/System.Security.Principal.dll
   4:6>GenerateGlobalUsings:
       Using "WriteLinesToFile" task from assembly "Microsoft.Build.Tasks.Core, Version=15.1.0.0, Culture=neutral, PublicKeyToken=b03f5f7f11d50a3a".
       Task "WriteLinesToFile"
   3:7>ResolveAssemblyReferences:
                 Private = 'false'
             C:\Program Files\dotnet\packs\Microsoft.NETCore.App.Ref\8.0.22\ref/net8.0/System.Security.SecureString.dll
                 Private = 'false'
             C:\Program Files\dotnet\packs\Microsoft.NETCore.App.Ref\8.0.22\ref/net8.0/System.Security.dll
                 Private = 'false'
             C:\Program Files\dotnet\packs\Microsoft.NETCore.App.Ref\8.0.22\ref/net8.0/System.ServiceModel.Web.dll
                 Private = 'false'
             C:\Program Files\dotnet\packs\Microsoft.NETCore.App.Ref\8.0.22\ref/net8.0/System.ServiceProcess.dll
                 Private = 'false'
             C:\Program Files\dotnet\packs\Microsoft.NETCore.App.Ref\8.0.22\ref/net8.0/System.Text.Encoding.CodePages.dll
                 Private = 'false'
             C:\Program Files\dotnet\packs\Microsoft.NETCore.App.Ref\8.0.22\ref/net8.0/System.Text.Encoding.Extensions.dll
                 Private = 'false'
             C:\Program Files\dotnet\packs\Microsoft.NETCore.App.Ref\8.0.22\ref/net8.0/System.Text.Encoding.dll
                 Private = 'false'
             C:\Program Files\dotnet\packs\Microsoft.NETCore.App.Ref\8.0.22\ref/net8.0/System.Text.Encodings.Web.dll
                 Private = 'false'
   4:6>GenerateGlobalUsings:
         Skipping write to file "obj\Debug\net8.0\Magidesk.Infrastructure.GlobalUsings.g.cs" because content would not change.
   3:7>ResolveAssemblyReferences:
             C:\Program Files\dotnet\packs\Microsoft.NETCore.App.Ref\8.0.22\ref/net8.0/System.Text.Json.dll
   4:6>Done executing task "WriteLinesToFile".
   3:7>ResolveAssemblyReferences:
                 Private = 'false'
             C:\Program Files\dotnet\packs\Microsoft.NETCore.App.Ref\8.0.22\ref/net8.0/System.Text.RegularExpressions.dll
   4:6>Done building target "GenerateGlobalUsings" in project "Magidesk.Infrastructure.csproj".
   3:7>ResolveAssemblyReferences:
                 Private = 'false'
             C:\Program Files\dotnet\packs\Microsoft.NETCore.App.Ref\8.0.22\ref/net8.0/System.Threading.Channels.dll
   4:6>Target "BeforeResolveReferences" in file "C:\Program Files\dotnet\sdk\10.0.101\Microsoft.Common.CurrentVersion.targets" from project "C:\Users\giris\Documents\Code\Redesign-POS\Windows Based POS\Magidesk\Magidesk.Infrastructure\Magidesk.Infrastructure.csproj" (target "ResolveReferences" depends on it):
   4:6>Done building target "BeforeResolveReferences" in project "Magidesk.Infrastructure.csproj".
   3:7>ResolveAssemblyReferences:
                 Private = 'false'
   4:6>Target "IgnoreJavaScriptOutputAssembly" in file "C:\Program Files\dotnet\sdk\10.0.101\Microsoft.Common.CurrentVersion.targets" from project "C:\Users\giris\Documents\Code\Redesign-POS\Windows Based POS\Magidesk\Magidesk.Infrastructure\Magidesk.Infrastructure.csproj" (target "AssignProjectConfiguration" depends on it):
   4:6>Done building target "IgnoreJavaScriptOutputAssembly" in project "Magidesk.Infrastructure.csproj".
   3:7>ResolveAssemblyReferences:
             C:\Program Files\dotnet\packs\Microsoft.NETCore.App.Ref\8.0.22\ref/net8.0/System.Threading.Overlapped.dll
   4:6>Target "ProcessFrameworkReferences" skipped. Previously built successfully.
   4:6>Target "_DefaultMicrosoftNETPlatformLibrary" in file "C:\Program Files\dotnet\sdk\10.0.101\Sdks\Microsoft.NET.Sdk\targets\Microsoft.NET.Sdk.Shared.targets" from project "C:\Users\giris\Documents\Code\Redesign-POS\Windows Based POS\Magidesk\Magidesk.Infrastructure\Magidesk.Infrastructure.csproj" (target "ResolvePackageAssets" depends on it):
   4:6>Done building target "_DefaultMicrosoftNETPlatformLibrary" in project "Magidesk.Infrastructure.csproj".
   3:7>ResolveAssemblyReferences:
                 Private = 'false'
             C:\Program Files\dotnet\packs\Microsoft.NETCore.App.Ref\8.0.22\ref/net8.0/System.Threading.Tasks.Dataflow.dll
                 Private = 'false'
             C:\Program Files\dotnet\packs\Microsoft.NETCore.App.Ref\8.0.22\ref/net8.0/System.Threading.Tasks.Extensions.dll
                 Private = 'false'
             C:\Program Files\dotnet\packs\Microsoft.NETCore.App.Ref\8.0.22\ref/net8.0/System.Threading.Tasks.Parallel.dll
                 Private = 'false'
             C:\Program Files\dotnet\packs\Microsoft.NETCore.App.Ref\8.0.22\ref/net8.0/System.Threading.Tasks.dll
                 Private = 'false'
             C:\Program Files\dotnet\packs\Microsoft.NETCore.App.Ref\8.0.22\ref/net8.0/System.Threading.Thread.dll
                 Private = 'false'
             C:\Program Files\dotnet\packs\Microsoft.NETCore.App.Ref\8.0.22\ref/net8.0/System.Threading.ThreadPool.dll
   4:6>Target "_ComputePackageReferencePublish" in file "C:\Program Files\dotnet\sdk\10.0.101\Sdks\Microsoft.NET.Sdk\targets\Microsoft.NET.Sdk.Shared.targets" from project "C:\Users\giris\Documents\Code\Redesign-POS\Windows Based POS\Magidesk\Magidesk.Infrastructure\Magidesk.Infrastructure.csproj" (target "ResolvePackageAssets" depends on it):
   4:6>Done building target "_ComputePackageReferencePublish" in project "Magidesk.Infrastructure.csproj".
   3:7>ResolveAssemblyReferences:
                 Private = 'false'
             C:\Program Files\dotnet\packs\Microsoft.NETCore.App.Ref\8.0.22\ref/net8.0/System.Threading.Timer.dll
                 Private = 'false'
             C:\Program Files\dotnet\packs\Microsoft.NETCore.App.Ref\8.0.22\ref/net8.0/System.Threading.dll
                 Private = 'false'
             C:\Program Files\dotnet\packs\Microsoft.NETCore.App.Ref\8.0.22\ref/net8.0/System.Transactions.Local.dll
                 Private = 'false'
             C:\Program Files\dotnet\packs\Microsoft.NETCore.App.Ref\8.0.22\ref/net8.0/System.Transactions.dll
                 Private = 'false'
             C:\Program Files\dotnet\packs\Microsoft.NETCore.App.Ref\8.0.22\ref/net8.0/System.ValueTuple.dll
                 Private = 'false'
             C:\Program Files\dotnet\packs\Microsoft.NETCore.App.Ref\8.0.22\ref/net8.0/System.Web.HttpUtility.dll
                 Private = 'false'
             C:\Program Files\dotnet\packs\Microsoft.NETCore.App.Ref\8.0.22\ref/net8.0/System.Web.dll
                 Private = 'false'
   4:6>Target "ResolvePackageAssets" in file "C:\Program Files\dotnet\sdk\10.0.101\Sdks\Microsoft.NET.Sdk\targets\Microsoft.PackageDependencyResolution.targets" from project "C:\Users\giris\Documents\Code\Redesign-POS\Windows Based POS\Magidesk\Magidesk.Infrastructure\Magidesk.Infrastructure.csproj" (target "ResolveLockFileReferences" depends on it):
   4:6>Using "ResolvePackageAssets" task from assembly "C:\Program Files\dotnet\sdk\10.0.101\Sdks\Microsoft.NET.Sdk\targets\..\tools\net10.0\Microsoft.NET.Build.Tasks.dll".
       Task "ResolvePackageAssets"
   3:7>ResolveAssemblyReferences:
             C:\Program Files\dotnet\packs\Microsoft.NETCore.App.Ref\8.0.22\ref/net8.0/System.Windows.dll
                 Private = 'false'
             C:\Program Files\dotnet\packs\Microsoft.NETCore.App.Ref\8.0.22\ref/net8.0/System.Xml.Linq.dll
                 Private = 'false'
             C:\Program Files\dotnet\packs\Microsoft.NETCore.App.Ref\8.0.22\ref/net8.0/System.Xml.ReaderWriter.dll
                 Private = 'false'
             C:\Program Files\dotnet\packs\Microsoft.NETCore.App.Ref\8.0.22\ref/net8.0/System.Xml.Serialization.dll
                 Private = 'false'
             C:\Program Files\dotnet\packs\Microsoft.NETCore.App.Ref\8.0.22\ref/net8.0/System.Xml.XDocument.dll
                 Private = 'false'
             C:\Program Files\dotnet\packs\Microsoft.NETCore.App.Ref\8.0.22\ref/net8.0/System.Xml.XPath.XDocument.dll
                 Private = 'false'
             C:\Program Files\dotnet\packs\Microsoft.NETCore.App.Ref\8.0.22\ref/net8.0/System.Xml.XPath.dll
                 Private = 'false'
             C:\Program Files\dotnet\packs\Microsoft.NETCore.App.Ref\8.0.22\ref/net8.0/System.Xml.XmlDocument.dll
                 Private = 'false'
             C:\Program Files\dotnet\packs\Microsoft.NETCore.App.Ref\8.0.22\ref/net8.0/System.Xml.XmlSerializer.dll
                 Private = 'false'
             C:\Program Files\dotnet\packs\Microsoft.NETCore.App.Ref\8.0.22\ref/net8.0/System.Xml.dll
                 Private = 'false'
             C:\Program Files\dotnet\packs\Microsoft.NETCore.App.Ref\8.0.22\ref/net8.0/System.dll
                 Private = 'false'
             C:\Program Files\dotnet\packs\Microsoft.NETCore.App.Ref\8.0.22\ref/net8.0/WindowsBase.dll
                 Private = 'false'
             C:\Program Files\dotnet\packs\Microsoft.NETCore.App.Ref\8.0.22\ref/net8.0/mscorlib.dll
                 Private = 'false'
             C:\Program Files\dotnet\packs\Microsoft.NETCore.App.Ref\8.0.22\ref/net8.0/netstandard.dll
                 Private = 'false'
         AssemblyFiles:
         CandidateAssemblyFiles:
         TargetFrameworkDirectories:
             
         NonCultureResourceDirectories:
             
         InstalledAssemblyTables:
         IgnoreInstalledAssemblyTable:
             False
         SearchPaths:
             {CandidateAssemblyFiles}
             {HintPathFromItem}
             {TargetFrameworkDirectory}
             {RawFileName}
         AllowedAssemblyExtensions:
             .winmd
             .dll
             .exe
         AllowedRelatedFileExtensions:
             .pdb
             .xml
             .pri
             .dll.config
             .exe.config
         AppConfigFile:
             
         AutoUnify:
             True
         EnableCustomCulture:
             False
         EnableCustomCulture:
             False
         CopyLocalDependenciesWhenParentReferenceInGac:
             True
         FindDependencies:
   4:6>Done executing task "ResolvePackageAssets".
   3:7>ResolveAssemblyReferences:
             True
         TargetProcessorArchitecture:
             msil
   4:6>Done building target "ResolvePackageAssets" in project "Magidesk.Infrastructure.csproj".
   3:7>ResolveAssemblyReferences:
         StateFile:
             obj\Debug\net8.0\Magidesk.Domain.csproj.AssemblyReference.cache
         InstalledAssemblySubsetTables:
         IgnoreInstalledAssemblySubsetTable:
             False
         TargetFrameworkSubsets:
         FullTargetFrameworkSubsetNames:
             Full
   4:6>Target "ResolveLockFileReferences" in file "C:\Program Files\dotnet\sdk\10.0.101\Sdks\Microsoft.NET.Sdk\targets\Microsoft.PackageDependencyResolution.targets" from project "C:\Users\giris\Documents\Code\Redesign-POS\Windows Based POS\Magidesk\Magidesk.Infrastructure\Magidesk.Infrastructure.csproj" (target "ResolvePackageDependenciesForBuild" depends on it):
   4:6>Using "JoinItems" task from assembly "C:\Program Files\dotnet\sdk\10.0.101\Sdks\Microsoft.NET.Sdk\targets\..\tools\net10.0\Microsoft.NET.Build.Tasks.dll".
       Task "JoinItems"
   3:7>ResolveAssemblyReferences:
         ProfileName:
             
         FullFrameworkFolders:
         LatestTargetFrameworkDirectories:
         ProfileTablesLocation:
         Primary reference "Microsoft.CSharp, Version=8.0.0.0, Culture=neutral, PublicKeyToken=b03f5f7f11d50a3a".
             Resolved file path is "C:\Program Files\dotnet\packs\Microsoft.NETCore.App.Ref\8.0.22\ref\net8.0\Microsoft.CSharp.dll".
             Reference found at search path location "{RawFileName}".
             This reference is not "CopyLocal" because at least one source item had "Private" set to "false" and no source items had "Private" set to "true".
         Primary reference "Microsoft.VisualBasic.Core, Version=13.0.0.0, Culture=neutral, PublicKeyToken=b03f5f7f11d50a3a".
             Resolved file path is "C:\Program Files\dotnet\packs\Microsoft.NETCore.App.Ref\8.0.22\ref\net8.0\Microsoft.VisualBasic.Core.dll".
   4:6>Done executing task "JoinItems".
   3:7>ResolveAssemblyReferences:
             Reference found at search path location "{RawFileName}".
             This reference is not "CopyLocal" because at least one source item had "Private" set to "false" and no source items had "Private" set to "true".
         Primary reference "Microsoft.VisualBasic, Version=10.0.0.0, Culture=neutral, PublicKeyToken=b03f5f7f11d50a3a".
             Resolved file path is "C:\Program Files\dotnet\packs\Microsoft.NETCore.App.Ref\8.0.22\ref\net8.0\Microsoft.VisualBasic.dll".
   4:6>Done building target "ResolveLockFileReferences" in project "Magidesk.Infrastructure.csproj".
       Target "ResolvePackageAssets" skipped. Previously built successfully.
   3:7>ResolveAssemblyReferences:
             Reference found at search path location "{RawFileName}".
   4:6>Target "ResolveLockFileAnalyzers" in file "C:\Program Files\dotnet\sdk\10.0.101\Sdks\Microsoft.NET.Sdk\targets\Microsoft.PackageDependencyResolution.targets" from project "C:\Users\giris\Documents\Code\Redesign-POS\Windows Based POS\Magidesk\Magidesk.Infrastructure\Magidesk.Infrastructure.csproj" (target "ResolvePackageDependenciesForBuild" depends on it):
   4:6>Done building target "ResolveLockFileAnalyzers" in project "Magidesk.Infrastructure.csproj".
       Target "ResolvePackageAssets" skipped. Previously built successfully.
   3:7>ResolveAssemblyReferences:
             This reference is not "CopyLocal" because at least one source item had "Private" set to "false" and no source items had "Private" set to "true".
         Primary reference "Microsoft.Win32.Primitives, Version=8.0.0.0, Culture=neutral, PublicKeyToken=b03f5f7f11d50a3a".
             Resolved file path is "C:\Program Files\dotnet\packs\Microsoft.NETCore.App.Ref\8.0.22\ref\net8.0\Microsoft.Win32.Primitives.dll".
             Reference found at search path location "{RawFileName}".
             This reference is not "CopyLocal" because at least one source item had "Private" set to "false" and no source items had "Private" set to "true".
         Primary reference "Microsoft.Win32.Registry, Version=8.0.0.0, Culture=neutral, PublicKeyToken=b03f5f7f11d50a3a".
             Resolved file path is "C:\Program Files\dotnet\packs\Microsoft.NETCore.App.Ref\8.0.22\ref\net8.0\Microsoft.Win32.Registry.dll".
   4:6>Target "ResolveLockFileCopyLocalFiles" in file "C:\Program Files\dotnet\sdk\10.0.101\Sdks\Microsoft.NET.Sdk\targets\Microsoft.PackageDependencyResolution.targets" from project "C:\Users\giris\Documents\Code\Redesign-POS\Windows Based POS\Magidesk\Magidesk.Infrastructure\Magidesk.Infrastructure.csproj" (target "ResolvePackageDependenciesForBuild" depends on it):
   4:6>Done building target "ResolveLockFileCopyLocalFiles" in project "Magidesk.Infrastructure.csproj".
       Target "ResolvePackageAssets" skipped. Previously built successfully.
   4:6>Target "IncludeTransitiveProjectReferences" in file "C:\Program Files\dotnet\sdk\10.0.101\Sdks\Microsoft.NET.Sdk\targets\Microsoft.PackageDependencyResolution.targets" from project "C:\Users\giris\Documents\Code\Redesign-POS\Windows Based POS\Magidesk\Magidesk.Infrastructure\Magidesk.Infrastructure.csproj" (target "ResolvePackageDependenciesForBuild" depends on it):
   4:6>Done building target "IncludeTransitiveProjectReferences" in project "Magidesk.Infrastructure.csproj".
   4:6>Target "ResolvePackageDependenciesForBuild" in file "C:\Program Files\dotnet\sdk\10.0.101\Sdks\Microsoft.NET.Sdk\targets\Microsoft.PackageDependencyResolution.targets" from project "C:\Users\giris\Documents\Code\Redesign-POS\Windows Based POS\Magidesk\Magidesk.Infrastructure\Magidesk.Infrastructure.csproj" (target "AssignProjectConfiguration" depends on it):
   4:6>Done building target "ResolvePackageDependenciesForBuild" in project "Magidesk.Infrastructure.csproj".
   3:7>ResolveAssemblyReferences:
             Reference found at search path location "{RawFileName}".
             This reference is not "CopyLocal" because at least one source item had "Private" set to "false" and no source items had "Private" set to "true".
         Primary reference "System.AppContext, Version=8.0.0.0, Culture=neutral, PublicKeyToken=b03f5f7f11d50a3a".
             Resolved file path is "C:\Program Files\dotnet\packs\Microsoft.NETCore.App.Ref\8.0.22\ref\net8.0\System.AppContext.dll".
             Reference found at search path location "{RawFileName}".
             This reference is not "CopyLocal" because at least one source item had "Private" set to "false" and no source items had "Private" set to "true".
         Primary reference "System.Buffers, Version=8.0.0.0, Culture=neutral, PublicKeyToken=cc7b13ffcd2ddd51".
   4:6>Target "AssignProjectConfiguration" in file "C:\Program Files\dotnet\sdk\10.0.101\Microsoft.Common.CurrentVersion.targets" from project "C:\Users\giris\Documents\Code\Redesign-POS\Windows Based POS\Magidesk\Magidesk.Infrastructure\Magidesk.Infrastructure.csproj" (target "ResolveReferences" depends on it):
   4:6>Using "AssignProjectConfiguration" task from assembly "Microsoft.Build.Tasks.Core, Version=15.1.0.0, Culture=neutral, PublicKeyToken=b03f5f7f11d50a3a".
       Task "AssignProjectConfiguration"
   3:7>ResolveAssemblyReferences:
             Resolved file path is "C:\Program Files\dotnet\packs\Microsoft.NETCore.App.Ref\8.0.22\ref\net8.0\System.Buffers.dll".
             Reference found at search path location "{RawFileName}".
             This reference is not "CopyLocal" because at least one source item had "Private" set to "false" and no source items had "Private" set to "true".
         Primary reference "System.Collections.Concurrent, Version=8.0.0.0, Culture=neutral, PublicKeyToken=b03f5f7f11d50a3a".
             Resolved file path is "C:\Program Files\dotnet\packs\Microsoft.NETCore.App.Ref\8.0.22\ref\net8.0\System.Collections.Concurrent.dll".
             Reference found at search path location "{RawFileName}".
             This reference is not "CopyLocal" because at least one source item had "Private" set to "false" and no source items had "Private" set to "true".
         Primary reference "System.Collections.Immutable, Version=8.0.0.0, Culture=neutral, PublicKeyToken=b03f5f7f11d50a3a".
             Resolved file path is "C:\Program Files\dotnet\packs\Microsoft.NETCore.App.Ref\8.0.22\ref\net8.0\System.Collections.Immutable.dll".
             Reference found at search path location "{RawFileName}".
             This reference is not "CopyLocal" because at least one source item had "Private" set to "false" and no source items had "Private" set to "true".
   4:6>AssignProjectConfiguration:
         Project reference "..\Magidesk.Application\Magidesk.Application.csproj" has not been resolved.
         Project reference "..\Magidesk.Domain\Magidesk.Domain.csproj" has not been resolved.
   3:7>ResolveAssemblyReferences:
         Primary reference "System.Collections.NonGeneric, Version=8.0.0.0, Culture=neutral, PublicKeyToken=b03f5f7f11d50a3a".
             Resolved file path is "C:\Program Files\dotnet\packs\Microsoft.NETCore.App.Ref\8.0.22\ref\net8.0\System.Collections.NonGeneric.dll".
             Reference found at search path location "{RawFileName}".
             This reference is not "CopyLocal" because at least one source item had "Private" set to "false" and no source items had "Private" set to "true".
         Primary reference "System.Collections.Specialized, Version=8.0.0.0, Culture=neutral, PublicKeyToken=b03f5f7f11d50a3a".
             Resolved file path is "C:\Program Files\dotnet\packs\Microsoft.NETCore.App.Ref\8.0.22\ref\net8.0\System.Collections.Specialized.dll".
   4:6>Done executing task "AssignProjectConfiguration".
   3:7>ResolveAssemblyReferences:
             Reference found at search path location "{RawFileName}".
             This reference is not "CopyLocal" because at least one source item had "Private" set to "false" and no source items had "Private" set to "true".
         Primary reference "System.Collections, Version=8.0.0.0, Culture=neutral, PublicKeyToken=b03f5f7f11d50a3a".
             Resolved file path is "C:\Program Files\dotnet\packs\Microsoft.NETCore.App.Ref\8.0.22\ref\net8.0\System.Collections.dll".
             Reference found at search path location "{RawFileName}".
   4:6>Done building target "AssignProjectConfiguration" in project "Magidesk.Infrastructure.csproj".
   3:7>ResolveAssemblyReferences:
             This reference is not "CopyLocal" because at least one source item had "Private" set to "false" and no source items had "Private" set to "true".
   4:6>Target "AssignProjectConfiguration" skipped. Previously built successfully.
   3:7>ResolveAssemblyReferences:
         Primary reference "System.ComponentModel.Annotations, Version=8.0.0.0, Culture=neutral, PublicKeyToken=b03f5f7f11d50a3a".
             Resolved file path is "C:\Program Files\dotnet\packs\Microsoft.NETCore.App.Ref\8.0.22\ref\net8.0\System.ComponentModel.Annotations.dll".
             Reference found at search path location "{RawFileName}".
             This reference is not "CopyLocal" because at least one source item had "Private" set to "false" and no source items had "Private" set to "true".
         Primary reference "System.ComponentModel.DataAnnotations, Version=4.0.0.0, Culture=neutral, PublicKeyToken=31bf3856ad364e35".
             Resolved file path is "C:\Program Files\dotnet\packs\Microsoft.NETCore.App.Ref\8.0.22\ref\net8.0\System.ComponentModel.DataAnnotations.dll".
             Reference found at search path location "{RawFileName}".
             This reference is not "CopyLocal" because at least one source item had "Private" set to "false" and no source items had "Private" set to "true".
         Primary reference "System.ComponentModel.EventBasedAsync, Version=8.0.0.0, Culture=neutral, PublicKeyToken=b03f5f7f11d50a3a".
             Resolved file path is "C:\Program Files\dotnet\packs\Microsoft.NETCore.App.Ref\8.0.22\ref\net8.0\System.ComponentModel.EventBasedAsync.dll".
   4:6>Target "_SplitProjectReferencesByFileExistence" in file "C:\Program Files\dotnet\sdk\10.0.101\Microsoft.Common.CurrentVersion.targets" from project "C:\Users\giris\Documents\Code\Redesign-POS\Windows Based POS\Magidesk\Magidesk.Infrastructure\Magidesk.Infrastructure.csproj" (target "PrepareProjectReferences" depends on it):
   4:6>Done building target "_SplitProjectReferencesByFileExistence" in project "Magidesk.Infrastructure.csproj".
   3:7>ResolveAssemblyReferences:
             Reference found at search path location "{RawFileName}".
   4:6>Target "_AddOutputPathToGlobalPropertiesToRemove" in file "C:\Program Files\dotnet\sdk\10.0.101\Microsoft.Common.CurrentVersion.targets" from project "C:\Users\giris\Documents\Code\Redesign-POS\Windows Based POS\Magidesk\Magidesk.Infrastructure\Magidesk.Infrastructure.csproj" (target "_GetProjectReferenceTargetFrameworkProperties" depends on it):
   4:6>Done building target "_AddOutputPathToGlobalPropertiesToRemove" in project "Magidesk.Infrastructure.csproj".
   3:7>ResolveAssemblyReferences:
             This reference is not "CopyLocal" because at least one source item had "Private" set to "false" and no source items had "Private" set to "true".
         Primary reference "System.ComponentModel.Primitives, Version=8.0.0.0, Culture=neutral, PublicKeyToken=b03f5f7f11d50a3a".
             Resolved file path is "C:\Program Files\dotnet\packs\Microsoft.NETCore.App.Ref\8.0.22\ref\net8.0\System.ComponentModel.Primitives.dll".
             Reference found at search path location "{RawFileName}".
             This reference is not "CopyLocal" because at least one source item had "Private" set to "false" and no source items had "Private" set to "true".
         Primary reference "System.ComponentModel.TypeConverter, Version=8.0.0.0, Culture=neutral, PublicKeyToken=b03f5f7f11d50a3a".
   4:6>Target "_GetProjectReferenceTargetFrameworkProperties" in file "C:\Program Files\dotnet\sdk\10.0.101\Microsoft.Common.CurrentVersion.targets" from project "C:\Users\giris\Documents\Code\Redesign-POS\Windows Based POS\Magidesk\Magidesk.Infrastructure\Magidesk.Infrastructure.csproj" (target "PrepareProjectReferences" depends on it):
   4:6>Task "MSBuild"
   3:7>ResolveAssemblyReferences:
             Resolved file path is "C:\Program Files\dotnet\packs\Microsoft.NETCore.App.Ref\8.0.22\ref\net8.0\System.ComponentModel.TypeConverter.dll".
             Reference found at search path location "{RawFileName}".
             This reference is not "CopyLocal" because at least one source item had "Private" set to "false" and no source items had "Private" set to "true".
         Primary reference "System.ComponentModel, Version=8.0.0.0, Culture=neutral, PublicKeyToken=b03f5f7f11d50a3a".
             Resolved file path is "C:\Program Files\dotnet\packs\Microsoft.NETCore.App.Ref\8.0.22\ref\net8.0\System.ComponentModel.dll".
             Reference found at search path location "{RawFileName}".
             This reference is not "CopyLocal" because at least one source item had "Private" set to "false" and no source items had "Private" set to "true".
   4:6>_GetProjectReferenceTargetFrameworkProperties:
         Removing Properties:
   3:7>ResolveAssemblyReferences:
         Primary reference "System.Configuration, Version=4.0.0.0, Culture=neutral, PublicKeyToken=b03f5f7f11d50a3a".
   4:6>_GetProjectReferenceTargetFrameworkProperties:
           TargetFramework
   3:7>ResolveAssemblyReferences:
             Resolved file path is "C:\Program Files\dotnet\packs\Microsoft.NETCore.App.Ref\8.0.22\ref\net8.0\System.Configuration.dll".
             Reference found at search path location "{RawFileName}".
             This reference is not "CopyLocal" because at least one source item had "Private" set to "false" and no source items had "Private" set to "true".
         Primary reference "System.Console, Version=8.0.0.0, Culture=neutral, PublicKeyToken=b03f5f7f11d50a3a".
             Resolved file path is "C:\Program Files\dotnet\packs\Microsoft.NETCore.App.Ref\8.0.22\ref\net8.0\System.Console.dll".
             Reference found at search path location "{RawFileName}".
             This reference is not "CopyLocal" because at least one source item had "Private" set to "false" and no source items had "Private" set to "true".
         Primary reference "System.Core, Version=4.0.0.0, Culture=neutral, PublicKeyToken=b77a5c561934e089".
             Resolved file path is "C:\Program Files\dotnet\packs\Microsoft.NETCore.App.Ref\8.0.22\ref\net8.0\System.Core.dll".
             Reference found at search path location "{RawFileName}".
             This reference is not "CopyLocal" because at least one source item had "Private" set to "false" and no source items had "Private" set to "true".
         Primary reference "System.Data.Common, Version=8.0.0.0, Culture=neutral, PublicKeyToken=b03f5f7f11d50a3a".
             Resolved file path is "C:\Program Files\dotnet\packs\Microsoft.NETCore.App.Ref\8.0.22\ref\net8.0\System.Data.Common.dll".
             Reference found at search path location "{RawFileName}".
             This reference is not "CopyLocal" because at least one source item had "Private" set to "false" and no source items had "Private" set to "true".
         Primary reference "System.Data.DataSetExtensions, Version=8.0.0.0, Culture=neutral, PublicKeyToken=b77a5c561934e089".
             Resolved file path is "C:\Program Files\dotnet\packs\Microsoft.NETCore.App.Ref\8.0.22\ref\net8.0\System.Data.DataSetExtensions.dll".
             Reference found at search path location "{RawFileName}".
             This reference is not "CopyLocal" because at least one source item had "Private" set to "false" and no source items had "Private" set to "true".
         Primary reference "System.Data, Version=4.0.0.0, Culture=neutral, PublicKeyToken=b77a5c561934e089".
             Resolved file path is "C:\Program Files\dotnet\packs\Microsoft.NETCore.App.Ref\8.0.22\ref\net8.0\System.Data.dll".
             Reference found at search path location "{RawFileName}".
             This reference is not "CopyLocal" because at least one source item had "Private" set to "false" and no source items had "Private" set to "true".
         Primary reference "System.Diagnostics.Contracts, Version=8.0.0.0, Culture=neutral, PublicKeyToken=b03f5f7f11d50a3a".
             Resolved file path is "C:\Program Files\dotnet\packs\Microsoft.NETCore.App.Ref\8.0.22\ref\net8.0\System.Diagnostics.Contracts.dll".
             Reference found at search path location "{RawFileName}".
   4:6>_GetProjectReferenceTargetFrameworkProperties:
           RuntimeIdentifier
           SelfContained
   3:7>ResolveAssemblyReferences:
             This reference is not "CopyLocal" because at least one source item had "Private" set to "false" and no source items had "Private" set to "true".
         Primary reference "System.Diagnostics.Debug, Version=8.0.0.0, Culture=neutral, PublicKeyToken=b03f5f7f11d50a3a".
             Resolved file path is "C:\Program Files\dotnet\packs\Microsoft.NETCore.App.Ref\8.0.22\ref\net8.0\System.Diagnostics.Debug.dll".
             Reference found at search path location "{RawFileName}".
             This reference is not "CopyLocal" because at least one source item had "Private" set to "false" and no source items had "Private" set to "true".
         Primary reference "System.Diagnostics.DiagnosticSource, Version=8.0.0.0, Culture=neutral, PublicKeyToken=cc7b13ffcd2ddd51".
             Resolved file path is "C:\Program Files\dotnet\packs\Microsoft.NETCore.App.Ref\8.0.22\ref\net8.0\System.Diagnostics.DiagnosticSource.dll".
             Reference found at search path location "{RawFileName}".
             This reference is not "CopyLocal" because at least one source item had "Private" set to "false" and no source items had "Private" set to "true".
   4:6>Project "C:\Users\giris\Documents\Code\Redesign-POS\Windows Based POS\Magidesk\Magidesk.Infrastructure\Magidesk.Infrastructure.csproj" (4:6) is building "C:\Users\giris\Documents\Code\Redesign-POS\Windows Based POS\Magidesk\Magidesk.Application\Magidesk.Application.csproj" (2:8) on node 1 (GetTargetFrameworks target(s)).
   2:8>Target "GetTargetFrameworks" skipped. Previously built successfully.
   2:8>Done Building Project "C:\Users\giris\Documents\Code\Redesign-POS\Windows Based POS\Magidesk\Magidesk.Application\Magidesk.Application.csproj" (GetTargetFrameworks target(s)).
   4:6>Project "C:\Users\giris\Documents\Code\Redesign-POS\Windows Based POS\Magidesk\Magidesk.Infrastructure\Magidesk.Infrastructure.csproj" (4:6) is building "C:\Users\giris\Documents\Code\Redesign-POS\Windows Based POS\Magidesk\Magidesk.Domain\Magidesk.Domain.csproj" (3:9) on node 1 (GetTargetFrameworks target(s)).
   3:9>Target "GetTargetFrameworks" skipped. Previously built successfully.
   3:9>Done Building Project "C:\Users\giris\Documents\Code\Redesign-POS\Windows Based POS\Magidesk\Magidesk.Domain\Magidesk.Domain.csproj" (GetTargetFrameworks target(s)).
   3:7>ResolveAssemblyReferences:
         Primary reference "System.Diagnostics.FileVersionInfo, Version=8.0.0.0, Culture=neutral, PublicKeyToken=b03f5f7f11d50a3a".
             Resolved file path is "C:\Program Files\dotnet\packs\Microsoft.NETCore.App.Ref\8.0.22\ref\net8.0\System.Diagnostics.FileVersionInfo.dll".
             Reference found at search path location "{RawFileName}".
             This reference is not "CopyLocal" because at least one source item had "Private" set to "false" and no source items had "Private" set to "true".
         Primary reference "System.Diagnostics.Process, Version=8.0.0.0, Culture=neutral, PublicKeyToken=b03f5f7f11d50a3a".
   4:6>Done executing task "MSBuild".
   3:7>ResolveAssemblyReferences:
             Resolved file path is "C:\Program Files\dotnet\packs\Microsoft.NETCore.App.Ref\8.0.22\ref\net8.0\System.Diagnostics.Process.dll".
             Reference found at search path location "{RawFileName}".
             This reference is not "CopyLocal" because at least one source item had "Private" set to "false" and no source items had "Private" set to "true".
         Primary reference "System.Diagnostics.StackTrace, Version=8.0.0.0, Culture=neutral, PublicKeyToken=b03f5f7f11d50a3a".
             Resolved file path is "C:\Program Files\dotnet\packs\Microsoft.NETCore.App.Ref\8.0.22\ref\net8.0\System.Diagnostics.StackTrace.dll".
             Reference found at search path location "{RawFileName}".
             This reference is not "CopyLocal" because at least one source item had "Private" set to "false" and no source items had "Private" set to "true".
         Primary reference "System.Diagnostics.TextWriterTraceListener, Version=8.0.0.0, Culture=neutral, PublicKeyToken=b03f5f7f11d50a3a".
             Resolved file path is "C:\Program Files\dotnet\packs\Microsoft.NETCore.App.Ref\8.0.22\ref\net8.0\System.Diagnostics.TextWriterTraceListener.dll".
             Reference found at search path location "{RawFileName}".
             This reference is not "CopyLocal" because at least one source item had "Private" set to "false" and no source items had "Private" set to "true".
   4:6>_GetProjectReferenceTargetFrameworkProperties:
       Using "GetReferenceNearestTargetFrameworkTask" task from assembly "C:\Program Files\dotnet\sdk\10.0.101\NuGet.Build.Tasks.dll".
       Task "GetReferenceNearestTargetFrameworkTask"
   3:7>ResolveAssemblyReferences:
         Primary reference "System.Diagnostics.Tools, Version=8.0.0.0, Culture=neutral, PublicKeyToken=b03f5f7f11d50a3a".
             Resolved file path is "C:\Program Files\dotnet\packs\Microsoft.NETCore.App.Ref\8.0.22\ref\net8.0\System.Diagnostics.Tools.dll".
             Reference found at search path location "{RawFileName}".
             This reference is not "CopyLocal" because at least one source item had "Private" set to "false" and no source items had "Private" set to "true".
         Primary reference "System.Diagnostics.TraceSource, Version=8.0.0.0, Culture=neutral, PublicKeyToken=b03f5f7f11d50a3a".
             Resolved file path is "C:\Program Files\dotnet\packs\Microsoft.NETCore.App.Ref\8.0.22\ref\net8.0\System.Diagnostics.TraceSource.dll".
             Reference found at search path location "{RawFileName}".
             This reference is not "CopyLocal" because at least one source item had "Private" set to "false" and no source items had "Private" set to "true".
         Primary reference "System.Diagnostics.Tracing, Version=8.0.0.0, Culture=neutral, PublicKeyToken=b03f5f7f11d50a3a".
             Resolved file path is "C:\Program Files\dotnet\packs\Microsoft.NETCore.App.Ref\8.0.22\ref\net8.0\System.Diagnostics.Tracing.dll".
             Reference found at search path location "{RawFileName}".
             This reference is not "CopyLocal" because at least one source item had "Private" set to "false" and no source items had "Private" set to "true".
         Primary reference "System.Drawing.Primitives, Version=8.0.0.0, Culture=neutral, PublicKeyToken=b03f5f7f11d50a3a".
             Resolved file path is "C:\Program Files\dotnet\packs\Microsoft.NETCore.App.Ref\8.0.22\ref\net8.0\System.Drawing.Primitives.dll".
             Reference found at search path location "{RawFileName}".
             This reference is not "CopyLocal" because at least one source item had "Private" set to "false" and no source items had "Private" set to "true".
         Primary reference "System.Drawing, Version=4.0.0.0, Culture=neutral, PublicKeyToken=b03f5f7f11d50a3a".
             Resolved file path is "C:\Program Files\dotnet\packs\Microsoft.NETCore.App.Ref\8.0.22\ref\net8.0\System.Drawing.dll".
             Reference found at search path location "{RawFileName}".
             This reference is not "CopyLocal" because at least one source item had "Private" set to "false" and no source items had "Private" set to "true".
         Primary reference "System.Dynamic.Runtime, Version=8.0.0.0, Culture=neutral, PublicKeyToken=b03f5f7f11d50a3a".
             Resolved file path is "C:\Program Files\dotnet\packs\Microsoft.NETCore.App.Ref\8.0.22\ref\net8.0\System.Dynamic.Runtime.dll".
             Reference found at search path location "{RawFileName}".
             This reference is not "CopyLocal" because at least one source item had "Private" set to "false" and no source items had "Private" set to "true".
         Primary reference "System.Formats.Asn1, Version=8.0.0.0, Culture=neutral, PublicKeyToken=cc7b13ffcd2ddd51".
             Resolved file path is "C:\Program Files\dotnet\packs\Microsoft.NETCore.App.Ref\8.0.22\ref\net8.0\System.Formats.Asn1.dll".
             Reference found at search path location "{RawFileName}".
             This reference is not "CopyLocal" because at least one source item had "Private" set to "false" and no source items had "Private" set to "true".
         Primary reference "System.Formats.Tar, Version=8.0.0.0, Culture=neutral, PublicKeyToken=cc7b13ffcd2ddd51".
             Resolved file path is "C:\Program Files\dotnet\packs\Microsoft.NETCore.App.Ref\8.0.22\ref\net8.0\System.Formats.Tar.dll".
             Reference found at search path location "{RawFileName}".
             This reference is not "CopyLocal" because at least one source item had "Private" set to "false" and no source items had "Private" set to "true".
         Primary reference "System.Globalization.Calendars, Version=8.0.0.0, Culture=neutral, PublicKeyToken=b03f5f7f11d50a3a".
             Resolved file path is "C:\Program Files\dotnet\packs\Microsoft.NETCore.App.Ref\8.0.22\ref\net8.0\System.Globalization.Calendars.dll".
             Reference found at search path location "{RawFileName}".
             This reference is not "CopyLocal" because at least one source item had "Private" set to "false" and no source items had "Private" set to "true".
         Primary reference "System.Globalization.Extensions, Version=8.0.0.0, Culture=neutral, PublicKeyToken=b03f5f7f11d50a3a".
             Resolved file path is "C:\Program Files\dotnet\packs\Microsoft.NETCore.App.Ref\8.0.22\ref\net8.0\System.Globalization.Extensions.dll".
             Reference found at search path location "{RawFileName}".
             This reference is not "CopyLocal" because at least one source item had "Private" set to "false" and no source items had "Private" set to "true".
         Primary reference "System.Globalization, Version=8.0.0.0, Culture=neutral, PublicKeyToken=b03f5f7f11d50a3a".
             Resolved file path is "C:\Program Files\dotnet\packs\Microsoft.NETCore.App.Ref\8.0.22\ref\net8.0\System.Globalization.dll".
             Reference found at search path location "{RawFileName}".
             This reference is not "CopyLocal" because at least one source item had "Private" set to "false" and no source items had "Private" set to "true".
         Primary reference "System.IO.Compression.Brotli, Version=8.0.0.0, Culture=neutral, PublicKeyToken=b77a5c561934e089".
             Resolved file path is "C:\Program Files\dotnet\packs\Microsoft.NETCore.App.Ref\8.0.22\ref\net8.0\System.IO.Compression.Brotli.dll".
             Reference found at search path location "{RawFileName}".
             This reference is not "CopyLocal" because at least one source item had "Private" set to "false" and no source items had "Private" set to "true".
         Primary reference "System.IO.Compression.FileSystem, Version=4.0.0.0, Culture=neutral, PublicKeyToken=b77a5c561934e089".
             Resolved file path is "C:\Program Files\dotnet\packs\Microsoft.NETCore.App.Ref\8.0.22\ref\net8.0\System.IO.Compression.FileSystem.dll".
             Reference found at search path location "{RawFileName}".
             This reference is not "CopyLocal" because at least one source item had "Private" set to "false" and no source items had "Private" set to "true".
         Primary reference "System.IO.Compression.ZipFile, Version=8.0.0.0, Culture=neutral, PublicKeyToken=b77a5c561934e089".
             Resolved file path is "C:\Program Files\dotnet\packs\Microsoft.NETCore.App.Ref\8.0.22\ref\net8.0\System.IO.Compression.ZipFile.dll".
             Reference found at search path location "{RawFileName}".
             This reference is not "CopyLocal" because at least one source item had "Private" set to "false" and no source items had "Private" set to "true".
         Primary reference "System.IO.Compression, Version=8.0.0.0, Culture=neutral, PublicKeyToken=b77a5c561934e089".
             Resolved file path is "C:\Program Files\dotnet\packs\Microsoft.NETCore.App.Ref\8.0.22\ref\net8.0\System.IO.Compression.dll".
             Reference found at search path location "{RawFileName}".
             This reference is not "CopyLocal" because at least one source item had "Private" set to "false" and no source items had "Private" set to "true".
         Primary reference "System.IO.FileSystem.AccessControl, Version=8.0.0.0, Culture=neutral, PublicKeyToken=b03f5f7f11d50a3a".
             Resolved file path is "C:\Program Files\dotnet\packs\Microsoft.NETCore.App.Ref\8.0.22\ref\net8.0\System.IO.FileSystem.AccessControl.dll".
             Reference found at search path location "{RawFileName}".
             This reference is not "CopyLocal" because at least one source item had "Private" set to "false" and no source items had "Private" set to "true".
         Primary reference "System.IO.FileSystem.DriveInfo, Version=8.0.0.0, Culture=neutral, PublicKeyToken=b03f5f7f11d50a3a".
             Resolved file path is "C:\Program Files\dotnet\packs\Microsoft.NETCore.App.Ref\8.0.22\ref\net8.0\System.IO.FileSystem.DriveInfo.dll".
             Reference found at search path location "{RawFileName}".
             This reference is not "CopyLocal" because at least one source item had "Private" set to "false" and no source items had "Private" set to "true".
         Primary reference "System.IO.FileSystem.Primitives, Version=8.0.0.0, Culture=neutral, PublicKeyToken=b03f5f7f11d50a3a".
             Resolved file path is "C:\Program Files\dotnet\packs\Microsoft.NETCore.App.Ref\8.0.22\ref\net8.0\System.IO.FileSystem.Primitives.dll".
             Reference found at search path location "{RawFileName}".
             This reference is not "CopyLocal" because at least one source item had "Private" set to "false" and no source items had "Private" set to "true".
         Primary reference "System.IO.FileSystem.Watcher, Version=8.0.0.0, Culture=neutral, PublicKeyToken=b03f5f7f11d50a3a".
             Resolved file path is "C:\Program Files\dotnet\packs\Microsoft.NETCore.App.Ref\8.0.22\ref\net8.0\System.IO.FileSystem.Watcher.dll".
             Reference found at search path location "{RawFileName}".
             This reference is not "CopyLocal" because at least one source item had "Private" set to "false" and no source items had "Private" set to "true".
         Primary reference "System.IO.FileSystem, Version=8.0.0.0, Culture=neutral, PublicKeyToken=b03f5f7f11d50a3a".
             Resolved file path is "C:\Program Files\dotnet\packs\Microsoft.NETCore.App.Ref\8.0.22\ref\net8.0\System.IO.FileSystem.dll".
             Reference found at search path location "{RawFileName}".
             This reference is not "CopyLocal" because at least one source item had "Private" set to "false" and no source items had "Private" set to "true".
         Primary reference "System.IO.IsolatedStorage, Version=8.0.0.0, Culture=neutral, PublicKeyToken=b03f5f7f11d50a3a".
             Resolved file path is "C:\Program Files\dotnet\packs\Microsoft.NETCore.App.Ref\8.0.22\ref\net8.0\System.IO.IsolatedStorage.dll".
             Reference found at search path location "{RawFileName}".
             This reference is not "CopyLocal" because at least one source item had "Private" set to "false" and no source items had "Private" set to "true".
         Primary reference "System.IO.MemoryMappedFiles, Version=8.0.0.0, Culture=neutral, PublicKeyToken=b03f5f7f11d50a3a".
             Resolved file path is "C:\Program Files\dotnet\packs\Microsoft.NETCore.App.Ref\8.0.22\ref\net8.0\System.IO.MemoryMappedFiles.dll".
             Reference found at search path location "{RawFileName}".
             This reference is not "CopyLocal" because at least one source item had "Private" set to "false" and no source items had "Private" set to "true".
         Primary reference "System.IO.Pipes.AccessControl, Version=8.0.0.0, Culture=neutral, PublicKeyToken=b03f5f7f11d50a3a".
             Resolved file path is "C:\Program Files\dotnet\packs\Microsoft.NETCore.App.Ref\8.0.22\ref\net8.0\System.IO.Pipes.AccessControl.dll".
             Reference found at search path location "{RawFileName}".
             This reference is not "CopyLocal" because at least one source item had "Private" set to "false" and no source items had "Private" set to "true".
         Primary reference "System.IO.Pipes, Version=8.0.0.0, Culture=neutral, PublicKeyToken=b03f5f7f11d50a3a".
             Resolved file path is "C:\Program Files\dotnet\packs\Microsoft.NETCore.App.Ref\8.0.22\ref\net8.0\System.IO.Pipes.dll".
             Reference found at search path location "{RawFileName}".
             This reference is not "CopyLocal" because at least one source item had "Private" set to "false" and no source items had "Private" set to "true".
         Primary reference "System.IO.UnmanagedMemoryStream, Version=8.0.0.0, Culture=neutral, PublicKeyToken=b03f5f7f11d50a3a".
             Resolved file path is "C:\Program Files\dotnet\packs\Microsoft.NETCore.App.Ref\8.0.22\ref\net8.0\System.IO.UnmanagedMemoryStream.dll".
             Reference found at search path location "{RawFileName}".
             This reference is not "CopyLocal" because at least one source item had "Private" set to "false" and no source items had "Private" set to "true".
         Primary reference "System.IO, Version=8.0.0.0, Culture=neutral, PublicKeyToken=b03f5f7f11d50a3a".
             Resolved file path is "C:\Program Files\dotnet\packs\Microsoft.NETCore.App.Ref\8.0.22\ref\net8.0\System.IO.dll".
             Reference found at search path location "{RawFileName}".
             This reference is not "CopyLocal" because at least one source item had "Private" set to "false" and no source items had "Private" set to "true".
         Primary reference "System.Linq.Expressions, Version=8.0.0.0, Culture=neutral, PublicKeyToken=b03f5f7f11d50a3a".
             Resolved file path is "C:\Program Files\dotnet\packs\Microsoft.NETCore.App.Ref\8.0.22\ref\net8.0\System.Linq.Expressions.dll".
             Reference found at search path location "{RawFileName}".
             This reference is not "CopyLocal" because at least one source item had "Private" set to "false" and no source items had "Private" set to "true".
         Primary reference "System.Linq.Parallel, Version=8.0.0.0, Culture=neutral, PublicKeyToken=b03f5f7f11d50a3a".
             Resolved file path is "C:\Program Files\dotnet\packs\Microsoft.NETCore.App.Ref\8.0.22\ref\net8.0\System.Linq.Parallel.dll".
             Reference found at search path location "{RawFileName}".
             This reference is not "CopyLocal" because at least one source item had "Private" set to "false" and no source items had "Private" set to "true".
         Primary reference "System.Linq.Queryable, Version=8.0.0.0, Culture=neutral, PublicKeyToken=b03f5f7f11d50a3a".
             Resolved file path is "C:\Program Files\dotnet\packs\Microsoft.NETCore.App.Ref\8.0.22\ref\net8.0\System.Linq.Queryable.dll".
             Reference found at search path location "{RawFileName}".
             This reference is not "CopyLocal" because at least one source item had "Private" set to "false" and no source items had "Private" set to "true".
         Primary reference "System.Linq, Version=8.0.0.0, Culture=neutral, PublicKeyToken=b03f5f7f11d50a3a".
             Resolved file path is "C:\Program Files\dotnet\packs\Microsoft.NETCore.App.Ref\8.0.22\ref\net8.0\System.Linq.dll".
             Reference found at search path location "{RawFileName}".
             This reference is not "CopyLocal" because at least one source item had "Private" set to "false" and no source items had "Private" set to "true".
         Primary reference "System.Memory, Version=8.0.0.0, Culture=neutral, PublicKeyToken=cc7b13ffcd2ddd51".
             Resolved file path is "C:\Program Files\dotnet\packs\Microsoft.NETCore.App.Ref\8.0.22\ref\net8.0\System.Memory.dll".
             Reference found at search path location "{RawFileName}".
             This reference is not "CopyLocal" because at least one source item had "Private" set to "false" and no source items had "Private" set to "true".
         Primary reference "System.Net.Http.Json, Version=8.0.0.0, Culture=neutral, PublicKeyToken=cc7b13ffcd2ddd51".
             Resolved file path is "C:\Program Files\dotnet\packs\Microsoft.NETCore.App.Ref\8.0.22\ref\net8.0\System.Net.Http.Json.dll".
             Reference found at search path location "{RawFileName}".
             This reference is not "CopyLocal" because at least one source item had "Private" set to "false" and no source items had "Private" set to "true".
         Primary reference "System.Net.Http, Version=8.0.0.0, Culture=neutral, PublicKeyToken=b03f5f7f11d50a3a".
             Resolved file path is "C:\Program Files\dotnet\packs\Microsoft.NETCore.App.Ref\8.0.22\ref\net8.0\System.Net.Http.dll".
             Reference found at search path location "{RawFileName}".
   4:6>Done executing task "GetReferenceNearestTargetFrameworkTask".
   3:7>ResolveAssemblyReferences:
             This reference is not "CopyLocal" because at least one source item had "Private" set to "false" and no source items had "Private" set to "true".
         Primary reference "System.Net.HttpListener, Version=8.0.0.0, Culture=neutral, PublicKeyToken=cc7b13ffcd2ddd51".
             Resolved file path is "C:\Program Files\dotnet\packs\Microsoft.NETCore.App.Ref\8.0.22\ref\net8.0\System.Net.HttpListener.dll".
             Reference found at search path location "{RawFileName}".
             This reference is not "CopyLocal" because at least one source item had "Private" set to "false" and no source items had "Private" set to "true".
         Primary reference "System.Net.Mail, Version=8.0.0.0, Culture=neutral, PublicKeyToken=cc7b13ffcd2ddd51".
             Resolved file path is "C:\Program Files\dotnet\packs\Microsoft.NETCore.App.Ref\8.0.22\ref\net8.0\System.Net.Mail.dll".
             Reference found at search path location "{RawFileName}".
             This reference is not "CopyLocal" because at least one source item had "Private" set to "false" and no source items had "Private" set to "true".
         Primary reference "System.Net.NameResolution, Version=8.0.0.0, Culture=neutral, PublicKeyToken=b03f5f7f11d50a3a".
             Resolved file path is "C:\Program Files\dotnet\packs\Microsoft.NETCore.App.Ref\8.0.22\ref\net8.0\System.Net.NameResolution.dll".
   4:6>_GetProjectReferenceTargetFrameworkProperties:
       Using "SetRidAgnosticValueForProjects" task from assembly "Microsoft.Build.Tasks.Core, Version=15.1.0.0, Culture=neutral, PublicKeyToken=b03f5f7f11d50a3a".
   3:7>ResolveAssemblyReferences:
             Reference found at search path location "{RawFileName}".
   4:6>Task "SetRidAgnosticValueForProjects"
   3:7>ResolveAssemblyReferences:
             This reference is not "CopyLocal" because at least one source item had "Private" set to "false" and no source items had "Private" set to "true".
         Primary reference "System.Net.NetworkInformation, Version=8.0.0.0, Culture=neutral, PublicKeyToken=b03f5f7f11d50a3a".
             Resolved file path is "C:\Program Files\dotnet\packs\Microsoft.NETCore.App.Ref\8.0.22\ref\net8.0\System.Net.NetworkInformation.dll".
             Reference found at search path location "{RawFileName}".
             This reference is not "CopyLocal" because at least one source item had "Private" set to "false" and no source items had "Private" set to "true".
         Primary reference "System.Net.Ping, Version=8.0.0.0, Culture=neutral, PublicKeyToken=b03f5f7f11d50a3a".
             Resolved file path is "C:\Program Files\dotnet\packs\Microsoft.NETCore.App.Ref\8.0.22\ref\net8.0\System.Net.Ping.dll".
             Reference found at search path location "{RawFileName}".
   4:6>Done executing task "SetRidAgnosticValueForProjects".
   3:7>ResolveAssemblyReferences:
             This reference is not "CopyLocal" because at least one source item had "Private" set to "false" and no source items had "Private" set to "true".
         Primary reference "System.Net.Primitives, Version=8.0.0.0, Culture=neutral, PublicKeyToken=b03f5f7f11d50a3a".
             Resolved file path is "C:\Program Files\dotnet\packs\Microsoft.NETCore.App.Ref\8.0.22\ref\net8.0\System.Net.Primitives.dll".
             Reference found at search path location "{RawFileName}".
             This reference is not "CopyLocal" because at least one source item had "Private" set to "false" and no source items had "Private" set to "true".
         Primary reference "System.Net.Quic, Version=8.0.0.0, Culture=neutral, PublicKeyToken=b03f5f7f11d50a3a".
             Resolved file path is "C:\Program Files\dotnet\packs\Microsoft.NETCore.App.Ref\8.0.22\ref\net8.0\System.Net.Quic.dll".
             Reference found at search path location "{RawFileName}".
   4:6>Done building target "_GetProjectReferenceTargetFrameworkProperties" in project "Magidesk.Infrastructure.csproj".
   3:7>ResolveAssemblyReferences:
             This reference is not "CopyLocal" because at least one source item had "Private" set to "false" and no source items had "Private" set to "true".
         Primary reference "System.Net.Requests, Version=8.0.0.0, Culture=neutral, PublicKeyToken=b03f5f7f11d50a3a".
   4:6>Target "_CalculateIsVSTestTestProject" skipped. Previously built successfully.
   3:7>ResolveAssemblyReferences:
             Resolved file path is "C:\Program Files\dotnet\packs\Microsoft.NETCore.App.Ref\8.0.22\ref\net8.0\System.Net.Requests.dll".
             Reference found at search path location "{RawFileName}".
             This reference is not "CopyLocal" because at least one source item had "Private" set to "false" and no source items had "Private" set to "true".
   4:6>Target "ValidateExecutableReferences" in file "C:\Program Files\dotnet\sdk\10.0.101\Sdks\Microsoft.NET.Sdk\targets\Microsoft.NET.Sdk.targets" from project "C:\Users\giris\Documents\Code\Redesign-POS\Windows Based POS\Magidesk\Magidesk.Infrastructure\Magidesk.Infrastructure.csproj" (target "PrepareProjectReferences" depends on it):
   4:6>Using "ValidateExecutableReferences" task from assembly "C:\Program Files\dotnet\sdk\10.0.101\Sdks\Microsoft.NET.Sdk\targets\..\tools\net10.0\Microsoft.NET.Build.Tasks.dll".
       Task "ValidateExecutableReferences"
   3:7>ResolveAssemblyReferences:
         Primary reference "System.Net.Security, Version=8.0.0.0, Culture=neutral, PublicKeyToken=b03f5f7f11d50a3a".
             Resolved file path is "C:\Program Files\dotnet\packs\Microsoft.NETCore.App.Ref\8.0.22\ref\net8.0\System.Net.Security.dll".
             Reference found at search path location "{RawFileName}".
             This reference is not "CopyLocal" because at least one source item had "Private" set to "false" and no source items had "Private" set to "true".
         Primary reference "System.Net.ServicePoint, Version=8.0.0.0, Culture=neutral, PublicKeyToken=cc7b13ffcd2ddd51".
             Resolved file path is "C:\Program Files\dotnet\packs\Microsoft.NETCore.App.Ref\8.0.22\ref\net8.0\System.Net.ServicePoint.dll".
             Reference found at search path location "{RawFileName}".
             This reference is not "CopyLocal" because at least one source item had "Private" set to "false" and no source items had "Private" set to "true".
         Primary reference "System.Net.Sockets, Version=8.0.0.0, Culture=neutral, PublicKeyToken=b03f5f7f11d50a3a".
             Resolved file path is "C:\Program Files\dotnet\packs\Microsoft.NETCore.App.Ref\8.0.22\ref\net8.0\System.Net.Sockets.dll".
             Reference found at search path location "{RawFileName}".
             This reference is not "CopyLocal" because at least one source item had "Private" set to "false" and no source items had "Private" set to "true".
         Primary reference "System.Net.WebClient, Version=8.0.0.0, Culture=neutral, PublicKeyToken=cc7b13ffcd2ddd51".
   4:6>Done executing task "ValidateExecutableReferences".
   3:7>ResolveAssemblyReferences:
             Resolved file path is "C:\Program Files\dotnet\packs\Microsoft.NETCore.App.Ref\8.0.22\ref\net8.0\System.Net.WebClient.dll".
   4:6>Done building target "ValidateExecutableReferences" in project "Magidesk.Infrastructure.csproj".
   3:7>ResolveAssemblyReferences:
             Reference found at search path location "{RawFileName}".
             This reference is not "CopyLocal" because at least one source item had "Private" set to "false" and no source items had "Private" set to "true".
   4:6>Target "PrepareProjectReferences" in file "C:\Program Files\dotnet\sdk\10.0.101\Microsoft.Common.CurrentVersion.targets" from project "C:\Users\giris\Documents\Code\Redesign-POS\Windows Based POS\Magidesk\Magidesk.Infrastructure\Magidesk.Infrastructure.csproj" (target "ResolveProjectReferences" depends on it):
   4:6>Done building target "PrepareProjectReferences" in project "Magidesk.Infrastructure.csproj".
   3:7>ResolveAssemblyReferences:
         Primary reference "System.Net.WebHeaderCollection, Version=8.0.0.0, Culture=neutral, PublicKeyToken=b03f5f7f11d50a3a".
             Resolved file path is "C:\Program Files\dotnet\packs\Microsoft.NETCore.App.Ref\8.0.22\ref\net8.0\System.Net.WebHeaderCollection.dll".
             Reference found at search path location "{RawFileName}".
             This reference is not "CopyLocal" because at least one source item had "Private" set to "false" and no source items had "Private" set to "true".
         Primary reference "System.Net.WebProxy, Version=8.0.0.0, Culture=neutral, PublicKeyToken=cc7b13ffcd2ddd51".
   4:6>Target "ResolveProjectReferences" in file "C:\Program Files\dotnet\sdk\10.0.101\Microsoft.Common.CurrentVersion.targets" from project "C:\Users\giris\Documents\Code\Redesign-POS\Windows Based POS\Magidesk\Magidesk.Infrastructure\Magidesk.Infrastructure.csproj" (target "ResolveReferences" depends on it):
   4:6>Task "MSBuild"
   3:7>ResolveAssemblyReferences:
             Resolved file path is "C:\Program Files\dotnet\packs\Microsoft.NETCore.App.Ref\8.0.22\ref\net8.0\System.Net.WebProxy.dll".
             Reference found at search path location "{RawFileName}".
             This reference is not "CopyLocal" because at least one source item had "Private" set to "false" and no source items had "Private" set to "true".
         Primary reference "System.Net.WebSockets.Client, Version=8.0.0.0, Culture=neutral, PublicKeyToken=b03f5f7f11d50a3a".
             Resolved file path is "C:\Program Files\dotnet\packs\Microsoft.NETCore.App.Ref\8.0.22\ref\net8.0\System.Net.WebSockets.Client.dll".
             Reference found at search path location "{RawFileName}".
             This reference is not "CopyLocal" because at least one source item had "Private" set to "false" and no source items had "Private" set to "true".
         Primary reference "System.Net.WebSockets, Version=8.0.0.0, Culture=neutral, PublicKeyToken=b03f5f7f11d50a3a".
   4:6>ResolveProjectReferences:
         Removing Properties for project "..\Magidesk.Application\Magidesk.Application.csproj":
           TargetFramework
           RuntimeIdentifier
           SelfContained
         Removing Properties for project "..\Magidesk.Domain\Magidesk.Domain.csproj":
           TargetFramework
           RuntimeIdentifier
           SelfContained
   3:7>ResolveAssemblyReferences:
             Resolved file path is "C:\Program Files\dotnet\packs\Microsoft.NETCore.App.Ref\8.0.22\ref\net8.0\System.Net.WebSockets.dll".
             Reference found at search path location "{RawFileName}".
             This reference is not "CopyLocal" because at least one source item had "Private" set to "false" and no source items had "Private" set to "true".
         Primary reference "System.Net, Version=4.0.0.0, Culture=neutral, PublicKeyToken=b03f5f7f11d50a3a".
             Resolved file path is "C:\Program Files\dotnet\packs\Microsoft.NETCore.App.Ref\8.0.22\ref\net8.0\System.Net.dll".
             Reference found at search path location "{RawFileName}".
             This reference is not "CopyLocal" because at least one source item had "Private" set to "false" and no source items had "Private" set to "true".
         Primary reference "System.Numerics.Vectors, Version=8.0.0.0, Culture=neutral, PublicKeyToken=b03f5f7f11d50a3a".
             Resolved file path is "C:\Program Files\dotnet\packs\Microsoft.NETCore.App.Ref\8.0.22\ref\net8.0\System.Numerics.Vectors.dll".
             Reference found at search path location "{RawFileName}".
             This reference is not "CopyLocal" because at least one source item had "Private" set to "false" and no source items had "Private" set to "true".
         Primary reference "System.Numerics, Version=4.0.0.0, Culture=neutral, PublicKeyToken=b77a5c561934e089".
             Resolved file path is "C:\Program Files\dotnet\packs\Microsoft.NETCore.App.Ref\8.0.22\ref\net8.0\System.Numerics.dll".
             Reference found at search path location "{RawFileName}".
             This reference is not "CopyLocal" because at least one source item had "Private" set to "false" and no source items had "Private" set to "true".
         Primary reference "System.ObjectModel, Version=8.0.0.0, Culture=neutral, PublicKeyToken=b03f5f7f11d50a3a".
             Resolved file path is "C:\Program Files\dotnet\packs\Microsoft.NETCore.App.Ref\8.0.22\ref\net8.0\System.ObjectModel.dll".
             Reference found at search path location "{RawFileName}".
             This reference is not "CopyLocal" because at least one source item had "Private" set to "false" and no source items had "Private" set to "true".
         Primary reference "System.Reflection.DispatchProxy, Version=8.0.0.0, Culture=neutral, PublicKeyToken=b03f5f7f11d50a3a".
             Resolved file path is "C:\Program Files\dotnet\packs\Microsoft.NETCore.App.Ref\8.0.22\ref\net8.0\System.Reflection.DispatchProxy.dll".
             Reference found at search path location "{RawFileName}".
             This reference is not "CopyLocal" because at least one source item had "Private" set to "false" and no source items had "Private" set to "true".
         Primary reference "System.Reflection.Emit.ILGeneration, Version=8.0.0.0, Culture=neutral, PublicKeyToken=b03f5f7f11d50a3a".
             Resolved file path is "C:\Program Files\dotnet\packs\Microsoft.NETCore.App.Ref\8.0.22\ref\net8.0\System.Reflection.Emit.ILGeneration.dll".
             Reference found at search path location "{RawFileName}".
             This reference is not "CopyLocal" because at least one source item had "Private" set to "false" and no source items had "Private" set to "true".
         Primary reference "System.Reflection.Emit.Lightweight, Version=8.0.0.0, Culture=neutral, PublicKeyToken=b03f5f7f11d50a3a".
             Resolved file path is "C:\Program Files\dotnet\packs\Microsoft.NETCore.App.Ref\8.0.22\ref\net8.0\System.Reflection.Emit.Lightweight.dll".
             Reference found at search path location "{RawFileName}".
             This reference is not "CopyLocal" because at least one source item had "Private" set to "false" and no source items had "Private" set to "true".
         Primary reference "System.Reflection.Emit, Version=8.0.0.0, Culture=neutral, PublicKeyToken=b03f5f7f11d50a3a".
             Resolved file path is "C:\Program Files\dotnet\packs\Microsoft.NETCore.App.Ref\8.0.22\ref\net8.0\System.Reflection.Emit.dll".
             Reference found at search path location "{RawFileName}".
             This reference is not "CopyLocal" because at least one source item had "Private" set to "false" and no source items had "Private" set to "true".
         Primary reference "System.Reflection.Extensions, Version=8.0.0.0, Culture=neutral, PublicKeyToken=b03f5f7f11d50a3a".
             Resolved file path is "C:\Program Files\dotnet\packs\Microsoft.NETCore.App.Ref\8.0.22\ref\net8.0\System.Reflection.Extensions.dll".
             Reference found at search path location "{RawFileName}".
             This reference is not "CopyLocal" because at least one source item had "Private" set to "false" and no source items had "Private" set to "true".
         Primary reference "System.Reflection.Metadata, Version=8.0.0.0, Culture=neutral, PublicKeyToken=b03f5f7f11d50a3a".
             Resolved file path is "C:\Program Files\dotnet\packs\Microsoft.NETCore.App.Ref\8.0.22\ref\net8.0\System.Reflection.Metadata.dll".
             Reference found at search path location "{RawFileName}".
             This reference is not "CopyLocal" because at least one source item had "Private" set to "false" and no source items had "Private" set to "true".
         Primary reference "System.Reflection.Primitives, Version=8.0.0.0, Culture=neutral, PublicKeyToken=b03f5f7f11d50a3a".
             Resolved file path is "C:\Program Files\dotnet\packs\Microsoft.NETCore.App.Ref\8.0.22\ref\net8.0\System.Reflection.Primitives.dll".
             Reference found at search path location "{RawFileName}".
             This reference is not "CopyLocal" because at least one source item had "Private" set to "false" and no source items had "Private" set to "true".
         Primary reference "System.Reflection.TypeExtensions, Version=8.0.0.0, Culture=neutral, PublicKeyToken=b03f5f7f11d50a3a".
             Resolved file path is "C:\Program Files\dotnet\packs\Microsoft.NETCore.App.Ref\8.0.22\ref\net8.0\System.Reflection.TypeExtensions.dll".
             Reference found at search path location "{RawFileName}".
             This reference is not "CopyLocal" because at least one source item had "Private" set to "false" and no source items had "Private" set to "true".
         Primary reference "System.Reflection, Version=8.0.0.0, Culture=neutral, PublicKeyToken=b03f5f7f11d50a3a".
             Resolved file path is "C:\Program Files\dotnet\packs\Microsoft.NETCore.App.Ref\8.0.22\ref\net8.0\System.Reflection.dll".
             Reference found at search path location "{RawFileName}".
             This reference is not "CopyLocal" because at least one source item had "Private" set to "false" and no source items had "Private" set to "true".
         Primary reference "System.Resources.Reader, Version=8.0.0.0, Culture=neutral, PublicKeyToken=b03f5f7f11d50a3a".
             Resolved file path is "C:\Program Files\dotnet\packs\Microsoft.NETCore.App.Ref\8.0.22\ref\net8.0\System.Resources.Reader.dll".
             Reference found at search path location "{RawFileName}".
             This reference is not "CopyLocal" because at least one source item had "Private" set to "false" and no source items had "Private" set to "true".
         Primary reference "System.Resources.ResourceManager, Version=8.0.0.0, Culture=neutral, PublicKeyToken=b03f5f7f11d50a3a".
             Resolved file path is "C:\Program Files\dotnet\packs\Microsoft.NETCore.App.Ref\8.0.22\ref\net8.0\System.Resources.ResourceManager.dll".
             Reference found at search path location "{RawFileName}".
             This reference is not "CopyLocal" because at least one source item had "Private" set to "false" and no source items had "Private" set to "true".
         Primary reference "System.Resources.Writer, Version=8.0.0.0, Culture=neutral, PublicKeyToken=b03f5f7f11d50a3a".
             Resolved file path is "C:\Program Files\dotnet\packs\Microsoft.NETCore.App.Ref\8.0.22\ref\net8.0\System.Resources.Writer.dll".
             Reference found at search path location "{RawFileName}".
             This reference is not "CopyLocal" because at least one source item had "Private" set to "false" and no source items had "Private" set to "true".
         Primary reference "System.Runtime.CompilerServices.Unsafe, Version=8.0.0.0, Culture=neutral, PublicKeyToken=b03f5f7f11d50a3a".
             Resolved file path is "C:\Program Files\dotnet\packs\Microsoft.NETCore.App.Ref\8.0.22\ref\net8.0\System.Runtime.CompilerServices.Unsafe.dll".
             Reference found at search path location "{RawFileName}".
             This reference is not "CopyLocal" because at least one source item had "Private" set to "false" and no source items had "Private" set to "true".
         Primary reference "System.Runtime.CompilerServices.VisualC, Version=8.0.0.0, Culture=neutral, PublicKeyToken=b03f5f7f11d50a3a".
             Resolved file path is "C:\Program Files\dotnet\packs\Microsoft.NETCore.App.Ref\8.0.22\ref\net8.0\System.Runtime.CompilerServices.VisualC.dll".
             Reference found at search path location "{RawFileName}".
             This reference is not "CopyLocal" because at least one source item had "Private" set to "false" and no source items had "Private" set to "true".
         Primary reference "System.Runtime.Extensions, Version=8.0.0.0, Culture=neutral, PublicKeyToken=b03f5f7f11d50a3a".
             Resolved file path is "C:\Program Files\dotnet\packs\Microsoft.NETCore.App.Ref\8.0.22\ref\net8.0\System.Runtime.Extensions.dll".
             Reference found at search path location "{RawFileName}".
             This reference is not "CopyLocal" because at least one source item had "Private" set to "false" and no source items had "Private" set to "true".
         Primary reference "System.Runtime.Handles, Version=8.0.0.0, Culture=neutral, PublicKeyToken=b03f5f7f11d50a3a".
             Resolved file path is "C:\Program Files\dotnet\packs\Microsoft.NETCore.App.Ref\8.0.22\ref\net8.0\System.Runtime.Handles.dll".
             Reference found at search path location "{RawFileName}".
             This reference is not "CopyLocal" because at least one source item had "Private" set to "false" and no source items had "Private" set to "true".
         Primary reference "System.Runtime.InteropServices.JavaScript, Version=8.0.0.0, Culture=neutral, PublicKeyToken=b03f5f7f11d50a3a".
             Resolved file path is "C:\Program Files\dotnet\packs\Microsoft.NETCore.App.Ref\8.0.22\ref\net8.0\System.Runtime.InteropServices.JavaScript.dll".
             Reference found at search path location "{RawFileName}".
             This reference is not "CopyLocal" because at least one source item had "Private" set to "false" and no source items had "Private" set to "true".
         Primary reference "System.Runtime.InteropServices.RuntimeInformation, Version=8.0.0.0, Culture=neutral, PublicKeyToken=b03f5f7f11d50a3a".
             Resolved file path is "C:\Program Files\dotnet\packs\Microsoft.NETCore.App.Ref\8.0.22\ref\net8.0\System.Runtime.InteropServices.RuntimeInformation.dll".
             Reference found at search path location "{RawFileName}".
             This reference is not "CopyLocal" because at least one source item had "Private" set to "false" and no source items had "Private" set to "true".
         Primary reference "System.Runtime.InteropServices, Version=8.0.0.0, Culture=neutral, PublicKeyToken=b03f5f7f11d50a3a".
             Resolved file path is "C:\Program Files\dotnet\packs\Microsoft.NETCore.App.Ref\8.0.22\ref\net8.0\System.Runtime.InteropServices.dll".
             Reference found at search path location "{RawFileName}".
             This reference is not "CopyLocal" because at least one source item had "Private" set to "false" and no source items had "Private" set to "true".
         Primary reference "System.Runtime.Intrinsics, Version=8.0.0.0, Culture=neutral, PublicKeyToken=cc7b13ffcd2ddd51".
             Resolved file path is "C:\Program Files\dotnet\packs\Microsoft.NETCore.App.Ref\8.0.22\ref\net8.0\System.Runtime.Intrinsics.dll".
             Reference found at search path location "{RawFileName}".
             This reference is not "CopyLocal" because at least one source item had "Private" set to "false" and no source items had "Private" set to "true".
         Primary reference "System.Runtime.Loader, Version=8.0.0.0, Culture=neutral, PublicKeyToken=b03f5f7f11d50a3a".
             Resolved file path is "C:\Program Files\dotnet\packs\Microsoft.NETCore.App.Ref\8.0.22\ref\net8.0\System.Runtime.Loader.dll".
             Reference found at search path location "{RawFileName}".
             This reference is not "CopyLocal" because at least one source item had "Private" set to "false" and no source items had "Private" set to "true".
         Primary reference "System.Runtime.Numerics, Version=8.0.0.0, Culture=neutral, PublicKeyToken=b03f5f7f11d50a3a".
             Resolved file path is "C:\Program Files\dotnet\packs\Microsoft.NETCore.App.Ref\8.0.22\ref\net8.0\System.Runtime.Numerics.dll".
             Reference found at search path location "{RawFileName}".
             This reference is not "CopyLocal" because at least one source item had "Private" set to "false" and no source items had "Private" set to "true".
         Primary reference "System.Runtime.Serialization.Formatters, Version=8.0.0.0, Culture=neutral, PublicKeyToken=b03f5f7f11d50a3a".
             Resolved file path is "C:\Program Files\dotnet\packs\Microsoft.NETCore.App.Ref\8.0.22\ref\net8.0\System.Runtime.Serialization.Formatters.dll".
             Reference found at search path location "{RawFileName}".
             This reference is not "CopyLocal" because at least one source item had "Private" set to "false" and no source items had "Private" set to "true".
         Primary reference "System.Runtime.Serialization.Json, Version=8.0.0.0, Culture=neutral, PublicKeyToken=b03f5f7f11d50a3a".
             Resolved file path is "C:\Program Files\dotnet\packs\Microsoft.NETCore.App.Ref\8.0.22\ref\net8.0\System.Runtime.Serialization.Json.dll".
             Reference found at search path location "{RawFileName}".
             This reference is not "CopyLocal" because at least one source item had "Private" set to "false" and no source items had "Private" set to "true".
         Primary reference "System.Runtime.Serialization.Primitives, Version=8.0.0.0, Culture=neutral, PublicKeyToken=b03f5f7f11d50a3a".
             Resolved file path is "C:\Program Files\dotnet\packs\Microsoft.NETCore.App.Ref\8.0.22\ref\net8.0\System.Runtime.Serialization.Primitives.dll".
             Reference found at search path location "{RawFileName}".
             This reference is not "CopyLocal" because at least one source item had "Private" set to "false" and no source items had "Private" set to "true".
         Primary reference "System.Runtime.Serialization.Xml, Version=8.0.0.0, Culture=neutral, PublicKeyToken=b03f5f7f11d50a3a".
             Resolved file path is "C:\Program Files\dotnet\packs\Microsoft.NETCore.App.Ref\8.0.22\ref\net8.0\System.Runtime.Serialization.Xml.dll".
             Reference found at search path location "{RawFileName}".
             This reference is not "CopyLocal" because at least one source item had "Private" set to "false" and no source items had "Private" set to "true".
         Primary reference "System.Runtime.Serialization, Version=4.0.0.0, Culture=neutral, PublicKeyToken=b77a5c561934e089".
             Resolved file path is "C:\Program Files\dotnet\packs\Microsoft.NETCore.App.Ref\8.0.22\ref\net8.0\System.Runtime.Serialization.dll".
             Reference found at search path location "{RawFileName}".
             This reference is not "CopyLocal" because at least one source item had "Private" set to "false" and no source items had "Private" set to "true".
         Primary reference "System.Runtime, Version=8.0.0.0, Culture=neutral, PublicKeyToken=b03f5f7f11d50a3a".
             Resolved file path is "C:\Program Files\dotnet\packs\Microsoft.NETCore.App.Ref\8.0.22\ref\net8.0\System.Runtime.dll".
             Reference found at search path location "{RawFileName}".
             This reference is not "CopyLocal" because at least one source item had "Private" set to "false" and no source items had "Private" set to "true".
         Primary reference "System.Security.AccessControl, Version=8.0.0.0, Culture=neutral, PublicKeyToken=b03f5f7f11d50a3a".
             Resolved file path is "C:\Program Files\dotnet\packs\Microsoft.NETCore.App.Ref\8.0.22\ref\net8.0\System.Security.AccessControl.dll".
             Reference found at search path location "{RawFileName}".
             This reference is not "CopyLocal" because at least one source item had "Private" set to "false" and no source items had "Private" set to "true".
         Primary reference "System.Security.Claims, Version=8.0.0.0, Culture=neutral, PublicKeyToken=b03f5f7f11d50a3a".
             Resolved file path is "C:\Program Files\dotnet\packs\Microsoft.NETCore.App.Ref\8.0.22\ref\net8.0\System.Security.Claims.dll".
             Reference found at search path location "{RawFileName}".
             This reference is not "CopyLocal" because at least one source item had "Private" set to "false" and no source items had "Private" set to "true".
         Primary reference "System.Security.Cryptography.Algorithms, Version=8.0.0.0, Culture=neutral, PublicKeyToken=b03f5f7f11d50a3a".
             Resolved file path is "C:\Program Files\dotnet\packs\Microsoft.NETCore.App.Ref\8.0.22\ref\net8.0\System.Security.Cryptography.Algorithms.dll".
             Reference found at search path location "{RawFileName}".
             This reference is not "CopyLocal" because at least one source item had "Private" set to "false" and no source items had "Private" set to "true".
         Primary reference "System.Security.Cryptography.Cng, Version=8.0.0.0, Culture=neutral, PublicKeyToken=b03f5f7f11d50a3a".
             Resolved file path is "C:\Program Files\dotnet\packs\Microsoft.NETCore.App.Ref\8.0.22\ref\net8.0\System.Security.Cryptography.Cng.dll".
             Reference found at search path location "{RawFileName}".
             This reference is not "CopyLocal" because at least one source item had "Private" set to "false" and no source items had "Private" set to "true".
         Primary reference "System.Security.Cryptography.Csp, Version=8.0.0.0, Culture=neutral, PublicKeyToken=b03f5f7f11d50a3a".
             Resolved file path is "C:\Program Files\dotnet\packs\Microsoft.NETCore.App.Ref\8.0.22\ref\net8.0\System.Security.Cryptography.Csp.dll".
             Reference found at search path location "{RawFileName}".
             This reference is not "CopyLocal" because at least one source item had "Private" set to "false" and no source items had "Private" set to "true".
         Primary reference "System.Security.Cryptography.Encoding, Version=8.0.0.0, Culture=neutral, PublicKeyToken=b03f5f7f11d50a3a".
             Resolved file path is "C:\Program Files\dotnet\packs\Microsoft.NETCore.App.Ref\8.0.22\ref\net8.0\System.Security.Cryptography.Encoding.dll".
             Reference found at search path location "{RawFileName}".
             This reference is not "CopyLocal" because at least one source item had "Private" set to "false" and no source items had "Private" set to "true".
         Primary reference "System.Security.Cryptography.OpenSsl, Version=8.0.0.0, Culture=neutral, PublicKeyToken=b03f5f7f11d50a3a".
             Resolved file path is "C:\Program Files\dotnet\packs\Microsoft.NETCore.App.Ref\8.0.22\ref\net8.0\System.Security.Cryptography.OpenSsl.dll".
             Reference found at search path location "{RawFileName}".
             This reference is not "CopyLocal" because at least one source item had "Private" set to "false" and no source items had "Private" set to "true".
         Primary reference "System.Security.Cryptography.Primitives, Version=8.0.0.0, Culture=neutral, PublicKeyToken=b03f5f7f11d50a3a".
             Resolved file path is "C:\Program Files\dotnet\packs\Microsoft.NETCore.App.Ref\8.0.22\ref\net8.0\System.Security.Cryptography.Primitives.dll".
             Reference found at search path location "{RawFileName}".
             This reference is not "CopyLocal" because at least one source item had "Private" set to "false" and no source items had "Private" set to "true".
         Primary reference "System.Security.Cryptography.X509Certificates, Version=8.0.0.0, Culture=neutral, PublicKeyToken=b03f5f7f11d50a3a".
             Resolved file path is "C:\Program Files\dotnet\packs\Microsoft.NETCore.App.Ref\8.0.22\ref\net8.0\System.Security.Cryptography.X509Certificates.dll".
             Reference found at search path location "{RawFileName}".
             This reference is not "CopyLocal" because at least one source item had "Private" set to "false" and no source items had "Private" set to "true".
         Primary reference "System.Security.Cryptography, Version=8.0.0.0, Culture=neutral, PublicKeyToken=b03f5f7f11d50a3a".
             Resolved file path is "C:\Program Files\dotnet\packs\Microsoft.NETCore.App.Ref\8.0.22\ref\net8.0\System.Security.Cryptography.dll".
             Reference found at search path location "{RawFileName}".
             This reference is not "CopyLocal" because at least one source item had "Private" set to "false" and no source items had "Private" set to "true".
         Primary reference "System.Security.Principal.Windows, Version=8.0.0.0, Culture=neutral, PublicKeyToken=b03f5f7f11d50a3a".
             Resolved file path is "C:\Program Files\dotnet\packs\Microsoft.NETCore.App.Ref\8.0.22\ref\net8.0\System.Security.Principal.Windows.dll".
             Reference found at search path location "{RawFileName}".
             This reference is not "CopyLocal" because at least one source item had "Private" set to "false" and no source items had "Private" set to "true".
         Primary reference "System.Security.Principal, Version=8.0.0.0, Culture=neutral, PublicKeyToken=b03f5f7f11d50a3a".
             Resolved file path is "C:\Program Files\dotnet\packs\Microsoft.NETCore.App.Ref\8.0.22\ref\net8.0\System.Security.Principal.dll".
             Reference found at search path location "{RawFileName}".
             This reference is not "CopyLocal" because at least one source item had "Private" set to "false" and no source items had "Private" set to "true".
         Primary reference "System.Security.SecureString, Version=8.0.0.0, Culture=neutral, PublicKeyToken=b03f5f7f11d50a3a".
             Resolved file path is "C:\Program Files\dotnet\packs\Microsoft.NETCore.App.Ref\8.0.22\ref\net8.0\System.Security.SecureString.dll".
             Reference found at search path location "{RawFileName}".
             This reference is not "CopyLocal" because at least one source item had "Private" set to "false" and no source items had "Private" set to "true".
         Primary reference "System.Security, Version=4.0.0.0, Culture=neutral, PublicKeyToken=b03f5f7f11d50a3a".
             Resolved file path is "C:\Program Files\dotnet\packs\Microsoft.NETCore.App.Ref\8.0.22\ref\net8.0\System.Security.dll".
             Reference found at search path location "{RawFileName}".
             This reference is not "CopyLocal" because at least one source item had "Private" set to "false" and no source items had "Private" set to "true".
         Primary reference "System.ServiceModel.Web, Version=4.0.0.0, Culture=neutral, PublicKeyToken=31bf3856ad364e35".
             Resolved file path is "C:\Program Files\dotnet\packs\Microsoft.NETCore.App.Ref\8.0.22\ref\net8.0\System.ServiceModel.Web.dll".
             Reference found at search path location "{RawFileName}".
             This reference is not "CopyLocal" because at least one source item had "Private" set to "false" and no source items had "Private" set to "true".
         Primary reference "System.ServiceProcess, Version=4.0.0.0, Culture=neutral, PublicKeyToken=b03f5f7f11d50a3a".
             Resolved file path is "C:\Program Files\dotnet\packs\Microsoft.NETCore.App.Ref\8.0.22\ref\net8.0\System.ServiceProcess.dll".
             Reference found at search path location "{RawFileName}".
             This reference is not "CopyLocal" because at least one source item had "Private" set to "false" and no source items had "Private" set to "true".
         Primary reference "System.Text.Encoding.CodePages, Version=8.0.0.0, Culture=neutral, PublicKeyToken=b03f5f7f11d50a3a".
             Resolved file path is "C:\Program Files\dotnet\packs\Microsoft.NETCore.App.Ref\8.0.22\ref\net8.0\System.Text.Encoding.CodePages.dll".
             Reference found at search path location "{RawFileName}".
             This reference is not "CopyLocal" because at least one source item had "Private" set to "false" and no source items had "Private" set to "true".
         Primary reference "System.Text.Encoding.Extensions, Version=8.0.0.0, Culture=neutral, PublicKeyToken=b03f5f7f11d50a3a".
             Resolved file path is "C:\Program Files\dotnet\packs\Microsoft.NETCore.App.Ref\8.0.22\ref\net8.0\System.Text.Encoding.Extensions.dll".
             Reference found at search path location "{RawFileName}".
             This reference is not "CopyLocal" because at least one source item had "Private" set to "false" and no source items had "Private" set to "true".
         Primary reference "System.Text.Encoding, Version=8.0.0.0, Culture=neutral, PublicKeyToken=b03f5f7f11d50a3a".
             Resolved file path is "C:\Program Files\dotnet\packs\Microsoft.NETCore.App.Ref\8.0.22\ref\net8.0\System.Text.Encoding.dll".
             Reference found at search path location "{RawFileName}".
             This reference is not "CopyLocal" because at least one source item had "Private" set to "false" and no source items had "Private" set to "true".
         Primary reference "System.Text.Encodings.Web, Version=8.0.0.0, Culture=neutral, PublicKeyToken=cc7b13ffcd2ddd51".
             Resolved file path is "C:\Program Files\dotnet\packs\Microsoft.NETCore.App.Ref\8.0.22\ref\net8.0\System.Text.Encodings.Web.dll".
             Reference found at search path location "{RawFileName}".
             This reference is not "CopyLocal" because at least one source item had "Private" set to "false" and no source items had "Private" set to "true".
         Primary reference "System.Text.Json, Version=8.0.0.0, Culture=neutral, PublicKeyToken=cc7b13ffcd2ddd51".
             Resolved file path is "C:\Program Files\dotnet\packs\Microsoft.NETCore.App.Ref\8.0.22\ref\net8.0\System.Text.Json.dll".
             Reference found at search path location "{RawFileName}".
             This reference is not "CopyLocal" because at least one source item had "Private" set to "false" and no source items had "Private" set to "true".
         Primary reference "System.Text.RegularExpressions, Version=8.0.0.0, Culture=neutral, PublicKeyToken=b03f5f7f11d50a3a".
             Resolved file path is "C:\Program Files\dotnet\packs\Microsoft.NETCore.App.Ref\8.0.22\ref\net8.0\System.Text.RegularExpressions.dll".
             Reference found at search path location "{RawFileName}".
             This reference is not "CopyLocal" because at least one source item had "Private" set to "false" and no source items had "Private" set to "true".
         Primary reference "System.Threading.Channels, Version=8.0.0.0, Culture=neutral, PublicKeyToken=cc7b13ffcd2ddd51".
             Resolved file path is "C:\Program Files\dotnet\packs\Microsoft.NETCore.App.Ref\8.0.22\ref\net8.0\System.Threading.Channels.dll".
             Reference found at search path location "{RawFileName}".
             This reference is not "CopyLocal" because at least one source item had "Private" set to "false" and no source items had "Private" set to "true".
         Primary reference "System.Threading.Overlapped, Version=8.0.0.0, Culture=neutral, PublicKeyToken=b03f5f7f11d50a3a".
             Resolved file path is "C:\Program Files\dotnet\packs\Microsoft.NETCore.App.Ref\8.0.22\ref\net8.0\System.Threading.Overlapped.dll".
             Reference found at search path location "{RawFileName}".
             This reference is not "CopyLocal" because at least one source item had "Private" set to "false" and no source items had "Private" set to "true".
         Primary reference "System.Threading.Tasks.Dataflow, Version=8.0.0.0, Culture=neutral, PublicKeyToken=b03f5f7f11d50a3a".
             Resolved file path is "C:\Program Files\dotnet\packs\Microsoft.NETCore.App.Ref\8.0.22\ref\net8.0\System.Threading.Tasks.Dataflow.dll".
             Reference found at search path location "{RawFileName}".
             This reference is not "CopyLocal" because at least one source item had "Private" set to "false" and no source items had "Private" set to "true".
         Primary reference "System.Threading.Tasks.Extensions, Version=8.0.0.0, Culture=neutral, PublicKeyToken=cc7b13ffcd2ddd51".
             Resolved file path is "C:\Program Files\dotnet\packs\Microsoft.NETCore.App.Ref\8.0.22\ref\net8.0\System.Threading.Tasks.Extensions.dll".
             Reference found at search path location "{RawFileName}".
             This reference is not "CopyLocal" because at least one source item had "Private" set to "false" and no source items had "Private" set to "true".
         Primary reference "System.Threading.Tasks.Parallel, Version=8.0.0.0, Culture=neutral, PublicKeyToken=b03f5f7f11d50a3a".
             Resolved file path is "C:\Program Files\dotnet\packs\Microsoft.NETCore.App.Ref\8.0.22\ref\net8.0\System.Threading.Tasks.Parallel.dll".
             Reference found at search path location "{RawFileName}".
             This reference is not "CopyLocal" because at least one source item had "Private" set to "false" and no source items had "Private" set to "true".
         Primary reference "System.Threading.Tasks, Version=8.0.0.0, Culture=neutral, PublicKeyToken=b03f5f7f11d50a3a".
             Resolved file path is "C:\Program Files\dotnet\packs\Microsoft.NETCore.App.Ref\8.0.22\ref\net8.0\System.Threading.Tasks.dll".
             Reference found at search path location "{RawFileName}".
             This reference is not "CopyLocal" because at least one source item had "Private" set to "false" and no source items had "Private" set to "true".
         Primary reference "System.Threading.Thread, Version=8.0.0.0, Culture=neutral, PublicKeyToken=b03f5f7f11d50a3a".
             Resolved file path is "C:\Program Files\dotnet\packs\Microsoft.NETCore.App.Ref\8.0.22\ref\net8.0\System.Threading.Thread.dll".
             Reference found at search path location "{RawFileName}".
             This reference is not "CopyLocal" because at least one source item had "Private" set to "false" and no source items had "Private" set to "true".
         Primary reference "System.Threading.ThreadPool, Version=8.0.0.0, Culture=neutral, PublicKeyToken=b03f5f7f11d50a3a".
             Resolved file path is "C:\Program Files\dotnet\packs\Microsoft.NETCore.App.Ref\8.0.22\ref\net8.0\System.Threading.ThreadPool.dll".
             Reference found at search path location "{RawFileName}".
             This reference is not "CopyLocal" because at least one source item had "Private" set to "false" and no source items had "Private" set to "true".
         Primary reference "System.Threading.Timer, Version=8.0.0.0, Culture=neutral, PublicKeyToken=b03f5f7f11d50a3a".
             Resolved file path is "C:\Program Files\dotnet\packs\Microsoft.NETCore.App.Ref\8.0.22\ref\net8.0\System.Threading.Timer.dll".
             Reference found at search path location "{RawFileName}".
             This reference is not "CopyLocal" because at least one source item had "Private" set to "false" and no source items had "Private" set to "true".
         Primary reference "System.Threading, Version=8.0.0.0, Culture=neutral, PublicKeyToken=b03f5f7f11d50a3a".
             Resolved file path is "C:\Program Files\dotnet\packs\Microsoft.NETCore.App.Ref\8.0.22\ref\net8.0\System.Threading.dll".
             Reference found at search path location "{RawFileName}".
             This reference is not "CopyLocal" because at least one source item had "Private" set to "false" and no source items had "Private" set to "true".
         Primary reference "System.Transactions.Local, Version=8.0.0.0, Culture=neutral, PublicKeyToken=cc7b13ffcd2ddd51".
             Resolved file path is "C:\Program Files\dotnet\packs\Microsoft.NETCore.App.Ref\8.0.22\ref\net8.0\System.Transactions.Local.dll".
             Reference found at search path location "{RawFileName}".
             This reference is not "CopyLocal" because at least one source item had "Private" set to "false" and no source items had "Private" set to "true".
         Primary reference "System.Transactions, Version=4.0.0.0, Culture=neutral, PublicKeyToken=b77a5c561934e089".
             Resolved file path is "C:\Program Files\dotnet\packs\Microsoft.NETCore.App.Ref\8.0.22\ref\net8.0\System.Transactions.dll".
             Reference found at search path location "{RawFileName}".
             This reference is not "CopyLocal" because at least one source item had "Private" set to "false" and no source items had "Private" set to "true".
         Primary reference "System.ValueTuple, Version=8.0.0.0, Culture=neutral, PublicKeyToken=cc7b13ffcd2ddd51".
             Resolved file path is "C:\Program Files\dotnet\packs\Microsoft.NETCore.App.Ref\8.0.22\ref\net8.0\System.ValueTuple.dll".
             Reference found at search path location "{RawFileName}".
             This reference is not "CopyLocal" because at least one source item had "Private" set to "false" and no source items had "Private" set to "true".
         Primary reference "System.Web.HttpUtility, Version=8.0.0.0, Culture=neutral, PublicKeyToken=cc7b13ffcd2ddd51".
             Resolved file path is "C:\Program Files\dotnet\packs\Microsoft.NETCore.App.Ref\8.0.22\ref\net8.0\System.Web.HttpUtility.dll".
             Reference found at search path location "{RawFileName}".
             This reference is not "CopyLocal" because at least one source item had "Private" set to "false" and no source items had "Private" set to "true".
         Primary reference "System.Web, Version=4.0.0.0, Culture=neutral, PublicKeyToken=b03f5f7f11d50a3a".
             Resolved file path is "C:\Program Files\dotnet\packs\Microsoft.NETCore.App.Ref\8.0.22\ref\net8.0\System.Web.dll".
             Reference found at search path location "{RawFileName}".
             This reference is not "CopyLocal" because at least one source item had "Private" set to "false" and no source items had "Private" set to "true".
         Primary reference "System.Windows, Version=4.0.0.0, Culture=neutral, PublicKeyToken=b03f5f7f11d50a3a".
             Resolved file path is "C:\Program Files\dotnet\packs\Microsoft.NETCore.App.Ref\8.0.22\ref\net8.0\System.Windows.dll".
             Reference found at search path location "{RawFileName}".
             This reference is not "CopyLocal" because at least one source item had "Private" set to "false" and no source items had "Private" set to "true".
         Primary reference "System.Xml.Linq, Version=4.0.0.0, Culture=neutral, PublicKeyToken=b77a5c561934e089".
             Resolved file path is "C:\Program Files\dotnet\packs\Microsoft.NETCore.App.Ref\8.0.22\ref\net8.0\System.Xml.Linq.dll".
             Reference found at search path location "{RawFileName}".
             This reference is not "CopyLocal" because at least one source item had "Private" set to "false" and no source items had "Private" set to "true".
         Primary reference "System.Xml.ReaderWriter, Version=8.0.0.0, Culture=neutral, PublicKeyToken=b03f5f7f11d50a3a".
             Resolved file path is "C:\Program Files\dotnet\packs\Microsoft.NETCore.App.Ref\8.0.22\ref\net8.0\System.Xml.ReaderWriter.dll".
             Reference found at search path location "{RawFileName}".
             This reference is not "CopyLocal" because at least one source item had "Private" set to "false" and no source items had "Private" set to "true".
         Primary reference "System.Xml.Serialization, Version=4.0.0.0, Culture=neutral, PublicKeyToken=b77a5c561934e089".
             Resolved file path is "C:\Program Files\dotnet\packs\Microsoft.NETCore.App.Ref\8.0.22\ref\net8.0\System.Xml.Serialization.dll".
             Reference found at search path location "{RawFileName}".
             This reference is not "CopyLocal" because at least one source item had "Private" set to "false" and no source items had "Private" set to "true".
         Primary reference "System.Xml.XDocument, Version=8.0.0.0, Culture=neutral, PublicKeyToken=b03f5f7f11d50a3a".
             Resolved file path is "C:\Program Files\dotnet\packs\Microsoft.NETCore.App.Ref\8.0.22\ref\net8.0\System.Xml.XDocument.dll".
             Reference found at search path location "{RawFileName}".
             This reference is not "CopyLocal" because at least one source item had "Private" set to "false" and no source items had "Private" set to "true".
         Primary reference "System.Xml.XPath.XDocument, Version=8.0.0.0, Culture=neutral, PublicKeyToken=b03f5f7f11d50a3a".
             Resolved file path is "C:\Program Files\dotnet\packs\Microsoft.NETCore.App.Ref\8.0.22\ref\net8.0\System.Xml.XPath.XDocument.dll".
             Reference found at search path location "{RawFileName}".
             This reference is not "CopyLocal" because at least one source item had "Private" set to "false" and no source items had "Private" set to "true".
         Primary reference "System.Xml.XPath, Version=8.0.0.0, Culture=neutral, PublicKeyToken=b03f5f7f11d50a3a".
             Resolved file path is "C:\Program Files\dotnet\packs\Microsoft.NETCore.App.Ref\8.0.22\ref\net8.0\System.Xml.XPath.dll".
             Reference found at search path location "{RawFileName}".
             This reference is not "CopyLocal" because at least one source item had "Private" set to "false" and no source items had "Private" set to "true".
         Primary reference "System.Xml.XmlDocument, Version=8.0.0.0, Culture=neutral, PublicKeyToken=b03f5f7f11d50a3a".
             Resolved file path is "C:\Program Files\dotnet\packs\Microsoft.NETCore.App.Ref\8.0.22\ref\net8.0\System.Xml.XmlDocument.dll".
             Reference found at search path location "{RawFileName}".
             This reference is not "CopyLocal" because at least one source item had "Private" set to "false" and no source items had "Private" set to "true".
         Primary reference "System.Xml.XmlSerializer, Version=8.0.0.0, Culture=neutral, PublicKeyToken=b03f5f7f11d50a3a".
             Resolved file path is "C:\Program Files\dotnet\packs\Microsoft.NETCore.App.Ref\8.0.22\ref\net8.0\System.Xml.XmlSerializer.dll".
             Reference found at search path location "{RawFileName}".
             This reference is not "CopyLocal" because at least one source item had "Private" set to "false" and no source items had "Private" set to "true".
         Primary reference "System.Xml, Version=4.0.0.0, Culture=neutral, PublicKeyToken=b77a5c561934e089".
             Resolved file path is "C:\Program Files\dotnet\packs\Microsoft.NETCore.App.Ref\8.0.22\ref\net8.0\System.Xml.dll".
             Reference found at search path location "{RawFileName}".
             This reference is not "CopyLocal" because at least one source item had "Private" set to "false" and no source items had "Private" set to "true".
         Primary reference "System, Version=4.0.0.0, Culture=neutral, PublicKeyToken=b77a5c561934e089".
             Resolved file path is "C:\Program Files\dotnet\packs\Microsoft.NETCore.App.Ref\8.0.22\ref\net8.0\System.dll".
             Reference found at search path location "{RawFileName}".
             This reference is not "CopyLocal" because at least one source item had "Private" set to "false" and no source items had "Private" set to "true".
         Primary reference "WindowsBase, Version=4.0.0.0, Culture=neutral, PublicKeyToken=31bf3856ad364e35".
             Resolved file path is "C:\Program Files\dotnet\packs\Microsoft.NETCore.App.Ref\8.0.22\ref\net8.0\WindowsBase.dll".
             Reference found at search path location "{RawFileName}".
             This reference is not "CopyLocal" because at least one source item had "Private" set to "false" and no source items had "Private" set to "true".
         Primary reference "mscorlib, Version=4.0.0.0, Culture=neutral, PublicKeyToken=b77a5c561934e089".
             Resolved file path is "C:\Program Files\dotnet\packs\Microsoft.NETCore.App.Ref\8.0.22\ref\net8.0\mscorlib.dll".
             Reference found at search path location "{RawFileName}".
             This reference is not "CopyLocal" because at least one source item had "Private" set to "false" and no source items had "Private" set to "true".
         Primary reference "netstandard, Version=2.1.0.0, Culture=neutral, PublicKeyToken=cc7b13ffcd2ddd51".
             Resolved file path is "C:\Program Files\dotnet\packs\Microsoft.NETCore.App.Ref\8.0.22\ref\net8.0\netstandard.dll".
             Reference found at search path location "{RawFileName}".
             This reference is not "CopyLocal" because at least one source item had "Private" set to "false" and no source items had "Private" set to "true".
       Done executing task "ResolveAssemblyReference".
   3:7>Done building target "ResolveAssemblyReferences" in project "Magidesk.Domain.csproj".
   3:7>Target "AfterResolveReferences" in file "C:\Program Files\dotnet\sdk\10.0.101\Microsoft.Common.CurrentVersion.targets" from project "C:\Users\giris\Documents\Code\Redesign-POS\Windows Based POS\Magidesk\Magidesk.Domain\Magidesk.Domain.csproj" (target "ResolveReferences" depends on it):
   3:7>Done building target "AfterResolveReferences" in project "Magidesk.Domain.csproj".
   3:7>Target "ResolveReferences" in file "C:\Program Files\dotnet\sdk\10.0.101\Microsoft.Common.CurrentVersion.targets" from project "C:\Users\giris\Documents\Code\Redesign-POS\Windows Based POS\Magidesk\Magidesk.Domain\Magidesk.Domain.csproj" (target "_BlockWinMDsOnUnsupportedTFMs" depends on it):
   3:7>Done building target "ResolveReferences" in project "Magidesk.Domain.csproj".
   3:7>Target "_BlockWinMDsOnUnsupportedTFMs" in file "C:\Program Files\dotnet\sdk\10.0.101\Sdks\Microsoft.NET.Sdk\targets\Microsoft.NET.Sdk.targets" from project "C:\Users\giris\Documents\Code\Redesign-POS\Windows Based POS\Magidesk\Magidesk.Domain\Magidesk.Domain.csproj" (target "CoreBuild" depends on it):
       Using "CheckForUnsupportedWinMDReferences" task from assembly "C:\Program Files\dotnet\sdk\10.0.101\Sdks\Microsoft.NET.Sdk\targets\..\tools\net10.0\Microsoft.NET.Build.Tasks.dll".
       Task "CheckForUnsupportedWinMDReferences"
       Done executing task "CheckForUnsupportedWinMDReferences".
   3:7>Done building target "_BlockWinMDsOnUnsupportedTFMs" in project "Magidesk.Domain.csproj".
       Target "ResolveReferences" skipped. Previously built successfully.
       Target "ResolvePackageDependenciesForBuild" skipped. Previously built successfully.
       Target "_HandlePackageFileConflicts" skipped. Previously built successfully.
   3:7>Target "CopyAdditionalFiles" in file "C:\Program Files\dotnet\sdk\10.0.101\Roslyn\Microsoft.Managed.Core.targets" from project "C:\Users\giris\Documents\Code\Redesign-POS\Windows Based POS\Magidesk\Magidesk.Domain\Magidesk.Domain.csproj" (target "AssignTargetPaths" depends on it):
   3:7>Done building target "CopyAdditionalFiles" in project "Magidesk.Domain.csproj".
   3:7>Target "_ComputeNETCoreBuildOutputFiles" in file "C:\Program Files\dotnet\sdk\10.0.101\Sdks\Microsoft.NET.Sdk\targets\Microsoft.NET.Sdk.targets" from project "C:\Users\giris\Documents\Code\Redesign-POS\Windows Based POS\Magidesk\Magidesk.Domain\Magidesk.Domain.csproj" (target "AssignTargetPaths" depends on it):
   3:7>Done building target "_ComputeNETCoreBuildOutputFiles" in project "Magidesk.Domain.csproj".
   3:7>Target "AssignTargetPaths" in file "C:\Program Files\dotnet\sdk\10.0.101\Microsoft.Common.CurrentVersion.targets" from project "C:\Users\giris\Documents\Code\Redesign-POS\Windows Based POS\Magidesk\Magidesk.Domain\Magidesk.Domain.csproj" (target "PrepareResourceNames" depends on it):
       Using "AssignTargetPath" task from assembly "Microsoft.Build.Tasks.Core, Version=15.1.0.0, Culture=neutral, PublicKeyToken=b03f5f7f11d50a3a".
       Task "AssignTargetPath"
       Done executing task "AssignTargetPath".
       Task "AssignTargetPath"
       Done executing task "AssignTargetPath".
       Task "AssignTargetPath"
       Done executing task "AssignTargetPath".
       Task "AssignTargetPath"
       Done executing task "AssignTargetPath".
   3:7>Done building target "AssignTargetPaths" in project "Magidesk.Domain.csproj".
       Target "AssignTargetPaths" skipped. Previously built successfully.
   3:7>Target "SplitResourcesByCulture" in file "C:\Program Files\dotnet\sdk\10.0.101\Microsoft.Common.CurrentVersion.targets" from project "C:\Users\giris\Documents\Code\Redesign-POS\Windows Based POS\Magidesk\Magidesk.Domain\Magidesk.Domain.csproj" (target "PrepareResourceNames" depends on it):
       Using "AssignCulture" task from assembly "Microsoft.Build.Tasks.Core, Version=15.1.0.0, Culture=neutral, PublicKeyToken=b03f5f7f11d50a3a".
       Task "AssignCulture"
       Done executing task "AssignCulture".
   3:7>Done building target "SplitResourcesByCulture" in project "Magidesk.Domain.csproj".
   3:7>Target "CreateCustomManifestResourceNames" in file "C:\Program Files\dotnet\sdk\10.0.101\Microsoft.Common.CurrentVersion.targets" from project "C:\Users\giris\Documents\Code\Redesign-POS\Windows Based POS\Magidesk\Magidesk.Domain\Magidesk.Domain.csproj" (target "PrepareResourceNames" depends on it):
   3:7>Done building target "CreateCustomManifestResourceNames" in project "Magidesk.Domain.csproj".
   3:7>Target "PrepareResourceNames" in file "C:\Program Files\dotnet\sdk\10.0.101\Microsoft.Common.CurrentVersion.targets" from project "C:\Users\giris\Documents\Code\Redesign-POS\Windows Based POS\Magidesk\Magidesk.Domain\Magidesk.Domain.csproj" (target "PrepareResources" depends on it):
   3:7>Done building target "PrepareResourceNames" in project "Magidesk.Domain.csproj".
       Target "ResolveAssemblyReferences" skipped. Previously built successfully.
       Target "SplitResourcesByCulture" skipped. Previously built successfully.
   3:7>Target "BeforeResGen" in file "C:\Program Files\dotnet\sdk\10.0.101\Microsoft.Common.CurrentVersion.targets" from project "C:\Users\giris\Documents\Code\Redesign-POS\Windows Based POS\Magidesk\Magidesk.Domain\Magidesk.Domain.csproj" (target "ResGen" depends on it):
   3:7>Done building target "BeforeResGen" in project "Magidesk.Domain.csproj".
       Target "ResolveReferences" skipped. Previously built successfully.
   3:7>Target "FindReferenceAssembliesForReferences" in file "C:\Program Files\dotnet\sdk\10.0.101\Microsoft.Common.CurrentVersion.targets" from project "C:\Users\giris\Documents\Code\Redesign-POS\Windows Based POS\Magidesk\Magidesk.Domain\Magidesk.Domain.csproj" (target "CoreResGen" depends on it):
   3:7>Done building target "FindReferenceAssembliesForReferences" in project "Magidesk.Domain.csproj".
   3:7>Target "CoreResGen" in file "C:\Program Files\dotnet\sdk\10.0.101\Microsoft.Common.CurrentVersion.targets" from project "C:\Users\giris\Documents\Code\Redesign-POS\Windows Based POS\Magidesk\Magidesk.Domain\Magidesk.Domain.csproj" (target "ResGen" depends on it):
   3:7>Done building target "CoreResGen" in project "Magidesk.Domain.csproj".
   3:7>Target "AfterResGen" in file "C:\Program Files\dotnet\sdk\10.0.101\Microsoft.Common.CurrentVersion.targets" from project "C:\Users\giris\Documents\Code\Redesign-POS\Windows Based POS\Magidesk\Magidesk.Domain\Magidesk.Domain.csproj" (target "ResGen" depends on it):
   3:7>Done building target "AfterResGen" in project "Magidesk.Domain.csproj".
   3:7>Target "ResGen" in file "C:\Program Files\dotnet\sdk\10.0.101\Microsoft.Common.CurrentVersion.targets" from project "C:\Users\giris\Documents\Code\Redesign-POS\Windows Based POS\Magidesk\Magidesk.Domain\Magidesk.Domain.csproj" (target "PrepareResources" depends on it):
   3:7>Done building target "ResGen" in project "Magidesk.Domain.csproj".
   3:7>Target "PrepareResources" in file "C:\Program Files\dotnet\sdk\10.0.101\Microsoft.Common.CurrentVersion.targets" from project "C:\Users\giris\Documents\Code\Redesign-POS\Windows Based POS\Magidesk\Magidesk.Domain\Magidesk.Domain.csproj" (target "CoreBuild" depends on it):
   3:7>Done building target "PrepareResources" in project "Magidesk.Domain.csproj".
       Target "ResolveReferences" skipped. Previously built successfully.
   3:7>Target "_SetEmbeddedWin32ManifestProperties" in file "C:\Program Files\dotnet\sdk\10.0.101\Microsoft.Common.CurrentVersion.targets" from project "C:\Users\giris\Documents\Code\Redesign-POS\Windows Based POS\Magidesk\Magidesk.Domain\Magidesk.Domain.csproj" (target "SetWin32ManifestProperties" depends on it):
       Using "GetFrameworkPath" task from assembly "Microsoft.Build.Tasks.Core, Version=15.1.0.0, Culture=neutral, PublicKeyToken=b03f5f7f11d50a3a".
       Task "GetFrameworkPath"
       Done executing task "GetFrameworkPath".
   3:7>Done building target "_SetEmbeddedWin32ManifestProperties" in project "Magidesk.Domain.csproj".
   3:7>Target "SetWin32ManifestProperties" in file "C:\Program Files\dotnet\sdk\10.0.101\Microsoft.Common.CurrentVersion.targets" from project "C:\Users\giris\Documents\Code\Redesign-POS\Windows Based POS\Magidesk\Magidesk.Domain\Magidesk.Domain.csproj" (target "Compile" depends on it):
   3:7>Done building target "SetWin32ManifestProperties" in project "Magidesk.Domain.csproj".
       Target "FindReferenceAssembliesForReferences" skipped. Previously built successfully.
   3:7>Target "_GenerateCompileInputs" in file "C:\Program Files\dotnet\sdk\10.0.101\Microsoft.Common.CurrentVersion.targets" from project "C:\Users\giris\Documents\Code\Redesign-POS\Windows Based POS\Magidesk\Magidesk.Domain\Magidesk.Domain.csproj" (target "Compile" depends on it):
   3:7>Done building target "_GenerateCompileInputs" in project "Magidesk.Domain.csproj".
       Target "PrepareForBuild" skipped. Previously built successfully.
   3:7>Target "GenerateMSBuildEditorConfigFileShouldRun" in file "C:\Program Files\dotnet\sdk\10.0.101\Roslyn\Microsoft.Managed.Core.targets" from project "C:\Users\giris\Documents\Code\Redesign-POS\Windows Based POS\Magidesk\Magidesk.Domain\Magidesk.Domain.csproj" (target "GenerateMSBuildEditorConfigFile" depends on it):
   3:7>Done building target "GenerateMSBuildEditorConfigFileShouldRun" in project "Magidesk.Domain.csproj".
   3:7>Target "AddGlobalAnalyzerConfigForPackage_MicrosoftCodeAnalysisCSharpCodeStyle" in file "C:\Program Files\dotnet\sdk\10.0.101\Sdks\Microsoft.NET.Sdk\codestyle\cs\build\Microsoft.CodeAnalysis.CSharp.CodeStyle.targets" from project "C:\Users\giris\Documents\Code\Redesign-POS\Windows Based POS\Magidesk\Magidesk.Domain\Magidesk.Domain.csproj" (target "GenerateMSBuildEditorConfigFileCore" depends on it):
   3:7>Done building target "AddGlobalAnalyzerConfigForPackage_MicrosoftCodeAnalysisCSharpCodeStyle" in project "Magidesk.Domain.csproj".
   3:7>Target "GenerateMSBuildEditorConfigFileCore" in file "C:\Program Files\dotnet\sdk\10.0.101\Roslyn\Microsoft.Managed.Core.targets" from project "C:\Users\giris\Documents\Code\Redesign-POS\Windows Based POS\Magidesk\Magidesk.Domain\Magidesk.Domain.csproj" (target "GenerateMSBuildEditorConfigFile" depends on it):
       Building target "GenerateMSBuildEditorConfigFileCore" completely.
       No input files were specified.
       Using "GenerateMSBuildEditorConfig" task from assembly "C:\Program Files\dotnet\sdk\10.0.101\Sdks\Microsoft.NET.Sdk\targets\..\..\..\Roslyn\Microsoft.Build.Tasks.CodeAnalysis.dll".
       Task "GenerateMSBuildEditorConfig"
       Done executing task "GenerateMSBuildEditorConfig".
   3:7>Done building target "GenerateMSBuildEditorConfigFileCore" in project "Magidesk.Domain.csproj".
   3:7>Target "GenerateMSBuildEditorConfigFile" in file "C:\Program Files\dotnet\sdk\10.0.101\Roslyn\Microsoft.Managed.Core.targets" from project "C:\Users\giris\Documents\Code\Redesign-POS\Windows Based POS\Magidesk\Magidesk.Domain\Magidesk.Domain.csproj" (target "BeforeCompile" depends on it):
   3:7>Done building target "GenerateMSBuildEditorConfigFile" in project "Magidesk.Domain.csproj".
       Target "PrepareForBuild" skipped. Previously built successfully.
       Target "GetReferenceAssemblyPaths" skipped. Previously built successfully.
   3:7>Target "_SetTargetFrameworkMonikerAttribute" in file "C:\Program Files\dotnet\sdk\10.0.101\Microsoft.CSharp.CurrentVersion.targets" from project "C:\Users\giris\Documents\Code\Redesign-POS\Windows Based POS\Magidesk\Magidesk.Domain\Magidesk.Domain.csproj" (target "GenerateTargetFrameworkMonikerAttribute" depends on it):
   3:7>Done building target "_SetTargetFrameworkMonikerAttribute" in project "Magidesk.Domain.csproj".
   3:7>Target "GenerateTargetFrameworkMonikerAttribute" in file "C:\Program Files\dotnet\sdk\10.0.101\Microsoft.Common.CurrentVersion.targets" from project "C:\Users\giris\Documents\Code\Redesign-POS\Windows Based POS\Magidesk\Magidesk.Domain\Magidesk.Domain.csproj" (target "BeforeCompile" depends on it):
       Skipping target "GenerateTargetFrameworkMonikerAttribute" because all output files are up-to-date with respect to the input files.
       Input files: C:\Program Files\dotnet\sdk\10.0.101\Microsoft.Common.targets
       Output files: obj\Debug\net8.0\.NETCoreApp,Version=v8.0.AssemblyAttributes.cs
   3:7>Done building target "GenerateTargetFrameworkMonikerAttribute" in project "Magidesk.Domain.csproj".
       Target "PrepareForBuild" skipped. Previously built successfully.
   3:7>Target "GetAssemblyVersion" in file "C:\Program Files\dotnet\sdk\10.0.101\Sdks\Microsoft.NET.Sdk\targets\Microsoft.NET.GenerateAssemblyInfo.targets" from project "C:\Users\giris\Documents\Code\Redesign-POS\Windows Based POS\Magidesk\Magidesk.Domain\Magidesk.Domain.csproj" (target "GetAssemblyAttributes" depends on it):
       Using "GetAssemblyVersion" task from assembly "C:\Program Files\dotnet\sdk\10.0.101\Sdks\Microsoft.NET.Sdk\targets\..\tools\net10.0\Microsoft.NET.Build.Tasks.dll".
       Task "GetAssemblyVersion"
       Done executing task "GetAssemblyVersion".
   3:7>Done building target "GetAssemblyVersion" in project "Magidesk.Domain.csproj".
   3:7>Target "InitializeSourceControlInformationFromSourceControlManager" in file "C:\Program Files\dotnet\sdk\10.0.101\Sdks\Microsoft.Build.Tasks.Git\build\Microsoft.Build.Tasks.Git.targets" from project "C:\Users\giris\Documents\Code\Redesign-POS\Windows Based POS\Magidesk\Magidesk.Domain\Magidesk.Domain.csproj" (target "_InitializeSourceControlInformationFromSourceControlManager" depends on it):
       Using "Microsoft.Build.Tasks.Git.LocateRepository" task from assembly "C:\Program Files\dotnet\sdk\10.0.101\Sdks\Microsoft.Build.Tasks.Git\build\..\tools\net\Microsoft.Build.Tasks.Git.dll".
       Task "Microsoft.Build.Tasks.Git.LocateRepository"
         SourceLink: Repository instance not found in cache: '*:C:\Users\giris\Documents\Code\Redesign-POS\Windows Based POS\Magidesk\.git'
       Done executing task "Microsoft.Build.Tasks.Git.LocateRepository".
   3:7>Done building target "InitializeSourceControlInformationFromSourceControlManager" in project "Magidesk.Domain.csproj".
   3:7>Target "_SourceLinkHasSingleProvider" in file "C:\Program Files\dotnet\sdk\10.0.101\Sdks\Microsoft.SourceLink.Common\build\InitializeSourceControlInformation.targets" from project "C:\Users\giris\Documents\Code\Redesign-POS\Windows Based POS\Magidesk\Magidesk.Domain\Magidesk.Domain.csproj" (target "_InitializeSourceControlInformationFromSourceControlManager" depends on it):
       Using "Microsoft.SourceLink.Common.SourceLinkHasSingleProvider" task from assembly "C:\Program Files\dotnet\sdk\10.0.101\Sdks\Microsoft.SourceLink.Common\build\..\tools\net\Microsoft.SourceLink.Common.dll".
       Task "Microsoft.SourceLink.Common.SourceLinkHasSingleProvider"
       Done executing task "Microsoft.SourceLink.Common.SourceLinkHasSingleProvider".
   3:7>Done building target "_SourceLinkHasSingleProvider" in project "Magidesk.Domain.csproj".
   3:7>Target "TranslateGitHubUrlsInSourceControlInformation" in file "C:\Program Files\dotnet\sdk\10.0.101\Sdks\Microsoft.SourceLink.GitHub\build\Microsoft.SourceLink.GitHub.targets" from project "C:\Users\giris\Documents\Code\Redesign-POS\Windows Based POS\Magidesk\Magidesk.Domain\Magidesk.Domain.csproj" (target "_InitializeSourceControlInformationFromSourceControlManager" depends on it):
       Using "Microsoft.SourceLink.GitHub.TranslateRepositoryUrls" task from assembly "C:\Program Files\dotnet\sdk\10.0.101\Sdks\Microsoft.SourceLink.GitHub\build\..\tools\net\Microsoft.SourceLink.GitHub.dll".
       Task "Microsoft.SourceLink.GitHub.TranslateRepositoryUrls"
       Done executing task "Microsoft.SourceLink.GitHub.TranslateRepositoryUrls".
   3:7>Done building target "TranslateGitHubUrlsInSourceControlInformation" in project "Magidesk.Domain.csproj".
   3:7>Target "TranslateGitLabUrlsInSourceControlInformation" in file "C:\Program Files\dotnet\sdk\10.0.101\Sdks\Microsoft.SourceLink.GitLab\build\Microsoft.SourceLink.GitLab.targets" from project "C:\Users\giris\Documents\Code\Redesign-POS\Windows Based POS\Magidesk\Magidesk.Domain\Magidesk.Domain.csproj" (target "_InitializeSourceControlInformationFromSourceControlManager" depends on it):
       Using "Microsoft.SourceLink.GitLab.TranslateRepositoryUrls" task from assembly "C:\Program Files\dotnet\sdk\10.0.101\Sdks\Microsoft.SourceLink.GitLab\build\..\tools\net\Microsoft.SourceLink.GitLab.dll".
       Task "Microsoft.SourceLink.GitLab.TranslateRepositoryUrls"
       Done executing task "Microsoft.SourceLink.GitLab.TranslateRepositoryUrls".
   3:7>Done building target "TranslateGitLabUrlsInSourceControlInformation" in project "Magidesk.Domain.csproj".
   3:7>Target "TranslateAzureReposGitUrlsInSourceControlInformation" in file "C:\Program Files\dotnet\sdk\10.0.101\Sdks\Microsoft.SourceLink.AzureRepos.Git\build\Microsoft.SourceLink.AzureRepos.Git.targets" from project "C:\Users\giris\Documents\Code\Redesign-POS\Windows Based POS\Magidesk\Magidesk.Domain\Magidesk.Domain.csproj" (target "_InitializeSourceControlInformationFromSourceControlManager" depends on it):
       Using "Microsoft.SourceLink.AzureRepos.Git.TranslateRepositoryUrls" task from assembly "C:\Program Files\dotnet\sdk\10.0.101\Sdks\Microsoft.SourceLink.AzureRepos.Git\build\..\tools\net\Microsoft.SourceLink.AzureRepos.Git.dll".
       Task "Microsoft.SourceLink.AzureRepos.Git.TranslateRepositoryUrls"
       Done executing task "Microsoft.SourceLink.AzureRepos.Git.TranslateRepositoryUrls".
   3:7>Done building target "TranslateAzureReposGitUrlsInSourceControlInformation" in project "Magidesk.Domain.csproj".
   3:7>Target "TranslateBitbucketGitUrlsInSourceControlInformation" in file "C:\Program Files\dotnet\sdk\10.0.101\Sdks\Microsoft.SourceLink.Bitbucket.Git\build\Microsoft.SourceLink.Bitbucket.Git.targets" from project "C:\Users\giris\Documents\Code\Redesign-POS\Windows Based POS\Magidesk\Magidesk.Domain\Magidesk.Domain.csproj" (target "_InitializeSourceControlInformationFromSourceControlManager" depends on it):
       Using "Microsoft.SourceLink.Bitbucket.Git.TranslateRepositoryUrls" task from assembly "C:\Program Files\dotnet\sdk\10.0.101\Sdks\Microsoft.SourceLink.Bitbucket.Git\build\..\tools\net\Microsoft.SourceLink.Bitbucket.Git.dll".
       Task "Microsoft.SourceLink.Bitbucket.Git.TranslateRepositoryUrls"
       Done executing task "Microsoft.SourceLink.Bitbucket.Git.TranslateRepositoryUrls".
   3:7>Done building target "TranslateBitbucketGitUrlsInSourceControlInformation" in project "Magidesk.Domain.csproj".
   3:7>Target "SourceControlManagerPublishTranslatedUrls" in file "C:\Program Files\dotnet\sdk\10.0.101\Sdks\Microsoft.SourceLink.Common\build\InitializeSourceControlInformation.targets" from project "C:\Users\giris\Documents\Code\Redesign-POS\Windows Based POS\Magidesk\Magidesk.Domain\Magidesk.Domain.csproj" (target "_InitializeSourceControlInformationFromSourceControlManager" depends on it):
   3:7>Done building target "SourceControlManagerPublishTranslatedUrls" in project "Magidesk.Domain.csproj".
   3:7>Target "_InitializeSourceControlInformationFromSourceControlManager" in file "C:\Program Files\dotnet\sdk\10.0.101\Sdks\Microsoft.SourceLink.Common\build\InitializeSourceControlInformation.targets" from project "C:\Users\giris\Documents\Code\Redesign-POS\Windows Based POS\Magidesk\Magidesk.Domain\Magidesk.Domain.csproj" (target "InitializeSourceControlInformation" depends on it):
   3:7>Done building target "_InitializeSourceControlInformationFromSourceControlManager" in project "Magidesk.Domain.csproj".
   3:7>Target "InitializeSourceControlInformation" in file "C:\Program Files\dotnet\sdk\10.0.101\Microsoft.Common.CurrentVersion.targets" from project "C:\Users\giris\Documents\Code\Redesign-POS\Windows Based POS\Magidesk\Magidesk.Domain\Magidesk.Domain.csproj" (target "GetAssemblyAttributes" depends on it):
   3:7>Done building target "InitializeSourceControlInformation" in project "Magidesk.Domain.csproj".
       Target "GetAssemblyVersion" skipped. Previously built successfully.
       Target "InitializeSourceControlInformation" skipped. Previously built successfully.
   3:7>Target "AddSourceRevisionToInformationalVersion" in file "C:\Program Files\dotnet\sdk\10.0.101\Sdks\Microsoft.NET.Sdk\targets\Microsoft.NET.GenerateAssemblyInfo.targets" from project "C:\Users\giris\Documents\Code\Redesign-POS\Windows Based POS\Magidesk\Magidesk.Domain\Magidesk.Domain.csproj" (target "GetAssemblyAttributes" depends on it):
       C:\Program Files\dotnet\sdk\10.0.101\Sdks\Microsoft.NET.Sdk\targets\Microsoft.NET.GenerateAssemblyInfo.targets(70,7): message : Property reassignment: $(InformationalVersion)="1.0.0+7daf99e114323b1db7bd0543719e81a627b85d57" (previous value: "1.0.0") at C:\Program Files\dotnet\sdk\10.0.101\Sdks\Microsoft.NET.Sdk\targets\Microsoft.NET.GenerateAssemblyInfo.targets (70,7) [C:\Users\giris\Documents\Code\Redesign-POS\Windows Based POS\Magidesk\Magidesk.Domain\Magidesk.Domain.csproj]
   3:7>Done building target "AddSourceRevisionToInformationalVersion" in project "Magidesk.Domain.csproj".
   3:7>Target "GetAssemblyAttributes" in file "C:\Program Files\dotnet\sdk\10.0.101\Sdks\Microsoft.NET.Sdk\targets\Microsoft.NET.GenerateAssemblyInfo.targets" from project "C:\Users\giris\Documents\Code\Redesign-POS\Windows Based POS\Magidesk\Magidesk.Domain\Magidesk.Domain.csproj" (target "CreateGeneratedAssemblyInfoInputsCacheFile" depends on it):
   3:7>Done building target "GetAssemblyAttributes" in project "Magidesk.Domain.csproj".
   3:7>Target "CreateGeneratedAssemblyInfoInputsCacheFile" in file "C:\Program Files\dotnet\sdk\10.0.101\Sdks\Microsoft.NET.Sdk\targets\Microsoft.NET.GenerateAssemblyInfo.targets" from project "C:\Users\giris\Documents\Code\Redesign-POS\Windows Based POS\Magidesk\Magidesk.Domain\Magidesk.Domain.csproj" (target "CoreGenerateAssemblyInfo" depends on it):
       Using "Hash" task from assembly "Microsoft.Build.Tasks.Core, Version=15.1.0.0, Culture=neutral, PublicKeyToken=b03f5f7f11d50a3a".
       Task "Hash"
       Done executing task "Hash".
       Task "WriteLinesToFile"
         Skipping write to file "obj\Debug\net8.0\Magidesk.Domain.AssemblyInfoInputs.cache" because content would not change.
       Done executing task "WriteLinesToFile".
   3:7>Done building target "CreateGeneratedAssemblyInfoInputsCacheFile" in project "Magidesk.Domain.csproj".
   3:7>Target "CoreGenerateAssemblyInfo" in file "C:\Program Files\dotnet\sdk\10.0.101\Sdks\Microsoft.NET.Sdk\targets\Microsoft.NET.GenerateAssemblyInfo.targets" from project "C:\Users\giris\Documents\Code\Redesign-POS\Windows Based POS\Magidesk\Magidesk.Domain\Magidesk.Domain.csproj" (target "GenerateAssemblyInfo" depends on it):
       Skipping target "CoreGenerateAssemblyInfo" because all output files are up-to-date with respect to the input files.
       Input files: obj\Debug\net8.0\Magidesk.Domain.AssemblyInfoInputs.cache
       Output files: obj\Debug\net8.0\Magidesk.Domain.AssemblyInfo.cs
   3:7>Done building target "CoreGenerateAssemblyInfo" in project "Magidesk.Domain.csproj".
   3:7>Target "GenerateAssemblyInfo" in file "C:\Program Files\dotnet\sdk\10.0.101\Sdks\Microsoft.NET.Sdk\targets\Microsoft.NET.GenerateAssemblyInfo.targets" from project "C:\Users\giris\Documents\Code\Redesign-POS\Windows Based POS\Magidesk\Magidesk.Domain\Magidesk.Domain.csproj" (target "BeforeCompile" depends on it):
   3:7>Done building target "GenerateAssemblyInfo" in project "Magidesk.Domain.csproj".
   3:7>Target "BeforeCompile" in file "C:\Program Files\dotnet\sdk\10.0.101\Microsoft.Common.CurrentVersion.targets" from project "C:\Users\giris\Documents\Code\Redesign-POS\Windows Based POS\Magidesk\Magidesk.Domain\Magidesk.Domain.csproj" (target "Compile" depends on it):
   3:7>Done building target "BeforeCompile" in project "Magidesk.Domain.csproj".
       Target "ResolveAssemblyReferences" skipped. Previously built successfully.
       Target "_GenerateCompileInputs" skipped. Previously built successfully.
   3:7>Target "_GenerateCompileDependencyCache" in file "C:\Program Files\dotnet\sdk\10.0.101\Microsoft.Common.CurrentVersion.targets" from project "C:\Users\giris\Documents\Code\Redesign-POS\Windows Based POS\Magidesk\Magidesk.Domain\Magidesk.Domain.csproj" (target "Compile" depends on it):
       Task "Hash"
       Done executing task "Hash".
       Task "WriteLinesToFile"
         Skipping write to file "obj\Debug\net8.0\Magidesk.Domain.csproj.CoreCompileInputs.cache" because content would not change.
       Done executing task "WriteLinesToFile".
   3:7>Done building target "_GenerateCompileDependencyCache" in project "Magidesk.Domain.csproj".
   3:7>Target "_BeforeVBCSCoreCompile" in file "C:\Program Files\dotnet\sdk\10.0.101\Roslyn\Microsoft.Managed.Core.targets" from project "C:\Users\giris\Documents\Code\Redesign-POS\Windows Based POS\Magidesk\Magidesk.Domain\Magidesk.Domain.csproj" (target "CoreCompile" depends on it):
   3:7>Done building target "_BeforeVBCSCoreCompile" in project "Magidesk.Domain.csproj".
   3:7>Target "_ComputeSkipAnalyzers" in file "C:\Program Files\dotnet\sdk\10.0.101\Roslyn\Microsoft.Managed.Core.targets" from project "C:\Users\giris\Documents\Code\Redesign-POS\Windows Based POS\Magidesk\Magidesk.Domain\Magidesk.Domain.csproj" (target "CoreCompile" depends on it):
   3:7>Done building target "_ComputeSkipAnalyzers" in project "Magidesk.Domain.csproj".
       Target "BeforeCompile" skipped. Previously built successfully.
       Target "InitializeSourceControlInformationFromSourceControlManager" skipped. Previously built successfully.
   3:7>Target "SetEmbeddedFilesFromSourceControlManagerUntrackedFiles" in file "C:\Program Files\dotnet\sdk\10.0.101\Sdks\Microsoft.Build.Tasks.Git\build\Microsoft.Build.Tasks.Git.targets" from project "C:\Users\giris\Documents\Code\Redesign-POS\Windows Based POS\Magidesk\Magidesk.Domain\Magidesk.Domain.csproj" (target "_SetEmbeddedFilesFromSourceControlManagerUntrackedFiles" depends on it):
       Using "Microsoft.Build.Tasks.Git.GetUntrackedFiles" task from assembly "C:\Program Files\dotnet\sdk\10.0.101\Sdks\Microsoft.Build.Tasks.Git\build\..\tools\net\Microsoft.Build.Tasks.Git.dll".
       Task "Microsoft.Build.Tasks.Git.GetUntrackedFiles"
         SourceLink: Reusing cached git repository information.
       Done executing task "Microsoft.Build.Tasks.Git.GetUntrackedFiles".
   3:7>Done building target "SetEmbeddedFilesFromSourceControlManagerUntrackedFiles" in project "Magidesk.Domain.csproj".
   3:7>Target "_SetEmbeddedFilesFromSourceControlManagerUntrackedFiles" in file "C:\Program Files\dotnet\sdk\10.0.101\Sdks\Microsoft.SourceLink.Common\build\Microsoft.SourceLink.Common.targets" from project "C:\Users\giris\Documents\Code\Redesign-POS\Windows Based POS\Magidesk\Magidesk.Domain\Magidesk.Domain.csproj" (target "CoreCompile" depends on it):
   3:7>Done building target "_SetEmbeddedFilesFromSourceControlManagerUntrackedFiles" in project "Magidesk.Domain.csproj".
       Target "InitializeSourceControlInformation" skipped. Previously built successfully.
   3:7>Target "_SetSourceLinkFilePath" in file "C:\Program Files\dotnet\sdk\10.0.101\Sdks\Microsoft.SourceLink.Common\build\Microsoft.SourceLink.Common.targets" from project "C:\Users\giris\Documents\Code\Redesign-POS\Windows Based POS\Magidesk\Magidesk.Domain\Magidesk.Domain.csproj" (target "_GenerateSourceLinkFile" depends on it):
   3:7>Done building target "_SetSourceLinkFilePath" in project "Magidesk.Domain.csproj".
       Target "InitializeSourceControlInformation" skipped. Previously built successfully.
   3:7>Target "_InitializeSourceRootMappedPathsFromSourceControl" in file "C:\Program Files\dotnet\sdk\10.0.101\Roslyn\Microsoft.Managed.Core.targets" from project "C:\Users\giris\Documents\Code\Redesign-POS\Windows Based POS\Magidesk\Magidesk.Domain\Magidesk.Domain.csproj" (target "InitializeSourceRootMappedPaths" depends on it):
   3:7>Done building target "_InitializeSourceRootMappedPathsFromSourceControl" in project "Magidesk.Domain.csproj".
   3:7>Target "InitializeSourceRootMappedPaths" in file "C:\Program Files\dotnet\sdk\10.0.101\Roslyn\Microsoft.Managed.Core.targets" from project "C:\Users\giris\Documents\Code\Redesign-POS\Windows Based POS\Magidesk\Magidesk.Domain\Magidesk.Domain.csproj" (target "_InitializeSourceRootMappedPathsOpt" depends on it):
       Using "Microsoft.CodeAnalysis.BuildTasks.MapSourceRoots" task from assembly "C:\Program Files\dotnet\sdk\10.0.101\Sdks\Microsoft.NET.Sdk\targets\..\..\..\Roslyn\Microsoft.Build.Tasks.CodeAnalysis.dll".
       Task "Microsoft.CodeAnalysis.BuildTasks.MapSourceRoots"
       Done executing task "Microsoft.CodeAnalysis.BuildTasks.MapSourceRoots".
   3:7>Done building target "InitializeSourceRootMappedPaths" in project "Magidesk.Domain.csproj".
   3:7>Target "_InitializeSourceRootMappedPathsOpt" in file "C:\Program Files\dotnet\sdk\10.0.101\Sdks\Microsoft.SourceLink.Common\build\Microsoft.SourceLink.Common.targets" from project "C:\Users\giris\Documents\Code\Redesign-POS\Windows Based POS\Magidesk\Magidesk.Domain\Magidesk.Domain.csproj" (target "_GenerateSourceLinkFile" depends on it):
   3:7>Done building target "_InitializeSourceRootMappedPathsOpt" in project "Magidesk.Domain.csproj".
   3:7>Target "_InitializeGitHubSourceLinkUrl" in file "C:\Program Files\dotnet\sdk\10.0.101\Sdks\Microsoft.SourceLink.GitHub\build\Microsoft.SourceLink.GitHub.targets" from project "C:\Users\giris\Documents\Code\Redesign-POS\Windows Based POS\Magidesk\Magidesk.Domain\Magidesk.Domain.csproj" (target "_GenerateSourceLinkFile" depends on it):
       Building target "_InitializeGitHubSourceLinkUrl" completely.
       No input files were specified.
       Using "Microsoft.SourceLink.GitHub.GetSourceLinkUrl" task from assembly "C:\Program Files\dotnet\sdk\10.0.101\Sdks\Microsoft.SourceLink.GitHub\build\..\tools\net\Microsoft.SourceLink.GitHub.dll".
       Task "Microsoft.SourceLink.GitHub.GetSourceLinkUrl"
       Done executing task "Microsoft.SourceLink.GitHub.GetSourceLinkUrl".
   3:7>Done building target "_InitializeGitHubSourceLinkUrl" in project "Magidesk.Domain.csproj".
   3:7>Target "_InitializeGitHubSourceLinkUrl" in file "C:\Program Files\dotnet\sdk\10.0.101\Sdks\Microsoft.SourceLink.GitHub\build\Microsoft.SourceLink.GitHub.targets" from project "C:\Users\giris\Documents\Code\Redesign-POS\Windows Based POS\Magidesk\Magidesk.Domain\Magidesk.Domain.csproj" (target "_GenerateSourceLinkFile" depends on it):
       Building target "_InitializeGitHubSourceLinkUrl" completely.
       No input files were specified.
       Task "Microsoft.SourceLink.GitHub.GetSourceLinkUrl"
       Done executing task "Microsoft.SourceLink.GitHub.GetSourceLinkUrl".
   3:7>Done building target "_InitializeGitHubSourceLinkUrl" in project "Magidesk.Domain.csproj".
   3:7>Target "_InitializeGitHubSourceLinkUrl" in file "C:\Program Files\dotnet\sdk\10.0.101\Sdks\Microsoft.SourceLink.GitHub\build\Microsoft.SourceLink.GitHub.targets" from project "C:\Users\giris\Documents\Code\Redesign-POS\Windows Based POS\Magidesk\Magidesk.Domain\Magidesk.Domain.csproj" (target "_GenerateSourceLinkFile" depends on it):
       Building target "_InitializeGitHubSourceLinkUrl" completely.
       No input files were specified.
       Task "Microsoft.SourceLink.GitHub.GetSourceLinkUrl"
       Done executing task "Microsoft.SourceLink.GitHub.GetSourceLinkUrl".
   3:7>Done building target "_InitializeGitHubSourceLinkUrl" in project "Magidesk.Domain.csproj".
   3:7>Target "_InitializeGitLabSourceLinkUrl" in file "C:\Program Files\dotnet\sdk\10.0.101\Sdks\Microsoft.SourceLink.GitLab\build\Microsoft.SourceLink.GitLab.targets" from project "C:\Users\giris\Documents\Code\Redesign-POS\Windows Based POS\Magidesk\Magidesk.Domain\Magidesk.Domain.csproj" (target "_GenerateSourceLinkFile" depends on it):
       Building target "_InitializeGitLabSourceLinkUrl" completely.
       No input files were specified.
       Using "Microsoft.SourceLink.GitLab.GetSourceLinkUrl" task from assembly "C:\Program Files\dotnet\sdk\10.0.101\Sdks\Microsoft.SourceLink.GitLab\build\..\tools\net\Microsoft.SourceLink.GitLab.dll".
       Task "Microsoft.SourceLink.GitLab.GetSourceLinkUrl"
       C:\Program Files\dotnet\sdk\10.0.101\Sdks\Microsoft.SourceLink.GitLab\build\Microsoft.SourceLink.GitLab.targets(37,7): message : Property reassignment: $(_SourceLinkUrlToUpdate)="N/A" (previous value: "https://raw.githubusercontent.com/zedfauji/magidesk-v1/7daf99e114323b1db7bd0543719e81a627b85d57/*") at C:\Program Files\dotnet\sdk\10.0.101\Sdks\Microsoft.SourceLink.GitLab\build\Microsoft.SourceLink.GitLab.targets (37,7) [C:\Users\giris\Documents\Code\Redesign-POS\Windows Based POS\Magidesk\Magidesk.Domain\Magidesk.Domain.csproj]
       Done executing task "Microsoft.SourceLink.GitLab.GetSourceLinkUrl".
   3:7>Done building target "_InitializeGitLabSourceLinkUrl" in project "Magidesk.Domain.csproj".
   3:7>Target "_InitializeGitLabSourceLinkUrl" in file "C:\Program Files\dotnet\sdk\10.0.101\Sdks\Microsoft.SourceLink.GitLab\build\Microsoft.SourceLink.GitLab.targets" from project "C:\Users\giris\Documents\Code\Redesign-POS\Windows Based POS\Magidesk\Magidesk.Domain\Magidesk.Domain.csproj" (target "_GenerateSourceLinkFile" depends on it):
       Building target "_InitializeGitLabSourceLinkUrl" completely.
       No input files were specified.
       Task "Microsoft.SourceLink.GitLab.GetSourceLinkUrl"
       C:\Program Files\dotnet\sdk\10.0.101\Sdks\Microsoft.SourceLink.GitLab\build\Microsoft.SourceLink.GitLab.targets(37,7): message : Property reassignment: $(_SourceLinkUrlToUpdate)="N/A" (previous value: "https://raw.githubusercontent.com/zedfauji/magidesk-v1/7daf99e114323b1db7bd0543719e81a627b85d57/*") at C:\Program Files\dotnet\sdk\10.0.101\Sdks\Microsoft.SourceLink.GitLab\build\Microsoft.SourceLink.GitLab.targets (37,7) [C:\Users\giris\Documents\Code\Redesign-POS\Windows Based POS\Magidesk\Magidesk.Domain\Magidesk.Domain.csproj]
       Done executing task "Microsoft.SourceLink.GitLab.GetSourceLinkUrl".
   3:7>Done building target "_InitializeGitLabSourceLinkUrl" in project "Magidesk.Domain.csproj".
   3:7>Target "_InitializeGitLabSourceLinkUrl" in file "C:\Program Files\dotnet\sdk\10.0.101\Sdks\Microsoft.SourceLink.GitLab\build\Microsoft.SourceLink.GitLab.targets" from project "C:\Users\giris\Documents\Code\Redesign-POS\Windows Based POS\Magidesk\Magidesk.Domain\Magidesk.Domain.csproj" (target "_GenerateSourceLinkFile" depends on it):
       Building target "_InitializeGitLabSourceLinkUrl" completely.
       No input files were specified.
       Task "Microsoft.SourceLink.GitLab.GetSourceLinkUrl"
       C:\Program Files\dotnet\sdk\10.0.101\Sdks\Microsoft.SourceLink.GitLab\build\Microsoft.SourceLink.GitLab.targets(37,7): message : Property reassignment: $(_SourceLinkUrlToUpdate)="N/A" (previous value: "https://raw.githubusercontent.com/zedfauji/magidesk-v1/7daf99e114323b1db7bd0543719e81a627b85d57/*") at C:\Program Files\dotnet\sdk\10.0.101\Sdks\Microsoft.SourceLink.GitLab\build\Microsoft.SourceLink.GitLab.targets (37,7) [C:\Users\giris\Documents\Code\Redesign-POS\Windows Based POS\Magidesk\Magidesk.Domain\Magidesk.Domain.csproj]
       Done executing task "Microsoft.SourceLink.GitLab.GetSourceLinkUrl".
   3:7>Done building target "_InitializeGitLabSourceLinkUrl" in project "Magidesk.Domain.csproj".
   3:7>Target "_InitializeAzureReposGitSourceLinkUrl" in file "C:\Program Files\dotnet\sdk\10.0.101\Sdks\Microsoft.SourceLink.AzureRepos.Git\build\Microsoft.SourceLink.AzureRepos.Git.targets" from project "C:\Users\giris\Documents\Code\Redesign-POS\Windows Based POS\Magidesk\Magidesk.Domain\Magidesk.Domain.csproj" (target "_GenerateSourceLinkFile" depends on it):
       Building target "_InitializeAzureReposGitSourceLinkUrl" completely.
       No input files were specified.
       Using "Microsoft.SourceLink.AzureRepos.Git.GetSourceLinkUrl" task from assembly "C:\Program Files\dotnet\sdk\10.0.101\Sdks\Microsoft.SourceLink.AzureRepos.Git\build\..\tools\net\Microsoft.SourceLink.AzureRepos.Git.dll".
       Task "Microsoft.SourceLink.AzureRepos.Git.GetSourceLinkUrl"
       Done executing task "Microsoft.SourceLink.AzureRepos.Git.GetSourceLinkUrl".
   3:7>Done building target "_InitializeAzureReposGitSourceLinkUrl" in project "Magidesk.Domain.csproj".
   3:7>Target "_InitializeAzureReposGitSourceLinkUrl" in file "C:\Program Files\dotnet\sdk\10.0.101\Sdks\Microsoft.SourceLink.AzureRepos.Git\build\Microsoft.SourceLink.AzureRepos.Git.targets" from project "C:\Users\giris\Documents\Code\Redesign-POS\Windows Based POS\Magidesk\Magidesk.Domain\Magidesk.Domain.csproj" (target "_GenerateSourceLinkFile" depends on it):
       Building target "_InitializeAzureReposGitSourceLinkUrl" completely.
       No input files were specified.
       Task "Microsoft.SourceLink.AzureRepos.Git.GetSourceLinkUrl"
       Done executing task "Microsoft.SourceLink.AzureRepos.Git.GetSourceLinkUrl".
   3:7>Done building target "_InitializeAzureReposGitSourceLinkUrl" in project "Magidesk.Domain.csproj".
   3:7>Target "_InitializeAzureReposGitSourceLinkUrl" in file "C:\Program Files\dotnet\sdk\10.0.101\Sdks\Microsoft.SourceLink.AzureRepos.Git\build\Microsoft.SourceLink.AzureRepos.Git.targets" from project "C:\Users\giris\Documents\Code\Redesign-POS\Windows Based POS\Magidesk\Magidesk.Domain\Magidesk.Domain.csproj" (target "_GenerateSourceLinkFile" depends on it):
       Building target "_InitializeAzureReposGitSourceLinkUrl" completely.
       No input files were specified.
       Task "Microsoft.SourceLink.AzureRepos.Git.GetSourceLinkUrl"
       Done executing task "Microsoft.SourceLink.AzureRepos.Git.GetSourceLinkUrl".
   3:7>Done building target "_InitializeAzureReposGitSourceLinkUrl" in project "Magidesk.Domain.csproj".
   3:7>Target "_InitializeBitbucketGitSourceLinkUrl" in file "C:\Program Files\dotnet\sdk\10.0.101\Sdks\Microsoft.SourceLink.Bitbucket.Git\build\Microsoft.SourceLink.Bitbucket.Git.targets" from project "C:\Users\giris\Documents\Code\Redesign-POS\Windows Based POS\Magidesk\Magidesk.Domain\Magidesk.Domain.csproj" (target "_GenerateSourceLinkFile" depends on it):
       Building target "_InitializeBitbucketGitSourceLinkUrl" completely.
       No input files were specified.
       Using "Microsoft.SourceLink.Bitbucket.Git.GetSourceLinkUrl" task from assembly "C:\Program Files\dotnet\sdk\10.0.101\Sdks\Microsoft.SourceLink.Bitbucket.Git\build\..\tools\net\Microsoft.SourceLink.Bitbucket.Git.dll".
       Task "Microsoft.SourceLink.Bitbucket.Git.GetSourceLinkUrl"
       Done executing task "Microsoft.SourceLink.Bitbucket.Git.GetSourceLinkUrl".
   3:7>Done building target "_InitializeBitbucketGitSourceLinkUrl" in project "Magidesk.Domain.csproj".
   3:7>Target "_InitializeBitbucketGitSourceLinkUrl" in file "C:\Program Files\dotnet\sdk\10.0.101\Sdks\Microsoft.SourceLink.Bitbucket.Git\build\Microsoft.SourceLink.Bitbucket.Git.targets" from project "C:\Users\giris\Documents\Code\Redesign-POS\Windows Based POS\Magidesk\Magidesk.Domain\Magidesk.Domain.csproj" (target "_GenerateSourceLinkFile" depends on it):
       Building target "_InitializeBitbucketGitSourceLinkUrl" completely.
       No input files were specified.
       Task "Microsoft.SourceLink.Bitbucket.Git.GetSourceLinkUrl"
       Done executing task "Microsoft.SourceLink.Bitbucket.Git.GetSourceLinkUrl".
   3:7>Done building target "_InitializeBitbucketGitSourceLinkUrl" in project "Magidesk.Domain.csproj".
   3:7>Target "_InitializeBitbucketGitSourceLinkUrl" in file "C:\Program Files\dotnet\sdk\10.0.101\Sdks\Microsoft.SourceLink.Bitbucket.Git\build\Microsoft.SourceLink.Bitbucket.Git.targets" from project "C:\Users\giris\Documents\Code\Redesign-POS\Windows Based POS\Magidesk\Magidesk.Domain\Magidesk.Domain.csproj" (target "_GenerateSourceLinkFile" depends on it):
       Building target "_InitializeBitbucketGitSourceLinkUrl" completely.
       No input files were specified.
       Task "Microsoft.SourceLink.Bitbucket.Git.GetSourceLinkUrl"
       Done executing task "Microsoft.SourceLink.Bitbucket.Git.GetSourceLinkUrl".
   3:7>Done building target "_InitializeBitbucketGitSourceLinkUrl" in project "Magidesk.Domain.csproj".
   3:7>Target "_GenerateSourceLinkFile" in file "C:\Program Files\dotnet\sdk\10.0.101\Sdks\Microsoft.SourceLink.Common\build\Microsoft.SourceLink.Common.targets" from project "C:\Users\giris\Documents\Code\Redesign-POS\Windows Based POS\Magidesk\Magidesk.Domain\Magidesk.Domain.csproj" (target "GenerateSourceLinkFile" depends on it):
       Building target "_GenerateSourceLinkFile" completely.
       No input files were specified.
       Using "Microsoft.SourceLink.Common.GenerateSourceLinkFile" task from assembly "C:\Program Files\dotnet\sdk\10.0.101\Sdks\Microsoft.SourceLink.Common\build\..\tools\net\Microsoft.SourceLink.Common.dll".
       Task "Microsoft.SourceLink.Common.GenerateSourceLinkFile"
         Source Link file 'obj\Debug\net8.0\Magidesk.Domain.sourcelink.json' is up-to-date.
       Done executing task "Microsoft.SourceLink.Common.GenerateSourceLinkFile".
   3:7>Done building target "_GenerateSourceLinkFile" in project "Magidesk.Domain.csproj".
   3:7>Target "GenerateSourceLinkFile" in file "C:\Program Files\dotnet\sdk\10.0.101\Sdks\Microsoft.SourceLink.Common\build\Microsoft.SourceLink.Common.targets" from project "C:\Users\giris\Documents\Code\Redesign-POS\Windows Based POS\Magidesk\Magidesk.Domain\Magidesk.Domain.csproj" (target "CoreCompile" depends on it):
   3:7>Done building target "GenerateSourceLinkFile" in project "Magidesk.Domain.csproj".
   3:7>Target "AddGlobalAnalyzerConfigForPackage_MicrosoftCodeAnalysisNetAnalyzers" in file "C:\Program Files\dotnet\sdk\10.0.101\Sdks\Microsoft.NET.Sdk\analyzers\build\Microsoft.CodeAnalysis.NetAnalyzers.targets" from project "C:\Users\giris\Documents\Code\Redesign-POS\Windows Based POS\Magidesk\Magidesk.Domain\Magidesk.Domain.csproj" (target "CoreCompile" depends on it):
   3:7>Done building target "AddGlobalAnalyzerConfigForPackage_MicrosoftCodeAnalysisNetAnalyzers" in project "Magidesk.Domain.csproj".
   3:7>Target "CoreCompile" in file "C:\Program Files\dotnet\sdk\10.0.101\Roslyn\Microsoft.CSharp.Core.targets" from project "C:\Users\giris\Documents\Code\Redesign-POS\Windows Based POS\Magidesk\Magidesk.Domain\Magidesk.Domain.csproj" (target "Compile" depends on it):
       Skipping target "CoreCompile" because all output files are up-to-date with respect to the input files.
       Input files: 
           DomainEvents\CashSessionEvents.cs
           DomainEvents\DomainEventBase.cs
           DomainEvents\IDomainEvent.cs
           DomainEvents\PaymentEvents.cs
           DomainEvents\TicketEvents.cs
           DomainServices\CashSessionDomainService.cs
           DomainServices\DiscountDomainService.cs
           DomainServices\PaymentDomainService.cs
           DomainServices\ServiceChargeDomainService.cs
           DomainServices\TaxDomainService.cs
           DomainServices\TicketDomainService.cs
           Entities\AttendanceHistory.cs
           Entities\AuditEvent.cs
           Entities\CashDrop.cs
           Entities\CashPayment.cs
           Entities\CashSession.cs
           Entities\ComboDefinition.cs
           Entities\ComboGroup.cs
           Entities\ComboGroupItem.cs
           Entities\CreditCardPayment.cs
           Entities\CustomPayment.cs
           Entities\DebitCardPayment.cs
           Entities\Discount.cs
           Entities\DrawerBleed.cs
           Entities\Floor.cs
           Entities\FractionalModifier.cs
           Entities\GiftCertificatePayment.cs
           Entities\Gratuity.cs
           Entities\GroupSettlement.cs
           Entities\InventoryAdjustment.cs
           Entities\InventoryItem.cs
           Entities\KitchenOrder.cs
           Entities\KitchenOrderItem.cs
           Entities\MenuCategory.cs
           Entities\MenuGroup.cs
           Entities\MenuItem.cs
           Entities\MenuItemModifierGroup.cs
           Entities\MenuModifier.cs
           Entities\MerchantGatewayConfiguration.cs
           Entities\ModifierGroup.cs
           Entities\OrderLine.cs
           Entities\OrderLineDiscount.cs
           Entities\OrderLineModifier.cs
           Entities\OrderType.cs
           Entities\Payment.cs
           Entities\PaymentBatch.cs
           Entities\Payout.cs
           Entities\PrinterGroup.cs
           Entities\PrinterMapping.cs
           Entities\PurchaseOrder.cs
           Entities\RestaurantConfiguration.cs
           Entities\Role.cs
           Entities\ServerSection.cs
           Entities\Shift.cs
           Entities\Table.cs
           Entities\TableLayout.cs
           Entities\TableShape.cs
           Entities\Terminal.cs
           Entities\TerminalTransaction.cs
           Entities\Ticket.cs
           Entities\TicketDiscount.cs
           Entities\User.cs
           Entities\Vendor.cs
           Enumerations\ApplicationType.cs
           Enumerations\AuditEventType.cs
           Enumerations\CashSessionStatus.cs
           Enumerations\DiscountType.cs
           Enumerations\KitchenStatus.cs
           Enumerations\ModifierPortion.cs
           Enumerations\ModifierType.cs
           Enumerations\PaymentBatchStatus.cs
           Enumerations\PaymentType.cs
           Enumerations\PriceStrategy.cs
           Enumerations\PrinterType.cs
           Enumerations\PurchaseOrderStatus.cs
           Enumerations\QualificationType.cs
           Enumerations\TableStatus.cs
           Enumerations\TerminalTransactionType.cs
           Enumerations\TicketStatus.cs
           Enumerations\TransactionType.cs
           Enumerations\UserPermission.cs
           Enums\TableShapeType.cs
           Events\GroupSettleEvent.cs
           Events\PaymentProcessedEvent.cs
           Events\TicketSplitBySeatEvent.cs
           Exceptions\BusinessRuleViolationException.cs
           Exceptions\ConcurrencyException.cs
           Exceptions\DomainException.cs
           Exceptions\InvalidOperationException.cs
           Exceptions\NotFoundException.cs
           Services\PriceCalculator.cs
           ValueObjects\Money.cs
           ValueObjects\RecipeLine.cs
           ValueObjects\TaxGroup.cs
           ValueObjects\TaxRate.cs
           ValueObjects\UserId.cs
           obj\Debug\net8.0\Magidesk.Domain.GlobalUsings.g.cs
           obj\Debug\net8.0\.NETCoreApp,Version=v8.0.AssemblyAttributes.cs
           obj\Debug\net8.0\Magidesk.Domain.AssemblyInfo.cs
           C:\Program Files\dotnet\packs\Microsoft.NETCore.App.Ref\8.0.22\ref\net8.0\Microsoft.CSharp.dll
           C:\Program Files\dotnet\packs\Microsoft.NETCore.App.Ref\8.0.22\ref\net8.0\Microsoft.VisualBasic.Core.dll
           C:\Program Files\dotnet\packs\Microsoft.NETCore.App.Ref\8.0.22\ref\net8.0\Microsoft.VisualBasic.dll
           C:\Program Files\dotnet\packs\Microsoft.NETCore.App.Ref\8.0.22\ref\net8.0\Microsoft.Win32.Primitives.dll
           C:\Program Files\dotnet\packs\Microsoft.NETCore.App.Ref\8.0.22\ref\net8.0\Microsoft.Win32.Registry.dll
           C:\Program Files\dotnet\packs\Microsoft.NETCore.App.Ref\8.0.22\ref\net8.0\mscorlib.dll
           C:\Program Files\dotnet\packs\Microsoft.NETCore.App.Ref\8.0.22\ref\net8.0\netstandard.dll
           C:\Program Files\dotnet\packs\Microsoft.NETCore.App.Ref\8.0.22\ref\net8.0\System.AppContext.dll
           C:\Program Files\dotnet\packs\Microsoft.NETCore.App.Ref\8.0.22\ref\net8.0\System.Buffers.dll
           C:\Program Files\dotnet\packs\Microsoft.NETCore.App.Ref\8.0.22\ref\net8.0\System.Collections.Concurrent.dll
           C:\Program Files\dotnet\packs\Microsoft.NETCore.App.Ref\8.0.22\ref\net8.0\System.Collections.dll
           C:\Program Files\dotnet\packs\Microsoft.NETCore.App.Ref\8.0.22\ref\net8.0\System.Collections.Immutable.dll
           C:\Program Files\dotnet\packs\Microsoft.NETCore.App.Ref\8.0.22\ref\net8.0\System.Collections.NonGeneric.dll
           C:\Program Files\dotnet\packs\Microsoft.NETCore.App.Ref\8.0.22\ref\net8.0\System.Collections.Specialized.dll
           C:\Program Files\dotnet\packs\Microsoft.NETCore.App.Ref\8.0.22\ref\net8.0\System.ComponentModel.Annotations.dll
           C:\Program Files\dotnet\packs\Microsoft.NETCore.App.Ref\8.0.22\ref\net8.0\System.ComponentModel.DataAnnotations.dll
           C:\Program Files\dotnet\packs\Microsoft.NETCore.App.Ref\8.0.22\ref\net8.0\System.ComponentModel.dll
           C:\Program Files\dotnet\packs\Microsoft.NETCore.App.Ref\8.0.22\ref\net8.0\System.ComponentModel.EventBasedAsync.dll
           C:\Program Files\dotnet\packs\Microsoft.NETCore.App.Ref\8.0.22\ref\net8.0\System.ComponentModel.Primitives.dll
           C:\Program Files\dotnet\packs\Microsoft.NETCore.App.Ref\8.0.22\ref\net8.0\System.ComponentModel.TypeConverter.dll
           C:\Program Files\dotnet\packs\Microsoft.NETCore.App.Ref\8.0.22\ref\net8.0\System.Configuration.dll
           C:\Program Files\dotnet\packs\Microsoft.NETCore.App.Ref\8.0.22\ref\net8.0\System.Console.dll
           C:\Program Files\dotnet\packs\Microsoft.NETCore.App.Ref\8.0.22\ref\net8.0\System.Core.dll
           C:\Program Files\dotnet\packs\Microsoft.NETCore.App.Ref\8.0.22\ref\net8.0\System.Data.Common.dll
           C:\Program Files\dotnet\packs\Microsoft.NETCore.App.Ref\8.0.22\ref\net8.0\System.Data.DataSetExtensions.dll
           C:\Program Files\dotnet\packs\Microsoft.NETCore.App.Ref\8.0.22\ref\net8.0\System.Data.dll
           C:\Program Files\dotnet\packs\Microsoft.NETCore.App.Ref\8.0.22\ref\net8.0\System.Diagnostics.Contracts.dll
           C:\Program Files\dotnet\packs\Microsoft.NETCore.App.Ref\8.0.22\ref\net8.0\System.Diagnostics.Debug.dll
           C:\Program Files\dotnet\packs\Microsoft.NETCore.App.Ref\8.0.22\ref\net8.0\System.Diagnostics.DiagnosticSource.dll
           C:\Program Files\dotnet\packs\Microsoft.NETCore.App.Ref\8.0.22\ref\net8.0\System.Diagnostics.FileVersionInfo.dll
           C:\Program Files\dotnet\packs\Microsoft.NETCore.App.Ref\8.0.22\ref\net8.0\System.Diagnostics.Process.dll
           C:\Program Files\dotnet\packs\Microsoft.NETCore.App.Ref\8.0.22\ref\net8.0\System.Diagnostics.StackTrace.dll
           C:\Program Files\dotnet\packs\Microsoft.NETCore.App.Ref\8.0.22\ref\net8.0\System.Diagnostics.TextWriterTraceListener.dll
           C:\Program Files\dotnet\packs\Microsoft.NETCore.App.Ref\8.0.22\ref\net8.0\System.Diagnostics.Tools.dll
           C:\Program Files\dotnet\packs\Microsoft.NETCore.App.Ref\8.0.22\ref\net8.0\System.Diagnostics.TraceSource.dll
           C:\Program Files\dotnet\packs\Microsoft.NETCore.App.Ref\8.0.22\ref\net8.0\System.Diagnostics.Tracing.dll
           C:\Program Files\dotnet\packs\Microsoft.NETCore.App.Ref\8.0.22\ref\net8.0\System.dll
           C:\Program Files\dotnet\packs\Microsoft.NETCore.App.Ref\8.0.22\ref\net8.0\System.Drawing.dll
           C:\Program Files\dotnet\packs\Microsoft.NETCore.App.Ref\8.0.22\ref\net8.0\System.Drawing.Primitives.dll
           C:\Program Files\dotnet\packs\Microsoft.NETCore.App.Ref\8.0.22\ref\net8.0\System.Dynamic.Runtime.dll
           C:\Program Files\dotnet\packs\Microsoft.NETCore.App.Ref\8.0.22\ref\net8.0\System.Formats.Asn1.dll
           C:\Program Files\dotnet\packs\Microsoft.NETCore.App.Ref\8.0.22\ref\net8.0\System.Formats.Tar.dll
           C:\Program Files\dotnet\packs\Microsoft.NETCore.App.Ref\8.0.22\ref\net8.0\System.Globalization.Calendars.dll
           C:\Program Files\dotnet\packs\Microsoft.NETCore.App.Ref\8.0.22\ref\net8.0\System.Globalization.dll
           C:\Program Files\dotnet\packs\Microsoft.NETCore.App.Ref\8.0.22\ref\net8.0\System.Globalization.Extensions.dll
           C:\Program Files\dotnet\packs\Microsoft.NETCore.App.Ref\8.0.22\ref\net8.0\System.IO.Compression.Brotli.dll
           C:\Program Files\dotnet\packs\Microsoft.NETCore.App.Ref\8.0.22\ref\net8.0\System.IO.Compression.dll
           C:\Program Files\dotnet\packs\Microsoft.NETCore.App.Ref\8.0.22\ref\net8.0\System.IO.Compression.FileSystem.dll
           C:\Program Files\dotnet\packs\Microsoft.NETCore.App.Ref\8.0.22\ref\net8.0\System.IO.Compression.ZipFile.dll
           C:\Program Files\dotnet\packs\Microsoft.NETCore.App.Ref\8.0.22\ref\net8.0\System.IO.dll
           C:\Program Files\dotnet\packs\Microsoft.NETCore.App.Ref\8.0.22\ref\net8.0\System.IO.FileSystem.AccessControl.dll
           C:\Program Files\dotnet\packs\Microsoft.NETCore.App.Ref\8.0.22\ref\net8.0\System.IO.FileSystem.dll
           C:\Program Files\dotnet\packs\Microsoft.NETCore.App.Ref\8.0.22\ref\net8.0\System.IO.FileSystem.DriveInfo.dll
           C:\Program Files\dotnet\packs\Microsoft.NETCore.App.Ref\8.0.22\ref\net8.0\System.IO.FileSystem.Primitives.dll
           C:\Program Files\dotnet\packs\Microsoft.NETCore.App.Ref\8.0.22\ref\net8.0\System.IO.FileSystem.Watcher.dll
           C:\Program Files\dotnet\packs\Microsoft.NETCore.App.Ref\8.0.22\ref\net8.0\System.IO.IsolatedStorage.dll
           C:\Program Files\dotnet\packs\Microsoft.NETCore.App.Ref\8.0.22\ref\net8.0\System.IO.MemoryMappedFiles.dll
           C:\Program Files\dotnet\packs\Microsoft.NETCore.App.Ref\8.0.22\ref\net8.0\System.IO.Pipes.AccessControl.dll
           C:\Program Files\dotnet\packs\Microsoft.NETCore.App.Ref\8.0.22\ref\net8.0\System.IO.Pipes.dll
           C:\Program Files\dotnet\packs\Microsoft.NETCore.App.Ref\8.0.22\ref\net8.0\System.IO.UnmanagedMemoryStream.dll
           C:\Program Files\dotnet\packs\Microsoft.NETCore.App.Ref\8.0.22\ref\net8.0\System.Linq.dll
           C:\Program Files\dotnet\packs\Microsoft.NETCore.App.Ref\8.0.22\ref\net8.0\System.Linq.Expressions.dll
           C:\Program Files\dotnet\packs\Microsoft.NETCore.App.Ref\8.0.22\ref\net8.0\System.Linq.Parallel.dll
           C:\Program Files\dotnet\packs\Microsoft.NETCore.App.Ref\8.0.22\ref\net8.0\System.Linq.Queryable.dll
           C:\Program Files\dotnet\packs\Microsoft.NETCore.App.Ref\8.0.22\ref\net8.0\System.Memory.dll
           C:\Program Files\dotnet\packs\Microsoft.NETCore.App.Ref\8.0.22\ref\net8.0\System.Net.dll
           C:\Program Files\dotnet\packs\Microsoft.NETCore.App.Ref\8.0.22\ref\net8.0\System.Net.Http.dll
           C:\Program Files\dotnet\packs\Microsoft.NETCore.App.Ref\8.0.22\ref\net8.0\System.Net.Http.Json.dll
           C:\Program Files\dotnet\packs\Microsoft.NETCore.App.Ref\8.0.22\ref\net8.0\System.Net.HttpListener.dll
           C:\Program Files\dotnet\packs\Microsoft.NETCore.App.Ref\8.0.22\ref\net8.0\System.Net.Mail.dll
           C:\Program Files\dotnet\packs\Microsoft.NETCore.App.Ref\8.0.22\ref\net8.0\System.Net.NameResolution.dll
           C:\Program Files\dotnet\packs\Microsoft.NETCore.App.Ref\8.0.22\ref\net8.0\System.Net.NetworkInformation.dll
           C:\Program Files\dotnet\packs\Microsoft.NETCore.App.Ref\8.0.22\ref\net8.0\System.Net.Ping.dll
           C:\Program Files\dotnet\packs\Microsoft.NETCore.App.Ref\8.0.22\ref\net8.0\System.Net.Primitives.dll
           C:\Program Files\dotnet\packs\Microsoft.NETCore.App.Ref\8.0.22\ref\net8.0\System.Net.Quic.dll
           C:\Program Files\dotnet\packs\Microsoft.NETCore.App.Ref\8.0.22\ref\net8.0\System.Net.Requests.dll
           C:\Program Files\dotnet\packs\Microsoft.NETCore.App.Ref\8.0.22\ref\net8.0\System.Net.Security.dll
           C:\Program Files\dotnet\packs\Microsoft.NETCore.App.Ref\8.0.22\ref\net8.0\System.Net.ServicePoint.dll
           C:\Program Files\dotnet\packs\Microsoft.NETCore.App.Ref\8.0.22\ref\net8.0\System.Net.Sockets.dll
           C:\Program Files\dotnet\packs\Microsoft.NETCore.App.Ref\8.0.22\ref\net8.0\System.Net.WebClient.dll
           C:\Program Files\dotnet\packs\Microsoft.NETCore.App.Ref\8.0.22\ref\net8.0\System.Net.WebHeaderCollection.dll
           C:\Program Files\dotnet\packs\Microsoft.NETCore.App.Ref\8.0.22\ref\net8.0\System.Net.WebProxy.dll
           C:\Program Files\dotnet\packs\Microsoft.NETCore.App.Ref\8.0.22\ref\net8.0\System.Net.WebSockets.Client.dll
           C:\Program Files\dotnet\packs\Microsoft.NETCore.App.Ref\8.0.22\ref\net8.0\System.Net.WebSockets.dll
           C:\Program Files\dotnet\packs\Microsoft.NETCore.App.Ref\8.0.22\ref\net8.0\System.Numerics.dll
           C:\Program Files\dotnet\packs\Microsoft.NETCore.App.Ref\8.0.22\ref\net8.0\System.Numerics.Vectors.dll
           C:\Program Files\dotnet\packs\Microsoft.NETCore.App.Ref\8.0.22\ref\net8.0\System.ObjectModel.dll
           C:\Program Files\dotnet\packs\Microsoft.NETCore.App.Ref\8.0.22\ref\net8.0\System.Reflection.DispatchProxy.dll
           C:\Program Files\dotnet\packs\Microsoft.NETCore.App.Ref\8.0.22\ref\net8.0\System.Reflection.dll
           C:\Program Files\dotnet\packs\Microsoft.NETCore.App.Ref\8.0.22\ref\net8.0\System.Reflection.Emit.dll
           C:\Program Files\dotnet\packs\Microsoft.NETCore.App.Ref\8.0.22\ref\net8.0\System.Reflection.Emit.ILGeneration.dll
           C:\Program Files\dotnet\packs\Microsoft.NETCore.App.Ref\8.0.22\ref\net8.0\System.Reflection.Emit.Lightweight.dll
           C:\Program Files\dotnet\packs\Microsoft.NETCore.App.Ref\8.0.22\ref\net8.0\System.Reflection.Extensions.dll
           C:\Program Files\dotnet\packs\Microsoft.NETCore.App.Ref\8.0.22\ref\net8.0\System.Reflection.Metadata.dll
           C:\Program Files\dotnet\packs\Microsoft.NETCore.App.Ref\8.0.22\ref\net8.0\System.Reflection.Primitives.dll
           C:\Program Files\dotnet\packs\Microsoft.NETCore.App.Ref\8.0.22\ref\net8.0\System.Reflection.TypeExtensions.dll
           C:\Program Files\dotnet\packs\Microsoft.NETCore.App.Ref\8.0.22\ref\net8.0\System.Resources.Reader.dll
           C:\Program Files\dotnet\packs\Microsoft.NETCore.App.Ref\8.0.22\ref\net8.0\System.Resources.ResourceManager.dll
           C:\Program Files\dotnet\packs\Microsoft.NETCore.App.Ref\8.0.22\ref\net8.0\System.Resources.Writer.dll
           C:\Program Files\dotnet\packs\Microsoft.NETCore.App.Ref\8.0.22\ref\net8.0\System.Runtime.CompilerServices.Unsafe.dll
           C:\Program Files\dotnet\packs\Microsoft.NETCore.App.Ref\8.0.22\ref\net8.0\System.Runtime.CompilerServices.VisualC.dll
           C:\Program Files\dotnet\packs\Microsoft.NETCore.App.Ref\8.0.22\ref\net8.0\System.Runtime.dll
           C:\Program Files\dotnet\packs\Microsoft.NETCore.App.Ref\8.0.22\ref\net8.0\System.Runtime.Extensions.dll
           C:\Program Files\dotnet\packs\Microsoft.NETCore.App.Ref\8.0.22\ref\net8.0\System.Runtime.Handles.dll
           C:\Program Files\dotnet\packs\Microsoft.NETCore.App.Ref\8.0.22\ref\net8.0\System.Runtime.InteropServices.dll
           C:\Program Files\dotnet\packs\Microsoft.NETCore.App.Ref\8.0.22\ref\net8.0\System.Runtime.InteropServices.JavaScript.dll
           C:\Program Files\dotnet\packs\Microsoft.NETCore.App.Ref\8.0.22\ref\net8.0\System.Runtime.InteropServices.RuntimeInformation.dll
           C:\Program Files\dotnet\packs\Microsoft.NETCore.App.Ref\8.0.22\ref\net8.0\System.Runtime.Intrinsics.dll
           C:\Program Files\dotnet\packs\Microsoft.NETCore.App.Ref\8.0.22\ref\net8.0\System.Runtime.Loader.dll
           C:\Program Files\dotnet\packs\Microsoft.NETCore.App.Ref\8.0.22\ref\net8.0\System.Runtime.Numerics.dll
           C:\Program Files\dotnet\packs\Microsoft.NETCore.App.Ref\8.0.22\ref\net8.0\System.Runtime.Serialization.dll
           C:\Program Files\dotnet\packs\Microsoft.NETCore.App.Ref\8.0.22\ref\net8.0\System.Runtime.Serialization.Formatters.dll
           C:\Program Files\dotnet\packs\Microsoft.NETCore.App.Ref\8.0.22\ref\net8.0\System.Runtime.Serialization.Json.dll
           C:\Program Files\dotnet\packs\Microsoft.NETCore.App.Ref\8.0.22\ref\net8.0\System.Runtime.Serialization.Primitives.dll
           C:\Program Files\dotnet\packs\Microsoft.NETCore.App.Ref\8.0.22\ref\net8.0\System.Runtime.Serialization.Xml.dll
           C:\Program Files\dotnet\packs\Microsoft.NETCore.App.Ref\8.0.22\ref\net8.0\System.Security.AccessControl.dll
           C:\Program Files\dotnet\packs\Microsoft.NETCore.App.Ref\8.0.22\ref\net8.0\System.Security.Claims.dll
           C:\Program Files\dotnet\packs\Microsoft.NETCore.App.Ref\8.0.22\ref\net8.0\System.Security.Cryptography.Algorithms.dll
           C:\Program Files\dotnet\packs\Microsoft.NETCore.App.Ref\8.0.22\ref\net8.0\System.Security.Cryptography.Cng.dll
           C:\Program Files\dotnet\packs\Microsoft.NETCore.App.Ref\8.0.22\ref\net8.0\System.Security.Cryptography.Csp.dll
           C:\Program Files\dotnet\packs\Microsoft.NETCore.App.Ref\8.0.22\ref\net8.0\System.Security.Cryptography.dll
           C:\Program Files\dotnet\packs\Microsoft.NETCore.App.Ref\8.0.22\ref\net8.0\System.Security.Cryptography.Encoding.dll
           C:\Program Files\dotnet\packs\Microsoft.NETCore.App.Ref\8.0.22\ref\net8.0\System.Security.Cryptography.OpenSsl.dll
           C:\Program Files\dotnet\packs\Microsoft.NETCore.App.Ref\8.0.22\ref\net8.0\System.Security.Cryptography.Primitives.dll
           C:\Program Files\dotnet\packs\Microsoft.NETCore.App.Ref\8.0.22\ref\net8.0\System.Security.Cryptography.X509Certificates.dll
           C:\Program Files\dotnet\packs\Microsoft.NETCore.App.Ref\8.0.22\ref\net8.0\System.Security.dll
           C:\Program Files\dotnet\packs\Microsoft.NETCore.App.Ref\8.0.22\ref\net8.0\System.Security.Principal.dll
           C:\Program Files\dotnet\packs\Microsoft.NETCore.App.Ref\8.0.22\ref\net8.0\System.Security.Principal.Windows.dll
           C:\Program Files\dotnet\packs\Microsoft.NETCore.App.Ref\8.0.22\ref\net8.0\System.Security.SecureString.dll
           C:\Program Files\dotnet\packs\Microsoft.NETCore.App.Ref\8.0.22\ref\net8.0\System.ServiceModel.Web.dll
           C:\Program Files\dotnet\packs\Microsoft.NETCore.App.Ref\8.0.22\ref\net8.0\System.ServiceProcess.dll
           C:\Program Files\dotnet\packs\Microsoft.NETCore.App.Ref\8.0.22\ref\net8.0\System.Text.Encoding.CodePages.dll
           C:\Program Files\dotnet\packs\Microsoft.NETCore.App.Ref\8.0.22\ref\net8.0\System.Text.Encoding.dll
           C:\Program Files\dotnet\packs\Microsoft.NETCore.App.Ref\8.0.22\ref\net8.0\System.Text.Encoding.Extensions.dll
           C:\Program Files\dotnet\packs\Microsoft.NETCore.App.Ref\8.0.22\ref\net8.0\System.Text.Encodings.Web.dll
           C:\Program Files\dotnet\packs\Microsoft.NETCore.App.Ref\8.0.22\ref\net8.0\System.Text.Json.dll
           C:\Program Files\dotnet\packs\Microsoft.NETCore.App.Ref\8.0.22\ref\net8.0\System.Text.RegularExpressions.dll
           C:\Program Files\dotnet\packs\Microsoft.NETCore.App.Ref\8.0.22\ref\net8.0\System.Threading.Channels.dll
           C:\Program Files\dotnet\packs\Microsoft.NETCore.App.Ref\8.0.22\ref\net8.0\System.Threading.dll
           C:\Program Files\dotnet\packs\Microsoft.NETCore.App.Ref\8.0.22\ref\net8.0\System.Threading.Overlapped.dll
           C:\Program Files\dotnet\packs\Microsoft.NETCore.App.Ref\8.0.22\ref\net8.0\System.Threading.Tasks.Dataflow.dll
           C:\Program Files\dotnet\packs\Microsoft.NETCore.App.Ref\8.0.22\ref\net8.0\System.Threading.Tasks.dll
           C:\Program Files\dotnet\packs\Microsoft.NETCore.App.Ref\8.0.22\ref\net8.0\System.Threading.Tasks.Extensions.dll
           C:\Program Files\dotnet\packs\Microsoft.NETCore.App.Ref\8.0.22\ref\net8.0\System.Threading.Tasks.Parallel.dll
           C:\Program Files\dotnet\packs\Microsoft.NETCore.App.Ref\8.0.22\ref\net8.0\System.Threading.Thread.dll
           C:\Program Files\dotnet\packs\Microsoft.NETCore.App.Ref\8.0.22\ref\net8.0\System.Threading.ThreadPool.dll
           C:\Program Files\dotnet\packs\Microsoft.NETCore.App.Ref\8.0.22\ref\net8.0\System.Threading.Timer.dll
           C:\Program Files\dotnet\packs\Microsoft.NETCore.App.Ref\8.0.22\ref\net8.0\System.Transactions.dll
           C:\Program Files\dotnet\packs\Microsoft.NETCore.App.Ref\8.0.22\ref\net8.0\System.Transactions.Local.dll
           C:\Program Files\dotnet\packs\Microsoft.NETCore.App.Ref\8.0.22\ref\net8.0\System.ValueTuple.dll
           C:\Program Files\dotnet\packs\Microsoft.NETCore.App.Ref\8.0.22\ref\net8.0\System.Web.dll
           C:\Program Files\dotnet\packs\Microsoft.NETCore.App.Ref\8.0.22\ref\net8.0\System.Web.HttpUtility.dll
           C:\Program Files\dotnet\packs\Microsoft.NETCore.App.Ref\8.0.22\ref\net8.0\System.Windows.dll
           C:\Program Files\dotnet\packs\Microsoft.NETCore.App.Ref\8.0.22\ref\net8.0\System.Xml.dll
           C:\Program Files\dotnet\packs\Microsoft.NETCore.App.Ref\8.0.22\ref\net8.0\System.Xml.Linq.dll
           C:\Program Files\dotnet\packs\Microsoft.NETCore.App.Ref\8.0.22\ref\net8.0\System.Xml.ReaderWriter.dll
           C:\Program Files\dotnet\packs\Microsoft.NETCore.App.Ref\8.0.22\ref\net8.0\System.Xml.Serialization.dll
           C:\Program Files\dotnet\packs\Microsoft.NETCore.App.Ref\8.0.22\ref\net8.0\System.Xml.XDocument.dll
           C:\Program Files\dotnet\packs\Microsoft.NETCore.App.Ref\8.0.22\ref\net8.0\System.Xml.XmlDocument.dll
           C:\Program Files\dotnet\packs\Microsoft.NETCore.App.Ref\8.0.22\ref\net8.0\System.Xml.XmlSerializer.dll
           C:\Program Files\dotnet\packs\Microsoft.NETCore.App.Ref\8.0.22\ref\net8.0\System.Xml.XPath.dll
           C:\Program Files\dotnet\packs\Microsoft.NETCore.App.Ref\8.0.22\ref\net8.0\System.Xml.XPath.XDocument.dll
           C:\Program Files\dotnet\packs\Microsoft.NETCore.App.Ref\8.0.22\ref\net8.0\WindowsBase.dll
           obj\Debug\net8.0\Magidesk.Domain.csproj.CoreCompileInputs.cache
           C:\Program Files\dotnet\sdk\10.0.101\Sdks\Microsoft.NET.Sdk\targets\..\analyzers\Microsoft.CodeAnalysis.CSharp.NetAnalyzers.dll
           C:\Program Files\dotnet\sdk\10.0.101\Sdks\Microsoft.NET.Sdk\targets\..\analyzers\Microsoft.CodeAnalysis.NetAnalyzers.dll
           C:\Program Files\dotnet\packs\Microsoft.NETCore.App.Ref\8.0.22\analyzers/dotnet/cs/Microsoft.Interop.ComInterfaceGenerator.dll
           C:\Program Files\dotnet\packs\Microsoft.NETCore.App.Ref\8.0.22\analyzers/dotnet/cs/Microsoft.Interop.JavaScript.JSImportGenerator.dll
           C:\Program Files\dotnet\packs\Microsoft.NETCore.App.Ref\8.0.22\analyzers/dotnet/cs/Microsoft.Interop.LibraryImportGenerator.dll
           C:\Program Files\dotnet\packs\Microsoft.NETCore.App.Ref\8.0.22\analyzers/dotnet/cs/Microsoft.Interop.SourceGeneration.dll
           C:\Program Files\dotnet\packs\Microsoft.NETCore.App.Ref\8.0.22\analyzers/dotnet/cs/System.Text.Json.SourceGeneration.dll
           C:\Program Files\dotnet\packs\Microsoft.NETCore.App.Ref\8.0.22\analyzers/dotnet/cs/System.Text.RegularExpressions.Generator.dll
           obj\Debug\net8.0\Magidesk.Domain.GeneratedMSBuildEditorConfig.editorconfig
           C:\Program Files\dotnet\sdk\10.0.101\Sdks\Microsoft.NET.Sdk\analyzers\build\config\analysislevel_8_default.globalconfig
           C:\Users\giris\Documents\Code\Redesign-POS\Windows Based POS\Magidesk\Magidesk.Domain\obj\Magidesk.Domain.csproj.nuget.g.targets
           C:\Program Files\dotnet\sdk\10.0.101\Current\Microsoft.Common.targets\ImportAfter\Microsoft.TestPlatform.ImportAfter.targets
           obj\Debug\net8.0\Magidesk.Domain.sourcelink.json
       Output files: 
           obj\Debug\net8.0\Magidesk.Domain.dll
           obj\Debug\net8.0\refint\Magidesk.Domain.dll
           obj\Debug\net8.0\Magidesk.Domain.pdb
       C:\Program Files\dotnet\sdk\10.0.101\Roslyn\Microsoft.CSharp.Core.targets(66,7): message : Property reassignment: $(NoWarn)="1701;1702;1701;1702" (previous value: "1701;1702") at C:\Program Files\dotnet\sdk\10.0.101\Roslyn\Microsoft.CSharp.Core.targets (66,7) [C:\Users\giris\Documents\Code\Redesign-POS\Windows Based POS\Magidesk\Magidesk.Domain\Magidesk.Domain.csproj]
   3:7>Done building target "CoreCompile" in project "Magidesk.Domain.csproj".
   3:7>Target "AfterCompile" in file "C:\Program Files\dotnet\sdk\10.0.101\Microsoft.Common.CurrentVersion.targets" from project "C:\Users\giris\Documents\Code\Redesign-POS\Windows Based POS\Magidesk\Magidesk.Domain\Magidesk.Domain.csproj" (target "Compile" depends on it):
   3:7>Done building target "AfterCompile" in project "Magidesk.Domain.csproj".
   3:7>Target "Compile" in file "C:\Program Files\dotnet\sdk\10.0.101\Microsoft.Common.CurrentVersion.targets" from project "C:\Users\giris\Documents\Code\Redesign-POS\Windows Based POS\Magidesk\Magidesk.Domain\Magidesk.Domain.csproj" (target "CoreBuild" depends on it):
   3:7>Done building target "Compile" in project "Magidesk.Domain.csproj".
   3:7>Target "_GenerateSatelliteAssemblyInputs" in file "C:\Program Files\dotnet\sdk\10.0.101\Microsoft.Common.CurrentVersion.targets" from project "C:\Users\giris\Documents\Code\Redesign-POS\Windows Based POS\Magidesk\Magidesk.Domain\Magidesk.Domain.csproj" (target "CreateSatelliteAssemblies" depends on it):
   3:7>Done building target "_GenerateSatelliteAssemblyInputs" in project "Magidesk.Domain.csproj".
   3:7>Target "CreateSatelliteAssemblies" in file "C:\Program Files\dotnet\sdk\10.0.101\Microsoft.Common.CurrentVersion.targets" from project "C:\Users\giris\Documents\Code\Redesign-POS\Windows Based POS\Magidesk\Magidesk.Domain\Magidesk.Domain.csproj" (target "CoreBuild" depends on it):
   3:7>Done building target "CreateSatelliteAssemblies" in project "Magidesk.Domain.csproj".
   3:7>Target "GetTargetPathWithTargetPlatformMoniker" in file "C:\Program Files\dotnet\sdk\10.0.101\Microsoft.Common.CurrentVersion.targets" from project "C:\Users\giris\Documents\Code\Redesign-POS\Windows Based POS\Magidesk\Magidesk.Domain\Magidesk.Domain.csproj" (target "GetTargetPath" depends on it):
   3:7>Done building target "GetTargetPathWithTargetPlatformMoniker" in project "Magidesk.Domain.csproj".
   3:7>Target "GetTargetPath" in file "C:\Program Files\dotnet\sdk\10.0.101\Microsoft.Common.CurrentVersion.targets" from project "C:\Users\giris\Documents\Code\Redesign-POS\Windows Based POS\Magidesk\Magidesk.Domain\Magidesk.Domain.csproj" (target "CoreBuild" depends on it):
   3:7>Done building target "GetTargetPath" in project "Magidesk.Domain.csproj".
       Target "AssignTargetPaths" skipped. Previously built successfully.
       Target "_SplitProjectReferencesByFileExistence" skipped. Previously built successfully.
       Target "_GetProjectReferenceTargetFrameworkProperties" skipped. Previously built successfully.
   3:7>Target "_PopulateCommonStateForGetCopyToOutputDirectoryItems" in file "C:\Program Files\dotnet\sdk\10.0.101\Microsoft.Common.CurrentVersion.targets" from project "C:\Users\giris\Documents\Code\Redesign-POS\Windows Based POS\Magidesk\Magidesk.Domain\Magidesk.Domain.csproj" (target "GetCopyToOutputDirectoryItems" depends on it):
   3:7>Done building target "_PopulateCommonStateForGetCopyToOutputDirectoryItems" in project "Magidesk.Domain.csproj".
   3:7>Target "GetCopyToOutputDirectoryItems" in file "C:\Program Files\dotnet\sdk\10.0.101\Microsoft.Common.CurrentVersion.targets" from project "C:\Users\giris\Documents\Code\Redesign-POS\Windows Based POS\Magidesk\Magidesk.Domain\Magidesk.Domain.csproj" (target "_CopySourceItemsToOutputDirectory" depends on it):
       Using "CallTarget" task from assembly "Microsoft.Build.Tasks.Core, Version=15.1.0.0, Culture=neutral, PublicKeyToken=b03f5f7f11d50a3a".
       Task "CallTarget"
       Target "_PopulateCommonStateForGetCopyToOutputDirectoryItems" skipped. Previously built successfully.
       Target "_AddOutputPathToGlobalPropertiesToRemove" skipped. Previously built successfully.
   3:7>Target "_GetCopyToOutputDirectoryItemsFromTransitiveProjectReferences" in file "C:\Program Files\dotnet\sdk\10.0.101\Microsoft.Common.CurrentVersion.targets" from project "C:\Users\giris\Documents\Code\Redesign-POS\Windows Based POS\Magidesk\Magidesk.Domain\Magidesk.Domain.csproj" (target "GetCopyToOutputDirectoryItems" depends on it):
       Task "AssignTargetPath"
       Done executing task "AssignTargetPath".
   3:7>Done building target "_GetCopyToOutputDirectoryItemsFromTransitiveProjectReferences" in project "Magidesk.Domain.csproj".
       Done executing task "CallTarget".
       Task "CallTarget"
       Target "AssignTargetPaths" skipped. Previously built successfully.
       Target "_PopulateCommonStateForGetCopyToOutputDirectoryItems" skipped. Previously built successfully.
   3:7>Target "_GetCopyToOutputDirectoryItemsFromThisProject" in file "C:\Program Files\dotnet\sdk\10.0.101\Microsoft.Common.CurrentVersion.targets" from project "C:\Users\giris\Documents\Code\Redesign-POS\Windows Based POS\Magidesk\Magidesk.Domain\Magidesk.Domain.csproj" (target "GetCopyToOutputDirectoryItems" depends on it):
       Task "AssignTargetPath"
       Done executing task "AssignTargetPath".
   3:7>Done building target "_GetCopyToOutputDirectoryItemsFromThisProject" in project "Magidesk.Domain.csproj".
       Done executing task "CallTarget".
   3:7>Done building target "GetCopyToOutputDirectoryItems" in project "Magidesk.Domain.csproj".
   3:7>Target "_CopySourceItemsToOutputDirectory" in file "C:\Program Files\dotnet\sdk\10.0.101\Microsoft.Common.CurrentVersion.targets" from project "C:\Users\giris\Documents\Code\Redesign-POS\Windows Based POS\Magidesk\Magidesk.Domain\Magidesk.Domain.csproj" (target "CopyFilesToOutputDirectory" depends on it):
   3:7>Done building target "_CopySourceItemsToOutputDirectory" in project "Magidesk.Domain.csproj".
   3:7>Target "_CheckForCompileOutputs" in file "C:\Program Files\dotnet\sdk\10.0.101\Microsoft.Common.CurrentVersion.targets" from project "C:\Users\giris\Documents\Code\Redesign-POS\Windows Based POS\Magidesk\Magidesk.Domain\Magidesk.Domain.csproj" (target "CopyFilesToOutputDirectory" depends on it):
   3:7>Done building target "_CheckForCompileOutputs" in project "Magidesk.Domain.csproj".
       Target "_DefaultMicrosoftNETPlatformLibrary" skipped. Previously built successfully.
       Target "_HandlePackageFileConflicts" skipped. Previously built successfully.
       Target "ResolveAssemblyReferences" skipped. Previously built successfully.
   3:7>Target "_ComputeReferenceAssemblies" in file "C:\Program Files\dotnet\sdk\10.0.101\Sdks\Microsoft.NET.Sdk\targets\Microsoft.NET.Sdk.targets" from project "C:\Users\giris\Documents\Code\Redesign-POS\Windows Based POS\Magidesk\Magidesk.Domain\Magidesk.Domain.csproj" (target "GenerateBuildDependencyFile" depends on it):
   3:7>Done building target "_ComputeReferenceAssemblies" in project "Magidesk.Domain.csproj".
   3:7>Target "_ComputeUserRuntimeAssemblies" in file "C:\Program Files\dotnet\sdk\10.0.101\Sdks\Microsoft.NET.Sdk\targets\Microsoft.NET.Sdk.targets" from project "C:\Users\giris\Documents\Code\Redesign-POS\Windows Based POS\Magidesk\Magidesk.Domain\Magidesk.Domain.csproj" (target "GenerateBuildDependencyFile" depends on it):
   3:7>Done building target "_ComputeUserRuntimeAssemblies" in project "Magidesk.Domain.csproj".
       Target "_ComputePackageReferencePublish" skipped. Previously built successfully.
   3:7>Target "GenerateBuildDependencyFile" in file "C:\Program Files\dotnet\sdk\10.0.101\Sdks\Microsoft.NET.Sdk\targets\Microsoft.NET.Sdk.targets" from project "C:\Users\giris\Documents\Code\Redesign-POS\Windows Based POS\Magidesk\Magidesk.Domain\Magidesk.Domain.csproj" (target "CopyFilesToOutputDirectory" depends on it):
       Skipping target "GenerateBuildDependencyFile" because all output files are up-to-date with respect to the input files.
       Input files: 
           C:\Users\giris\Documents\Code\Redesign-POS\Windows Based POS\Magidesk\Magidesk.Domain\obj\project.assets.json
           C:\Users\giris\Documents\Code\Redesign-POS\Windows Based POS\Magidesk\Magidesk.Domain\obj\Debug\net8.0\Magidesk.Domain.assets.cache
           C:\Users\giris\Documents\Code\Redesign-POS\Windows Based POS\Magidesk\Magidesk.Domain\obj\Magidesk.Domain.csproj.nuget.g.targets
           C:\Program Files\dotnet\sdk\10.0.101\Current\Microsoft.Common.targets\ImportAfter\Microsoft.TestPlatform.ImportAfter.targets
       Output files: C:\Users\giris\Documents\Code\Redesign-POS\Windows Based POS\Magidesk\Magidesk.Domain\bin\Debug\net8.0\Magidesk.Domain.deps.json
   3:7>Done building target "GenerateBuildDependencyFile" in project "Magidesk.Domain.csproj".
   3:7>Target "CopyFilesToOutputDirectory" in file "C:\Program Files\dotnet\sdk\10.0.101\Microsoft.Common.CurrentVersion.targets" from project "C:\Users\giris\Documents\Code\Redesign-POS\Windows Based POS\Magidesk\Magidesk.Domain\Magidesk.Domain.csproj" (target "PrepareForRun" depends on it):
       Using "Copy" task from assembly "Microsoft.Build.Tasks.Core, Version=15.1.0.0, Culture=neutral, PublicKeyToken=b03f5f7f11d50a3a".
       Task "Copy"
         Did not copy from file "obj\Debug\net8.0\Magidesk.Domain.dll" to file "bin\Debug\net8.0\Magidesk.Domain.dll" because the "SkipUnchangedFiles" parameter was set to "true" in the project and the files' sizes and timestamps match.
       Done executing task "Copy".
       Using "CopyRefAssembly" task from assembly "C:\Program Files\dotnet\sdk\10.0.101\Sdks\Microsoft.NET.Sdk\targets\..\..\..\Roslyn\Microsoft.Build.Tasks.CodeAnalysis.dll".
       Task "CopyRefAssembly"
         Reference assembly "C:\Users\giris\Documents\Code\Redesign-POS\Windows Based POS\Magidesk\Magidesk.Domain\obj\Debug\net8.0\ref\Magidesk.Domain.dll" already has latest information. Leaving it untouched.
       Done executing task "CopyRefAssembly".
       Task "Message"
         Magidesk.Domain -> C:\Users\giris\Documents\Code\Redesign-POS\Windows Based POS\Magidesk\Magidesk.Domain\bin\Debug\net8.0\Magidesk.Domain.dll
       Done executing task "Message".
       Task "Copy"
         Did not copy from file "obj\Debug\net8.0\Magidesk.Domain.pdb" to file "bin\Debug\net8.0\Magidesk.Domain.pdb" because the "SkipUnchangedFiles" parameter was set to "true" in the project and the files' sizes and timestamps match.
       Done executing task "Copy".
   3:7>Done building target "CopyFilesToOutputDirectory" in project "Magidesk.Domain.csproj".
   3:7>Target "PrepareForRun" in file "C:\Program Files\dotnet\sdk\10.0.101\Microsoft.Common.CurrentVersion.targets" from project "C:\Users\giris\Documents\Code\Redesign-POS\Windows Based POS\Magidesk\Magidesk.Domain\Magidesk.Domain.csproj" (target "CoreBuild" depends on it):
   3:7>Done building target "PrepareForRun" in project "Magidesk.Domain.csproj".
       Target "_CheckForCompileOutputs" skipped. Previously built successfully.
   3:7>Target "_CleanGetCurrentAndPriorFileWrites" in file "C:\Program Files\dotnet\sdk\10.0.101\Microsoft.Common.CurrentVersion.targets" from project "C:\Users\giris\Documents\Code\Redesign-POS\Windows Based POS\Magidesk\Magidesk.Domain\Magidesk.Domain.csproj" (target "IncrementalClean" depends on it):
       Using "ReadLinesFromFile" task from assembly "Microsoft.Build.Tasks.Core, Version=15.1.0.0, Culture=neutral, PublicKeyToken=b03f5f7f11d50a3a".
       Task "ReadLinesFromFile"
       Done executing task "ReadLinesFromFile".
       Using "ConvertToAbsolutePath" task from assembly "Microsoft.Build.Tasks.Core, Version=15.1.0.0, Culture=neutral, PublicKeyToken=b03f5f7f11d50a3a".
       Task "ConvertToAbsolutePath"
       Done executing task "ConvertToAbsolutePath".
       Using "FindUnderPath" task from assembly "Microsoft.Build.Tasks.Core, Version=15.1.0.0, Culture=neutral, PublicKeyToken=b03f5f7f11d50a3a".
       Task "FindUnderPath"
         Comparison path is "C:\Users\giris\Documents\Code\Redesign-POS\Windows Based POS\Magidesk\Magidesk.Domain".
       Done executing task "FindUnderPath".
       Task "FindUnderPath"
         Comparison path is "bin\Debug\net8.0\".
       Done executing task "FindUnderPath".
       Task "FindUnderPath"
         Comparison path is "obj\Debug\net8.0\".
       Done executing task "FindUnderPath".
       Using "RemoveDuplicates" task from assembly "Microsoft.Build.Tasks.Core, Version=15.1.0.0, Culture=neutral, PublicKeyToken=b03f5f7f11d50a3a".
       Task "RemoveDuplicates"
       Done executing task "RemoveDuplicates".
   3:7>Done building target "_CleanGetCurrentAndPriorFileWrites" in project "Magidesk.Domain.csproj".
   3:7>Target "IncrementalClean" in file "C:\Program Files\dotnet\sdk\10.0.101\Microsoft.Common.CurrentVersion.targets" from project "C:\Users\giris\Documents\Code\Redesign-POS\Windows Based POS\Magidesk\Magidesk.Domain\Magidesk.Domain.csproj" (target "CoreBuild" depends on it):
       Task "FindUnderPath"
         Comparison path is "bin\Debug\net8.0\".
       Done executing task "FindUnderPath".
       Task "FindUnderPath"
         Comparison path is "obj\Debug\net8.0\".
       Done executing task "FindUnderPath".
       Using "Delete" task from assembly "Microsoft.Build.Tasks.Core, Version=15.1.0.0, Culture=neutral, PublicKeyToken=b03f5f7f11d50a3a".
       Task "Delete"
       Done executing task "Delete".
       Task "RemoveDuplicates"
       Done executing task "RemoveDuplicates".
   3:7>Done building target "IncrementalClean" in project "Magidesk.Domain.csproj".
       Target "GenerateBuildDependencyFile" skipped. Previously built successfully.
   3:7>Target "CoreBuild" in file "C:\Program Files\dotnet\sdk\10.0.101\Microsoft.Common.CurrentVersion.targets" from project "C:\Users\giris\Documents\Code\Redesign-POS\Windows Based POS\Magidesk\Magidesk.Domain\Magidesk.Domain.csproj" (target "Build" depends on it):
   3:7>Done building target "CoreBuild" in project "Magidesk.Domain.csproj".
   3:7>Target "AfterBuild" in file "C:\Program Files\dotnet\sdk\10.0.101\Microsoft.Common.CurrentVersion.targets" from project "C:\Users\giris\Documents\Code\Redesign-POS\Windows Based POS\Magidesk\Magidesk.Domain\Magidesk.Domain.csproj" (target "Build" depends on it):
   3:7>Done building target "AfterBuild" in project "Magidesk.Domain.csproj".
       Target "_CheckForInvalidConfigurationAndPlatform" skipped. Previously built successfully.
       Target "_CheckForInvalidConfigurationAndPlatform" skipped. Previously built successfully.
   3:7>Target "Build" in file "C:\Program Files\dotnet\sdk\10.0.101\Microsoft.Common.CurrentVersion.targets" from project "C:\Users\giris\Documents\Code\Redesign-POS\Windows Based POS\Magidesk\Magidesk.Domain\Magidesk.Domain.csproj" (entry point):
   3:7>Done building target "Build" in project "Magidesk.Domain.csproj".
   3:7>Target "_CheckContainersPackage" in file "C:\Program Files\dotnet\sdk\10.0.101\Containers\build\Microsoft.NET.Build.Containers.targets" from project "C:\Users\giris\Documents\Code\Redesign-POS\Windows Based POS\Magidesk\Magidesk.Domain\Magidesk.Domain.csproj" (entry point):
   3:7>Done building target "_CheckContainersPackage" in project "Magidesk.Domain.csproj".
   3:7>Done Building Project "C:\Users\giris\Documents\Code\Redesign-POS\Windows Based POS\Magidesk\Magidesk.Domain\Magidesk.Domain.csproj" (default targets).
   4:6>Project "C:\Users\giris\Documents\Code\Redesign-POS\Windows Based POS\Magidesk\Magidesk.Infrastructure\Magidesk.Infrastructure.csproj" (4:6) is building "C:\Users\giris\Documents\Code\Redesign-POS\Windows Based POS\Magidesk\Magidesk.Domain\Magidesk.Domain.csproj" (3:10) on node 3 (default targets).
  3:10>Target "Build" skipped. Previously built successfully.
  3:10>Done Building Project "C:\Users\giris\Documents\Code\Redesign-POS\Windows Based POS\Magidesk\Magidesk.Domain\Magidesk.Domain.csproj" (default targets).
   2:7>Project "C:\Users\giris\Documents\Code\Redesign-POS\Windows Based POS\Magidesk\Magidesk.Application\Magidesk.Application.csproj" (2:7) is building "C:\Users\giris\Documents\Code\Redesign-POS\Windows Based POS\Magidesk\Magidesk.Domain\Magidesk.Domain.csproj" (3:11) on node 3 (default targets).
  3:11>Target "Build" skipped. Previously built successfully.
  3:11>Done Building Project "C:\Users\giris\Documents\Code\Redesign-POS\Windows Based POS\Magidesk\Magidesk.Domain\Magidesk.Domain.csproj" (default targets).
   2:7>Done executing task "MSBuild".
       Task "MSBuild"
         Removing Properties for project "..\Magidesk.Domain\Magidesk.Domain.csproj":
           TargetFramework
           RuntimeIdentifier
           SelfContained
   2:7>Project "C:\Users\giris\Documents\Code\Redesign-POS\Windows Based POS\Magidesk\Magidesk.Application\Magidesk.Application.csproj" (2:7) is building "C:\Users\giris\Documents\Code\Redesign-POS\Windows Based POS\Magidesk\Magidesk.Domain\Magidesk.Domain.csproj" (3:12) on node 3 (GetNativeManifest target(s)).
  3:12>Target "GetNativeManifest" in file "C:\Program Files\dotnet\sdk\10.0.101\Microsoft.Common.CurrentVersion.targets" from project "C:\Users\giris\Documents\Code\Redesign-POS\Windows Based POS\Magidesk\Magidesk.Domain\Magidesk.Domain.csproj" (entry point):
  3:12>Done building target "GetNativeManifest" in project "Magidesk.Domain.csproj".
  3:12>Done Building Project "C:\Users\giris\Documents\Code\Redesign-POS\Windows Based POS\Magidesk\Magidesk.Domain\Magidesk.Domain.csproj" (GetNativeManifest target(s)).
   2:7>Done executing task "MSBuild".
   2:7>Done building target "ResolveProjectReferences" in project "Magidesk.Application.csproj".
       Target "ResolveProjectReferences" skipped. Previously built successfully.
       Target "GetFrameworkPaths" skipped. Previously built successfully.
       Target "GetReferenceAssemblyPaths" skipped. Previously built successfully.
       Target "PrepareForBuild" skipped. Previously built successfully.
   2:7>Target "ResolveSDKReferences" in file "C:\Program Files\dotnet\sdk\10.0.101\Microsoft.Common.CurrentVersion.targets" from project "C:\Users\giris\Documents\Code\Redesign-POS\Windows Based POS\Magidesk\Magidesk.Application\Magidesk.Application.csproj" (target "ResolveAssemblyReferences" depends on it):
   2:7>Done building target "ResolveSDKReferences" in project "Magidesk.Application.csproj".
       Target "ResolveSDKReferences" skipped. Previously built successfully.
   2:7>Target "ExpandSDKReferences" in file "C:\Program Files\dotnet\sdk\10.0.101\Microsoft.Common.CurrentVersion.targets" from project "C:\Users\giris\Documents\Code\Redesign-POS\Windows Based POS\Magidesk\Magidesk.Application\Magidesk.Application.csproj" (target "ResolveAssemblyReferences" depends on it):
   2:7>Done building target "ExpandSDKReferences" in project "Magidesk.Application.csproj".
       Target "ResolvePackageDependenciesForBuild" skipped. Previously built successfully.
       Target "GetFrameworkPaths" skipped. Previously built successfully.
       Target "GetReferenceAssemblyPaths" skipped. Previously built successfully.
       Target "ProcessFrameworkReferences" skipped. Previously built successfully.
       Target "ResolvePackageAssets" skipped. Previously built successfully.
   2:7>Target "ResolveFrameworkReferences" in file "C:\Program Files\dotnet\sdk\10.0.101\Sdks\Microsoft.NET.Sdk\targets\Microsoft.NET.Sdk.FrameworkReferenceResolution.targets" from project "C:\Users\giris\Documents\Code\Redesign-POS\Windows Based POS\Magidesk\Magidesk.Application\Magidesk.Application.csproj" (target "ResolveTargetingPackAssets" depends on it):
       Using "GetPackageDirectory" task from assembly "C:\Program Files\dotnet\sdk\10.0.101\Sdks\Microsoft.NET.Sdk\targets\..\tools\net10.0\Microsoft.NET.Build.Tasks.dll".
       Task "GetPackageDirectory"
       Done executing task "GetPackageDirectory".
       Task "GetPackageDirectory"
       Done executing task "GetPackageDirectory".
       Task "GetPackageDirectory"
       Done executing task "GetPackageDirectory".
       Task "GetPackageDirectory"
       Done executing task "GetPackageDirectory".
       Task "GetPackageDirectory"
       Done executing task "GetPackageDirectory".
       Task "GetPackageDirectory"
       Done executing task "GetPackageDirectory".
       Task "GetPackageDirectory"
       Done executing task "GetPackageDirectory".
       Task "GetPackageDirectory"
       Done executing task "GetPackageDirectory".
       Task "GetPackageDirectory"
       Done executing task "GetPackageDirectory".
       Task "GetPackageDirectory"
       Done executing task "GetPackageDirectory".
       Using "ResolveFrameworkReferences" task from assembly "C:\Program Files\dotnet\sdk\10.0.101\Sdks\Microsoft.NET.Sdk\targets\..\tools\net10.0\Microsoft.NET.Build.Tasks.dll".
       Task "ResolveFrameworkReferences"
       Done executing task "ResolveFrameworkReferences".
   2:7>Done building target "ResolveFrameworkReferences" in project "Magidesk.Application.csproj".
   2:7>Target "ResolveTargetingPackAssets" in file "C:\Program Files\dotnet\sdk\10.0.101\Sdks\Microsoft.NET.Sdk\targets\Microsoft.NET.Sdk.FrameworkReferenceResolution.targets" from project "C:\Users\giris\Documents\Code\Redesign-POS\Windows Based POS\Magidesk\Magidesk.Application\Magidesk.Application.csproj" (target "_HandlePackageFileConflicts" depends on it):
       Using "ResolveTargetingPackAssets" task from assembly "C:\Program Files\dotnet\sdk\10.0.101\Sdks\Microsoft.NET.Sdk\targets\..\tools\net10.0\Microsoft.NET.Build.Tasks.dll".
       Task "ResolveTargetingPackAssets"
       Done executing task "ResolveTargetingPackAssets".
   2:7>Done building target "ResolveTargetingPackAssets" in project "Magidesk.Application.csproj".
   2:7>Target "ResolveOffByDefaultAnalyzers" in file "C:\Program Files\dotnet\sdk\10.0.101\Sdks\Microsoft.NET.Sdk\targets\Microsoft.NET.Sdk.FrameworkReferenceResolution.targets" from project "C:\Users\giris\Documents\Code\Redesign-POS\Windows Based POS\Magidesk\Magidesk.Application\Magidesk.Application.csproj" (target "_HandlePackageFileConflicts" depends on it):
   2:7>Done building target "ResolveOffByDefaultAnalyzers" in project "Magidesk.Application.csproj".
   2:7>Target "_HandlePackageFileConflicts" in file "C:\Program Files\dotnet\sdk\10.0.101\Sdks\Microsoft.NET.Sdk\targets\Microsoft.NET.ConflictResolution.targets" from project "C:\Users\giris\Documents\Code\Redesign-POS\Windows Based POS\Magidesk\Magidesk.Application\Magidesk.Application.csproj" (target "ResolveAssemblyReferences" depends on it):
       Using "ResolvePackageFileConflicts" task from assembly "C:\Program Files\dotnet\sdk\10.0.101\Sdks\Microsoft.NET.Sdk\targets\..\tools\net10.0\Microsoft.NET.Build.Tasks.dll".
       Task "ResolvePackageFileConflicts"
         Encountered conflict between 'Platform:mscorlib.dll' and 'Platform:mscorlib.dll'. Could not determine winner due to equal file and assembly versions.
         Encountered conflict between 'Platform:Microsoft.VisualBasic.dll' and 'Platform:Microsoft.VisualBasic.dll'. Could not determine winner due to equal file and assembly versions.
         Encountered conflict between 'Platform:System.dll' and 'Platform:System.dll'. Could not determine winner due to equal file and assembly versions.
         Encountered conflict between 'Platform:System.ComponentModel.DataAnnotations.dll' and 'Platform:System.ComponentModel.DataAnnotations.dll'. Could not determine winner due to equal file and assembly versions.
         Encountered conflict between 'Platform:System.Configuration.dll' and 'Platform:System.Configuration.dll'. Could not determine winner due to equal file and assembly versions.
         Encountered conflict between 'Platform:System.Core.dll' and 'Platform:System.Core.dll'. Could not determine winner due to equal file and assembly versions.
         Encountered conflict between 'Platform:System.Data.dll' and 'Platform:System.Data.dll'. Could not determine winner due to equal file and assembly versions.
         Encountered conflict between 'Platform:System.Drawing.dll' and 'Platform:System.Drawing.dll'. Could not determine winner due to equal file and assembly versions.
         Encountered conflict between 'Platform:System.IO.Compression.FileSystem.dll' and 'Platform:System.IO.Compression.FileSystem.dll'. Could not determine winner due to equal file and assembly versions.
         Encountered conflict between 'Platform:System.Net.dll' and 'Platform:System.Net.dll'. Could not determine winner due to equal file and assembly versions.
         Encountered conflict between 'Platform:System.Numerics.dll' and 'Platform:System.Numerics.dll'. Could not determine winner due to equal file and assembly versions.
         Encountered conflict between 'Platform:System.Runtime.Serialization.dll' and 'Platform:System.Runtime.Serialization.dll'. Could not determine winner due to equal file and assembly versions.
         Encountered conflict between 'Platform:System.Security.dll' and 'Platform:System.Security.dll'. Could not determine winner due to equal file and assembly versions.
         Encountered conflict between 'Platform:System.ServiceProcess.dll' and 'Platform:System.ServiceProcess.dll'. Could not determine winner due to equal file and assembly versions.
         Encountered conflict between 'Platform:System.ServiceModel.Web.dll' and 'Platform:System.ServiceModel.Web.dll'. Could not determine winner due to equal file and assembly versions.
         Encountered conflict between 'Platform:System.Transactions.dll' and 'Platform:System.Transactions.dll'. Could not determine winner due to equal file and assembly versions.
         Encountered conflict between 'Platform:System.Web.dll' and 'Platform:System.Web.dll'. Could not determine winner due to equal file and assembly versions.
         Encountered conflict between 'Platform:System.Windows.dll' and 'Platform:System.Windows.dll'. Could not determine winner due to equal file and assembly versions.
         Encountered conflict between 'Platform:System.Xml.dll' and 'Platform:System.Xml.dll'. Could not determine winner due to equal file and assembly versions.
         Encountered conflict between 'Platform:System.Xml.Serialization.dll' and 'Platform:System.Xml.Serialization.dll'. Could not determine winner due to equal file and assembly versions.
         Encountered conflict between 'Platform:System.Xml.Linq.dll' and 'Platform:System.Xml.Linq.dll'. Could not determine winner due to equal file and assembly versions.
         Encountered conflict between 'Platform:WindowsBase.dll' and 'Platform:WindowsBase.dll'. Could not determine winner due to equal file and assembly versions.
         Encountered conflict between 'Platform:netstandard.dll' and 'Platform:netstandard.dll'. Could not determine winner due to equal file and assembly versions.
         Encountered conflict between 'Platform:System.Private.CoreLib.dll' and 'Platform:System.Private.CoreLib.dll'. Could not determine winner due to equal file and assembly versions.
         Encountered conflict between 'Platform:System.Private.DataContractSerialization.dll' and 'Platform:System.Private.DataContractSerialization.dll'. Could not determine winner due to equal file and assembly versions.
         Encountered conflict between 'Platform:System.Private.Uri.dll' and 'Platform:System.Private.Uri.dll'. Could not determine winner due to equal file and assembly versions.
         Encountered conflict between 'Platform:System.Private.Xml.dll' and 'Platform:System.Private.Xml.dll'. Could not determine winner due to equal file and assembly versions.
         Encountered conflict between 'Platform:System.Private.Xml.Linq.dll' and 'Platform:System.Private.Xml.Linq.dll'. Could not determine winner due to equal file and assembly versions.
         Encountered conflict between 'Platform:mscordaccore_amd64_amd64_8.0.2225.52707.dll' and 'Platform:mscordaccore_amd64_amd64_8.0.2225.52707.dll'. Could not determine winner due to equal file and assembly versions.
       Done executing task "ResolvePackageFileConflicts".
   2:7>Done building target "_HandlePackageFileConflicts" in project "Magidesk.Application.csproj".
       Target "ResolveTargetingPackAssets" skipped. Previously built successfully.
   2:7>Target "ResolveAssemblyReferences" in file "C:\Program Files\dotnet\sdk\10.0.101\Microsoft.Common.CurrentVersion.targets" from project "C:\Users\giris\Documents\Code\Redesign-POS\Windows Based POS\Magidesk\Magidesk.Application\Magidesk.Application.csproj" (target "ResolveReferences" depends on it):
       Using "ResolveAssemblyReference" task from assembly "Microsoft.Build.Tasks.Core, Version=15.1.0.0, Culture=neutral, PublicKeyToken=b03f5f7f11d50a3a".
       Task "ResolveAssemblyReference"
         TargetFrameworkMoniker:
             .NETCoreApp,Version=v8.0
         TargetFrameworkMonikerDisplayName:
             .NET 8.0
         TargetedRuntimeVersion:
             
         Assemblies:
             C:\Users\giris\.nuget\packages\mediatr\12.2.0\lib\net6.0\MediatR.dll
                 Private = 'false'
                 HintPath = 'C:\Users\giris\.nuget\packages\mediatr\12.2.0\lib\net6.0\MediatR.dll'
             C:\Users\giris\.nuget\packages\mediatr.contracts\2.0.1\lib\netstandard2.0\MediatR.Contracts.dll
                 Private = 'false'
                 HintPath = 'C:\Users\giris\.nuget\packages\mediatr.contracts\2.0.1\lib\netstandard2.0\MediatR.Contracts.dll'
             C:\Users\giris\.nuget\packages\microsoft.extensions.dependencyinjection.abstractions\10.0.1\lib\net8.0\Microsoft.Extensions.DependencyInjection.Abstractions.dll
                 Private = 'false'
                 HintPath = 'C:\Users\giris\.nuget\packages\microsoft.extensions.dependencyinjection.abstractions\10.0.1\lib\net8.0\Microsoft.Extensions.DependencyInjection.Abstractions.dll'
             C:\Program Files\dotnet\packs\Microsoft.NETCore.App.Ref\8.0.22\ref/net8.0/Microsoft.CSharp.dll
                 Private = 'false'
             C:\Program Files\dotnet\packs\Microsoft.NETCore.App.Ref\8.0.22\ref/net8.0/Microsoft.VisualBasic.Core.dll
                 Private = 'false'
             C:\Program Files\dotnet\packs\Microsoft.NETCore.App.Ref\8.0.22\ref/net8.0/Microsoft.VisualBasic.dll
                 Private = 'false'
             C:\Program Files\dotnet\packs\Microsoft.NETCore.App.Ref\8.0.22\ref/net8.0/Microsoft.Win32.Primitives.dll
                 Private = 'false'
             C:\Program Files\dotnet\packs\Microsoft.NETCore.App.Ref\8.0.22\ref/net8.0/Microsoft.Win32.Registry.dll
                 Private = 'false'
             C:\Program Files\dotnet\packs\Microsoft.NETCore.App.Ref\8.0.22\ref/net8.0/System.AppContext.dll
                 Private = 'false'
             C:\Program Files\dotnet\packs\Microsoft.NETCore.App.Ref\8.0.22\ref/net8.0/System.Buffers.dll
                 Private = 'false'
             C:\Program Files\dotnet\packs\Microsoft.NETCore.App.Ref\8.0.22\ref/net8.0/System.Collections.Concurrent.dll
                 Private = 'false'
             C:\Program Files\dotnet\packs\Microsoft.NETCore.App.Ref\8.0.22\ref/net8.0/System.Collections.Immutable.dll
                 Private = 'false'
             C:\Program Files\dotnet\packs\Microsoft.NETCore.App.Ref\8.0.22\ref/net8.0/System.Collections.NonGeneric.dll
                 Private = 'false'
             C:\Program Files\dotnet\packs\Microsoft.NETCore.App.Ref\8.0.22\ref/net8.0/System.Collections.Specialized.dll
                 Private = 'false'
             C:\Program Files\dotnet\packs\Microsoft.NETCore.App.Ref\8.0.22\ref/net8.0/System.Collections.dll
                 Private = 'false'
             C:\Program Files\dotnet\packs\Microsoft.NETCore.App.Ref\8.0.22\ref/net8.0/System.ComponentModel.Annotations.dll
                 Private = 'false'
             C:\Program Files\dotnet\packs\Microsoft.NETCore.App.Ref\8.0.22\ref/net8.0/System.ComponentModel.DataAnnotations.dll
                 Private = 'false'
             C:\Program Files\dotnet\packs\Microsoft.NETCore.App.Ref\8.0.22\ref/net8.0/System.ComponentModel.EventBasedAsync.dll
                 Private = 'false'
             C:\Program Files\dotnet\packs\Microsoft.NETCore.App.Ref\8.0.22\ref/net8.0/System.ComponentModel.Primitives.dll
                 Private = 'false'
             C:\Program Files\dotnet\packs\Microsoft.NETCore.App.Ref\8.0.22\ref/net8.0/System.ComponentModel.TypeConverter.dll
                 Private = 'false'
             C:\Program Files\dotnet\packs\Microsoft.NETCore.App.Ref\8.0.22\ref/net8.0/System.ComponentModel.dll
                 Private = 'false'
             C:\Program Files\dotnet\packs\Microsoft.NETCore.App.Ref\8.0.22\ref/net8.0/System.Configuration.dll
                 Private = 'false'
             C:\Program Files\dotnet\packs\Microsoft.NETCore.App.Ref\8.0.22\ref/net8.0/System.Console.dll
                 Private = 'false'
             C:\Program Files\dotnet\packs\Microsoft.NETCore.App.Ref\8.0.22\ref/net8.0/System.Core.dll
                 Private = 'false'
             C:\Program Files\dotnet\packs\Microsoft.NETCore.App.Ref\8.0.22\ref/net8.0/System.Data.Common.dll
                 Private = 'false'
             C:\Program Files\dotnet\packs\Microsoft.NETCore.App.Ref\8.0.22\ref/net8.0/System.Data.DataSetExtensions.dll
                 Private = 'false'
             C:\Program Files\dotnet\packs\Microsoft.NETCore.App.Ref\8.0.22\ref/net8.0/System.Data.dll
                 Private = 'false'
             C:\Program Files\dotnet\packs\Microsoft.NETCore.App.Ref\8.0.22\ref/net8.0/System.Diagnostics.Contracts.dll
                 Private = 'false'
             C:\Program Files\dotnet\packs\Microsoft.NETCore.App.Ref\8.0.22\ref/net8.0/System.Diagnostics.Debug.dll
                 Private = 'false'
             C:\Program Files\dotnet\packs\Microsoft.NETCore.App.Ref\8.0.22\ref/net8.0/System.Diagnostics.DiagnosticSource.dll
                 Private = 'false'
             C:\Program Files\dotnet\packs\Microsoft.NETCore.App.Ref\8.0.22\ref/net8.0/System.Diagnostics.FileVersionInfo.dll
                 Private = 'false'
             C:\Program Files\dotnet\packs\Microsoft.NETCore.App.Ref\8.0.22\ref/net8.0/System.Diagnostics.Process.dll
                 Private = 'false'
             C:\Program Files\dotnet\packs\Microsoft.NETCore.App.Ref\8.0.22\ref/net8.0/System.Diagnostics.StackTrace.dll
                 Private = 'false'
             C:\Program Files\dotnet\packs\Microsoft.NETCore.App.Ref\8.0.22\ref/net8.0/System.Diagnostics.TextWriterTraceListener.dll
                 Private = 'false'
             C:\Program Files\dotnet\packs\Microsoft.NETCore.App.Ref\8.0.22\ref/net8.0/System.Diagnostics.Tools.dll
                 Private = 'false'
             C:\Program Files\dotnet\packs\Microsoft.NETCore.App.Ref\8.0.22\ref/net8.0/System.Diagnostics.TraceSource.dll
                 Private = 'false'
             C:\Program Files\dotnet\packs\Microsoft.NETCore.App.Ref\8.0.22\ref/net8.0/System.Diagnostics.Tracing.dll
                 Private = 'false'
             C:\Program Files\dotnet\packs\Microsoft.NETCore.App.Ref\8.0.22\ref/net8.0/System.Drawing.Primitives.dll
                 Private = 'false'
             C:\Program Files\dotnet\packs\Microsoft.NETCore.App.Ref\8.0.22\ref/net8.0/System.Drawing.dll
                 Private = 'false'
             C:\Program Files\dotnet\packs\Microsoft.NETCore.App.Ref\8.0.22\ref/net8.0/System.Dynamic.Runtime.dll
                 Private = 'false'
             C:\Program Files\dotnet\packs\Microsoft.NETCore.App.Ref\8.0.22\ref/net8.0/System.Formats.Asn1.dll
                 Private = 'false'
             C:\Program Files\dotnet\packs\Microsoft.NETCore.App.Ref\8.0.22\ref/net8.0/System.Formats.Tar.dll
                 Private = 'false'
             C:\Program Files\dotnet\packs\Microsoft.NETCore.App.Ref\8.0.22\ref/net8.0/System.Globalization.Calendars.dll
                 Private = 'false'
             C:\Program Files\dotnet\packs\Microsoft.NETCore.App.Ref\8.0.22\ref/net8.0/System.Globalization.Extensions.dll
                 Private = 'false'
             C:\Program Files\dotnet\packs\Microsoft.NETCore.App.Ref\8.0.22\ref/net8.0/System.Globalization.dll
                 Private = 'false'
             C:\Program Files\dotnet\packs\Microsoft.NETCore.App.Ref\8.0.22\ref/net8.0/System.IO.Compression.Brotli.dll
                 Private = 'false'
             C:\Program Files\dotnet\packs\Microsoft.NETCore.App.Ref\8.0.22\ref/net8.0/System.IO.Compression.FileSystem.dll
                 Private = 'false'
             C:\Program Files\dotnet\packs\Microsoft.NETCore.App.Ref\8.0.22\ref/net8.0/System.IO.Compression.ZipFile.dll
                 Private = 'false'
             C:\Program Files\dotnet\packs\Microsoft.NETCore.App.Ref\8.0.22\ref/net8.0/System.IO.Compression.dll
                 Private = 'false'
             C:\Program Files\dotnet\packs\Microsoft.NETCore.App.Ref\8.0.22\ref/net8.0/System.IO.FileSystem.AccessControl.dll
                 Private = 'false'
             C:\Program Files\dotnet\packs\Microsoft.NETCore.App.Ref\8.0.22\ref/net8.0/System.IO.FileSystem.DriveInfo.dll
                 Private = 'false'
             C:\Program Files\dotnet\packs\Microsoft.NETCore.App.Ref\8.0.22\ref/net8.0/System.IO.FileSystem.Primitives.dll
                 Private = 'false'
             C:\Program Files\dotnet\packs\Microsoft.NETCore.App.Ref\8.0.22\ref/net8.0/System.IO.FileSystem.Watcher.dll
                 Private = 'false'
             C:\Program Files\dotnet\packs\Microsoft.NETCore.App.Ref\8.0.22\ref/net8.0/System.IO.FileSystem.dll
                 Private = 'false'
             C:\Program Files\dotnet\packs\Microsoft.NETCore.App.Ref\8.0.22\ref/net8.0/System.IO.IsolatedStorage.dll
                 Private = 'false'
             C:\Program Files\dotnet\packs\Microsoft.NETCore.App.Ref\8.0.22\ref/net8.0/System.IO.MemoryMappedFiles.dll
                 Private = 'false'
             C:\Program Files\dotnet\packs\Microsoft.NETCore.App.Ref\8.0.22\ref/net8.0/System.IO.Pipes.AccessControl.dll
                 Private = 'false'
             C:\Program Files\dotnet\packs\Microsoft.NETCore.App.Ref\8.0.22\ref/net8.0/System.IO.Pipes.dll
                 Private = 'false'
             C:\Program Files\dotnet\packs\Microsoft.NETCore.App.Ref\8.0.22\ref/net8.0/System.IO.UnmanagedMemoryStream.dll
                 Private = 'false'
             C:\Program Files\dotnet\packs\Microsoft.NETCore.App.Ref\8.0.22\ref/net8.0/System.IO.dll
                 Private = 'false'
             C:\Program Files\dotnet\packs\Microsoft.NETCore.App.Ref\8.0.22\ref/net8.0/System.Linq.Expressions.dll
                 Private = 'false'
             C:\Program Files\dotnet\packs\Microsoft.NETCore.App.Ref\8.0.22\ref/net8.0/System.Linq.Parallel.dll
                 Private = 'false'
             C:\Program Files\dotnet\packs\Microsoft.NETCore.App.Ref\8.0.22\ref/net8.0/System.Linq.Queryable.dll
                 Private = 'false'
             C:\Program Files\dotnet\packs\Microsoft.NETCore.App.Ref\8.0.22\ref/net8.0/System.Linq.dll
                 Private = 'false'
             C:\Program Files\dotnet\packs\Microsoft.NETCore.App.Ref\8.0.22\ref/net8.0/System.Memory.dll
                 Private = 'false'
             C:\Program Files\dotnet\packs\Microsoft.NETCore.App.Ref\8.0.22\ref/net8.0/System.Net.Http.Json.dll
                 Private = 'false'
             C:\Program Files\dotnet\packs\Microsoft.NETCore.App.Ref\8.0.22\ref/net8.0/System.Net.Http.dll
                 Private = 'false'
             C:\Program Files\dotnet\packs\Microsoft.NETCore.App.Ref\8.0.22\ref/net8.0/System.Net.HttpListener.dll
                 Private = 'false'
             C:\Program Files\dotnet\packs\Microsoft.NETCore.App.Ref\8.0.22\ref/net8.0/System.Net.Mail.dll
                 Private = 'false'
             C:\Program Files\dotnet\packs\Microsoft.NETCore.App.Ref\8.0.22\ref/net8.0/System.Net.NameResolution.dll
                 Private = 'false'
             C:\Program Files\dotnet\packs\Microsoft.NETCore.App.Ref\8.0.22\ref/net8.0/System.Net.NetworkInformation.dll
                 Private = 'false'
             C:\Program Files\dotnet\packs\Microsoft.NETCore.App.Ref\8.0.22\ref/net8.0/System.Net.Ping.dll
                 Private = 'false'
             C:\Program Files\dotnet\packs\Microsoft.NETCore.App.Ref\8.0.22\ref/net8.0/System.Net.Primitives.dll
                 Private = 'false'
             C:\Program Files\dotnet\packs\Microsoft.NETCore.App.Ref\8.0.22\ref/net8.0/System.Net.Quic.dll
                 Private = 'false'
             C:\Program Files\dotnet\packs\Microsoft.NETCore.App.Ref\8.0.22\ref/net8.0/System.Net.Requests.dll
                 Private = 'false'
             C:\Program Files\dotnet\packs\Microsoft.NETCore.App.Ref\8.0.22\ref/net8.0/System.Net.Security.dll
                 Private = 'false'
             C:\Program Files\dotnet\packs\Microsoft.NETCore.App.Ref\8.0.22\ref/net8.0/System.Net.ServicePoint.dll
                 Private = 'false'
             C:\Program Files\dotnet\packs\Microsoft.NETCore.App.Ref\8.0.22\ref/net8.0/System.Net.Sockets.dll
                 Private = 'false'
             C:\Program Files\dotnet\packs\Microsoft.NETCore.App.Ref\8.0.22\ref/net8.0/System.Net.WebClient.dll
                 Private = 'false'
             C:\Program Files\dotnet\packs\Microsoft.NETCore.App.Ref\8.0.22\ref/net8.0/System.Net.WebHeaderCollection.dll
                 Private = 'false'
             C:\Program Files\dotnet\packs\Microsoft.NETCore.App.Ref\8.0.22\ref/net8.0/System.Net.WebProxy.dll
                 Private = 'false'
             C:\Program Files\dotnet\packs\Microsoft.NETCore.App.Ref\8.0.22\ref/net8.0/System.Net.WebSockets.Client.dll
                 Private = 'false'
             C:\Program Files\dotnet\packs\Microsoft.NETCore.App.Ref\8.0.22\ref/net8.0/System.Net.WebSockets.dll
                 Private = 'false'
             C:\Program Files\dotnet\packs\Microsoft.NETCore.App.Ref\8.0.22\ref/net8.0/System.Net.dll
                 Private = 'false'
             C:\Program Files\dotnet\packs\Microsoft.NETCore.App.Ref\8.0.22\ref/net8.0/System.Numerics.Vectors.dll
                 Private = 'false'
             C:\Program Files\dotnet\packs\Microsoft.NETCore.App.Ref\8.0.22\ref/net8.0/System.Numerics.dll
                 Private = 'false'
             C:\Program Files\dotnet\packs\Microsoft.NETCore.App.Ref\8.0.22\ref/net8.0/System.ObjectModel.dll
                 Private = 'false'
             C:\Program Files\dotnet\packs\Microsoft.NETCore.App.Ref\8.0.22\ref/net8.0/System.Reflection.DispatchProxy.dll
                 Private = 'false'
             C:\Program Files\dotnet\packs\Microsoft.NETCore.App.Ref\8.0.22\ref/net8.0/System.Reflection.Emit.ILGeneration.dll
                 Private = 'false'
             C:\Program Files\dotnet\packs\Microsoft.NETCore.App.Ref\8.0.22\ref/net8.0/System.Reflection.Emit.Lightweight.dll
                 Private = 'false'
             C:\Program Files\dotnet\packs\Microsoft.NETCore.App.Ref\8.0.22\ref/net8.0/System.Reflection.Emit.dll
                 Private = 'false'
             C:\Program Files\dotnet\packs\Microsoft.NETCore.App.Ref\8.0.22\ref/net8.0/System.Reflection.Extensions.dll
                 Private = 'false'
             C:\Program Files\dotnet\packs\Microsoft.NETCore.App.Ref\8.0.22\ref/net8.0/System.Reflection.Metadata.dll
                 Private = 'false'
             C:\Program Files\dotnet\packs\Microsoft.NETCore.App.Ref\8.0.22\ref/net8.0/System.Reflection.Primitives.dll
                 Private = 'false'
             C:\Program Files\dotnet\packs\Microsoft.NETCore.App.Ref\8.0.22\ref/net8.0/System.Reflection.TypeExtensions.dll
                 Private = 'false'
             C:\Program Files\dotnet\packs\Microsoft.NETCore.App.Ref\8.0.22\ref/net8.0/System.Reflection.dll
                 Private = 'false'
             C:\Program Files\dotnet\packs\Microsoft.NETCore.App.Ref\8.0.22\ref/net8.0/System.Resources.Reader.dll
                 Private = 'false'
             C:\Program Files\dotnet\packs\Microsoft.NETCore.App.Ref\8.0.22\ref/net8.0/System.Resources.ResourceManager.dll
                 Private = 'false'
             C:\Program Files\dotnet\packs\Microsoft.NETCore.App.Ref\8.0.22\ref/net8.0/System.Resources.Writer.dll
                 Private = 'false'
             C:\Program Files\dotnet\packs\Microsoft.NETCore.App.Ref\8.0.22\ref/net8.0/System.Runtime.CompilerServices.Unsafe.dll
                 Private = 'false'
             C:\Program Files\dotnet\packs\Microsoft.NETCore.App.Ref\8.0.22\ref/net8.0/System.Runtime.CompilerServices.VisualC.dll
                 Private = 'false'
             C:\Program Files\dotnet\packs\Microsoft.NETCore.App.Ref\8.0.22\ref/net8.0/System.Runtime.Extensions.dll
                 Private = 'false'
             C:\Program Files\dotnet\packs\Microsoft.NETCore.App.Ref\8.0.22\ref/net8.0/System.Runtime.Handles.dll
                 Private = 'false'
             C:\Program Files\dotnet\packs\Microsoft.NETCore.App.Ref\8.0.22\ref/net8.0/System.Runtime.InteropServices.JavaScript.dll
                 Private = 'false'
             C:\Program Files\dotnet\packs\Microsoft.NETCore.App.Ref\8.0.22\ref/net8.0/System.Runtime.InteropServices.RuntimeInformation.dll
                 Private = 'false'
             C:\Program Files\dotnet\packs\Microsoft.NETCore.App.Ref\8.0.22\ref/net8.0/System.Runtime.InteropServices.dll
                 Private = 'false'
             C:\Program Files\dotnet\packs\Microsoft.NETCore.App.Ref\8.0.22\ref/net8.0/System.Runtime.Intrinsics.dll
                 Private = 'false'
             C:\Program Files\dotnet\packs\Microsoft.NETCore.App.Ref\8.0.22\ref/net8.0/System.Runtime.Loader.dll
                 Private = 'false'
             C:\Program Files\dotnet\packs\Microsoft.NETCore.App.Ref\8.0.22\ref/net8.0/System.Runtime.Numerics.dll
                 Private = 'false'
             C:\Program Files\dotnet\packs\Microsoft.NETCore.App.Ref\8.0.22\ref/net8.0/System.Runtime.Serialization.Formatters.dll
                 Private = 'false'
             C:\Program Files\dotnet\packs\Microsoft.NETCore.App.Ref\8.0.22\ref/net8.0/System.Runtime.Serialization.Json.dll
                 Private = 'false'
             C:\Program Files\dotnet\packs\Microsoft.NETCore.App.Ref\8.0.22\ref/net8.0/System.Runtime.Serialization.Primitives.dll
                 Private = 'false'
             C:\Program Files\dotnet\packs\Microsoft.NETCore.App.Ref\8.0.22\ref/net8.0/System.Runtime.Serialization.Xml.dll
                 Private = 'false'
             C:\Program Files\dotnet\packs\Microsoft.NETCore.App.Ref\8.0.22\ref/net8.0/System.Runtime.Serialization.dll
                 Private = 'false'
             C:\Program Files\dotnet\packs\Microsoft.NETCore.App.Ref\8.0.22\ref/net8.0/System.Runtime.dll
                 Private = 'false'
             C:\Program Files\dotnet\packs\Microsoft.NETCore.App.Ref\8.0.22\ref/net8.0/System.Security.AccessControl.dll
                 Private = 'false'
             C:\Program Files\dotnet\packs\Microsoft.NETCore.App.Ref\8.0.22\ref/net8.0/System.Security.Claims.dll
                 Private = 'false'
             C:\Program Files\dotnet\packs\Microsoft.NETCore.App.Ref\8.0.22\ref/net8.0/System.Security.Cryptography.Algorithms.dll
                 Private = 'false'
             C:\Program Files\dotnet\packs\Microsoft.NETCore.App.Ref\8.0.22\ref/net8.0/System.Security.Cryptography.Cng.dll
                 Private = 'false'
             C:\Program Files\dotnet\packs\Microsoft.NETCore.App.Ref\8.0.22\ref/net8.0/System.Security.Cryptography.Csp.dll
                 Private = 'false'
             C:\Program Files\dotnet\packs\Microsoft.NETCore.App.Ref\8.0.22\ref/net8.0/System.Security.Cryptography.Encoding.dll
                 Private = 'false'
             C:\Program Files\dotnet\packs\Microsoft.NETCore.App.Ref\8.0.22\ref/net8.0/System.Security.Cryptography.OpenSsl.dll
                 Private = 'false'
             C:\Program Files\dotnet\packs\Microsoft.NETCore.App.Ref\8.0.22\ref/net8.0/System.Security.Cryptography.Primitives.dll
                 Private = 'false'
             C:\Program Files\dotnet\packs\Microsoft.NETCore.App.Ref\8.0.22\ref/net8.0/System.Security.Cryptography.X509Certificates.dll
                 Private = 'false'
             C:\Program Files\dotnet\packs\Microsoft.NETCore.App.Ref\8.0.22\ref/net8.0/System.Security.Cryptography.dll
                 Private = 'false'
             C:\Program Files\dotnet\packs\Microsoft.NETCore.App.Ref\8.0.22\ref/net8.0/System.Security.Principal.Windows.dll
                 Private = 'false'
             C:\Program Files\dotnet\packs\Microsoft.NETCore.App.Ref\8.0.22\ref/net8.0/System.Security.Principal.dll
                 Private = 'false'
             C:\Program Files\dotnet\packs\Microsoft.NETCore.App.Ref\8.0.22\ref/net8.0/System.Security.SecureString.dll
                 Private = 'false'
             C:\Program Files\dotnet\packs\Microsoft.NETCore.App.Ref\8.0.22\ref/net8.0/System.Security.dll
                 Private = 'false'
             C:\Program Files\dotnet\packs\Microsoft.NETCore.App.Ref\8.0.22\ref/net8.0/System.ServiceModel.Web.dll
                 Private = 'false'
             C:\Program Files\dotnet\packs\Microsoft.NETCore.App.Ref\8.0.22\ref/net8.0/System.ServiceProcess.dll
                 Private = 'false'
             C:\Program Files\dotnet\packs\Microsoft.NETCore.App.Ref\8.0.22\ref/net8.0/System.Text.Encoding.CodePages.dll
                 Private = 'false'
             C:\Program Files\dotnet\packs\Microsoft.NETCore.App.Ref\8.0.22\ref/net8.0/System.Text.Encoding.Extensions.dll
                 Private = 'false'
             C:\Program Files\dotnet\packs\Microsoft.NETCore.App.Ref\8.0.22\ref/net8.0/System.Text.Encoding.dll
                 Private = 'false'
             C:\Program Files\dotnet\packs\Microsoft.NETCore.App.Ref\8.0.22\ref/net8.0/System.Text.Encodings.Web.dll
                 Private = 'false'
             C:\Program Files\dotnet\packs\Microsoft.NETCore.App.Ref\8.0.22\ref/net8.0/System.Text.Json.dll
                 Private = 'false'
             C:\Program Files\dotnet\packs\Microsoft.NETCore.App.Ref\8.0.22\ref/net8.0/System.Text.RegularExpressions.dll
                 Private = 'false'
             C:\Program Files\dotnet\packs\Microsoft.NETCore.App.Ref\8.0.22\ref/net8.0/System.Threading.Channels.dll
                 Private = 'false'
             C:\Program Files\dotnet\packs\Microsoft.NETCore.App.Ref\8.0.22\ref/net8.0/System.Threading.Overlapped.dll
                 Private = 'false'
             C:\Program Files\dotnet\packs\Microsoft.NETCore.App.Ref\8.0.22\ref/net8.0/System.Threading.Tasks.Dataflow.dll
                 Private = 'false'
             C:\Program Files\dotnet\packs\Microsoft.NETCore.App.Ref\8.0.22\ref/net8.0/System.Threading.Tasks.Extensions.dll
                 Private = 'false'
             C:\Program Files\dotnet\packs\Microsoft.NETCore.App.Ref\8.0.22\ref/net8.0/System.Threading.Tasks.Parallel.dll
                 Private = 'false'
             C:\Program Files\dotnet\packs\Microsoft.NETCore.App.Ref\8.0.22\ref/net8.0/System.Threading.Tasks.dll
                 Private = 'false'
             C:\Program Files\dotnet\packs\Microsoft.NETCore.App.Ref\8.0.22\ref/net8.0/System.Threading.Thread.dll
                 Private = 'false'
             C:\Program Files\dotnet\packs\Microsoft.NETCore.App.Ref\8.0.22\ref/net8.0/System.Threading.ThreadPool.dll
                 Private = 'false'
             C:\Program Files\dotnet\packs\Microsoft.NETCore.App.Ref\8.0.22\ref/net8.0/System.Threading.Timer.dll
                 Private = 'false'
             C:\Program Files\dotnet\packs\Microsoft.NETCore.App.Ref\8.0.22\ref/net8.0/System.Threading.dll
                 Private = 'false'
             C:\Program Files\dotnet\packs\Microsoft.NETCore.App.Ref\8.0.22\ref/net8.0/System.Transactions.Local.dll
                 Private = 'false'
             C:\Program Files\dotnet\packs\Microsoft.NETCore.App.Ref\8.0.22\ref/net8.0/System.Transactions.dll
                 Private = 'false'
             C:\Program Files\dotnet\packs\Microsoft.NETCore.App.Ref\8.0.22\ref/net8.0/System.ValueTuple.dll
                 Private = 'false'
             C:\Program Files\dotnet\packs\Microsoft.NETCore.App.Ref\8.0.22\ref/net8.0/System.Web.HttpUtility.dll
                 Private = 'false'
             C:\Program Files\dotnet\packs\Microsoft.NETCore.App.Ref\8.0.22\ref/net8.0/System.Web.dll
                 Private = 'false'
             C:\Program Files\dotnet\packs\Microsoft.NETCore.App.Ref\8.0.22\ref/net8.0/System.Windows.dll
                 Private = 'false'
             C:\Program Files\dotnet\packs\Microsoft.NETCore.App.Ref\8.0.22\ref/net8.0/System.Xml.Linq.dll
                 Private = 'false'
             C:\Program Files\dotnet\packs\Microsoft.NETCore.App.Ref\8.0.22\ref/net8.0/System.Xml.ReaderWriter.dll
                 Private = 'false'
             C:\Program Files\dotnet\packs\Microsoft.NETCore.App.Ref\8.0.22\ref/net8.0/System.Xml.Serialization.dll
                 Private = 'false'
             C:\Program Files\dotnet\packs\Microsoft.NETCore.App.Ref\8.0.22\ref/net8.0/System.Xml.XDocument.dll
                 Private = 'false'
             C:\Program Files\dotnet\packs\Microsoft.NETCore.App.Ref\8.0.22\ref/net8.0/System.Xml.XPath.XDocument.dll
                 Private = 'false'
             C:\Program Files\dotnet\packs\Microsoft.NETCore.App.Ref\8.0.22\ref/net8.0/System.Xml.XPath.dll
                 Private = 'false'
             C:\Program Files\dotnet\packs\Microsoft.NETCore.App.Ref\8.0.22\ref/net8.0/System.Xml.XmlDocument.dll
                 Private = 'false'
             C:\Program Files\dotnet\packs\Microsoft.NETCore.App.Ref\8.0.22\ref/net8.0/System.Xml.XmlSerializer.dll
                 Private = 'false'
             C:\Program Files\dotnet\packs\Microsoft.NETCore.App.Ref\8.0.22\ref/net8.0/System.Xml.dll
                 Private = 'false'
             C:\Program Files\dotnet\packs\Microsoft.NETCore.App.Ref\8.0.22\ref/net8.0/System.dll
                 Private = 'false'
             C:\Program Files\dotnet\packs\Microsoft.NETCore.App.Ref\8.0.22\ref/net8.0/WindowsBase.dll
                 Private = 'false'
             C:\Program Files\dotnet\packs\Microsoft.NETCore.App.Ref\8.0.22\ref/net8.0/mscorlib.dll
                 Private = 'false'
             C:\Program Files\dotnet\packs\Microsoft.NETCore.App.Ref\8.0.22\ref/net8.0/netstandard.dll
                 Private = 'false'
         AssemblyFiles:
             C:\Users\giris\Documents\Code\Redesign-POS\Windows Based POS\Magidesk\Magidesk.Domain\bin\Debug\net8.0\Magidesk.Domain.dll
         CandidateAssemblyFiles:
         TargetFrameworkDirectories:
             
         NonCultureResourceDirectories:
             
         InstalledAssemblyTables:
         IgnoreInstalledAssemblyTable:
             False
         SearchPaths:
             {CandidateAssemblyFiles}
             {HintPathFromItem}
             {TargetFrameworkDirectory}
             {RawFileName}
         AllowedAssemblyExtensions:
             .winmd
             .dll
             .exe
         AllowedRelatedFileExtensions:
             .pdb
             .xml
             .pri
             .dll.config
             .exe.config
         AppConfigFile:
             
         AutoUnify:
             True
         EnableCustomCulture:
             False
         EnableCustomCulture:
             False
         CopyLocalDependenciesWhenParentReferenceInGac:
             True
         FindDependencies:
             True
         TargetProcessorArchitecture:
             msil
         StateFile:
             obj\Debug\net8.0\Magidesk.Application.csproj.AssemblyReference.cache
         InstalledAssemblySubsetTables:
         IgnoreInstalledAssemblySubsetTable:
             False
         TargetFrameworkSubsets:
         FullTargetFrameworkSubsetNames:
             Full
         ProfileName:
             
         FullFrameworkFolders:
         LatestTargetFrameworkDirectories:
         ProfileTablesLocation:
         Primary reference "Magidesk.Domain, Version=1.0.0.0, Culture=neutral, PublicKeyToken=null".
             Resolved file path is "C:\Users\giris\Documents\Code\Redesign-POS\Windows Based POS\Magidesk\Magidesk.Domain\bin\Debug\net8.0\Magidesk.Domain.dll".
             Reference found at search path location "C:\Users\giris\Documents\Code\Redesign-POS\Windows Based POS\Magidesk\Magidesk.Domain\bin\Debug\net8.0\Magidesk.Domain.dll".
             Found related file "C:\Users\giris\Documents\Code\Redesign-POS\Windows Based POS\Magidesk\Magidesk.Domain\bin\Debug\net8.0\Magidesk.Domain.pdb".
         Primary reference "MediatR, Version=12.0.0.0, Culture=neutral, PublicKeyToken=bb9a41a5e8aaa7e2".
             Resolved file path is "C:\Users\giris\.nuget\packages\mediatr\12.2.0\lib\net6.0\MediatR.dll".
             Reference found at search path location "{HintPathFromItem}".
             This reference is not "CopyLocal" because at least one source item had "Private" set to "false" and no source items had "Private" set to "true".
         Primary reference "MediatR.Contracts, Version=2.0.1.0, Culture=neutral, PublicKeyToken=bb9a41a5e8aaa7e2".
             Resolved file path is "C:\Users\giris\.nuget\packages\mediatr.contracts\2.0.1\lib\netstandard2.0\MediatR.Contracts.dll".
             Reference found at search path location "{HintPathFromItem}".
             This reference is not "CopyLocal" because at least one source item had "Private" set to "false" and no source items had "Private" set to "true".
         Primary reference "Microsoft.Extensions.DependencyInjection.Abstractions, Version=10.0.0.0, Culture=neutral, PublicKeyToken=adb9793829ddae60".
             Resolved file path is "C:\Users\giris\.nuget\packages\microsoft.extensions.dependencyinjection.abstractions\10.0.1\lib\net8.0\Microsoft.Extensions.DependencyInjection.Abstractions.dll".
             Reference found at search path location "{HintPathFromItem}".
             This reference is not "CopyLocal" because at least one source item had "Private" set to "false" and no source items had "Private" set to "true".
         Primary reference "Microsoft.CSharp, Version=8.0.0.0, Culture=neutral, PublicKeyToken=b03f5f7f11d50a3a".
             Resolved file path is "C:\Program Files\dotnet\packs\Microsoft.NETCore.App.Ref\8.0.22\ref\net8.0\Microsoft.CSharp.dll".
             Reference found at search path location "{RawFileName}".
             This reference is not "CopyLocal" because at least one source item had "Private" set to "false" and no source items had "Private" set to "true".
         Primary reference "Microsoft.VisualBasic.Core, Version=13.0.0.0, Culture=neutral, PublicKeyToken=b03f5f7f11d50a3a".
             Resolved file path is "C:\Program Files\dotnet\packs\Microsoft.NETCore.App.Ref\8.0.22\ref\net8.0\Microsoft.VisualBasic.Core.dll".
             Reference found at search path location "{RawFileName}".
             This reference is not "CopyLocal" because at least one source item had "Private" set to "false" and no source items had "Private" set to "true".
         Primary reference "Microsoft.VisualBasic, Version=10.0.0.0, Culture=neutral, PublicKeyToken=b03f5f7f11d50a3a".
             Resolved file path is "C:\Program Files\dotnet\packs\Microsoft.NETCore.App.Ref\8.0.22\ref\net8.0\Microsoft.VisualBasic.dll".
             Reference found at search path location "{RawFileName}".
             This reference is not "CopyLocal" because at least one source item had "Private" set to "false" and no source items had "Private" set to "true".
         Primary reference "Microsoft.Win32.Primitives, Version=8.0.0.0, Culture=neutral, PublicKeyToken=b03f5f7f11d50a3a".
             Resolved file path is "C:\Program Files\dotnet\packs\Microsoft.NETCore.App.Ref\8.0.22\ref\net8.0\Microsoft.Win32.Primitives.dll".
             Reference found at search path location "{RawFileName}".
             This reference is not "CopyLocal" because at least one source item had "Private" set to "false" and no source items had "Private" set to "true".
         Primary reference "Microsoft.Win32.Registry, Version=8.0.0.0, Culture=neutral, PublicKeyToken=b03f5f7f11d50a3a".
             Resolved file path is "C:\Program Files\dotnet\packs\Microsoft.NETCore.App.Ref\8.0.22\ref\net8.0\Microsoft.Win32.Registry.dll".
             Reference found at search path location "{RawFileName}".
             This reference is not "CopyLocal" because at least one source item had "Private" set to "false" and no source items had "Private" set to "true".
         Primary reference "System.AppContext, Version=8.0.0.0, Culture=neutral, PublicKeyToken=b03f5f7f11d50a3a".
             Resolved file path is "C:\Program Files\dotnet\packs\Microsoft.NETCore.App.Ref\8.0.22\ref\net8.0\System.AppContext.dll".
             Reference found at search path location "{RawFileName}".
             This reference is not "CopyLocal" because at least one source item had "Private" set to "false" and no source items had "Private" set to "true".
         Primary reference "System.Buffers, Version=8.0.0.0, Culture=neutral, PublicKeyToken=cc7b13ffcd2ddd51".
             Resolved file path is "C:\Program Files\dotnet\packs\Microsoft.NETCore.App.Ref\8.0.22\ref\net8.0\System.Buffers.dll".
             Reference found at search path location "{RawFileName}".
             This reference is not "CopyLocal" because at least one source item had "Private" set to "false" and no source items had "Private" set to "true".
         Primary reference "System.Collections.Concurrent, Version=8.0.0.0, Culture=neutral, PublicKeyToken=b03f5f7f11d50a3a".
             Resolved file path is "C:\Program Files\dotnet\packs\Microsoft.NETCore.App.Ref\8.0.22\ref\net8.0\System.Collections.Concurrent.dll".
             Reference found at search path location "{RawFileName}".
             This reference is not "CopyLocal" because at least one source item had "Private" set to "false" and no source items had "Private" set to "true".
         Primary reference "System.Collections.Immutable, Version=8.0.0.0, Culture=neutral, PublicKeyToken=b03f5f7f11d50a3a".
             Resolved file path is "C:\Program Files\dotnet\packs\Microsoft.NETCore.App.Ref\8.0.22\ref\net8.0\System.Collections.Immutable.dll".
             Reference found at search path location "{RawFileName}".
             This reference is not "CopyLocal" because at least one source item had "Private" set to "false" and no source items had "Private" set to "true".
         Primary reference "System.Collections.NonGeneric, Version=8.0.0.0, Culture=neutral, PublicKeyToken=b03f5f7f11d50a3a".
             Resolved file path is "C:\Program Files\dotnet\packs\Microsoft.NETCore.App.Ref\8.0.22\ref\net8.0\System.Collections.NonGeneric.dll".
             Reference found at search path location "{RawFileName}".
             This reference is not "CopyLocal" because at least one source item had "Private" set to "false" and no source items had "Private" set to "true".
         Primary reference "System.Collections.Specialized, Version=8.0.0.0, Culture=neutral, PublicKeyToken=b03f5f7f11d50a3a".
             Resolved file path is "C:\Program Files\dotnet\packs\Microsoft.NETCore.App.Ref\8.0.22\ref\net8.0\System.Collections.Specialized.dll".
             Reference found at search path location "{RawFileName}".
             This reference is not "CopyLocal" because at least one source item had "Private" set to "false" and no source items had "Private" set to "true".
         Primary reference "System.Collections, Version=8.0.0.0, Culture=neutral, PublicKeyToken=b03f5f7f11d50a3a".
             Resolved file path is "C:\Program Files\dotnet\packs\Microsoft.NETCore.App.Ref\8.0.22\ref\net8.0\System.Collections.dll".
             Reference found at search path location "{RawFileName}".
             This reference is not "CopyLocal" because at least one source item had "Private" set to "false" and no source items had "Private" set to "true".
         Primary reference "System.ComponentModel.Annotations, Version=8.0.0.0, Culture=neutral, PublicKeyToken=b03f5f7f11d50a3a".
             Resolved file path is "C:\Program Files\dotnet\packs\Microsoft.NETCore.App.Ref\8.0.22\ref\net8.0\System.ComponentModel.Annotations.dll".
             Reference found at search path location "{RawFileName}".
             This reference is not "CopyLocal" because at least one source item had "Private" set to "false" and no source items had "Private" set to "true".
         Primary reference "System.ComponentModel.DataAnnotations, Version=4.0.0.0, Culture=neutral, PublicKeyToken=31bf3856ad364e35".
             Resolved file path is "C:\Program Files\dotnet\packs\Microsoft.NETCore.App.Ref\8.0.22\ref\net8.0\System.ComponentModel.DataAnnotations.dll".
             Reference found at search path location "{RawFileName}".
             This reference is not "CopyLocal" because at least one source item had "Private" set to "false" and no source items had "Private" set to "true".
         Primary reference "System.ComponentModel.EventBasedAsync, Version=8.0.0.0, Culture=neutral, PublicKeyToken=b03f5f7f11d50a3a".
             Resolved file path is "C:\Program Files\dotnet\packs\Microsoft.NETCore.App.Ref\8.0.22\ref\net8.0\System.ComponentModel.EventBasedAsync.dll".
             Reference found at search path location "{RawFileName}".
             This reference is not "CopyLocal" because at least one source item had "Private" set to "false" and no source items had "Private" set to "true".
         Primary reference "System.ComponentModel.Primitives, Version=8.0.0.0, Culture=neutral, PublicKeyToken=b03f5f7f11d50a3a".
             Resolved file path is "C:\Program Files\dotnet\packs\Microsoft.NETCore.App.Ref\8.0.22\ref\net8.0\System.ComponentModel.Primitives.dll".
             Reference found at search path location "{RawFileName}".
             This reference is not "CopyLocal" because at least one source item had "Private" set to "false" and no source items had "Private" set to "true".
         Primary reference "System.ComponentModel.TypeConverter, Version=8.0.0.0, Culture=neutral, PublicKeyToken=b03f5f7f11d50a3a".
             Resolved file path is "C:\Program Files\dotnet\packs\Microsoft.NETCore.App.Ref\8.0.22\ref\net8.0\System.ComponentModel.TypeConverter.dll".
             Reference found at search path location "{RawFileName}".
             This reference is not "CopyLocal" because at least one source item had "Private" set to "false" and no source items had "Private" set to "true".
         Primary reference "System.ComponentModel, Version=8.0.0.0, Culture=neutral, PublicKeyToken=b03f5f7f11d50a3a".
             Resolved file path is "C:\Program Files\dotnet\packs\Microsoft.NETCore.App.Ref\8.0.22\ref\net8.0\System.ComponentModel.dll".
             Reference found at search path location "{RawFileName}".
             This reference is not "CopyLocal" because at least one source item had "Private" set to "false" and no source items had "Private" set to "true".
         Primary reference "System.Configuration, Version=4.0.0.0, Culture=neutral, PublicKeyToken=b03f5f7f11d50a3a".
             Resolved file path is "C:\Program Files\dotnet\packs\Microsoft.NETCore.App.Ref\8.0.22\ref\net8.0\System.Configuration.dll".
             Reference found at search path location "{RawFileName}".
             This reference is not "CopyLocal" because at least one source item had "Private" set to "false" and no source items had "Private" set to "true".
         Primary reference "System.Console, Version=8.0.0.0, Culture=neutral, PublicKeyToken=b03f5f7f11d50a3a".
             Resolved file path is "C:\Program Files\dotnet\packs\Microsoft.NETCore.App.Ref\8.0.22\ref\net8.0\System.Console.dll".
             Reference found at search path location "{RawFileName}".
             This reference is not "CopyLocal" because at least one source item had "Private" set to "false" and no source items had "Private" set to "true".
         Primary reference "System.Core, Version=4.0.0.0, Culture=neutral, PublicKeyToken=b77a5c561934e089".
             Resolved file path is "C:\Program Files\dotnet\packs\Microsoft.NETCore.App.Ref\8.0.22\ref\net8.0\System.Core.dll".
             Reference found at search path location "{RawFileName}".
             This reference is not "CopyLocal" because at least one source item had "Private" set to "false" and no source items had "Private" set to "true".
         Primary reference "System.Data.Common, Version=8.0.0.0, Culture=neutral, PublicKeyToken=b03f5f7f11d50a3a".
             Resolved file path is "C:\Program Files\dotnet\packs\Microsoft.NETCore.App.Ref\8.0.22\ref\net8.0\System.Data.Common.dll".
             Reference found at search path location "{RawFileName}".
             This reference is not "CopyLocal" because at least one source item had "Private" set to "false" and no source items had "Private" set to "true".
         Primary reference "System.Data.DataSetExtensions, Version=8.0.0.0, Culture=neutral, PublicKeyToken=b77a5c561934e089".
             Resolved file path is "C:\Program Files\dotnet\packs\Microsoft.NETCore.App.Ref\8.0.22\ref\net8.0\System.Data.DataSetExtensions.dll".
             Reference found at search path location "{RawFileName}".
             This reference is not "CopyLocal" because at least one source item had "Private" set to "false" and no source items had "Private" set to "true".
         Primary reference "System.Data, Version=4.0.0.0, Culture=neutral, PublicKeyToken=b77a5c561934e089".
             Resolved file path is "C:\Program Files\dotnet\packs\Microsoft.NETCore.App.Ref\8.0.22\ref\net8.0\System.Data.dll".
             Reference found at search path location "{RawFileName}".
             This reference is not "CopyLocal" because at least one source item had "Private" set to "false" and no source items had "Private" set to "true".
         Primary reference "System.Diagnostics.Contracts, Version=8.0.0.0, Culture=neutral, PublicKeyToken=b03f5f7f11d50a3a".
             Resolved file path is "C:\Program Files\dotnet\packs\Microsoft.NETCore.App.Ref\8.0.22\ref\net8.0\System.Diagnostics.Contracts.dll".
             Reference found at search path location "{RawFileName}".
             This reference is not "CopyLocal" because at least one source item had "Private" set to "false" and no source items had "Private" set to "true".
         Primary reference "System.Diagnostics.Debug, Version=8.0.0.0, Culture=neutral, PublicKeyToken=b03f5f7f11d50a3a".
             Resolved file path is "C:\Program Files\dotnet\packs\Microsoft.NETCore.App.Ref\8.0.22\ref\net8.0\System.Diagnostics.Debug.dll".
             Reference found at search path location "{RawFileName}".
             This reference is not "CopyLocal" because at least one source item had "Private" set to "false" and no source items had "Private" set to "true".
         Primary reference "System.Diagnostics.DiagnosticSource, Version=8.0.0.0, Culture=neutral, PublicKeyToken=cc7b13ffcd2ddd51".
             Resolved file path is "C:\Program Files\dotnet\packs\Microsoft.NETCore.App.Ref\8.0.22\ref\net8.0\System.Diagnostics.DiagnosticSource.dll".
             Reference found at search path location "{RawFileName}".
             This reference is not "CopyLocal" because at least one source item had "Private" set to "false" and no source items had "Private" set to "true".
         Primary reference "System.Diagnostics.FileVersionInfo, Version=8.0.0.0, Culture=neutral, PublicKeyToken=b03f5f7f11d50a3a".
             Resolved file path is "C:\Program Files\dotnet\packs\Microsoft.NETCore.App.Ref\8.0.22\ref\net8.0\System.Diagnostics.FileVersionInfo.dll".
             Reference found at search path location "{RawFileName}".
             This reference is not "CopyLocal" because at least one source item had "Private" set to "false" and no source items had "Private" set to "true".
         Primary reference "System.Diagnostics.Process, Version=8.0.0.0, Culture=neutral, PublicKeyToken=b03f5f7f11d50a3a".
             Resolved file path is "C:\Program Files\dotnet\packs\Microsoft.NETCore.App.Ref\8.0.22\ref\net8.0\System.Diagnostics.Process.dll".
             Reference found at search path location "{RawFileName}".
             This reference is not "CopyLocal" because at least one source item had "Private" set to "false" and no source items had "Private" set to "true".
         Primary reference "System.Diagnostics.StackTrace, Version=8.0.0.0, Culture=neutral, PublicKeyToken=b03f5f7f11d50a3a".
             Resolved file path is "C:\Program Files\dotnet\packs\Microsoft.NETCore.App.Ref\8.0.22\ref\net8.0\System.Diagnostics.StackTrace.dll".
             Reference found at search path location "{RawFileName}".
             This reference is not "CopyLocal" because at least one source item had "Private" set to "false" and no source items had "Private" set to "true".
         Primary reference "System.Diagnostics.TextWriterTraceListener, Version=8.0.0.0, Culture=neutral, PublicKeyToken=b03f5f7f11d50a3a".
             Resolved file path is "C:\Program Files\dotnet\packs\Microsoft.NETCore.App.Ref\8.0.22\ref\net8.0\System.Diagnostics.TextWriterTraceListener.dll".
             Reference found at search path location "{RawFileName}".
             This reference is not "CopyLocal" because at least one source item had "Private" set to "false" and no source items had "Private" set to "true".
         Primary reference "System.Diagnostics.Tools, Version=8.0.0.0, Culture=neutral, PublicKeyToken=b03f5f7f11d50a3a".
             Resolved file path is "C:\Program Files\dotnet\packs\Microsoft.NETCore.App.Ref\8.0.22\ref\net8.0\System.Diagnostics.Tools.dll".
             Reference found at search path location "{RawFileName}".
             This reference is not "CopyLocal" because at least one source item had "Private" set to "false" and no source items had "Private" set to "true".
         Primary reference "System.Diagnostics.TraceSource, Version=8.0.0.0, Culture=neutral, PublicKeyToken=b03f5f7f11d50a3a".
             Resolved file path is "C:\Program Files\dotnet\packs\Microsoft.NETCore.App.Ref\8.0.22\ref\net8.0\System.Diagnostics.TraceSource.dll".
             Reference found at search path location "{RawFileName}".
             This reference is not "CopyLocal" because at least one source item had "Private" set to "false" and no source items had "Private" set to "true".
         Primary reference "System.Diagnostics.Tracing, Version=8.0.0.0, Culture=neutral, PublicKeyToken=b03f5f7f11d50a3a".
             Resolved file path is "C:\Program Files\dotnet\packs\Microsoft.NETCore.App.Ref\8.0.22\ref\net8.0\System.Diagnostics.Tracing.dll".
             Reference found at search path location "{RawFileName}".
             This reference is not "CopyLocal" because at least one source item had "Private" set to "false" and no source items had "Private" set to "true".
         Primary reference "System.Drawing.Primitives, Version=8.0.0.0, Culture=neutral, PublicKeyToken=b03f5f7f11d50a3a".
             Resolved file path is "C:\Program Files\dotnet\packs\Microsoft.NETCore.App.Ref\8.0.22\ref\net8.0\System.Drawing.Primitives.dll".
             Reference found at search path location "{RawFileName}".
             This reference is not "CopyLocal" because at least one source item had "Private" set to "false" and no source items had "Private" set to "true".
         Primary reference "System.Drawing, Version=4.0.0.0, Culture=neutral, PublicKeyToken=b03f5f7f11d50a3a".
             Resolved file path is "C:\Program Files\dotnet\packs\Microsoft.NETCore.App.Ref\8.0.22\ref\net8.0\System.Drawing.dll".
             Reference found at search path location "{RawFileName}".
             This reference is not "CopyLocal" because at least one source item had "Private" set to "false" and no source items had "Private" set to "true".
         Primary reference "System.Dynamic.Runtime, Version=8.0.0.0, Culture=neutral, PublicKeyToken=b03f5f7f11d50a3a".
             Resolved file path is "C:\Program Files\dotnet\packs\Microsoft.NETCore.App.Ref\8.0.22\ref\net8.0\System.Dynamic.Runtime.dll".
             Reference found at search path location "{RawFileName}".
             This reference is not "CopyLocal" because at least one source item had "Private" set to "false" and no source items had "Private" set to "true".
         Primary reference "System.Formats.Asn1, Version=8.0.0.0, Culture=neutral, PublicKeyToken=cc7b13ffcd2ddd51".
             Resolved file path is "C:\Program Files\dotnet\packs\Microsoft.NETCore.App.Ref\8.0.22\ref\net8.0\System.Formats.Asn1.dll".
             Reference found at search path location "{RawFileName}".
             This reference is not "CopyLocal" because at least one source item had "Private" set to "false" and no source items had "Private" set to "true".
         Primary reference "System.Formats.Tar, Version=8.0.0.0, Culture=neutral, PublicKeyToken=cc7b13ffcd2ddd51".
             Resolved file path is "C:\Program Files\dotnet\packs\Microsoft.NETCore.App.Ref\8.0.22\ref\net8.0\System.Formats.Tar.dll".
             Reference found at search path location "{RawFileName}".
             This reference is not "CopyLocal" because at least one source item had "Private" set to "false" and no source items had "Private" set to "true".
         Primary reference "System.Globalization.Calendars, Version=8.0.0.0, Culture=neutral, PublicKeyToken=b03f5f7f11d50a3a".
             Resolved file path is "C:\Program Files\dotnet\packs\Microsoft.NETCore.App.Ref\8.0.22\ref\net8.0\System.Globalization.Calendars.dll".
             Reference found at search path location "{RawFileName}".
             This reference is not "CopyLocal" because at least one source item had "Private" set to "false" and no source items had "Private" set to "true".
         Primary reference "System.Globalization.Extensions, Version=8.0.0.0, Culture=neutral, PublicKeyToken=b03f5f7f11d50a3a".
             Resolved file path is "C:\Program Files\dotnet\packs\Microsoft.NETCore.App.Ref\8.0.22\ref\net8.0\System.Globalization.Extensions.dll".
             Reference found at search path location "{RawFileName}".
             This reference is not "CopyLocal" because at least one source item had "Private" set to "false" and no source items had "Private" set to "true".
         Primary reference "System.Globalization, Version=8.0.0.0, Culture=neutral, PublicKeyToken=b03f5f7f11d50a3a".
             Resolved file path is "C:\Program Files\dotnet\packs\Microsoft.NETCore.App.Ref\8.0.22\ref\net8.0\System.Globalization.dll".
             Reference found at search path location "{RawFileName}".
             This reference is not "CopyLocal" because at least one source item had "Private" set to "false" and no source items had "Private" set to "true".
         Primary reference "System.IO.Compression.Brotli, Version=8.0.0.0, Culture=neutral, PublicKeyToken=b77a5c561934e089".
             Resolved file path is "C:\Program Files\dotnet\packs\Microsoft.NETCore.App.Ref\8.0.22\ref\net8.0\System.IO.Compression.Brotli.dll".
             Reference found at search path location "{RawFileName}".
             This reference is not "CopyLocal" because at least one source item had "Private" set to "false" and no source items had "Private" set to "true".
         Primary reference "System.IO.Compression.FileSystem, Version=4.0.0.0, Culture=neutral, PublicKeyToken=b77a5c561934e089".
             Resolved file path is "C:\Program Files\dotnet\packs\Microsoft.NETCore.App.Ref\8.0.22\ref\net8.0\System.IO.Compression.FileSystem.dll".
             Reference found at search path location "{RawFileName}".
             This reference is not "CopyLocal" because at least one source item had "Private" set to "false" and no source items had "Private" set to "true".
         Primary reference "System.IO.Compression.ZipFile, Version=8.0.0.0, Culture=neutral, PublicKeyToken=b77a5c561934e089".
             Resolved file path is "C:\Program Files\dotnet\packs\Microsoft.NETCore.App.Ref\8.0.22\ref\net8.0\System.IO.Compression.ZipFile.dll".
             Reference found at search path location "{RawFileName}".
             This reference is not "CopyLocal" because at least one source item had "Private" set to "false" and no source items had "Private" set to "true".
         Primary reference "System.IO.Compression, Version=8.0.0.0, Culture=neutral, PublicKeyToken=b77a5c561934e089".
             Resolved file path is "C:\Program Files\dotnet\packs\Microsoft.NETCore.App.Ref\8.0.22\ref\net8.0\System.IO.Compression.dll".
             Reference found at search path location "{RawFileName}".
             This reference is not "CopyLocal" because at least one source item had "Private" set to "false" and no source items had "Private" set to "true".
         Primary reference "System.IO.FileSystem.AccessControl, Version=8.0.0.0, Culture=neutral, PublicKeyToken=b03f5f7f11d50a3a".
             Resolved file path is "C:\Program Files\dotnet\packs\Microsoft.NETCore.App.Ref\8.0.22\ref\net8.0\System.IO.FileSystem.AccessControl.dll".
             Reference found at search path location "{RawFileName}".
             This reference is not "CopyLocal" because at least one source item had "Private" set to "false" and no source items had "Private" set to "true".
         Primary reference "System.IO.FileSystem.DriveInfo, Version=8.0.0.0, Culture=neutral, PublicKeyToken=b03f5f7f11d50a3a".
             Resolved file path is "C:\Program Files\dotnet\packs\Microsoft.NETCore.App.Ref\8.0.22\ref\net8.0\System.IO.FileSystem.DriveInfo.dll".
             Reference found at search path location "{RawFileName}".
             This reference is not "CopyLocal" because at least one source item had "Private" set to "false" and no source items had "Private" set to "true".
         Primary reference "System.IO.FileSystem.Primitives, Version=8.0.0.0, Culture=neutral, PublicKeyToken=b03f5f7f11d50a3a".
             Resolved file path is "C:\Program Files\dotnet\packs\Microsoft.NETCore.App.Ref\8.0.22\ref\net8.0\System.IO.FileSystem.Primitives.dll".
             Reference found at search path location "{RawFileName}".
             This reference is not "CopyLocal" because at least one source item had "Private" set to "false" and no source items had "Private" set to "true".
         Primary reference "System.IO.FileSystem.Watcher, Version=8.0.0.0, Culture=neutral, PublicKeyToken=b03f5f7f11d50a3a".
             Resolved file path is "C:\Program Files\dotnet\packs\Microsoft.NETCore.App.Ref\8.0.22\ref\net8.0\System.IO.FileSystem.Watcher.dll".
             Reference found at search path location "{RawFileName}".
             This reference is not "CopyLocal" because at least one source item had "Private" set to "false" and no source items had "Private" set to "true".
         Primary reference "System.IO.FileSystem, Version=8.0.0.0, Culture=neutral, PublicKeyToken=b03f5f7f11d50a3a".
             Resolved file path is "C:\Program Files\dotnet\packs\Microsoft.NETCore.App.Ref\8.0.22\ref\net8.0\System.IO.FileSystem.dll".
             Reference found at search path location "{RawFileName}".
             This reference is not "CopyLocal" because at least one source item had "Private" set to "false" and no source items had "Private" set to "true".
         Primary reference "System.IO.IsolatedStorage, Version=8.0.0.0, Culture=neutral, PublicKeyToken=b03f5f7f11d50a3a".
             Resolved file path is "C:\Program Files\dotnet\packs\Microsoft.NETCore.App.Ref\8.0.22\ref\net8.0\System.IO.IsolatedStorage.dll".
             Reference found at search path location "{RawFileName}".
             This reference is not "CopyLocal" because at least one source item had "Private" set to "false" and no source items had "Private" set to "true".
         Primary reference "System.IO.MemoryMappedFiles, Version=8.0.0.0, Culture=neutral, PublicKeyToken=b03f5f7f11d50a3a".
             Resolved file path is "C:\Program Files\dotnet\packs\Microsoft.NETCore.App.Ref\8.0.22\ref\net8.0\System.IO.MemoryMappedFiles.dll".
             Reference found at search path location "{RawFileName}".
             This reference is not "CopyLocal" because at least one source item had "Private" set to "false" and no source items had "Private" set to "true".
         Primary reference "System.IO.Pipes.AccessControl, Version=8.0.0.0, Culture=neutral, PublicKeyToken=b03f5f7f11d50a3a".
             Resolved file path is "C:\Program Files\dotnet\packs\Microsoft.NETCore.App.Ref\8.0.22\ref\net8.0\System.IO.Pipes.AccessControl.dll".
             Reference found at search path location "{RawFileName}".
             This reference is not "CopyLocal" because at least one source item had "Private" set to "false" and no source items had "Private" set to "true".
         Primary reference "System.IO.Pipes, Version=8.0.0.0, Culture=neutral, PublicKeyToken=b03f5f7f11d50a3a".
             Resolved file path is "C:\Program Files\dotnet\packs\Microsoft.NETCore.App.Ref\8.0.22\ref\net8.0\System.IO.Pipes.dll".
             Reference found at search path location "{RawFileName}".
             This reference is not "CopyLocal" because at least one source item had "Private" set to "false" and no source items had "Private" set to "true".
         Primary reference "System.IO.UnmanagedMemoryStream, Version=8.0.0.0, Culture=neutral, PublicKeyToken=b03f5f7f11d50a3a".
             Resolved file path is "C:\Program Files\dotnet\packs\Microsoft.NETCore.App.Ref\8.0.22\ref\net8.0\System.IO.UnmanagedMemoryStream.dll".
             Reference found at search path location "{RawFileName}".
             This reference is not "CopyLocal" because at least one source item had "Private" set to "false" and no source items had "Private" set to "true".
         Primary reference "System.IO, Version=8.0.0.0, Culture=neutral, PublicKeyToken=b03f5f7f11d50a3a".
             Resolved file path is "C:\Program Files\dotnet\packs\Microsoft.NETCore.App.Ref\8.0.22\ref\net8.0\System.IO.dll".
             Reference found at search path location "{RawFileName}".
             This reference is not "CopyLocal" because at least one source item had "Private" set to "false" and no source items had "Private" set to "true".
         Primary reference "System.Linq.Expressions, Version=8.0.0.0, Culture=neutral, PublicKeyToken=b03f5f7f11d50a3a".
             Resolved file path is "C:\Program Files\dotnet\packs\Microsoft.NETCore.App.Ref\8.0.22\ref\net8.0\System.Linq.Expressions.dll".
             Reference found at search path location "{RawFileName}".
             This reference is not "CopyLocal" because at least one source item had "Private" set to "false" and no source items had "Private" set to "true".
         Primary reference "System.Linq.Parallel, Version=8.0.0.0, Culture=neutral, PublicKeyToken=b03f5f7f11d50a3a".
             Resolved file path is "C:\Program Files\dotnet\packs\Microsoft.NETCore.App.Ref\8.0.22\ref\net8.0\System.Linq.Parallel.dll".
             Reference found at search path location "{RawFileName}".
             This reference is not "CopyLocal" because at least one source item had "Private" set to "false" and no source items had "Private" set to "true".
         Primary reference "System.Linq.Queryable, Version=8.0.0.0, Culture=neutral, PublicKeyToken=b03f5f7f11d50a3a".
             Resolved file path is "C:\Program Files\dotnet\packs\Microsoft.NETCore.App.Ref\8.0.22\ref\net8.0\System.Linq.Queryable.dll".
             Reference found at search path location "{RawFileName}".
             This reference is not "CopyLocal" because at least one source item had "Private" set to "false" and no source items had "Private" set to "true".
         Primary reference "System.Linq, Version=8.0.0.0, Culture=neutral, PublicKeyToken=b03f5f7f11d50a3a".
             Resolved file path is "C:\Program Files\dotnet\packs\Microsoft.NETCore.App.Ref\8.0.22\ref\net8.0\System.Linq.dll".
             Reference found at search path location "{RawFileName}".
             This reference is not "CopyLocal" because at least one source item had "Private" set to "false" and no source items had "Private" set to "true".
         Primary reference "System.Memory, Version=8.0.0.0, Culture=neutral, PublicKeyToken=cc7b13ffcd2ddd51".
             Resolved file path is "C:\Program Files\dotnet\packs\Microsoft.NETCore.App.Ref\8.0.22\ref\net8.0\System.Memory.dll".
             Reference found at search path location "{RawFileName}".
             This reference is not "CopyLocal" because at least one source item had "Private" set to "false" and no source items had "Private" set to "true".
         Primary reference "System.Net.Http.Json, Version=8.0.0.0, Culture=neutral, PublicKeyToken=cc7b13ffcd2ddd51".
             Resolved file path is "C:\Program Files\dotnet\packs\Microsoft.NETCore.App.Ref\8.0.22\ref\net8.0\System.Net.Http.Json.dll".
             Reference found at search path location "{RawFileName}".
             This reference is not "CopyLocal" because at least one source item had "Private" set to "false" and no source items had "Private" set to "true".
         Primary reference "System.Net.Http, Version=8.0.0.0, Culture=neutral, PublicKeyToken=b03f5f7f11d50a3a".
             Resolved file path is "C:\Program Files\dotnet\packs\Microsoft.NETCore.App.Ref\8.0.22\ref\net8.0\System.Net.Http.dll".
             Reference found at search path location "{RawFileName}".
             This reference is not "CopyLocal" because at least one source item had "Private" set to "false" and no source items had "Private" set to "true".
         Primary reference "System.Net.HttpListener, Version=8.0.0.0, Culture=neutral, PublicKeyToken=cc7b13ffcd2ddd51".
             Resolved file path is "C:\Program Files\dotnet\packs\Microsoft.NETCore.App.Ref\8.0.22\ref\net8.0\System.Net.HttpListener.dll".
             Reference found at search path location "{RawFileName}".
             This reference is not "CopyLocal" because at least one source item had "Private" set to "false" and no source items had "Private" set to "true".
         Primary reference "System.Net.Mail, Version=8.0.0.0, Culture=neutral, PublicKeyToken=cc7b13ffcd2ddd51".
             Resolved file path is "C:\Program Files\dotnet\packs\Microsoft.NETCore.App.Ref\8.0.22\ref\net8.0\System.Net.Mail.dll".
             Reference found at search path location "{RawFileName}".
             This reference is not "CopyLocal" because at least one source item had "Private" set to "false" and no source items had "Private" set to "true".
         Primary reference "System.Net.NameResolution, Version=8.0.0.0, Culture=neutral, PublicKeyToken=b03f5f7f11d50a3a".
             Resolved file path is "C:\Program Files\dotnet\packs\Microsoft.NETCore.App.Ref\8.0.22\ref\net8.0\System.Net.NameResolution.dll".
             Reference found at search path location "{RawFileName}".
             This reference is not "CopyLocal" because at least one source item had "Private" set to "false" and no source items had "Private" set to "true".
         Primary reference "System.Net.NetworkInformation, Version=8.0.0.0, Culture=neutral, PublicKeyToken=b03f5f7f11d50a3a".
             Resolved file path is "C:\Program Files\dotnet\packs\Microsoft.NETCore.App.Ref\8.0.22\ref\net8.0\System.Net.NetworkInformation.dll".
             Reference found at search path location "{RawFileName}".
             This reference is not "CopyLocal" because at least one source item had "Private" set to "false" and no source items had "Private" set to "true".
         Primary reference "System.Net.Ping, Version=8.0.0.0, Culture=neutral, PublicKeyToken=b03f5f7f11d50a3a".
             Resolved file path is "C:\Program Files\dotnet\packs\Microsoft.NETCore.App.Ref\8.0.22\ref\net8.0\System.Net.Ping.dll".
             Reference found at search path location "{RawFileName}".
             This reference is not "CopyLocal" because at least one source item had "Private" set to "false" and no source items had "Private" set to "true".
         Primary reference "System.Net.Primitives, Version=8.0.0.0, Culture=neutral, PublicKeyToken=b03f5f7f11d50a3a".
             Resolved file path is "C:\Program Files\dotnet\packs\Microsoft.NETCore.App.Ref\8.0.22\ref\net8.0\System.Net.Primitives.dll".
             Reference found at search path location "{RawFileName}".
             This reference is not "CopyLocal" because at least one source item had "Private" set to "false" and no source items had "Private" set to "true".
         Primary reference "System.Net.Quic, Version=8.0.0.0, Culture=neutral, PublicKeyToken=b03f5f7f11d50a3a".
             Resolved file path is "C:\Program Files\dotnet\packs\Microsoft.NETCore.App.Ref\8.0.22\ref\net8.0\System.Net.Quic.dll".
             Reference found at search path location "{RawFileName}".
             This reference is not "CopyLocal" because at least one source item had "Private" set to "false" and no source items had "Private" set to "true".
         Primary reference "System.Net.Requests, Version=8.0.0.0, Culture=neutral, PublicKeyToken=b03f5f7f11d50a3a".
             Resolved file path is "C:\Program Files\dotnet\packs\Microsoft.NETCore.App.Ref\8.0.22\ref\net8.0\System.Net.Requests.dll".
             Reference found at search path location "{RawFileName}".
             This reference is not "CopyLocal" because at least one source item had "Private" set to "false" and no source items had "Private" set to "true".
         Primary reference "System.Net.Security, Version=8.0.0.0, Culture=neutral, PublicKeyToken=b03f5f7f11d50a3a".
             Resolved file path is "C:\Program Files\dotnet\packs\Microsoft.NETCore.App.Ref\8.0.22\ref\net8.0\System.Net.Security.dll".
             Reference found at search path location "{RawFileName}".
             This reference is not "CopyLocal" because at least one source item had "Private" set to "false" and no source items had "Private" set to "true".
         Primary reference "System.Net.ServicePoint, Version=8.0.0.0, Culture=neutral, PublicKeyToken=cc7b13ffcd2ddd51".
             Resolved file path is "C:\Program Files\dotnet\packs\Microsoft.NETCore.App.Ref\8.0.22\ref\net8.0\System.Net.ServicePoint.dll".
             Reference found at search path location "{RawFileName}".
             This reference is not "CopyLocal" because at least one source item had "Private" set to "false" and no source items had "Private" set to "true".
         Primary reference "System.Net.Sockets, Version=8.0.0.0, Culture=neutral, PublicKeyToken=b03f5f7f11d50a3a".
             Resolved file path is "C:\Program Files\dotnet\packs\Microsoft.NETCore.App.Ref\8.0.22\ref\net8.0\System.Net.Sockets.dll".
             Reference found at search path location "{RawFileName}".
             This reference is not "CopyLocal" because at least one source item had "Private" set to "false" and no source items had "Private" set to "true".
         Primary reference "System.Net.WebClient, Version=8.0.0.0, Culture=neutral, PublicKeyToken=cc7b13ffcd2ddd51".
             Resolved file path is "C:\Program Files\dotnet\packs\Microsoft.NETCore.App.Ref\8.0.22\ref\net8.0\System.Net.WebClient.dll".
             Reference found at search path location "{RawFileName}".
             This reference is not "CopyLocal" because at least one source item had "Private" set to "false" and no source items had "Private" set to "true".
         Primary reference "System.Net.WebHeaderCollection, Version=8.0.0.0, Culture=neutral, PublicKeyToken=b03f5f7f11d50a3a".
             Resolved file path is "C:\Program Files\dotnet\packs\Microsoft.NETCore.App.Ref\8.0.22\ref\net8.0\System.Net.WebHeaderCollection.dll".
             Reference found at search path location "{RawFileName}".
             This reference is not "CopyLocal" because at least one source item had "Private" set to "false" and no source items had "Private" set to "true".
         Primary reference "System.Net.WebProxy, Version=8.0.0.0, Culture=neutral, PublicKeyToken=cc7b13ffcd2ddd51".
             Resolved file path is "C:\Program Files\dotnet\packs\Microsoft.NETCore.App.Ref\8.0.22\ref\net8.0\System.Net.WebProxy.dll".
             Reference found at search path location "{RawFileName}".
             This reference is not "CopyLocal" because at least one source item had "Private" set to "false" and no source items had "Private" set to "true".
         Primary reference "System.Net.WebSockets.Client, Version=8.0.0.0, Culture=neutral, PublicKeyToken=b03f5f7f11d50a3a".
             Resolved file path is "C:\Program Files\dotnet\packs\Microsoft.NETCore.App.Ref\8.0.22\ref\net8.0\System.Net.WebSockets.Client.dll".
             Reference found at search path location "{RawFileName}".
             This reference is not "CopyLocal" because at least one source item had "Private" set to "false" and no source items had "Private" set to "true".
         Primary reference "System.Net.WebSockets, Version=8.0.0.0, Culture=neutral, PublicKeyToken=b03f5f7f11d50a3a".
             Resolved file path is "C:\Program Files\dotnet\packs\Microsoft.NETCore.App.Ref\8.0.22\ref\net8.0\System.Net.WebSockets.dll".
             Reference found at search path location "{RawFileName}".
             This reference is not "CopyLocal" because at least one source item had "Private" set to "false" and no source items had "Private" set to "true".
         Primary reference "System.Net, Version=4.0.0.0, Culture=neutral, PublicKeyToken=b03f5f7f11d50a3a".
             Resolved file path is "C:\Program Files\dotnet\packs\Microsoft.NETCore.App.Ref\8.0.22\ref\net8.0\System.Net.dll".
             Reference found at search path location "{RawFileName}".
             This reference is not "CopyLocal" because at least one source item had "Private" set to "false" and no source items had "Private" set to "true".
         Primary reference "System.Numerics.Vectors, Version=8.0.0.0, Culture=neutral, PublicKeyToken=b03f5f7f11d50a3a".
             Resolved file path is "C:\Program Files\dotnet\packs\Microsoft.NETCore.App.Ref\8.0.22\ref\net8.0\System.Numerics.Vectors.dll".
             Reference found at search path location "{RawFileName}".
             This reference is not "CopyLocal" because at least one source item had "Private" set to "false" and no source items had "Private" set to "true".
         Primary reference "System.Numerics, Version=4.0.0.0, Culture=neutral, PublicKeyToken=b77a5c561934e089".
             Resolved file path is "C:\Program Files\dotnet\packs\Microsoft.NETCore.App.Ref\8.0.22\ref\net8.0\System.Numerics.dll".
             Reference found at search path location "{RawFileName}".
             This reference is not "CopyLocal" because at least one source item had "Private" set to "false" and no source items had "Private" set to "true".
         Primary reference "System.ObjectModel, Version=8.0.0.0, Culture=neutral, PublicKeyToken=b03f5f7f11d50a3a".
             Resolved file path is "C:\Program Files\dotnet\packs\Microsoft.NETCore.App.Ref\8.0.22\ref\net8.0\System.ObjectModel.dll".
             Reference found at search path location "{RawFileName}".
             This reference is not "CopyLocal" because at least one source item had "Private" set to "false" and no source items had "Private" set to "true".
         Primary reference "System.Reflection.DispatchProxy, Version=8.0.0.0, Culture=neutral, PublicKeyToken=b03f5f7f11d50a3a".
             Resolved file path is "C:\Program Files\dotnet\packs\Microsoft.NETCore.App.Ref\8.0.22\ref\net8.0\System.Reflection.DispatchProxy.dll".
             Reference found at search path location "{RawFileName}".
             This reference is not "CopyLocal" because at least one source item had "Private" set to "false" and no source items had "Private" set to "true".
         Primary reference "System.Reflection.Emit.ILGeneration, Version=8.0.0.0, Culture=neutral, PublicKeyToken=b03f5f7f11d50a3a".
             Resolved file path is "C:\Program Files\dotnet\packs\Microsoft.NETCore.App.Ref\8.0.22\ref\net8.0\System.Reflection.Emit.ILGeneration.dll".
             Reference found at search path location "{RawFileName}".
             This reference is not "CopyLocal" because at least one source item had "Private" set to "false" and no source items had "Private" set to "true".
         Primary reference "System.Reflection.Emit.Lightweight, Version=8.0.0.0, Culture=neutral, PublicKeyToken=b03f5f7f11d50a3a".
             Resolved file path is "C:\Program Files\dotnet\packs\Microsoft.NETCore.App.Ref\8.0.22\ref\net8.0\System.Reflection.Emit.Lightweight.dll".
             Reference found at search path location "{RawFileName}".
             This reference is not "CopyLocal" because at least one source item had "Private" set to "false" and no source items had "Private" set to "true".
         Primary reference "System.Reflection.Emit, Version=8.0.0.0, Culture=neutral, PublicKeyToken=b03f5f7f11d50a3a".
             Resolved file path is "C:\Program Files\dotnet\packs\Microsoft.NETCore.App.Ref\8.0.22\ref\net8.0\System.Reflection.Emit.dll".
             Reference found at search path location "{RawFileName}".
             This reference is not "CopyLocal" because at least one source item had "Private" set to "false" and no source items had "Private" set to "true".
         Primary reference "System.Reflection.Extensions, Version=8.0.0.0, Culture=neutral, PublicKeyToken=b03f5f7f11d50a3a".
             Resolved file path is "C:\Program Files\dotnet\packs\Microsoft.NETCore.App.Ref\8.0.22\ref\net8.0\System.Reflection.Extensions.dll".
             Reference found at search path location "{RawFileName}".
             This reference is not "CopyLocal" because at least one source item had "Private" set to "false" and no source items had "Private" set to "true".
         Primary reference "System.Reflection.Metadata, Version=8.0.0.0, Culture=neutral, PublicKeyToken=b03f5f7f11d50a3a".
             Resolved file path is "C:\Program Files\dotnet\packs\Microsoft.NETCore.App.Ref\8.0.22\ref\net8.0\System.Reflection.Metadata.dll".
             Reference found at search path location "{RawFileName}".
             This reference is not "CopyLocal" because at least one source item had "Private" set to "false" and no source items had "Private" set to "true".
         Primary reference "System.Reflection.Primitives, Version=8.0.0.0, Culture=neutral, PublicKeyToken=b03f5f7f11d50a3a".
             Resolved file path is "C:\Program Files\dotnet\packs\Microsoft.NETCore.App.Ref\8.0.22\ref\net8.0\System.Reflection.Primitives.dll".
             Reference found at search path location "{RawFileName}".
             This reference is not "CopyLocal" because at least one source item had "Private" set to "false" and no source items had "Private" set to "true".
         Primary reference "System.Reflection.TypeExtensions, Version=8.0.0.0, Culture=neutral, PublicKeyToken=b03f5f7f11d50a3a".
             Resolved file path is "C:\Program Files\dotnet\packs\Microsoft.NETCore.App.Ref\8.0.22\ref\net8.0\System.Reflection.TypeExtensions.dll".
             Reference found at search path location "{RawFileName}".
             This reference is not "CopyLocal" because at least one source item had "Private" set to "false" and no source items had "Private" set to "true".
         Primary reference "System.Reflection, Version=8.0.0.0, Culture=neutral, PublicKeyToken=b03f5f7f11d50a3a".
             Resolved file path is "C:\Program Files\dotnet\packs\Microsoft.NETCore.App.Ref\8.0.22\ref\net8.0\System.Reflection.dll".
             Reference found at search path location "{RawFileName}".
             This reference is not "CopyLocal" because at least one source item had "Private" set to "false" and no source items had "Private" set to "true".
         Primary reference "System.Resources.Reader, Version=8.0.0.0, Culture=neutral, PublicKeyToken=b03f5f7f11d50a3a".
             Resolved file path is "C:\Program Files\dotnet\packs\Microsoft.NETCore.App.Ref\8.0.22\ref\net8.0\System.Resources.Reader.dll".
             Reference found at search path location "{RawFileName}".
             This reference is not "CopyLocal" because at least one source item had "Private" set to "false" and no source items had "Private" set to "true".
         Primary reference "System.Resources.ResourceManager, Version=8.0.0.0, Culture=neutral, PublicKeyToken=b03f5f7f11d50a3a".
             Resolved file path is "C:\Program Files\dotnet\packs\Microsoft.NETCore.App.Ref\8.0.22\ref\net8.0\System.Resources.ResourceManager.dll".
             Reference found at search path location "{RawFileName}".
             This reference is not "CopyLocal" because at least one source item had "Private" set to "false" and no source items had "Private" set to "true".
         Primary reference "System.Resources.Writer, Version=8.0.0.0, Culture=neutral, PublicKeyToken=b03f5f7f11d50a3a".
             Resolved file path is "C:\Program Files\dotnet\packs\Microsoft.NETCore.App.Ref\8.0.22\ref\net8.0\System.Resources.Writer.dll".
             Reference found at search path location "{RawFileName}".
             This reference is not "CopyLocal" because at least one source item had "Private" set to "false" and no source items had "Private" set to "true".
         Primary reference "System.Runtime.CompilerServices.Unsafe, Version=8.0.0.0, Culture=neutral, PublicKeyToken=b03f5f7f11d50a3a".
             Resolved file path is "C:\Program Files\dotnet\packs\Microsoft.NETCore.App.Ref\8.0.22\ref\net8.0\System.Runtime.CompilerServices.Unsafe.dll".
             Reference found at search path location "{RawFileName}".
             This reference is not "CopyLocal" because at least one source item had "Private" set to "false" and no source items had "Private" set to "true".
         Primary reference "System.Runtime.CompilerServices.VisualC, Version=8.0.0.0, Culture=neutral, PublicKeyToken=b03f5f7f11d50a3a".
             Resolved file path is "C:\Program Files\dotnet\packs\Microsoft.NETCore.App.Ref\8.0.22\ref\net8.0\System.Runtime.CompilerServices.VisualC.dll".
             Reference found at search path location "{RawFileName}".
             This reference is not "CopyLocal" because at least one source item had "Private" set to "false" and no source items had "Private" set to "true".
         Primary reference "System.Runtime.Extensions, Version=8.0.0.0, Culture=neutral, PublicKeyToken=b03f5f7f11d50a3a".
             Resolved file path is "C:\Program Files\dotnet\packs\Microsoft.NETCore.App.Ref\8.0.22\ref\net8.0\System.Runtime.Extensions.dll".
             Reference found at search path location "{RawFileName}".
             This reference is not "CopyLocal" because at least one source item had "Private" set to "false" and no source items had "Private" set to "true".
         Primary reference "System.Runtime.Handles, Version=8.0.0.0, Culture=neutral, PublicKeyToken=b03f5f7f11d50a3a".
             Resolved file path is "C:\Program Files\dotnet\packs\Microsoft.NETCore.App.Ref\8.0.22\ref\net8.0\System.Runtime.Handles.dll".
             Reference found at search path location "{RawFileName}".
             This reference is not "CopyLocal" because at least one source item had "Private" set to "false" and no source items had "Private" set to "true".
         Primary reference "System.Runtime.InteropServices.JavaScript, Version=8.0.0.0, Culture=neutral, PublicKeyToken=b03f5f7f11d50a3a".
             Resolved file path is "C:\Program Files\dotnet\packs\Microsoft.NETCore.App.Ref\8.0.22\ref\net8.0\System.Runtime.InteropServices.JavaScript.dll".
             Reference found at search path location "{RawFileName}".
             This reference is not "CopyLocal" because at least one source item had "Private" set to "false" and no source items had "Private" set to "true".
         Primary reference "System.Runtime.InteropServices.RuntimeInformation, Version=8.0.0.0, Culture=neutral, PublicKeyToken=b03f5f7f11d50a3a".
             Resolved file path is "C:\Program Files\dotnet\packs\Microsoft.NETCore.App.Ref\8.0.22\ref\net8.0\System.Runtime.InteropServices.RuntimeInformation.dll".
             Reference found at search path location "{RawFileName}".
             This reference is not "CopyLocal" because at least one source item had "Private" set to "false" and no source items had "Private" set to "true".
         Primary reference "System.Runtime.InteropServices, Version=8.0.0.0, Culture=neutral, PublicKeyToken=b03f5f7f11d50a3a".
             Resolved file path is "C:\Program Files\dotnet\packs\Microsoft.NETCore.App.Ref\8.0.22\ref\net8.0\System.Runtime.InteropServices.dll".
             Reference found at search path location "{RawFileName}".
             This reference is not "CopyLocal" because at least one source item had "Private" set to "false" and no source items had "Private" set to "true".
         Primary reference "System.Runtime.Intrinsics, Version=8.0.0.0, Culture=neutral, PublicKeyToken=cc7b13ffcd2ddd51".
             Resolved file path is "C:\Program Files\dotnet\packs\Microsoft.NETCore.App.Ref\8.0.22\ref\net8.0\System.Runtime.Intrinsics.dll".
             Reference found at search path location "{RawFileName}".
             This reference is not "CopyLocal" because at least one source item had "Private" set to "false" and no source items had "Private" set to "true".
         Primary reference "System.Runtime.Loader, Version=8.0.0.0, Culture=neutral, PublicKeyToken=b03f5f7f11d50a3a".
             Resolved file path is "C:\Program Files\dotnet\packs\Microsoft.NETCore.App.Ref\8.0.22\ref\net8.0\System.Runtime.Loader.dll".
             Reference found at search path location "{RawFileName}".
             This reference is not "CopyLocal" because at least one source item had "Private" set to "false" and no source items had "Private" set to "true".
         Primary reference "System.Runtime.Numerics, Version=8.0.0.0, Culture=neutral, PublicKeyToken=b03f5f7f11d50a3a".
             Resolved file path is "C:\Program Files\dotnet\packs\Microsoft.NETCore.App.Ref\8.0.22\ref\net8.0\System.Runtime.Numerics.dll".
             Reference found at search path location "{RawFileName}".
             This reference is not "CopyLocal" because at least one source item had "Private" set to "false" and no source items had "Private" set to "true".
         Primary reference "System.Runtime.Serialization.Formatters, Version=8.0.0.0, Culture=neutral, PublicKeyToken=b03f5f7f11d50a3a".
             Resolved file path is "C:\Program Files\dotnet\packs\Microsoft.NETCore.App.Ref\8.0.22\ref\net8.0\System.Runtime.Serialization.Formatters.dll".
             Reference found at search path location "{RawFileName}".
             This reference is not "CopyLocal" because at least one source item had "Private" set to "false" and no source items had "Private" set to "true".
         Primary reference "System.Runtime.Serialization.Json, Version=8.0.0.0, Culture=neutral, PublicKeyToken=b03f5f7f11d50a3a".
             Resolved file path is "C:\Program Files\dotnet\packs\Microsoft.NETCore.App.Ref\8.0.22\ref\net8.0\System.Runtime.Serialization.Json.dll".
             Reference found at search path location "{RawFileName}".
             This reference is not "CopyLocal" because at least one source item had "Private" set to "false" and no source items had "Private" set to "true".
         Primary reference "System.Runtime.Serialization.Primitives, Version=8.0.0.0, Culture=neutral, PublicKeyToken=b03f5f7f11d50a3a".
             Resolved file path is "C:\Program Files\dotnet\packs\Microsoft.NETCore.App.Ref\8.0.22\ref\net8.0\System.Runtime.Serialization.Primitives.dll".
             Reference found at search path location "{RawFileName}".
             This reference is not "CopyLocal" because at least one source item had "Private" set to "false" and no source items had "Private" set to "true".
         Primary reference "System.Runtime.Serialization.Xml, Version=8.0.0.0, Culture=neutral, PublicKeyToken=b03f5f7f11d50a3a".
             Resolved file path is "C:\Program Files\dotnet\packs\Microsoft.NETCore.App.Ref\8.0.22\ref\net8.0\System.Runtime.Serialization.Xml.dll".
             Reference found at search path location "{RawFileName}".
             This reference is not "CopyLocal" because at least one source item had "Private" set to "false" and no source items had "Private" set to "true".
         Primary reference "System.Runtime.Serialization, Version=4.0.0.0, Culture=neutral, PublicKeyToken=b77a5c561934e089".
             Resolved file path is "C:\Program Files\dotnet\packs\Microsoft.NETCore.App.Ref\8.0.22\ref\net8.0\System.Runtime.Serialization.dll".
             Reference found at search path location "{RawFileName}".
             This reference is not "CopyLocal" because at least one source item had "Private" set to "false" and no source items had "Private" set to "true".
         Primary reference "System.Runtime, Version=8.0.0.0, Culture=neutral, PublicKeyToken=b03f5f7f11d50a3a".
             Resolved file path is "C:\Program Files\dotnet\packs\Microsoft.NETCore.App.Ref\8.0.22\ref\net8.0\System.Runtime.dll".
             Reference found at search path location "{RawFileName}".
             This reference is not "CopyLocal" because at least one source item had "Private" set to "false" and no source items had "Private" set to "true".
         Primary reference "System.Security.AccessControl, Version=8.0.0.0, Culture=neutral, PublicKeyToken=b03f5f7f11d50a3a".
             Resolved file path is "C:\Program Files\dotnet\packs\Microsoft.NETCore.App.Ref\8.0.22\ref\net8.0\System.Security.AccessControl.dll".
             Reference found at search path location "{RawFileName}".
             This reference is not "CopyLocal" because at least one source item had "Private" set to "false" and no source items had "Private" set to "true".
         Primary reference "System.Security.Claims, Version=8.0.0.0, Culture=neutral, PublicKeyToken=b03f5f7f11d50a3a".
             Resolved file path is "C:\Program Files\dotnet\packs\Microsoft.NETCore.App.Ref\8.0.22\ref\net8.0\System.Security.Claims.dll".
             Reference found at search path location "{RawFileName}".
             This reference is not "CopyLocal" because at least one source item had "Private" set to "false" and no source items had "Private" set to "true".
         Primary reference "System.Security.Cryptography.Algorithms, Version=8.0.0.0, Culture=neutral, PublicKeyToken=b03f5f7f11d50a3a".
             Resolved file path is "C:\Program Files\dotnet\packs\Microsoft.NETCore.App.Ref\8.0.22\ref\net8.0\System.Security.Cryptography.Algorithms.dll".
             Reference found at search path location "{RawFileName}".
             This reference is not "CopyLocal" because at least one source item had "Private" set to "false" and no source items had "Private" set to "true".
         Primary reference "System.Security.Cryptography.Cng, Version=8.0.0.0, Culture=neutral, PublicKeyToken=b03f5f7f11d50a3a".
             Resolved file path is "C:\Program Files\dotnet\packs\Microsoft.NETCore.App.Ref\8.0.22\ref\net8.0\System.Security.Cryptography.Cng.dll".
             Reference found at search path location "{RawFileName}".
             This reference is not "CopyLocal" because at least one source item had "Private" set to "false" and no source items had "Private" set to "true".
         Primary reference "System.Security.Cryptography.Csp, Version=8.0.0.0, Culture=neutral, PublicKeyToken=b03f5f7f11d50a3a".
             Resolved file path is "C:\Program Files\dotnet\packs\Microsoft.NETCore.App.Ref\8.0.22\ref\net8.0\System.Security.Cryptography.Csp.dll".
             Reference found at search path location "{RawFileName}".
             This reference is not "CopyLocal" because at least one source item had "Private" set to "false" and no source items had "Private" set to "true".
         Primary reference "System.Security.Cryptography.Encoding, Version=8.0.0.0, Culture=neutral, PublicKeyToken=b03f5f7f11d50a3a".
             Resolved file path is "C:\Program Files\dotnet\packs\Microsoft.NETCore.App.Ref\8.0.22\ref\net8.0\System.Security.Cryptography.Encoding.dll".
             Reference found at search path location "{RawFileName}".
             This reference is not "CopyLocal" because at least one source item had "Private" set to "false" and no source items had "Private" set to "true".
         Primary reference "System.Security.Cryptography.OpenSsl, Version=8.0.0.0, Culture=neutral, PublicKeyToken=b03f5f7f11d50a3a".
             Resolved file path is "C:\Program Files\dotnet\packs\Microsoft.NETCore.App.Ref\8.0.22\ref\net8.0\System.Security.Cryptography.OpenSsl.dll".
             Reference found at search path location "{RawFileName}".
             This reference is not "CopyLocal" because at least one source item had "Private" set to "false" and no source items had "Private" set to "true".
         Primary reference "System.Security.Cryptography.Primitives, Version=8.0.0.0, Culture=neutral, PublicKeyToken=b03f5f7f11d50a3a".
             Resolved file path is "C:\Program Files\dotnet\packs\Microsoft.NETCore.App.Ref\8.0.22\ref\net8.0\System.Security.Cryptography.Primitives.dll".
             Reference found at search path location "{RawFileName}".
             This reference is not "CopyLocal" because at least one source item had "Private" set to "false" and no source items had "Private" set to "true".
         Primary reference "System.Security.Cryptography.X509Certificates, Version=8.0.0.0, Culture=neutral, PublicKeyToken=b03f5f7f11d50a3a".
             Resolved file path is "C:\Program Files\dotnet\packs\Microsoft.NETCore.App.Ref\8.0.22\ref\net8.0\System.Security.Cryptography.X509Certificates.dll".
             Reference found at search path location "{RawFileName}".
             This reference is not "CopyLocal" because at least one source item had "Private" set to "false" and no source items had "Private" set to "true".
         Primary reference "System.Security.Cryptography, Version=8.0.0.0, Culture=neutral, PublicKeyToken=b03f5f7f11d50a3a".
             Resolved file path is "C:\Program Files\dotnet\packs\Microsoft.NETCore.App.Ref\8.0.22\ref\net8.0\System.Security.Cryptography.dll".
             Reference found at search path location "{RawFileName}".
             This reference is not "CopyLocal" because at least one source item had "Private" set to "false" and no source items had "Private" set to "true".
         Primary reference "System.Security.Principal.Windows, Version=8.0.0.0, Culture=neutral, PublicKeyToken=b03f5f7f11d50a3a".
             Resolved file path is "C:\Program Files\dotnet\packs\Microsoft.NETCore.App.Ref\8.0.22\ref\net8.0\System.Security.Principal.Windows.dll".
             Reference found at search path location "{RawFileName}".
             This reference is not "CopyLocal" because at least one source item had "Private" set to "false" and no source items had "Private" set to "true".
         Primary reference "System.Security.Principal, Version=8.0.0.0, Culture=neutral, PublicKeyToken=b03f5f7f11d50a3a".
             Resolved file path is "C:\Program Files\dotnet\packs\Microsoft.NETCore.App.Ref\8.0.22\ref\net8.0\System.Security.Principal.dll".
             Reference found at search path location "{RawFileName}".
             This reference is not "CopyLocal" because at least one source item had "Private" set to "false" and no source items had "Private" set to "true".
         Primary reference "System.Security.SecureString, Version=8.0.0.0, Culture=neutral, PublicKeyToken=b03f5f7f11d50a3a".
             Resolved file path is "C:\Program Files\dotnet\packs\Microsoft.NETCore.App.Ref\8.0.22\ref\net8.0\System.Security.SecureString.dll".
             Reference found at search path location "{RawFileName}".
             This reference is not "CopyLocal" because at least one source item had "Private" set to "false" and no source items had "Private" set to "true".
         Primary reference "System.Security, Version=4.0.0.0, Culture=neutral, PublicKeyToken=b03f5f7f11d50a3a".
             Resolved file path is "C:\Program Files\dotnet\packs\Microsoft.NETCore.App.Ref\8.0.22\ref\net8.0\System.Security.dll".
             Reference found at search path location "{RawFileName}".
             This reference is not "CopyLocal" because at least one source item had "Private" set to "false" and no source items had "Private" set to "true".
         Primary reference "System.ServiceModel.Web, Version=4.0.0.0, Culture=neutral, PublicKeyToken=31bf3856ad364e35".
             Resolved file path is "C:\Program Files\dotnet\packs\Microsoft.NETCore.App.Ref\8.0.22\ref\net8.0\System.ServiceModel.Web.dll".
             Reference found at search path location "{RawFileName}".
             This reference is not "CopyLocal" because at least one source item had "Private" set to "false" and no source items had "Private" set to "true".
         Primary reference "System.ServiceProcess, Version=4.0.0.0, Culture=neutral, PublicKeyToken=b03f5f7f11d50a3a".
             Resolved file path is "C:\Program Files\dotnet\packs\Microsoft.NETCore.App.Ref\8.0.22\ref\net8.0\System.ServiceProcess.dll".
             Reference found at search path location "{RawFileName}".
             This reference is not "CopyLocal" because at least one source item had "Private" set to "false" and no source items had "Private" set to "true".
         Primary reference "System.Text.Encoding.CodePages, Version=8.0.0.0, Culture=neutral, PublicKeyToken=b03f5f7f11d50a3a".
             Resolved file path is "C:\Program Files\dotnet\packs\Microsoft.NETCore.App.Ref\8.0.22\ref\net8.0\System.Text.Encoding.CodePages.dll".
             Reference found at search path location "{RawFileName}".
             This reference is not "CopyLocal" because at least one source item had "Private" set to "false" and no source items had "Private" set to "true".
         Primary reference "System.Text.Encoding.Extensions, Version=8.0.0.0, Culture=neutral, PublicKeyToken=b03f5f7f11d50a3a".
             Resolved file path is "C:\Program Files\dotnet\packs\Microsoft.NETCore.App.Ref\8.0.22\ref\net8.0\System.Text.Encoding.Extensions.dll".
             Reference found at search path location "{RawFileName}".
             This reference is not "CopyLocal" because at least one source item had "Private" set to "false" and no source items had "Private" set to "true".
         Primary reference "System.Text.Encoding, Version=8.0.0.0, Culture=neutral, PublicKeyToken=b03f5f7f11d50a3a".
             Resolved file path is "C:\Program Files\dotnet\packs\Microsoft.NETCore.App.Ref\8.0.22\ref\net8.0\System.Text.Encoding.dll".
             Reference found at search path location "{RawFileName}".
             This reference is not "CopyLocal" because at least one source item had "Private" set to "false" and no source items had "Private" set to "true".
         Primary reference "System.Text.Encodings.Web, Version=8.0.0.0, Culture=neutral, PublicKeyToken=cc7b13ffcd2ddd51".
             Resolved file path is "C:\Program Files\dotnet\packs\Microsoft.NETCore.App.Ref\8.0.22\ref\net8.0\System.Text.Encodings.Web.dll".
             Reference found at search path location "{RawFileName}".
             This reference is not "CopyLocal" because at least one source item had "Private" set to "false" and no source items had "Private" set to "true".
         Primary reference "System.Text.Json, Version=8.0.0.0, Culture=neutral, PublicKeyToken=cc7b13ffcd2ddd51".
             Resolved file path is "C:\Program Files\dotnet\packs\Microsoft.NETCore.App.Ref\8.0.22\ref\net8.0\System.Text.Json.dll".
             Reference found at search path location "{RawFileName}".
             This reference is not "CopyLocal" because at least one source item had "Private" set to "false" and no source items had "Private" set to "true".
         Primary reference "System.Text.RegularExpressions, Version=8.0.0.0, Culture=neutral, PublicKeyToken=b03f5f7f11d50a3a".
             Resolved file path is "C:\Program Files\dotnet\packs\Microsoft.NETCore.App.Ref\8.0.22\ref\net8.0\System.Text.RegularExpressions.dll".
             Reference found at search path location "{RawFileName}".
             This reference is not "CopyLocal" because at least one source item had "Private" set to "false" and no source items had "Private" set to "true".
         Primary reference "System.Threading.Channels, Version=8.0.0.0, Culture=neutral, PublicKeyToken=cc7b13ffcd2ddd51".
             Resolved file path is "C:\Program Files\dotnet\packs\Microsoft.NETCore.App.Ref\8.0.22\ref\net8.0\System.Threading.Channels.dll".
             Reference found at search path location "{RawFileName}".
             This reference is not "CopyLocal" because at least one source item had "Private" set to "false" and no source items had "Private" set to "true".
         Primary reference "System.Threading.Overlapped, Version=8.0.0.0, Culture=neutral, PublicKeyToken=b03f5f7f11d50a3a".
             Resolved file path is "C:\Program Files\dotnet\packs\Microsoft.NETCore.App.Ref\8.0.22\ref\net8.0\System.Threading.Overlapped.dll".
             Reference found at search path location "{RawFileName}".
             This reference is not "CopyLocal" because at least one source item had "Private" set to "false" and no source items had "Private" set to "true".
         Primary reference "System.Threading.Tasks.Dataflow, Version=8.0.0.0, Culture=neutral, PublicKeyToken=b03f5f7f11d50a3a".
             Resolved file path is "C:\Program Files\dotnet\packs\Microsoft.NETCore.App.Ref\8.0.22\ref\net8.0\System.Threading.Tasks.Dataflow.dll".
             Reference found at search path location "{RawFileName}".
             This reference is not "CopyLocal" because at least one source item had "Private" set to "false" and no source items had "Private" set to "true".
         Primary reference "System.Threading.Tasks.Extensions, Version=8.0.0.0, Culture=neutral, PublicKeyToken=cc7b13ffcd2ddd51".
             Resolved file path is "C:\Program Files\dotnet\packs\Microsoft.NETCore.App.Ref\8.0.22\ref\net8.0\System.Threading.Tasks.Extensions.dll".
             Reference found at search path location "{RawFileName}".
             This reference is not "CopyLocal" because at least one source item had "Private" set to "false" and no source items had "Private" set to "true".
         Primary reference "System.Threading.Tasks.Parallel, Version=8.0.0.0, Culture=neutral, PublicKeyToken=b03f5f7f11d50a3a".
             Resolved file path is "C:\Program Files\dotnet\packs\Microsoft.NETCore.App.Ref\8.0.22\ref\net8.0\System.Threading.Tasks.Parallel.dll".
             Reference found at search path location "{RawFileName}".
             This reference is not "CopyLocal" because at least one source item had "Private" set to "false" and no source items had "Private" set to "true".
         Primary reference "System.Threading.Tasks, Version=8.0.0.0, Culture=neutral, PublicKeyToken=b03f5f7f11d50a3a".
             Resolved file path is "C:\Program Files\dotnet\packs\Microsoft.NETCore.App.Ref\8.0.22\ref\net8.0\System.Threading.Tasks.dll".
             Reference found at search path location "{RawFileName}".
             This reference is not "CopyLocal" because at least one source item had "Private" set to "false" and no source items had "Private" set to "true".
         Primary reference "System.Threading.Thread, Version=8.0.0.0, Culture=neutral, PublicKeyToken=b03f5f7f11d50a3a".
             Resolved file path is "C:\Program Files\dotnet\packs\Microsoft.NETCore.App.Ref\8.0.22\ref\net8.0\System.Threading.Thread.dll".
             Reference found at search path location "{RawFileName}".
             This reference is not "CopyLocal" because at least one source item had "Private" set to "false" and no source items had "Private" set to "true".
         Primary reference "System.Threading.ThreadPool, Version=8.0.0.0, Culture=neutral, PublicKeyToken=b03f5f7f11d50a3a".
             Resolved file path is "C:\Program Files\dotnet\packs\Microsoft.NETCore.App.Ref\8.0.22\ref\net8.0\System.Threading.ThreadPool.dll".
             Reference found at search path location "{RawFileName}".
             This reference is not "CopyLocal" because at least one source item had "Private" set to "false" and no source items had "Private" set to "true".
         Primary reference "System.Threading.Timer, Version=8.0.0.0, Culture=neutral, PublicKeyToken=b03f5f7f11d50a3a".
             Resolved file path is "C:\Program Files\dotnet\packs\Microsoft.NETCore.App.Ref\8.0.22\ref\net8.0\System.Threading.Timer.dll".
             Reference found at search path location "{RawFileName}".
             This reference is not "CopyLocal" because at least one source item had "Private" set to "false" and no source items had "Private" set to "true".
         Primary reference "System.Threading, Version=8.0.0.0, Culture=neutral, PublicKeyToken=b03f5f7f11d50a3a".
             Resolved file path is "C:\Program Files\dotnet\packs\Microsoft.NETCore.App.Ref\8.0.22\ref\net8.0\System.Threading.dll".
             Reference found at search path location "{RawFileName}".
             This reference is not "CopyLocal" because at least one source item had "Private" set to "false" and no source items had "Private" set to "true".
         Primary reference "System.Transactions.Local, Version=8.0.0.0, Culture=neutral, PublicKeyToken=cc7b13ffcd2ddd51".
             Resolved file path is "C:\Program Files\dotnet\packs\Microsoft.NETCore.App.Ref\8.0.22\ref\net8.0\System.Transactions.Local.dll".
             Reference found at search path location "{RawFileName}".
             This reference is not "CopyLocal" because at least one source item had "Private" set to "false" and no source items had "Private" set to "true".
         Primary reference "System.Transactions, Version=4.0.0.0, Culture=neutral, PublicKeyToken=b77a5c561934e089".
             Resolved file path is "C:\Program Files\dotnet\packs\Microsoft.NETCore.App.Ref\8.0.22\ref\net8.0\System.Transactions.dll".
             Reference found at search path location "{RawFileName}".
             This reference is not "CopyLocal" because at least one source item had "Private" set to "false" and no source items had "Private" set to "true".
         Primary reference "System.ValueTuple, Version=8.0.0.0, Culture=neutral, PublicKeyToken=cc7b13ffcd2ddd51".
             Resolved file path is "C:\Program Files\dotnet\packs\Microsoft.NETCore.App.Ref\8.0.22\ref\net8.0\System.ValueTuple.dll".
             Reference found at search path location "{RawFileName}".
             This reference is not "CopyLocal" because at least one source item had "Private" set to "false" and no source items had "Private" set to "true".
         Primary reference "System.Web.HttpUtility, Version=8.0.0.0, Culture=neutral, PublicKeyToken=cc7b13ffcd2ddd51".
             Resolved file path is "C:\Program Files\dotnet\packs\Microsoft.NETCore.App.Ref\8.0.22\ref\net8.0\System.Web.HttpUtility.dll".
             Reference found at search path location "{RawFileName}".
             This reference is not "CopyLocal" because at least one source item had "Private" set to "false" and no source items had "Private" set to "true".
         Primary reference "System.Web, Version=4.0.0.0, Culture=neutral, PublicKeyToken=b03f5f7f11d50a3a".
             Resolved file path is "C:\Program Files\dotnet\packs\Microsoft.NETCore.App.Ref\8.0.22\ref\net8.0\System.Web.dll".
             Reference found at search path location "{RawFileName}".
             This reference is not "CopyLocal" because at least one source item had "Private" set to "false" and no source items had "Private" set to "true".
         Primary reference "System.Windows, Version=4.0.0.0, Culture=neutral, PublicKeyToken=b03f5f7f11d50a3a".
             Resolved file path is "C:\Program Files\dotnet\packs\Microsoft.NETCore.App.Ref\8.0.22\ref\net8.0\System.Windows.dll".
             Reference found at search path location "{RawFileName}".
             This reference is not "CopyLocal" because at least one source item had "Private" set to "false" and no source items had "Private" set to "true".
         Primary reference "System.Xml.Linq, Version=4.0.0.0, Culture=neutral, PublicKeyToken=b77a5c561934e089".
             Resolved file path is "C:\Program Files\dotnet\packs\Microsoft.NETCore.App.Ref\8.0.22\ref\net8.0\System.Xml.Linq.dll".
             Reference found at search path location "{RawFileName}".
             This reference is not "CopyLocal" because at least one source item had "Private" set to "false" and no source items had "Private" set to "true".
         Primary reference "System.Xml.ReaderWriter, Version=8.0.0.0, Culture=neutral, PublicKeyToken=b03f5f7f11d50a3a".
             Resolved file path is "C:\Program Files\dotnet\packs\Microsoft.NETCore.App.Ref\8.0.22\ref\net8.0\System.Xml.ReaderWriter.dll".
             Reference found at search path location "{RawFileName}".
             This reference is not "CopyLocal" because at least one source item had "Private" set to "false" and no source items had "Private" set to "true".
         Primary reference "System.Xml.Serialization, Version=4.0.0.0, Culture=neutral, PublicKeyToken=b77a5c561934e089".
             Resolved file path is "C:\Program Files\dotnet\packs\Microsoft.NETCore.App.Ref\8.0.22\ref\net8.0\System.Xml.Serialization.dll".
             Reference found at search path location "{RawFileName}".
             This reference is not "CopyLocal" because at least one source item had "Private" set to "false" and no source items had "Private" set to "true".
         Primary reference "System.Xml.XDocument, Version=8.0.0.0, Culture=neutral, PublicKeyToken=b03f5f7f11d50a3a".
             Resolved file path is "C:\Program Files\dotnet\packs\Microsoft.NETCore.App.Ref\8.0.22\ref\net8.0\System.Xml.XDocument.dll".
             Reference found at search path location "{RawFileName}".
             This reference is not "CopyLocal" because at least one source item had "Private" set to "false" and no source items had "Private" set to "true".
         Primary reference "System.Xml.XPath.XDocument, Version=8.0.0.0, Culture=neutral, PublicKeyToken=b03f5f7f11d50a3a".
             Resolved file path is "C:\Program Files\dotnet\packs\Microsoft.NETCore.App.Ref\8.0.22\ref\net8.0\System.Xml.XPath.XDocument.dll".
             Reference found at search path location "{RawFileName}".
             This reference is not "CopyLocal" because at least one source item had "Private" set to "false" and no source items had "Private" set to "true".
         Primary reference "System.Xml.XPath, Version=8.0.0.0, Culture=neutral, PublicKeyToken=b03f5f7f11d50a3a".
             Resolved file path is "C:\Program Files\dotnet\packs\Microsoft.NETCore.App.Ref\8.0.22\ref\net8.0\System.Xml.XPath.dll".
             Reference found at search path location "{RawFileName}".
             This reference is not "CopyLocal" because at least one source item had "Private" set to "false" and no source items had "Private" set to "true".
         Primary reference "System.Xml.XmlDocument, Version=8.0.0.0, Culture=neutral, PublicKeyToken=b03f5f7f11d50a3a".
             Resolved file path is "C:\Program Files\dotnet\packs\Microsoft.NETCore.App.Ref\8.0.22\ref\net8.0\System.Xml.XmlDocument.dll".
             Reference found at search path location "{RawFileName}".
             This reference is not "CopyLocal" because at least one source item had "Private" set to "false" and no source items had "Private" set to "true".
         Primary reference "System.Xml.XmlSerializer, Version=8.0.0.0, Culture=neutral, PublicKeyToken=b03f5f7f11d50a3a".
             Resolved file path is "C:\Program Files\dotnet\packs\Microsoft.NETCore.App.Ref\8.0.22\ref\net8.0\System.Xml.XmlSerializer.dll".
             Reference found at search path location "{RawFileName}".
             This reference is not "CopyLocal" because at least one source item had "Private" set to "false" and no source items had "Private" set to "true".
         Primary reference "System.Xml, Version=4.0.0.0, Culture=neutral, PublicKeyToken=b77a5c561934e089".
             Resolved file path is "C:\Program Files\dotnet\packs\Microsoft.NETCore.App.Ref\8.0.22\ref\net8.0\System.Xml.dll".
             Reference found at search path location "{RawFileName}".
             This reference is not "CopyLocal" because at least one source item had "Private" set to "false" and no source items had "Private" set to "true".
         Primary reference "System, Version=4.0.0.0, Culture=neutral, PublicKeyToken=b77a5c561934e089".
             Resolved file path is "C:\Program Files\dotnet\packs\Microsoft.NETCore.App.Ref\8.0.22\ref\net8.0\System.dll".
             Reference found at search path location "{RawFileName}".
             This reference is not "CopyLocal" because at least one source item had "Private" set to "false" and no source items had "Private" set to "true".
         Primary reference "WindowsBase, Version=4.0.0.0, Culture=neutral, PublicKeyToken=31bf3856ad364e35".
             Resolved file path is "C:\Program Files\dotnet\packs\Microsoft.NETCore.App.Ref\8.0.22\ref\net8.0\WindowsBase.dll".
             Reference found at search path location "{RawFileName}".
             This reference is not "CopyLocal" because at least one source item had "Private" set to "false" and no source items had "Private" set to "true".
         Primary reference "mscorlib, Version=4.0.0.0, Culture=neutral, PublicKeyToken=b77a5c561934e089".
             Resolved file path is "C:\Program Files\dotnet\packs\Microsoft.NETCore.App.Ref\8.0.22\ref\net8.0\mscorlib.dll".
             Reference found at search path location "{RawFileName}".
             This reference is not "CopyLocal" because at least one source item had "Private" set to "false" and no source items had "Private" set to "true".
         Primary reference "netstandard, Version=2.1.0.0, Culture=neutral, PublicKeyToken=cc7b13ffcd2ddd51".
             Resolved file path is "C:\Program Files\dotnet\packs\Microsoft.NETCore.App.Ref\8.0.22\ref\net8.0\netstandard.dll".
             Reference found at search path location "{RawFileName}".
             This reference is not "CopyLocal" because at least one source item had "Private" set to "false" and no source items had "Private" set to "true".
       Done executing task "ResolveAssemblyReference".
   2:7>Done building target "ResolveAssemblyReferences" in project "Magidesk.Application.csproj".
   2:7>Target "AfterResolveReferences" in file "C:\Program Files\dotnet\sdk\10.0.101\Microsoft.Common.CurrentVersion.targets" from project "C:\Users\giris\Documents\Code\Redesign-POS\Windows Based POS\Magidesk\Magidesk.Application\Magidesk.Application.csproj" (target "ResolveReferences" depends on it):
   2:7>Done building target "AfterResolveReferences" in project "Magidesk.Application.csproj".
   2:7>Target "ResolveReferences" in file "C:\Program Files\dotnet\sdk\10.0.101\Microsoft.Common.CurrentVersion.targets" from project "C:\Users\giris\Documents\Code\Redesign-POS\Windows Based POS\Magidesk\Magidesk.Application\Magidesk.Application.csproj" (target "_BlockWinMDsOnUnsupportedTFMs" depends on it):
   2:7>Done building target "ResolveReferences" in project "Magidesk.Application.csproj".
   2:7>Target "_BlockWinMDsOnUnsupportedTFMs" in file "C:\Program Files\dotnet\sdk\10.0.101\Sdks\Microsoft.NET.Sdk\targets\Microsoft.NET.Sdk.targets" from project "C:\Users\giris\Documents\Code\Redesign-POS\Windows Based POS\Magidesk\Magidesk.Application\Magidesk.Application.csproj" (target "CoreBuild" depends on it):
       Using "CheckForUnsupportedWinMDReferences" task from assembly "C:\Program Files\dotnet\sdk\10.0.101\Sdks\Microsoft.NET.Sdk\targets\..\tools\net10.0\Microsoft.NET.Build.Tasks.dll".
       Task "CheckForUnsupportedWinMDReferences"
       Done executing task "CheckForUnsupportedWinMDReferences".
   2:7>Done building target "_BlockWinMDsOnUnsupportedTFMs" in project "Magidesk.Application.csproj".
       Target "ResolveReferences" skipped. Previously built successfully.
       Target "ResolvePackageDependenciesForBuild" skipped. Previously built successfully.
       Target "_HandlePackageFileConflicts" skipped. Previously built successfully.
   2:7>Target "CopyAdditionalFiles" in file "C:\Program Files\dotnet\sdk\10.0.101\Roslyn\Microsoft.Managed.Core.targets" from project "C:\Users\giris\Documents\Code\Redesign-POS\Windows Based POS\Magidesk\Magidesk.Application\Magidesk.Application.csproj" (target "AssignTargetPaths" depends on it):
   2:7>Done building target "CopyAdditionalFiles" in project "Magidesk.Application.csproj".
   2:7>Target "_ComputeNETCoreBuildOutputFiles" in file "C:\Program Files\dotnet\sdk\10.0.101\Sdks\Microsoft.NET.Sdk\targets\Microsoft.NET.Sdk.targets" from project "C:\Users\giris\Documents\Code\Redesign-POS\Windows Based POS\Magidesk\Magidesk.Application\Magidesk.Application.csproj" (target "AssignTargetPaths" depends on it):
   2:7>Done building target "_ComputeNETCoreBuildOutputFiles" in project "Magidesk.Application.csproj".
   2:7>Target "AssignTargetPaths" in file "C:\Program Files\dotnet\sdk\10.0.101\Microsoft.Common.CurrentVersion.targets" from project "C:\Users\giris\Documents\Code\Redesign-POS\Windows Based POS\Magidesk\Magidesk.Application\Magidesk.Application.csproj" (target "PrepareResourceNames" depends on it):
       Using "AssignTargetPath" task from assembly "Microsoft.Build.Tasks.Core, Version=15.1.0.0, Culture=neutral, PublicKeyToken=b03f5f7f11d50a3a".
       Task "AssignTargetPath"
       Done executing task "AssignTargetPath".
       Task "AssignTargetPath"
       Done executing task "AssignTargetPath".
       Task "AssignTargetPath"
       Done executing task "AssignTargetPath".
       Task "AssignTargetPath"
       Done executing task "AssignTargetPath".
   2:7>Done building target "AssignTargetPaths" in project "Magidesk.Application.csproj".
       Target "AssignTargetPaths" skipped. Previously built successfully.
   2:7>Target "SplitResourcesByCulture" in file "C:\Program Files\dotnet\sdk\10.0.101\Microsoft.Common.CurrentVersion.targets" from project "C:\Users\giris\Documents\Code\Redesign-POS\Windows Based POS\Magidesk\Magidesk.Application\Magidesk.Application.csproj" (target "PrepareResourceNames" depends on it):
       Using "AssignCulture" task from assembly "Microsoft.Build.Tasks.Core, Version=15.1.0.0, Culture=neutral, PublicKeyToken=b03f5f7f11d50a3a".
       Task "AssignCulture"
       Done executing task "AssignCulture".
   2:7>Done building target "SplitResourcesByCulture" in project "Magidesk.Application.csproj".
   2:7>Target "CreateCustomManifestResourceNames" in file "C:\Program Files\dotnet\sdk\10.0.101\Microsoft.Common.CurrentVersion.targets" from project "C:\Users\giris\Documents\Code\Redesign-POS\Windows Based POS\Magidesk\Magidesk.Application\Magidesk.Application.csproj" (target "PrepareResourceNames" depends on it):
   2:7>Done building target "CreateCustomManifestResourceNames" in project "Magidesk.Application.csproj".
   2:7>Target "PrepareResourceNames" in file "C:\Program Files\dotnet\sdk\10.0.101\Microsoft.Common.CurrentVersion.targets" from project "C:\Users\giris\Documents\Code\Redesign-POS\Windows Based POS\Magidesk\Magidesk.Application\Magidesk.Application.csproj" (target "PrepareResources" depends on it):
   2:7>Done building target "PrepareResourceNames" in project "Magidesk.Application.csproj".
       Target "ResolveAssemblyReferences" skipped. Previously built successfully.
       Target "SplitResourcesByCulture" skipped. Previously built successfully.
   2:7>Target "BeforeResGen" in file "C:\Program Files\dotnet\sdk\10.0.101\Microsoft.Common.CurrentVersion.targets" from project "C:\Users\giris\Documents\Code\Redesign-POS\Windows Based POS\Magidesk\Magidesk.Application\Magidesk.Application.csproj" (target "ResGen" depends on it):
   2:7>Done building target "BeforeResGen" in project "Magidesk.Application.csproj".
       Target "ResolveReferences" skipped. Previously built successfully.
   2:7>Target "FindReferenceAssembliesForReferences" in file "C:\Program Files\dotnet\sdk\10.0.101\Microsoft.Common.CurrentVersion.targets" from project "C:\Users\giris\Documents\Code\Redesign-POS\Windows Based POS\Magidesk\Magidesk.Application\Magidesk.Application.csproj" (target "CoreResGen" depends on it):
   2:7>Done building target "FindReferenceAssembliesForReferences" in project "Magidesk.Application.csproj".
   2:7>Target "CoreResGen" in file "C:\Program Files\dotnet\sdk\10.0.101\Microsoft.Common.CurrentVersion.targets" from project "C:\Users\giris\Documents\Code\Redesign-POS\Windows Based POS\Magidesk\Magidesk.Application\Magidesk.Application.csproj" (target "ResGen" depends on it):
   2:7>Done building target "CoreResGen" in project "Magidesk.Application.csproj".
   2:7>Target "AfterResGen" in file "C:\Program Files\dotnet\sdk\10.0.101\Microsoft.Common.CurrentVersion.targets" from project "C:\Users\giris\Documents\Code\Redesign-POS\Windows Based POS\Magidesk\Magidesk.Application\Magidesk.Application.csproj" (target "ResGen" depends on it):
   2:7>Done building target "AfterResGen" in project "Magidesk.Application.csproj".
   2:7>Target "ResGen" in file "C:\Program Files\dotnet\sdk\10.0.101\Microsoft.Common.CurrentVersion.targets" from project "C:\Users\giris\Documents\Code\Redesign-POS\Windows Based POS\Magidesk\Magidesk.Application\Magidesk.Application.csproj" (target "PrepareResources" depends on it):
   2:7>Done building target "ResGen" in project "Magidesk.Application.csproj".
   2:7>Target "PrepareResources" in file "C:\Program Files\dotnet\sdk\10.0.101\Microsoft.Common.CurrentVersion.targets" from project "C:\Users\giris\Documents\Code\Redesign-POS\Windows Based POS\Magidesk\Magidesk.Application\Magidesk.Application.csproj" (target "CoreBuild" depends on it):
   2:7>Done building target "PrepareResources" in project "Magidesk.Application.csproj".
       Target "ResolveReferences" skipped. Previously built successfully.
   2:7>Target "_SetEmbeddedWin32ManifestProperties" in file "C:\Program Files\dotnet\sdk\10.0.101\Microsoft.Common.CurrentVersion.targets" from project "C:\Users\giris\Documents\Code\Redesign-POS\Windows Based POS\Magidesk\Magidesk.Application\Magidesk.Application.csproj" (target "SetWin32ManifestProperties" depends on it):
       Using "GetFrameworkPath" task from assembly "Microsoft.Build.Tasks.Core, Version=15.1.0.0, Culture=neutral, PublicKeyToken=b03f5f7f11d50a3a".
       Task "GetFrameworkPath"
       Done executing task "GetFrameworkPath".
   2:7>Done building target "_SetEmbeddedWin32ManifestProperties" in project "Magidesk.Application.csproj".
   2:7>Target "SetWin32ManifestProperties" in file "C:\Program Files\dotnet\sdk\10.0.101\Microsoft.Common.CurrentVersion.targets" from project "C:\Users\giris\Documents\Code\Redesign-POS\Windows Based POS\Magidesk\Magidesk.Application\Magidesk.Application.csproj" (target "Compile" depends on it):
   2:7>Done building target "SetWin32ManifestProperties" in project "Magidesk.Application.csproj".
       Target "FindReferenceAssembliesForReferences" skipped. Previously built successfully.
   2:7>Target "_GenerateCompileInputs" in file "C:\Program Files\dotnet\sdk\10.0.101\Microsoft.Common.CurrentVersion.targets" from project "C:\Users\giris\Documents\Code\Redesign-POS\Windows Based POS\Magidesk\Magidesk.Application\Magidesk.Application.csproj" (target "Compile" depends on it):
   2:7>Done building target "_GenerateCompileInputs" in project "Magidesk.Application.csproj".
       Target "PrepareForBuild" skipped. Previously built successfully.
   2:7>Target "GenerateMSBuildEditorConfigFileShouldRun" in file "C:\Program Files\dotnet\sdk\10.0.101\Roslyn\Microsoft.Managed.Core.targets" from project "C:\Users\giris\Documents\Code\Redesign-POS\Windows Based POS\Magidesk\Magidesk.Application\Magidesk.Application.csproj" (target "GenerateMSBuildEditorConfigFile" depends on it):
   2:7>Done building target "GenerateMSBuildEditorConfigFileShouldRun" in project "Magidesk.Application.csproj".
   2:7>Target "AddGlobalAnalyzerConfigForPackage_MicrosoftCodeAnalysisCSharpCodeStyle" in file "C:\Program Files\dotnet\sdk\10.0.101\Sdks\Microsoft.NET.Sdk\codestyle\cs\build\Microsoft.CodeAnalysis.CSharp.CodeStyle.targets" from project "C:\Users\giris\Documents\Code\Redesign-POS\Windows Based POS\Magidesk\Magidesk.Application\Magidesk.Application.csproj" (target "GenerateMSBuildEditorConfigFileCore" depends on it):
   2:7>Done building target "AddGlobalAnalyzerConfigForPackage_MicrosoftCodeAnalysisCSharpCodeStyle" in project "Magidesk.Application.csproj".
   2:7>Target "GenerateMSBuildEditorConfigFileCore" in file "C:\Program Files\dotnet\sdk\10.0.101\Roslyn\Microsoft.Managed.Core.targets" from project "C:\Users\giris\Documents\Code\Redesign-POS\Windows Based POS\Magidesk\Magidesk.Application\Magidesk.Application.csproj" (target "GenerateMSBuildEditorConfigFile" depends on it):
       Building target "GenerateMSBuildEditorConfigFileCore" completely.
       No input files were specified.
       Using "GenerateMSBuildEditorConfig" task from assembly "C:\Program Files\dotnet\sdk\10.0.101\Sdks\Microsoft.NET.Sdk\targets\..\..\..\Roslyn\Microsoft.Build.Tasks.CodeAnalysis.dll".
       Task "GenerateMSBuildEditorConfig"
       Done executing task "GenerateMSBuildEditorConfig".
   2:7>Done building target "GenerateMSBuildEditorConfigFileCore" in project "Magidesk.Application.csproj".
   2:7>Target "GenerateMSBuildEditorConfigFile" in file "C:\Program Files\dotnet\sdk\10.0.101\Roslyn\Microsoft.Managed.Core.targets" from project "C:\Users\giris\Documents\Code\Redesign-POS\Windows Based POS\Magidesk\Magidesk.Application\Magidesk.Application.csproj" (target "BeforeCompile" depends on it):
   2:7>Done building target "GenerateMSBuildEditorConfigFile" in project "Magidesk.Application.csproj".
       Target "PrepareForBuild" skipped. Previously built successfully.
       Target "GetReferenceAssemblyPaths" skipped. Previously built successfully.
   2:7>Target "_SetTargetFrameworkMonikerAttribute" in file "C:\Program Files\dotnet\sdk\10.0.101\Microsoft.CSharp.CurrentVersion.targets" from project "C:\Users\giris\Documents\Code\Redesign-POS\Windows Based POS\Magidesk\Magidesk.Application\Magidesk.Application.csproj" (target "GenerateTargetFrameworkMonikerAttribute" depends on it):
   2:7>Done building target "_SetTargetFrameworkMonikerAttribute" in project "Magidesk.Application.csproj".
   2:7>Target "GenerateTargetFrameworkMonikerAttribute" in file "C:\Program Files\dotnet\sdk\10.0.101\Microsoft.Common.CurrentVersion.targets" from project "C:\Users\giris\Documents\Code\Redesign-POS\Windows Based POS\Magidesk\Magidesk.Application\Magidesk.Application.csproj" (target "BeforeCompile" depends on it):
       Skipping target "GenerateTargetFrameworkMonikerAttribute" because all output files are up-to-date with respect to the input files.
       Input files: C:\Program Files\dotnet\sdk\10.0.101\Microsoft.Common.targets
       Output files: obj\Debug\net8.0\.NETCoreApp,Version=v8.0.AssemblyAttributes.cs
   2:7>Done building target "GenerateTargetFrameworkMonikerAttribute" in project "Magidesk.Application.csproj".
       Target "PrepareForBuild" skipped. Previously built successfully.
   2:7>Target "GetAssemblyVersion" in file "C:\Program Files\dotnet\sdk\10.0.101\Sdks\Microsoft.NET.Sdk\targets\Microsoft.NET.GenerateAssemblyInfo.targets" from project "C:\Users\giris\Documents\Code\Redesign-POS\Windows Based POS\Magidesk\Magidesk.Application\Magidesk.Application.csproj" (target "GetAssemblyAttributes" depends on it):
       Using "GetAssemblyVersion" task from assembly "C:\Program Files\dotnet\sdk\10.0.101\Sdks\Microsoft.NET.Sdk\targets\..\tools\net10.0\Microsoft.NET.Build.Tasks.dll".
       Task "GetAssemblyVersion"
       Done executing task "GetAssemblyVersion".
   2:7>Done building target "GetAssemblyVersion" in project "Magidesk.Application.csproj".
   2:7>Target "InitializeSourceControlInformationFromSourceControlManager" in file "C:\Program Files\dotnet\sdk\10.0.101\Sdks\Microsoft.Build.Tasks.Git\build\Microsoft.Build.Tasks.Git.targets" from project "C:\Users\giris\Documents\Code\Redesign-POS\Windows Based POS\Magidesk\Magidesk.Application\Magidesk.Application.csproj" (target "_InitializeSourceControlInformationFromSourceControlManager" depends on it):
       Using "Microsoft.Build.Tasks.Git.LocateRepository" task from assembly "C:\Program Files\dotnet\sdk\10.0.101\Sdks\Microsoft.Build.Tasks.Git\build\..\tools\net\Microsoft.Build.Tasks.Git.dll".
       Task "Microsoft.Build.Tasks.Git.LocateRepository"
         SourceLink: Repository instance not found in cache: '*:C:\Users\giris\Documents\Code\Redesign-POS\Windows Based POS\Magidesk\.git'
       Done executing task "Microsoft.Build.Tasks.Git.LocateRepository".
   2:7>Done building target "InitializeSourceControlInformationFromSourceControlManager" in project "Magidesk.Application.csproj".
   2:7>Target "_SourceLinkHasSingleProvider" in file "C:\Program Files\dotnet\sdk\10.0.101\Sdks\Microsoft.SourceLink.Common\build\InitializeSourceControlInformation.targets" from project "C:\Users\giris\Documents\Code\Redesign-POS\Windows Based POS\Magidesk\Magidesk.Application\Magidesk.Application.csproj" (target "_InitializeSourceControlInformationFromSourceControlManager" depends on it):
       Using "Microsoft.SourceLink.Common.SourceLinkHasSingleProvider" task from assembly "C:\Program Files\dotnet\sdk\10.0.101\Sdks\Microsoft.SourceLink.Common\build\..\tools\net\Microsoft.SourceLink.Common.dll".
       Task "Microsoft.SourceLink.Common.SourceLinkHasSingleProvider"
       Done executing task "Microsoft.SourceLink.Common.SourceLinkHasSingleProvider".
   2:7>Done building target "_SourceLinkHasSingleProvider" in project "Magidesk.Application.csproj".
   2:7>Target "TranslateGitHubUrlsInSourceControlInformation" in file "C:\Program Files\dotnet\sdk\10.0.101\Sdks\Microsoft.SourceLink.GitHub\build\Microsoft.SourceLink.GitHub.targets" from project "C:\Users\giris\Documents\Code\Redesign-POS\Windows Based POS\Magidesk\Magidesk.Application\Magidesk.Application.csproj" (target "_InitializeSourceControlInformationFromSourceControlManager" depends on it):
       Using "Microsoft.SourceLink.GitHub.TranslateRepositoryUrls" task from assembly "C:\Program Files\dotnet\sdk\10.0.101\Sdks\Microsoft.SourceLink.GitHub\build\..\tools\net\Microsoft.SourceLink.GitHub.dll".
       Task "Microsoft.SourceLink.GitHub.TranslateRepositoryUrls"
       Done executing task "Microsoft.SourceLink.GitHub.TranslateRepositoryUrls".
   2:7>Done building target "TranslateGitHubUrlsInSourceControlInformation" in project "Magidesk.Application.csproj".
   2:7>Target "TranslateGitLabUrlsInSourceControlInformation" in file "C:\Program Files\dotnet\sdk\10.0.101\Sdks\Microsoft.SourceLink.GitLab\build\Microsoft.SourceLink.GitLab.targets" from project "C:\Users\giris\Documents\Code\Redesign-POS\Windows Based POS\Magidesk\Magidesk.Application\Magidesk.Application.csproj" (target "_InitializeSourceControlInformationFromSourceControlManager" depends on it):
       Using "Microsoft.SourceLink.GitLab.TranslateRepositoryUrls" task from assembly "C:\Program Files\dotnet\sdk\10.0.101\Sdks\Microsoft.SourceLink.GitLab\build\..\tools\net\Microsoft.SourceLink.GitLab.dll".
       Task "Microsoft.SourceLink.GitLab.TranslateRepositoryUrls"
       Done executing task "Microsoft.SourceLink.GitLab.TranslateRepositoryUrls".
   2:7>Done building target "TranslateGitLabUrlsInSourceControlInformation" in project "Magidesk.Application.csproj".
   2:7>Target "TranslateAzureReposGitUrlsInSourceControlInformation" in file "C:\Program Files\dotnet\sdk\10.0.101\Sdks\Microsoft.SourceLink.AzureRepos.Git\build\Microsoft.SourceLink.AzureRepos.Git.targets" from project "C:\Users\giris\Documents\Code\Redesign-POS\Windows Based POS\Magidesk\Magidesk.Application\Magidesk.Application.csproj" (target "_InitializeSourceControlInformationFromSourceControlManager" depends on it):
       Using "Microsoft.SourceLink.AzureRepos.Git.TranslateRepositoryUrls" task from assembly "C:\Program Files\dotnet\sdk\10.0.101\Sdks\Microsoft.SourceLink.AzureRepos.Git\build\..\tools\net\Microsoft.SourceLink.AzureRepos.Git.dll".
       Task "Microsoft.SourceLink.AzureRepos.Git.TranslateRepositoryUrls"
       Done executing task "Microsoft.SourceLink.AzureRepos.Git.TranslateRepositoryUrls".
   2:7>Done building target "TranslateAzureReposGitUrlsInSourceControlInformation" in project "Magidesk.Application.csproj".
   2:7>Target "TranslateBitbucketGitUrlsInSourceControlInformation" in file "C:\Program Files\dotnet\sdk\10.0.101\Sdks\Microsoft.SourceLink.Bitbucket.Git\build\Microsoft.SourceLink.Bitbucket.Git.targets" from project "C:\Users\giris\Documents\Code\Redesign-POS\Windows Based POS\Magidesk\Magidesk.Application\Magidesk.Application.csproj" (target "_InitializeSourceControlInformationFromSourceControlManager" depends on it):
       Using "Microsoft.SourceLink.Bitbucket.Git.TranslateRepositoryUrls" task from assembly "C:\Program Files\dotnet\sdk\10.0.101\Sdks\Microsoft.SourceLink.Bitbucket.Git\build\..\tools\net\Microsoft.SourceLink.Bitbucket.Git.dll".
       Task "Microsoft.SourceLink.Bitbucket.Git.TranslateRepositoryUrls"
       Done executing task "Microsoft.SourceLink.Bitbucket.Git.TranslateRepositoryUrls".
   2:7>Done building target "TranslateBitbucketGitUrlsInSourceControlInformation" in project "Magidesk.Application.csproj".
   2:7>Target "SourceControlManagerPublishTranslatedUrls" in file "C:\Program Files\dotnet\sdk\10.0.101\Sdks\Microsoft.SourceLink.Common\build\InitializeSourceControlInformation.targets" from project "C:\Users\giris\Documents\Code\Redesign-POS\Windows Based POS\Magidesk\Magidesk.Application\Magidesk.Application.csproj" (target "_InitializeSourceControlInformationFromSourceControlManager" depends on it):
   2:7>Done building target "SourceControlManagerPublishTranslatedUrls" in project "Magidesk.Application.csproj".
   2:7>Target "_InitializeSourceControlInformationFromSourceControlManager" in file "C:\Program Files\dotnet\sdk\10.0.101\Sdks\Microsoft.SourceLink.Common\build\InitializeSourceControlInformation.targets" from project "C:\Users\giris\Documents\Code\Redesign-POS\Windows Based POS\Magidesk\Magidesk.Application\Magidesk.Application.csproj" (target "InitializeSourceControlInformation" depends on it):
   2:7>Done building target "_InitializeSourceControlInformationFromSourceControlManager" in project "Magidesk.Application.csproj".
   2:7>Target "InitializeSourceControlInformation" in file "C:\Program Files\dotnet\sdk\10.0.101\Microsoft.Common.CurrentVersion.targets" from project "C:\Users\giris\Documents\Code\Redesign-POS\Windows Based POS\Magidesk\Magidesk.Application\Magidesk.Application.csproj" (target "GetAssemblyAttributes" depends on it):
   2:7>Done building target "InitializeSourceControlInformation" in project "Magidesk.Application.csproj".
       Target "GetAssemblyVersion" skipped. Previously built successfully.
       Target "InitializeSourceControlInformation" skipped. Previously built successfully.
   2:7>Target "AddSourceRevisionToInformationalVersion" in file "C:\Program Files\dotnet\sdk\10.0.101\Sdks\Microsoft.NET.Sdk\targets\Microsoft.NET.GenerateAssemblyInfo.targets" from project "C:\Users\giris\Documents\Code\Redesign-POS\Windows Based POS\Magidesk\Magidesk.Application\Magidesk.Application.csproj" (target "GetAssemblyAttributes" depends on it):
       C:\Program Files\dotnet\sdk\10.0.101\Sdks\Microsoft.NET.Sdk\targets\Microsoft.NET.GenerateAssemblyInfo.targets(70,7): message : Property reassignment: $(InformationalVersion)="1.0.0+7daf99e114323b1db7bd0543719e81a627b85d57" (previous value: "1.0.0") at C:\Program Files\dotnet\sdk\10.0.101\Sdks\Microsoft.NET.Sdk\targets\Microsoft.NET.GenerateAssemblyInfo.targets (70,7) [C:\Users\giris\Documents\Code\Redesign-POS\Windows Based POS\Magidesk\Magidesk.Application\Magidesk.Application.csproj]
   2:7>Done building target "AddSourceRevisionToInformationalVersion" in project "Magidesk.Application.csproj".
   2:7>Target "GetAssemblyAttributes" in file "C:\Program Files\dotnet\sdk\10.0.101\Sdks\Microsoft.NET.Sdk\targets\Microsoft.NET.GenerateAssemblyInfo.targets" from project "C:\Users\giris\Documents\Code\Redesign-POS\Windows Based POS\Magidesk\Magidesk.Application\Magidesk.Application.csproj" (target "CreateGeneratedAssemblyInfoInputsCacheFile" depends on it):
   2:7>Done building target "GetAssemblyAttributes" in project "Magidesk.Application.csproj".
   2:7>Target "CreateGeneratedAssemblyInfoInputsCacheFile" in file "C:\Program Files\dotnet\sdk\10.0.101\Sdks\Microsoft.NET.Sdk\targets\Microsoft.NET.GenerateAssemblyInfo.targets" from project "C:\Users\giris\Documents\Code\Redesign-POS\Windows Based POS\Magidesk\Magidesk.Application\Magidesk.Application.csproj" (target "CoreGenerateAssemblyInfo" depends on it):
       Using "Hash" task from assembly "Microsoft.Build.Tasks.Core, Version=15.1.0.0, Culture=neutral, PublicKeyToken=b03f5f7f11d50a3a".
       Task "Hash"
       Done executing task "Hash".
       Task "WriteLinesToFile"
         Skipping write to file "obj\Debug\net8.0\Magidesk.Application.AssemblyInfoInputs.cache" because content would not change.
       Done executing task "WriteLinesToFile".
   2:7>Done building target "CreateGeneratedAssemblyInfoInputsCacheFile" in project "Magidesk.Application.csproj".
   2:7>Target "CoreGenerateAssemblyInfo" in file "C:\Program Files\dotnet\sdk\10.0.101\Sdks\Microsoft.NET.Sdk\targets\Microsoft.NET.GenerateAssemblyInfo.targets" from project "C:\Users\giris\Documents\Code\Redesign-POS\Windows Based POS\Magidesk\Magidesk.Application\Magidesk.Application.csproj" (target "GenerateAssemblyInfo" depends on it):
       Skipping target "CoreGenerateAssemblyInfo" because all output files are up-to-date with respect to the input files.
       Input files: obj\Debug\net8.0\Magidesk.Application.AssemblyInfoInputs.cache
       Output files: obj\Debug\net8.0\Magidesk.Application.AssemblyInfo.cs
   2:7>Done building target "CoreGenerateAssemblyInfo" in project "Magidesk.Application.csproj".
   2:7>Target "GenerateAssemblyInfo" in file "C:\Program Files\dotnet\sdk\10.0.101\Sdks\Microsoft.NET.Sdk\targets\Microsoft.NET.GenerateAssemblyInfo.targets" from project "C:\Users\giris\Documents\Code\Redesign-POS\Windows Based POS\Magidesk\Magidesk.Application\Magidesk.Application.csproj" (target "BeforeCompile" depends on it):
   2:7>Done building target "GenerateAssemblyInfo" in project "Magidesk.Application.csproj".
   2:7>Target "BeforeCompile" in file "C:\Program Files\dotnet\sdk\10.0.101\Microsoft.Common.CurrentVersion.targets" from project "C:\Users\giris\Documents\Code\Redesign-POS\Windows Based POS\Magidesk\Magidesk.Application\Magidesk.Application.csproj" (target "Compile" depends on it):
   2:7>Done building target "BeforeCompile" in project "Magidesk.Application.csproj".
       Target "ResolveAssemblyReferences" skipped. Previously built successfully.
       Target "_GenerateCompileInputs" skipped. Previously built successfully.
   2:7>Target "_GenerateCompileDependencyCache" in file "C:\Program Files\dotnet\sdk\10.0.101\Microsoft.Common.CurrentVersion.targets" from project "C:\Users\giris\Documents\Code\Redesign-POS\Windows Based POS\Magidesk\Magidesk.Application\Magidesk.Application.csproj" (target "Compile" depends on it):
       Task "Hash"
       Done executing task "Hash".
       Task "WriteLinesToFile"
         Skipping write to file "obj\Debug\net8.0\Magidesk.Application.csproj.CoreCompileInputs.cache" because content would not change.
       Done executing task "WriteLinesToFile".
   2:7>Done building target "_GenerateCompileDependencyCache" in project "Magidesk.Application.csproj".
   2:7>Target "_BeforeVBCSCoreCompile" in file "C:\Program Files\dotnet\sdk\10.0.101\Roslyn\Microsoft.Managed.Core.targets" from project "C:\Users\giris\Documents\Code\Redesign-POS\Windows Based POS\Magidesk\Magidesk.Application\Magidesk.Application.csproj" (target "CoreCompile" depends on it):
   2:7>Done building target "_BeforeVBCSCoreCompile" in project "Magidesk.Application.csproj".
   2:7>Target "_ComputeSkipAnalyzers" in file "C:\Program Files\dotnet\sdk\10.0.101\Roslyn\Microsoft.Managed.Core.targets" from project "C:\Users\giris\Documents\Code\Redesign-POS\Windows Based POS\Magidesk\Magidesk.Application\Magidesk.Application.csproj" (target "CoreCompile" depends on it):
   2:7>Done building target "_ComputeSkipAnalyzers" in project "Magidesk.Application.csproj".
       Target "BeforeCompile" skipped. Previously built successfully.
       Target "InitializeSourceControlInformationFromSourceControlManager" skipped. Previously built successfully.
   2:7>Target "SetEmbeddedFilesFromSourceControlManagerUntrackedFiles" in file "C:\Program Files\dotnet\sdk\10.0.101\Sdks\Microsoft.Build.Tasks.Git\build\Microsoft.Build.Tasks.Git.targets" from project "C:\Users\giris\Documents\Code\Redesign-POS\Windows Based POS\Magidesk\Magidesk.Application\Magidesk.Application.csproj" (target "_SetEmbeddedFilesFromSourceControlManagerUntrackedFiles" depends on it):
       Using "Microsoft.Build.Tasks.Git.GetUntrackedFiles" task from assembly "C:\Program Files\dotnet\sdk\10.0.101\Sdks\Microsoft.Build.Tasks.Git\build\..\tools\net\Microsoft.Build.Tasks.Git.dll".
       Task "Microsoft.Build.Tasks.Git.GetUntrackedFiles"
         SourceLink: Reusing cached git repository information.
       Done executing task "Microsoft.Build.Tasks.Git.GetUntrackedFiles".
   2:7>Done building target "SetEmbeddedFilesFromSourceControlManagerUntrackedFiles" in project "Magidesk.Application.csproj".
   2:7>Target "_SetEmbeddedFilesFromSourceControlManagerUntrackedFiles" in file "C:\Program Files\dotnet\sdk\10.0.101\Sdks\Microsoft.SourceLink.Common\build\Microsoft.SourceLink.Common.targets" from project "C:\Users\giris\Documents\Code\Redesign-POS\Windows Based POS\Magidesk\Magidesk.Application\Magidesk.Application.csproj" (target "CoreCompile" depends on it):
   2:7>Done building target "_SetEmbeddedFilesFromSourceControlManagerUntrackedFiles" in project "Magidesk.Application.csproj".
       Target "InitializeSourceControlInformation" skipped. Previously built successfully.
   2:7>Target "_SetSourceLinkFilePath" in file "C:\Program Files\dotnet\sdk\10.0.101\Sdks\Microsoft.SourceLink.Common\build\Microsoft.SourceLink.Common.targets" from project "C:\Users\giris\Documents\Code\Redesign-POS\Windows Based POS\Magidesk\Magidesk.Application\Magidesk.Application.csproj" (target "_GenerateSourceLinkFile" depends on it):
   2:7>Done building target "_SetSourceLinkFilePath" in project "Magidesk.Application.csproj".
       Target "InitializeSourceControlInformation" skipped. Previously built successfully.
   2:7>Target "_InitializeSourceRootMappedPathsFromSourceControl" in file "C:\Program Files\dotnet\sdk\10.0.101\Roslyn\Microsoft.Managed.Core.targets" from project "C:\Users\giris\Documents\Code\Redesign-POS\Windows Based POS\Magidesk\Magidesk.Application\Magidesk.Application.csproj" (target "InitializeSourceRootMappedPaths" depends on it):
   2:7>Done building target "_InitializeSourceRootMappedPathsFromSourceControl" in project "Magidesk.Application.csproj".
   2:7>Target "InitializeSourceRootMappedPaths" in file "C:\Program Files\dotnet\sdk\10.0.101\Roslyn\Microsoft.Managed.Core.targets" from project "C:\Users\giris\Documents\Code\Redesign-POS\Windows Based POS\Magidesk\Magidesk.Application\Magidesk.Application.csproj" (target "_InitializeSourceRootMappedPathsOpt" depends on it):
       Using "Microsoft.CodeAnalysis.BuildTasks.MapSourceRoots" task from assembly "C:\Program Files\dotnet\sdk\10.0.101\Sdks\Microsoft.NET.Sdk\targets\..\..\..\Roslyn\Microsoft.Build.Tasks.CodeAnalysis.dll".
       Task "Microsoft.CodeAnalysis.BuildTasks.MapSourceRoots"
       Done executing task "Microsoft.CodeAnalysis.BuildTasks.MapSourceRoots".
   2:7>Done building target "InitializeSourceRootMappedPaths" in project "Magidesk.Application.csproj".
   2:7>Target "_InitializeSourceRootMappedPathsOpt" in file "C:\Program Files\dotnet\sdk\10.0.101\Sdks\Microsoft.SourceLink.Common\build\Microsoft.SourceLink.Common.targets" from project "C:\Users\giris\Documents\Code\Redesign-POS\Windows Based POS\Magidesk\Magidesk.Application\Magidesk.Application.csproj" (target "_GenerateSourceLinkFile" depends on it):
   2:7>Done building target "_InitializeSourceRootMappedPathsOpt" in project "Magidesk.Application.csproj".
   2:7>Target "_InitializeGitHubSourceLinkUrl" in file "C:\Program Files\dotnet\sdk\10.0.101\Sdks\Microsoft.SourceLink.GitHub\build\Microsoft.SourceLink.GitHub.targets" from project "C:\Users\giris\Documents\Code\Redesign-POS\Windows Based POS\Magidesk\Magidesk.Application\Magidesk.Application.csproj" (target "_GenerateSourceLinkFile" depends on it):
       Building target "_InitializeGitHubSourceLinkUrl" completely.
       No input files were specified.
       Using "Microsoft.SourceLink.GitHub.GetSourceLinkUrl" task from assembly "C:\Program Files\dotnet\sdk\10.0.101\Sdks\Microsoft.SourceLink.GitHub\build\..\tools\net\Microsoft.SourceLink.GitHub.dll".
       Task "Microsoft.SourceLink.GitHub.GetSourceLinkUrl"
       Done executing task "Microsoft.SourceLink.GitHub.GetSourceLinkUrl".
   2:7>Done building target "_InitializeGitHubSourceLinkUrl" in project "Magidesk.Application.csproj".
   2:7>Target "_InitializeGitHubSourceLinkUrl" in file "C:\Program Files\dotnet\sdk\10.0.101\Sdks\Microsoft.SourceLink.GitHub\build\Microsoft.SourceLink.GitHub.targets" from project "C:\Users\giris\Documents\Code\Redesign-POS\Windows Based POS\Magidesk\Magidesk.Application\Magidesk.Application.csproj" (target "_GenerateSourceLinkFile" depends on it):
       Building target "_InitializeGitHubSourceLinkUrl" completely.
       No input files were specified.
       Task "Microsoft.SourceLink.GitHub.GetSourceLinkUrl"
       Done executing task "Microsoft.SourceLink.GitHub.GetSourceLinkUrl".
   2:7>Done building target "_InitializeGitHubSourceLinkUrl" in project "Magidesk.Application.csproj".
   2:7>Target "_InitializeGitHubSourceLinkUrl" in file "C:\Program Files\dotnet\sdk\10.0.101\Sdks\Microsoft.SourceLink.GitHub\build\Microsoft.SourceLink.GitHub.targets" from project "C:\Users\giris\Documents\Code\Redesign-POS\Windows Based POS\Magidesk\Magidesk.Application\Magidesk.Application.csproj" (target "_GenerateSourceLinkFile" depends on it):
       Building target "_InitializeGitHubSourceLinkUrl" completely.
       No input files were specified.
       Task "Microsoft.SourceLink.GitHub.GetSourceLinkUrl"
       Done executing task "Microsoft.SourceLink.GitHub.GetSourceLinkUrl".
   2:7>Done building target "_InitializeGitHubSourceLinkUrl" in project "Magidesk.Application.csproj".
   2:7>Target "_InitializeGitLabSourceLinkUrl" in file "C:\Program Files\dotnet\sdk\10.0.101\Sdks\Microsoft.SourceLink.GitLab\build\Microsoft.SourceLink.GitLab.targets" from project "C:\Users\giris\Documents\Code\Redesign-POS\Windows Based POS\Magidesk\Magidesk.Application\Magidesk.Application.csproj" (target "_GenerateSourceLinkFile" depends on it):
       Building target "_InitializeGitLabSourceLinkUrl" completely.
       No input files were specified.
       Using "Microsoft.SourceLink.GitLab.GetSourceLinkUrl" task from assembly "C:\Program Files\dotnet\sdk\10.0.101\Sdks\Microsoft.SourceLink.GitLab\build\..\tools\net\Microsoft.SourceLink.GitLab.dll".
       Task "Microsoft.SourceLink.GitLab.GetSourceLinkUrl"
       C:\Program Files\dotnet\sdk\10.0.101\Sdks\Microsoft.SourceLink.GitLab\build\Microsoft.SourceLink.GitLab.targets(37,7): message : Property reassignment: $(_SourceLinkUrlToUpdate)="N/A" (previous value: "https://raw.githubusercontent.com/zedfauji/magidesk-v1/7daf99e114323b1db7bd0543719e81a627b85d57/*") at C:\Program Files\dotnet\sdk\10.0.101\Sdks\Microsoft.SourceLink.GitLab\build\Microsoft.SourceLink.GitLab.targets (37,7) [C:\Users\giris\Documents\Code\Redesign-POS\Windows Based POS\Magidesk\Magidesk.Application\Magidesk.Application.csproj]
       Done executing task "Microsoft.SourceLink.GitLab.GetSourceLinkUrl".
   2:7>Done building target "_InitializeGitLabSourceLinkUrl" in project "Magidesk.Application.csproj".
   2:7>Target "_InitializeGitLabSourceLinkUrl" in file "C:\Program Files\dotnet\sdk\10.0.101\Sdks\Microsoft.SourceLink.GitLab\build\Microsoft.SourceLink.GitLab.targets" from project "C:\Users\giris\Documents\Code\Redesign-POS\Windows Based POS\Magidesk\Magidesk.Application\Magidesk.Application.csproj" (target "_GenerateSourceLinkFile" depends on it):
       Building target "_InitializeGitLabSourceLinkUrl" completely.
       No input files were specified.
       Task "Microsoft.SourceLink.GitLab.GetSourceLinkUrl"
       C:\Program Files\dotnet\sdk\10.0.101\Sdks\Microsoft.SourceLink.GitLab\build\Microsoft.SourceLink.GitLab.targets(37,7): message : Property reassignment: $(_SourceLinkUrlToUpdate)="N/A" (previous value: "https://raw.githubusercontent.com/zedfauji/magidesk-v1/7daf99e114323b1db7bd0543719e81a627b85d57/*") at C:\Program Files\dotnet\sdk\10.0.101\Sdks\Microsoft.SourceLink.GitLab\build\Microsoft.SourceLink.GitLab.targets (37,7) [C:\Users\giris\Documents\Code\Redesign-POS\Windows Based POS\Magidesk\Magidesk.Application\Magidesk.Application.csproj]
       Done executing task "Microsoft.SourceLink.GitLab.GetSourceLinkUrl".
   2:7>Done building target "_InitializeGitLabSourceLinkUrl" in project "Magidesk.Application.csproj".
   2:7>Target "_InitializeGitLabSourceLinkUrl" in file "C:\Program Files\dotnet\sdk\10.0.101\Sdks\Microsoft.SourceLink.GitLab\build\Microsoft.SourceLink.GitLab.targets" from project "C:\Users\giris\Documents\Code\Redesign-POS\Windows Based POS\Magidesk\Magidesk.Application\Magidesk.Application.csproj" (target "_GenerateSourceLinkFile" depends on it):
       Building target "_InitializeGitLabSourceLinkUrl" completely.
       No input files were specified.
       Task "Microsoft.SourceLink.GitLab.GetSourceLinkUrl"
       C:\Program Files\dotnet\sdk\10.0.101\Sdks\Microsoft.SourceLink.GitLab\build\Microsoft.SourceLink.GitLab.targets(37,7): message : Property reassignment: $(_SourceLinkUrlToUpdate)="N/A" (previous value: "https://raw.githubusercontent.com/zedfauji/magidesk-v1/7daf99e114323b1db7bd0543719e81a627b85d57/*") at C:\Program Files\dotnet\sdk\10.0.101\Sdks\Microsoft.SourceLink.GitLab\build\Microsoft.SourceLink.GitLab.targets (37,7) [C:\Users\giris\Documents\Code\Redesign-POS\Windows Based POS\Magidesk\Magidesk.Application\Magidesk.Application.csproj]
       Done executing task "Microsoft.SourceLink.GitLab.GetSourceLinkUrl".
   2:7>Done building target "_InitializeGitLabSourceLinkUrl" in project "Magidesk.Application.csproj".
   2:7>Target "_InitializeAzureReposGitSourceLinkUrl" in file "C:\Program Files\dotnet\sdk\10.0.101\Sdks\Microsoft.SourceLink.AzureRepos.Git\build\Microsoft.SourceLink.AzureRepos.Git.targets" from project "C:\Users\giris\Documents\Code\Redesign-POS\Windows Based POS\Magidesk\Magidesk.Application\Magidesk.Application.csproj" (target "_GenerateSourceLinkFile" depends on it):
       Building target "_InitializeAzureReposGitSourceLinkUrl" completely.
       No input files were specified.
       Using "Microsoft.SourceLink.AzureRepos.Git.GetSourceLinkUrl" task from assembly "C:\Program Files\dotnet\sdk\10.0.101\Sdks\Microsoft.SourceLink.AzureRepos.Git\build\..\tools\net\Microsoft.SourceLink.AzureRepos.Git.dll".
       Task "Microsoft.SourceLink.AzureRepos.Git.GetSourceLinkUrl"
       Done executing task "Microsoft.SourceLink.AzureRepos.Git.GetSourceLinkUrl".
   2:7>Done building target "_InitializeAzureReposGitSourceLinkUrl" in project "Magidesk.Application.csproj".
   2:7>Target "_InitializeAzureReposGitSourceLinkUrl" in file "C:\Program Files\dotnet\sdk\10.0.101\Sdks\Microsoft.SourceLink.AzureRepos.Git\build\Microsoft.SourceLink.AzureRepos.Git.targets" from project "C:\Users\giris\Documents\Code\Redesign-POS\Windows Based POS\Magidesk\Magidesk.Application\Magidesk.Application.csproj" (target "_GenerateSourceLinkFile" depends on it):
       Building target "_InitializeAzureReposGitSourceLinkUrl" completely.
       No input files were specified.
       Task "Microsoft.SourceLink.AzureRepos.Git.GetSourceLinkUrl"
       Done executing task "Microsoft.SourceLink.AzureRepos.Git.GetSourceLinkUrl".
   2:7>Done building target "_InitializeAzureReposGitSourceLinkUrl" in project "Magidesk.Application.csproj".
   2:7>Target "_InitializeAzureReposGitSourceLinkUrl" in file "C:\Program Files\dotnet\sdk\10.0.101\Sdks\Microsoft.SourceLink.AzureRepos.Git\build\Microsoft.SourceLink.AzureRepos.Git.targets" from project "C:\Users\giris\Documents\Code\Redesign-POS\Windows Based POS\Magidesk\Magidesk.Application\Magidesk.Application.csproj" (target "_GenerateSourceLinkFile" depends on it):
       Building target "_InitializeAzureReposGitSourceLinkUrl" completely.
       No input files were specified.
       Task "Microsoft.SourceLink.AzureRepos.Git.GetSourceLinkUrl"
       Done executing task "Microsoft.SourceLink.AzureRepos.Git.GetSourceLinkUrl".
   2:7>Done building target "_InitializeAzureReposGitSourceLinkUrl" in project "Magidesk.Application.csproj".
   2:7>Target "_InitializeBitbucketGitSourceLinkUrl" in file "C:\Program Files\dotnet\sdk\10.0.101\Sdks\Microsoft.SourceLink.Bitbucket.Git\build\Microsoft.SourceLink.Bitbucket.Git.targets" from project "C:\Users\giris\Documents\Code\Redesign-POS\Windows Based POS\Magidesk\Magidesk.Application\Magidesk.Application.csproj" (target "_GenerateSourceLinkFile" depends on it):
       Building target "_InitializeBitbucketGitSourceLinkUrl" completely.
       No input files were specified.
       Using "Microsoft.SourceLink.Bitbucket.Git.GetSourceLinkUrl" task from assembly "C:\Program Files\dotnet\sdk\10.0.101\Sdks\Microsoft.SourceLink.Bitbucket.Git\build\..\tools\net\Microsoft.SourceLink.Bitbucket.Git.dll".
       Task "Microsoft.SourceLink.Bitbucket.Git.GetSourceLinkUrl"
       Done executing task "Microsoft.SourceLink.Bitbucket.Git.GetSourceLinkUrl".
   2:7>Done building target "_InitializeBitbucketGitSourceLinkUrl" in project "Magidesk.Application.csproj".
   2:7>Target "_InitializeBitbucketGitSourceLinkUrl" in file "C:\Program Files\dotnet\sdk\10.0.101\Sdks\Microsoft.SourceLink.Bitbucket.Git\build\Microsoft.SourceLink.Bitbucket.Git.targets" from project "C:\Users\giris\Documents\Code\Redesign-POS\Windows Based POS\Magidesk\Magidesk.Application\Magidesk.Application.csproj" (target "_GenerateSourceLinkFile" depends on it):
       Building target "_InitializeBitbucketGitSourceLinkUrl" completely.
       No input files were specified.
       Task "Microsoft.SourceLink.Bitbucket.Git.GetSourceLinkUrl"
       Done executing task "Microsoft.SourceLink.Bitbucket.Git.GetSourceLinkUrl".
   2:7>Done building target "_InitializeBitbucketGitSourceLinkUrl" in project "Magidesk.Application.csproj".
   2:7>Target "_InitializeBitbucketGitSourceLinkUrl" in file "C:\Program Files\dotnet\sdk\10.0.101\Sdks\Microsoft.SourceLink.Bitbucket.Git\build\Microsoft.SourceLink.Bitbucket.Git.targets" from project "C:\Users\giris\Documents\Code\Redesign-POS\Windows Based POS\Magidesk\Magidesk.Application\Magidesk.Application.csproj" (target "_GenerateSourceLinkFile" depends on it):
       Building target "_InitializeBitbucketGitSourceLinkUrl" completely.
       No input files were specified.
       Task "Microsoft.SourceLink.Bitbucket.Git.GetSourceLinkUrl"
       Done executing task "Microsoft.SourceLink.Bitbucket.Git.GetSourceLinkUrl".
   2:7>Done building target "_InitializeBitbucketGitSourceLinkUrl" in project "Magidesk.Application.csproj".
   2:7>Target "_GenerateSourceLinkFile" in file "C:\Program Files\dotnet\sdk\10.0.101\Sdks\Microsoft.SourceLink.Common\build\Microsoft.SourceLink.Common.targets" from project "C:\Users\giris\Documents\Code\Redesign-POS\Windows Based POS\Magidesk\Magidesk.Application\Magidesk.Application.csproj" (target "GenerateSourceLinkFile" depends on it):
       Building target "_GenerateSourceLinkFile" completely.
       No input files were specified.
       Using "Microsoft.SourceLink.Common.GenerateSourceLinkFile" task from assembly "C:\Program Files\dotnet\sdk\10.0.101\Sdks\Microsoft.SourceLink.Common\build\..\tools\net\Microsoft.SourceLink.Common.dll".
       Task "Microsoft.SourceLink.Common.GenerateSourceLinkFile"
         Source Link file 'obj\Debug\net8.0\Magidesk.Application.sourcelink.json' is up-to-date.
       Done executing task "Microsoft.SourceLink.Common.GenerateSourceLinkFile".
   2:7>Done building target "_GenerateSourceLinkFile" in project "Magidesk.Application.csproj".
   2:7>Target "GenerateSourceLinkFile" in file "C:\Program Files\dotnet\sdk\10.0.101\Sdks\Microsoft.SourceLink.Common\build\Microsoft.SourceLink.Common.targets" from project "C:\Users\giris\Documents\Code\Redesign-POS\Windows Based POS\Magidesk\Magidesk.Application\Magidesk.Application.csproj" (target "CoreCompile" depends on it):
   2:7>Done building target "GenerateSourceLinkFile" in project "Magidesk.Application.csproj".
   2:7>Target "AddGlobalAnalyzerConfigForPackage_MicrosoftCodeAnalysisNetAnalyzers" in file "C:\Program Files\dotnet\sdk\10.0.101\Sdks\Microsoft.NET.Sdk\analyzers\build\Microsoft.CodeAnalysis.NetAnalyzers.targets" from project "C:\Users\giris\Documents\Code\Redesign-POS\Windows Based POS\Magidesk\Magidesk.Application\Magidesk.Application.csproj" (target "CoreCompile" depends on it):
   2:7>Done building target "AddGlobalAnalyzerConfigForPackage_MicrosoftCodeAnalysisNetAnalyzers" in project "Magidesk.Application.csproj".
   2:7>Target "CoreCompile" in file "C:\Program Files\dotnet\sdk\10.0.101\Roslyn\Microsoft.CSharp.Core.targets" from project "C:\Users\giris\Documents\Code\Redesign-POS\Windows Based POS\Magidesk\Magidesk.Application\Magidesk.Application.csproj" (target "Compile" depends on it):
       Skipping target "CoreCompile" because all output files are up-to-date with respect to the input files.
       Input files: 
           Commands\AddCashDropCommand.cs
           Commands\AddDrawerBleedCommand.cs
           Commands\AddOrderLineComboCommand.cs
           Commands\AddOrderLineCommand.cs
           Commands\AddPayoutCommand.cs
           Commands\AddTipsToCardPaymentCommand.cs
           Commands\ApplyCouponCommand.cs
           Commands\ApplyDiscountCommand.cs
           Commands\AssignTableToTicketCommand.cs
           Commands\AuthorizeCardPaymentCommand.cs
           Commands\CalculateServiceChargeCommand.cs
           Commands\CaptureCardPaymentCommand.cs
           Commands\ChangeSeatCommand.cs
           Commands\ChangeTableCommand.cs
           Commands\ClockCommands.cs
           Commands\CloseCashSessionCommand.cs
           Commands\CloseTicketCommand.cs
           Commands\CreateOrderTypeCommand.cs
           Commands\CreateShiftCommand.cs
           Commands\CreateTableCommand.cs
           Commands\CreateTableLayoutCommand.cs
           Commands\CreateTicketCommand.cs
           Commands\CreateUserCommand.cs
           Commands\DeleteUserCommand.cs
           Commands\DeliveryCommands.cs
           Commands\ExportImportCommands.cs
           Commands\GroupSettleCommand.cs
           Commands\GroupSettleCommandHandler.cs
           Commands\LogoutCommand.cs
           Commands\MergeTicketsCommand.cs
           Commands\ModifierCommands.cs
           Commands\ModifyOrderLineCommand.cs
           Commands\OpenCashSessionCommand.cs
           Commands\PayNowCommand.cs
           Commands\PrintReceiptCommand.cs
           Commands\PrintToKitchenCommand.cs
           Commands\ProcessPaymentCommand.cs
           Commands\RefundPaymentCommand.cs
           Commands\RefundTicketCommand.cs
           Commands\ReleaseTableCommand.cs
           Commands\RemoveOrderLineCommand.cs
           Commands\ServerSectionCommands.cs
           Commands\SetAdjustmentCommand.cs
           Commands\SetAdvancePaymentCommand.cs
           Commands\SetCustomerCommand.cs
           Commands\SetDeliveryChargeCommand.cs
           Commands\SetServiceChargeCommand.cs
           Commands\SetTaxExemptCommand.cs
           Commands\SettleTicketCommand.cs
           Commands\SplitBySeatCommand.cs
           Commands\SplitBySeatCommandHandler.cs
           Commands\SplitTicketCommand.cs
           Commands\SystemConfig\CreateRoleCommandHandler.cs
           Commands\SystemConfig\DeleteRoleCommandHandler.cs
           Commands\SystemConfig\RoleCommands.cs
           Commands\SystemConfig\UpdateCardConfigCommand.cs
           Commands\SystemConfig\UpdatePrinterGroupsCommand.cs
           Commands\SystemConfig\UpdatePrinterMappingsCommand.cs
           Commands\SystemConfig\UpdateRestaurantConfigCommand.cs
           Commands\SystemConfig\UpdateRoleCommandHandler.cs
           Commands\SystemConfig\UpdateTerminalConfigCommand.cs
           Commands\System\CreateSystemBackupCommand.cs
           Commands\System\RestoreSystemBackupCommand.cs
           Commands\TicketConfigurationCommands.cs
           Commands\TransferTicketCommand.cs
           Commands\TransferTicketToTableCommand.cs
           Commands\UpdateOrderLineInstructionCommand.cs
           Commands\UpdateOrderTypeCommand.cs
           Commands\UpdateShiftCommand.cs
           Commands\UpdateTableCommand.cs
           Commands\UpdateTicketNoteCommand.cs
           Commands\UpdateUserCommand.cs
           Commands\VoidCardPaymentCommand.cs
           Commands\VoidTicketCommand.cs
           DependencyInjection\ServiceCollectionExtensions.cs
           DTOs\CashSessionDto.cs
           DTOs\CashTransactionUiDto.cs
           DTOs\GratuityDto.cs
           DTOs\MenuCategoryDto.cs
           DTOs\MenuGroupDto.cs
           DTOs\OrderLineDto.cs
           DTOs\OrderLineModifierDto.cs
           DTOs\OrderTypeDto.cs
           DTOs\PaymentDto.cs
           DTOs\Reports\AttendanceReportDto.cs
           DTOs\Reports\CashOutReportDto.cs
           DTOs\Reports\CreditCardReportDto.cs
           DTOs\Reports\DeliveryReportDto.cs
           DTOs\Reports\ExceptionsReportDto.cs
           DTOs\Reports\HourlyLaborReportDto.cs
           DTOs\Reports\JournalReportDto.cs
           DTOs\Reports\LaborReportDto.cs
           DTOs\Reports\MenuUsageReportDto.cs
           DTOs\Reports\PaymentReportDto.cs
           DTOs\Reports\ProductivityReportDto.cs
           DTOs\Reports\SalesBalanceReportDto.cs
           DTOs\Reports\SalesDetailReportDto.cs
           DTOs\Reports\SalesSummaryReportDto.cs
           DTOs\Reports\ServerProductivityReportDto.cs
           DTOs\Reports\TipReportDto.cs
           DTOs\ServerSectionDto.cs
           DTOs\ShiftDto.cs
           DTOs\SystemConfig\CardConfigDto.cs
           DTOs\SystemConfig\PrinterDtos.cs
           DTOs\SystemConfig\RestaurantConfigurationDto.cs
           DTOs\SystemConfig\TerminalDto.cs
           DTOs\System\BackupInfoDto.cs
           DTOs\TableDto.cs
           DTOs\TableLayoutDto.cs
           DTOs\TicketDto.cs
           DTOs\UserDto.cs
           Interfaces\IAesEncryptionService.cs
           Interfaces\IAttendanceRepository.cs
           Interfaces\IAuditEventRepository.cs
           Interfaces\IBackupService.cs
           Interfaces\ICashSessionRepository.cs
           Interfaces\ICashSessionService.cs
           Interfaces\ICommandHandler.cs
           Interfaces\IDiscountRepository.cs
           Interfaces\IEventPublisher.cs
           Interfaces\IFloorRepository.cs
           Interfaces\IGroupSettlementRepository.cs
           Interfaces\IGroupSettleService.cs
           Interfaces\IInventoryItemRepository.cs
           Interfaces\IInventoryRepositories.cs
           Interfaces\IKitchenOrderRepository.cs
           Interfaces\IKitchenPrintService.cs
           Interfaces\IKitchenRoutingService.cs
           Interfaces\IKitchenStatusService.cs
           Interfaces\IMenuCategoryRepository.cs
           Interfaces\IMenuGroupRepository.cs
           Interfaces\IMenuModifierRepository.cs
           Interfaces\IMenuRepository.cs
           Interfaces\IMerchantBatchService.cs
           Interfaces\IMerchantGatewayConfigurationRepository.cs
           Interfaces\IModifierGroupRepository.cs
           Interfaces\IOrderTypeRepository.cs
           Interfaces\IPaymentBatchRepository.cs
           Interfaces\IPaymentGateway.cs
           Interfaces\IPaymentRepository.cs
           Interfaces\IPrinterGroupRepository.cs
           Interfaces\IPrinterMappingRepository.cs
           Interfaces\IPrintingService.cs
           Interfaces\IQueryHandler.cs
           Interfaces\IReceiptPrintService.cs
           Interfaces\IRepository.cs
           Interfaces\IRestaurantConfigurationRepository.cs
           Interfaces\IRoleRepository.cs
           Interfaces\ISalesReportRepository.cs
           Interfaces\ISecurityService.cs
           Interfaces\IServerSectionRepository.cs
           Interfaces\IShiftRepository.cs
           Interfaces\ISystemInitializationService.cs
           Interfaces\ISystemService.cs
           Interfaces\ITableLayoutRepository.cs
           Interfaces\ITableRepository.cs
           Interfaces\ITerminalRepository.cs
           Interfaces\ITicketRepository.cs
           Interfaces\IUserRepository.cs
           Interfaces\IUserService.cs
           Queries\GetAvailableTablesQuery.cs
           Queries\GetCashSessionQuery.cs
           Queries\GetCurrentCashSessionQuery.cs
           Queries\GetCurrentShiftQuery.cs
           Queries\GetDrawerPullReportQuery.cs
           Queries\GetMenuItemsQuery.cs
           Queries\GetOrderTypeQuery.cs
           Queries\GetShiftQuery.cs
           Queries\GetShiftReportQuery.cs
           Queries\GetTableMapQuery.cs
           Queries\GetTableQuery.cs
           Queries\GetTicketQuery.cs
           Queries\GetUsersQuery.cs
           Queries\Reports\GetAttendanceReportQuery.cs
           Queries\Reports\GetCashOutReportQuery.cs
           Queries\Reports\GetCreditCardReportQuery.cs
           Queries\Reports\GetDeliveryReportQuery.cs
           Queries\Reports\GetExceptionsReportQuery.cs
           Queries\Reports\GetHourlyLaborReportQuery.cs
           Queries\Reports\GetJournalReportQuery.cs
           Queries\Reports\GetLaborReportQuery.cs
           Queries\Reports\GetMenuUsageReportQuery.cs
           Queries\Reports\GetPaymentReportQuery.cs
           Queries\Reports\GetProductivityReportQuery.cs
           Queries\Reports\GetSalesBalanceQuery.cs
           Queries\Reports\GetSalesDetailQuery.cs
           Queries\Reports\GetSalesSummaryQuery.cs
           Queries\Reports\GetServerProductivityReportQuery.cs
           Queries\Reports\GetTipReportQuery.cs
           Queries\SystemConfig\GetCardConfigQuery.cs
           Queries\SystemConfig\GetPrinterGroupsQuery.cs
           Queries\SystemConfig\GetPrinterMappingsQuery.cs
           Queries\SystemConfig\GetRestaurantConfigQuery.cs
           Queries\SystemConfig\GetTerminalConfigQuery.cs
           Queries\System\GetSystemBackupsQuery.cs
           Services\AddCashDropCommandHandler.cs
           Services\AddDrawerBleedCommandHandler.cs
           Services\AddOrderLineComboCommandHandler.cs
           Services\AddOrderLineCommandHandler.cs
           Services\AddPayoutCommandHandler.cs
           Services\AddTipsToCardPaymentCommandHandler.cs
           Services\ApplyCouponCommandHandler.cs
           Services\ApplyDiscountCommandHandler.cs
           Services\AssignTableToTicketCommandHandler.cs
           Services\AuthorizeCardPaymentCommandHandler.cs
           Services\BatchPaymentDomainService.cs
           Services\CalculateServiceChargeCommandHandler.cs
           Services\CaptureCardPaymentCommandHandler.cs
           Services\CashSessionService.cs
           Services\ChangeSeatCommandHandler.cs
           Services\ChangeTableCommandHandler.cs
           Services\ClockCommandHandlers.cs
           Services\CloseCashSessionCommandHandler.cs
           Services\CloseTicketCommandHandler.cs
           Services\CreateOrderTypeCommandHandler.cs
           Services\CreateShiftCommandHandler.cs
           Services\CreateTableCommandHandler.cs
           Services\CreateTableLayoutCommandHandler.cs
           Services\CreateTicketCommandHandler.cs
           Services\DeliveryCommandHandlers.cs
           Services\EventPublisher.cs
           Services\ExportImportCommandHandlers.cs
           Services\GetAvailableTablesQueryHandler.cs
           Services\GetCashSessionQueryHandler.cs
           Services\GetCurrentCashSessionQueryHandler.cs
           Services\GetCurrentShiftQueryHandler.cs
           Services\GetDrawerPullReportQueryHandler.cs
           Services\GetOpenTicketsQueryHandler.cs
           Services\GetOrderTypeQueryHandler.cs
           Services\GetShiftQueryHandler.cs
           Services\GetShiftReportQueryHandler.cs
           Services\GetTableMapQueryHandler.cs
           Services\GetTableQueryHandler.cs
           Services\GetTicketByNumberQueryHandler.cs
           Services\GetTicketQueryHandler.cs
           Services\GetUsersQueryHandler.cs
           Services\GroupSettleService.cs
           Services\KitchenRoutingService.cs
           Services\KitchenStatusService.cs
           Services\LogoutCommandHandler.cs
           Services\MerchantBatchService.cs
           Services\MergeTicketsCommandHandler.cs
           Services\ModifierCommandHandlers.cs
           Services\ModifyOrderLineCommandHandler.cs
           Services\OpenCashSessionCommandHandler.cs
           Services\PayNowCommandHandler.cs
           Services\PrintReceiptCommandHandler.cs
           Services\PrintToKitchenCommandHandler.cs
           Services\ProcessPaymentCommandHandler.cs
           Services\RefundPaymentCommandHandler.cs
           Services\RefundTicketCommandHandler.cs
           Services\ReleaseTableCommandHandler.cs
           Services\RemoveOrderLineCommandHandler.cs
           Services\Reports\GetAttendanceReportQueryHandler.cs
           Services\Reports\GetCashOutReportQueryHandler.cs
           Services\Reports\GetCreditCardReportQueryHandler.cs
           Services\Reports\GetDeliveryReportQueryHandler.cs
           Services\Reports\GetExceptionsReportQueryHandler.cs
           Services\Reports\GetHourlyLaborReportQueryHandler.cs
           Services\Reports\GetJournalReportQueryHandler.cs
           Services\Reports\GetLaborReportQueryHandler.cs
           Services\Reports\GetMenuUsageReportQueryHandler.cs
           Services\Reports\GetPaymentReportQueryHandler.cs
           Services\Reports\GetProductivityReportQueryHandler.cs
           Services\Reports\GetSalesBalanceQueryHandler.cs
           Services\Reports\GetSalesDetailQueryHandler.cs
           Services\Reports\GetSalesSummaryQueryHandler.cs
           Services\Reports\GetServerProductivityReportQueryHandler.cs
           Services\Reports\GetTipReportQueryHandler.cs
           Services\ServerSectionCommandHandlers.cs
           Services\SetAdjustmentCommandHandler.cs
           Services\SetAdvancePaymentCommandHandler.cs
           Services\SetCustomerCommandHandler.cs
           Services\SetDeliveryChargeCommandHandler.cs
           Services\SetServiceChargeCommandHandler.cs
           Services\SetTaxExemptCommandHandler.cs
           Services\SettleTicketCommandHandler.cs
           Services\SplitTicketCommandHandler.cs
           Services\SystemConfig\GetCardConfigQueryHandler.cs
           Services\SystemConfig\GetPrinterGroupsQueryHandler.cs
           Services\SystemConfig\GetPrinterMappingsQueryHandler.cs
           Services\SystemConfig\UpdateCardConfigCommandHandler.cs
           Services\SystemConfig\UpdatePrinterGroupsCommandHandler.cs
           Services\SystemConfig\UpdatePrinterMappingsCommandHandler.cs
           Services\SystemService.cs
           Services\System\CreateSystemBackupCommandHandler.cs
           Services\System\GetRestaurantConfigQueryHandler.cs
           Services\System\GetSystemBackupsQueryHandler.cs
           Services\System\GetTerminalConfigQueryHandler.cs
           Services\System\RestoreSystemBackupCommandHandler.cs
           Services\System\UpdateRestaurantConfigCommandHandler.cs
           Services\System\UpdateTerminalConfigCommandHandler.cs
           Services\TableLayoutExporter.cs
           Services\TicketConfigurationCommandHandlers.cs
           Services\TransferTicketCommandHandler.cs
           Services\TransferTicketToTableCommandHandler.cs
           Services\UpdateOrderLineInstructionCommandHandler.cs
           Services\UpdateOrderTypeCommandHandler.cs
           Services\UpdateShiftCommandHandler.cs
           Services\UpdateTableCommandHandler.cs
           Services\UpdateTicketNoteCommandHandler.cs
           Services\User\UserCommandHandlers.cs
           Services\VoidCardPaymentCommandHandler.cs
           Services\VoidTicketCommandHandler.cs
           obj\Debug\net8.0\Magidesk.Application.GlobalUsings.g.cs
           obj\Debug\net8.0\.NETCoreApp,Version=v8.0.AssemblyAttributes.cs
           obj\Debug\net8.0\Magidesk.Application.AssemblyInfo.cs
           C:\Users\giris\Documents\Code\Redesign-POS\Windows Based POS\Magidesk\Magidesk.Domain\obj\Debug\net8.0\ref\Magidesk.Domain.dll
           C:\Users\giris\.nuget\packages\mediatr.contracts\2.0.1\lib\netstandard2.0\MediatR.Contracts.dll
           C:\Users\giris\.nuget\packages\mediatr\12.2.0\lib\net6.0\MediatR.dll
           C:\Program Files\dotnet\packs\Microsoft.NETCore.App.Ref\8.0.22\ref\net8.0\Microsoft.CSharp.dll
           C:\Users\giris\.nuget\packages\microsoft.extensions.dependencyinjection.abstractions\10.0.1\lib\net8.0\Microsoft.Extensions.DependencyInjection.Abstractions.dll
           C:\Program Files\dotnet\packs\Microsoft.NETCore.App.Ref\8.0.22\ref\net8.0\Microsoft.VisualBasic.Core.dll
           C:\Program Files\dotnet\packs\Microsoft.NETCore.App.Ref\8.0.22\ref\net8.0\Microsoft.VisualBasic.dll
           C:\Program Files\dotnet\packs\Microsoft.NETCore.App.Ref\8.0.22\ref\net8.0\Microsoft.Win32.Primitives.dll
           C:\Program Files\dotnet\packs\Microsoft.NETCore.App.Ref\8.0.22\ref\net8.0\Microsoft.Win32.Registry.dll
           C:\Program Files\dotnet\packs\Microsoft.NETCore.App.Ref\8.0.22\ref\net8.0\mscorlib.dll
           C:\Program Files\dotnet\packs\Microsoft.NETCore.App.Ref\8.0.22\ref\net8.0\netstandard.dll
           C:\Program Files\dotnet\packs\Microsoft.NETCore.App.Ref\8.0.22\ref\net8.0\System.AppContext.dll
           C:\Program Files\dotnet\packs\Microsoft.NETCore.App.Ref\8.0.22\ref\net8.0\System.Buffers.dll
           C:\Program Files\dotnet\packs\Microsoft.NETCore.App.Ref\8.0.22\ref\net8.0\System.Collections.Concurrent.dll
           C:\Program Files\dotnet\packs\Microsoft.NETCore.App.Ref\8.0.22\ref\net8.0\System.Collections.dll
           C:\Program Files\dotnet\packs\Microsoft.NETCore.App.Ref\8.0.22\ref\net8.0\System.Collections.Immutable.dll
           C:\Program Files\dotnet\packs\Microsoft.NETCore.App.Ref\8.0.22\ref\net8.0\System.Collections.NonGeneric.dll
           C:\Program Files\dotnet\packs\Microsoft.NETCore.App.Ref\8.0.22\ref\net8.0\System.Collections.Specialized.dll
           C:\Program Files\dotnet\packs\Microsoft.NETCore.App.Ref\8.0.22\ref\net8.0\System.ComponentModel.Annotations.dll
           C:\Program Files\dotnet\packs\Microsoft.NETCore.App.Ref\8.0.22\ref\net8.0\System.ComponentModel.DataAnnotations.dll
           C:\Program Files\dotnet\packs\Microsoft.NETCore.App.Ref\8.0.22\ref\net8.0\System.ComponentModel.dll
           C:\Program Files\dotnet\packs\Microsoft.NETCore.App.Ref\8.0.22\ref\net8.0\System.ComponentModel.EventBasedAsync.dll
           C:\Program Files\dotnet\packs\Microsoft.NETCore.App.Ref\8.0.22\ref\net8.0\System.ComponentModel.Primitives.dll
           C:\Program Files\dotnet\packs\Microsoft.NETCore.App.Ref\8.0.22\ref\net8.0\System.ComponentModel.TypeConverter.dll
           C:\Program Files\dotnet\packs\Microsoft.NETCore.App.Ref\8.0.22\ref\net8.0\System.Configuration.dll
           C:\Program Files\dotnet\packs\Microsoft.NETCore.App.Ref\8.0.22\ref\net8.0\System.Console.dll
           C:\Program Files\dotnet\packs\Microsoft.NETCore.App.Ref\8.0.22\ref\net8.0\System.Core.dll
           C:\Program Files\dotnet\packs\Microsoft.NETCore.App.Ref\8.0.22\ref\net8.0\System.Data.Common.dll
           C:\Program Files\dotnet\packs\Microsoft.NETCore.App.Ref\8.0.22\ref\net8.0\System.Data.DataSetExtensions.dll
           C:\Program Files\dotnet\packs\Microsoft.NETCore.App.Ref\8.0.22\ref\net8.0\System.Data.dll
           C:\Program Files\dotnet\packs\Microsoft.NETCore.App.Ref\8.0.22\ref\net8.0\System.Diagnostics.Contracts.dll
           C:\Program Files\dotnet\packs\Microsoft.NETCore.App.Ref\8.0.22\ref\net8.0\System.Diagnostics.Debug.dll
           C:\Program Files\dotnet\packs\Microsoft.NETCore.App.Ref\8.0.22\ref\net8.0\System.Diagnostics.DiagnosticSource.dll
           C:\Program Files\dotnet\packs\Microsoft.NETCore.App.Ref\8.0.22\ref\net8.0\System.Diagnostics.FileVersionInfo.dll
           C:\Program Files\dotnet\packs\Microsoft.NETCore.App.Ref\8.0.22\ref\net8.0\System.Diagnostics.Process.dll
           C:\Program Files\dotnet\packs\Microsoft.NETCore.App.Ref\8.0.22\ref\net8.0\System.Diagnostics.StackTrace.dll
           C:\Program Files\dotnet\packs\Microsoft.NETCore.App.Ref\8.0.22\ref\net8.0\System.Diagnostics.TextWriterTraceListener.dll
           C:\Program Files\dotnet\packs\Microsoft.NETCore.App.Ref\8.0.22\ref\net8.0\System.Diagnostics.Tools.dll
           C:\Program Files\dotnet\packs\Microsoft.NETCore.App.Ref\8.0.22\ref\net8.0\System.Diagnostics.TraceSource.dll
           C:\Program Files\dotnet\packs\Microsoft.NETCore.App.Ref\8.0.22\ref\net8.0\System.Diagnostics.Tracing.dll
           C:\Program Files\dotnet\packs\Microsoft.NETCore.App.Ref\8.0.22\ref\net8.0\System.dll
           C:\Program Files\dotnet\packs\Microsoft.NETCore.App.Ref\8.0.22\ref\net8.0\System.Drawing.dll
           C:\Program Files\dotnet\packs\Microsoft.NETCore.App.Ref\8.0.22\ref\net8.0\System.Drawing.Primitives.dll
           C:\Program Files\dotnet\packs\Microsoft.NETCore.App.Ref\8.0.22\ref\net8.0\System.Dynamic.Runtime.dll
           C:\Program Files\dotnet\packs\Microsoft.NETCore.App.Ref\8.0.22\ref\net8.0\System.Formats.Asn1.dll
           C:\Program Files\dotnet\packs\Microsoft.NETCore.App.Ref\8.0.22\ref\net8.0\System.Formats.Tar.dll
           C:\Program Files\dotnet\packs\Microsoft.NETCore.App.Ref\8.0.22\ref\net8.0\System.Globalization.Calendars.dll
           C:\Program Files\dotnet\packs\Microsoft.NETCore.App.Ref\8.0.22\ref\net8.0\System.Globalization.dll
           C:\Program Files\dotnet\packs\Microsoft.NETCore.App.Ref\8.0.22\ref\net8.0\System.Globalization.Extensions.dll
           C:\Program Files\dotnet\packs\Microsoft.NETCore.App.Ref\8.0.22\ref\net8.0\System.IO.Compression.Brotli.dll
           C:\Program Files\dotnet\packs\Microsoft.NETCore.App.Ref\8.0.22\ref\net8.0\System.IO.Compression.dll
           C:\Program Files\dotnet\packs\Microsoft.NETCore.App.Ref\8.0.22\ref\net8.0\System.IO.Compression.FileSystem.dll
           C:\Program Files\dotnet\packs\Microsoft.NETCore.App.Ref\8.0.22\ref\net8.0\System.IO.Compression.ZipFile.dll
           C:\Program Files\dotnet\packs\Microsoft.NETCore.App.Ref\8.0.22\ref\net8.0\System.IO.dll
           C:\Program Files\dotnet\packs\Microsoft.NETCore.App.Ref\8.0.22\ref\net8.0\System.IO.FileSystem.AccessControl.dll
           C:\Program Files\dotnet\packs\Microsoft.NETCore.App.Ref\8.0.22\ref\net8.0\System.IO.FileSystem.dll
           C:\Program Files\dotnet\packs\Microsoft.NETCore.App.Ref\8.0.22\ref\net8.0\System.IO.FileSystem.DriveInfo.dll
           C:\Program Files\dotnet\packs\Microsoft.NETCore.App.Ref\8.0.22\ref\net8.0\System.IO.FileSystem.Primitives.dll
           C:\Program Files\dotnet\packs\Microsoft.NETCore.App.Ref\8.0.22\ref\net8.0\System.IO.FileSystem.Watcher.dll
           C:\Program Files\dotnet\packs\Microsoft.NETCore.App.Ref\8.0.22\ref\net8.0\System.IO.IsolatedStorage.dll
           C:\Program Files\dotnet\packs\Microsoft.NETCore.App.Ref\8.0.22\ref\net8.0\System.IO.MemoryMappedFiles.dll
           C:\Program Files\dotnet\packs\Microsoft.NETCore.App.Ref\8.0.22\ref\net8.0\System.IO.Pipes.AccessControl.dll
           C:\Program Files\dotnet\packs\Microsoft.NETCore.App.Ref\8.0.22\ref\net8.0\System.IO.Pipes.dll
           C:\Program Files\dotnet\packs\Microsoft.NETCore.App.Ref\8.0.22\ref\net8.0\System.IO.UnmanagedMemoryStream.dll
           C:\Program Files\dotnet\packs\Microsoft.NETCore.App.Ref\8.0.22\ref\net8.0\System.Linq.dll
           C:\Program Files\dotnet\packs\Microsoft.NETCore.App.Ref\8.0.22\ref\net8.0\System.Linq.Expressions.dll
           C:\Program Files\dotnet\packs\Microsoft.NETCore.App.Ref\8.0.22\ref\net8.0\System.Linq.Parallel.dll
           C:\Program Files\dotnet\packs\Microsoft.NETCore.App.Ref\8.0.22\ref\net8.0\System.Linq.Queryable.dll
           C:\Program Files\dotnet\packs\Microsoft.NETCore.App.Ref\8.0.22\ref\net8.0\System.Memory.dll
           C:\Program Files\dotnet\packs\Microsoft.NETCore.App.Ref\8.0.22\ref\net8.0\System.Net.dll
           C:\Program Files\dotnet\packs\Microsoft.NETCore.App.Ref\8.0.22\ref\net8.0\System.Net.Http.dll
           C:\Program Files\dotnet\packs\Microsoft.NETCore.App.Ref\8.0.22\ref\net8.0\System.Net.Http.Json.dll
           C:\Program Files\dotnet\packs\Microsoft.NETCore.App.Ref\8.0.22\ref\net8.0\System.Net.HttpListener.dll
           C:\Program Files\dotnet\packs\Microsoft.NETCore.App.Ref\8.0.22\ref\net8.0\System.Net.Mail.dll
           C:\Program Files\dotnet\packs\Microsoft.NETCore.App.Ref\8.0.22\ref\net8.0\System.Net.NameResolution.dll
           C:\Program Files\dotnet\packs\Microsoft.NETCore.App.Ref\8.0.22\ref\net8.0\System.Net.NetworkInformation.dll
           C:\Program Files\dotnet\packs\Microsoft.NETCore.App.Ref\8.0.22\ref\net8.0\System.Net.Ping.dll
           C:\Program Files\dotnet\packs\Microsoft.NETCore.App.Ref\8.0.22\ref\net8.0\System.Net.Primitives.dll
           C:\Program Files\dotnet\packs\Microsoft.NETCore.App.Ref\8.0.22\ref\net8.0\System.Net.Quic.dll
           C:\Program Files\dotnet\packs\Microsoft.NETCore.App.Ref\8.0.22\ref\net8.0\System.Net.Requests.dll
           C:\Program Files\dotnet\packs\Microsoft.NETCore.App.Ref\8.0.22\ref\net8.0\System.Net.Security.dll
           C:\Program Files\dotnet\packs\Microsoft.NETCore.App.Ref\8.0.22\ref\net8.0\System.Net.ServicePoint.dll
           C:\Program Files\dotnet\packs\Microsoft.NETCore.App.Ref\8.0.22\ref\net8.0\System.Net.Sockets.dll
           C:\Program Files\dotnet\packs\Microsoft.NETCore.App.Ref\8.0.22\ref\net8.0\System.Net.WebClient.dll
           C:\Program Files\dotnet\packs\Microsoft.NETCore.App.Ref\8.0.22\ref\net8.0\System.Net.WebHeaderCollection.dll
           C:\Program Files\dotnet\packs\Microsoft.NETCore.App.Ref\8.0.22\ref\net8.0\System.Net.WebProxy.dll
           C:\Program Files\dotnet\packs\Microsoft.NETCore.App.Ref\8.0.22\ref\net8.0\System.Net.WebSockets.Client.dll
           C:\Program Files\dotnet\packs\Microsoft.NETCore.App.Ref\8.0.22\ref\net8.0\System.Net.WebSockets.dll
           C:\Program Files\dotnet\packs\Microsoft.NETCore.App.Ref\8.0.22\ref\net8.0\System.Numerics.dll
           C:\Program Files\dotnet\packs\Microsoft.NETCore.App.Ref\8.0.22\ref\net8.0\System.Numerics.Vectors.dll
           C:\Program Files\dotnet\packs\Microsoft.NETCore.App.Ref\8.0.22\ref\net8.0\System.ObjectModel.dll
           C:\Program Files\dotnet\packs\Microsoft.NETCore.App.Ref\8.0.22\ref\net8.0\System.Reflection.DispatchProxy.dll
           C:\Program Files\dotnet\packs\Microsoft.NETCore.App.Ref\8.0.22\ref\net8.0\System.Reflection.dll
           C:\Program Files\dotnet\packs\Microsoft.NETCore.App.Ref\8.0.22\ref\net8.0\System.Reflection.Emit.dll
           C:\Program Files\dotnet\packs\Microsoft.NETCore.App.Ref\8.0.22\ref\net8.0\System.Reflection.Emit.ILGeneration.dll
           C:\Program Files\dotnet\packs\Microsoft.NETCore.App.Ref\8.0.22\ref\net8.0\System.Reflection.Emit.Lightweight.dll
           C:\Program Files\dotnet\packs\Microsoft.NETCore.App.Ref\8.0.22\ref\net8.0\System.Reflection.Extensions.dll
           C:\Program Files\dotnet\packs\Microsoft.NETCore.App.Ref\8.0.22\ref\net8.0\System.Reflection.Metadata.dll
           C:\Program Files\dotnet\packs\Microsoft.NETCore.App.Ref\8.0.22\ref\net8.0\System.Reflection.Primitives.dll
           C:\Program Files\dotnet\packs\Microsoft.NETCore.App.Ref\8.0.22\ref\net8.0\System.Reflection.TypeExtensions.dll
           C:\Program Files\dotnet\packs\Microsoft.NETCore.App.Ref\8.0.22\ref\net8.0\System.Resources.Reader.dll
           C:\Program Files\dotnet\packs\Microsoft.NETCore.App.Ref\8.0.22\ref\net8.0\System.Resources.ResourceManager.dll
           C:\Program Files\dotnet\packs\Microsoft.NETCore.App.Ref\8.0.22\ref\net8.0\System.Resources.Writer.dll
           C:\Program Files\dotnet\packs\Microsoft.NETCore.App.Ref\8.0.22\ref\net8.0\System.Runtime.CompilerServices.Unsafe.dll
           C:\Program Files\dotnet\packs\Microsoft.NETCore.App.Ref\8.0.22\ref\net8.0\System.Runtime.CompilerServices.VisualC.dll
           C:\Program Files\dotnet\packs\Microsoft.NETCore.App.Ref\8.0.22\ref\net8.0\System.Runtime.dll
           C:\Program Files\dotnet\packs\Microsoft.NETCore.App.Ref\8.0.22\ref\net8.0\System.Runtime.Extensions.dll
           C:\Program Files\dotnet\packs\Microsoft.NETCore.App.Ref\8.0.22\ref\net8.0\System.Runtime.Handles.dll
           C:\Program Files\dotnet\packs\Microsoft.NETCore.App.Ref\8.0.22\ref\net8.0\System.Runtime.InteropServices.dll
           C:\Program Files\dotnet\packs\Microsoft.NETCore.App.Ref\8.0.22\ref\net8.0\System.Runtime.InteropServices.JavaScript.dll
           C:\Program Files\dotnet\packs\Microsoft.NETCore.App.Ref\8.0.22\ref\net8.0\System.Runtime.InteropServices.RuntimeInformation.dll
           C:\Program Files\dotnet\packs\Microsoft.NETCore.App.Ref\8.0.22\ref\net8.0\System.Runtime.Intrinsics.dll
           C:\Program Files\dotnet\packs\Microsoft.NETCore.App.Ref\8.0.22\ref\net8.0\System.Runtime.Loader.dll
           C:\Program Files\dotnet\packs\Microsoft.NETCore.App.Ref\8.0.22\ref\net8.0\System.Runtime.Numerics.dll
           C:\Program Files\dotnet\packs\Microsoft.NETCore.App.Ref\8.0.22\ref\net8.0\System.Runtime.Serialization.dll
           C:\Program Files\dotnet\packs\Microsoft.NETCore.App.Ref\8.0.22\ref\net8.0\System.Runtime.Serialization.Formatters.dll
           C:\Program Files\dotnet\packs\Microsoft.NETCore.App.Ref\8.0.22\ref\net8.0\System.Runtime.Serialization.Json.dll
           C:\Program Files\dotnet\packs\Microsoft.NETCore.App.Ref\8.0.22\ref\net8.0\System.Runtime.Serialization.Primitives.dll
           C:\Program Files\dotnet\packs\Microsoft.NETCore.App.Ref\8.0.22\ref\net8.0\System.Runtime.Serialization.Xml.dll
           C:\Program Files\dotnet\packs\Microsoft.NETCore.App.Ref\8.0.22\ref\net8.0\System.Security.AccessControl.dll
           C:\Program Files\dotnet\packs\Microsoft.NETCore.App.Ref\8.0.22\ref\net8.0\System.Security.Claims.dll
           C:\Program Files\dotnet\packs\Microsoft.NETCore.App.Ref\8.0.22\ref\net8.0\System.Security.Cryptography.Algorithms.dll
           C:\Program Files\dotnet\packs\Microsoft.NETCore.App.Ref\8.0.22\ref\net8.0\System.Security.Cryptography.Cng.dll
           C:\Program Files\dotnet\packs\Microsoft.NETCore.App.Ref\8.0.22\ref\net8.0\System.Security.Cryptography.Csp.dll
           C:\Program Files\dotnet\packs\Microsoft.NETCore.App.Ref\8.0.22\ref\net8.0\System.Security.Cryptography.dll
           C:\Program Files\dotnet\packs\Microsoft.NETCore.App.Ref\8.0.22\ref\net8.0\System.Security.Cryptography.Encoding.dll
           C:\Program Files\dotnet\packs\Microsoft.NETCore.App.Ref\8.0.22\ref\net8.0\System.Security.Cryptography.OpenSsl.dll
           C:\Program Files\dotnet\packs\Microsoft.NETCore.App.Ref\8.0.22\ref\net8.0\System.Security.Cryptography.Primitives.dll
           C:\Program Files\dotnet\packs\Microsoft.NETCore.App.Ref\8.0.22\ref\net8.0\System.Security.Cryptography.X509Certificates.dll
           C:\Program Files\dotnet\packs\Microsoft.NETCore.App.Ref\8.0.22\ref\net8.0\System.Security.dll
           C:\Program Files\dotnet\packs\Microsoft.NETCore.App.Ref\8.0.22\ref\net8.0\System.Security.Principal.dll
           C:\Program Files\dotnet\packs\Microsoft.NETCore.App.Ref\8.0.22\ref\net8.0\System.Security.Principal.Windows.dll
           C:\Program Files\dotnet\packs\Microsoft.NETCore.App.Ref\8.0.22\ref\net8.0\System.Security.SecureString.dll
           C:\Program Files\dotnet\packs\Microsoft.NETCore.App.Ref\8.0.22\ref\net8.0\System.ServiceModel.Web.dll
           C:\Program Files\dotnet\packs\Microsoft.NETCore.App.Ref\8.0.22\ref\net8.0\System.ServiceProcess.dll
           C:\Program Files\dotnet\packs\Microsoft.NETCore.App.Ref\8.0.22\ref\net8.0\System.Text.Encoding.CodePages.dll
           C:\Program Files\dotnet\packs\Microsoft.NETCore.App.Ref\8.0.22\ref\net8.0\System.Text.Encoding.dll
           C:\Program Files\dotnet\packs\Microsoft.NETCore.App.Ref\8.0.22\ref\net8.0\System.Text.Encoding.Extensions.dll
           C:\Program Files\dotnet\packs\Microsoft.NETCore.App.Ref\8.0.22\ref\net8.0\System.Text.Encodings.Web.dll
           C:\Program Files\dotnet\packs\Microsoft.NETCore.App.Ref\8.0.22\ref\net8.0\System.Text.Json.dll
           C:\Program Files\dotnet\packs\Microsoft.NETCore.App.Ref\8.0.22\ref\net8.0\System.Text.RegularExpressions.dll
           C:\Program Files\dotnet\packs\Microsoft.NETCore.App.Ref\8.0.22\ref\net8.0\System.Threading.Channels.dll
           C:\Program Files\dotnet\packs\Microsoft.NETCore.App.Ref\8.0.22\ref\net8.0\System.Threading.dll
           C:\Program Files\dotnet\packs\Microsoft.NETCore.App.Ref\8.0.22\ref\net8.0\System.Threading.Overlapped.dll
           C:\Program Files\dotnet\packs\Microsoft.NETCore.App.Ref\8.0.22\ref\net8.0\System.Threading.Tasks.Dataflow.dll
           C:\Program Files\dotnet\packs\Microsoft.NETCore.App.Ref\8.0.22\ref\net8.0\System.Threading.Tasks.dll
           C:\Program Files\dotnet\packs\Microsoft.NETCore.App.Ref\8.0.22\ref\net8.0\System.Threading.Tasks.Extensions.dll
           C:\Program Files\dotnet\packs\Microsoft.NETCore.App.Ref\8.0.22\ref\net8.0\System.Threading.Tasks.Parallel.dll
           C:\Program Files\dotnet\packs\Microsoft.NETCore.App.Ref\8.0.22\ref\net8.0\System.Threading.Thread.dll
           C:\Program Files\dotnet\packs\Microsoft.NETCore.App.Ref\8.0.22\ref\net8.0\System.Threading.ThreadPool.dll
           C:\Program Files\dotnet\packs\Microsoft.NETCore.App.Ref\8.0.22\ref\net8.0\System.Threading.Timer.dll
           C:\Program Files\dotnet\packs\Microsoft.NETCore.App.Ref\8.0.22\ref\net8.0\System.Transactions.dll
           C:\Program Files\dotnet\packs\Microsoft.NETCore.App.Ref\8.0.22\ref\net8.0\System.Transactions.Local.dll
           C:\Program Files\dotnet\packs\Microsoft.NETCore.App.Ref\8.0.22\ref\net8.0\System.ValueTuple.dll
           C:\Program Files\dotnet\packs\Microsoft.NETCore.App.Ref\8.0.22\ref\net8.0\System.Web.dll
           C:\Program Files\dotnet\packs\Microsoft.NETCore.App.Ref\8.0.22\ref\net8.0\System.Web.HttpUtility.dll
           C:\Program Files\dotnet\packs\Microsoft.NETCore.App.Ref\8.0.22\ref\net8.0\System.Windows.dll
           C:\Program Files\dotnet\packs\Microsoft.NETCore.App.Ref\8.0.22\ref\net8.0\System.Xml.dll
           C:\Program Files\dotnet\packs\Microsoft.NETCore.App.Ref\8.0.22\ref\net8.0\System.Xml.Linq.dll
           C:\Program Files\dotnet\packs\Microsoft.NETCore.App.Ref\8.0.22\ref\net8.0\System.Xml.ReaderWriter.dll
           C:\Program Files\dotnet\packs\Microsoft.NETCore.App.Ref\8.0.22\ref\net8.0\System.Xml.Serialization.dll
           C:\Program Files\dotnet\packs\Microsoft.NETCore.App.Ref\8.0.22\ref\net8.0\System.Xml.XDocument.dll
           C:\Program Files\dotnet\packs\Microsoft.NETCore.App.Ref\8.0.22\ref\net8.0\System.Xml.XmlDocument.dll
           C:\Program Files\dotnet\packs\Microsoft.NETCore.App.Ref\8.0.22\ref\net8.0\System.Xml.XmlSerializer.dll
           C:\Program Files\dotnet\packs\Microsoft.NETCore.App.Ref\8.0.22\ref\net8.0\System.Xml.XPath.dll
           C:\Program Files\dotnet\packs\Microsoft.NETCore.App.Ref\8.0.22\ref\net8.0\System.Xml.XPath.XDocument.dll
           C:\Program Files\dotnet\packs\Microsoft.NETCore.App.Ref\8.0.22\ref\net8.0\WindowsBase.dll
           obj\Debug\net8.0\Magidesk.Application.csproj.CoreCompileInputs.cache
           obj\Debug\net8.0\Magidesk.Application.csproj.BuildWithSkipAnalyzers
           C:\Program Files\dotnet\sdk\10.0.101\Sdks\Microsoft.NET.Sdk\targets\..\analyzers\Microsoft.CodeAnalysis.CSharp.NetAnalyzers.dll
           C:\Program Files\dotnet\sdk\10.0.101\Sdks\Microsoft.NET.Sdk\targets\..\analyzers\Microsoft.CodeAnalysis.NetAnalyzers.dll
           C:\Program Files\dotnet\packs\Microsoft.NETCore.App.Ref\8.0.22\analyzers/dotnet/cs/Microsoft.Interop.ComInterfaceGenerator.dll
           C:\Program Files\dotnet\packs\Microsoft.NETCore.App.Ref\8.0.22\analyzers/dotnet/cs/Microsoft.Interop.JavaScript.JSImportGenerator.dll
           C:\Program Files\dotnet\packs\Microsoft.NETCore.App.Ref\8.0.22\analyzers/dotnet/cs/Microsoft.Interop.LibraryImportGenerator.dll
           C:\Program Files\dotnet\packs\Microsoft.NETCore.App.Ref\8.0.22\analyzers/dotnet/cs/Microsoft.Interop.SourceGeneration.dll
           C:\Program Files\dotnet\packs\Microsoft.NETCore.App.Ref\8.0.22\analyzers/dotnet/cs/System.Text.Json.SourceGeneration.dll
           C:\Program Files\dotnet\packs\Microsoft.NETCore.App.Ref\8.0.22\analyzers/dotnet/cs/System.Text.RegularExpressions.Generator.dll
           obj\Debug\net8.0\Magidesk.Application.GeneratedMSBuildEditorConfig.editorconfig
           C:\Program Files\dotnet\sdk\10.0.101\Sdks\Microsoft.NET.Sdk\analyzers\build\config\analysislevel_8_default.globalconfig
           C:\Users\giris\Documents\Code\Redesign-POS\Windows Based POS\Magidesk\Magidesk.Application\Magidesk.Application.csproj
           C:\Program Files\dotnet\sdk\10.0.101\Current\Microsoft.Common.targets\ImportAfter\Microsoft.TestPlatform.ImportAfter.targets
           obj\Debug\net8.0\Magidesk.Application.sourcelink.json
       Output files: 
           obj\Debug\net8.0\Magidesk.Application.dll
           obj\Debug\net8.0\refint\Magidesk.Application.dll
           obj\Debug\net8.0\Magidesk.Application.pdb
       C:\Program Files\dotnet\sdk\10.0.101\Roslyn\Microsoft.CSharp.Core.targets(66,7): message : Property reassignment: $(NoWarn)="1701;1702;1701;1702" (previous value: "1701;1702") at C:\Program Files\dotnet\sdk\10.0.101\Roslyn\Microsoft.CSharp.Core.targets (66,7) [C:\Users\giris\Documents\Code\Redesign-POS\Windows Based POS\Magidesk\Magidesk.Application\Magidesk.Application.csproj]
   2:7>Done building target "CoreCompile" in project "Magidesk.Application.csproj".
   2:7>Target "AfterCompile" in file "C:\Program Files\dotnet\sdk\10.0.101\Microsoft.Common.CurrentVersion.targets" from project "C:\Users\giris\Documents\Code\Redesign-POS\Windows Based POS\Magidesk\Magidesk.Application\Magidesk.Application.csproj" (target "Compile" depends on it):
   2:7>Done building target "AfterCompile" in project "Magidesk.Application.csproj".
   2:7>Target "Compile" in file "C:\Program Files\dotnet\sdk\10.0.101\Microsoft.Common.CurrentVersion.targets" from project "C:\Users\giris\Documents\Code\Redesign-POS\Windows Based POS\Magidesk\Magidesk.Application\Magidesk.Application.csproj" (target "CoreBuild" depends on it):
   2:7>Done building target "Compile" in project "Magidesk.Application.csproj".
   2:7>Target "_GenerateSatelliteAssemblyInputs" in file "C:\Program Files\dotnet\sdk\10.0.101\Microsoft.Common.CurrentVersion.targets" from project "C:\Users\giris\Documents\Code\Redesign-POS\Windows Based POS\Magidesk\Magidesk.Application\Magidesk.Application.csproj" (target "CreateSatelliteAssemblies" depends on it):
   2:7>Done building target "_GenerateSatelliteAssemblyInputs" in project "Magidesk.Application.csproj".
   2:7>Target "CreateSatelliteAssemblies" in file "C:\Program Files\dotnet\sdk\10.0.101\Microsoft.Common.CurrentVersion.targets" from project "C:\Users\giris\Documents\Code\Redesign-POS\Windows Based POS\Magidesk\Magidesk.Application\Magidesk.Application.csproj" (target "CoreBuild" depends on it):
   2:7>Done building target "CreateSatelliteAssemblies" in project "Magidesk.Application.csproj".
   2:7>Target "GetTargetPathWithTargetPlatformMoniker" in file "C:\Program Files\dotnet\sdk\10.0.101\Microsoft.Common.CurrentVersion.targets" from project "C:\Users\giris\Documents\Code\Redesign-POS\Windows Based POS\Magidesk\Magidesk.Application\Magidesk.Application.csproj" (target "GetTargetPath" depends on it):
   2:7>Done building target "GetTargetPathWithTargetPlatformMoniker" in project "Magidesk.Application.csproj".
   2:7>Target "GetTargetPath" in file "C:\Program Files\dotnet\sdk\10.0.101\Microsoft.Common.CurrentVersion.targets" from project "C:\Users\giris\Documents\Code\Redesign-POS\Windows Based POS\Magidesk\Magidesk.Application\Magidesk.Application.csproj" (target "CoreBuild" depends on it):
   2:7>Done building target "GetTargetPath" in project "Magidesk.Application.csproj".
   2:7>Target "_CopyFilesMarkedCopyLocal" in file "C:\Program Files\dotnet\sdk\10.0.101\Microsoft.Common.CurrentVersion.targets" from project "C:\Users\giris\Documents\Code\Redesign-POS\Windows Based POS\Magidesk\Magidesk.Application\Magidesk.Application.csproj" (target "CopyFilesToOutputDirectory" depends on it):
       Using "Copy" task from assembly "Microsoft.Build.Tasks.Core, Version=15.1.0.0, Culture=neutral, PublicKeyToken=b03f5f7f11d50a3a".
       Task "Copy"
         Did not copy from file "C:\Users\giris\Documents\Code\Redesign-POS\Windows Based POS\Magidesk\Magidesk.Domain\bin\Debug\net8.0\Magidesk.Domain.dll" to file "bin\Debug\net8.0\Magidesk.Domain.dll" because the "SkipUnchangedFiles" parameter was set to "true" in the project and the files' sizes and timestamps match.
         Did not copy from file "C:\Users\giris\Documents\Code\Redesign-POS\Windows Based POS\Magidesk\Magidesk.Domain\bin\Debug\net8.0\Magidesk.Domain.pdb" to file "bin\Debug\net8.0\Magidesk.Domain.pdb" because the "SkipUnchangedFiles" parameter was set to "true" in the project and the files' sizes and timestamps match.
       Done executing task "Copy".
   2:7>Done building target "_CopyFilesMarkedCopyLocal" in project "Magidesk.Application.csproj".
       Target "AssignTargetPaths" skipped. Previously built successfully.
       Target "AssignProjectConfiguration" skipped. Previously built successfully.
       Target "_SplitProjectReferencesByFileExistence" skipped. Previously built successfully.
       Target "_GetProjectReferenceTargetFrameworkProperties" skipped. Previously built successfully.
   2:7>Target "_PopulateCommonStateForGetCopyToOutputDirectoryItems" in file "C:\Program Files\dotnet\sdk\10.0.101\Microsoft.Common.CurrentVersion.targets" from project "C:\Users\giris\Documents\Code\Redesign-POS\Windows Based POS\Magidesk\Magidesk.Application\Magidesk.Application.csproj" (target "GetCopyToOutputDirectoryItems" depends on it):
   2:7>Done building target "_PopulateCommonStateForGetCopyToOutputDirectoryItems" in project "Magidesk.Application.csproj".
   2:7>Target "GetCopyToOutputDirectoryItems" in file "C:\Program Files\dotnet\sdk\10.0.101\Microsoft.Common.CurrentVersion.targets" from project "C:\Users\giris\Documents\Code\Redesign-POS\Windows Based POS\Magidesk\Magidesk.Application\Magidesk.Application.csproj" (target "_CopySourceItemsToOutputDirectory" depends on it):
       Using "CallTarget" task from assembly "Microsoft.Build.Tasks.Core, Version=15.1.0.0, Culture=neutral, PublicKeyToken=b03f5f7f11d50a3a".
       Task "CallTarget"
       Target "_PopulateCommonStateForGetCopyToOutputDirectoryItems" skipped. Previously built successfully.
       Target "_AddOutputPathToGlobalPropertiesToRemove" skipped. Previously built successfully.
   2:7>Target "_GetCopyToOutputDirectoryItemsFromTransitiveProjectReferences" in file "C:\Program Files\dotnet\sdk\10.0.101\Microsoft.Common.CurrentVersion.targets" from project "C:\Users\giris\Documents\Code\Redesign-POS\Windows Based POS\Magidesk\Magidesk.Application\Magidesk.Application.csproj" (target "GetCopyToOutputDirectoryItems" depends on it):
       Task "MSBuild"
         Removing Properties for project "..\Magidesk.Domain\Magidesk.Domain.csproj":
           TargetFramework
           RuntimeIdentifier
           SelfContained
   2:7>Project "C:\Users\giris\Documents\Code\Redesign-POS\Windows Based POS\Magidesk\Magidesk.Application\Magidesk.Application.csproj" (2:7) is building "C:\Users\giris\Documents\Code\Redesign-POS\Windows Based POS\Magidesk\Magidesk.Domain\Magidesk.Domain.csproj" (3:13) on node 3 (GetCopyToOutputDirectoryItems target(s)).
  3:13>Target "GetCopyToOutputDirectoryItems" skipped. Previously built successfully.
  3:13>Done Building Project "C:\Users\giris\Documents\Code\Redesign-POS\Windows Based POS\Magidesk\Magidesk.Domain\Magidesk.Domain.csproj" (GetCopyToOutputDirectoryItems target(s)).
   2:7>Done executing task "MSBuild".
       Task "AssignTargetPath"
       Done executing task "AssignTargetPath".
   2:7>Done building target "_GetCopyToOutputDirectoryItemsFromTransitiveProjectReferences" in project "Magidesk.Application.csproj".
       Done executing task "CallTarget".
       Task "CallTarget"
       Target "AssignTargetPaths" skipped. Previously built successfully.
       Target "_PopulateCommonStateForGetCopyToOutputDirectoryItems" skipped. Previously built successfully.
   2:7>Target "_GetCopyToOutputDirectoryItemsFromThisProject" in file "C:\Program Files\dotnet\sdk\10.0.101\Microsoft.Common.CurrentVersion.targets" from project "C:\Users\giris\Documents\Code\Redesign-POS\Windows Based POS\Magidesk\Magidesk.Application\Magidesk.Application.csproj" (target "GetCopyToOutputDirectoryItems" depends on it):
       Task "AssignTargetPath"
       Done executing task "AssignTargetPath".
   2:7>Done building target "_GetCopyToOutputDirectoryItemsFromThisProject" in project "Magidesk.Application.csproj".
       Done executing task "CallTarget".
   2:7>Done building target "GetCopyToOutputDirectoryItems" in project "Magidesk.Application.csproj".
   2:7>Target "_CopySourceItemsToOutputDirectory" in file "C:\Program Files\dotnet\sdk\10.0.101\Microsoft.Common.CurrentVersion.targets" from project "C:\Users\giris\Documents\Code\Redesign-POS\Windows Based POS\Magidesk\Magidesk.Application\Magidesk.Application.csproj" (target "CopyFilesToOutputDirectory" depends on it):
   2:7>Done building target "_CopySourceItemsToOutputDirectory" in project "Magidesk.Application.csproj".
   2:7>Target "_CheckForCompileOutputs" in file "C:\Program Files\dotnet\sdk\10.0.101\Microsoft.Common.CurrentVersion.targets" from project "C:\Users\giris\Documents\Code\Redesign-POS\Windows Based POS\Magidesk\Magidesk.Application\Magidesk.Application.csproj" (target "CopyFilesToOutputDirectory" depends on it):
   2:7>Done building target "_CheckForCompileOutputs" in project "Magidesk.Application.csproj".
       Target "_DefaultMicrosoftNETPlatformLibrary" skipped. Previously built successfully.
       Target "_HandlePackageFileConflicts" skipped. Previously built successfully.
       Target "ResolveAssemblyReferences" skipped. Previously built successfully.
   2:7>Target "_ComputeReferenceAssemblies" in file "C:\Program Files\dotnet\sdk\10.0.101\Sdks\Microsoft.NET.Sdk\targets\Microsoft.NET.Sdk.targets" from project "C:\Users\giris\Documents\Code\Redesign-POS\Windows Based POS\Magidesk\Magidesk.Application\Magidesk.Application.csproj" (target "GenerateBuildDependencyFile" depends on it):
   2:7>Done building target "_ComputeReferenceAssemblies" in project "Magidesk.Application.csproj".
   2:7>Target "_ComputeUserRuntimeAssemblies" in file "C:\Program Files\dotnet\sdk\10.0.101\Sdks\Microsoft.NET.Sdk\targets\Microsoft.NET.Sdk.targets" from project "C:\Users\giris\Documents\Code\Redesign-POS\Windows Based POS\Magidesk\Magidesk.Application\Magidesk.Application.csproj" (target "GenerateBuildDependencyFile" depends on it):
   2:7>Done building target "_ComputeUserRuntimeAssemblies" in project "Magidesk.Application.csproj".
       Target "_ComputePackageReferencePublish" skipped. Previously built successfully.
   2:7>Target "GenerateBuildDependencyFile" in file "C:\Program Files\dotnet\sdk\10.0.101\Sdks\Microsoft.NET.Sdk\targets\Microsoft.NET.Sdk.targets" from project "C:\Users\giris\Documents\Code\Redesign-POS\Windows Based POS\Magidesk\Magidesk.Application\Magidesk.Application.csproj" (target "CopyFilesToOutputDirectory" depends on it):
       Skipping target "GenerateBuildDependencyFile" because all output files are up-to-date with respect to the input files.
       Input files: 
           C:\Users\giris\Documents\Code\Redesign-POS\Windows Based POS\Magidesk\Magidesk.Application\obj\project.assets.json
           C:\Users\giris\Documents\Code\Redesign-POS\Windows Based POS\Magidesk\Magidesk.Application\obj\Debug\net8.0\Magidesk.Application.assets.cache
           C:\Users\giris\Documents\Code\Redesign-POS\Windows Based POS\Magidesk\Magidesk.Application\Magidesk.Application.csproj
           C:\Program Files\dotnet\sdk\10.0.101\Current\Microsoft.Common.targets\ImportAfter\Microsoft.TestPlatform.ImportAfter.targets
       Output files: C:\Users\giris\Documents\Code\Redesign-POS\Windows Based POS\Magidesk\Magidesk.Application\bin\Debug\net8.0\Magidesk.Application.deps.json
   2:7>Done building target "GenerateBuildDependencyFile" in project "Magidesk.Application.csproj".
   2:7>Target "CopyFilesToOutputDirectory" in file "C:\Program Files\dotnet\sdk\10.0.101\Microsoft.Common.CurrentVersion.targets" from project "C:\Users\giris\Documents\Code\Redesign-POS\Windows Based POS\Magidesk\Magidesk.Application\Magidesk.Application.csproj" (target "PrepareForRun" depends on it):
       Task "Copy"
         Did not copy from file "obj\Debug\net8.0\Magidesk.Application.dll" to file "bin\Debug\net8.0\Magidesk.Application.dll" because the "SkipUnchangedFiles" parameter was set to "true" in the project and the files' sizes and timestamps match.
       Done executing task "Copy".
       Using "CopyRefAssembly" task from assembly "C:\Program Files\dotnet\sdk\10.0.101\Sdks\Microsoft.NET.Sdk\targets\..\..\..\Roslyn\Microsoft.Build.Tasks.CodeAnalysis.dll".
       Task "CopyRefAssembly"
         Reference assembly "C:\Users\giris\Documents\Code\Redesign-POS\Windows Based POS\Magidesk\Magidesk.Application\obj\Debug\net8.0\ref\Magidesk.Application.dll" already has latest information. Leaving it untouched.
       Done executing task "CopyRefAssembly".
       Task "Message"
         Magidesk.Application -> C:\Users\giris\Documents\Code\Redesign-POS\Windows Based POS\Magidesk\Magidesk.Application\bin\Debug\net8.0\Magidesk.Application.dll
       Done executing task "Message".
       Task "Copy"
         Did not copy from file "obj\Debug\net8.0\Magidesk.Application.pdb" to file "bin\Debug\net8.0\Magidesk.Application.pdb" because the "SkipUnchangedFiles" parameter was set to "true" in the project and the files' sizes and timestamps match.
       Done executing task "Copy".
   2:7>Done building target "CopyFilesToOutputDirectory" in project "Magidesk.Application.csproj".
   2:7>Target "PrepareForRun" in file "C:\Program Files\dotnet\sdk\10.0.101\Microsoft.Common.CurrentVersion.targets" from project "C:\Users\giris\Documents\Code\Redesign-POS\Windows Based POS\Magidesk\Magidesk.Application\Magidesk.Application.csproj" (target "CoreBuild" depends on it):
   2:7>Done building target "PrepareForRun" in project "Magidesk.Application.csproj".
       Target "_CheckForCompileOutputs" skipped. Previously built successfully.
   2:7>Target "_CleanGetCurrentAndPriorFileWrites" in file "C:\Program Files\dotnet\sdk\10.0.101\Microsoft.Common.CurrentVersion.targets" from project "C:\Users\giris\Documents\Code\Redesign-POS\Windows Based POS\Magidesk\Magidesk.Application\Magidesk.Application.csproj" (target "IncrementalClean" depends on it):
       Using "ReadLinesFromFile" task from assembly "Microsoft.Build.Tasks.Core, Version=15.1.0.0, Culture=neutral, PublicKeyToken=b03f5f7f11d50a3a".
       Task "ReadLinesFromFile"
       Done executing task "ReadLinesFromFile".
       Task "ConvertToAbsolutePath"
       Done executing task "ConvertToAbsolutePath".
       Using "FindUnderPath" task from assembly "Microsoft.Build.Tasks.Core, Version=15.1.0.0, Culture=neutral, PublicKeyToken=b03f5f7f11d50a3a".
       Task "FindUnderPath"
         Comparison path is "C:\Users\giris\Documents\Code\Redesign-POS\Windows Based POS\Magidesk\Magidesk.Application".
       Done executing task "FindUnderPath".
       Task "FindUnderPath"
         Comparison path is "bin\Debug\net8.0\".
       Done executing task "FindUnderPath".
       Task "FindUnderPath"
         Comparison path is "obj\Debug\net8.0\".
       Done executing task "FindUnderPath".
       Task "RemoveDuplicates"
       Done executing task "RemoveDuplicates".
   2:7>Done building target "_CleanGetCurrentAndPriorFileWrites" in project "Magidesk.Application.csproj".
   2:7>Target "IncrementalClean" in file "C:\Program Files\dotnet\sdk\10.0.101\Microsoft.Common.CurrentVersion.targets" from project "C:\Users\giris\Documents\Code\Redesign-POS\Windows Based POS\Magidesk\Magidesk.Application\Magidesk.Application.csproj" (target "CoreBuild" depends on it):
       Task "FindUnderPath"
         Comparison path is "bin\Debug\net8.0\".
       Done executing task "FindUnderPath".
       Task "FindUnderPath"
         Comparison path is "obj\Debug\net8.0\".
       Done executing task "FindUnderPath".
       Using "Delete" task from assembly "Microsoft.Build.Tasks.Core, Version=15.1.0.0, Culture=neutral, PublicKeyToken=b03f5f7f11d50a3a".
       Task "Delete"
       Done executing task "Delete".
       Task "RemoveDuplicates"
       Done executing task "RemoveDuplicates".
   2:7>Done building target "IncrementalClean" in project "Magidesk.Application.csproj".
       Target "GenerateBuildDependencyFile" skipped. Previously built successfully.
   2:7>Target "CoreBuild" in file "C:\Program Files\dotnet\sdk\10.0.101\Microsoft.Common.CurrentVersion.targets" from project "C:\Users\giris\Documents\Code\Redesign-POS\Windows Based POS\Magidesk\Magidesk.Application\Magidesk.Application.csproj" (target "Build" depends on it):
   2:7>Done building target "CoreBuild" in project "Magidesk.Application.csproj".
   2:7>Target "AfterBuild" in file "C:\Program Files\dotnet\sdk\10.0.101\Microsoft.Common.CurrentVersion.targets" from project "C:\Users\giris\Documents\Code\Redesign-POS\Windows Based POS\Magidesk\Magidesk.Application\Magidesk.Application.csproj" (target "Build" depends on it):
   2:7>Done building target "AfterBuild" in project "Magidesk.Application.csproj".
       Target "_CheckForInvalidConfigurationAndPlatform" skipped. Previously built successfully.
       Target "_CheckForInvalidConfigurationAndPlatform" skipped. Previously built successfully.
   2:7>Target "Build" in file "C:\Program Files\dotnet\sdk\10.0.101\Microsoft.Common.CurrentVersion.targets" from project "C:\Users\giris\Documents\Code\Redesign-POS\Windows Based POS\Magidesk\Magidesk.Application\Magidesk.Application.csproj" (entry point):
   2:7>Done building target "Build" in project "Magidesk.Application.csproj".
   2:7>Target "_CheckContainersPackage" in file "C:\Program Files\dotnet\sdk\10.0.101\Containers\build\Microsoft.NET.Build.Containers.targets" from project "C:\Users\giris\Documents\Code\Redesign-POS\Windows Based POS\Magidesk\Magidesk.Application\Magidesk.Application.csproj" (entry point):
   2:7>Done building target "_CheckContainersPackage" in project "Magidesk.Application.csproj".
   2:7>Done Building Project "C:\Users\giris\Documents\Code\Redesign-POS\Windows Based POS\Magidesk\Magidesk.Application\Magidesk.Application.csproj" (default targets).
   4:6>Project "C:\Users\giris\Documents\Code\Redesign-POS\Windows Based POS\Magidesk\Magidesk.Infrastructure\Magidesk.Infrastructure.csproj" (4:6) is building "C:\Users\giris\Documents\Code\Redesign-POS\Windows Based POS\Magidesk\Magidesk.Application\Magidesk.Application.csproj" (2:9) on node 2 (default targets).
   2:9>Target "Build" skipped. Previously built successfully.
   2:9>Done Building Project "C:\Users\giris\Documents\Code\Redesign-POS\Windows Based POS\Magidesk\Magidesk.Application\Magidesk.Application.csproj" (default targets).
   4:6>Done executing task "MSBuild".
       Task "MSBuild"
         Removing Properties for project "..\Magidesk.Application\Magidesk.Application.csproj":
           TargetFramework
           RuntimeIdentifier
           SelfContained
         Removing Properties for project "..\Magidesk.Domain\Magidesk.Domain.csproj":
           TargetFramework
           RuntimeIdentifier
           SelfContained
   4:6>Project "C:\Users\giris\Documents\Code\Redesign-POS\Windows Based POS\Magidesk\Magidesk.Infrastructure\Magidesk.Infrastructure.csproj" (4:6) is building "C:\Users\giris\Documents\Code\Redesign-POS\Windows Based POS\Magidesk\Magidesk.Domain\Magidesk.Domain.csproj" (3:14) on node 1 (GetNativeManifest target(s)).
  3:14>Target "GetNativeManifest" skipped. Previously built successfully.
  3:14>Done Building Project "C:\Users\giris\Documents\Code\Redesign-POS\Windows Based POS\Magidesk\Magidesk.Domain\Magidesk.Domain.csproj" (GetNativeManifest target(s)).
   4:6>Project "C:\Users\giris\Documents\Code\Redesign-POS\Windows Based POS\Magidesk\Magidesk.Infrastructure\Magidesk.Infrastructure.csproj" (4:6) is building "C:\Users\giris\Documents\Code\Redesign-POS\Windows Based POS\Magidesk\Magidesk.Application\Magidesk.Application.csproj" (2:10) on node 2 (GetNativeManifest target(s)).
  2:10>Target "GetNativeManifest" in file "C:\Program Files\dotnet\sdk\10.0.101\Microsoft.Common.CurrentVersion.targets" from project "C:\Users\giris\Documents\Code\Redesign-POS\Windows Based POS\Magidesk\Magidesk.Application\Magidesk.Application.csproj" (entry point):
  2:10>Done building target "GetNativeManifest" in project "Magidesk.Application.csproj".
  2:10>Done Building Project "C:\Users\giris\Documents\Code\Redesign-POS\Windows Based POS\Magidesk\Magidesk.Application\Magidesk.Application.csproj" (GetNativeManifest target(s)).
   4:6>Done executing task "MSBuild".
   4:6>Done building target "ResolveProjectReferences" in project "Magidesk.Infrastructure.csproj".
       Target "ResolveProjectReferences" skipped. Previously built successfully.
       Target "GetFrameworkPaths" skipped. Previously built successfully.
       Target "GetReferenceAssemblyPaths" skipped. Previously built successfully.
       Target "PrepareForBuild" skipped. Previously built successfully.
   4:6>Target "ResolveSDKReferences" in file "C:\Program Files\dotnet\sdk\10.0.101\Microsoft.Common.CurrentVersion.targets" from project "C:\Users\giris\Documents\Code\Redesign-POS\Windows Based POS\Magidesk\Magidesk.Infrastructure\Magidesk.Infrastructure.csproj" (target "ResolveAssemblyReferences" depends on it):
   4:6>Done building target "ResolveSDKReferences" in project "Magidesk.Infrastructure.csproj".
       Target "ResolveSDKReferences" skipped. Previously built successfully.
   4:6>Target "ExpandSDKReferences" in file "C:\Program Files\dotnet\sdk\10.0.101\Microsoft.Common.CurrentVersion.targets" from project "C:\Users\giris\Documents\Code\Redesign-POS\Windows Based POS\Magidesk\Magidesk.Infrastructure\Magidesk.Infrastructure.csproj" (target "ResolveAssemblyReferences" depends on it):
   4:6>Done building target "ExpandSDKReferences" in project "Magidesk.Infrastructure.csproj".
       Target "ResolvePackageDependenciesForBuild" skipped. Previously built successfully.
       Target "GetFrameworkPaths" skipped. Previously built successfully.
       Target "GetReferenceAssemblyPaths" skipped. Previously built successfully.
       Target "ProcessFrameworkReferences" skipped. Previously built successfully.
       Target "ResolvePackageAssets" skipped. Previously built successfully.
   4:6>Target "ResolveFrameworkReferences" in file "C:\Program Files\dotnet\sdk\10.0.101\Sdks\Microsoft.NET.Sdk\targets\Microsoft.NET.Sdk.FrameworkReferenceResolution.targets" from project "C:\Users\giris\Documents\Code\Redesign-POS\Windows Based POS\Magidesk\Magidesk.Infrastructure\Magidesk.Infrastructure.csproj" (target "ResolveTargetingPackAssets" depends on it):
       Using "GetPackageDirectory" task from assembly "C:\Program Files\dotnet\sdk\10.0.101\Sdks\Microsoft.NET.Sdk\targets\..\tools\net10.0\Microsoft.NET.Build.Tasks.dll".
       Task "GetPackageDirectory"
       Done executing task "GetPackageDirectory".
       Task "GetPackageDirectory"
       Done executing task "GetPackageDirectory".
       Task "GetPackageDirectory"
       Done executing task "GetPackageDirectory".
       Task "GetPackageDirectory"
       Done executing task "GetPackageDirectory".
       Task "GetPackageDirectory"
       Done executing task "GetPackageDirectory".
       Task "GetPackageDirectory"
       Done executing task "GetPackageDirectory".
       Task "GetPackageDirectory"
       Done executing task "GetPackageDirectory".
       Task "GetPackageDirectory"
       Done executing task "GetPackageDirectory".
       Task "GetPackageDirectory"
       Done executing task "GetPackageDirectory".
       Task "GetPackageDirectory"
       Done executing task "GetPackageDirectory".
       Using "ResolveFrameworkReferences" task from assembly "C:\Program Files\dotnet\sdk\10.0.101\Sdks\Microsoft.NET.Sdk\targets\..\tools\net10.0\Microsoft.NET.Build.Tasks.dll".
       Task "ResolveFrameworkReferences"
       Done executing task "ResolveFrameworkReferences".
   4:6>Done building target "ResolveFrameworkReferences" in project "Magidesk.Infrastructure.csproj".
   4:6>Target "ResolveTargetingPackAssets" in file "C:\Program Files\dotnet\sdk\10.0.101\Sdks\Microsoft.NET.Sdk\targets\Microsoft.NET.Sdk.FrameworkReferenceResolution.targets" from project "C:\Users\giris\Documents\Code\Redesign-POS\Windows Based POS\Magidesk\Magidesk.Infrastructure\Magidesk.Infrastructure.csproj" (target "_HandlePackageFileConflicts" depends on it):
       Using "ResolveTargetingPackAssets" task from assembly "C:\Program Files\dotnet\sdk\10.0.101\Sdks\Microsoft.NET.Sdk\targets\..\tools\net10.0\Microsoft.NET.Build.Tasks.dll".
       Task "ResolveTargetingPackAssets"
       Done executing task "ResolveTargetingPackAssets".
   4:6>Done building target "ResolveTargetingPackAssets" in project "Magidesk.Infrastructure.csproj".
   4:6>Target "ResolveOffByDefaultAnalyzers" in file "C:\Program Files\dotnet\sdk\10.0.101\Sdks\Microsoft.NET.Sdk\targets\Microsoft.NET.Sdk.FrameworkReferenceResolution.targets" from project "C:\Users\giris\Documents\Code\Redesign-POS\Windows Based POS\Magidesk\Magidesk.Infrastructure\Magidesk.Infrastructure.csproj" (target "_HandlePackageFileConflicts" depends on it):
   4:6>Done building target "ResolveOffByDefaultAnalyzers" in project "Magidesk.Infrastructure.csproj".
   4:6>Target "_HandlePackageFileConflicts" in file "C:\Program Files\dotnet\sdk\10.0.101\Sdks\Microsoft.NET.Sdk\targets\Microsoft.NET.ConflictResolution.targets" from project "C:\Users\giris\Documents\Code\Redesign-POS\Windows Based POS\Magidesk\Magidesk.Infrastructure\Magidesk.Infrastructure.csproj" (target "ResolveAssemblyReferences" depends on it):
       Using "ResolvePackageFileConflicts" task from assembly "C:\Program Files\dotnet\sdk\10.0.101\Sdks\Microsoft.NET.Sdk\targets\..\tools\net10.0\Microsoft.NET.Build.Tasks.dll".
       Task "ResolvePackageFileConflicts"
         Encountered conflict between 'Analyzer:C:\Users\giris\.nuget\packages\system.text.json\8.0.0\analyzers\dotnet\roslyn4.4\cs\System.Text.Json.SourceGeneration.dll' and 'Analyzer:C:\Program Files\dotnet\packs\Microsoft.NETCore.App.Ref\8.0.22\analyzers/dotnet/cs/System.Text.Json.SourceGeneration.dll'. Choosing 'Analyzer:C:\Program Files\dotnet\packs\Microsoft.NETCore.App.Ref\8.0.22\analyzers/dotnet/cs/System.Text.Json.SourceGeneration.dll' because AssemblyVersion '8.0.13.2707' is greater than '8.0.9.3103'.
         Encountered conflict between 'Platform:System.Collections.Immutable.dll' and 'Runtime:C:\Users\giris\.nuget\packages\system.collections.immutable\6.0.0\lib\net6.0\System.Collections.Immutable.dll'. Choosing 'Platform:System.Collections.Immutable.dll' because AssemblyVersion '8.0.0.0' is greater than '6.0.0.0'.
         Encountered conflict between 'Platform:System.Reflection.Metadata.dll' and 'Runtime:C:\Users\giris\.nuget\packages\system.reflection.metadata\6.0.1\lib\net6.0\System.Reflection.Metadata.dll'. Choosing 'Platform:System.Reflection.Metadata.dll' because AssemblyVersion '8.0.0.0' is greater than '6.0.0.0'.
         Encountered conflict between 'Platform:System.Runtime.CompilerServices.Unsafe.dll' and 'Runtime:C:\Users\giris\.nuget\packages\system.runtime.compilerservices.unsafe\6.0.0\lib\net6.0\System.Runtime.CompilerServices.Unsafe.dll'. Choosing 'Platform:System.Runtime.CompilerServices.Unsafe.dll' because AssemblyVersion '8.0.0.0' is greater than '6.0.0.0'.
         Encountered conflict between 'Platform:System.Text.Encoding.CodePages.dll' and 'Runtime:C:\Users\giris\.nuget\packages\system.text.encoding.codepages\6.0.0\lib\net6.0\System.Text.Encoding.CodePages.dll'. Choosing 'Platform:System.Text.Encoding.CodePages.dll' because AssemblyVersion '8.0.0.0' is greater than '6.0.0.0'.
         Encountered conflict between 'Platform:System.Text.Encodings.Web.dll' and 'Runtime:C:\Users\giris\.nuget\packages\system.text.encodings.web\8.0.0\lib\net8.0\System.Text.Encodings.Web.dll'. Choosing 'Platform:System.Text.Encodings.Web.dll' because file version '8.0.2225.52707' is greater than '8.0.23.53103'.
         Encountered conflict between 'Platform:System.Text.Json.dll' and 'Runtime:C:\Users\giris\.nuget\packages\system.text.json\8.0.0\lib\net8.0\System.Text.Json.dll'. Choosing 'Platform:System.Text.Json.dll' because file version '8.0.2225.52707' is greater than '8.0.23.53103'.
         Encountered conflict between 'Platform:System.Threading.Channels.dll' and 'Runtime:C:\Users\giris\.nuget\packages\system.threading.channels\6.0.0\lib\net6.0\System.Threading.Channels.dll'. Choosing 'Platform:System.Threading.Channels.dll' because AssemblyVersion '8.0.0.0' is greater than '6.0.0.0'.
         Encountered conflict between 'Platform:System.Text.Encoding.CodePages.dll' and 'Runtime:C:\Users\giris\.nuget\packages\system.text.encoding.codepages\6.0.0\runtimes\win\lib\net6.0\System.Text.Encoding.CodePages.dll'. Choosing 'Platform:System.Text.Encoding.CodePages.dll' because AssemblyVersion '8.0.0.0' is greater than '6.0.0.0'.
         Encountered conflict between 'Platform:System.Text.Encodings.Web.dll' and 'Runtime:C:\Users\giris\.nuget\packages\system.text.encodings.web\8.0.0\runtimes\browser\lib\net8.0\System.Text.Encodings.Web.dll'. Choosing 'Platform:System.Text.Encodings.Web.dll' because file version '8.0.2225.52707' is greater than '8.0.23.53103'.
         Encountered conflict between 'Platform:mscorlib.dll' and 'Platform:mscorlib.dll'. Could not determine winner due to equal file and assembly versions.
         Encountered conflict between 'Platform:Microsoft.VisualBasic.dll' and 'Platform:Microsoft.VisualBasic.dll'. Could not determine winner due to equal file and assembly versions.
         Encountered conflict between 'Platform:System.dll' and 'Platform:System.dll'. Could not determine winner due to equal file and assembly versions.
         Encountered conflict between 'Platform:System.ComponentModel.DataAnnotations.dll' and 'Platform:System.ComponentModel.DataAnnotations.dll'. Could not determine winner due to equal file and assembly versions.
         Encountered conflict between 'Platform:System.Configuration.dll' and 'Platform:System.Configuration.dll'. Could not determine winner due to equal file and assembly versions.
         Encountered conflict between 'Platform:System.Core.dll' and 'Platform:System.Core.dll'. Could not determine winner due to equal file and assembly versions.
         Encountered conflict between 'Platform:System.Data.dll' and 'Platform:System.Data.dll'. Could not determine winner due to equal file and assembly versions.
         Encountered conflict between 'Platform:System.Drawing.dll' and 'Platform:System.Drawing.dll'. Could not determine winner due to equal file and assembly versions.
         Encountered conflict between 'Platform:System.IO.Compression.FileSystem.dll' and 'Platform:System.IO.Compression.FileSystem.dll'. Could not determine winner due to equal file and assembly versions.
         Encountered conflict between 'Platform:System.Net.dll' and 'Platform:System.Net.dll'. Could not determine winner due to equal file and assembly versions.
         Encountered conflict between 'Platform:System.Numerics.dll' and 'Platform:System.Numerics.dll'. Could not determine winner due to equal file and assembly versions.
         Encountered conflict between 'Platform:System.Runtime.Serialization.dll' and 'Platform:System.Runtime.Serialization.dll'. Could not determine winner due to equal file and assembly versions.
         Encountered conflict between 'Platform:System.Security.dll' and 'Platform:System.Security.dll'. Could not determine winner due to equal file and assembly versions.
         Encountered conflict between 'Platform:System.ServiceProcess.dll' and 'Platform:System.ServiceProcess.dll'. Could not determine winner due to equal file and assembly versions.
         Encountered conflict between 'Platform:System.ServiceModel.Web.dll' and 'Platform:System.ServiceModel.Web.dll'. Could not determine winner due to equal file and assembly versions.
         Encountered conflict between 'Platform:System.Transactions.dll' and 'Platform:System.Transactions.dll'. Could not determine winner due to equal file and assembly versions.
         Encountered conflict between 'Platform:System.Web.dll' and 'Platform:System.Web.dll'. Could not determine winner due to equal file and assembly versions.
         Encountered conflict between 'Platform:System.Windows.dll' and 'Platform:System.Windows.dll'. Could not determine winner due to equal file and assembly versions.
         Encountered conflict between 'Platform:System.Xml.dll' and 'Platform:System.Xml.dll'. Could not determine winner due to equal file and assembly versions.
         Encountered conflict between 'Platform:System.Xml.Serialization.dll' and 'Platform:System.Xml.Serialization.dll'. Could not determine winner due to equal file and assembly versions.
         Encountered conflict between 'Platform:System.Xml.Linq.dll' and 'Platform:System.Xml.Linq.dll'. Could not determine winner due to equal file and assembly versions.
         Encountered conflict between 'Platform:WindowsBase.dll' and 'Platform:WindowsBase.dll'. Could not determine winner due to equal file and assembly versions.
         Encountered conflict between 'Platform:netstandard.dll' and 'Platform:netstandard.dll'. Could not determine winner due to equal file and assembly versions.
         Encountered conflict between 'Platform:System.Private.CoreLib.dll' and 'Platform:System.Private.CoreLib.dll'. Could not determine winner due to equal file and assembly versions.
         Encountered conflict between 'Platform:System.Private.DataContractSerialization.dll' and 'Platform:System.Private.DataContractSerialization.dll'. Could not determine winner due to equal file and assembly versions.
         Encountered conflict between 'Platform:System.Private.Uri.dll' and 'Platform:System.Private.Uri.dll'. Could not determine winner due to equal file and assembly versions.
         Encountered conflict between 'Platform:System.Private.Xml.dll' and 'Platform:System.Private.Xml.dll'. Could not determine winner due to equal file and assembly versions.
         Encountered conflict between 'Platform:System.Private.Xml.Linq.dll' and 'Platform:System.Private.Xml.Linq.dll'. Could not determine winner due to equal file and assembly versions.
         Encountered conflict between 'Platform:mscordaccore_amd64_amd64_8.0.2225.52707.dll' and 'Platform:mscordaccore_amd64_amd64_8.0.2225.52707.dll'. Could not determine winner due to equal file and assembly versions.
       Done executing task "ResolvePackageFileConflicts".
   4:6>Done building target "_HandlePackageFileConflicts" in project "Magidesk.Infrastructure.csproj".
       Target "ResolveTargetingPackAssets" skipped. Previously built successfully.
   4:6>Target "ResolveAssemblyReferences" in file "C:\Program Files\dotnet\sdk\10.0.101\Microsoft.Common.CurrentVersion.targets" from project "C:\Users\giris\Documents\Code\Redesign-POS\Windows Based POS\Magidesk\Magidesk.Infrastructure\Magidesk.Infrastructure.csproj" (target "ResolveReferences" depends on it):
       Using "ResolveAssemblyReference" task from assembly "Microsoft.Build.Tasks.Core, Version=15.1.0.0, Culture=neutral, PublicKeyToken=b03f5f7f11d50a3a".
       Task "ResolveAssemblyReference"
         TargetFrameworkMoniker:
             .NETCoreApp,Version=v8.0
         TargetFrameworkMonikerDisplayName:
             .NET 8.0
         TargetedRuntimeVersion:
             
         Assemblies:
             C:\Users\giris\.nuget\packages\mediatr\12.2.0\lib\net6.0\MediatR.dll
                 Private = 'false'
                 HintPath = 'C:\Users\giris\.nuget\packages\mediatr\12.2.0\lib\net6.0\MediatR.dll'
             C:\Users\giris\.nuget\packages\mediatr.contracts\2.0.1\lib\netstandard2.0\MediatR.Contracts.dll
                 Private = 'false'
                 HintPath = 'C:\Users\giris\.nuget\packages\mediatr.contracts\2.0.1\lib\netstandard2.0\MediatR.Contracts.dll'
             C:\Users\giris\.nuget\packages\microsoft.entityframeworkcore\8.0.0\lib\net8.0\Microsoft.EntityFrameworkCore.dll
                 Private = 'false'
                 HintPath = 'C:\Users\giris\.nuget\packages\microsoft.entityframeworkcore\8.0.0\lib\net8.0\Microsoft.EntityFrameworkCore.dll'
             C:\Users\giris\.nuget\packages\microsoft.entityframeworkcore.abstractions\8.0.0\lib\net8.0\Microsoft.EntityFrameworkCore.Abstractions.dll
                 Private = 'false'
                 HintPath = 'C:\Users\giris\.nuget\packages\microsoft.entityframeworkcore.abstractions\8.0.0\lib\net8.0\Microsoft.EntityFrameworkCore.Abstractions.dll'
             C:\Users\giris\.nuget\packages\microsoft.entityframeworkcore.relational\8.0.0\lib\net8.0\Microsoft.EntityFrameworkCore.Relational.dll
                 Private = 'false'
                 HintPath = 'C:\Users\giris\.nuget\packages\microsoft.entityframeworkcore.relational\8.0.0\lib\net8.0\Microsoft.EntityFrameworkCore.Relational.dll'
             C:\Users\giris\.nuget\packages\microsoft.extensions.caching.abstractions\8.0.0\lib\net8.0\Microsoft.Extensions.Caching.Abstractions.dll
                 Private = 'false'
                 HintPath = 'C:\Users\giris\.nuget\packages\microsoft.extensions.caching.abstractions\8.0.0\lib\net8.0\Microsoft.Extensions.Caching.Abstractions.dll'
             C:\Users\giris\.nuget\packages\microsoft.extensions.caching.memory\8.0.0\lib\net8.0\Microsoft.Extensions.Caching.Memory.dll
                 Private = 'false'
                 HintPath = 'C:\Users\giris\.nuget\packages\microsoft.extensions.caching.memory\8.0.0\lib\net8.0\Microsoft.Extensions.Caching.Memory.dll'
             C:\Users\giris\.nuget\packages\microsoft.extensions.configuration.abstractions\8.0.0\lib\net8.0\Microsoft.Extensions.Configuration.Abstractions.dll
                 Private = 'false'
                 HintPath = 'C:\Users\giris\.nuget\packages\microsoft.extensions.configuration.abstractions\8.0.0\lib\net8.0\Microsoft.Extensions.Configuration.Abstractions.dll'
             C:\Users\giris\.nuget\packages\microsoft.extensions.dependencyinjection\8.0.0\lib\net8.0\Microsoft.Extensions.DependencyInjection.dll
                 Private = 'false'
                 HintPath = 'C:\Users\giris\.nuget\packages\microsoft.extensions.dependencyinjection\8.0.0\lib\net8.0\Microsoft.Extensions.DependencyInjection.dll'
             C:\Users\giris\.nuget\packages\microsoft.extensions.dependencyinjection.abstractions\10.0.1\lib\net8.0\Microsoft.Extensions.DependencyInjection.Abstractions.dll
                 Private = 'false'
                 HintPath = 'C:\Users\giris\.nuget\packages\microsoft.extensions.dependencyinjection.abstractions\10.0.1\lib\net8.0\Microsoft.Extensions.DependencyInjection.Abstractions.dll'
             C:\Users\giris\.nuget\packages\microsoft.extensions.logging\8.0.0\lib\net8.0\Microsoft.Extensions.Logging.dll
                 Private = 'false'
                 HintPath = 'C:\Users\giris\.nuget\packages\microsoft.extensions.logging\8.0.0\lib\net8.0\Microsoft.Extensions.Logging.dll'
             C:\Users\giris\.nuget\packages\microsoft.extensions.logging.abstractions\8.0.0\lib\net8.0\Microsoft.Extensions.Logging.Abstractions.dll
                 Private = 'false'
                 HintPath = 'C:\Users\giris\.nuget\packages\microsoft.extensions.logging.abstractions\8.0.0\lib\net8.0\Microsoft.Extensions.Logging.Abstractions.dll'
             C:\Users\giris\.nuget\packages\microsoft.extensions.options\8.0.0\lib\net8.0\Microsoft.Extensions.Options.dll
                 Private = 'false'
                 HintPath = 'C:\Users\giris\.nuget\packages\microsoft.extensions.options\8.0.0\lib\net8.0\Microsoft.Extensions.Options.dll'
             C:\Users\giris\.nuget\packages\microsoft.extensions.primitives\8.0.0\lib\net8.0\Microsoft.Extensions.Primitives.dll
                 Private = 'false'
                 HintPath = 'C:\Users\giris\.nuget\packages\microsoft.extensions.primitives\8.0.0\lib\net8.0\Microsoft.Extensions.Primitives.dll'
             C:\Users\giris\.nuget\packages\microsoft.win32.systemevents\10.0.1\lib\net8.0\Microsoft.Win32.SystemEvents.dll
                 Private = 'false'
                 HintPath = 'C:\Users\giris\.nuget\packages\microsoft.win32.systemevents\10.0.1\lib\net8.0\Microsoft.Win32.SystemEvents.dll'
             C:\Users\giris\.nuget\packages\npgsql\8.0.0\lib\net8.0\Npgsql.dll
                 Private = 'false'
                 HintPath = 'C:\Users\giris\.nuget\packages\npgsql\8.0.0\lib\net8.0\Npgsql.dll'
             C:\Users\giris\.nuget\packages\npgsql.entityframeworkcore.postgresql\8.0.0\lib\net8.0\Npgsql.EntityFrameworkCore.PostgreSQL.dll
                 Private = 'false'
                 HintPath = 'C:\Users\giris\.nuget\packages\npgsql.entityframeworkcore.postgresql\8.0.0\lib\net8.0\Npgsql.EntityFrameworkCore.PostgreSQL.dll'
             C:\Users\giris\.nuget\packages\system.drawing.common\10.0.1\lib\net8.0\System.Drawing.Common.dll
                 Private = 'false'
                 HintPath = 'C:\Users\giris\.nuget\packages\system.drawing.common\10.0.1\lib\net8.0\System.Drawing.Common.dll'
             C:\Users\giris\.nuget\packages\system.drawing.common\10.0.1\lib\net8.0\System.Private.Windows.Core.dll
                 Private = 'false'
                 HintPath = 'C:\Users\giris\.nuget\packages\system.drawing.common\10.0.1\lib\net8.0\System.Private.Windows.Core.dll'
             C:\Users\giris\.nuget\packages\system.drawing.common\10.0.1\lib\net8.0\System.Private.Windows.GdiPlus.dll
                 Private = 'false'
                 HintPath = 'C:\Users\giris\.nuget\packages\system.drawing.common\10.0.1\lib\net8.0\System.Private.Windows.GdiPlus.dll'
             C:\Program Files\dotnet\packs\Microsoft.NETCore.App.Ref\8.0.22\ref/net8.0/Microsoft.CSharp.dll
                 Private = 'false'
             C:\Program Files\dotnet\packs\Microsoft.NETCore.App.Ref\8.0.22\ref/net8.0/Microsoft.VisualBasic.Core.dll
                 Private = 'false'
             C:\Program Files\dotnet\packs\Microsoft.NETCore.App.Ref\8.0.22\ref/net8.0/Microsoft.VisualBasic.dll
                 Private = 'false'
             C:\Program Files\dotnet\packs\Microsoft.NETCore.App.Ref\8.0.22\ref/net8.0/Microsoft.Win32.Primitives.dll
                 Private = 'false'
             C:\Program Files\dotnet\packs\Microsoft.NETCore.App.Ref\8.0.22\ref/net8.0/Microsoft.Win32.Registry.dll
                 Private = 'false'
             C:\Program Files\dotnet\packs\Microsoft.NETCore.App.Ref\8.0.22\ref/net8.0/System.AppContext.dll
                 Private = 'false'
             C:\Program Files\dotnet\packs\Microsoft.NETCore.App.Ref\8.0.22\ref/net8.0/System.Buffers.dll
                 Private = 'false'
             C:\Program Files\dotnet\packs\Microsoft.NETCore.App.Ref\8.0.22\ref/net8.0/System.Collections.Concurrent.dll
                 Private = 'false'
             C:\Program Files\dotnet\packs\Microsoft.NETCore.App.Ref\8.0.22\ref/net8.0/System.Collections.Immutable.dll
                 Private = 'false'
             C:\Program Files\dotnet\packs\Microsoft.NETCore.App.Ref\8.0.22\ref/net8.0/System.Collections.NonGeneric.dll
                 Private = 'false'
             C:\Program Files\dotnet\packs\Microsoft.NETCore.App.Ref\8.0.22\ref/net8.0/System.Collections.Specialized.dll
                 Private = 'false'
             C:\Program Files\dotnet\packs\Microsoft.NETCore.App.Ref\8.0.22\ref/net8.0/System.Collections.dll
                 Private = 'false'
             C:\Program Files\dotnet\packs\Microsoft.NETCore.App.Ref\8.0.22\ref/net8.0/System.ComponentModel.Annotations.dll
                 Private = 'false'
             C:\Program Files\dotnet\packs\Microsoft.NETCore.App.Ref\8.0.22\ref/net8.0/System.ComponentModel.DataAnnotations.dll
                 Private = 'false'
             C:\Program Files\dotnet\packs\Microsoft.NETCore.App.Ref\8.0.22\ref/net8.0/System.ComponentModel.EventBasedAsync.dll
                 Private = 'false'
             C:\Program Files\dotnet\packs\Microsoft.NETCore.App.Ref\8.0.22\ref/net8.0/System.ComponentModel.Primitives.dll
                 Private = 'false'
             C:\Program Files\dotnet\packs\Microsoft.NETCore.App.Ref\8.0.22\ref/net8.0/System.ComponentModel.TypeConverter.dll
                 Private = 'false'
             C:\Program Files\dotnet\packs\Microsoft.NETCore.App.Ref\8.0.22\ref/net8.0/System.ComponentModel.dll
                 Private = 'false'
             C:\Program Files\dotnet\packs\Microsoft.NETCore.App.Ref\8.0.22\ref/net8.0/System.Configuration.dll
                 Private = 'false'
             C:\Program Files\dotnet\packs\Microsoft.NETCore.App.Ref\8.0.22\ref/net8.0/System.Console.dll
                 Private = 'false'
             C:\Program Files\dotnet\packs\Microsoft.NETCore.App.Ref\8.0.22\ref/net8.0/System.Core.dll
                 Private = 'false'
             C:\Program Files\dotnet\packs\Microsoft.NETCore.App.Ref\8.0.22\ref/net8.0/System.Data.Common.dll
                 Private = 'false'
             C:\Program Files\dotnet\packs\Microsoft.NETCore.App.Ref\8.0.22\ref/net8.0/System.Data.DataSetExtensions.dll
                 Private = 'false'
             C:\Program Files\dotnet\packs\Microsoft.NETCore.App.Ref\8.0.22\ref/net8.0/System.Data.dll
                 Private = 'false'
             C:\Program Files\dotnet\packs\Microsoft.NETCore.App.Ref\8.0.22\ref/net8.0/System.Diagnostics.Contracts.dll
                 Private = 'false'
             C:\Program Files\dotnet\packs\Microsoft.NETCore.App.Ref\8.0.22\ref/net8.0/System.Diagnostics.Debug.dll
                 Private = 'false'
             C:\Program Files\dotnet\packs\Microsoft.NETCore.App.Ref\8.0.22\ref/net8.0/System.Diagnostics.DiagnosticSource.dll
                 Private = 'false'
             C:\Program Files\dotnet\packs\Microsoft.NETCore.App.Ref\8.0.22\ref/net8.0/System.Diagnostics.FileVersionInfo.dll
                 Private = 'false'
             C:\Program Files\dotnet\packs\Microsoft.NETCore.App.Ref\8.0.22\ref/net8.0/System.Diagnostics.Process.dll
                 Private = 'false'
             C:\Program Files\dotnet\packs\Microsoft.NETCore.App.Ref\8.0.22\ref/net8.0/System.Diagnostics.StackTrace.dll
                 Private = 'false'
             C:\Program Files\dotnet\packs\Microsoft.NETCore.App.Ref\8.0.22\ref/net8.0/System.Diagnostics.TextWriterTraceListener.dll
                 Private = 'false'
             C:\Program Files\dotnet\packs\Microsoft.NETCore.App.Ref\8.0.22\ref/net8.0/System.Diagnostics.Tools.dll
                 Private = 'false'
             C:\Program Files\dotnet\packs\Microsoft.NETCore.App.Ref\8.0.22\ref/net8.0/System.Diagnostics.TraceSource.dll
                 Private = 'false'
             C:\Program Files\dotnet\packs\Microsoft.NETCore.App.Ref\8.0.22\ref/net8.0/System.Diagnostics.Tracing.dll
                 Private = 'false'
             C:\Program Files\dotnet\packs\Microsoft.NETCore.App.Ref\8.0.22\ref/net8.0/System.Drawing.Primitives.dll
                 Private = 'false'
             C:\Program Files\dotnet\packs\Microsoft.NETCore.App.Ref\8.0.22\ref/net8.0/System.Drawing.dll
                 Private = 'false'
             C:\Program Files\dotnet\packs\Microsoft.NETCore.App.Ref\8.0.22\ref/net8.0/System.Dynamic.Runtime.dll
                 Private = 'false'
             C:\Program Files\dotnet\packs\Microsoft.NETCore.App.Ref\8.0.22\ref/net8.0/System.Formats.Asn1.dll
                 Private = 'false'
             C:\Program Files\dotnet\packs\Microsoft.NETCore.App.Ref\8.0.22\ref/net8.0/System.Formats.Tar.dll
                 Private = 'false'
             C:\Program Files\dotnet\packs\Microsoft.NETCore.App.Ref\8.0.22\ref/net8.0/System.Globalization.Calendars.dll
                 Private = 'false'
             C:\Program Files\dotnet\packs\Microsoft.NETCore.App.Ref\8.0.22\ref/net8.0/System.Globalization.Extensions.dll
                 Private = 'false'
             C:\Program Files\dotnet\packs\Microsoft.NETCore.App.Ref\8.0.22\ref/net8.0/System.Globalization.dll
                 Private = 'false'
             C:\Program Files\dotnet\packs\Microsoft.NETCore.App.Ref\8.0.22\ref/net8.0/System.IO.Compression.Brotli.dll
                 Private = 'false'
             C:\Program Files\dotnet\packs\Microsoft.NETCore.App.Ref\8.0.22\ref/net8.0/System.IO.Compression.FileSystem.dll
                 Private = 'false'
             C:\Program Files\dotnet\packs\Microsoft.NETCore.App.Ref\8.0.22\ref/net8.0/System.IO.Compression.ZipFile.dll
                 Private = 'false'
             C:\Program Files\dotnet\packs\Microsoft.NETCore.App.Ref\8.0.22\ref/net8.0/System.IO.Compression.dll
                 Private = 'false'
             C:\Program Files\dotnet\packs\Microsoft.NETCore.App.Ref\8.0.22\ref/net8.0/System.IO.FileSystem.AccessControl.dll
                 Private = 'false'
             C:\Program Files\dotnet\packs\Microsoft.NETCore.App.Ref\8.0.22\ref/net8.0/System.IO.FileSystem.DriveInfo.dll
                 Private = 'false'
             C:\Program Files\dotnet\packs\Microsoft.NETCore.App.Ref\8.0.22\ref/net8.0/System.IO.FileSystem.Primitives.dll
                 Private = 'false'
             C:\Program Files\dotnet\packs\Microsoft.NETCore.App.Ref\8.0.22\ref/net8.0/System.IO.FileSystem.Watcher.dll
                 Private = 'false'
             C:\Program Files\dotnet\packs\Microsoft.NETCore.App.Ref\8.0.22\ref/net8.0/System.IO.FileSystem.dll
                 Private = 'false'
             C:\Program Files\dotnet\packs\Microsoft.NETCore.App.Ref\8.0.22\ref/net8.0/System.IO.IsolatedStorage.dll
                 Private = 'false'
             C:\Program Files\dotnet\packs\Microsoft.NETCore.App.Ref\8.0.22\ref/net8.0/System.IO.MemoryMappedFiles.dll
                 Private = 'false'
             C:\Program Files\dotnet\packs\Microsoft.NETCore.App.Ref\8.0.22\ref/net8.0/System.IO.Pipes.AccessControl.dll
                 Private = 'false'
             C:\Program Files\dotnet\packs\Microsoft.NETCore.App.Ref\8.0.22\ref/net8.0/System.IO.Pipes.dll
                 Private = 'false'
             C:\Program Files\dotnet\packs\Microsoft.NETCore.App.Ref\8.0.22\ref/net8.0/System.IO.UnmanagedMemoryStream.dll
                 Private = 'false'
             C:\Program Files\dotnet\packs\Microsoft.NETCore.App.Ref\8.0.22\ref/net8.0/System.IO.dll
                 Private = 'false'
             C:\Program Files\dotnet\packs\Microsoft.NETCore.App.Ref\8.0.22\ref/net8.0/System.Linq.Expressions.dll
                 Private = 'false'
             C:\Program Files\dotnet\packs\Microsoft.NETCore.App.Ref\8.0.22\ref/net8.0/System.Linq.Parallel.dll
                 Private = 'false'
             C:\Program Files\dotnet\packs\Microsoft.NETCore.App.Ref\8.0.22\ref/net8.0/System.Linq.Queryable.dll
                 Private = 'false'
             C:\Program Files\dotnet\packs\Microsoft.NETCore.App.Ref\8.0.22\ref/net8.0/System.Linq.dll
                 Private = 'false'
             C:\Program Files\dotnet\packs\Microsoft.NETCore.App.Ref\8.0.22\ref/net8.0/System.Memory.dll
                 Private = 'false'
             C:\Program Files\dotnet\packs\Microsoft.NETCore.App.Ref\8.0.22\ref/net8.0/System.Net.Http.Json.dll
                 Private = 'false'
             C:\Program Files\dotnet\packs\Microsoft.NETCore.App.Ref\8.0.22\ref/net8.0/System.Net.Http.dll
                 Private = 'false'
             C:\Program Files\dotnet\packs\Microsoft.NETCore.App.Ref\8.0.22\ref/net8.0/System.Net.HttpListener.dll
                 Private = 'false'
             C:\Program Files\dotnet\packs\Microsoft.NETCore.App.Ref\8.0.22\ref/net8.0/System.Net.Mail.dll
                 Private = 'false'
             C:\Program Files\dotnet\packs\Microsoft.NETCore.App.Ref\8.0.22\ref/net8.0/System.Net.NameResolution.dll
                 Private = 'false'
             C:\Program Files\dotnet\packs\Microsoft.NETCore.App.Ref\8.0.22\ref/net8.0/System.Net.NetworkInformation.dll
                 Private = 'false'
             C:\Program Files\dotnet\packs\Microsoft.NETCore.App.Ref\8.0.22\ref/net8.0/System.Net.Ping.dll
                 Private = 'false'
             C:\Program Files\dotnet\packs\Microsoft.NETCore.App.Ref\8.0.22\ref/net8.0/System.Net.Primitives.dll
                 Private = 'false'
             C:\Program Files\dotnet\packs\Microsoft.NETCore.App.Ref\8.0.22\ref/net8.0/System.Net.Quic.dll
                 Private = 'false'
             C:\Program Files\dotnet\packs\Microsoft.NETCore.App.Ref\8.0.22\ref/net8.0/System.Net.Requests.dll
                 Private = 'false'
             C:\Program Files\dotnet\packs\Microsoft.NETCore.App.Ref\8.0.22\ref/net8.0/System.Net.Security.dll
                 Private = 'false'
             C:\Program Files\dotnet\packs\Microsoft.NETCore.App.Ref\8.0.22\ref/net8.0/System.Net.ServicePoint.dll
                 Private = 'false'
             C:\Program Files\dotnet\packs\Microsoft.NETCore.App.Ref\8.0.22\ref/net8.0/System.Net.Sockets.dll
                 Private = 'false'
             C:\Program Files\dotnet\packs\Microsoft.NETCore.App.Ref\8.0.22\ref/net8.0/System.Net.WebClient.dll
                 Private = 'false'
             C:\Program Files\dotnet\packs\Microsoft.NETCore.App.Ref\8.0.22\ref/net8.0/System.Net.WebHeaderCollection.dll
                 Private = 'false'
             C:\Program Files\dotnet\packs\Microsoft.NETCore.App.Ref\8.0.22\ref/net8.0/System.Net.WebProxy.dll
                 Private = 'false'
             C:\Program Files\dotnet\packs\Microsoft.NETCore.App.Ref\8.0.22\ref/net8.0/System.Net.WebSockets.Client.dll
                 Private = 'false'
             C:\Program Files\dotnet\packs\Microsoft.NETCore.App.Ref\8.0.22\ref/net8.0/System.Net.WebSockets.dll
                 Private = 'false'
             C:\Program Files\dotnet\packs\Microsoft.NETCore.App.Ref\8.0.22\ref/net8.0/System.Net.dll
                 Private = 'false'
             C:\Program Files\dotnet\packs\Microsoft.NETCore.App.Ref\8.0.22\ref/net8.0/System.Numerics.Vectors.dll
                 Private = 'false'
             C:\Program Files\dotnet\packs\Microsoft.NETCore.App.Ref\8.0.22\ref/net8.0/System.Numerics.dll
                 Private = 'false'
             C:\Program Files\dotnet\packs\Microsoft.NETCore.App.Ref\8.0.22\ref/net8.0/System.ObjectModel.dll
                 Private = 'false'
             C:\Program Files\dotnet\packs\Microsoft.NETCore.App.Ref\8.0.22\ref/net8.0/System.Reflection.DispatchProxy.dll
                 Private = 'false'
             C:\Program Files\dotnet\packs\Microsoft.NETCore.App.Ref\8.0.22\ref/net8.0/System.Reflection.Emit.ILGeneration.dll
                 Private = 'false'
             C:\Program Files\dotnet\packs\Microsoft.NETCore.App.Ref\8.0.22\ref/net8.0/System.Reflection.Emit.Lightweight.dll
                 Private = 'false'
             C:\Program Files\dotnet\packs\Microsoft.NETCore.App.Ref\8.0.22\ref/net8.0/System.Reflection.Emit.dll
                 Private = 'false'
             C:\Program Files\dotnet\packs\Microsoft.NETCore.App.Ref\8.0.22\ref/net8.0/System.Reflection.Extensions.dll
                 Private = 'false'
             C:\Program Files\dotnet\packs\Microsoft.NETCore.App.Ref\8.0.22\ref/net8.0/System.Reflection.Metadata.dll
                 Private = 'false'
             C:\Program Files\dotnet\packs\Microsoft.NETCore.App.Ref\8.0.22\ref/net8.0/System.Reflection.Primitives.dll
                 Private = 'false'
             C:\Program Files\dotnet\packs\Microsoft.NETCore.App.Ref\8.0.22\ref/net8.0/System.Reflection.TypeExtensions.dll
                 Private = 'false'
             C:\Program Files\dotnet\packs\Microsoft.NETCore.App.Ref\8.0.22\ref/net8.0/System.Reflection.dll
                 Private = 'false'
             C:\Program Files\dotnet\packs\Microsoft.NETCore.App.Ref\8.0.22\ref/net8.0/System.Resources.Reader.dll
                 Private = 'false'
             C:\Program Files\dotnet\packs\Microsoft.NETCore.App.Ref\8.0.22\ref/net8.0/System.Resources.ResourceManager.dll
                 Private = 'false'
             C:\Program Files\dotnet\packs\Microsoft.NETCore.App.Ref\8.0.22\ref/net8.0/System.Resources.Writer.dll
                 Private = 'false'
             C:\Program Files\dotnet\packs\Microsoft.NETCore.App.Ref\8.0.22\ref/net8.0/System.Runtime.CompilerServices.Unsafe.dll
                 Private = 'false'
             C:\Program Files\dotnet\packs\Microsoft.NETCore.App.Ref\8.0.22\ref/net8.0/System.Runtime.CompilerServices.VisualC.dll
                 Private = 'false'
             C:\Program Files\dotnet\packs\Microsoft.NETCore.App.Ref\8.0.22\ref/net8.0/System.Runtime.Extensions.dll
                 Private = 'false'
             C:\Program Files\dotnet\packs\Microsoft.NETCore.App.Ref\8.0.22\ref/net8.0/System.Runtime.Handles.dll
                 Private = 'false'
             C:\Program Files\dotnet\packs\Microsoft.NETCore.App.Ref\8.0.22\ref/net8.0/System.Runtime.InteropServices.JavaScript.dll
                 Private = 'false'
             C:\Program Files\dotnet\packs\Microsoft.NETCore.App.Ref\8.0.22\ref/net8.0/System.Runtime.InteropServices.RuntimeInformation.dll
                 Private = 'false'
             C:\Program Files\dotnet\packs\Microsoft.NETCore.App.Ref\8.0.22\ref/net8.0/System.Runtime.InteropServices.dll
                 Private = 'false'
             C:\Program Files\dotnet\packs\Microsoft.NETCore.App.Ref\8.0.22\ref/net8.0/System.Runtime.Intrinsics.dll
                 Private = 'false'
             C:\Program Files\dotnet\packs\Microsoft.NETCore.App.Ref\8.0.22\ref/net8.0/System.Runtime.Loader.dll
                 Private = 'false'
             C:\Program Files\dotnet\packs\Microsoft.NETCore.App.Ref\8.0.22\ref/net8.0/System.Runtime.Numerics.dll
                 Private = 'false'
             C:\Program Files\dotnet\packs\Microsoft.NETCore.App.Ref\8.0.22\ref/net8.0/System.Runtime.Serialization.Formatters.dll
                 Private = 'false'
             C:\Program Files\dotnet\packs\Microsoft.NETCore.App.Ref\8.0.22\ref/net8.0/System.Runtime.Serialization.Json.dll
                 Private = 'false'
             C:\Program Files\dotnet\packs\Microsoft.NETCore.App.Ref\8.0.22\ref/net8.0/System.Runtime.Serialization.Primitives.dll
                 Private = 'false'
             C:\Program Files\dotnet\packs\Microsoft.NETCore.App.Ref\8.0.22\ref/net8.0/System.Runtime.Serialization.Xml.dll
                 Private = 'false'
             C:\Program Files\dotnet\packs\Microsoft.NETCore.App.Ref\8.0.22\ref/net8.0/System.Runtime.Serialization.dll
                 Private = 'false'
             C:\Program Files\dotnet\packs\Microsoft.NETCore.App.Ref\8.0.22\ref/net8.0/System.Runtime.dll
                 Private = 'false'
             C:\Program Files\dotnet\packs\Microsoft.NETCore.App.Ref\8.0.22\ref/net8.0/System.Security.AccessControl.dll
                 Private = 'false'
             C:\Program Files\dotnet\packs\Microsoft.NETCore.App.Ref\8.0.22\ref/net8.0/System.Security.Claims.dll
                 Private = 'false'
             C:\Program Files\dotnet\packs\Microsoft.NETCore.App.Ref\8.0.22\ref/net8.0/System.Security.Cryptography.Algorithms.dll
                 Private = 'false'
             C:\Program Files\dotnet\packs\Microsoft.NETCore.App.Ref\8.0.22\ref/net8.0/System.Security.Cryptography.Cng.dll
                 Private = 'false'
             C:\Program Files\dotnet\packs\Microsoft.NETCore.App.Ref\8.0.22\ref/net8.0/System.Security.Cryptography.Csp.dll
                 Private = 'false'
             C:\Program Files\dotnet\packs\Microsoft.NETCore.App.Ref\8.0.22\ref/net8.0/System.Security.Cryptography.Encoding.dll
                 Private = 'false'
             C:\Program Files\dotnet\packs\Microsoft.NETCore.App.Ref\8.0.22\ref/net8.0/System.Security.Cryptography.OpenSsl.dll
                 Private = 'false'
             C:\Program Files\dotnet\packs\Microsoft.NETCore.App.Ref\8.0.22\ref/net8.0/System.Security.Cryptography.Primitives.dll
                 Private = 'false'
             C:\Program Files\dotnet\packs\Microsoft.NETCore.App.Ref\8.0.22\ref/net8.0/System.Security.Cryptography.X509Certificates.dll
                 Private = 'false'
             C:\Program Files\dotnet\packs\Microsoft.NETCore.App.Ref\8.0.22\ref/net8.0/System.Security.Cryptography.dll
                 Private = 'false'
             C:\Program Files\dotnet\packs\Microsoft.NETCore.App.Ref\8.0.22\ref/net8.0/System.Security.Principal.Windows.dll
                 Private = 'false'
             C:\Program Files\dotnet\packs\Microsoft.NETCore.App.Ref\8.0.22\ref/net8.0/System.Security.Principal.dll
                 Private = 'false'
             C:\Program Files\dotnet\packs\Microsoft.NETCore.App.Ref\8.0.22\ref/net8.0/System.Security.SecureString.dll
                 Private = 'false'
             C:\Program Files\dotnet\packs\Microsoft.NETCore.App.Ref\8.0.22\ref/net8.0/System.Security.dll
                 Private = 'false'
             C:\Program Files\dotnet\packs\Microsoft.NETCore.App.Ref\8.0.22\ref/net8.0/System.ServiceModel.Web.dll
                 Private = 'false'
             C:\Program Files\dotnet\packs\Microsoft.NETCore.App.Ref\8.0.22\ref/net8.0/System.ServiceProcess.dll
                 Private = 'false'
             C:\Program Files\dotnet\packs\Microsoft.NETCore.App.Ref\8.0.22\ref/net8.0/System.Text.Encoding.CodePages.dll
                 Private = 'false'
             C:\Program Files\dotnet\packs\Microsoft.NETCore.App.Ref\8.0.22\ref/net8.0/System.Text.Encoding.Extensions.dll
                 Private = 'false'
             C:\Program Files\dotnet\packs\Microsoft.NETCore.App.Ref\8.0.22\ref/net8.0/System.Text.Encoding.dll
                 Private = 'false'
             C:\Program Files\dotnet\packs\Microsoft.NETCore.App.Ref\8.0.22\ref/net8.0/System.Text.Encodings.Web.dll
                 Private = 'false'
             C:\Program Files\dotnet\packs\Microsoft.NETCore.App.Ref\8.0.22\ref/net8.0/System.Text.Json.dll
                 Private = 'false'
             C:\Program Files\dotnet\packs\Microsoft.NETCore.App.Ref\8.0.22\ref/net8.0/System.Text.RegularExpressions.dll
                 Private = 'false'
             C:\Program Files\dotnet\packs\Microsoft.NETCore.App.Ref\8.0.22\ref/net8.0/System.Threading.Channels.dll
                 Private = 'false'
             C:\Program Files\dotnet\packs\Microsoft.NETCore.App.Ref\8.0.22\ref/net8.0/System.Threading.Overlapped.dll
                 Private = 'false'
             C:\Program Files\dotnet\packs\Microsoft.NETCore.App.Ref\8.0.22\ref/net8.0/System.Threading.Tasks.Dataflow.dll
                 Private = 'false'
             C:\Program Files\dotnet\packs\Microsoft.NETCore.App.Ref\8.0.22\ref/net8.0/System.Threading.Tasks.Extensions.dll
                 Private = 'false'
             C:\Program Files\dotnet\packs\Microsoft.NETCore.App.Ref\8.0.22\ref/net8.0/System.Threading.Tasks.Parallel.dll
                 Private = 'false'
             C:\Program Files\dotnet\packs\Microsoft.NETCore.App.Ref\8.0.22\ref/net8.0/System.Threading.Tasks.dll
                 Private = 'false'
             C:\Program Files\dotnet\packs\Microsoft.NETCore.App.Ref\8.0.22\ref/net8.0/System.Threading.Thread.dll
                 Private = 'false'
             C:\Program Files\dotnet\packs\Microsoft.NETCore.App.Ref\8.0.22\ref/net8.0/System.Threading.ThreadPool.dll
                 Private = 'false'
             C:\Program Files\dotnet\packs\Microsoft.NETCore.App.Ref\8.0.22\ref/net8.0/System.Threading.Timer.dll
                 Private = 'false'
             C:\Program Files\dotnet\packs\Microsoft.NETCore.App.Ref\8.0.22\ref/net8.0/System.Threading.dll
                 Private = 'false'
             C:\Program Files\dotnet\packs\Microsoft.NETCore.App.Ref\8.0.22\ref/net8.0/System.Transactions.Local.dll
                 Private = 'false'
             C:\Program Files\dotnet\packs\Microsoft.NETCore.App.Ref\8.0.22\ref/net8.0/System.Transactions.dll
                 Private = 'false'
             C:\Program Files\dotnet\packs\Microsoft.NETCore.App.Ref\8.0.22\ref/net8.0/System.ValueTuple.dll
                 Private = 'false'
             C:\Program Files\dotnet\packs\Microsoft.NETCore.App.Ref\8.0.22\ref/net8.0/System.Web.HttpUtility.dll
                 Private = 'false'
             C:\Program Files\dotnet\packs\Microsoft.NETCore.App.Ref\8.0.22\ref/net8.0/System.Web.dll
                 Private = 'false'
             C:\Program Files\dotnet\packs\Microsoft.NETCore.App.Ref\8.0.22\ref/net8.0/System.Windows.dll
                 Private = 'false'
             C:\Program Files\dotnet\packs\Microsoft.NETCore.App.Ref\8.0.22\ref/net8.0/System.Xml.Linq.dll
                 Private = 'false'
             C:\Program Files\dotnet\packs\Microsoft.NETCore.App.Ref\8.0.22\ref/net8.0/System.Xml.ReaderWriter.dll
                 Private = 'false'
             C:\Program Files\dotnet\packs\Microsoft.NETCore.App.Ref\8.0.22\ref/net8.0/System.Xml.Serialization.dll
                 Private = 'false'
             C:\Program Files\dotnet\packs\Microsoft.NETCore.App.Ref\8.0.22\ref/net8.0/System.Xml.XDocument.dll
                 Private = 'false'
             C:\Program Files\dotnet\packs\Microsoft.NETCore.App.Ref\8.0.22\ref/net8.0/System.Xml.XPath.XDocument.dll
                 Private = 'false'
             C:\Program Files\dotnet\packs\Microsoft.NETCore.App.Ref\8.0.22\ref/net8.0/System.Xml.XPath.dll
                 Private = 'false'
             C:\Program Files\dotnet\packs\Microsoft.NETCore.App.Ref\8.0.22\ref/net8.0/System.Xml.XmlDocument.dll
                 Private = 'false'
             C:\Program Files\dotnet\packs\Microsoft.NETCore.App.Ref\8.0.22\ref/net8.0/System.Xml.XmlSerializer.dll
                 Private = 'false'
             C:\Program Files\dotnet\packs\Microsoft.NETCore.App.Ref\8.0.22\ref/net8.0/System.Xml.dll
                 Private = 'false'
             C:\Program Files\dotnet\packs\Microsoft.NETCore.App.Ref\8.0.22\ref/net8.0/System.dll
                 Private = 'false'
             C:\Program Files\dotnet\packs\Microsoft.NETCore.App.Ref\8.0.22\ref/net8.0/WindowsBase.dll
                 Private = 'false'
             C:\Program Files\dotnet\packs\Microsoft.NETCore.App.Ref\8.0.22\ref/net8.0/mscorlib.dll
                 Private = 'false'
             C:\Program Files\dotnet\packs\Microsoft.NETCore.App.Ref\8.0.22\ref/net8.0/netstandard.dll
                 Private = 'false'
         AssemblyFiles:
             C:\Users\giris\Documents\Code\Redesign-POS\Windows Based POS\Magidesk\Magidesk.Application\bin\Debug\net8.0\Magidesk.Application.dll
             C:\Users\giris\Documents\Code\Redesign-POS\Windows Based POS\Magidesk\Magidesk.Domain\bin\Debug\net8.0\Magidesk.Domain.dll
         CandidateAssemblyFiles:
         TargetFrameworkDirectories:
             
         NonCultureResourceDirectories:
             
         InstalledAssemblyTables:
         IgnoreInstalledAssemblyTable:
             False
         SearchPaths:
             {CandidateAssemblyFiles}
             {HintPathFromItem}
             {TargetFrameworkDirectory}
             {RawFileName}
         AllowedAssemblyExtensions:
             .winmd
             .dll
             .exe
         AllowedRelatedFileExtensions:
             .pdb
             .xml
             .pri
             .dll.config
             .exe.config
         AppConfigFile:
             
         AutoUnify:
             True
         EnableCustomCulture:
             False
         EnableCustomCulture:
             False
         CopyLocalDependenciesWhenParentReferenceInGac:
             True
         FindDependencies:
             True
         TargetProcessorArchitecture:
             msil
         StateFile:
             obj\Debug\net8.0\Magidesk.Infrastructure.csproj.AssemblyReference.cache
         InstalledAssemblySubsetTables:
         IgnoreInstalledAssemblySubsetTable:
             False
         TargetFrameworkSubsets:
         FullTargetFrameworkSubsetNames:
             Full
         ProfileName:
             
         FullFrameworkFolders:
         LatestTargetFrameworkDirectories:
         ProfileTablesLocation:
         Primary reference "Magidesk.Application, Version=1.0.0.0, Culture=neutral, PublicKeyToken=null".
             Resolved file path is "C:\Users\giris\Documents\Code\Redesign-POS\Windows Based POS\Magidesk\Magidesk.Application\bin\Debug\net8.0\Magidesk.Application.dll".
             Reference found at search path location "C:\Users\giris\Documents\Code\Redesign-POS\Windows Based POS\Magidesk\Magidesk.Application\bin\Debug\net8.0\Magidesk.Application.dll".
             Found related file "C:\Users\giris\Documents\Code\Redesign-POS\Windows Based POS\Magidesk\Magidesk.Application\bin\Debug\net8.0\Magidesk.Application.pdb".
         Primary reference "Magidesk.Domain, Version=1.0.0.0, Culture=neutral, PublicKeyToken=null".
             Resolved file path is "C:\Users\giris\Documents\Code\Redesign-POS\Windows Based POS\Magidesk\Magidesk.Domain\bin\Debug\net8.0\Magidesk.Domain.dll".
             Reference found at search path location "C:\Users\giris\Documents\Code\Redesign-POS\Windows Based POS\Magidesk\Magidesk.Domain\bin\Debug\net8.0\Magidesk.Domain.dll".
             Found related file "C:\Users\giris\Documents\Code\Redesign-POS\Windows Based POS\Magidesk\Magidesk.Domain\bin\Debug\net8.0\Magidesk.Domain.pdb".
         Primary reference "MediatR, Version=12.0.0.0, Culture=neutral, PublicKeyToken=bb9a41a5e8aaa7e2".
             Resolved file path is "C:\Users\giris\.nuget\packages\mediatr\12.2.0\lib\net6.0\MediatR.dll".
             Reference found at search path location "{HintPathFromItem}".
             This reference is not "CopyLocal" because at least one source item had "Private" set to "false" and no source items had "Private" set to "true".
         Primary reference "MediatR.Contracts, Version=2.0.1.0, Culture=neutral, PublicKeyToken=bb9a41a5e8aaa7e2".
             Resolved file path is "C:\Users\giris\.nuget\packages\mediatr.contracts\2.0.1\lib\netstandard2.0\MediatR.Contracts.dll".
             Reference found at search path location "{HintPathFromItem}".
             This reference is not "CopyLocal" because at least one source item had "Private" set to "false" and no source items had "Private" set to "true".
         Primary reference "Microsoft.EntityFrameworkCore, Version=8.0.0.0, Culture=neutral, PublicKeyToken=adb9793829ddae60".
             Resolved file path is "C:\Users\giris\.nuget\packages\microsoft.entityframeworkcore\8.0.0\lib\net8.0\Microsoft.EntityFrameworkCore.dll".
             Reference found at search path location "{HintPathFromItem}".
             This reference is not "CopyLocal" because at least one source item had "Private" set to "false" and no source items had "Private" set to "true".
         Primary reference "Microsoft.EntityFrameworkCore.Abstractions, Version=8.0.0.0, Culture=neutral, PublicKeyToken=adb9793829ddae60".
             Resolved file path is "C:\Users\giris\.nuget\packages\microsoft.entityframeworkcore.abstractions\8.0.0\lib\net8.0\Microsoft.EntityFrameworkCore.Abstractions.dll".
             Reference found at search path location "{HintPathFromItem}".
             This reference is not "CopyLocal" because at least one source item had "Private" set to "false" and no source items had "Private" set to "true".
         Primary reference "Microsoft.EntityFrameworkCore.Relational, Version=8.0.0.0, Culture=neutral, PublicKeyToken=adb9793829ddae60".
             Resolved file path is "C:\Users\giris\.nuget\packages\microsoft.entityframeworkcore.relational\8.0.0\lib\net8.0\Microsoft.EntityFrameworkCore.Relational.dll".
             Reference found at search path location "{HintPathFromItem}".
             This reference is not "CopyLocal" because at least one source item had "Private" set to "false" and no source items had "Private" set to "true".
         Primary reference "Microsoft.Extensions.Caching.Abstractions, Version=8.0.0.0, Culture=neutral, PublicKeyToken=adb9793829ddae60".
             Resolved file path is "C:\Users\giris\.nuget\packages\microsoft.extensions.caching.abstractions\8.0.0\lib\net8.0\Microsoft.Extensions.Caching.Abstractions.dll".
             Reference found at search path location "{HintPathFromItem}".
             This reference is not "CopyLocal" because at least one source item had "Private" set to "false" and no source items had "Private" set to "true".
         Primary reference "Microsoft.Extensions.Caching.Memory, Version=8.0.0.0, Culture=neutral, PublicKeyToken=adb9793829ddae60".
             Resolved file path is "C:\Users\giris\.nuget\packages\microsoft.extensions.caching.memory\8.0.0\lib\net8.0\Microsoft.Extensions.Caching.Memory.dll".
             Reference found at search path location "{HintPathFromItem}".
             This reference is not "CopyLocal" because at least one source item had "Private" set to "false" and no source items had "Private" set to "true".
         Primary reference "Microsoft.Extensions.Configuration.Abstractions, Version=8.0.0.0, Culture=neutral, PublicKeyToken=adb9793829ddae60".
             Resolved file path is "C:\Users\giris\.nuget\packages\microsoft.extensions.configuration.abstractions\8.0.0\lib\net8.0\Microsoft.Extensions.Configuration.Abstractions.dll".
             Reference found at search path location "{HintPathFromItem}".
             This reference is not "CopyLocal" because at least one source item had "Private" set to "false" and no source items had "Private" set to "true".
         Primary reference "Microsoft.Extensions.DependencyInjection, Version=8.0.0.0, Culture=neutral, PublicKeyToken=adb9793829ddae60".
             Resolved file path is "C:\Users\giris\.nuget\packages\microsoft.extensions.dependencyinjection\8.0.0\lib\net8.0\Microsoft.Extensions.DependencyInjection.dll".
             Reference found at search path location "{HintPathFromItem}".
             This reference is not "CopyLocal" because at least one source item had "Private" set to "false" and no source items had "Private" set to "true".
         Primary reference "Microsoft.Extensions.DependencyInjection.Abstractions, Version=10.0.0.0, Culture=neutral, PublicKeyToken=adb9793829ddae60".
             Resolved file path is "C:\Users\giris\.nuget\packages\microsoft.extensions.dependencyinjection.abstractions\10.0.1\lib\net8.0\Microsoft.Extensions.DependencyInjection.Abstractions.dll".
             Reference found at search path location "{HintPathFromItem}".
             This reference is not "CopyLocal" because at least one source item had "Private" set to "false" and no source items had "Private" set to "true".
         Primary reference "Microsoft.Extensions.Logging, Version=8.0.0.0, Culture=neutral, PublicKeyToken=adb9793829ddae60".
             Resolved file path is "C:\Users\giris\.nuget\packages\microsoft.extensions.logging\8.0.0\lib\net8.0\Microsoft.Extensions.Logging.dll".
             Reference found at search path location "{HintPathFromItem}".
             This reference is not "CopyLocal" because at least one source item had "Private" set to "false" and no source items had "Private" set to "true".
         Primary reference "Microsoft.Extensions.Logging.Abstractions, Version=8.0.0.0, Culture=neutral, PublicKeyToken=adb9793829ddae60".
             Resolved file path is "C:\Users\giris\.nuget\packages\microsoft.extensions.logging.abstractions\8.0.0\lib\net8.0\Microsoft.Extensions.Logging.Abstractions.dll".
             Reference found at search path location "{HintPathFromItem}".
             This reference is not "CopyLocal" because at least one source item had "Private" set to "false" and no source items had "Private" set to "true".
         Primary reference "Microsoft.Extensions.Options, Version=8.0.0.0, Culture=neutral, PublicKeyToken=adb9793829ddae60".
             Resolved file path is "C:\Users\giris\.nuget\packages\microsoft.extensions.options\8.0.0\lib\net8.0\Microsoft.Extensions.Options.dll".
             Reference found at search path location "{HintPathFromItem}".
             This reference is not "CopyLocal" because at least one source item had "Private" set to "false" and no source items had "Private" set to "true".
         Primary reference "Microsoft.Extensions.Primitives, Version=8.0.0.0, Culture=neutral, PublicKeyToken=adb9793829ddae60".
             Resolved file path is "C:\Users\giris\.nuget\packages\microsoft.extensions.primitives\8.0.0\lib\net8.0\Microsoft.Extensions.Primitives.dll".
             Reference found at search path location "{HintPathFromItem}".
             This reference is not "CopyLocal" because at least one source item had "Private" set to "false" and no source items had "Private" set to "true".
         Primary reference "Microsoft.Win32.SystemEvents, Version=10.0.0.0, Culture=neutral, PublicKeyToken=cc7b13ffcd2ddd51".
             Resolved file path is "C:\Users\giris\.nuget\packages\microsoft.win32.systemevents\10.0.1\lib\net8.0\Microsoft.Win32.SystemEvents.dll".
             Reference found at search path location "{HintPathFromItem}".
             This reference is not "CopyLocal" because at least one source item had "Private" set to "false" and no source items had "Private" set to "true".
         Primary reference "Npgsql, Version=8.0.0.0, Culture=neutral, PublicKeyToken=5d8b90d52f46fda7".
             Resolved file path is "C:\Users\giris\.nuget\packages\npgsql\8.0.0\lib\net8.0\Npgsql.dll".
             Reference found at search path location "{HintPathFromItem}".
             This reference is not "CopyLocal" because at least one source item had "Private" set to "false" and no source items had "Private" set to "true".
         Primary reference "Npgsql.EntityFrameworkCore.PostgreSQL, Version=8.0.0.0, Culture=neutral, PublicKeyToken=5d8b90d52f46fda7".
             Resolved file path is "C:\Users\giris\.nuget\packages\npgsql.entityframeworkcore.postgresql\8.0.0\lib\net8.0\Npgsql.EntityFrameworkCore.PostgreSQL.dll".
             Reference found at search path location "{HintPathFromItem}".
             This reference is not "CopyLocal" because at least one source item had "Private" set to "false" and no source items had "Private" set to "true".
         Primary reference "System.Drawing.Common, Version=10.0.0.0, Culture=neutral, PublicKeyToken=cc7b13ffcd2ddd51".
             Resolved file path is "C:\Users\giris\.nuget\packages\system.drawing.common\10.0.1\lib\net8.0\System.Drawing.Common.dll".
             Reference found at search path location "{HintPathFromItem}".
             This reference is not "CopyLocal" because at least one source item had "Private" set to "false" and no source items had "Private" set to "true".
         Primary reference "System.Private.Windows.Core, Version=10.0.0.0, Culture=neutral, PublicKeyToken=b77a5c561934e089".
             Resolved file path is "C:\Users\giris\.nuget\packages\system.drawing.common\10.0.1\lib\net8.0\System.Private.Windows.Core.dll".
             Reference found at search path location "{HintPathFromItem}".
             This reference is not "CopyLocal" because at least one source item had "Private" set to "false" and no source items had "Private" set to "true".
         Primary reference "System.Private.Windows.GdiPlus, Version=10.0.0.0, Culture=neutral, PublicKeyToken=b77a5c561934e089".
             Resolved file path is "C:\Users\giris\.nuget\packages\system.drawing.common\10.0.1\lib\net8.0\System.Private.Windows.GdiPlus.dll".
             Reference found at search path location "{HintPathFromItem}".
             This reference is not "CopyLocal" because at least one source item had "Private" set to "false" and no source items had "Private" set to "true".
         Primary reference "Microsoft.CSharp, Version=8.0.0.0, Culture=neutral, PublicKeyToken=b03f5f7f11d50a3a".
             Resolved file path is "C:\Program Files\dotnet\packs\Microsoft.NETCore.App.Ref\8.0.22\ref\net8.0\Microsoft.CSharp.dll".
             Reference found at search path location "{RawFileName}".
             This reference is not "CopyLocal" because at least one source item had "Private" set to "false" and no source items had "Private" set to "true".
         Primary reference "Microsoft.VisualBasic.Core, Version=13.0.0.0, Culture=neutral, PublicKeyToken=b03f5f7f11d50a3a".
             Resolved file path is "C:\Program Files\dotnet\packs\Microsoft.NETCore.App.Ref\8.0.22\ref\net8.0\Microsoft.VisualBasic.Core.dll".
             Reference found at search path location "{RawFileName}".
             This reference is not "CopyLocal" because at least one source item had "Private" set to "false" and no source items had "Private" set to "true".
         Primary reference "Microsoft.VisualBasic, Version=10.0.0.0, Culture=neutral, PublicKeyToken=b03f5f7f11d50a3a".
             Resolved file path is "C:\Program Files\dotnet\packs\Microsoft.NETCore.App.Ref\8.0.22\ref\net8.0\Microsoft.VisualBasic.dll".
             Reference found at search path location "{RawFileName}".
             This reference is not "CopyLocal" because at least one source item had "Private" set to "false" and no source items had "Private" set to "true".
         Primary reference "Microsoft.Win32.Primitives, Version=8.0.0.0, Culture=neutral, PublicKeyToken=b03f5f7f11d50a3a".
             Resolved file path is "C:\Program Files\dotnet\packs\Microsoft.NETCore.App.Ref\8.0.22\ref\net8.0\Microsoft.Win32.Primitives.dll".
             Reference found at search path location "{RawFileName}".
             This reference is not "CopyLocal" because at least one source item had "Private" set to "false" and no source items had "Private" set to "true".
         Primary reference "Microsoft.Win32.Registry, Version=8.0.0.0, Culture=neutral, PublicKeyToken=b03f5f7f11d50a3a".
             Resolved file path is "C:\Program Files\dotnet\packs\Microsoft.NETCore.App.Ref\8.0.22\ref\net8.0\Microsoft.Win32.Registry.dll".
             Reference found at search path location "{RawFileName}".
             This reference is not "CopyLocal" because at least one source item had "Private" set to "false" and no source items had "Private" set to "true".
         Primary reference "System.AppContext, Version=8.0.0.0, Culture=neutral, PublicKeyToken=b03f5f7f11d50a3a".
             Resolved file path is "C:\Program Files\dotnet\packs\Microsoft.NETCore.App.Ref\8.0.22\ref\net8.0\System.AppContext.dll".
             Reference found at search path location "{RawFileName}".
             This reference is not "CopyLocal" because at least one source item had "Private" set to "false" and no source items had "Private" set to "true".
         Primary reference "System.Buffers, Version=8.0.0.0, Culture=neutral, PublicKeyToken=cc7b13ffcd2ddd51".
             Resolved file path is "C:\Program Files\dotnet\packs\Microsoft.NETCore.App.Ref\8.0.22\ref\net8.0\System.Buffers.dll".
             Reference found at search path location "{RawFileName}".
             This reference is not "CopyLocal" because at least one source item had "Private" set to "false" and no source items had "Private" set to "true".
         Primary reference "System.Collections.Concurrent, Version=8.0.0.0, Culture=neutral, PublicKeyToken=b03f5f7f11d50a3a".
             Resolved file path is "C:\Program Files\dotnet\packs\Microsoft.NETCore.App.Ref\8.0.22\ref\net8.0\System.Collections.Concurrent.dll".
             Reference found at search path location "{RawFileName}".
             This reference is not "CopyLocal" because at least one source item had "Private" set to "false" and no source items had "Private" set to "true".
         Primary reference "System.Collections.Immutable, Version=8.0.0.0, Culture=neutral, PublicKeyToken=b03f5f7f11d50a3a".
             Resolved file path is "C:\Program Files\dotnet\packs\Microsoft.NETCore.App.Ref\8.0.22\ref\net8.0\System.Collections.Immutable.dll".
             Reference found at search path location "{RawFileName}".
             This reference is not "CopyLocal" because at least one source item had "Private" set to "false" and no source items had "Private" set to "true".
         Primary reference "System.Collections.NonGeneric, Version=8.0.0.0, Culture=neutral, PublicKeyToken=b03f5f7f11d50a3a".
             Resolved file path is "C:\Program Files\dotnet\packs\Microsoft.NETCore.App.Ref\8.0.22\ref\net8.0\System.Collections.NonGeneric.dll".
             Reference found at search path location "{RawFileName}".
             This reference is not "CopyLocal" because at least one source item had "Private" set to "false" and no source items had "Private" set to "true".
         Primary reference "System.Collections.Specialized, Version=8.0.0.0, Culture=neutral, PublicKeyToken=b03f5f7f11d50a3a".
             Resolved file path is "C:\Program Files\dotnet\packs\Microsoft.NETCore.App.Ref\8.0.22\ref\net8.0\System.Collections.Specialized.dll".
             Reference found at search path location "{RawFileName}".
             This reference is not "CopyLocal" because at least one source item had "Private" set to "false" and no source items had "Private" set to "true".
         Primary reference "System.Collections, Version=8.0.0.0, Culture=neutral, PublicKeyToken=b03f5f7f11d50a3a".
             Resolved file path is "C:\Program Files\dotnet\packs\Microsoft.NETCore.App.Ref\8.0.22\ref\net8.0\System.Collections.dll".
             Reference found at search path location "{RawFileName}".
             This reference is not "CopyLocal" because at least one source item had "Private" set to "false" and no source items had "Private" set to "true".
         Primary reference "System.ComponentModel.Annotations, Version=8.0.0.0, Culture=neutral, PublicKeyToken=b03f5f7f11d50a3a".
             Resolved file path is "C:\Program Files\dotnet\packs\Microsoft.NETCore.App.Ref\8.0.22\ref\net8.0\System.ComponentModel.Annotations.dll".
             Reference found at search path location "{RawFileName}".
             This reference is not "CopyLocal" because at least one source item had "Private" set to "false" and no source items had "Private" set to "true".
         Primary reference "System.ComponentModel.DataAnnotations, Version=4.0.0.0, Culture=neutral, PublicKeyToken=31bf3856ad364e35".
             Resolved file path is "C:\Program Files\dotnet\packs\Microsoft.NETCore.App.Ref\8.0.22\ref\net8.0\System.ComponentModel.DataAnnotations.dll".
             Reference found at search path location "{RawFileName}".
             This reference is not "CopyLocal" because at least one source item had "Private" set to "false" and no source items had "Private" set to "true".
         Primary reference "System.ComponentModel.EventBasedAsync, Version=8.0.0.0, Culture=neutral, PublicKeyToken=b03f5f7f11d50a3a".
             Resolved file path is "C:\Program Files\dotnet\packs\Microsoft.NETCore.App.Ref\8.0.22\ref\net8.0\System.ComponentModel.EventBasedAsync.dll".
             Reference found at search path location "{RawFileName}".
             This reference is not "CopyLocal" because at least one source item had "Private" set to "false" and no source items had "Private" set to "true".
         Primary reference "System.ComponentModel.Primitives, Version=8.0.0.0, Culture=neutral, PublicKeyToken=b03f5f7f11d50a3a".
             Resolved file path is "C:\Program Files\dotnet\packs\Microsoft.NETCore.App.Ref\8.0.22\ref\net8.0\System.ComponentModel.Primitives.dll".
             Reference found at search path location "{RawFileName}".
             This reference is not "CopyLocal" because at least one source item had "Private" set to "false" and no source items had "Private" set to "true".
         Primary reference "System.ComponentModel.TypeConverter, Version=8.0.0.0, Culture=neutral, PublicKeyToken=b03f5f7f11d50a3a".
             Resolved file path is "C:\Program Files\dotnet\packs\Microsoft.NETCore.App.Ref\8.0.22\ref\net8.0\System.ComponentModel.TypeConverter.dll".
             Reference found at search path location "{RawFileName}".
             This reference is not "CopyLocal" because at least one source item had "Private" set to "false" and no source items had "Private" set to "true".
         Primary reference "System.ComponentModel, Version=8.0.0.0, Culture=neutral, PublicKeyToken=b03f5f7f11d50a3a".
             Resolved file path is "C:\Program Files\dotnet\packs\Microsoft.NETCore.App.Ref\8.0.22\ref\net8.0\System.ComponentModel.dll".
             Reference found at search path location "{RawFileName}".
             This reference is not "CopyLocal" because at least one source item had "Private" set to "false" and no source items had "Private" set to "true".
         Primary reference "System.Configuration, Version=4.0.0.0, Culture=neutral, PublicKeyToken=b03f5f7f11d50a3a".
             Resolved file path is "C:\Program Files\dotnet\packs\Microsoft.NETCore.App.Ref\8.0.22\ref\net8.0\System.Configuration.dll".
             Reference found at search path location "{RawFileName}".
             This reference is not "CopyLocal" because at least one source item had "Private" set to "false" and no source items had "Private" set to "true".
         Primary reference "System.Console, Version=8.0.0.0, Culture=neutral, PublicKeyToken=b03f5f7f11d50a3a".
             Resolved file path is "C:\Program Files\dotnet\packs\Microsoft.NETCore.App.Ref\8.0.22\ref\net8.0\System.Console.dll".
             Reference found at search path location "{RawFileName}".
             This reference is not "CopyLocal" because at least one source item had "Private" set to "false" and no source items had "Private" set to "true".
         Primary reference "System.Core, Version=4.0.0.0, Culture=neutral, PublicKeyToken=b77a5c561934e089".
             Resolved file path is "C:\Program Files\dotnet\packs\Microsoft.NETCore.App.Ref\8.0.22\ref\net8.0\System.Core.dll".
             Reference found at search path location "{RawFileName}".
             This reference is not "CopyLocal" because at least one source item had "Private" set to "false" and no source items had "Private" set to "true".
         Primary reference "System.Data.Common, Version=8.0.0.0, Culture=neutral, PublicKeyToken=b03f5f7f11d50a3a".
             Resolved file path is "C:\Program Files\dotnet\packs\Microsoft.NETCore.App.Ref\8.0.22\ref\net8.0\System.Data.Common.dll".
             Reference found at search path location "{RawFileName}".
             This reference is not "CopyLocal" because at least one source item had "Private" set to "false" and no source items had "Private" set to "true".
         Primary reference "System.Data.DataSetExtensions, Version=8.0.0.0, Culture=neutral, PublicKeyToken=b77a5c561934e089".
             Resolved file path is "C:\Program Files\dotnet\packs\Microsoft.NETCore.App.Ref\8.0.22\ref\net8.0\System.Data.DataSetExtensions.dll".
             Reference found at search path location "{RawFileName}".
             This reference is not "CopyLocal" because at least one source item had "Private" set to "false" and no source items had "Private" set to "true".
         Primary reference "System.Data, Version=4.0.0.0, Culture=neutral, PublicKeyToken=b77a5c561934e089".
             Resolved file path is "C:\Program Files\dotnet\packs\Microsoft.NETCore.App.Ref\8.0.22\ref\net8.0\System.Data.dll".
             Reference found at search path location "{RawFileName}".
             This reference is not "CopyLocal" because at least one source item had "Private" set to "false" and no source items had "Private" set to "true".
         Primary reference "System.Diagnostics.Contracts, Version=8.0.0.0, Culture=neutral, PublicKeyToken=b03f5f7f11d50a3a".
             Resolved file path is "C:\Program Files\dotnet\packs\Microsoft.NETCore.App.Ref\8.0.22\ref\net8.0\System.Diagnostics.Contracts.dll".
             Reference found at search path location "{RawFileName}".
             This reference is not "CopyLocal" because at least one source item had "Private" set to "false" and no source items had "Private" set to "true".
         Primary reference "System.Diagnostics.Debug, Version=8.0.0.0, Culture=neutral, PublicKeyToken=b03f5f7f11d50a3a".
             Resolved file path is "C:\Program Files\dotnet\packs\Microsoft.NETCore.App.Ref\8.0.22\ref\net8.0\System.Diagnostics.Debug.dll".
             Reference found at search path location "{RawFileName}".
             This reference is not "CopyLocal" because at least one source item had "Private" set to "false" and no source items had "Private" set to "true".
         Primary reference "System.Diagnostics.DiagnosticSource, Version=8.0.0.0, Culture=neutral, PublicKeyToken=cc7b13ffcd2ddd51".
             Resolved file path is "C:\Program Files\dotnet\packs\Microsoft.NETCore.App.Ref\8.0.22\ref\net8.0\System.Diagnostics.DiagnosticSource.dll".
             Reference found at search path location "{RawFileName}".
             This reference is not "CopyLocal" because at least one source item had "Private" set to "false" and no source items had "Private" set to "true".
         Primary reference "System.Diagnostics.FileVersionInfo, Version=8.0.0.0, Culture=neutral, PublicKeyToken=b03f5f7f11d50a3a".
             Resolved file path is "C:\Program Files\dotnet\packs\Microsoft.NETCore.App.Ref\8.0.22\ref\net8.0\System.Diagnostics.FileVersionInfo.dll".
             Reference found at search path location "{RawFileName}".
             This reference is not "CopyLocal" because at least one source item had "Private" set to "false" and no source items had "Private" set to "true".
         Primary reference "System.Diagnostics.Process, Version=8.0.0.0, Culture=neutral, PublicKeyToken=b03f5f7f11d50a3a".
             Resolved file path is "C:\Program Files\dotnet\packs\Microsoft.NETCore.App.Ref\8.0.22\ref\net8.0\System.Diagnostics.Process.dll".
             Reference found at search path location "{RawFileName}".
             This reference is not "CopyLocal" because at least one source item had "Private" set to "false" and no source items had "Private" set to "true".
         Primary reference "System.Diagnostics.StackTrace, Version=8.0.0.0, Culture=neutral, PublicKeyToken=b03f5f7f11d50a3a".
             Resolved file path is "C:\Program Files\dotnet\packs\Microsoft.NETCore.App.Ref\8.0.22\ref\net8.0\System.Diagnostics.StackTrace.dll".
             Reference found at search path location "{RawFileName}".
             This reference is not "CopyLocal" because at least one source item had "Private" set to "false" and no source items had "Private" set to "true".
         Primary reference "System.Diagnostics.TextWriterTraceListener, Version=8.0.0.0, Culture=neutral, PublicKeyToken=b03f5f7f11d50a3a".
             Resolved file path is "C:\Program Files\dotnet\packs\Microsoft.NETCore.App.Ref\8.0.22\ref\net8.0\System.Diagnostics.TextWriterTraceListener.dll".
             Reference found at search path location "{RawFileName}".
             This reference is not "CopyLocal" because at least one source item had "Private" set to "false" and no source items had "Private" set to "true".
         Primary reference "System.Diagnostics.Tools, Version=8.0.0.0, Culture=neutral, PublicKeyToken=b03f5f7f11d50a3a".
             Resolved file path is "C:\Program Files\dotnet\packs\Microsoft.NETCore.App.Ref\8.0.22\ref\net8.0\System.Diagnostics.Tools.dll".
             Reference found at search path location "{RawFileName}".
             This reference is not "CopyLocal" because at least one source item had "Private" set to "false" and no source items had "Private" set to "true".
         Primary reference "System.Diagnostics.TraceSource, Version=8.0.0.0, Culture=neutral, PublicKeyToken=b03f5f7f11d50a3a".
             Resolved file path is "C:\Program Files\dotnet\packs\Microsoft.NETCore.App.Ref\8.0.22\ref\net8.0\System.Diagnostics.TraceSource.dll".
             Reference found at search path location "{RawFileName}".
             This reference is not "CopyLocal" because at least one source item had "Private" set to "false" and no source items had "Private" set to "true".
         Primary reference "System.Diagnostics.Tracing, Version=8.0.0.0, Culture=neutral, PublicKeyToken=b03f5f7f11d50a3a".
             Resolved file path is "C:\Program Files\dotnet\packs\Microsoft.NETCore.App.Ref\8.0.22\ref\net8.0\System.Diagnostics.Tracing.dll".
             Reference found at search path location "{RawFileName}".
             This reference is not "CopyLocal" because at least one source item had "Private" set to "false" and no source items had "Private" set to "true".
         Primary reference "System.Drawing.Primitives, Version=8.0.0.0, Culture=neutral, PublicKeyToken=b03f5f7f11d50a3a".
             Resolved file path is "C:\Program Files\dotnet\packs\Microsoft.NETCore.App.Ref\8.0.22\ref\net8.0\System.Drawing.Primitives.dll".
             Reference found at search path location "{RawFileName}".
             This reference is not "CopyLocal" because at least one source item had "Private" set to "false" and no source items had "Private" set to "true".
         Primary reference "System.Drawing, Version=4.0.0.0, Culture=neutral, PublicKeyToken=b03f5f7f11d50a3a".
             Resolved file path is "C:\Program Files\dotnet\packs\Microsoft.NETCore.App.Ref\8.0.22\ref\net8.0\System.Drawing.dll".
             Reference found at search path location "{RawFileName}".
             This reference is not "CopyLocal" because at least one source item had "Private" set to "false" and no source items had "Private" set to "true".
         Primary reference "System.Dynamic.Runtime, Version=8.0.0.0, Culture=neutral, PublicKeyToken=b03f5f7f11d50a3a".
             Resolved file path is "C:\Program Files\dotnet\packs\Microsoft.NETCore.App.Ref\8.0.22\ref\net8.0\System.Dynamic.Runtime.dll".
             Reference found at search path location "{RawFileName}".
             This reference is not "CopyLocal" because at least one source item had "Private" set to "false" and no source items had "Private" set to "true".
         Primary reference "System.Formats.Asn1, Version=8.0.0.0, Culture=neutral, PublicKeyToken=cc7b13ffcd2ddd51".
             Resolved file path is "C:\Program Files\dotnet\packs\Microsoft.NETCore.App.Ref\8.0.22\ref\net8.0\System.Formats.Asn1.dll".
             Reference found at search path location "{RawFileName}".
             This reference is not "CopyLocal" because at least one source item had "Private" set to "false" and no source items had "Private" set to "true".
         Primary reference "System.Formats.Tar, Version=8.0.0.0, Culture=neutral, PublicKeyToken=cc7b13ffcd2ddd51".
             Resolved file path is "C:\Program Files\dotnet\packs\Microsoft.NETCore.App.Ref\8.0.22\ref\net8.0\System.Formats.Tar.dll".
             Reference found at search path location "{RawFileName}".
             This reference is not "CopyLocal" because at least one source item had "Private" set to "false" and no source items had "Private" set to "true".
         Primary reference "System.Globalization.Calendars, Version=8.0.0.0, Culture=neutral, PublicKeyToken=b03f5f7f11d50a3a".
             Resolved file path is "C:\Program Files\dotnet\packs\Microsoft.NETCore.App.Ref\8.0.22\ref\net8.0\System.Globalization.Calendars.dll".
             Reference found at search path location "{RawFileName}".
             This reference is not "CopyLocal" because at least one source item had "Private" set to "false" and no source items had "Private" set to "true".
         Primary reference "System.Globalization.Extensions, Version=8.0.0.0, Culture=neutral, PublicKeyToken=b03f5f7f11d50a3a".
             Resolved file path is "C:\Program Files\dotnet\packs\Microsoft.NETCore.App.Ref\8.0.22\ref\net8.0\System.Globalization.Extensions.dll".
             Reference found at search path location "{RawFileName}".
             This reference is not "CopyLocal" because at least one source item had "Private" set to "false" and no source items had "Private" set to "true".
         Primary reference "System.Globalization, Version=8.0.0.0, Culture=neutral, PublicKeyToken=b03f5f7f11d50a3a".
             Resolved file path is "C:\Program Files\dotnet\packs\Microsoft.NETCore.App.Ref\8.0.22\ref\net8.0\System.Globalization.dll".
             Reference found at search path location "{RawFileName}".
             This reference is not "CopyLocal" because at least one source item had "Private" set to "false" and no source items had "Private" set to "true".
         Primary reference "System.IO.Compression.Brotli, Version=8.0.0.0, Culture=neutral, PublicKeyToken=b77a5c561934e089".
             Resolved file path is "C:\Program Files\dotnet\packs\Microsoft.NETCore.App.Ref\8.0.22\ref\net8.0\System.IO.Compression.Brotli.dll".
             Reference found at search path location "{RawFileName}".
             This reference is not "CopyLocal" because at least one source item had "Private" set to "false" and no source items had "Private" set to "true".
         Primary reference "System.IO.Compression.FileSystem, Version=4.0.0.0, Culture=neutral, PublicKeyToken=b77a5c561934e089".
             Resolved file path is "C:\Program Files\dotnet\packs\Microsoft.NETCore.App.Ref\8.0.22\ref\net8.0\System.IO.Compression.FileSystem.dll".
             Reference found at search path location "{RawFileName}".
             This reference is not "CopyLocal" because at least one source item had "Private" set to "false" and no source items had "Private" set to "true".
         Primary reference "System.IO.Compression.ZipFile, Version=8.0.0.0, Culture=neutral, PublicKeyToken=b77a5c561934e089".
             Resolved file path is "C:\Program Files\dotnet\packs\Microsoft.NETCore.App.Ref\8.0.22\ref\net8.0\System.IO.Compression.ZipFile.dll".
             Reference found at search path location "{RawFileName}".
             This reference is not "CopyLocal" because at least one source item had "Private" set to "false" and no source items had "Private" set to "true".
         Primary reference "System.IO.Compression, Version=8.0.0.0, Culture=neutral, PublicKeyToken=b77a5c561934e089".
             Resolved file path is "C:\Program Files\dotnet\packs\Microsoft.NETCore.App.Ref\8.0.22\ref\net8.0\System.IO.Compression.dll".
             Reference found at search path location "{RawFileName}".
             This reference is not "CopyLocal" because at least one source item had "Private" set to "false" and no source items had "Private" set to "true".
         Primary reference "System.IO.FileSystem.AccessControl, Version=8.0.0.0, Culture=neutral, PublicKeyToken=b03f5f7f11d50a3a".
             Resolved file path is "C:\Program Files\dotnet\packs\Microsoft.NETCore.App.Ref\8.0.22\ref\net8.0\System.IO.FileSystem.AccessControl.dll".
             Reference found at search path location "{RawFileName}".
             This reference is not "CopyLocal" because at least one source item had "Private" set to "false" and no source items had "Private" set to "true".
         Primary reference "System.IO.FileSystem.DriveInfo, Version=8.0.0.0, Culture=neutral, PublicKeyToken=b03f5f7f11d50a3a".
             Resolved file path is "C:\Program Files\dotnet\packs\Microsoft.NETCore.App.Ref\8.0.22\ref\net8.0\System.IO.FileSystem.DriveInfo.dll".
             Reference found at search path location "{RawFileName}".
             This reference is not "CopyLocal" because at least one source item had "Private" set to "false" and no source items had "Private" set to "true".
         Primary reference "System.IO.FileSystem.Primitives, Version=8.0.0.0, Culture=neutral, PublicKeyToken=b03f5f7f11d50a3a".
             Resolved file path is "C:\Program Files\dotnet\packs\Microsoft.NETCore.App.Ref\8.0.22\ref\net8.0\System.IO.FileSystem.Primitives.dll".
             Reference found at search path location "{RawFileName}".
             This reference is not "CopyLocal" because at least one source item had "Private" set to "false" and no source items had "Private" set to "true".
         Primary reference "System.IO.FileSystem.Watcher, Version=8.0.0.0, Culture=neutral, PublicKeyToken=b03f5f7f11d50a3a".
             Resolved file path is "C:\Program Files\dotnet\packs\Microsoft.NETCore.App.Ref\8.0.22\ref\net8.0\System.IO.FileSystem.Watcher.dll".
             Reference found at search path location "{RawFileName}".
             This reference is not "CopyLocal" because at least one source item had "Private" set to "false" and no source items had "Private" set to "true".
         Primary reference "System.IO.FileSystem, Version=8.0.0.0, Culture=neutral, PublicKeyToken=b03f5f7f11d50a3a".
             Resolved file path is "C:\Program Files\dotnet\packs\Microsoft.NETCore.App.Ref\8.0.22\ref\net8.0\System.IO.FileSystem.dll".
             Reference found at search path location "{RawFileName}".
             This reference is not "CopyLocal" because at least one source item had "Private" set to "false" and no source items had "Private" set to "true".
         Primary reference "System.IO.IsolatedStorage, Version=8.0.0.0, Culture=neutral, PublicKeyToken=b03f5f7f11d50a3a".
             Resolved file path is "C:\Program Files\dotnet\packs\Microsoft.NETCore.App.Ref\8.0.22\ref\net8.0\System.IO.IsolatedStorage.dll".
             Reference found at search path location "{RawFileName}".
             This reference is not "CopyLocal" because at least one source item had "Private" set to "false" and no source items had "Private" set to "true".
         Primary reference "System.IO.MemoryMappedFiles, Version=8.0.0.0, Culture=neutral, PublicKeyToken=b03f5f7f11d50a3a".
             Resolved file path is "C:\Program Files\dotnet\packs\Microsoft.NETCore.App.Ref\8.0.22\ref\net8.0\System.IO.MemoryMappedFiles.dll".
             Reference found at search path location "{RawFileName}".
             This reference is not "CopyLocal" because at least one source item had "Private" set to "false" and no source items had "Private" set to "true".
         Primary reference "System.IO.Pipes.AccessControl, Version=8.0.0.0, Culture=neutral, PublicKeyToken=b03f5f7f11d50a3a".
             Resolved file path is "C:\Program Files\dotnet\packs\Microsoft.NETCore.App.Ref\8.0.22\ref\net8.0\System.IO.Pipes.AccessControl.dll".
             Reference found at search path location "{RawFileName}".
             This reference is not "CopyLocal" because at least one source item had "Private" set to "false" and no source items had "Private" set to "true".
         Primary reference "System.IO.Pipes, Version=8.0.0.0, Culture=neutral, PublicKeyToken=b03f5f7f11d50a3a".
             Resolved file path is "C:\Program Files\dotnet\packs\Microsoft.NETCore.App.Ref\8.0.22\ref\net8.0\System.IO.Pipes.dll".
             Reference found at search path location "{RawFileName}".
             This reference is not "CopyLocal" because at least one source item had "Private" set to "false" and no source items had "Private" set to "true".
         Primary reference "System.IO.UnmanagedMemoryStream, Version=8.0.0.0, Culture=neutral, PublicKeyToken=b03f5f7f11d50a3a".
             Resolved file path is "C:\Program Files\dotnet\packs\Microsoft.NETCore.App.Ref\8.0.22\ref\net8.0\System.IO.UnmanagedMemoryStream.dll".
             Reference found at search path location "{RawFileName}".
             This reference is not "CopyLocal" because at least one source item had "Private" set to "false" and no source items had "Private" set to "true".
         Primary reference "System.IO, Version=8.0.0.0, Culture=neutral, PublicKeyToken=b03f5f7f11d50a3a".
             Resolved file path is "C:\Program Files\dotnet\packs\Microsoft.NETCore.App.Ref\8.0.22\ref\net8.0\System.IO.dll".
             Reference found at search path location "{RawFileName}".
             This reference is not "CopyLocal" because at least one source item had "Private" set to "false" and no source items had "Private" set to "true".
         Primary reference "System.Linq.Expressions, Version=8.0.0.0, Culture=neutral, PublicKeyToken=b03f5f7f11d50a3a".
             Resolved file path is "C:\Program Files\dotnet\packs\Microsoft.NETCore.App.Ref\8.0.22\ref\net8.0\System.Linq.Expressions.dll".
             Reference found at search path location "{RawFileName}".
             This reference is not "CopyLocal" because at least one source item had "Private" set to "false" and no source items had "Private" set to "true".
         Primary reference "System.Linq.Parallel, Version=8.0.0.0, Culture=neutral, PublicKeyToken=b03f5f7f11d50a3a".
             Resolved file path is "C:\Program Files\dotnet\packs\Microsoft.NETCore.App.Ref\8.0.22\ref\net8.0\System.Linq.Parallel.dll".
             Reference found at search path location "{RawFileName}".
             This reference is not "CopyLocal" because at least one source item had "Private" set to "false" and no source items had "Private" set to "true".
         Primary reference "System.Linq.Queryable, Version=8.0.0.0, Culture=neutral, PublicKeyToken=b03f5f7f11d50a3a".
             Resolved file path is "C:\Program Files\dotnet\packs\Microsoft.NETCore.App.Ref\8.0.22\ref\net8.0\System.Linq.Queryable.dll".
             Reference found at search path location "{RawFileName}".
             This reference is not "CopyLocal" because at least one source item had "Private" set to "false" and no source items had "Private" set to "true".
         Primary reference "System.Linq, Version=8.0.0.0, Culture=neutral, PublicKeyToken=b03f5f7f11d50a3a".
             Resolved file path is "C:\Program Files\dotnet\packs\Microsoft.NETCore.App.Ref\8.0.22\ref\net8.0\System.Linq.dll".
             Reference found at search path location "{RawFileName}".
             This reference is not "CopyLocal" because at least one source item had "Private" set to "false" and no source items had "Private" set to "true".
         Primary reference "System.Memory, Version=8.0.0.0, Culture=neutral, PublicKeyToken=cc7b13ffcd2ddd51".
             Resolved file path is "C:\Program Files\dotnet\packs\Microsoft.NETCore.App.Ref\8.0.22\ref\net8.0\System.Memory.dll".
             Reference found at search path location "{RawFileName}".
             This reference is not "CopyLocal" because at least one source item had "Private" set to "false" and no source items had "Private" set to "true".
         Primary reference "System.Net.Http.Json, Version=8.0.0.0, Culture=neutral, PublicKeyToken=cc7b13ffcd2ddd51".
             Resolved file path is "C:\Program Files\dotnet\packs\Microsoft.NETCore.App.Ref\8.0.22\ref\net8.0\System.Net.Http.Json.dll".
             Reference found at search path location "{RawFileName}".
             This reference is not "CopyLocal" because at least one source item had "Private" set to "false" and no source items had "Private" set to "true".
         Primary reference "System.Net.Http, Version=8.0.0.0, Culture=neutral, PublicKeyToken=b03f5f7f11d50a3a".
             Resolved file path is "C:\Program Files\dotnet\packs\Microsoft.NETCore.App.Ref\8.0.22\ref\net8.0\System.Net.Http.dll".
             Reference found at search path location "{RawFileName}".
             This reference is not "CopyLocal" because at least one source item had "Private" set to "false" and no source items had "Private" set to "true".
         Primary reference "System.Net.HttpListener, Version=8.0.0.0, Culture=neutral, PublicKeyToken=cc7b13ffcd2ddd51".
             Resolved file path is "C:\Program Files\dotnet\packs\Microsoft.NETCore.App.Ref\8.0.22\ref\net8.0\System.Net.HttpListener.dll".
             Reference found at search path location "{RawFileName}".
             This reference is not "CopyLocal" because at least one source item had "Private" set to "false" and no source items had "Private" set to "true".
         Primary reference "System.Net.Mail, Version=8.0.0.0, Culture=neutral, PublicKeyToken=cc7b13ffcd2ddd51".
             Resolved file path is "C:\Program Files\dotnet\packs\Microsoft.NETCore.App.Ref\8.0.22\ref\net8.0\System.Net.Mail.dll".
             Reference found at search path location "{RawFileName}".
             This reference is not "CopyLocal" because at least one source item had "Private" set to "false" and no source items had "Private" set to "true".
         Primary reference "System.Net.NameResolution, Version=8.0.0.0, Culture=neutral, PublicKeyToken=b03f5f7f11d50a3a".
             Resolved file path is "C:\Program Files\dotnet\packs\Microsoft.NETCore.App.Ref\8.0.22\ref\net8.0\System.Net.NameResolution.dll".
             Reference found at search path location "{RawFileName}".
             This reference is not "CopyLocal" because at least one source item had "Private" set to "false" and no source items had "Private" set to "true".
         Primary reference "System.Net.NetworkInformation, Version=8.0.0.0, Culture=neutral, PublicKeyToken=b03f5f7f11d50a3a".
             Resolved file path is "C:\Program Files\dotnet\packs\Microsoft.NETCore.App.Ref\8.0.22\ref\net8.0\System.Net.NetworkInformation.dll".
             Reference found at search path location "{RawFileName}".
             This reference is not "CopyLocal" because at least one source item had "Private" set to "false" and no source items had "Private" set to "true".
         Primary reference "System.Net.Ping, Version=8.0.0.0, Culture=neutral, PublicKeyToken=b03f5f7f11d50a3a".
             Resolved file path is "C:\Program Files\dotnet\packs\Microsoft.NETCore.App.Ref\8.0.22\ref\net8.0\System.Net.Ping.dll".
             Reference found at search path location "{RawFileName}".
             This reference is not "CopyLocal" because at least one source item had "Private" set to "false" and no source items had "Private" set to "true".
         Primary reference "System.Net.Primitives, Version=8.0.0.0, Culture=neutral, PublicKeyToken=b03f5f7f11d50a3a".
             Resolved file path is "C:\Program Files\dotnet\packs\Microsoft.NETCore.App.Ref\8.0.22\ref\net8.0\System.Net.Primitives.dll".
             Reference found at search path location "{RawFileName}".
             This reference is not "CopyLocal" because at least one source item had "Private" set to "false" and no source items had "Private" set to "true".
         Primary reference "System.Net.Quic, Version=8.0.0.0, Culture=neutral, PublicKeyToken=b03f5f7f11d50a3a".
             Resolved file path is "C:\Program Files\dotnet\packs\Microsoft.NETCore.App.Ref\8.0.22\ref\net8.0\System.Net.Quic.dll".
             Reference found at search path location "{RawFileName}".
             This reference is not "CopyLocal" because at least one source item had "Private" set to "false" and no source items had "Private" set to "true".
         Primary reference "System.Net.Requests, Version=8.0.0.0, Culture=neutral, PublicKeyToken=b03f5f7f11d50a3a".
             Resolved file path is "C:\Program Files\dotnet\packs\Microsoft.NETCore.App.Ref\8.0.22\ref\net8.0\System.Net.Requests.dll".
             Reference found at search path location "{RawFileName}".
             This reference is not "CopyLocal" because at least one source item had "Private" set to "false" and no source items had "Private" set to "true".
         Primary reference "System.Net.Security, Version=8.0.0.0, Culture=neutral, PublicKeyToken=b03f5f7f11d50a3a".
             Resolved file path is "C:\Program Files\dotnet\packs\Microsoft.NETCore.App.Ref\8.0.22\ref\net8.0\System.Net.Security.dll".
             Reference found at search path location "{RawFileName}".
             This reference is not "CopyLocal" because at least one source item had "Private" set to "false" and no source items had "Private" set to "true".
         Primary reference "System.Net.ServicePoint, Version=8.0.0.0, Culture=neutral, PublicKeyToken=cc7b13ffcd2ddd51".
             Resolved file path is "C:\Program Files\dotnet\packs\Microsoft.NETCore.App.Ref\8.0.22\ref\net8.0\System.Net.ServicePoint.dll".
             Reference found at search path location "{RawFileName}".
             This reference is not "CopyLocal" because at least one source item had "Private" set to "false" and no source items had "Private" set to "true".
         Primary reference "System.Net.Sockets, Version=8.0.0.0, Culture=neutral, PublicKeyToken=b03f5f7f11d50a3a".
             Resolved file path is "C:\Program Files\dotnet\packs\Microsoft.NETCore.App.Ref\8.0.22\ref\net8.0\System.Net.Sockets.dll".
             Reference found at search path location "{RawFileName}".
             This reference is not "CopyLocal" because at least one source item had "Private" set to "false" and no source items had "Private" set to "true".
         Primary reference "System.Net.WebClient, Version=8.0.0.0, Culture=neutral, PublicKeyToken=cc7b13ffcd2ddd51".
             Resolved file path is "C:\Program Files\dotnet\packs\Microsoft.NETCore.App.Ref\8.0.22\ref\net8.0\System.Net.WebClient.dll".
             Reference found at search path location "{RawFileName}".
             This reference is not "CopyLocal" because at least one source item had "Private" set to "false" and no source items had "Private" set to "true".
         Primary reference "System.Net.WebHeaderCollection, Version=8.0.0.0, Culture=neutral, PublicKeyToken=b03f5f7f11d50a3a".
             Resolved file path is "C:\Program Files\dotnet\packs\Microsoft.NETCore.App.Ref\8.0.22\ref\net8.0\System.Net.WebHeaderCollection.dll".
             Reference found at search path location "{RawFileName}".
             This reference is not "CopyLocal" because at least one source item had "Private" set to "false" and no source items had "Private" set to "true".
         Primary reference "System.Net.WebProxy, Version=8.0.0.0, Culture=neutral, PublicKeyToken=cc7b13ffcd2ddd51".
             Resolved file path is "C:\Program Files\dotnet\packs\Microsoft.NETCore.App.Ref\8.0.22\ref\net8.0\System.Net.WebProxy.dll".
             Reference found at search path location "{RawFileName}".
             This reference is not "CopyLocal" because at least one source item had "Private" set to "false" and no source items had "Private" set to "true".
         Primary reference "System.Net.WebSockets.Client, Version=8.0.0.0, Culture=neutral, PublicKeyToken=b03f5f7f11d50a3a".
             Resolved file path is "C:\Program Files\dotnet\packs\Microsoft.NETCore.App.Ref\8.0.22\ref\net8.0\System.Net.WebSockets.Client.dll".
             Reference found at search path location "{RawFileName}".
             This reference is not "CopyLocal" because at least one source item had "Private" set to "false" and no source items had "Private" set to "true".
         Primary reference "System.Net.WebSockets, Version=8.0.0.0, Culture=neutral, PublicKeyToken=b03f5f7f11d50a3a".
             Resolved file path is "C:\Program Files\dotnet\packs\Microsoft.NETCore.App.Ref\8.0.22\ref\net8.0\System.Net.WebSockets.dll".
             Reference found at search path location "{RawFileName}".
             This reference is not "CopyLocal" because at least one source item had "Private" set to "false" and no source items had "Private" set to "true".
         Primary reference "System.Net, Version=4.0.0.0, Culture=neutral, PublicKeyToken=b03f5f7f11d50a3a".
             Resolved file path is "C:\Program Files\dotnet\packs\Microsoft.NETCore.App.Ref\8.0.22\ref\net8.0\System.Net.dll".
             Reference found at search path location "{RawFileName}".
             This reference is not "CopyLocal" because at least one source item had "Private" set to "false" and no source items had "Private" set to "true".
         Primary reference "System.Numerics.Vectors, Version=8.0.0.0, Culture=neutral, PublicKeyToken=b03f5f7f11d50a3a".
             Resolved file path is "C:\Program Files\dotnet\packs\Microsoft.NETCore.App.Ref\8.0.22\ref\net8.0\System.Numerics.Vectors.dll".
             Reference found at search path location "{RawFileName}".
             This reference is not "CopyLocal" because at least one source item had "Private" set to "false" and no source items had "Private" set to "true".
         Primary reference "System.Numerics, Version=4.0.0.0, Culture=neutral, PublicKeyToken=b77a5c561934e089".
             Resolved file path is "C:\Program Files\dotnet\packs\Microsoft.NETCore.App.Ref\8.0.22\ref\net8.0\System.Numerics.dll".
             Reference found at search path location "{RawFileName}".
             This reference is not "CopyLocal" because at least one source item had "Private" set to "false" and no source items had "Private" set to "true".
         Primary reference "System.ObjectModel, Version=8.0.0.0, Culture=neutral, PublicKeyToken=b03f5f7f11d50a3a".
             Resolved file path is "C:\Program Files\dotnet\packs\Microsoft.NETCore.App.Ref\8.0.22\ref\net8.0\System.ObjectModel.dll".
             Reference found at search path location "{RawFileName}".
             This reference is not "CopyLocal" because at least one source item had "Private" set to "false" and no source items had "Private" set to "true".
         Primary reference "System.Reflection.DispatchProxy, Version=8.0.0.0, Culture=neutral, PublicKeyToken=b03f5f7f11d50a3a".
             Resolved file path is "C:\Program Files\dotnet\packs\Microsoft.NETCore.App.Ref\8.0.22\ref\net8.0\System.Reflection.DispatchProxy.dll".
             Reference found at search path location "{RawFileName}".
             This reference is not "CopyLocal" because at least one source item had "Private" set to "false" and no source items had "Private" set to "true".
         Primary reference "System.Reflection.Emit.ILGeneration, Version=8.0.0.0, Culture=neutral, PublicKeyToken=b03f5f7f11d50a3a".
             Resolved file path is "C:\Program Files\dotnet\packs\Microsoft.NETCore.App.Ref\8.0.22\ref\net8.0\System.Reflection.Emit.ILGeneration.dll".
             Reference found at search path location "{RawFileName}".
             This reference is not "CopyLocal" because at least one source item had "Private" set to "false" and no source items had "Private" set to "true".
         Primary reference "System.Reflection.Emit.Lightweight, Version=8.0.0.0, Culture=neutral, PublicKeyToken=b03f5f7f11d50a3a".
             Resolved file path is "C:\Program Files\dotnet\packs\Microsoft.NETCore.App.Ref\8.0.22\ref\net8.0\System.Reflection.Emit.Lightweight.dll".
             Reference found at search path location "{RawFileName}".
             This reference is not "CopyLocal" because at least one source item had "Private" set to "false" and no source items had "Private" set to "true".
         Primary reference "System.Reflection.Emit, Version=8.0.0.0, Culture=neutral, PublicKeyToken=b03f5f7f11d50a3a".
             Resolved file path is "C:\Program Files\dotnet\packs\Microsoft.NETCore.App.Ref\8.0.22\ref\net8.0\System.Reflection.Emit.dll".
             Reference found at search path location "{RawFileName}".
             This reference is not "CopyLocal" because at least one source item had "Private" set to "false" and no source items had "Private" set to "true".
         Primary reference "System.Reflection.Extensions, Version=8.0.0.0, Culture=neutral, PublicKeyToken=b03f5f7f11d50a3a".
             Resolved file path is "C:\Program Files\dotnet\packs\Microsoft.NETCore.App.Ref\8.0.22\ref\net8.0\System.Reflection.Extensions.dll".
             Reference found at search path location "{RawFileName}".
             This reference is not "CopyLocal" because at least one source item had "Private" set to "false" and no source items had "Private" set to "true".
         Primary reference "System.Reflection.Metadata, Version=8.0.0.0, Culture=neutral, PublicKeyToken=b03f5f7f11d50a3a".
             Resolved file path is "C:\Program Files\dotnet\packs\Microsoft.NETCore.App.Ref\8.0.22\ref\net8.0\System.Reflection.Metadata.dll".
             Reference found at search path location "{RawFileName}".
             This reference is not "CopyLocal" because at least one source item had "Private" set to "false" and no source items had "Private" set to "true".
         Primary reference "System.Reflection.Primitives, Version=8.0.0.0, Culture=neutral, PublicKeyToken=b03f5f7f11d50a3a".
             Resolved file path is "C:\Program Files\dotnet\packs\Microsoft.NETCore.App.Ref\8.0.22\ref\net8.0\System.Reflection.Primitives.dll".
             Reference found at search path location "{RawFileName}".
             This reference is not "CopyLocal" because at least one source item had "Private" set to "false" and no source items had "Private" set to "true".
         Primary reference "System.Reflection.TypeExtensions, Version=8.0.0.0, Culture=neutral, PublicKeyToken=b03f5f7f11d50a3a".
             Resolved file path is "C:\Program Files\dotnet\packs\Microsoft.NETCore.App.Ref\8.0.22\ref\net8.0\System.Reflection.TypeExtensions.dll".
             Reference found at search path location "{RawFileName}".
             This reference is not "CopyLocal" because at least one source item had "Private" set to "false" and no source items had "Private" set to "true".
         Primary reference "System.Reflection, Version=8.0.0.0, Culture=neutral, PublicKeyToken=b03f5f7f11d50a3a".
             Resolved file path is "C:\Program Files\dotnet\packs\Microsoft.NETCore.App.Ref\8.0.22\ref\net8.0\System.Reflection.dll".
             Reference found at search path location "{RawFileName}".
             This reference is not "CopyLocal" because at least one source item had "Private" set to "false" and no source items had "Private" set to "true".
         Primary reference "System.Resources.Reader, Version=8.0.0.0, Culture=neutral, PublicKeyToken=b03f5f7f11d50a3a".
             Resolved file path is "C:\Program Files\dotnet\packs\Microsoft.NETCore.App.Ref\8.0.22\ref\net8.0\System.Resources.Reader.dll".
             Reference found at search path location "{RawFileName}".
             This reference is not "CopyLocal" because at least one source item had "Private" set to "false" and no source items had "Private" set to "true".
         Primary reference "System.Resources.ResourceManager, Version=8.0.0.0, Culture=neutral, PublicKeyToken=b03f5f7f11d50a3a".
             Resolved file path is "C:\Program Files\dotnet\packs\Microsoft.NETCore.App.Ref\8.0.22\ref\net8.0\System.Resources.ResourceManager.dll".
             Reference found at search path location "{RawFileName}".
             This reference is not "CopyLocal" because at least one source item had "Private" set to "false" and no source items had "Private" set to "true".
         Primary reference "System.Resources.Writer, Version=8.0.0.0, Culture=neutral, PublicKeyToken=b03f5f7f11d50a3a".
             Resolved file path is "C:\Program Files\dotnet\packs\Microsoft.NETCore.App.Ref\8.0.22\ref\net8.0\System.Resources.Writer.dll".
             Reference found at search path location "{RawFileName}".
             This reference is not "CopyLocal" because at least one source item had "Private" set to "false" and no source items had "Private" set to "true".
         Primary reference "System.Runtime.CompilerServices.Unsafe, Version=8.0.0.0, Culture=neutral, PublicKeyToken=b03f5f7f11d50a3a".
             Resolved file path is "C:\Program Files\dotnet\packs\Microsoft.NETCore.App.Ref\8.0.22\ref\net8.0\System.Runtime.CompilerServices.Unsafe.dll".
             Reference found at search path location "{RawFileName}".
             This reference is not "CopyLocal" because at least one source item had "Private" set to "false" and no source items had "Private" set to "true".
         Primary reference "System.Runtime.CompilerServices.VisualC, Version=8.0.0.0, Culture=neutral, PublicKeyToken=b03f5f7f11d50a3a".
             Resolved file path is "C:\Program Files\dotnet\packs\Microsoft.NETCore.App.Ref\8.0.22\ref\net8.0\System.Runtime.CompilerServices.VisualC.dll".
             Reference found at search path location "{RawFileName}".
             This reference is not "CopyLocal" because at least one source item had "Private" set to "false" and no source items had "Private" set to "true".
         Primary reference "System.Runtime.Extensions, Version=8.0.0.0, Culture=neutral, PublicKeyToken=b03f5f7f11d50a3a".
             Resolved file path is "C:\Program Files\dotnet\packs\Microsoft.NETCore.App.Ref\8.0.22\ref\net8.0\System.Runtime.Extensions.dll".
             Reference found at search path location "{RawFileName}".
             This reference is not "CopyLocal" because at least one source item had "Private" set to "false" and no source items had "Private" set to "true".
         Primary reference "System.Runtime.Handles, Version=8.0.0.0, Culture=neutral, PublicKeyToken=b03f5f7f11d50a3a".
             Resolved file path is "C:\Program Files\dotnet\packs\Microsoft.NETCore.App.Ref\8.0.22\ref\net8.0\System.Runtime.Handles.dll".
             Reference found at search path location "{RawFileName}".
             This reference is not "CopyLocal" because at least one source item had "Private" set to "false" and no source items had "Private" set to "true".
         Primary reference "System.Runtime.InteropServices.JavaScript, Version=8.0.0.0, Culture=neutral, PublicKeyToken=b03f5f7f11d50a3a".
             Resolved file path is "C:\Program Files\dotnet\packs\Microsoft.NETCore.App.Ref\8.0.22\ref\net8.0\System.Runtime.InteropServices.JavaScript.dll".
             Reference found at search path location "{RawFileName}".
             This reference is not "CopyLocal" because at least one source item had "Private" set to "false" and no source items had "Private" set to "true".
         Primary reference "System.Runtime.InteropServices.RuntimeInformation, Version=8.0.0.0, Culture=neutral, PublicKeyToken=b03f5f7f11d50a3a".
             Resolved file path is "C:\Program Files\dotnet\packs\Microsoft.NETCore.App.Ref\8.0.22\ref\net8.0\System.Runtime.InteropServices.RuntimeInformation.dll".
             Reference found at search path location "{RawFileName}".
             This reference is not "CopyLocal" because at least one source item had "Private" set to "false" and no source items had "Private" set to "true".
         Primary reference "System.Runtime.InteropServices, Version=8.0.0.0, Culture=neutral, PublicKeyToken=b03f5f7f11d50a3a".
             Resolved file path is "C:\Program Files\dotnet\packs\Microsoft.NETCore.App.Ref\8.0.22\ref\net8.0\System.Runtime.InteropServices.dll".
             Reference found at search path location "{RawFileName}".
             This reference is not "CopyLocal" because at least one source item had "Private" set to "false" and no source items had "Private" set to "true".
         Primary reference "System.Runtime.Intrinsics, Version=8.0.0.0, Culture=neutral, PublicKeyToken=cc7b13ffcd2ddd51".
             Resolved file path is "C:\Program Files\dotnet\packs\Microsoft.NETCore.App.Ref\8.0.22\ref\net8.0\System.Runtime.Intrinsics.dll".
             Reference found at search path location "{RawFileName}".
             This reference is not "CopyLocal" because at least one source item had "Private" set to "false" and no source items had "Private" set to "true".
         Primary reference "System.Runtime.Loader, Version=8.0.0.0, Culture=neutral, PublicKeyToken=b03f5f7f11d50a3a".
             Resolved file path is "C:\Program Files\dotnet\packs\Microsoft.NETCore.App.Ref\8.0.22\ref\net8.0\System.Runtime.Loader.dll".
             Reference found at search path location "{RawFileName}".
             This reference is not "CopyLocal" because at least one source item had "Private" set to "false" and no source items had "Private" set to "true".
         Primary reference "System.Runtime.Numerics, Version=8.0.0.0, Culture=neutral, PublicKeyToken=b03f5f7f11d50a3a".
             Resolved file path is "C:\Program Files\dotnet\packs\Microsoft.NETCore.App.Ref\8.0.22\ref\net8.0\System.Runtime.Numerics.dll".
             Reference found at search path location "{RawFileName}".
             This reference is not "CopyLocal" because at least one source item had "Private" set to "false" and no source items had "Private" set to "true".
         Primary reference "System.Runtime.Serialization.Formatters, Version=8.0.0.0, Culture=neutral, PublicKeyToken=b03f5f7f11d50a3a".
             Resolved file path is "C:\Program Files\dotnet\packs\Microsoft.NETCore.App.Ref\8.0.22\ref\net8.0\System.Runtime.Serialization.Formatters.dll".
             Reference found at search path location "{RawFileName}".
             This reference is not "CopyLocal" because at least one source item had "Private" set to "false" and no source items had "Private" set to "true".
         Primary reference "System.Runtime.Serialization.Json, Version=8.0.0.0, Culture=neutral, PublicKeyToken=b03f5f7f11d50a3a".
             Resolved file path is "C:\Program Files\dotnet\packs\Microsoft.NETCore.App.Ref\8.0.22\ref\net8.0\System.Runtime.Serialization.Json.dll".
             Reference found at search path location "{RawFileName}".
             This reference is not "CopyLocal" because at least one source item had "Private" set to "false" and no source items had "Private" set to "true".
         Primary reference "System.Runtime.Serialization.Primitives, Version=8.0.0.0, Culture=neutral, PublicKeyToken=b03f5f7f11d50a3a".
             Resolved file path is "C:\Program Files\dotnet\packs\Microsoft.NETCore.App.Ref\8.0.22\ref\net8.0\System.Runtime.Serialization.Primitives.dll".
             Reference found at search path location "{RawFileName}".
             This reference is not "CopyLocal" because at least one source item had "Private" set to "false" and no source items had "Private" set to "true".
         Primary reference "System.Runtime.Serialization.Xml, Version=8.0.0.0, Culture=neutral, PublicKeyToken=b03f5f7f11d50a3a".
             Resolved file path is "C:\Program Files\dotnet\packs\Microsoft.NETCore.App.Ref\8.0.22\ref\net8.0\System.Runtime.Serialization.Xml.dll".
             Reference found at search path location "{RawFileName}".
             This reference is not "CopyLocal" because at least one source item had "Private" set to "false" and no source items had "Private" set to "true".
         Primary reference "System.Runtime.Serialization, Version=4.0.0.0, Culture=neutral, PublicKeyToken=b77a5c561934e089".
             Resolved file path is "C:\Program Files\dotnet\packs\Microsoft.NETCore.App.Ref\8.0.22\ref\net8.0\System.Runtime.Serialization.dll".
             Reference found at search path location "{RawFileName}".
             This reference is not "CopyLocal" because at least one source item had "Private" set to "false" and no source items had "Private" set to "true".
         Primary reference "System.Runtime, Version=8.0.0.0, Culture=neutral, PublicKeyToken=b03f5f7f11d50a3a".
             Resolved file path is "C:\Program Files\dotnet\packs\Microsoft.NETCore.App.Ref\8.0.22\ref\net8.0\System.Runtime.dll".
             Reference found at search path location "{RawFileName}".
             This reference is not "CopyLocal" because at least one source item had "Private" set to "false" and no source items had "Private" set to "true".
         Primary reference "System.Security.AccessControl, Version=8.0.0.0, Culture=neutral, PublicKeyToken=b03f5f7f11d50a3a".
             Resolved file path is "C:\Program Files\dotnet\packs\Microsoft.NETCore.App.Ref\8.0.22\ref\net8.0\System.Security.AccessControl.dll".
             Reference found at search path location "{RawFileName}".
             This reference is not "CopyLocal" because at least one source item had "Private" set to "false" and no source items had "Private" set to "true".
         Primary reference "System.Security.Claims, Version=8.0.0.0, Culture=neutral, PublicKeyToken=b03f5f7f11d50a3a".
             Resolved file path is "C:\Program Files\dotnet\packs\Microsoft.NETCore.App.Ref\8.0.22\ref\net8.0\System.Security.Claims.dll".
             Reference found at search path location "{RawFileName}".
             This reference is not "CopyLocal" because at least one source item had "Private" set to "false" and no source items had "Private" set to "true".
         Primary reference "System.Security.Cryptography.Algorithms, Version=8.0.0.0, Culture=neutral, PublicKeyToken=b03f5f7f11d50a3a".
             Resolved file path is "C:\Program Files\dotnet\packs\Microsoft.NETCore.App.Ref\8.0.22\ref\net8.0\System.Security.Cryptography.Algorithms.dll".
             Reference found at search path location "{RawFileName}".
             This reference is not "CopyLocal" because at least one source item had "Private" set to "false" and no source items had "Private" set to "true".
         Primary reference "System.Security.Cryptography.Cng, Version=8.0.0.0, Culture=neutral, PublicKeyToken=b03f5f7f11d50a3a".
             Resolved file path is "C:\Program Files\dotnet\packs\Microsoft.NETCore.App.Ref\8.0.22\ref\net8.0\System.Security.Cryptography.Cng.dll".
             Reference found at search path location "{RawFileName}".
             This reference is not "CopyLocal" because at least one source item had "Private" set to "false" and no source items had "Private" set to "true".
         Primary reference "System.Security.Cryptography.Csp, Version=8.0.0.0, Culture=neutral, PublicKeyToken=b03f5f7f11d50a3a".
             Resolved file path is "C:\Program Files\dotnet\packs\Microsoft.NETCore.App.Ref\8.0.22\ref\net8.0\System.Security.Cryptography.Csp.dll".
             Reference found at search path location "{RawFileName}".
             This reference is not "CopyLocal" because at least one source item had "Private" set to "false" and no source items had "Private" set to "true".
         Primary reference "System.Security.Cryptography.Encoding, Version=8.0.0.0, Culture=neutral, PublicKeyToken=b03f5f7f11d50a3a".
             Resolved file path is "C:\Program Files\dotnet\packs\Microsoft.NETCore.App.Ref\8.0.22\ref\net8.0\System.Security.Cryptography.Encoding.dll".
             Reference found at search path location "{RawFileName}".
             This reference is not "CopyLocal" because at least one source item had "Private" set to "false" and no source items had "Private" set to "true".
         Primary reference "System.Security.Cryptography.OpenSsl, Version=8.0.0.0, Culture=neutral, PublicKeyToken=b03f5f7f11d50a3a".
             Resolved file path is "C:\Program Files\dotnet\packs\Microsoft.NETCore.App.Ref\8.0.22\ref\net8.0\System.Security.Cryptography.OpenSsl.dll".
             Reference found at search path location "{RawFileName}".
             This reference is not "CopyLocal" because at least one source item had "Private" set to "false" and no source items had "Private" set to "true".
         Primary reference "System.Security.Cryptography.Primitives, Version=8.0.0.0, Culture=neutral, PublicKeyToken=b03f5f7f11d50a3a".
             Resolved file path is "C:\Program Files\dotnet\packs\Microsoft.NETCore.App.Ref\8.0.22\ref\net8.0\System.Security.Cryptography.Primitives.dll".
             Reference found at search path location "{RawFileName}".
             This reference is not "CopyLocal" because at least one source item had "Private" set to "false" and no source items had "Private" set to "true".
         Primary reference "System.Security.Cryptography.X509Certificates, Version=8.0.0.0, Culture=neutral, PublicKeyToken=b03f5f7f11d50a3a".
             Resolved file path is "C:\Program Files\dotnet\packs\Microsoft.NETCore.App.Ref\8.0.22\ref\net8.0\System.Security.Cryptography.X509Certificates.dll".
             Reference found at search path location "{RawFileName}".
             This reference is not "CopyLocal" because at least one source item had "Private" set to "false" and no source items had "Private" set to "true".
         Primary reference "System.Security.Cryptography, Version=8.0.0.0, Culture=neutral, PublicKeyToken=b03f5f7f11d50a3a".
             Resolved file path is "C:\Program Files\dotnet\packs\Microsoft.NETCore.App.Ref\8.0.22\ref\net8.0\System.Security.Cryptography.dll".
             Reference found at search path location "{RawFileName}".
             This reference is not "CopyLocal" because at least one source item had "Private" set to "false" and no source items had "Private" set to "true".
         Primary reference "System.Security.Principal.Windows, Version=8.0.0.0, Culture=neutral, PublicKeyToken=b03f5f7f11d50a3a".
             Resolved file path is "C:\Program Files\dotnet\packs\Microsoft.NETCore.App.Ref\8.0.22\ref\net8.0\System.Security.Principal.Windows.dll".
             Reference found at search path location "{RawFileName}".
             This reference is not "CopyLocal" because at least one source item had "Private" set to "false" and no source items had "Private" set to "true".
         Primary reference "System.Security.Principal, Version=8.0.0.0, Culture=neutral, PublicKeyToken=b03f5f7f11d50a3a".
             Resolved file path is "C:\Program Files\dotnet\packs\Microsoft.NETCore.App.Ref\8.0.22\ref\net8.0\System.Security.Principal.dll".
             Reference found at search path location "{RawFileName}".
             This reference is not "CopyLocal" because at least one source item had "Private" set to "false" and no source items had "Private" set to "true".
         Primary reference "System.Security.SecureString, Version=8.0.0.0, Culture=neutral, PublicKeyToken=b03f5f7f11d50a3a".
             Resolved file path is "C:\Program Files\dotnet\packs\Microsoft.NETCore.App.Ref\8.0.22\ref\net8.0\System.Security.SecureString.dll".
             Reference found at search path location "{RawFileName}".
             This reference is not "CopyLocal" because at least one source item had "Private" set to "false" and no source items had "Private" set to "true".
         Primary reference "System.Security, Version=4.0.0.0, Culture=neutral, PublicKeyToken=b03f5f7f11d50a3a".
             Resolved file path is "C:\Program Files\dotnet\packs\Microsoft.NETCore.App.Ref\8.0.22\ref\net8.0\System.Security.dll".
             Reference found at search path location "{RawFileName}".
             This reference is not "CopyLocal" because at least one source item had "Private" set to "false" and no source items had "Private" set to "true".
         Primary reference "System.ServiceModel.Web, Version=4.0.0.0, Culture=neutral, PublicKeyToken=31bf3856ad364e35".
             Resolved file path is "C:\Program Files\dotnet\packs\Microsoft.NETCore.App.Ref\8.0.22\ref\net8.0\System.ServiceModel.Web.dll".
             Reference found at search path location "{RawFileName}".
             This reference is not "CopyLocal" because at least one source item had "Private" set to "false" and no source items had "Private" set to "true".
         Primary reference "System.ServiceProcess, Version=4.0.0.0, Culture=neutral, PublicKeyToken=b03f5f7f11d50a3a".
             Resolved file path is "C:\Program Files\dotnet\packs\Microsoft.NETCore.App.Ref\8.0.22\ref\net8.0\System.ServiceProcess.dll".
             Reference found at search path location "{RawFileName}".
             This reference is not "CopyLocal" because at least one source item had "Private" set to "false" and no source items had "Private" set to "true".
         Primary reference "System.Text.Encoding.CodePages, Version=8.0.0.0, Culture=neutral, PublicKeyToken=b03f5f7f11d50a3a".
             Resolved file path is "C:\Program Files\dotnet\packs\Microsoft.NETCore.App.Ref\8.0.22\ref\net8.0\System.Text.Encoding.CodePages.dll".
             Reference found at search path location "{RawFileName}".
             This reference is not "CopyLocal" because at least one source item had "Private" set to "false" and no source items had "Private" set to "true".
         Primary reference "System.Text.Encoding.Extensions, Version=8.0.0.0, Culture=neutral, PublicKeyToken=b03f5f7f11d50a3a".
             Resolved file path is "C:\Program Files\dotnet\packs\Microsoft.NETCore.App.Ref\8.0.22\ref\net8.0\System.Text.Encoding.Extensions.dll".
             Reference found at search path location "{RawFileName}".
             This reference is not "CopyLocal" because at least one source item had "Private" set to "false" and no source items had "Private" set to "true".
         Primary reference "System.Text.Encoding, Version=8.0.0.0, Culture=neutral, PublicKeyToken=b03f5f7f11d50a3a".
             Resolved file path is "C:\Program Files\dotnet\packs\Microsoft.NETCore.App.Ref\8.0.22\ref\net8.0\System.Text.Encoding.dll".
             Reference found at search path location "{RawFileName}".
             This reference is not "CopyLocal" because at least one source item had "Private" set to "false" and no source items had "Private" set to "true".
         Primary reference "System.Text.Encodings.Web, Version=8.0.0.0, Culture=neutral, PublicKeyToken=cc7b13ffcd2ddd51".
             Resolved file path is "C:\Program Files\dotnet\packs\Microsoft.NETCore.App.Ref\8.0.22\ref\net8.0\System.Text.Encodings.Web.dll".
             Reference found at search path location "{RawFileName}".
             This reference is not "CopyLocal" because at least one source item had "Private" set to "false" and no source items had "Private" set to "true".
         Primary reference "System.Text.Json, Version=8.0.0.0, Culture=neutral, PublicKeyToken=cc7b13ffcd2ddd51".
             Resolved file path is "C:\Program Files\dotnet\packs\Microsoft.NETCore.App.Ref\8.0.22\ref\net8.0\System.Text.Json.dll".
             Reference found at search path location "{RawFileName}".
             This reference is not "CopyLocal" because at least one source item had "Private" set to "false" and no source items had "Private" set to "true".
         Primary reference "System.Text.RegularExpressions, Version=8.0.0.0, Culture=neutral, PublicKeyToken=b03f5f7f11d50a3a".
             Resolved file path is "C:\Program Files\dotnet\packs\Microsoft.NETCore.App.Ref\8.0.22\ref\net8.0\System.Text.RegularExpressions.dll".
             Reference found at search path location "{RawFileName}".
             This reference is not "CopyLocal" because at least one source item had "Private" set to "false" and no source items had "Private" set to "true".
         Primary reference "System.Threading.Channels, Version=8.0.0.0, Culture=neutral, PublicKeyToken=cc7b13ffcd2ddd51".
             Resolved file path is "C:\Program Files\dotnet\packs\Microsoft.NETCore.App.Ref\8.0.22\ref\net8.0\System.Threading.Channels.dll".
             Reference found at search path location "{RawFileName}".
             This reference is not "CopyLocal" because at least one source item had "Private" set to "false" and no source items had "Private" set to "true".
         Primary reference "System.Threading.Overlapped, Version=8.0.0.0, Culture=neutral, PublicKeyToken=b03f5f7f11d50a3a".
             Resolved file path is "C:\Program Files\dotnet\packs\Microsoft.NETCore.App.Ref\8.0.22\ref\net8.0\System.Threading.Overlapped.dll".
             Reference found at search path location "{RawFileName}".
             This reference is not "CopyLocal" because at least one source item had "Private" set to "false" and no source items had "Private" set to "true".
         Primary reference "System.Threading.Tasks.Dataflow, Version=8.0.0.0, Culture=neutral, PublicKeyToken=b03f5f7f11d50a3a".
             Resolved file path is "C:\Program Files\dotnet\packs\Microsoft.NETCore.App.Ref\8.0.22\ref\net8.0\System.Threading.Tasks.Dataflow.dll".
             Reference found at search path location "{RawFileName}".
             This reference is not "CopyLocal" because at least one source item had "Private" set to "false" and no source items had "Private" set to "true".
         Primary reference "System.Threading.Tasks.Extensions, Version=8.0.0.0, Culture=neutral, PublicKeyToken=cc7b13ffcd2ddd51".
             Resolved file path is "C:\Program Files\dotnet\packs\Microsoft.NETCore.App.Ref\8.0.22\ref\net8.0\System.Threading.Tasks.Extensions.dll".
             Reference found at search path location "{RawFileName}".
             This reference is not "CopyLocal" because at least one source item had "Private" set to "false" and no source items had "Private" set to "true".
         Primary reference "System.Threading.Tasks.Parallel, Version=8.0.0.0, Culture=neutral, PublicKeyToken=b03f5f7f11d50a3a".
             Resolved file path is "C:\Program Files\dotnet\packs\Microsoft.NETCore.App.Ref\8.0.22\ref\net8.0\System.Threading.Tasks.Parallel.dll".
             Reference found at search path location "{RawFileName}".
             This reference is not "CopyLocal" because at least one source item had "Private" set to "false" and no source items had "Private" set to "true".
         Primary reference "System.Threading.Tasks, Version=8.0.0.0, Culture=neutral, PublicKeyToken=b03f5f7f11d50a3a".
             Resolved file path is "C:\Program Files\dotnet\packs\Microsoft.NETCore.App.Ref\8.0.22\ref\net8.0\System.Threading.Tasks.dll".
             Reference found at search path location "{RawFileName}".
             This reference is not "CopyLocal" because at least one source item had "Private" set to "false" and no source items had "Private" set to "true".
         Primary reference "System.Threading.Thread, Version=8.0.0.0, Culture=neutral, PublicKeyToken=b03f5f7f11d50a3a".
             Resolved file path is "C:\Program Files\dotnet\packs\Microsoft.NETCore.App.Ref\8.0.22\ref\net8.0\System.Threading.Thread.dll".
             Reference found at search path location "{RawFileName}".
             This reference is not "CopyLocal" because at least one source item had "Private" set to "false" and no source items had "Private" set to "true".
         Primary reference "System.Threading.ThreadPool, Version=8.0.0.0, Culture=neutral, PublicKeyToken=b03f5f7f11d50a3a".
             Resolved file path is "C:\Program Files\dotnet\packs\Microsoft.NETCore.App.Ref\8.0.22\ref\net8.0\System.Threading.ThreadPool.dll".
             Reference found at search path location "{RawFileName}".
             This reference is not "CopyLocal" because at least one source item had "Private" set to "false" and no source items had "Private" set to "true".
         Primary reference "System.Threading.Timer, Version=8.0.0.0, Culture=neutral, PublicKeyToken=b03f5f7f11d50a3a".
             Resolved file path is "C:\Program Files\dotnet\packs\Microsoft.NETCore.App.Ref\8.0.22\ref\net8.0\System.Threading.Timer.dll".
             Reference found at search path location "{RawFileName}".
             This reference is not "CopyLocal" because at least one source item had "Private" set to "false" and no source items had "Private" set to "true".
         Primary reference "System.Threading, Version=8.0.0.0, Culture=neutral, PublicKeyToken=b03f5f7f11d50a3a".
             Resolved file path is "C:\Program Files\dotnet\packs\Microsoft.NETCore.App.Ref\8.0.22\ref\net8.0\System.Threading.dll".
             Reference found at search path location "{RawFileName}".
             This reference is not "CopyLocal" because at least one source item had "Private" set to "false" and no source items had "Private" set to "true".
         Primary reference "System.Transactions.Local, Version=8.0.0.0, Culture=neutral, PublicKeyToken=cc7b13ffcd2ddd51".
             Resolved file path is "C:\Program Files\dotnet\packs\Microsoft.NETCore.App.Ref\8.0.22\ref\net8.0\System.Transactions.Local.dll".
             Reference found at search path location "{RawFileName}".
             This reference is not "CopyLocal" because at least one source item had "Private" set to "false" and no source items had "Private" set to "true".
         Primary reference "System.Transactions, Version=4.0.0.0, Culture=neutral, PublicKeyToken=b77a5c561934e089".
             Resolved file path is "C:\Program Files\dotnet\packs\Microsoft.NETCore.App.Ref\8.0.22\ref\net8.0\System.Transactions.dll".
             Reference found at search path location "{RawFileName}".
             This reference is not "CopyLocal" because at least one source item had "Private" set to "false" and no source items had "Private" set to "true".
         Primary reference "System.ValueTuple, Version=8.0.0.0, Culture=neutral, PublicKeyToken=cc7b13ffcd2ddd51".
             Resolved file path is "C:\Program Files\dotnet\packs\Microsoft.NETCore.App.Ref\8.0.22\ref\net8.0\System.ValueTuple.dll".
             Reference found at search path location "{RawFileName}".
             This reference is not "CopyLocal" because at least one source item had "Private" set to "false" and no source items had "Private" set to "true".
         Primary reference "System.Web.HttpUtility, Version=8.0.0.0, Culture=neutral, PublicKeyToken=cc7b13ffcd2ddd51".
             Resolved file path is "C:\Program Files\dotnet\packs\Microsoft.NETCore.App.Ref\8.0.22\ref\net8.0\System.Web.HttpUtility.dll".
             Reference found at search path location "{RawFileName}".
             This reference is not "CopyLocal" because at least one source item had "Private" set to "false" and no source items had "Private" set to "true".
         Primary reference "System.Web, Version=4.0.0.0, Culture=neutral, PublicKeyToken=b03f5f7f11d50a3a".
             Resolved file path is "C:\Program Files\dotnet\packs\Microsoft.NETCore.App.Ref\8.0.22\ref\net8.0\System.Web.dll".
             Reference found at search path location "{RawFileName}".
             This reference is not "CopyLocal" because at least one source item had "Private" set to "false" and no source items had "Private" set to "true".
         Primary reference "System.Windows, Version=4.0.0.0, Culture=neutral, PublicKeyToken=b03f5f7f11d50a3a".
             Resolved file path is "C:\Program Files\dotnet\packs\Microsoft.NETCore.App.Ref\8.0.22\ref\net8.0\System.Windows.dll".
             Reference found at search path location "{RawFileName}".
             This reference is not "CopyLocal" because at least one source item had "Private" set to "false" and no source items had "Private" set to "true".
         Primary reference "System.Xml.Linq, Version=4.0.0.0, Culture=neutral, PublicKeyToken=b77a5c561934e089".
             Resolved file path is "C:\Program Files\dotnet\packs\Microsoft.NETCore.App.Ref\8.0.22\ref\net8.0\System.Xml.Linq.dll".
             Reference found at search path location "{RawFileName}".
             This reference is not "CopyLocal" because at least one source item had "Private" set to "false" and no source items had "Private" set to "true".
         Primary reference "System.Xml.ReaderWriter, Version=8.0.0.0, Culture=neutral, PublicKeyToken=b03f5f7f11d50a3a".
             Resolved file path is "C:\Program Files\dotnet\packs\Microsoft.NETCore.App.Ref\8.0.22\ref\net8.0\System.Xml.ReaderWriter.dll".
             Reference found at search path location "{RawFileName}".
             This reference is not "CopyLocal" because at least one source item had "Private" set to "false" and no source items had "Private" set to "true".
         Primary reference "System.Xml.Serialization, Version=4.0.0.0, Culture=neutral, PublicKeyToken=b77a5c561934e089".
             Resolved file path is "C:\Program Files\dotnet\packs\Microsoft.NETCore.App.Ref\8.0.22\ref\net8.0\System.Xml.Serialization.dll".
             Reference found at search path location "{RawFileName}".
             This reference is not "CopyLocal" because at least one source item had "Private" set to "false" and no source items had "Private" set to "true".
         Primary reference "System.Xml.XDocument, Version=8.0.0.0, Culture=neutral, PublicKeyToken=b03f5f7f11d50a3a".
             Resolved file path is "C:\Program Files\dotnet\packs\Microsoft.NETCore.App.Ref\8.0.22\ref\net8.0\System.Xml.XDocument.dll".
             Reference found at search path location "{RawFileName}".
             This reference is not "CopyLocal" because at least one source item had "Private" set to "false" and no source items had "Private" set to "true".
         Primary reference "System.Xml.XPath.XDocument, Version=8.0.0.0, Culture=neutral, PublicKeyToken=b03f5f7f11d50a3a".
             Resolved file path is "C:\Program Files\dotnet\packs\Microsoft.NETCore.App.Ref\8.0.22\ref\net8.0\System.Xml.XPath.XDocument.dll".
             Reference found at search path location "{RawFileName}".
             This reference is not "CopyLocal" because at least one source item had "Private" set to "false" and no source items had "Private" set to "true".
         Primary reference "System.Xml.XPath, Version=8.0.0.0, Culture=neutral, PublicKeyToken=b03f5f7f11d50a3a".
             Resolved file path is "C:\Program Files\dotnet\packs\Microsoft.NETCore.App.Ref\8.0.22\ref\net8.0\System.Xml.XPath.dll".
             Reference found at search path location "{RawFileName}".
             This reference is not "CopyLocal" because at least one source item had "Private" set to "false" and no source items had "Private" set to "true".
         Primary reference "System.Xml.XmlDocument, Version=8.0.0.0, Culture=neutral, PublicKeyToken=b03f5f7f11d50a3a".
             Resolved file path is "C:\Program Files\dotnet\packs\Microsoft.NETCore.App.Ref\8.0.22\ref\net8.0\System.Xml.XmlDocument.dll".
             Reference found at search path location "{RawFileName}".
             This reference is not "CopyLocal" because at least one source item had "Private" set to "false" and no source items had "Private" set to "true".
         Primary reference "System.Xml.XmlSerializer, Version=8.0.0.0, Culture=neutral, PublicKeyToken=b03f5f7f11d50a3a".
             Resolved file path is "C:\Program Files\dotnet\packs\Microsoft.NETCore.App.Ref\8.0.22\ref\net8.0\System.Xml.XmlSerializer.dll".
             Reference found at search path location "{RawFileName}".
             This reference is not "CopyLocal" because at least one source item had "Private" set to "false" and no source items had "Private" set to "true".
         Primary reference "System.Xml, Version=4.0.0.0, Culture=neutral, PublicKeyToken=b77a5c561934e089".
             Resolved file path is "C:\Program Files\dotnet\packs\Microsoft.NETCore.App.Ref\8.0.22\ref\net8.0\System.Xml.dll".
             Reference found at search path location "{RawFileName}".
             This reference is not "CopyLocal" because at least one source item had "Private" set to "false" and no source items had "Private" set to "true".
         Primary reference "System, Version=4.0.0.0, Culture=neutral, PublicKeyToken=b77a5c561934e089".
             Resolved file path is "C:\Program Files\dotnet\packs\Microsoft.NETCore.App.Ref\8.0.22\ref\net8.0\System.dll".
             Reference found at search path location "{RawFileName}".
             This reference is not "CopyLocal" because at least one source item had "Private" set to "false" and no source items had "Private" set to "true".
         Primary reference "WindowsBase, Version=4.0.0.0, Culture=neutral, PublicKeyToken=31bf3856ad364e35".
             Resolved file path is "C:\Program Files\dotnet\packs\Microsoft.NETCore.App.Ref\8.0.22\ref\net8.0\WindowsBase.dll".
             Reference found at search path location "{RawFileName}".
             This reference is not "CopyLocal" because at least one source item had "Private" set to "false" and no source items had "Private" set to "true".
         Primary reference "mscorlib, Version=4.0.0.0, Culture=neutral, PublicKeyToken=b77a5c561934e089".
             Resolved file path is "C:\Program Files\dotnet\packs\Microsoft.NETCore.App.Ref\8.0.22\ref\net8.0\mscorlib.dll".
             Reference found at search path location "{RawFileName}".
             This reference is not "CopyLocal" because at least one source item had "Private" set to "false" and no source items had "Private" set to "true".
         Primary reference "netstandard, Version=2.1.0.0, Culture=neutral, PublicKeyToken=cc7b13ffcd2ddd51".
             Resolved file path is "C:\Program Files\dotnet\packs\Microsoft.NETCore.App.Ref\8.0.22\ref\net8.0\netstandard.dll".
             Reference found at search path location "{RawFileName}".
             This reference is not "CopyLocal" because at least one source item had "Private" set to "false" and no source items had "Private" set to "true".
       Done executing task "ResolveAssemblyReference".
   4:6>Done building target "ResolveAssemblyReferences" in project "Magidesk.Infrastructure.csproj".
   4:6>Target "AfterResolveReferences" in file "C:\Program Files\dotnet\sdk\10.0.101\Microsoft.Common.CurrentVersion.targets" from project "C:\Users\giris\Documents\Code\Redesign-POS\Windows Based POS\Magidesk\Magidesk.Infrastructure\Magidesk.Infrastructure.csproj" (target "ResolveReferences" depends on it):
   4:6>Done building target "AfterResolveReferences" in project "Magidesk.Infrastructure.csproj".
   4:6>Target "ResolveReferences" in file "C:\Program Files\dotnet\sdk\10.0.101\Microsoft.Common.CurrentVersion.targets" from project "C:\Users\giris\Documents\Code\Redesign-POS\Windows Based POS\Magidesk\Magidesk.Infrastructure\Magidesk.Infrastructure.csproj" (target "_BlockWinMDsOnUnsupportedTFMs" depends on it):
   4:6>Done building target "ResolveReferences" in project "Magidesk.Infrastructure.csproj".
   4:6>Target "_BlockWinMDsOnUnsupportedTFMs" in file "C:\Program Files\dotnet\sdk\10.0.101\Sdks\Microsoft.NET.Sdk\targets\Microsoft.NET.Sdk.targets" from project "C:\Users\giris\Documents\Code\Redesign-POS\Windows Based POS\Magidesk\Magidesk.Infrastructure\Magidesk.Infrastructure.csproj" (target "CoreBuild" depends on it):
       Using "CheckForUnsupportedWinMDReferences" task from assembly "C:\Program Files\dotnet\sdk\10.0.101\Sdks\Microsoft.NET.Sdk\targets\..\tools\net10.0\Microsoft.NET.Build.Tasks.dll".
       Task "CheckForUnsupportedWinMDReferences"
       Done executing task "CheckForUnsupportedWinMDReferences".
   4:6>Done building target "_BlockWinMDsOnUnsupportedTFMs" in project "Magidesk.Infrastructure.csproj".
       Target "ResolveReferences" skipped. Previously built successfully.
       Target "ResolvePackageDependenciesForBuild" skipped. Previously built successfully.
       Target "_HandlePackageFileConflicts" skipped. Previously built successfully.
   4:6>Target "CopyAdditionalFiles" in file "C:\Program Files\dotnet\sdk\10.0.101\Roslyn\Microsoft.Managed.Core.targets" from project "C:\Users\giris\Documents\Code\Redesign-POS\Windows Based POS\Magidesk\Magidesk.Infrastructure\Magidesk.Infrastructure.csproj" (target "AssignTargetPaths" depends on it):
   4:6>Done building target "CopyAdditionalFiles" in project "Magidesk.Infrastructure.csproj".
   4:6>Target "_ComputeNETCoreBuildOutputFiles" in file "C:\Program Files\dotnet\sdk\10.0.101\Sdks\Microsoft.NET.Sdk\targets\Microsoft.NET.Sdk.targets" from project "C:\Users\giris\Documents\Code\Redesign-POS\Windows Based POS\Magidesk\Magidesk.Infrastructure\Magidesk.Infrastructure.csproj" (target "AssignTargetPaths" depends on it):
   4:6>Done building target "_ComputeNETCoreBuildOutputFiles" in project "Magidesk.Infrastructure.csproj".
   4:6>Target "AssignTargetPaths" in file "C:\Program Files\dotnet\sdk\10.0.101\Microsoft.Common.CurrentVersion.targets" from project "C:\Users\giris\Documents\Code\Redesign-POS\Windows Based POS\Magidesk\Magidesk.Infrastructure\Magidesk.Infrastructure.csproj" (target "PrepareResourceNames" depends on it):
       Using "AssignTargetPath" task from assembly "Microsoft.Build.Tasks.Core, Version=15.1.0.0, Culture=neutral, PublicKeyToken=b03f5f7f11d50a3a".
       Task "AssignTargetPath"
       Done executing task "AssignTargetPath".
       Task "AssignTargetPath"
       Done executing task "AssignTargetPath".
       Task "AssignTargetPath"
       Done executing task "AssignTargetPath".
       Task "AssignTargetPath"
       Done executing task "AssignTargetPath".
   4:6>Done building target "AssignTargetPaths" in project "Magidesk.Infrastructure.csproj".
       Target "AssignTargetPaths" skipped. Previously built successfully.
   4:6>Target "SplitResourcesByCulture" in file "C:\Program Files\dotnet\sdk\10.0.101\Microsoft.Common.CurrentVersion.targets" from project "C:\Users\giris\Documents\Code\Redesign-POS\Windows Based POS\Magidesk\Magidesk.Infrastructure\Magidesk.Infrastructure.csproj" (target "PrepareResourceNames" depends on it):
       Using "AssignCulture" task from assembly "Microsoft.Build.Tasks.Core, Version=15.1.0.0, Culture=neutral, PublicKeyToken=b03f5f7f11d50a3a".
       Task "AssignCulture"
       Done executing task "AssignCulture".
   4:6>Done building target "SplitResourcesByCulture" in project "Magidesk.Infrastructure.csproj".
   4:6>Target "CreateCustomManifestResourceNames" in file "C:\Program Files\dotnet\sdk\10.0.101\Microsoft.Common.CurrentVersion.targets" from project "C:\Users\giris\Documents\Code\Redesign-POS\Windows Based POS\Magidesk\Magidesk.Infrastructure\Magidesk.Infrastructure.csproj" (target "PrepareResourceNames" depends on it):
   4:6>Done building target "CreateCustomManifestResourceNames" in project "Magidesk.Infrastructure.csproj".
   4:6>Target "PrepareResourceNames" in file "C:\Program Files\dotnet\sdk\10.0.101\Microsoft.Common.CurrentVersion.targets" from project "C:\Users\giris\Documents\Code\Redesign-POS\Windows Based POS\Magidesk\Magidesk.Infrastructure\Magidesk.Infrastructure.csproj" (target "PrepareResources" depends on it):
   4:6>Done building target "PrepareResourceNames" in project "Magidesk.Infrastructure.csproj".
       Target "ResolveAssemblyReferences" skipped. Previously built successfully.
       Target "SplitResourcesByCulture" skipped. Previously built successfully.
   4:6>Target "BeforeResGen" in file "C:\Program Files\dotnet\sdk\10.0.101\Microsoft.Common.CurrentVersion.targets" from project "C:\Users\giris\Documents\Code\Redesign-POS\Windows Based POS\Magidesk\Magidesk.Infrastructure\Magidesk.Infrastructure.csproj" (target "ResGen" depends on it):
   4:6>Done building target "BeforeResGen" in project "Magidesk.Infrastructure.csproj".
       Target "ResolveReferences" skipped. Previously built successfully.
   4:6>Target "FindReferenceAssembliesForReferences" in file "C:\Program Files\dotnet\sdk\10.0.101\Microsoft.Common.CurrentVersion.targets" from project "C:\Users\giris\Documents\Code\Redesign-POS\Windows Based POS\Magidesk\Magidesk.Infrastructure\Magidesk.Infrastructure.csproj" (target "CoreResGen" depends on it):
   4:6>Done building target "FindReferenceAssembliesForReferences" in project "Magidesk.Infrastructure.csproj".
   4:6>Target "CoreResGen" in file "C:\Program Files\dotnet\sdk\10.0.101\Microsoft.Common.CurrentVersion.targets" from project "C:\Users\giris\Documents\Code\Redesign-POS\Windows Based POS\Magidesk\Magidesk.Infrastructure\Magidesk.Infrastructure.csproj" (target "ResGen" depends on it):
   4:6>Done building target "CoreResGen" in project "Magidesk.Infrastructure.csproj".
   4:6>Target "AfterResGen" in file "C:\Program Files\dotnet\sdk\10.0.101\Microsoft.Common.CurrentVersion.targets" from project "C:\Users\giris\Documents\Code\Redesign-POS\Windows Based POS\Magidesk\Magidesk.Infrastructure\Magidesk.Infrastructure.csproj" (target "ResGen" depends on it):
   4:6>Done building target "AfterResGen" in project "Magidesk.Infrastructure.csproj".
   4:6>Target "ResGen" in file "C:\Program Files\dotnet\sdk\10.0.101\Microsoft.Common.CurrentVersion.targets" from project "C:\Users\giris\Documents\Code\Redesign-POS\Windows Based POS\Magidesk\Magidesk.Infrastructure\Magidesk.Infrastructure.csproj" (target "PrepareResources" depends on it):
   4:6>Done building target "ResGen" in project "Magidesk.Infrastructure.csproj".
   4:6>Target "PrepareResources" in file "C:\Program Files\dotnet\sdk\10.0.101\Microsoft.Common.CurrentVersion.targets" from project "C:\Users\giris\Documents\Code\Redesign-POS\Windows Based POS\Magidesk\Magidesk.Infrastructure\Magidesk.Infrastructure.csproj" (target "CoreBuild" depends on it):
   4:6>Done building target "PrepareResources" in project "Magidesk.Infrastructure.csproj".
       Target "ResolveReferences" skipped. Previously built successfully.
   4:6>Target "_SetEmbeddedWin32ManifestProperties" in file "C:\Program Files\dotnet\sdk\10.0.101\Microsoft.Common.CurrentVersion.targets" from project "C:\Users\giris\Documents\Code\Redesign-POS\Windows Based POS\Magidesk\Magidesk.Infrastructure\Magidesk.Infrastructure.csproj" (target "SetWin32ManifestProperties" depends on it):
       Using "GetFrameworkPath" task from assembly "Microsoft.Build.Tasks.Core, Version=15.1.0.0, Culture=neutral, PublicKeyToken=b03f5f7f11d50a3a".
       Task "GetFrameworkPath"
       Done executing task "GetFrameworkPath".
   4:6>Done building target "_SetEmbeddedWin32ManifestProperties" in project "Magidesk.Infrastructure.csproj".
   4:6>Target "SetWin32ManifestProperties" in file "C:\Program Files\dotnet\sdk\10.0.101\Microsoft.Common.CurrentVersion.targets" from project "C:\Users\giris\Documents\Code\Redesign-POS\Windows Based POS\Magidesk\Magidesk.Infrastructure\Magidesk.Infrastructure.csproj" (target "Compile" depends on it):
   4:6>Done building target "SetWin32ManifestProperties" in project "Magidesk.Infrastructure.csproj".
       Target "FindReferenceAssembliesForReferences" skipped. Previously built successfully.
   4:6>Target "_GenerateCompileInputs" in file "C:\Program Files\dotnet\sdk\10.0.101\Microsoft.Common.CurrentVersion.targets" from project "C:\Users\giris\Documents\Code\Redesign-POS\Windows Based POS\Magidesk\Magidesk.Infrastructure\Magidesk.Infrastructure.csproj" (target "Compile" depends on it):
   4:6>Done building target "_GenerateCompileInputs" in project "Magidesk.Infrastructure.csproj".
       Target "PrepareForBuild" skipped. Previously built successfully.
   4:6>Target "GenerateMSBuildEditorConfigFileShouldRun" in file "C:\Program Files\dotnet\sdk\10.0.101\Roslyn\Microsoft.Managed.Core.targets" from project "C:\Users\giris\Documents\Code\Redesign-POS\Windows Based POS\Magidesk\Magidesk.Infrastructure\Magidesk.Infrastructure.csproj" (target "GenerateMSBuildEditorConfigFile" depends on it):
   4:6>Done building target "GenerateMSBuildEditorConfigFileShouldRun" in project "Magidesk.Infrastructure.csproj".
   4:6>Target "AddGlobalAnalyzerConfigForPackage_MicrosoftCodeAnalysisCSharpCodeStyle" in file "C:\Program Files\dotnet\sdk\10.0.101\Sdks\Microsoft.NET.Sdk\codestyle\cs\build\Microsoft.CodeAnalysis.CSharp.CodeStyle.targets" from project "C:\Users\giris\Documents\Code\Redesign-POS\Windows Based POS\Magidesk\Magidesk.Infrastructure\Magidesk.Infrastructure.csproj" (target "GenerateMSBuildEditorConfigFileCore" depends on it):
   4:6>Done building target "AddGlobalAnalyzerConfigForPackage_MicrosoftCodeAnalysisCSharpCodeStyle" in project "Magidesk.Infrastructure.csproj".
   4:6>Target "GenerateMSBuildEditorConfigFileCore" in file "C:\Program Files\dotnet\sdk\10.0.101\Roslyn\Microsoft.Managed.Core.targets" from project "C:\Users\giris\Documents\Code\Redesign-POS\Windows Based POS\Magidesk\Magidesk.Infrastructure\Magidesk.Infrastructure.csproj" (target "GenerateMSBuildEditorConfigFile" depends on it):
       Building target "GenerateMSBuildEditorConfigFileCore" completely.
       No input files were specified.
       Using "GenerateMSBuildEditorConfig" task from assembly "C:\Program Files\dotnet\sdk\10.0.101\Sdks\Microsoft.NET.Sdk\targets\..\..\..\Roslyn\Microsoft.Build.Tasks.CodeAnalysis.dll".
       Task "GenerateMSBuildEditorConfig"
       Done executing task "GenerateMSBuildEditorConfig".
   4:6>Done building target "GenerateMSBuildEditorConfigFileCore" in project "Magidesk.Infrastructure.csproj".
   4:6>Target "GenerateMSBuildEditorConfigFile" in file "C:\Program Files\dotnet\sdk\10.0.101\Roslyn\Microsoft.Managed.Core.targets" from project "C:\Users\giris\Documents\Code\Redesign-POS\Windows Based POS\Magidesk\Magidesk.Infrastructure\Magidesk.Infrastructure.csproj" (target "BeforeCompile" depends on it):
   4:6>Done building target "GenerateMSBuildEditorConfigFile" in project "Magidesk.Infrastructure.csproj".
       Target "PrepareForBuild" skipped. Previously built successfully.
       Target "GetReferenceAssemblyPaths" skipped. Previously built successfully.
   4:6>Target "_SetTargetFrameworkMonikerAttribute" in file "C:\Program Files\dotnet\sdk\10.0.101\Microsoft.CSharp.CurrentVersion.targets" from project "C:\Users\giris\Documents\Code\Redesign-POS\Windows Based POS\Magidesk\Magidesk.Infrastructure\Magidesk.Infrastructure.csproj" (target "GenerateTargetFrameworkMonikerAttribute" depends on it):
   4:6>Done building target "_SetTargetFrameworkMonikerAttribute" in project "Magidesk.Infrastructure.csproj".
   4:6>Target "GenerateTargetFrameworkMonikerAttribute" in file "C:\Program Files\dotnet\sdk\10.0.101\Microsoft.Common.CurrentVersion.targets" from project "C:\Users\giris\Documents\Code\Redesign-POS\Windows Based POS\Magidesk\Magidesk.Infrastructure\Magidesk.Infrastructure.csproj" (target "BeforeCompile" depends on it):
       Skipping target "GenerateTargetFrameworkMonikerAttribute" because all output files are up-to-date with respect to the input files.
       Input files: C:\Program Files\dotnet\sdk\10.0.101\Microsoft.Common.targets
       Output files: obj\Debug\net8.0\.NETCoreApp,Version=v8.0.AssemblyAttributes.cs
   4:6>Done building target "GenerateTargetFrameworkMonikerAttribute" in project "Magidesk.Infrastructure.csproj".
       Target "PrepareForBuild" skipped. Previously built successfully.
   4:6>Target "GetAssemblyVersion" in file "C:\Program Files\dotnet\sdk\10.0.101\Sdks\Microsoft.NET.Sdk\targets\Microsoft.NET.GenerateAssemblyInfo.targets" from project "C:\Users\giris\Documents\Code\Redesign-POS\Windows Based POS\Magidesk\Magidesk.Infrastructure\Magidesk.Infrastructure.csproj" (target "GetAssemblyAttributes" depends on it):
       Using "GetAssemblyVersion" task from assembly "C:\Program Files\dotnet\sdk\10.0.101\Sdks\Microsoft.NET.Sdk\targets\..\tools\net10.0\Microsoft.NET.Build.Tasks.dll".
       Task "GetAssemblyVersion"
       Done executing task "GetAssemblyVersion".
   4:6>Done building target "GetAssemblyVersion" in project "Magidesk.Infrastructure.csproj".
   4:6>Target "InitializeSourceControlInformationFromSourceControlManager" in file "C:\Program Files\dotnet\sdk\10.0.101\Sdks\Microsoft.Build.Tasks.Git\build\Microsoft.Build.Tasks.Git.targets" from project "C:\Users\giris\Documents\Code\Redesign-POS\Windows Based POS\Magidesk\Magidesk.Infrastructure\Magidesk.Infrastructure.csproj" (target "_InitializeSourceControlInformationFromSourceControlManager" depends on it):
       Using "Microsoft.Build.Tasks.Git.LocateRepository" task from assembly "C:\Program Files\dotnet\sdk\10.0.101\Sdks\Microsoft.Build.Tasks.Git\build\..\tools\net\Microsoft.Build.Tasks.Git.dll".
       Task "Microsoft.Build.Tasks.Git.LocateRepository"
         SourceLink: Repository instance not found in cache: '*:C:\Users\giris\Documents\Code\Redesign-POS\Windows Based POS\Magidesk\.git'
       Done executing task "Microsoft.Build.Tasks.Git.LocateRepository".
   4:6>Done building target "InitializeSourceControlInformationFromSourceControlManager" in project "Magidesk.Infrastructure.csproj".
   4:6>Target "_SourceLinkHasSingleProvider" in file "C:\Program Files\dotnet\sdk\10.0.101\Sdks\Microsoft.SourceLink.Common\build\InitializeSourceControlInformation.targets" from project "C:\Users\giris\Documents\Code\Redesign-POS\Windows Based POS\Magidesk\Magidesk.Infrastructure\Magidesk.Infrastructure.csproj" (target "_InitializeSourceControlInformationFromSourceControlManager" depends on it):
       Assembly loaded during TaskRun: Microsoft.SourceLink.Common, Version=10.0.13.7005, Culture=neutral, PublicKeyToken=31bf3856ad364e35 (location: C:\Program Files\dotnet\sdk\10.0.101\Sdks\Microsoft.SourceLink.Common\tools\net\Microsoft.SourceLink.Common.dll, MVID: 3cb9be59-45f3-469a-bcf6-c9ffcd17a00c, AssemblyLoadContext: MSBuild plugin C:\Program Files\dotnet\sdk\10.0.101\Sdks\Microsoft.SourceLink.Common\tools\net\Microsoft.SourceLink.Common.dll)
       Using "Microsoft.SourceLink.Common.SourceLinkHasSingleProvider" task from assembly "C:\Program Files\dotnet\sdk\10.0.101\Sdks\Microsoft.SourceLink.Common\build\..\tools\net\Microsoft.SourceLink.Common.dll".
       Task "Microsoft.SourceLink.Common.SourceLinkHasSingleProvider"
       Done executing task "Microsoft.SourceLink.Common.SourceLinkHasSingleProvider".
   4:6>Done building target "_SourceLinkHasSingleProvider" in project "Magidesk.Infrastructure.csproj".
   4:6>Target "TranslateGitHubUrlsInSourceControlInformation" in file "C:\Program Files\dotnet\sdk\10.0.101\Sdks\Microsoft.SourceLink.GitHub\build\Microsoft.SourceLink.GitHub.targets" from project "C:\Users\giris\Documents\Code\Redesign-POS\Windows Based POS\Magidesk\Magidesk.Infrastructure\Magidesk.Infrastructure.csproj" (target "_InitializeSourceControlInformationFromSourceControlManager" depends on it):
       Assembly loaded during TaskRun: Microsoft.SourceLink.GitHub, Version=10.0.13.7005, Culture=neutral, PublicKeyToken=31bf3856ad364e35 (location: C:\Program Files\dotnet\sdk\10.0.101\Sdks\Microsoft.SourceLink.GitHub\tools\net\Microsoft.SourceLink.GitHub.dll, MVID: 36076676-40e3-4132-a682-ec33e7c38cb5, AssemblyLoadContext: MSBuild plugin C:\Program Files\dotnet\sdk\10.0.101\Sdks\Microsoft.SourceLink.GitHub\tools\net\Microsoft.SourceLink.GitHub.dll)
       Using "Microsoft.SourceLink.GitHub.TranslateRepositoryUrls" task from assembly "C:\Program Files\dotnet\sdk\10.0.101\Sdks\Microsoft.SourceLink.GitHub\build\..\tools\net\Microsoft.SourceLink.GitHub.dll".
       Task "Microsoft.SourceLink.GitHub.TranslateRepositoryUrls"
       Done executing task "Microsoft.SourceLink.GitHub.TranslateRepositoryUrls".
   4:6>Done building target "TranslateGitHubUrlsInSourceControlInformation" in project "Magidesk.Infrastructure.csproj".
   4:6>Target "TranslateGitLabUrlsInSourceControlInformation" in file "C:\Program Files\dotnet\sdk\10.0.101\Sdks\Microsoft.SourceLink.GitLab\build\Microsoft.SourceLink.GitLab.targets" from project "C:\Users\giris\Documents\Code\Redesign-POS\Windows Based POS\Magidesk\Magidesk.Infrastructure\Magidesk.Infrastructure.csproj" (target "_InitializeSourceControlInformationFromSourceControlManager" depends on it):
       Assembly loaded during TaskRun: Microsoft.SourceLink.GitLab, Version=10.0.13.7005, Culture=neutral, PublicKeyToken=31bf3856ad364e35 (location: C:\Program Files\dotnet\sdk\10.0.101\Sdks\Microsoft.SourceLink.GitLab\tools\net\Microsoft.SourceLink.GitLab.dll, MVID: ecde11a6-fe59-46bf-9fae-7364c94777ba, AssemblyLoadContext: MSBuild plugin C:\Program Files\dotnet\sdk\10.0.101\Sdks\Microsoft.SourceLink.GitLab\tools\net\Microsoft.SourceLink.GitLab.dll)
       Using "Microsoft.SourceLink.GitLab.TranslateRepositoryUrls" task from assembly "C:\Program Files\dotnet\sdk\10.0.101\Sdks\Microsoft.SourceLink.GitLab\build\..\tools\net\Microsoft.SourceLink.GitLab.dll".
       Task "Microsoft.SourceLink.GitLab.TranslateRepositoryUrls"
       Done executing task "Microsoft.SourceLink.GitLab.TranslateRepositoryUrls".
   4:6>Done building target "TranslateGitLabUrlsInSourceControlInformation" in project "Magidesk.Infrastructure.csproj".
   4:6>Target "TranslateAzureReposGitUrlsInSourceControlInformation" in file "C:\Program Files\dotnet\sdk\10.0.101\Sdks\Microsoft.SourceLink.AzureRepos.Git\build\Microsoft.SourceLink.AzureRepos.Git.targets" from project "C:\Users\giris\Documents\Code\Redesign-POS\Windows Based POS\Magidesk\Magidesk.Infrastructure\Magidesk.Infrastructure.csproj" (target "_InitializeSourceControlInformationFromSourceControlManager" depends on it):
       Assembly loaded during TaskRun: Microsoft.SourceLink.AzureRepos.Git, Version=10.0.13.7005, Culture=neutral, PublicKeyToken=31bf3856ad364e35 (location: C:\Program Files\dotnet\sdk\10.0.101\Sdks\Microsoft.SourceLink.AzureRepos.Git\tools\net\Microsoft.SourceLink.AzureRepos.Git.dll, MVID: 0c017808-bddf-44d0-8d72-b0d1c8417eac, AssemblyLoadContext: MSBuild plugin C:\Program Files\dotnet\sdk\10.0.101\Sdks\Microsoft.SourceLink.AzureRepos.Git\tools\net\Microsoft.SourceLink.AzureRepos.Git.dll)
       Using "Microsoft.SourceLink.AzureRepos.Git.TranslateRepositoryUrls" task from assembly "C:\Program Files\dotnet\sdk\10.0.101\Sdks\Microsoft.SourceLink.AzureRepos.Git\build\..\tools\net\Microsoft.SourceLink.AzureRepos.Git.dll".
       Task "Microsoft.SourceLink.AzureRepos.Git.TranslateRepositoryUrls"
       Done executing task "Microsoft.SourceLink.AzureRepos.Git.TranslateRepositoryUrls".
   4:6>Done building target "TranslateAzureReposGitUrlsInSourceControlInformation" in project "Magidesk.Infrastructure.csproj".
   4:6>Target "TranslateBitbucketGitUrlsInSourceControlInformation" in file "C:\Program Files\dotnet\sdk\10.0.101\Sdks\Microsoft.SourceLink.Bitbucket.Git\build\Microsoft.SourceLink.Bitbucket.Git.targets" from project "C:\Users\giris\Documents\Code\Redesign-POS\Windows Based POS\Magidesk\Magidesk.Infrastructure\Magidesk.Infrastructure.csproj" (target "_InitializeSourceControlInformationFromSourceControlManager" depends on it):
       Assembly loaded during TaskRun: Microsoft.SourceLink.Bitbucket.Git, Version=10.0.13.7005, Culture=neutral, PublicKeyToken=31bf3856ad364e35 (location: C:\Program Files\dotnet\sdk\10.0.101\Sdks\Microsoft.SourceLink.Bitbucket.Git\tools\net\Microsoft.SourceLink.Bitbucket.Git.dll, MVID: 4b52ed62-9a3e-4649-b031-80835f902681, AssemblyLoadContext: MSBuild plugin C:\Program Files\dotnet\sdk\10.0.101\Sdks\Microsoft.SourceLink.Bitbucket.Git\tools\net\Microsoft.SourceLink.Bitbucket.Git.dll)
       Using "Microsoft.SourceLink.Bitbucket.Git.TranslateRepositoryUrls" task from assembly "C:\Program Files\dotnet\sdk\10.0.101\Sdks\Microsoft.SourceLink.Bitbucket.Git\build\..\tools\net\Microsoft.SourceLink.Bitbucket.Git.dll".
       Task "Microsoft.SourceLink.Bitbucket.Git.TranslateRepositoryUrls"
       Done executing task "Microsoft.SourceLink.Bitbucket.Git.TranslateRepositoryUrls".
   4:6>Done building target "TranslateBitbucketGitUrlsInSourceControlInformation" in project "Magidesk.Infrastructure.csproj".
   4:6>Target "SourceControlManagerPublishTranslatedUrls" in file "C:\Program Files\dotnet\sdk\10.0.101\Sdks\Microsoft.SourceLink.Common\build\InitializeSourceControlInformation.targets" from project "C:\Users\giris\Documents\Code\Redesign-POS\Windows Based POS\Magidesk\Magidesk.Infrastructure\Magidesk.Infrastructure.csproj" (target "_InitializeSourceControlInformationFromSourceControlManager" depends on it):
   4:6>Done building target "SourceControlManagerPublishTranslatedUrls" in project "Magidesk.Infrastructure.csproj".
   4:6>Target "_InitializeSourceControlInformationFromSourceControlManager" in file "C:\Program Files\dotnet\sdk\10.0.101\Sdks\Microsoft.SourceLink.Common\build\InitializeSourceControlInformation.targets" from project "C:\Users\giris\Documents\Code\Redesign-POS\Windows Based POS\Magidesk\Magidesk.Infrastructure\Magidesk.Infrastructure.csproj" (target "InitializeSourceControlInformation" depends on it):
   4:6>Done building target "_InitializeSourceControlInformationFromSourceControlManager" in project "Magidesk.Infrastructure.csproj".
   4:6>Target "InitializeSourceControlInformation" in file "C:\Program Files\dotnet\sdk\10.0.101\Microsoft.Common.CurrentVersion.targets" from project "C:\Users\giris\Documents\Code\Redesign-POS\Windows Based POS\Magidesk\Magidesk.Infrastructure\Magidesk.Infrastructure.csproj" (target "GetAssemblyAttributes" depends on it):
   4:6>Done building target "InitializeSourceControlInformation" in project "Magidesk.Infrastructure.csproj".
       Target "GetAssemblyVersion" skipped. Previously built successfully.
       Target "InitializeSourceControlInformation" skipped. Previously built successfully.
   4:6>Target "AddSourceRevisionToInformationalVersion" in file "C:\Program Files\dotnet\sdk\10.0.101\Sdks\Microsoft.NET.Sdk\targets\Microsoft.NET.GenerateAssemblyInfo.targets" from project "C:\Users\giris\Documents\Code\Redesign-POS\Windows Based POS\Magidesk\Magidesk.Infrastructure\Magidesk.Infrastructure.csproj" (target "GetAssemblyAttributes" depends on it):
       C:\Program Files\dotnet\sdk\10.0.101\Sdks\Microsoft.NET.Sdk\targets\Microsoft.NET.GenerateAssemblyInfo.targets(70,7): message : Property reassignment: $(InformationalVersion)="1.0.0+7daf99e114323b1db7bd0543719e81a627b85d57" (previous value: "1.0.0") at C:\Program Files\dotnet\sdk\10.0.101\Sdks\Microsoft.NET.Sdk\targets\Microsoft.NET.GenerateAssemblyInfo.targets (70,7) [C:\Users\giris\Documents\Code\Redesign-POS\Windows Based POS\Magidesk\Magidesk.Infrastructure\Magidesk.Infrastructure.csproj]
   4:6>Done building target "AddSourceRevisionToInformationalVersion" in project "Magidesk.Infrastructure.csproj".
   4:6>Target "GetAssemblyAttributes" in file "C:\Program Files\dotnet\sdk\10.0.101\Sdks\Microsoft.NET.Sdk\targets\Microsoft.NET.GenerateAssemblyInfo.targets" from project "C:\Users\giris\Documents\Code\Redesign-POS\Windows Based POS\Magidesk\Magidesk.Infrastructure\Magidesk.Infrastructure.csproj" (target "CreateGeneratedAssemblyInfoInputsCacheFile" depends on it):
   4:6>Done building target "GetAssemblyAttributes" in project "Magidesk.Infrastructure.csproj".
   4:6>Target "CreateGeneratedAssemblyInfoInputsCacheFile" in file "C:\Program Files\dotnet\sdk\10.0.101\Sdks\Microsoft.NET.Sdk\targets\Microsoft.NET.GenerateAssemblyInfo.targets" from project "C:\Users\giris\Documents\Code\Redesign-POS\Windows Based POS\Magidesk\Magidesk.Infrastructure\Magidesk.Infrastructure.csproj" (target "CoreGenerateAssemblyInfo" depends on it):
       Using "Hash" task from assembly "Microsoft.Build.Tasks.Core, Version=15.1.0.0, Culture=neutral, PublicKeyToken=b03f5f7f11d50a3a".
       Task "Hash"
       Done executing task "Hash".
       Task "WriteLinesToFile"
         Skipping write to file "obj\Debug\net8.0\Magidesk.Infrastructure.AssemblyInfoInputs.cache" because content would not change.
       Done executing task "WriteLinesToFile".
   4:6>Done building target "CreateGeneratedAssemblyInfoInputsCacheFile" in project "Magidesk.Infrastructure.csproj".
   4:6>Target "CoreGenerateAssemblyInfo" in file "C:\Program Files\dotnet\sdk\10.0.101\Sdks\Microsoft.NET.Sdk\targets\Microsoft.NET.GenerateAssemblyInfo.targets" from project "C:\Users\giris\Documents\Code\Redesign-POS\Windows Based POS\Magidesk\Magidesk.Infrastructure\Magidesk.Infrastructure.csproj" (target "GenerateAssemblyInfo" depends on it):
       Skipping target "CoreGenerateAssemblyInfo" because all output files are up-to-date with respect to the input files.
       Input files: obj\Debug\net8.0\Magidesk.Infrastructure.AssemblyInfoInputs.cache
       Output files: obj\Debug\net8.0\Magidesk.Infrastructure.AssemblyInfo.cs
   4:6>Done building target "CoreGenerateAssemblyInfo" in project "Magidesk.Infrastructure.csproj".
   4:6>Target "GenerateAssemblyInfo" in file "C:\Program Files\dotnet\sdk\10.0.101\Sdks\Microsoft.NET.Sdk\targets\Microsoft.NET.GenerateAssemblyInfo.targets" from project "C:\Users\giris\Documents\Code\Redesign-POS\Windows Based POS\Magidesk\Magidesk.Infrastructure\Magidesk.Infrastructure.csproj" (target "BeforeCompile" depends on it):
   4:6>Done building target "GenerateAssemblyInfo" in project "Magidesk.Infrastructure.csproj".
   4:6>Target "BeforeCompile" in file "C:\Program Files\dotnet\sdk\10.0.101\Microsoft.Common.CurrentVersion.targets" from project "C:\Users\giris\Documents\Code\Redesign-POS\Windows Based POS\Magidesk\Magidesk.Infrastructure\Magidesk.Infrastructure.csproj" (target "Compile" depends on it):
   4:6>Done building target "BeforeCompile" in project "Magidesk.Infrastructure.csproj".
       Target "ResolveAssemblyReferences" skipped. Previously built successfully.
       Target "_GenerateCompileInputs" skipped. Previously built successfully.
   4:6>Target "_GenerateCompileDependencyCache" in file "C:\Program Files\dotnet\sdk\10.0.101\Microsoft.Common.CurrentVersion.targets" from project "C:\Users\giris\Documents\Code\Redesign-POS\Windows Based POS\Magidesk\Magidesk.Infrastructure\Magidesk.Infrastructure.csproj" (target "Compile" depends on it):
       Task "Hash"
       Done executing task "Hash".
       Task "WriteLinesToFile"
         Skipping write to file "obj\Debug\net8.0\Magidesk.Infrastructure.csproj.CoreCompileInputs.cache" because content would not change.
       Done executing task "WriteLinesToFile".
   4:6>Done building target "_GenerateCompileDependencyCache" in project "Magidesk.Infrastructure.csproj".
   4:6>Target "_BeforeVBCSCoreCompile" in file "C:\Program Files\dotnet\sdk\10.0.101\Roslyn\Microsoft.Managed.Core.targets" from project "C:\Users\giris\Documents\Code\Redesign-POS\Windows Based POS\Magidesk\Magidesk.Infrastructure\Magidesk.Infrastructure.csproj" (target "CoreCompile" depends on it):
   4:6>Done building target "_BeforeVBCSCoreCompile" in project "Magidesk.Infrastructure.csproj".
   4:6>Target "_ComputeSkipAnalyzers" in file "C:\Program Files\dotnet\sdk\10.0.101\Roslyn\Microsoft.Managed.Core.targets" from project "C:\Users\giris\Documents\Code\Redesign-POS\Windows Based POS\Magidesk\Magidesk.Infrastructure\Magidesk.Infrastructure.csproj" (target "CoreCompile" depends on it):
   4:6>Done building target "_ComputeSkipAnalyzers" in project "Magidesk.Infrastructure.csproj".
       Target "BeforeCompile" skipped. Previously built successfully.
       Target "InitializeSourceControlInformationFromSourceControlManager" skipped. Previously built successfully.
   4:6>Target "SetEmbeddedFilesFromSourceControlManagerUntrackedFiles" in file "C:\Program Files\dotnet\sdk\10.0.101\Sdks\Microsoft.Build.Tasks.Git\build\Microsoft.Build.Tasks.Git.targets" from project "C:\Users\giris\Documents\Code\Redesign-POS\Windows Based POS\Magidesk\Magidesk.Infrastructure\Magidesk.Infrastructure.csproj" (target "_SetEmbeddedFilesFromSourceControlManagerUntrackedFiles" depends on it):
       Using "Microsoft.Build.Tasks.Git.GetUntrackedFiles" task from assembly "C:\Program Files\dotnet\sdk\10.0.101\Sdks\Microsoft.Build.Tasks.Git\build\..\tools\net\Microsoft.Build.Tasks.Git.dll".
       Task "Microsoft.Build.Tasks.Git.GetUntrackedFiles"
         SourceLink: Reusing cached git repository information.
       Done executing task "Microsoft.Build.Tasks.Git.GetUntrackedFiles".
   4:6>Done building target "SetEmbeddedFilesFromSourceControlManagerUntrackedFiles" in project "Magidesk.Infrastructure.csproj".
   4:6>Target "_SetEmbeddedFilesFromSourceControlManagerUntrackedFiles" in file "C:\Program Files\dotnet\sdk\10.0.101\Sdks\Microsoft.SourceLink.Common\build\Microsoft.SourceLink.Common.targets" from project "C:\Users\giris\Documents\Code\Redesign-POS\Windows Based POS\Magidesk\Magidesk.Infrastructure\Magidesk.Infrastructure.csproj" (target "CoreCompile" depends on it):
   4:6>Done building target "_SetEmbeddedFilesFromSourceControlManagerUntrackedFiles" in project "Magidesk.Infrastructure.csproj".
       Target "InitializeSourceControlInformation" skipped. Previously built successfully.
   4:6>Target "_SetSourceLinkFilePath" in file "C:\Program Files\dotnet\sdk\10.0.101\Sdks\Microsoft.SourceLink.Common\build\Microsoft.SourceLink.Common.targets" from project "C:\Users\giris\Documents\Code\Redesign-POS\Windows Based POS\Magidesk\Magidesk.Infrastructure\Magidesk.Infrastructure.csproj" (target "_GenerateSourceLinkFile" depends on it):
   4:6>Done building target "_SetSourceLinkFilePath" in project "Magidesk.Infrastructure.csproj".
       Target "InitializeSourceControlInformation" skipped. Previously built successfully.
   4:6>Target "_InitializeSourceRootMappedPathsFromSourceControl" in file "C:\Program Files\dotnet\sdk\10.0.101\Roslyn\Microsoft.Managed.Core.targets" from project "C:\Users\giris\Documents\Code\Redesign-POS\Windows Based POS\Magidesk\Magidesk.Infrastructure\Magidesk.Infrastructure.csproj" (target "InitializeSourceRootMappedPaths" depends on it):
   4:6>Done building target "_InitializeSourceRootMappedPathsFromSourceControl" in project "Magidesk.Infrastructure.csproj".
   4:6>Target "InitializeSourceRootMappedPaths" in file "C:\Program Files\dotnet\sdk\10.0.101\Roslyn\Microsoft.Managed.Core.targets" from project "C:\Users\giris\Documents\Code\Redesign-POS\Windows Based POS\Magidesk\Magidesk.Infrastructure\Magidesk.Infrastructure.csproj" (target "_InitializeSourceRootMappedPathsOpt" depends on it):
       Using "Microsoft.CodeAnalysis.BuildTasks.MapSourceRoots" task from assembly "C:\Program Files\dotnet\sdk\10.0.101\Sdks\Microsoft.NET.Sdk\targets\..\..\..\Roslyn\Microsoft.Build.Tasks.CodeAnalysis.dll".
       Task "Microsoft.CodeAnalysis.BuildTasks.MapSourceRoots"
       Done executing task "Microsoft.CodeAnalysis.BuildTasks.MapSourceRoots".
   4:6>Done building target "InitializeSourceRootMappedPaths" in project "Magidesk.Infrastructure.csproj".
   4:6>Target "_InitializeSourceRootMappedPathsOpt" in file "C:\Program Files\dotnet\sdk\10.0.101\Sdks\Microsoft.SourceLink.Common\build\Microsoft.SourceLink.Common.targets" from project "C:\Users\giris\Documents\Code\Redesign-POS\Windows Based POS\Magidesk\Magidesk.Infrastructure\Magidesk.Infrastructure.csproj" (target "_GenerateSourceLinkFile" depends on it):
   4:6>Done building target "_InitializeSourceRootMappedPathsOpt" in project "Magidesk.Infrastructure.csproj".
   4:6>Target "_InitializeGitHubSourceLinkUrl" in file "C:\Program Files\dotnet\sdk\10.0.101\Sdks\Microsoft.SourceLink.GitHub\build\Microsoft.SourceLink.GitHub.targets" from project "C:\Users\giris\Documents\Code\Redesign-POS\Windows Based POS\Magidesk\Magidesk.Infrastructure\Magidesk.Infrastructure.csproj" (target "_GenerateSourceLinkFile" depends on it):
       Building target "_InitializeGitHubSourceLinkUrl" completely.
       No input files were specified.
       Using "Microsoft.SourceLink.GitHub.GetSourceLinkUrl" task from assembly "C:\Program Files\dotnet\sdk\10.0.101\Sdks\Microsoft.SourceLink.GitHub\build\..\tools\net\Microsoft.SourceLink.GitHub.dll".
       Task "Microsoft.SourceLink.GitHub.GetSourceLinkUrl"
       Done executing task "Microsoft.SourceLink.GitHub.GetSourceLinkUrl".
   4:6>Done building target "_InitializeGitHubSourceLinkUrl" in project "Magidesk.Infrastructure.csproj".
   4:6>Target "_InitializeGitHubSourceLinkUrl" in file "C:\Program Files\dotnet\sdk\10.0.101\Sdks\Microsoft.SourceLink.GitHub\build\Microsoft.SourceLink.GitHub.targets" from project "C:\Users\giris\Documents\Code\Redesign-POS\Windows Based POS\Magidesk\Magidesk.Infrastructure\Magidesk.Infrastructure.csproj" (target "_GenerateSourceLinkFile" depends on it):
       Building target "_InitializeGitHubSourceLinkUrl" completely.
       No input files were specified.
       Task "Microsoft.SourceLink.GitHub.GetSourceLinkUrl"
       Done executing task "Microsoft.SourceLink.GitHub.GetSourceLinkUrl".
   4:6>Done building target "_InitializeGitHubSourceLinkUrl" in project "Magidesk.Infrastructure.csproj".
   4:6>Target "_InitializeGitHubSourceLinkUrl" in file "C:\Program Files\dotnet\sdk\10.0.101\Sdks\Microsoft.SourceLink.GitHub\build\Microsoft.SourceLink.GitHub.targets" from project "C:\Users\giris\Documents\Code\Redesign-POS\Windows Based POS\Magidesk\Magidesk.Infrastructure\Magidesk.Infrastructure.csproj" (target "_GenerateSourceLinkFile" depends on it):
       Building target "_InitializeGitHubSourceLinkUrl" completely.
       No input files were specified.
       Task "Microsoft.SourceLink.GitHub.GetSourceLinkUrl"
       Done executing task "Microsoft.SourceLink.GitHub.GetSourceLinkUrl".
   4:6>Done building target "_InitializeGitHubSourceLinkUrl" in project "Magidesk.Infrastructure.csproj".
   4:6>Target "_InitializeGitLabSourceLinkUrl" in file "C:\Program Files\dotnet\sdk\10.0.101\Sdks\Microsoft.SourceLink.GitLab\build\Microsoft.SourceLink.GitLab.targets" from project "C:\Users\giris\Documents\Code\Redesign-POS\Windows Based POS\Magidesk\Magidesk.Infrastructure\Magidesk.Infrastructure.csproj" (target "_GenerateSourceLinkFile" depends on it):
       Building target "_InitializeGitLabSourceLinkUrl" completely.
       No input files were specified.
       Using "Microsoft.SourceLink.GitLab.GetSourceLinkUrl" task from assembly "C:\Program Files\dotnet\sdk\10.0.101\Sdks\Microsoft.SourceLink.GitLab\build\..\tools\net\Microsoft.SourceLink.GitLab.dll".
       Task "Microsoft.SourceLink.GitLab.GetSourceLinkUrl"
       C:\Program Files\dotnet\sdk\10.0.101\Sdks\Microsoft.SourceLink.GitLab\build\Microsoft.SourceLink.GitLab.targets(37,7): message : Property reassignment: $(_SourceLinkUrlToUpdate)="N/A" (previous value: "https://raw.githubusercontent.com/zedfauji/magidesk-v1/7daf99e114323b1db7bd0543719e81a627b85d57/*") at C:\Program Files\dotnet\sdk\10.0.101\Sdks\Microsoft.SourceLink.GitLab\build\Microsoft.SourceLink.GitLab.targets (37,7) [C:\Users\giris\Documents\Code\Redesign-POS\Windows Based POS\Magidesk\Magidesk.Infrastructure\Magidesk.Infrastructure.csproj]
       Done executing task "Microsoft.SourceLink.GitLab.GetSourceLinkUrl".
   4:6>Done building target "_InitializeGitLabSourceLinkUrl" in project "Magidesk.Infrastructure.csproj".
   4:6>Target "_InitializeGitLabSourceLinkUrl" in file "C:\Program Files\dotnet\sdk\10.0.101\Sdks\Microsoft.SourceLink.GitLab\build\Microsoft.SourceLink.GitLab.targets" from project "C:\Users\giris\Documents\Code\Redesign-POS\Windows Based POS\Magidesk\Magidesk.Infrastructure\Magidesk.Infrastructure.csproj" (target "_GenerateSourceLinkFile" depends on it):
       Building target "_InitializeGitLabSourceLinkUrl" completely.
       No input files were specified.
       Task "Microsoft.SourceLink.GitLab.GetSourceLinkUrl"
       C:\Program Files\dotnet\sdk\10.0.101\Sdks\Microsoft.SourceLink.GitLab\build\Microsoft.SourceLink.GitLab.targets(37,7): message : Property reassignment: $(_SourceLinkUrlToUpdate)="N/A" (previous value: "https://raw.githubusercontent.com/zedfauji/magidesk-v1/7daf99e114323b1db7bd0543719e81a627b85d57/*") at C:\Program Files\dotnet\sdk\10.0.101\Sdks\Microsoft.SourceLink.GitLab\build\Microsoft.SourceLink.GitLab.targets (37,7) [C:\Users\giris\Documents\Code\Redesign-POS\Windows Based POS\Magidesk\Magidesk.Infrastructure\Magidesk.Infrastructure.csproj]
       Done executing task "Microsoft.SourceLink.GitLab.GetSourceLinkUrl".
   4:6>Done building target "_InitializeGitLabSourceLinkUrl" in project "Magidesk.Infrastructure.csproj".
   4:6>Target "_InitializeGitLabSourceLinkUrl" in file "C:\Program Files\dotnet\sdk\10.0.101\Sdks\Microsoft.SourceLink.GitLab\build\Microsoft.SourceLink.GitLab.targets" from project "C:\Users\giris\Documents\Code\Redesign-POS\Windows Based POS\Magidesk\Magidesk.Infrastructure\Magidesk.Infrastructure.csproj" (target "_GenerateSourceLinkFile" depends on it):
       Building target "_InitializeGitLabSourceLinkUrl" completely.
       No input files were specified.
       Task "Microsoft.SourceLink.GitLab.GetSourceLinkUrl"
       C:\Program Files\dotnet\sdk\10.0.101\Sdks\Microsoft.SourceLink.GitLab\build\Microsoft.SourceLink.GitLab.targets(37,7): message : Property reassignment: $(_SourceLinkUrlToUpdate)="N/A" (previous value: "https://raw.githubusercontent.com/zedfauji/magidesk-v1/7daf99e114323b1db7bd0543719e81a627b85d57/*") at C:\Program Files\dotnet\sdk\10.0.101\Sdks\Microsoft.SourceLink.GitLab\build\Microsoft.SourceLink.GitLab.targets (37,7) [C:\Users\giris\Documents\Code\Redesign-POS\Windows Based POS\Magidesk\Magidesk.Infrastructure\Magidesk.Infrastructure.csproj]
       Done executing task "Microsoft.SourceLink.GitLab.GetSourceLinkUrl".
   4:6>Done building target "_InitializeGitLabSourceLinkUrl" in project "Magidesk.Infrastructure.csproj".
   4:6>Target "_InitializeAzureReposGitSourceLinkUrl" in file "C:\Program Files\dotnet\sdk\10.0.101\Sdks\Microsoft.SourceLink.AzureRepos.Git\build\Microsoft.SourceLink.AzureRepos.Git.targets" from project "C:\Users\giris\Documents\Code\Redesign-POS\Windows Based POS\Magidesk\Magidesk.Infrastructure\Magidesk.Infrastructure.csproj" (target "_GenerateSourceLinkFile" depends on it):
       Building target "_InitializeAzureReposGitSourceLinkUrl" completely.
       No input files were specified.
       Using "Microsoft.SourceLink.AzureRepos.Git.GetSourceLinkUrl" task from assembly "C:\Program Files\dotnet\sdk\10.0.101\Sdks\Microsoft.SourceLink.AzureRepos.Git\build\..\tools\net\Microsoft.SourceLink.AzureRepos.Git.dll".
       Task "Microsoft.SourceLink.AzureRepos.Git.GetSourceLinkUrl"
       Done executing task "Microsoft.SourceLink.AzureRepos.Git.GetSourceLinkUrl".
   4:6>Done building target "_InitializeAzureReposGitSourceLinkUrl" in project "Magidesk.Infrastructure.csproj".
   4:6>Target "_InitializeAzureReposGitSourceLinkUrl" in file "C:\Program Files\dotnet\sdk\10.0.101\Sdks\Microsoft.SourceLink.AzureRepos.Git\build\Microsoft.SourceLink.AzureRepos.Git.targets" from project "C:\Users\giris\Documents\Code\Redesign-POS\Windows Based POS\Magidesk\Magidesk.Infrastructure\Magidesk.Infrastructure.csproj" (target "_GenerateSourceLinkFile" depends on it):
       Building target "_InitializeAzureReposGitSourceLinkUrl" completely.
       No input files were specified.
       Task "Microsoft.SourceLink.AzureRepos.Git.GetSourceLinkUrl"
       Done executing task "Microsoft.SourceLink.AzureRepos.Git.GetSourceLinkUrl".
   4:6>Done building target "_InitializeAzureReposGitSourceLinkUrl" in project "Magidesk.Infrastructure.csproj".
   4:6>Target "_InitializeAzureReposGitSourceLinkUrl" in file "C:\Program Files\dotnet\sdk\10.0.101\Sdks\Microsoft.SourceLink.AzureRepos.Git\build\Microsoft.SourceLink.AzureRepos.Git.targets" from project "C:\Users\giris\Documents\Code\Redesign-POS\Windows Based POS\Magidesk\Magidesk.Infrastructure\Magidesk.Infrastructure.csproj" (target "_GenerateSourceLinkFile" depends on it):
       Building target "_InitializeAzureReposGitSourceLinkUrl" completely.
       No input files were specified.
       Task "Microsoft.SourceLink.AzureRepos.Git.GetSourceLinkUrl"
       Done executing task "Microsoft.SourceLink.AzureRepos.Git.GetSourceLinkUrl".
   4:6>Done building target "_InitializeAzureReposGitSourceLinkUrl" in project "Magidesk.Infrastructure.csproj".
   4:6>Target "_InitializeBitbucketGitSourceLinkUrl" in file "C:\Program Files\dotnet\sdk\10.0.101\Sdks\Microsoft.SourceLink.Bitbucket.Git\build\Microsoft.SourceLink.Bitbucket.Git.targets" from project "C:\Users\giris\Documents\Code\Redesign-POS\Windows Based POS\Magidesk\Magidesk.Infrastructure\Magidesk.Infrastructure.csproj" (target "_GenerateSourceLinkFile" depends on it):
       Building target "_InitializeBitbucketGitSourceLinkUrl" completely.
       No input files were specified.
       Using "Microsoft.SourceLink.Bitbucket.Git.GetSourceLinkUrl" task from assembly "C:\Program Files\dotnet\sdk\10.0.101\Sdks\Microsoft.SourceLink.Bitbucket.Git\build\..\tools\net\Microsoft.SourceLink.Bitbucket.Git.dll".
       Task "Microsoft.SourceLink.Bitbucket.Git.GetSourceLinkUrl"
       Done executing task "Microsoft.SourceLink.Bitbucket.Git.GetSourceLinkUrl".
   4:6>Done building target "_InitializeBitbucketGitSourceLinkUrl" in project "Magidesk.Infrastructure.csproj".
   4:6>Target "_InitializeBitbucketGitSourceLinkUrl" in file "C:\Program Files\dotnet\sdk\10.0.101\Sdks\Microsoft.SourceLink.Bitbucket.Git\build\Microsoft.SourceLink.Bitbucket.Git.targets" from project "C:\Users\giris\Documents\Code\Redesign-POS\Windows Based POS\Magidesk\Magidesk.Infrastructure\Magidesk.Infrastructure.csproj" (target "_GenerateSourceLinkFile" depends on it):
       Building target "_InitializeBitbucketGitSourceLinkUrl" completely.
       No input files were specified.
       Task "Microsoft.SourceLink.Bitbucket.Git.GetSourceLinkUrl"
       Done executing task "Microsoft.SourceLink.Bitbucket.Git.GetSourceLinkUrl".
   4:6>Done building target "_InitializeBitbucketGitSourceLinkUrl" in project "Magidesk.Infrastructure.csproj".
   4:6>Target "_InitializeBitbucketGitSourceLinkUrl" in file "C:\Program Files\dotnet\sdk\10.0.101\Sdks\Microsoft.SourceLink.Bitbucket.Git\build\Microsoft.SourceLink.Bitbucket.Git.targets" from project "C:\Users\giris\Documents\Code\Redesign-POS\Windows Based POS\Magidesk\Magidesk.Infrastructure\Magidesk.Infrastructure.csproj" (target "_GenerateSourceLinkFile" depends on it):
       Building target "_InitializeBitbucketGitSourceLinkUrl" completely.
       No input files were specified.
       Task "Microsoft.SourceLink.Bitbucket.Git.GetSourceLinkUrl"
       Done executing task "Microsoft.SourceLink.Bitbucket.Git.GetSourceLinkUrl".
   4:6>Done building target "_InitializeBitbucketGitSourceLinkUrl" in project "Magidesk.Infrastructure.csproj".
   4:6>Target "_GenerateSourceLinkFile" in file "C:\Program Files\dotnet\sdk\10.0.101\Sdks\Microsoft.SourceLink.Common\build\Microsoft.SourceLink.Common.targets" from project "C:\Users\giris\Documents\Code\Redesign-POS\Windows Based POS\Magidesk\Magidesk.Infrastructure\Magidesk.Infrastructure.csproj" (target "GenerateSourceLinkFile" depends on it):
       Building target "_GenerateSourceLinkFile" completely.
       No input files were specified.
       Using "Microsoft.SourceLink.Common.GenerateSourceLinkFile" task from assembly "C:\Program Files\dotnet\sdk\10.0.101\Sdks\Microsoft.SourceLink.Common\build\..\tools\net\Microsoft.SourceLink.Common.dll".
       Task "Microsoft.SourceLink.Common.GenerateSourceLinkFile"
         Source Link file 'obj\Debug\net8.0\Magidesk.Infrastructure.sourcelink.json' is up-to-date.
       Done executing task "Microsoft.SourceLink.Common.GenerateSourceLinkFile".
   4:6>Done building target "_GenerateSourceLinkFile" in project "Magidesk.Infrastructure.csproj".
   4:6>Target "GenerateSourceLinkFile" in file "C:\Program Files\dotnet\sdk\10.0.101\Sdks\Microsoft.SourceLink.Common\build\Microsoft.SourceLink.Common.targets" from project "C:\Users\giris\Documents\Code\Redesign-POS\Windows Based POS\Magidesk\Magidesk.Infrastructure\Magidesk.Infrastructure.csproj" (target "CoreCompile" depends on it):
   4:6>Done building target "GenerateSourceLinkFile" in project "Magidesk.Infrastructure.csproj".
   4:6>Target "AddGlobalAnalyzerConfigForPackage_MicrosoftCodeAnalysisNetAnalyzers" in file "C:\Program Files\dotnet\sdk\10.0.101\Sdks\Microsoft.NET.Sdk\analyzers\build\Microsoft.CodeAnalysis.NetAnalyzers.targets" from project "C:\Users\giris\Documents\Code\Redesign-POS\Windows Based POS\Magidesk\Magidesk.Infrastructure\Magidesk.Infrastructure.csproj" (target "CoreCompile" depends on it):
   4:6>Done building target "AddGlobalAnalyzerConfigForPackage_MicrosoftCodeAnalysisNetAnalyzers" in project "Magidesk.Infrastructure.csproj".
   4:6>Target "CoreCompile" in file "C:\Program Files\dotnet\sdk\10.0.101\Roslyn\Microsoft.CSharp.Core.targets" from project "C:\Users\giris\Documents\Code\Redesign-POS\Windows Based POS\Magidesk\Magidesk.Infrastructure\Magidesk.Infrastructure.csproj" (target "Compile" depends on it):
       Skipping target "CoreCompile" because all output files are up-to-date with respect to the input files.
       Input files: 
           Data\ApplicationDbContext.cs
           Data\Configurations\AttendanceHistoryConfiguration.cs
           Data\Configurations\AuditEventConfiguration.cs
           Data\Configurations\CashDropConfiguration.cs
           Data\Configurations\CashPaymentConfiguration.cs
           Data\Configurations\CashSessionConfiguration.cs
           Data\Configurations\ComboDefinitionConfiguration.cs
           Data\Configurations\ComboGroupConfiguration.cs
           Data\Configurations\ComboGroupItemConfiguration.cs
           Data\Configurations\CreditCardPaymentConfiguration.cs
           Data\Configurations\CustomPaymentConfiguration.cs
           Data\Configurations\DebitCardPaymentConfiguration.cs
           Data\Configurations\DiscountConfiguration.cs
           Data\Configurations\DrawerBleedConfiguration.cs
           Data\Configurations\FloorConfiguration.cs
           Data\Configurations\FractionalModifierConfiguration.cs
           Data\Configurations\GiftCertificatePaymentConfiguration.cs
           Data\Configurations\GratuityConfiguration.cs
           Data\Configurations\GroupSettlementConfiguration.cs
           Data\Configurations\InventoryAdjustmentConfiguration.cs
           Data\Configurations\InventoryItemConfiguration.cs
           Data\Configurations\KitchenOrderConfiguration.cs
           Data\Configurations\KitchenOrderItemConfiguration.cs
           Data\Configurations\MenuCategoryConfiguration.cs
           Data\Configurations\MenuGroupConfiguration.cs
           Data\Configurations\MenuItemConfiguration.cs
           Data\Configurations\MenuItemModifierGroupConfiguration.cs
           Data\Configurations\MenuModifierConfiguration.cs
           Data\Configurations\MerchantGatewayConfigurationConfiguration.cs
           Data\Configurations\ModifierGroupConfiguration.cs
           Data\Configurations\OrderLineConfiguration.cs
           Data\Configurations\OrderLineDiscountConfiguration.cs
           Data\Configurations\OrderLineModifierConfiguration.cs
           Data\Configurations\OrderTypeConfiguration.cs
           Data\Configurations\PaymentBatchConfiguration.cs
           Data\Configurations\PaymentConfiguration.cs
           Data\Configurations\PayoutConfiguration.cs
           Data\Configurations\PrinterGroupConfiguration.cs
           Data\Configurations\PrinterMappingConfiguration.cs
           Data\Configurations\PurchaseOrderConfiguration.cs
           Data\Configurations\ShiftConfiguration.cs
           Data\Configurations\TableConfiguration.cs
           Data\Configurations\TableLayoutConfiguration.cs
           Data\Configurations\TableShapeConfiguration.cs
           Data\Configurations\TerminalConfiguration.cs
           Data\Configurations\TerminalTransactionConfiguration.cs
           Data\Configurations\TicketConfiguration.cs
           Data\Configurations\TicketDiscountConfiguration.cs
           Data\Configurations\UserAndRoleConfigurations.cs
           Data\Configurations\VendorConfiguration.cs
           Data\DatabaseConnection.cs
           Data\DbContextFactory.cs
           Data\Migrations\20260102032239_AddTicketNote.cs
           Data\Migrations\20260102032239_AddTicketNote.Designer.cs
           Data\Migrations\20260102214957_AddTableShapeAndDimensions.cs
           Data\Migrations\20260102214957_AddTableShapeAndDimensions.Designer.cs
           Data\Migrations\20260102215758_AddTableShapeColumns.cs
           Data\Migrations\20260102215758_AddTableShapeColumns.Designer.cs
           DependencyInjection\ServiceCollectionExtensions.cs
           Migrations\20251225181547_InitialCreate.cs
           Migrations\20251225181547_InitialCreate.Designer.cs
           Migrations\20251225183036_PaymentTypesTPH.cs
           Migrations\20251225183036_PaymentTypesTPH.Designer.cs
           Migrations\20251226051133_AddKitchenOrders.cs
           Migrations\20251226051133_AddKitchenOrders.Designer.cs
           Migrations\20251226051504_AddTerminalTransactions.cs
           Migrations\20251226051504_AddTerminalTransactions.Designer.cs
           Migrations\20251226051653_AddPaymentBatches.cs
           Migrations\20251226051653_AddPaymentBatches.Designer.cs
           Migrations\20251226051928_AddMenuEnhancements.cs
           Migrations\20251226051928_AddMenuEnhancements.Designer.cs
           Migrations\20251227205034_AddMenuCategoryAndGroup.cs
           Migrations\20251227205034_AddMenuCategoryAndGroup.Designer.cs
           Migrations\20251230230436_AddUsersAndRoles.cs
           Migrations\20251230230436_AddUsersAndRoles.Designer.cs
           Migrations\20251231154527_AddOrderTypes.cs
           Migrations\20251231154527_AddOrderTypes.Designer.cs
           Migrations\20251231165321_AddRestaurantConfiguration.cs
           Migrations\20251231165321_AddRestaurantConfiguration.Designer.cs
           Migrations\20260101010956_AddRestaurantParityFields.cs
           Migrations\20260101010956_AddRestaurantParityFields.Designer.cs
           Migrations\20260101013332_AddTerminalTable.cs
           Migrations\20260101013332_AddTerminalTable.Designer.cs
           Migrations\20260101013955_AddCardConfigParityFields.cs
           Migrations\20260101013955_AddCardConfigParityFields.Designer.cs
           Migrations\20260102025436_AddPrinterConfiguration.cs
           Migrations\20260102025436_AddPrinterConfiguration.Designer.cs
           Migrations\ApplicationDbContextModelSnapshot.cs
           PaymentGateways\MockPaymentGateway.cs
           Printing\MockKitchenPrintService.cs
           Printing\MockReceiptPrintService.cs
           Repositories\AttendanceRepository.cs
           Repositories\AuditEventRepository.cs
           Repositories\CashSessionRepository.cs
           Repositories\DiscountRepository.cs
           Repositories\FloorRepository.cs
           Repositories\GroupSettlementRepository.cs
           Repositories\InMemoryAttendanceRepository.cs
           Repositories\InventoryItemRepository.cs
           Repositories\InventoryRepositories.cs
           Repositories\KitchenOrderRepository.cs
           Repositories\MenuCategoryRepository.cs
           Repositories\MenuGroupRepository.cs
           Repositories\MenuModifierRepository.cs
           Repositories\MenuRepository.cs
           Repositories\MerchantGatewayConfigurationRepository.cs
           Repositories\ModifierGroupRepository.cs
           Repositories\OrderTypeRepository.cs
           Repositories\PaymentBatchRepository.cs
           Repositories\PaymentRepository.cs
           Repositories\PrinterGroupRepository.cs
           Repositories\PrinterMappingRepository.cs
           Repositories\RestaurantConfigurationRepository.cs
           Repositories\RoleRepository.cs
           Repositories\SalesReportRepository.cs
           Repositories\ServerSectionRepository.cs
           Repositories\ShiftRepository.cs
           Repositories\TableLayoutRepository.cs
           Repositories\TableRepository.cs
           Repositories\TerminalRepository.cs
           Repositories\TicketRepository.cs
           Repositories\UserRepository.cs
           Security\AesEncryptionService.cs
           Security\SecurityService.cs
           Services\Bootstrap\SystemInitializationService.cs
           Services\PostgresBackupService.cs
           Services\PrintingService.cs
           Services\StartupLogger.cs
           obj\Debug\net8.0\Magidesk.Infrastructure.GlobalUsings.g.cs
           obj\Debug\net8.0\.NETCoreApp,Version=v8.0.AssemblyAttributes.cs
           obj\Debug\net8.0\Magidesk.Infrastructure.AssemblyInfo.cs
           C:\Users\giris\Documents\Code\Redesign-POS\Windows Based POS\Magidesk\Magidesk.Application\obj\Debug\net8.0\ref\Magidesk.Application.dll
           C:\Users\giris\Documents\Code\Redesign-POS\Windows Based POS\Magidesk\Magidesk.Domain\obj\Debug\net8.0\ref\Magidesk.Domain.dll
           C:\Users\giris\.nuget\packages\mediatr.contracts\2.0.1\lib\netstandard2.0\MediatR.Contracts.dll
           C:\Users\giris\.nuget\packages\mediatr\12.2.0\lib\net6.0\MediatR.dll
           C:\Program Files\dotnet\packs\Microsoft.NETCore.App.Ref\8.0.22\ref\net8.0\Microsoft.CSharp.dll
           C:\Users\giris\.nuget\packages\microsoft.entityframeworkcore.abstractions\8.0.0\lib\net8.0\Microsoft.EntityFrameworkCore.Abstractions.dll
           C:\Users\giris\.nuget\packages\microsoft.entityframeworkcore\8.0.0\lib\net8.0\Microsoft.EntityFrameworkCore.dll
           C:\Users\giris\.nuget\packages\microsoft.entityframeworkcore.relational\8.0.0\lib\net8.0\Microsoft.EntityFrameworkCore.Relational.dll
           C:\Users\giris\.nuget\packages\microsoft.extensions.caching.abstractions\8.0.0\lib\net8.0\Microsoft.Extensions.Caching.Abstractions.dll
           C:\Users\giris\.nuget\packages\microsoft.extensions.caching.memory\8.0.0\lib\net8.0\Microsoft.Extensions.Caching.Memory.dll
           C:\Users\giris\.nuget\packages\microsoft.extensions.configuration.abstractions\8.0.0\lib\net8.0\Microsoft.Extensions.Configuration.Abstractions.dll
           C:\Users\giris\.nuget\packages\microsoft.extensions.dependencyinjection.abstractions\10.0.1\lib\net8.0\Microsoft.Extensions.DependencyInjection.Abstractions.dll
           C:\Users\giris\.nuget\packages\microsoft.extensions.dependencyinjection\8.0.0\lib\net8.0\Microsoft.Extensions.DependencyInjection.dll
           C:\Users\giris\.nuget\packages\microsoft.extensions.logging.abstractions\8.0.0\lib\net8.0\Microsoft.Extensions.Logging.Abstractions.dll
           C:\Users\giris\.nuget\packages\microsoft.extensions.logging\8.0.0\lib\net8.0\Microsoft.Extensions.Logging.dll
           C:\Users\giris\.nuget\packages\microsoft.extensions.options\8.0.0\lib\net8.0\Microsoft.Extensions.Options.dll
           C:\Users\giris\.nuget\packages\microsoft.extensions.primitives\8.0.0\lib\net8.0\Microsoft.Extensions.Primitives.dll
           C:\Program Files\dotnet\packs\Microsoft.NETCore.App.Ref\8.0.22\ref\net8.0\Microsoft.VisualBasic.Core.dll
           C:\Program Files\dotnet\packs\Microsoft.NETCore.App.Ref\8.0.22\ref\net8.0\Microsoft.VisualBasic.dll
           C:\Program Files\dotnet\packs\Microsoft.NETCore.App.Ref\8.0.22\ref\net8.0\Microsoft.Win32.Primitives.dll
           C:\Program Files\dotnet\packs\Microsoft.NETCore.App.Ref\8.0.22\ref\net8.0\Microsoft.Win32.Registry.dll
           C:\Users\giris\.nuget\packages\microsoft.win32.systemevents\10.0.1\lib\net8.0\Microsoft.Win32.SystemEvents.dll
           C:\Program Files\dotnet\packs\Microsoft.NETCore.App.Ref\8.0.22\ref\net8.0\mscorlib.dll
           C:\Program Files\dotnet\packs\Microsoft.NETCore.App.Ref\8.0.22\ref\net8.0\netstandard.dll
           C:\Users\giris\.nuget\packages\npgsql\8.0.0\lib\net8.0\Npgsql.dll
           C:\Users\giris\.nuget\packages\npgsql.entityframeworkcore.postgresql\8.0.0\lib\net8.0\Npgsql.EntityFrameworkCore.PostgreSQL.dll
           C:\Program Files\dotnet\packs\Microsoft.NETCore.App.Ref\8.0.22\ref\net8.0\System.AppContext.dll
           C:\Program Files\dotnet\packs\Microsoft.NETCore.App.Ref\8.0.22\ref\net8.0\System.Buffers.dll
           C:\Program Files\dotnet\packs\Microsoft.NETCore.App.Ref\8.0.22\ref\net8.0\System.Collections.Concurrent.dll
           C:\Program Files\dotnet\packs\Microsoft.NETCore.App.Ref\8.0.22\ref\net8.0\System.Collections.dll
           C:\Program Files\dotnet\packs\Microsoft.NETCore.App.Ref\8.0.22\ref\net8.0\System.Collections.Immutable.dll
           C:\Program Files\dotnet\packs\Microsoft.NETCore.App.Ref\8.0.22\ref\net8.0\System.Collections.NonGeneric.dll
           C:\Program Files\dotnet\packs\Microsoft.NETCore.App.Ref\8.0.22\ref\net8.0\System.Collections.Specialized.dll
           C:\Program Files\dotnet\packs\Microsoft.NETCore.App.Ref\8.0.22\ref\net8.0\System.ComponentModel.Annotations.dll
           C:\Program Files\dotnet\packs\Microsoft.NETCore.App.Ref\8.0.22\ref\net8.0\System.ComponentModel.DataAnnotations.dll
           C:\Program Files\dotnet\packs\Microsoft.NETCore.App.Ref\8.0.22\ref\net8.0\System.ComponentModel.dll
           C:\Program Files\dotnet\packs\Microsoft.NETCore.App.Ref\8.0.22\ref\net8.0\System.ComponentModel.EventBasedAsync.dll
           C:\Program Files\dotnet\packs\Microsoft.NETCore.App.Ref\8.0.22\ref\net8.0\System.ComponentModel.Primitives.dll
           C:\Program Files\dotnet\packs\Microsoft.NETCore.App.Ref\8.0.22\ref\net8.0\System.ComponentModel.TypeConverter.dll
           C:\Program Files\dotnet\packs\Microsoft.NETCore.App.Ref\8.0.22\ref\net8.0\System.Configuration.dll
           C:\Program Files\dotnet\packs\Microsoft.NETCore.App.Ref\8.0.22\ref\net8.0\System.Console.dll
           C:\Program Files\dotnet\packs\Microsoft.NETCore.App.Ref\8.0.22\ref\net8.0\System.Core.dll
           C:\Program Files\dotnet\packs\Microsoft.NETCore.App.Ref\8.0.22\ref\net8.0\System.Data.Common.dll
           C:\Program Files\dotnet\packs\Microsoft.NETCore.App.Ref\8.0.22\ref\net8.0\System.Data.DataSetExtensions.dll
           C:\Program Files\dotnet\packs\Microsoft.NETCore.App.Ref\8.0.22\ref\net8.0\System.Data.dll
           C:\Program Files\dotnet\packs\Microsoft.NETCore.App.Ref\8.0.22\ref\net8.0\System.Diagnostics.Contracts.dll
           C:\Program Files\dotnet\packs\Microsoft.NETCore.App.Ref\8.0.22\ref\net8.0\System.Diagnostics.Debug.dll
           C:\Program Files\dotnet\packs\Microsoft.NETCore.App.Ref\8.0.22\ref\net8.0\System.Diagnostics.DiagnosticSource.dll
           C:\Program Files\dotnet\packs\Microsoft.NETCore.App.Ref\8.0.22\ref\net8.0\System.Diagnostics.FileVersionInfo.dll
           C:\Program Files\dotnet\packs\Microsoft.NETCore.App.Ref\8.0.22\ref\net8.0\System.Diagnostics.Process.dll
           C:\Program Files\dotnet\packs\Microsoft.NETCore.App.Ref\8.0.22\ref\net8.0\System.Diagnostics.StackTrace.dll
           C:\Program Files\dotnet\packs\Microsoft.NETCore.App.Ref\8.0.22\ref\net8.0\System.Diagnostics.TextWriterTraceListener.dll
           C:\Program Files\dotnet\packs\Microsoft.NETCore.App.Ref\8.0.22\ref\net8.0\System.Diagnostics.Tools.dll
           C:\Program Files\dotnet\packs\Microsoft.NETCore.App.Ref\8.0.22\ref\net8.0\System.Diagnostics.TraceSource.dll
           C:\Program Files\dotnet\packs\Microsoft.NETCore.App.Ref\8.0.22\ref\net8.0\System.Diagnostics.Tracing.dll
           C:\Program Files\dotnet\packs\Microsoft.NETCore.App.Ref\8.0.22\ref\net8.0\System.dll
           C:\Users\giris\.nuget\packages\system.drawing.common\10.0.1\lib\net8.0\System.Drawing.Common.dll
           C:\Program Files\dotnet\packs\Microsoft.NETCore.App.Ref\8.0.22\ref\net8.0\System.Drawing.dll
           C:\Program Files\dotnet\packs\Microsoft.NETCore.App.Ref\8.0.22\ref\net8.0\System.Drawing.Primitives.dll
           C:\Program Files\dotnet\packs\Microsoft.NETCore.App.Ref\8.0.22\ref\net8.0\System.Dynamic.Runtime.dll
           C:\Program Files\dotnet\packs\Microsoft.NETCore.App.Ref\8.0.22\ref\net8.0\System.Formats.Asn1.dll
           C:\Program Files\dotnet\packs\Microsoft.NETCore.App.Ref\8.0.22\ref\net8.0\System.Formats.Tar.dll
           C:\Program Files\dotnet\packs\Microsoft.NETCore.App.Ref\8.0.22\ref\net8.0\System.Globalization.Calendars.dll
           C:\Program Files\dotnet\packs\Microsoft.NETCore.App.Ref\8.0.22\ref\net8.0\System.Globalization.dll
           C:\Program Files\dotnet\packs\Microsoft.NETCore.App.Ref\8.0.22\ref\net8.0\System.Globalization.Extensions.dll
           C:\Program Files\dotnet\packs\Microsoft.NETCore.App.Ref\8.0.22\ref\net8.0\System.IO.Compression.Brotli.dll
           C:\Program Files\dotnet\packs\Microsoft.NETCore.App.Ref\8.0.22\ref\net8.0\System.IO.Compression.dll
           C:\Program Files\dotnet\packs\Microsoft.NETCore.App.Ref\8.0.22\ref\net8.0\System.IO.Compression.FileSystem.dll
           C:\Program Files\dotnet\packs\Microsoft.NETCore.App.Ref\8.0.22\ref\net8.0\System.IO.Compression.ZipFile.dll
           C:\Program Files\dotnet\packs\Microsoft.NETCore.App.Ref\8.0.22\ref\net8.0\System.IO.dll
           C:\Program Files\dotnet\packs\Microsoft.NETCore.App.Ref\8.0.22\ref\net8.0\System.IO.FileSystem.AccessControl.dll
           C:\Program Files\dotnet\packs\Microsoft.NETCore.App.Ref\8.0.22\ref\net8.0\System.IO.FileSystem.dll
           C:\Program Files\dotnet\packs\Microsoft.NETCore.App.Ref\8.0.22\ref\net8.0\System.IO.FileSystem.DriveInfo.dll
           C:\Program Files\dotnet\packs\Microsoft.NETCore.App.Ref\8.0.22\ref\net8.0\System.IO.FileSystem.Primitives.dll
           C:\Program Files\dotnet\packs\Microsoft.NETCore.App.Ref\8.0.22\ref\net8.0\System.IO.FileSystem.Watcher.dll
           C:\Program Files\dotnet\packs\Microsoft.NETCore.App.Ref\8.0.22\ref\net8.0\System.IO.IsolatedStorage.dll
           C:\Program Files\dotnet\packs\Microsoft.NETCore.App.Ref\8.0.22\ref\net8.0\System.IO.MemoryMappedFiles.dll
           C:\Program Files\dotnet\packs\Microsoft.NETCore.App.Ref\8.0.22\ref\net8.0\System.IO.Pipes.AccessControl.dll
           C:\Program Files\dotnet\packs\Microsoft.NETCore.App.Ref\8.0.22\ref\net8.0\System.IO.Pipes.dll
           C:\Program Files\dotnet\packs\Microsoft.NETCore.App.Ref\8.0.22\ref\net8.0\System.IO.UnmanagedMemoryStream.dll
           C:\Program Files\dotnet\packs\Microsoft.NETCore.App.Ref\8.0.22\ref\net8.0\System.Linq.dll
           C:\Program Files\dotnet\packs\Microsoft.NETCore.App.Ref\8.0.22\ref\net8.0\System.Linq.Expressions.dll
           C:\Program Files\dotnet\packs\Microsoft.NETCore.App.Ref\8.0.22\ref\net8.0\System.Linq.Parallel.dll
           C:\Program Files\dotnet\packs\Microsoft.NETCore.App.Ref\8.0.22\ref\net8.0\System.Linq.Queryable.dll
           C:\Program Files\dotnet\packs\Microsoft.NETCore.App.Ref\8.0.22\ref\net8.0\System.Memory.dll
           C:\Program Files\dotnet\packs\Microsoft.NETCore.App.Ref\8.0.22\ref\net8.0\System.Net.dll
           C:\Program Files\dotnet\packs\Microsoft.NETCore.App.Ref\8.0.22\ref\net8.0\System.Net.Http.dll
           C:\Program Files\dotnet\packs\Microsoft.NETCore.App.Ref\8.0.22\ref\net8.0\System.Net.Http.Json.dll
           C:\Program Files\dotnet\packs\Microsoft.NETCore.App.Ref\8.0.22\ref\net8.0\System.Net.HttpListener.dll
           C:\Program Files\dotnet\packs\Microsoft.NETCore.App.Ref\8.0.22\ref\net8.0\System.Net.Mail.dll
           C:\Program Files\dotnet\packs\Microsoft.NETCore.App.Ref\8.0.22\ref\net8.0\System.Net.NameResolution.dll
           C:\Program Files\dotnet\packs\Microsoft.NETCore.App.Ref\8.0.22\ref\net8.0\System.Net.NetworkInformation.dll
           C:\Program Files\dotnet\packs\Microsoft.NETCore.App.Ref\8.0.22\ref\net8.0\System.Net.Ping.dll
           C:\Program Files\dotnet\packs\Microsoft.NETCore.App.Ref\8.0.22\ref\net8.0\System.Net.Primitives.dll
           C:\Program Files\dotnet\packs\Microsoft.NETCore.App.Ref\8.0.22\ref\net8.0\System.Net.Quic.dll
           C:\Program Files\dotnet\packs\Microsoft.NETCore.App.Ref\8.0.22\ref\net8.0\System.Net.Requests.dll
           C:\Program Files\dotnet\packs\Microsoft.NETCore.App.Ref\8.0.22\ref\net8.0\System.Net.Security.dll
           C:\Program Files\dotnet\packs\Microsoft.NETCore.App.Ref\8.0.22\ref\net8.0\System.Net.ServicePoint.dll
           C:\Program Files\dotnet\packs\Microsoft.NETCore.App.Ref\8.0.22\ref\net8.0\System.Net.Sockets.dll
           C:\Program Files\dotnet\packs\Microsoft.NETCore.App.Ref\8.0.22\ref\net8.0\System.Net.WebClient.dll
           C:\Program Files\dotnet\packs\Microsoft.NETCore.App.Ref\8.0.22\ref\net8.0\System.Net.WebHeaderCollection.dll
           C:\Program Files\dotnet\packs\Microsoft.NETCore.App.Ref\8.0.22\ref\net8.0\System.Net.WebProxy.dll
           C:\Program Files\dotnet\packs\Microsoft.NETCore.App.Ref\8.0.22\ref\net8.0\System.Net.WebSockets.Client.dll
           C:\Program Files\dotnet\packs\Microsoft.NETCore.App.Ref\8.0.22\ref\net8.0\System.Net.WebSockets.dll
           C:\Program Files\dotnet\packs\Microsoft.NETCore.App.Ref\8.0.22\ref\net8.0\System.Numerics.dll
           C:\Program Files\dotnet\packs\Microsoft.NETCore.App.Ref\8.0.22\ref\net8.0\System.Numerics.Vectors.dll
           C:\Program Files\dotnet\packs\Microsoft.NETCore.App.Ref\8.0.22\ref\net8.0\System.ObjectModel.dll
           C:\Users\giris\.nuget\packages\system.drawing.common\10.0.1\lib\net8.0\System.Private.Windows.Core.dll
           C:\Users\giris\.nuget\packages\system.drawing.common\10.0.1\lib\net8.0\System.Private.Windows.GdiPlus.dll
           C:\Program Files\dotnet\packs\Microsoft.NETCore.App.Ref\8.0.22\ref\net8.0\System.Reflection.DispatchProxy.dll
           C:\Program Files\dotnet\packs\Microsoft.NETCore.App.Ref\8.0.22\ref\net8.0\System.Reflection.dll
           C:\Program Files\dotnet\packs\Microsoft.NETCore.App.Ref\8.0.22\ref\net8.0\System.Reflection.Emit.dll
           C:\Program Files\dotnet\packs\Microsoft.NETCore.App.Ref\8.0.22\ref\net8.0\System.Reflection.Emit.ILGeneration.dll
           C:\Program Files\dotnet\packs\Microsoft.NETCore.App.Ref\8.0.22\ref\net8.0\System.Reflection.Emit.Lightweight.dll
           C:\Program Files\dotnet\packs\Microsoft.NETCore.App.Ref\8.0.22\ref\net8.0\System.Reflection.Extensions.dll
           C:\Program Files\dotnet\packs\Microsoft.NETCore.App.Ref\8.0.22\ref\net8.0\System.Reflection.Metadata.dll
           C:\Program Files\dotnet\packs\Microsoft.NETCore.App.Ref\8.0.22\ref\net8.0\System.Reflection.Primitives.dll
           C:\Program Files\dotnet\packs\Microsoft.NETCore.App.Ref\8.0.22\ref\net8.0\System.Reflection.TypeExtensions.dll
           C:\Program Files\dotnet\packs\Microsoft.NETCore.App.Ref\8.0.22\ref\net8.0\System.Resources.Reader.dll
           C:\Program Files\dotnet\packs\Microsoft.NETCore.App.Ref\8.0.22\ref\net8.0\System.Resources.ResourceManager.dll
           C:\Program Files\dotnet\packs\Microsoft.NETCore.App.Ref\8.0.22\ref\net8.0\System.Resources.Writer.dll
           C:\Program Files\dotnet\packs\Microsoft.NETCore.App.Ref\8.0.22\ref\net8.0\System.Runtime.CompilerServices.Unsafe.dll
           C:\Program Files\dotnet\packs\Microsoft.NETCore.App.Ref\8.0.22\ref\net8.0\System.Runtime.CompilerServices.VisualC.dll
           C:\Program Files\dotnet\packs\Microsoft.NETCore.App.Ref\8.0.22\ref\net8.0\System.Runtime.dll
           C:\Program Files\dotnet\packs\Microsoft.NETCore.App.Ref\8.0.22\ref\net8.0\System.Runtime.Extensions.dll
           C:\Program Files\dotnet\packs\Microsoft.NETCore.App.Ref\8.0.22\ref\net8.0\System.Runtime.Handles.dll
           C:\Program Files\dotnet\packs\Microsoft.NETCore.App.Ref\8.0.22\ref\net8.0\System.Runtime.InteropServices.dll
           C:\Program Files\dotnet\packs\Microsoft.NETCore.App.Ref\8.0.22\ref\net8.0\System.Runtime.InteropServices.JavaScript.dll
           C:\Program Files\dotnet\packs\Microsoft.NETCore.App.Ref\8.0.22\ref\net8.0\System.Runtime.InteropServices.RuntimeInformation.dll
           C:\Program Files\dotnet\packs\Microsoft.NETCore.App.Ref\8.0.22\ref\net8.0\System.Runtime.Intrinsics.dll
           C:\Program Files\dotnet\packs\Microsoft.NETCore.App.Ref\8.0.22\ref\net8.0\System.Runtime.Loader.dll
           C:\Program Files\dotnet\packs\Microsoft.NETCore.App.Ref\8.0.22\ref\net8.0\System.Runtime.Numerics.dll
           C:\Program Files\dotnet\packs\Microsoft.NETCore.App.Ref\8.0.22\ref\net8.0\System.Runtime.Serialization.dll
           C:\Program Files\dotnet\packs\Microsoft.NETCore.App.Ref\8.0.22\ref\net8.0\System.Runtime.Serialization.Formatters.dll
           C:\Program Files\dotnet\packs\Microsoft.NETCore.App.Ref\8.0.22\ref\net8.0\System.Runtime.Serialization.Json.dll
           C:\Program Files\dotnet\packs\Microsoft.NETCore.App.Ref\8.0.22\ref\net8.0\System.Runtime.Serialization.Primitives.dll
           C:\Program Files\dotnet\packs\Microsoft.NETCore.App.Ref\8.0.22\ref\net8.0\System.Runtime.Serialization.Xml.dll
           C:\Program Files\dotnet\packs\Microsoft.NETCore.App.Ref\8.0.22\ref\net8.0\System.Security.AccessControl.dll
           C:\Program Files\dotnet\packs\Microsoft.NETCore.App.Ref\8.0.22\ref\net8.0\System.Security.Claims.dll
           C:\Program Files\dotnet\packs\Microsoft.NETCore.App.Ref\8.0.22\ref\net8.0\System.Security.Cryptography.Algorithms.dll
           C:\Program Files\dotnet\packs\Microsoft.NETCore.App.Ref\8.0.22\ref\net8.0\System.Security.Cryptography.Cng.dll
           C:\Program Files\dotnet\packs\Microsoft.NETCore.App.Ref\8.0.22\ref\net8.0\System.Security.Cryptography.Csp.dll
           C:\Program Files\dotnet\packs\Microsoft.NETCore.App.Ref\8.0.22\ref\net8.0\System.Security.Cryptography.dll
           C:\Program Files\dotnet\packs\Microsoft.NETCore.App.Ref\8.0.22\ref\net8.0\System.Security.Cryptography.Encoding.dll
           C:\Program Files\dotnet\packs\Microsoft.NETCore.App.Ref\8.0.22\ref\net8.0\System.Security.Cryptography.OpenSsl.dll
           C:\Program Files\dotnet\packs\Microsoft.NETCore.App.Ref\8.0.22\ref\net8.0\System.Security.Cryptography.Primitives.dll
           C:\Program Files\dotnet\packs\Microsoft.NETCore.App.Ref\8.0.22\ref\net8.0\System.Security.Cryptography.X509Certificates.dll
           C:\Program Files\dotnet\packs\Microsoft.NETCore.App.Ref\8.0.22\ref\net8.0\System.Security.dll
           C:\Program Files\dotnet\packs\Microsoft.NETCore.App.Ref\8.0.22\ref\net8.0\System.Security.Principal.dll
           C:\Program Files\dotnet\packs\Microsoft.NETCore.App.Ref\8.0.22\ref\net8.0\System.Security.Principal.Windows.dll
           C:\Program Files\dotnet\packs\Microsoft.NETCore.App.Ref\8.0.22\ref\net8.0\System.Security.SecureString.dll
           C:\Program Files\dotnet\packs\Microsoft.NETCore.App.Ref\8.0.22\ref\net8.0\System.ServiceModel.Web.dll
           C:\Program Files\dotnet\packs\Microsoft.NETCore.App.Ref\8.0.22\ref\net8.0\System.ServiceProcess.dll
           C:\Program Files\dotnet\packs\Microsoft.NETCore.App.Ref\8.0.22\ref\net8.0\System.Text.Encoding.CodePages.dll
           C:\Program Files\dotnet\packs\Microsoft.NETCore.App.Ref\8.0.22\ref\net8.0\System.Text.Encoding.dll
           C:\Program Files\dotnet\packs\Microsoft.NETCore.App.Ref\8.0.22\ref\net8.0\System.Text.Encoding.Extensions.dll
           C:\Program Files\dotnet\packs\Microsoft.NETCore.App.Ref\8.0.22\ref\net8.0\System.Text.Encodings.Web.dll
           C:\Program Files\dotnet\packs\Microsoft.NETCore.App.Ref\8.0.22\ref\net8.0\System.Text.Json.dll
           C:\Program Files\dotnet\packs\Microsoft.NETCore.App.Ref\8.0.22\ref\net8.0\System.Text.RegularExpressions.dll
           C:\Program Files\dotnet\packs\Microsoft.NETCore.App.Ref\8.0.22\ref\net8.0\System.Threading.Channels.dll
           C:\Program Files\dotnet\packs\Microsoft.NETCore.App.Ref\8.0.22\ref\net8.0\System.Threading.dll
           C:\Program Files\dotnet\packs\Microsoft.NETCore.App.Ref\8.0.22\ref\net8.0\System.Threading.Overlapped.dll
           C:\Program Files\dotnet\packs\Microsoft.NETCore.App.Ref\8.0.22\ref\net8.0\System.Threading.Tasks.Dataflow.dll
           C:\Program Files\dotnet\packs\Microsoft.NETCore.App.Ref\8.0.22\ref\net8.0\System.Threading.Tasks.dll
           C:\Program Files\dotnet\packs\Microsoft.NETCore.App.Ref\8.0.22\ref\net8.0\System.Threading.Tasks.Extensions.dll
           C:\Program Files\dotnet\packs\Microsoft.NETCore.App.Ref\8.0.22\ref\net8.0\System.Threading.Tasks.Parallel.dll
           C:\Program Files\dotnet\packs\Microsoft.NETCore.App.Ref\8.0.22\ref\net8.0\System.Threading.Thread.dll
           C:\Program Files\dotnet\packs\Microsoft.NETCore.App.Ref\8.0.22\ref\net8.0\System.Threading.ThreadPool.dll
           C:\Program Files\dotnet\packs\Microsoft.NETCore.App.Ref\8.0.22\ref\net8.0\System.Threading.Timer.dll
           C:\Program Files\dotnet\packs\Microsoft.NETCore.App.Ref\8.0.22\ref\net8.0\System.Transactions.dll
           C:\Program Files\dotnet\packs\Microsoft.NETCore.App.Ref\8.0.22\ref\net8.0\System.Transactions.Local.dll
           C:\Program Files\dotnet\packs\Microsoft.NETCore.App.Ref\8.0.22\ref\net8.0\System.ValueTuple.dll
           C:\Program Files\dotnet\packs\Microsoft.NETCore.App.Ref\8.0.22\ref\net8.0\System.Web.dll
           C:\Program Files\dotnet\packs\Microsoft.NETCore.App.Ref\8.0.22\ref\net8.0\System.Web.HttpUtility.dll
           C:\Program Files\dotnet\packs\Microsoft.NETCore.App.Ref\8.0.22\ref\net8.0\System.Windows.dll
           C:\Program Files\dotnet\packs\Microsoft.NETCore.App.Ref\8.0.22\ref\net8.0\System.Xml.dll
           C:\Program Files\dotnet\packs\Microsoft.NETCore.App.Ref\8.0.22\ref\net8.0\System.Xml.Linq.dll
           C:\Program Files\dotnet\packs\Microsoft.NETCore.App.Ref\8.0.22\ref\net8.0\System.Xml.ReaderWriter.dll
           C:\Program Files\dotnet\packs\Microsoft.NETCore.App.Ref\8.0.22\ref\net8.0\System.Xml.Serialization.dll
           C:\Program Files\dotnet\packs\Microsoft.NETCore.App.Ref\8.0.22\ref\net8.0\System.Xml.XDocument.dll
           C:\Program Files\dotnet\packs\Microsoft.NETCore.App.Ref\8.0.22\ref\net8.0\System.Xml.XmlDocument.dll
           C:\Program Files\dotnet\packs\Microsoft.NETCore.App.Ref\8.0.22\ref\net8.0\System.Xml.XmlSerializer.dll
           C:\Program Files\dotnet\packs\Microsoft.NETCore.App.Ref\8.0.22\ref\net8.0\System.Xml.XPath.dll
           C:\Program Files\dotnet\packs\Microsoft.NETCore.App.Ref\8.0.22\ref\net8.0\System.Xml.XPath.XDocument.dll
           C:\Program Files\dotnet\packs\Microsoft.NETCore.App.Ref\8.0.22\ref\net8.0\WindowsBase.dll
           obj\Debug\net8.0\Magidesk.Infrastructure.csproj.CoreCompileInputs.cache
           obj\Debug\net8.0\Magidesk.Infrastructure.csproj.BuildWithSkipAnalyzers
           C:\Program Files\dotnet\sdk\10.0.101\Sdks\Microsoft.NET.Sdk\targets\..\analyzers\Microsoft.CodeAnalysis.CSharp.NetAnalyzers.dll
           C:\Program Files\dotnet\sdk\10.0.101\Sdks\Microsoft.NET.Sdk\targets\..\analyzers\Microsoft.CodeAnalysis.NetAnalyzers.dll
           C:\Users\giris\.nuget\packages\microsoft.codeanalysis.analyzers\3.3.3\analyzers\dotnet\cs\Microsoft.CodeAnalysis.Analyzers.dll
           C:\Users\giris\.nuget\packages\microsoft.codeanalysis.analyzers\3.3.3\analyzers\dotnet\cs\Microsoft.CodeAnalysis.CSharp.Analyzers.dll
           C:\Users\giris\.nuget\packages\microsoft.entityframeworkcore.analyzers\8.0.0\analyzers\dotnet\cs\Microsoft.EntityFrameworkCore.Analyzers.dll
           C:\Users\giris\.nuget\packages\microsoft.extensions.logging.abstractions\8.0.0\analyzers\dotnet\roslyn4.4\cs\Microsoft.Extensions.Logging.Generators.dll
           C:\Users\giris\.nuget\packages\microsoft.extensions.options\8.0.0\analyzers\dotnet\roslyn4.4\cs\Microsoft.Extensions.Options.SourceGeneration.dll
           C:\Program Files\dotnet\packs\Microsoft.NETCore.App.Ref\8.0.22\analyzers/dotnet/cs/Microsoft.Interop.ComInterfaceGenerator.dll
           C:\Program Files\dotnet\packs\Microsoft.NETCore.App.Ref\8.0.22\analyzers/dotnet/cs/Microsoft.Interop.JavaScript.JSImportGenerator.dll
           C:\Program Files\dotnet\packs\Microsoft.NETCore.App.Ref\8.0.22\analyzers/dotnet/cs/Microsoft.Interop.LibraryImportGenerator.dll
           C:\Program Files\dotnet\packs\Microsoft.NETCore.App.Ref\8.0.22\analyzers/dotnet/cs/Microsoft.Interop.SourceGeneration.dll
           C:\Program Files\dotnet\packs\Microsoft.NETCore.App.Ref\8.0.22\analyzers/dotnet/cs/System.Text.Json.SourceGeneration.dll
           C:\Program Files\dotnet\packs\Microsoft.NETCore.App.Ref\8.0.22\analyzers/dotnet/cs/System.Text.RegularExpressions.Generator.dll
           obj\Debug\net8.0\Magidesk.Infrastructure.GeneratedMSBuildEditorConfig.editorconfig
           C:\Program Files\dotnet\sdk\10.0.101\Sdks\Microsoft.NET.Sdk\analyzers\build\config\analysislevel_8_default.globalconfig
           C:\Users\giris\Documents\Code\Redesign-POS\Windows Based POS\Magidesk\Magidesk.Infrastructure\obj\Magidesk.Infrastructure.csproj.EntityFrameworkCore.targets
           C:\Program Files\dotnet\sdk\10.0.101\Current\Microsoft.Common.targets\ImportAfter\Microsoft.TestPlatform.ImportAfter.targets
           obj\Debug\net8.0\Magidesk.Infrastructure.sourcelink.json
       Output files: 
           obj\Debug\net8.0\Magidesk.Infrastructure.dll
           obj\Debug\net8.0\refint\Magidesk.Infrastructure.dll
           obj\Debug\net8.0\Magidesk.Infrastructure.pdb
       C:\Program Files\dotnet\sdk\10.0.101\Roslyn\Microsoft.CSharp.Core.targets(66,7): message : Property reassignment: $(NoWarn)="1701;1702;1701;1702" (previous value: "1701;1702") at C:\Program Files\dotnet\sdk\10.0.101\Roslyn\Microsoft.CSharp.Core.targets (66,7) [C:\Users\giris\Documents\Code\Redesign-POS\Windows Based POS\Magidesk\Magidesk.Infrastructure\Magidesk.Infrastructure.csproj]
   4:6>Done building target "CoreCompile" in project "Magidesk.Infrastructure.csproj".
   4:6>Target "AfterCompile" in file "C:\Program Files\dotnet\sdk\10.0.101\Microsoft.Common.CurrentVersion.targets" from project "C:\Users\giris\Documents\Code\Redesign-POS\Windows Based POS\Magidesk\Magidesk.Infrastructure\Magidesk.Infrastructure.csproj" (target "Compile" depends on it):
   4:6>Done building target "AfterCompile" in project "Magidesk.Infrastructure.csproj".
   4:6>Target "Compile" in file "C:\Program Files\dotnet\sdk\10.0.101\Microsoft.Common.CurrentVersion.targets" from project "C:\Users\giris\Documents\Code\Redesign-POS\Windows Based POS\Magidesk\Magidesk.Infrastructure\Magidesk.Infrastructure.csproj" (target "CoreBuild" depends on it):
   4:6>Done building target "Compile" in project "Magidesk.Infrastructure.csproj".
   4:6>Target "_GenerateSatelliteAssemblyInputs" in file "C:\Program Files\dotnet\sdk\10.0.101\Microsoft.Common.CurrentVersion.targets" from project "C:\Users\giris\Documents\Code\Redesign-POS\Windows Based POS\Magidesk\Magidesk.Infrastructure\Magidesk.Infrastructure.csproj" (target "CreateSatelliteAssemblies" depends on it):
   4:6>Done building target "_GenerateSatelliteAssemblyInputs" in project "Magidesk.Infrastructure.csproj".
   4:6>Target "CreateSatelliteAssemblies" in file "C:\Program Files\dotnet\sdk\10.0.101\Microsoft.Common.CurrentVersion.targets" from project "C:\Users\giris\Documents\Code\Redesign-POS\Windows Based POS\Magidesk\Magidesk.Infrastructure\Magidesk.Infrastructure.csproj" (target "CoreBuild" depends on it):
   4:6>Done building target "CreateSatelliteAssemblies" in project "Magidesk.Infrastructure.csproj".
   4:6>Target "GetTargetPathWithTargetPlatformMoniker" in file "C:\Program Files\dotnet\sdk\10.0.101\Microsoft.Common.CurrentVersion.targets" from project "C:\Users\giris\Documents\Code\Redesign-POS\Windows Based POS\Magidesk\Magidesk.Infrastructure\Magidesk.Infrastructure.csproj" (target "GetTargetPath" depends on it):
   4:6>Done building target "GetTargetPathWithTargetPlatformMoniker" in project "Magidesk.Infrastructure.csproj".
   4:6>Target "GetTargetPath" in file "C:\Program Files\dotnet\sdk\10.0.101\Microsoft.Common.CurrentVersion.targets" from project "C:\Users\giris\Documents\Code\Redesign-POS\Windows Based POS\Magidesk\Magidesk.Infrastructure\Magidesk.Infrastructure.csproj" (target "CoreBuild" depends on it):
   4:6>Done building target "GetTargetPath" in project "Magidesk.Infrastructure.csproj".
   4:6>Target "_CopyFilesMarkedCopyLocal" in file "C:\Program Files\dotnet\sdk\10.0.101\Microsoft.Common.CurrentVersion.targets" from project "C:\Users\giris\Documents\Code\Redesign-POS\Windows Based POS\Magidesk\Magidesk.Infrastructure\Magidesk.Infrastructure.csproj" (target "CopyFilesToOutputDirectory" depends on it):
       Using "Copy" task from assembly "Microsoft.Build.Tasks.Core, Version=15.1.0.0, Culture=neutral, PublicKeyToken=b03f5f7f11d50a3a".
       Task "Copy"
         Did not copy from file "C:\Users\giris\Documents\Code\Redesign-POS\Windows Based POS\Magidesk\Magidesk.Domain\bin\Debug\net8.0\Magidesk.Domain.dll" to file "bin\Debug\net8.0\Magidesk.Domain.dll" because the "SkipUnchangedFiles" parameter was set to "true" in the project and the files' sizes and timestamps match.
         Did not copy from file "C:\Users\giris\Documents\Code\Redesign-POS\Windows Based POS\Magidesk\Magidesk.Domain\bin\Debug\net8.0\Magidesk.Domain.pdb" to file "bin\Debug\net8.0\Magidesk.Domain.pdb" because the "SkipUnchangedFiles" parameter was set to "true" in the project and the files' sizes and timestamps match.
         Did not copy from file "C:\Users\giris\Documents\Code\Redesign-POS\Windows Based POS\Magidesk\Magidesk.Application\bin\Debug\net8.0\Magidesk.Application.dll" to file "bin\Debug\net8.0\Magidesk.Application.dll" because the "SkipUnchangedFiles" parameter was set to "true" in the project and the files' sizes and timestamps match.
         Did not copy from file "C:\Users\giris\Documents\Code\Redesign-POS\Windows Based POS\Magidesk\Magidesk.Application\bin\Debug\net8.0\Magidesk.Application.pdb" to file "bin\Debug\net8.0\Magidesk.Application.pdb" because the "SkipUnchangedFiles" parameter was set to "true" in the project and the files' sizes and timestamps match.
       Done executing task "Copy".
   4:6>Done building target "_CopyFilesMarkedCopyLocal" in project "Magidesk.Infrastructure.csproj".
       Target "AssignTargetPaths" skipped. Previously built successfully.
       Target "AssignProjectConfiguration" skipped. Previously built successfully.
       Target "_SplitProjectReferencesByFileExistence" skipped. Previously built successfully.
       Target "_GetProjectReferenceTargetFrameworkProperties" skipped. Previously built successfully.
   4:6>Target "_PopulateCommonStateForGetCopyToOutputDirectoryItems" in file "C:\Program Files\dotnet\sdk\10.0.101\Microsoft.Common.CurrentVersion.targets" from project "C:\Users\giris\Documents\Code\Redesign-POS\Windows Based POS\Magidesk\Magidesk.Infrastructure\Magidesk.Infrastructure.csproj" (target "GetCopyToOutputDirectoryItems" depends on it):
   4:6>Done building target "_PopulateCommonStateForGetCopyToOutputDirectoryItems" in project "Magidesk.Infrastructure.csproj".
   4:6>Target "GetCopyToOutputDirectoryItems" in file "C:\Program Files\dotnet\sdk\10.0.101\Microsoft.Common.CurrentVersion.targets" from project "C:\Users\giris\Documents\Code\Redesign-POS\Windows Based POS\Magidesk\Magidesk.Infrastructure\Magidesk.Infrastructure.csproj" (target "_CopySourceItemsToOutputDirectory" depends on it):
       Using "CallTarget" task from assembly "Microsoft.Build.Tasks.Core, Version=15.1.0.0, Culture=neutral, PublicKeyToken=b03f5f7f11d50a3a".
       Task "CallTarget"
       Target "_PopulateCommonStateForGetCopyToOutputDirectoryItems" skipped. Previously built successfully.
       Target "_AddOutputPathToGlobalPropertiesToRemove" skipped. Previously built successfully.
   4:6>Target "_GetCopyToOutputDirectoryItemsFromTransitiveProjectReferences" in file "C:\Program Files\dotnet\sdk\10.0.101\Microsoft.Common.CurrentVersion.targets" from project "C:\Users\giris\Documents\Code\Redesign-POS\Windows Based POS\Magidesk\Magidesk.Infrastructure\Magidesk.Infrastructure.csproj" (target "GetCopyToOutputDirectoryItems" depends on it):
       Task "MSBuild"
         Removing Properties for project "..\Magidesk.Application\Magidesk.Application.csproj":
           TargetFramework
           RuntimeIdentifier
           SelfContained
         Removing Properties for project "..\Magidesk.Domain\Magidesk.Domain.csproj":
           TargetFramework
           RuntimeIdentifier
           SelfContained
   4:6>Project "C:\Users\giris\Documents\Code\Redesign-POS\Windows Based POS\Magidesk\Magidesk.Infrastructure\Magidesk.Infrastructure.csproj" (4:6) is building "C:\Users\giris\Documents\Code\Redesign-POS\Windows Based POS\Magidesk\Magidesk.Domain\Magidesk.Domain.csproj" (3:15) on node 1 (GetCopyToOutputDirectoryItems target(s)).
  3:15>Target "GetCopyToOutputDirectoryItems" skipped. Previously built successfully.
  3:15>Done Building Project "C:\Users\giris\Documents\Code\Redesign-POS\Windows Based POS\Magidesk\Magidesk.Domain\Magidesk.Domain.csproj" (GetCopyToOutputDirectoryItems target(s)).
   4:6>Project "C:\Users\giris\Documents\Code\Redesign-POS\Windows Based POS\Magidesk\Magidesk.Infrastructure\Magidesk.Infrastructure.csproj" (4:6) is building "C:\Users\giris\Documents\Code\Redesign-POS\Windows Based POS\Magidesk\Magidesk.Application\Magidesk.Application.csproj" (2:11) on node 2 (GetCopyToOutputDirectoryItems target(s)).
  2:11>Target "GetCopyToOutputDirectoryItems" skipped. Previously built successfully.
  2:11>Done Building Project "C:\Users\giris\Documents\Code\Redesign-POS\Windows Based POS\Magidesk\Magidesk.Application\Magidesk.Application.csproj" (GetCopyToOutputDirectoryItems target(s)).
   4:6>Done executing task "MSBuild".
       Task "AssignTargetPath"
       Done executing task "AssignTargetPath".
   4:6>Done building target "_GetCopyToOutputDirectoryItemsFromTransitiveProjectReferences" in project "Magidesk.Infrastructure.csproj".
       Done executing task "CallTarget".
       Task "CallTarget"
       Target "AssignTargetPaths" skipped. Previously built successfully.
       Target "_PopulateCommonStateForGetCopyToOutputDirectoryItems" skipped. Previously built successfully.
   4:6>Target "_GetCopyToOutputDirectoryItemsFromThisProject" in file "C:\Program Files\dotnet\sdk\10.0.101\Microsoft.Common.CurrentVersion.targets" from project "C:\Users\giris\Documents\Code\Redesign-POS\Windows Based POS\Magidesk\Magidesk.Infrastructure\Magidesk.Infrastructure.csproj" (target "GetCopyToOutputDirectoryItems" depends on it):
       Task "AssignTargetPath"
       Done executing task "AssignTargetPath".
   4:6>Done building target "_GetCopyToOutputDirectoryItemsFromThisProject" in project "Magidesk.Infrastructure.csproj".
       Done executing task "CallTarget".
   4:6>Done building target "GetCopyToOutputDirectoryItems" in project "Magidesk.Infrastructure.csproj".
   4:6>Target "_CopySourceItemsToOutputDirectory" in file "C:\Program Files\dotnet\sdk\10.0.101\Microsoft.Common.CurrentVersion.targets" from project "C:\Users\giris\Documents\Code\Redesign-POS\Windows Based POS\Magidesk\Magidesk.Infrastructure\Magidesk.Infrastructure.csproj" (target "CopyFilesToOutputDirectory" depends on it):
   4:6>Done building target "_CopySourceItemsToOutputDirectory" in project "Magidesk.Infrastructure.csproj".
   4:6>Target "_CheckForCompileOutputs" in file "C:\Program Files\dotnet\sdk\10.0.101\Microsoft.Common.CurrentVersion.targets" from project "C:\Users\giris\Documents\Code\Redesign-POS\Windows Based POS\Magidesk\Magidesk.Infrastructure\Magidesk.Infrastructure.csproj" (target "CopyFilesToOutputDirectory" depends on it):
   4:6>Done building target "_CheckForCompileOutputs" in project "Magidesk.Infrastructure.csproj".
       Target "_DefaultMicrosoftNETPlatformLibrary" skipped. Previously built successfully.
       Target "_HandlePackageFileConflicts" skipped. Previously built successfully.
       Target "ResolveAssemblyReferences" skipped. Previously built successfully.
   4:6>Target "_ComputeReferenceAssemblies" in file "C:\Program Files\dotnet\sdk\10.0.101\Sdks\Microsoft.NET.Sdk\targets\Microsoft.NET.Sdk.targets" from project "C:\Users\giris\Documents\Code\Redesign-POS\Windows Based POS\Magidesk\Magidesk.Infrastructure\Magidesk.Infrastructure.csproj" (target "GenerateBuildDependencyFile" depends on it):
   4:6>Done building target "_ComputeReferenceAssemblies" in project "Magidesk.Infrastructure.csproj".
   4:6>Target "_ComputeUserRuntimeAssemblies" in file "C:\Program Files\dotnet\sdk\10.0.101\Sdks\Microsoft.NET.Sdk\targets\Microsoft.NET.Sdk.targets" from project "C:\Users\giris\Documents\Code\Redesign-POS\Windows Based POS\Magidesk\Magidesk.Infrastructure\Magidesk.Infrastructure.csproj" (target "GenerateBuildDependencyFile" depends on it):
   4:6>Done building target "_ComputeUserRuntimeAssemblies" in project "Magidesk.Infrastructure.csproj".
       Target "_ComputePackageReferencePublish" skipped. Previously built successfully.
   4:6>Target "GenerateBuildDependencyFile" in file "C:\Program Files\dotnet\sdk\10.0.101\Sdks\Microsoft.NET.Sdk\targets\Microsoft.NET.Sdk.targets" from project "C:\Users\giris\Documents\Code\Redesign-POS\Windows Based POS\Magidesk\Magidesk.Infrastructure\Magidesk.Infrastructure.csproj" (target "CopyFilesToOutputDirectory" depends on it):
       Skipping target "GenerateBuildDependencyFile" because all output files are up-to-date with respect to the input files.
       Input files: 
           C:\Users\giris\Documents\Code\Redesign-POS\Windows Based POS\Magidesk\Magidesk.Infrastructure\obj\project.assets.json
           C:\Users\giris\Documents\Code\Redesign-POS\Windows Based POS\Magidesk\Magidesk.Infrastructure\obj\Debug\net8.0\Magidesk.Infrastructure.assets.cache
           C:\Users\giris\Documents\Code\Redesign-POS\Windows Based POS\Magidesk\Magidesk.Infrastructure\obj\Magidesk.Infrastructure.csproj.EntityFrameworkCore.targets
           C:\Program Files\dotnet\sdk\10.0.101\Current\Microsoft.Common.targets\ImportAfter\Microsoft.TestPlatform.ImportAfter.targets
       Output files: C:\Users\giris\Documents\Code\Redesign-POS\Windows Based POS\Magidesk\Magidesk.Infrastructure\bin\Debug\net8.0\Magidesk.Infrastructure.deps.json
   4:6>Done building target "GenerateBuildDependencyFile" in project "Magidesk.Infrastructure.csproj".
       Target "_DefaultMicrosoftNETPlatformLibrary" skipped. Previously built successfully.
   4:6>Target "_GenerateRuntimeConfigurationFilesInputCache" in file "C:\Program Files\dotnet\sdk\10.0.101\Sdks\Microsoft.NET.Sdk\targets\Microsoft.NET.Sdk.targets" from project "C:\Users\giris\Documents\Code\Redesign-POS\Windows Based POS\Magidesk\Magidesk.Infrastructure\Magidesk.Infrastructure.csproj" (target "GenerateBuildRuntimeConfigurationFiles" depends on it):
       Task "Hash"
       Done executing task "Hash".
       Task "WriteLinesToFile"
         Skipping write to file "C:\Users\giris\Documents\Code\Redesign-POS\Windows Based POS\Magidesk\Magidesk.Infrastructure\obj\Debug\net8.0\Magidesk.Infrastructure.genruntimeconfig.cache" because content would not change.
       Done executing task "WriteLinesToFile".
   4:6>Done building target "_GenerateRuntimeConfigurationFilesInputCache" in project "Magidesk.Infrastructure.csproj".
   4:6>Target "GenerateBuildRuntimeConfigurationFiles" in file "C:\Program Files\dotnet\sdk\10.0.101\Sdks\Microsoft.NET.Sdk\targets\Microsoft.NET.Sdk.targets" from project "C:\Users\giris\Documents\Code\Redesign-POS\Windows Based POS\Magidesk\Magidesk.Infrastructure\Magidesk.Infrastructure.csproj" (target "CopyFilesToOutputDirectory" depends on it):
       Skipping target "GenerateBuildRuntimeConfigurationFiles" because all output files are up-to-date with respect to the input files.
       Input files: 
           C:\Users\giris\Documents\Code\Redesign-POS\Windows Based POS\Magidesk\Magidesk.Infrastructure\obj\project.assets.json
           C:\Users\giris\Documents\Code\Redesign-POS\Windows Based POS\Magidesk\Magidesk.Infrastructure\obj\Debug\net8.0\Magidesk.Infrastructure.assets.cache
           C:\Users\giris\Documents\Code\Redesign-POS\Windows Based POS\Magidesk\Magidesk.Infrastructure\obj\Debug\net8.0\Magidesk.Infrastructure.genruntimeconfig.cache
       Output files: C:\Users\giris\Documents\Code\Redesign-POS\Windows Based POS\Magidesk\Magidesk.Infrastructure\bin\Debug\net8.0\Magidesk.Infrastructure.runtimeconfig.json
   4:6>Done building target "GenerateBuildRuntimeConfigurationFiles" in project "Magidesk.Infrastructure.csproj".
   4:6>Target "CopyFilesToOutputDirectory" in file "C:\Program Files\dotnet\sdk\10.0.101\Microsoft.Common.CurrentVersion.targets" from project "C:\Users\giris\Documents\Code\Redesign-POS\Windows Based POS\Magidesk\Magidesk.Infrastructure\Magidesk.Infrastructure.csproj" (target "PrepareForRun" depends on it):
       Task "Copy"
         Did not copy from file "obj\Debug\net8.0\Magidesk.Infrastructure.dll" to file "bin\Debug\net8.0\Magidesk.Infrastructure.dll" because the "SkipUnchangedFiles" parameter was set to "true" in the project and the files' sizes and timestamps match.
       Done executing task "Copy".
       Using "CopyRefAssembly" task from assembly "C:\Program Files\dotnet\sdk\10.0.101\Sdks\Microsoft.NET.Sdk\targets\..\..\..\Roslyn\Microsoft.Build.Tasks.CodeAnalysis.dll".
       Task "CopyRefAssembly"
         Reference assembly "C:\Users\giris\Documents\Code\Redesign-POS\Windows Based POS\Magidesk\Magidesk.Infrastructure\obj\Debug\net8.0\ref\Magidesk.Infrastructure.dll" already has latest information. Leaving it untouched.
       Done executing task "CopyRefAssembly".
       Task "Message"
         Magidesk.Infrastructure -> C:\Users\giris\Documents\Code\Redesign-POS\Windows Based POS\Magidesk\Magidesk.Infrastructure\bin\Debug\net8.0\Magidesk.Infrastructure.dll
       Done executing task "Message".
       Task "Copy"
         Did not copy from file "obj\Debug\net8.0\Magidesk.Infrastructure.pdb" to file "bin\Debug\net8.0\Magidesk.Infrastructure.pdb" because the "SkipUnchangedFiles" parameter was set to "true" in the project and the files' sizes and timestamps match.
       Done executing task "Copy".
   4:6>Done building target "CopyFilesToOutputDirectory" in project "Magidesk.Infrastructure.csproj".
   4:6>Target "PrepareForRun" in file "C:\Program Files\dotnet\sdk\10.0.101\Microsoft.Common.CurrentVersion.targets" from project "C:\Users\giris\Documents\Code\Redesign-POS\Windows Based POS\Magidesk\Magidesk.Infrastructure\Magidesk.Infrastructure.csproj" (target "CoreBuild" depends on it):
   4:6>Done building target "PrepareForRun" in project "Magidesk.Infrastructure.csproj".
       Target "_CheckForCompileOutputs" skipped. Previously built successfully.
   4:6>Target "_CleanGetCurrentAndPriorFileWrites" in file "C:\Program Files\dotnet\sdk\10.0.101\Microsoft.Common.CurrentVersion.targets" from project "C:\Users\giris\Documents\Code\Redesign-POS\Windows Based POS\Magidesk\Magidesk.Infrastructure\Magidesk.Infrastructure.csproj" (target "IncrementalClean" depends on it):
       Using "ReadLinesFromFile" task from assembly "Microsoft.Build.Tasks.Core, Version=15.1.0.0, Culture=neutral, PublicKeyToken=b03f5f7f11d50a3a".
       Task "ReadLinesFromFile"
       Done executing task "ReadLinesFromFile".
       Task "ConvertToAbsolutePath"
       Done executing task "ConvertToAbsolutePath".
       Using "FindUnderPath" task from assembly "Microsoft.Build.Tasks.Core, Version=15.1.0.0, Culture=neutral, PublicKeyToken=b03f5f7f11d50a3a".
       Task "FindUnderPath"
         Comparison path is "C:\Users\giris\Documents\Code\Redesign-POS\Windows Based POS\Magidesk\Magidesk.Infrastructure".
       Done executing task "FindUnderPath".
       Task "FindUnderPath"
         Comparison path is "bin\Debug\net8.0\".
       Done executing task "FindUnderPath".
       Task "FindUnderPath"
         Comparison path is "obj\Debug\net8.0\".
       Done executing task "FindUnderPath".
       Task "RemoveDuplicates"
       Done executing task "RemoveDuplicates".
   4:6>Done building target "_CleanGetCurrentAndPriorFileWrites" in project "Magidesk.Infrastructure.csproj".
   4:6>Target "IncrementalClean" in file "C:\Program Files\dotnet\sdk\10.0.101\Microsoft.Common.CurrentVersion.targets" from project "C:\Users\giris\Documents\Code\Redesign-POS\Windows Based POS\Magidesk\Magidesk.Infrastructure\Magidesk.Infrastructure.csproj" (target "CoreBuild" depends on it):
       Task "FindUnderPath"
         Comparison path is "bin\Debug\net8.0\".
       Done executing task "FindUnderPath".
       Task "FindUnderPath"
         Comparison path is "obj\Debug\net8.0\".
       Done executing task "FindUnderPath".
       Using "Delete" task from assembly "Microsoft.Build.Tasks.Core, Version=15.1.0.0, Culture=neutral, PublicKeyToken=b03f5f7f11d50a3a".
       Task "Delete"
       Done executing task "Delete".
       Task "RemoveDuplicates"
       Done executing task "RemoveDuplicates".
   4:6>Done building target "IncrementalClean" in project "Magidesk.Infrastructure.csproj".
       Target "GenerateBuildDependencyFile" skipped. Previously built successfully.
       Target "GenerateBuildRuntimeConfigurationFiles" skipped. Previously built successfully.
   4:6>Target "CoreBuild" in file "C:\Program Files\dotnet\sdk\10.0.101\Microsoft.Common.CurrentVersion.targets" from project "C:\Users\giris\Documents\Code\Redesign-POS\Windows Based POS\Magidesk\Magidesk.Infrastructure\Magidesk.Infrastructure.csproj" (target "Build" depends on it):
   4:6>Done building target "CoreBuild" in project "Magidesk.Infrastructure.csproj".
   4:6>Target "AfterBuild" in file "C:\Program Files\dotnet\sdk\10.0.101\Microsoft.Common.CurrentVersion.targets" from project "C:\Users\giris\Documents\Code\Redesign-POS\Windows Based POS\Magidesk\Magidesk.Infrastructure\Magidesk.Infrastructure.csproj" (target "Build" depends on it):
   4:6>Done building target "AfterBuild" in project "Magidesk.Infrastructure.csproj".
       Target "_CheckForInvalidConfigurationAndPlatform" skipped. Previously built successfully.
       Target "_CheckForInvalidConfigurationAndPlatform" skipped. Previously built successfully.
   4:6>Target "Build" in file "C:\Program Files\dotnet\sdk\10.0.101\Microsoft.Common.CurrentVersion.targets" from project "C:\Users\giris\Documents\Code\Redesign-POS\Windows Based POS\Magidesk\Magidesk.Infrastructure\Magidesk.Infrastructure.csproj" (entry point):
   4:6>Done building target "Build" in project "Magidesk.Infrastructure.csproj".
   4:6>Target "_CheckContainersPackage" in file "C:\Program Files\dotnet\sdk\10.0.101\Containers\build\Microsoft.NET.Build.Containers.targets" from project "C:\Users\giris\Documents\Code\Redesign-POS\Windows Based POS\Magidesk\Magidesk.Infrastructure\Magidesk.Infrastructure.csproj" (entry point):
   4:6>Done building target "_CheckContainersPackage" in project "Magidesk.Infrastructure.csproj".
   4:6>Done Building Project "C:\Users\giris\Documents\Code\Redesign-POS\Windows Based POS\Magidesk\Magidesk.Infrastructure\Magidesk.Infrastructure.csproj" (default targets).
   1:7>Done executing task "MSBuild".
       Task "MSBuild"
         Removing Properties for project "Magidesk.Application\Magidesk.Application.csproj":
           TargetFramework
           RuntimeIdentifier
           SelfContained
         Removing Properties for project "Magidesk.Infrastructure\Magidesk.Infrastructure.csproj":
           TargetFramework
           RuntimeIdentifier
           SelfContained
         Removing Properties for project "Magidesk.Domain\Magidesk.Domain.csproj":
           TargetFramework
           RuntimeIdentifier
           SelfContained
   1:7>Project "C:\Users\giris\Documents\Code\Redesign-POS\Windows Based POS\Magidesk\Magidesk.Presentation.csproj" (1:7) is building "C:\Users\giris\Documents\Code\Redesign-POS\Windows Based POS\Magidesk\Magidesk.Application\Magidesk.Application.csproj" (2:12) on node 2 (GetNativeManifest target(s)).
  2:12>Target "GetNativeManifest" skipped. Previously built successfully.
  2:12>Done Building Project "C:\Users\giris\Documents\Code\Redesign-POS\Windows Based POS\Magidesk\Magidesk.Application\Magidesk.Application.csproj" (GetNativeManifest target(s)).
   1:7>Project "C:\Users\giris\Documents\Code\Redesign-POS\Windows Based POS\Magidesk\Magidesk.Presentation.csproj" (1:7) is building "C:\Users\giris\Documents\Code\Redesign-POS\Windows Based POS\Magidesk\Magidesk.Domain\Magidesk.Domain.csproj" (3:16) on node 3 (GetNativeManifest target(s)).
  3:16>Target "GetNativeManifest" skipped. Previously built successfully.
  3:16>Done Building Project "C:\Users\giris\Documents\Code\Redesign-POS\Windows Based POS\Magidesk\Magidesk.Domain\Magidesk.Domain.csproj" (GetNativeManifest target(s)).
   1:7>Project "C:\Users\giris\Documents\Code\Redesign-POS\Windows Based POS\Magidesk\Magidesk.Presentation.csproj" (1:7) is building "C:\Users\giris\Documents\Code\Redesign-POS\Windows Based POS\Magidesk\Magidesk.Infrastructure\Magidesk.Infrastructure.csproj" (4:7) on node 1 (GetNativeManifest target(s)).
   4:7>Target "GetNativeManifest" in file "C:\Program Files\dotnet\sdk\10.0.101\Microsoft.Common.CurrentVersion.targets" from project "C:\Users\giris\Documents\Code\Redesign-POS\Windows Based POS\Magidesk\Magidesk.Infrastructure\Magidesk.Infrastructure.csproj" (entry point):
   4:7>Done building target "GetNativeManifest" in project "Magidesk.Infrastructure.csproj".
   4:7>Done Building Project "C:\Users\giris\Documents\Code\Redesign-POS\Windows Based POS\Magidesk\Magidesk.Infrastructure\Magidesk.Infrastructure.csproj" (GetNativeManifest target(s)).
   1:7>Done executing task "MSBuild".
   1:7>Done building target "ResolveProjectReferences" in project "Magidesk.Presentation.csproj".
       Target "ResolveProjectReferences" skipped. Previously built successfully.
   1:7>Target "_AddWindowsMetadataReferecesFromProjectReferences" in file "C:\Users\giris\.nuget\packages\microsoft.windows.sdk.buildtools.msix\1.7.20250829.1\build\Microsoft.Windows.SDK.BuildTools.MSIX.Packaging.targets" from project "C:\Users\giris\Documents\Code\Redesign-POS\Windows Based POS\Magidesk\Magidesk.Presentation.csproj" (target "RemoveManagedWinRTComponentWinMDReferences" depends on it):
   1:7>Done building target "_AddWindowsMetadataReferecesFromProjectReferences" in project "Magidesk.Presentation.csproj".
   1:7>Target "RemoveManagedWinRTComponentWinMDReferences" in file "C:\Program Files\dotnet\sdk\10.0.101\Sdks\Microsoft.NET.Sdk\targets\Microsoft.NET.Windows.targets" from project "C:\Users\giris\Documents\Code\Redesign-POS\Windows Based POS\Magidesk\Magidesk.Presentation.csproj" (target "ResolveReferences" depends on it):
   1:7>Done building target "RemoveManagedWinRTComponentWinMDReferences" in project "Magidesk.Presentation.csproj".
       Target "PrepareProjectReferences" skipped. Previously built successfully.
   1:7>Target "GetReferenceTargetPlatformMonikers" in file "C:\Program Files\dotnet\sdk\10.0.101\Microsoft.Common.CurrentVersion.targets" from project "C:\Users\giris\Documents\Code\Redesign-POS\Windows Based POS\Magidesk\Magidesk.Presentation.csproj" (target "FindInvalidProjectReferences" depends on it):
       Task "MSBuild"
         Removing Properties for project "Magidesk.Application\Magidesk.Application.csproj":
           TargetFramework
           RuntimeIdentifier
           SelfContained
         Removing Properties for project "Magidesk.Infrastructure\Magidesk.Infrastructure.csproj":
           TargetFramework
           RuntimeIdentifier
           SelfContained
         Removing Properties for project "Magidesk.Domain\Magidesk.Domain.csproj":
           TargetFramework
           RuntimeIdentifier
           SelfContained
   1:7>Project "C:\Users\giris\Documents\Code\Redesign-POS\Windows Based POS\Magidesk\Magidesk.Presentation.csproj" (1:7) is building "C:\Users\giris\Documents\Code\Redesign-POS\Windows Based POS\Magidesk\Magidesk.Application\Magidesk.Application.csproj" (2:13) on node 2 (GetTargetPathWithTargetPlatformMoniker target(s)).
  2:13>Target "GetTargetPathWithTargetPlatformMoniker" skipped. Previously built successfully.
  2:13>Done Building Project "C:\Users\giris\Documents\Code\Redesign-POS\Windows Based POS\Magidesk\Magidesk.Application\Magidesk.Application.csproj" (GetTargetPathWithTargetPlatformMoniker target(s)).
   1:7>Project "C:\Users\giris\Documents\Code\Redesign-POS\Windows Based POS\Magidesk\Magidesk.Presentation.csproj" (1:7) is building "C:\Users\giris\Documents\Code\Redesign-POS\Windows Based POS\Magidesk\Magidesk.Infrastructure\Magidesk.Infrastructure.csproj" (4:8) on node 1 (GetTargetPathWithTargetPlatformMoniker target(s)).
   4:8>Target "GetTargetPathWithTargetPlatformMoniker" skipped. Previously built successfully.
   4:8>Done Building Project "C:\Users\giris\Documents\Code\Redesign-POS\Windows Based POS\Magidesk\Magidesk.Infrastructure\Magidesk.Infrastructure.csproj" (GetTargetPathWithTargetPlatformMoniker target(s)).
   1:7>Project "C:\Users\giris\Documents\Code\Redesign-POS\Windows Based POS\Magidesk\Magidesk.Presentation.csproj" (1:7) is building "C:\Users\giris\Documents\Code\Redesign-POS\Windows Based POS\Magidesk\Magidesk.Domain\Magidesk.Domain.csproj" (3:17) on node 3 (GetTargetPathWithTargetPlatformMoniker target(s)).
  3:17>Target "GetTargetPathWithTargetPlatformMoniker" skipped. Previously built successfully.
  3:17>Done Building Project "C:\Users\giris\Documents\Code\Redesign-POS\Windows Based POS\Magidesk\Magidesk.Domain\Magidesk.Domain.csproj" (GetTargetPathWithTargetPlatformMoniker target(s)).
   1:7>Done executing task "MSBuild".
   1:7>Done building target "GetReferenceTargetPlatformMonikers" in project "Magidesk.Presentation.csproj".
   1:7>Target "FindInvalidProjectReferences" in file "C:\Program Files\dotnet\sdk\10.0.101\Microsoft.Common.CurrentVersion.targets" from project "C:\Users\giris\Documents\Code\Redesign-POS\Windows Based POS\Magidesk\Magidesk.Presentation.csproj" (target "ResolveReferences" depends on it):
       Using "FindInvalidProjectReferences" task from assembly "Microsoft.Build.Tasks.Core, Version=15.1.0.0, Culture=neutral, PublicKeyToken=b03f5f7f11d50a3a".
       Task "FindInvalidProjectReferences"
       Done executing task "FindInvalidProjectReferences".
   1:7>Done building target "FindInvalidProjectReferences" in project "Magidesk.Presentation.csproj".
       Target "ResolveProjectReferences" skipped. Previously built successfully.
       Target "FindInvalidProjectReferences" skipped. Previously built successfully.
       Target "GetFrameworkPaths" skipped. Previously built successfully.
       Target "GetReferenceAssemblyPaths" skipped. Previously built successfully.
       Target "PrepareForBuild" skipped. Previously built successfully.
   1:7>Target "ResolveSDKReferences" in file "C:\Program Files\dotnet\sdk\10.0.101\Microsoft.Common.CurrentVersion.targets" from project "C:\Users\giris\Documents\Code\Redesign-POS\Windows Based POS\Magidesk\Magidesk.Presentation.csproj" (target "ResolveAssemblyReferences" depends on it):
   1:7>Done building target "ResolveSDKReferences" in project "Magidesk.Presentation.csproj".
       Target "ResolveSDKReferences" skipped. Previously built successfully.
   1:7>Target "ExpandSDKReferences" in file "C:\Program Files\dotnet\sdk\10.0.101\Microsoft.Common.CurrentVersion.targets" from project "C:\Users\giris\Documents\Code\Redesign-POS\Windows Based POS\Magidesk\Magidesk.Presentation.csproj" (target "ResolveAssemblyReferences" depends on it):
   1:7>Done building target "ExpandSDKReferences" in project "Magidesk.Presentation.csproj".
       Target "ResolvePackageDependenciesForBuild" skipped. Previously built successfully.
       Target "GetFrameworkPaths" skipped. Previously built successfully.
       Target "GetReferenceAssemblyPaths" skipped. Previously built successfully.
       Target "ResolveFrameworkReferences" skipped. Previously built successfully.
   1:7>Target "ResolveTargetingPackAssets" in file "C:\Program Files\dotnet\sdk\10.0.101\Sdks\Microsoft.NET.Sdk\targets\Microsoft.NET.Sdk.FrameworkReferenceResolution.targets" from project "C:\Users\giris\Documents\Code\Redesign-POS\Windows Based POS\Magidesk\Magidesk.Presentation.csproj" (target "_HandlePackageFileConflicts" depends on it):
       Using "ResolveTargetingPackAssets" task from assembly "C:\Program Files\dotnet\sdk\10.0.101\Sdks\Microsoft.NET.Sdk\targets\..\tools\net10.0\Microsoft.NET.Build.Tasks.dll".
       Task "ResolveTargetingPackAssets"
       Done executing task "ResolveTargetingPackAssets".
   1:7>Done building target "ResolveTargetingPackAssets" in project "Magidesk.Presentation.csproj".
   1:7>Target "ResolveOffByDefaultAnalyzers" in file "C:\Program Files\dotnet\sdk\10.0.101\Sdks\Microsoft.NET.Sdk\targets\Microsoft.NET.Sdk.FrameworkReferenceResolution.targets" from project "C:\Users\giris\Documents\Code\Redesign-POS\Windows Based POS\Magidesk\Magidesk.Presentation.csproj" (target "_HandlePackageFileConflicts" depends on it):
   1:7>Done building target "ResolveOffByDefaultAnalyzers" in project "Magidesk.Presentation.csproj".
   1:7>Target "_HandlePackageFileConflicts" in file "C:\Program Files\dotnet\sdk\10.0.101\Sdks\Microsoft.NET.Sdk\targets\Microsoft.NET.ConflictResolution.targets" from project "C:\Users\giris\Documents\Code\Redesign-POS\Windows Based POS\Magidesk\Magidesk.Presentation.csproj" (target "ResolveAssemblyReferences" depends on it):
       Using "ResolvePackageFileConflicts" task from assembly "C:\Program Files\dotnet\sdk\10.0.101\Sdks\Microsoft.NET.Sdk\targets\..\tools\net10.0\Microsoft.NET.Build.Tasks.dll".
       Task "ResolvePackageFileConflicts"
         Encountered conflict between 'Reference:C:\Users\giris\.nuget\packages\system.collections.immutable\8.0.0\lib\net8.0\System.Collections.Immutable.dll' and 'Reference:C:\Program Files\dotnet\packs\Microsoft.NETCore.App.Ref\8.0.22\ref/net8.0/System.Collections.Immutable.dll'. Choosing 'Reference:C:\Program Files\dotnet\packs\Microsoft.NETCore.App.Ref\8.0.22\ref/net8.0/System.Collections.Immutable.dll' because file version '8.0.2225.52707' is greater than '8.0.23.53103'.
         Encountered conflict between 'Reference:C:\Users\giris\.nuget\packages\system.diagnostics.diagnosticsource\8.0.0\lib\net8.0\System.Diagnostics.DiagnosticSource.dll' and 'Reference:C:\Program Files\dotnet\packs\Microsoft.NETCore.App.Ref\8.0.22\ref/net8.0/System.Diagnostics.DiagnosticSource.dll'. Choosing 'Reference:C:\Program Files\dotnet\packs\Microsoft.NETCore.App.Ref\8.0.22\ref/net8.0/System.Diagnostics.DiagnosticSource.dll' because file version '8.0.2225.52707' is greater than '8.0.23.53103'.
         Encountered conflict between 'Reference:C:\Users\giris\.nuget\packages\system.text.encodings.web\8.0.0\lib\net8.0\System.Text.Encodings.Web.dll' and 'Reference:C:\Program Files\dotnet\packs\Microsoft.NETCore.App.Ref\8.0.22\ref/net8.0/System.Text.Encodings.Web.dll'. Choosing 'Reference:C:\Program Files\dotnet\packs\Microsoft.NETCore.App.Ref\8.0.22\ref/net8.0/System.Text.Encodings.Web.dll' because file version '8.0.2225.52707' is greater than '8.0.23.53103'.
         Encountered conflict between 'Reference:C:\Users\giris\.nuget\packages\system.text.json\8.0.0\lib\net8.0\System.Text.Json.dll' and 'Reference:C:\Program Files\dotnet\packs\Microsoft.NETCore.App.Ref\8.0.22\ref/net8.0/System.Text.Json.dll'. Choosing 'Reference:C:\Program Files\dotnet\packs\Microsoft.NETCore.App.Ref\8.0.22\ref/net8.0/System.Text.Json.dll' because file version '8.0.2225.52707' is greater than '8.0.23.53103'.
         Encountered conflict between 'Analyzer:C:\Users\giris\.nuget\packages\system.text.json\8.0.0\analyzers\dotnet\roslyn4.4\cs\System.Text.Json.SourceGeneration.dll' and 'Analyzer:C:\Program Files\dotnet\packs\Microsoft.NETCore.App.Ref\8.0.22\analyzers/dotnet/cs/System.Text.Json.SourceGeneration.dll'. Choosing 'Analyzer:C:\Program Files\dotnet\packs\Microsoft.NETCore.App.Ref\8.0.22\analyzers/dotnet/cs/System.Text.Json.SourceGeneration.dll' because AssemblyVersion '8.0.13.2707' is greater than '8.0.9.3103'.
         Encountered conflict between 'Platform:System.Collections.Immutable.dll' and 'CopyLocal:C:\Users\giris\.nuget\packages\system.collections.immutable\8.0.0\lib\net8.0\System.Collections.Immutable.dll'. Choosing 'Platform:System.Collections.Immutable.dll' because file version '8.0.2225.52707' is greater than '8.0.23.53103'.
         Encountered conflict between 'Platform:System.Diagnostics.DiagnosticSource.dll' and 'CopyLocal:C:\Users\giris\.nuget\packages\system.diagnostics.diagnosticsource\8.0.0\lib\net8.0\System.Diagnostics.DiagnosticSource.dll'. Choosing 'Platform:System.Diagnostics.DiagnosticSource.dll' because file version '8.0.2225.52707' is greater than '8.0.23.53103'.
         Encountered conflict between 'Platform:System.Reflection.Metadata.dll' and 'CopyLocal:C:\Users\giris\.nuget\packages\system.reflection.metadata\6.0.1\lib\net6.0\System.Reflection.Metadata.dll'. Choosing 'Platform:System.Reflection.Metadata.dll' because AssemblyVersion '8.0.0.0' is greater than '6.0.0.0'.
         Encountered conflict between 'Platform:System.Runtime.CompilerServices.Unsafe.dll' and 'CopyLocal:C:\Users\giris\.nuget\packages\system.runtime.compilerservices.unsafe\6.0.0\lib\net6.0\System.Runtime.CompilerServices.Unsafe.dll'. Choosing 'Platform:System.Runtime.CompilerServices.Unsafe.dll' because AssemblyVersion '8.0.0.0' is greater than '6.0.0.0'.
         Encountered conflict between 'Platform:System.Text.Encoding.CodePages.dll' and 'CopyLocal:C:\Users\giris\.nuget\packages\system.text.encoding.codepages\6.0.0\lib\net6.0\System.Text.Encoding.CodePages.dll'. Choosing 'Platform:System.Text.Encoding.CodePages.dll' because AssemblyVersion '8.0.0.0' is greater than '6.0.0.0'.
         Encountered conflict between 'Platform:System.Text.Encodings.Web.dll' and 'CopyLocal:C:\Users\giris\.nuget\packages\system.text.encodings.web\8.0.0\lib\net8.0\System.Text.Encodings.Web.dll'. Choosing 'Platform:System.Text.Encodings.Web.dll' because file version '8.0.2225.52707' is greater than '8.0.23.53103'.
         Encountered conflict between 'Platform:System.Text.Json.dll' and 'CopyLocal:C:\Users\giris\.nuget\packages\system.text.json\8.0.0\lib\net8.0\System.Text.Json.dll'. Choosing 'Platform:System.Text.Json.dll' because file version '8.0.2225.52707' is greater than '8.0.23.53103'.
         Encountered conflict between 'Platform:System.Threading.Channels.dll' and 'CopyLocal:C:\Users\giris\.nuget\packages\system.threading.channels\6.0.0\lib\net6.0\System.Threading.Channels.dll'. Choosing 'Platform:System.Threading.Channels.dll' because AssemblyVersion '8.0.0.0' is greater than '6.0.0.0'.
         Encountered conflict between 'Platform:System.Text.Encoding.CodePages.dll' and 'CopyLocal:C:\Users\giris\.nuget\packages\system.text.encoding.codepages\6.0.0\runtimes\win\lib\net6.0\System.Text.Encoding.CodePages.dll'. Choosing 'Platform:System.Text.Encoding.CodePages.dll' because AssemblyVersion '8.0.0.0' is greater than '6.0.0.0'.
         Encountered conflict between 'Platform:System.Text.Encodings.Web.dll' and 'CopyLocal:C:\Users\giris\.nuget\packages\system.text.encodings.web\8.0.0\runtimes\browser\lib\net8.0\System.Text.Encodings.Web.dll'. Choosing 'Platform:System.Text.Encodings.Web.dll' because file version '8.0.2225.52707' is greater than '8.0.23.53103'.
         Encountered conflict between 'Platform:mscorlib.dll' and 'Platform:mscorlib.dll'. Could not determine winner due to equal file and assembly versions.
         Encountered conflict between 'Platform:Microsoft.VisualBasic.dll' and 'Platform:Microsoft.VisualBasic.dll'. Could not determine winner due to equal file and assembly versions.
         Encountered conflict between 'Platform:System.dll' and 'Platform:System.dll'. Could not determine winner due to equal file and assembly versions.
         Encountered conflict between 'Platform:System.ComponentModel.DataAnnotations.dll' and 'Platform:System.ComponentModel.DataAnnotations.dll'. Could not determine winner due to equal file and assembly versions.
         Encountered conflict between 'Platform:System.Configuration.dll' and 'Platform:System.Configuration.dll'. Could not determine winner due to equal file and assembly versions.
         Encountered conflict between 'Platform:System.Core.dll' and 'Platform:System.Core.dll'. Could not determine winner due to equal file and assembly versions.
         Encountered conflict between 'Platform:System.Data.dll' and 'Platform:System.Data.dll'. Could not determine winner due to equal file and assembly versions.
         Encountered conflict between 'Platform:System.Drawing.dll' and 'Platform:System.Drawing.dll'. Could not determine winner due to equal file and assembly versions.
         Encountered conflict between 'Platform:System.IO.Compression.FileSystem.dll' and 'Platform:System.IO.Compression.FileSystem.dll'. Could not determine winner due to equal file and assembly versions.
         Encountered conflict between 'Platform:System.Net.dll' and 'Platform:System.Net.dll'. Could not determine winner due to equal file and assembly versions.
         Encountered conflict between 'Platform:System.Numerics.dll' and 'Platform:System.Numerics.dll'. Could not determine winner due to equal file and assembly versions.
         Encountered conflict between 'Platform:System.Runtime.Serialization.dll' and 'Platform:System.Runtime.Serialization.dll'. Could not determine winner due to equal file and assembly versions.
         Encountered conflict between 'Platform:System.Security.dll' and 'Platform:System.Security.dll'. Could not determine winner due to equal file and assembly versions.
         Encountered conflict between 'Platform:System.ServiceProcess.dll' and 'Platform:System.ServiceProcess.dll'. Could not determine winner due to equal file and assembly versions.
         Encountered conflict between 'Platform:System.ServiceModel.Web.dll' and 'Platform:System.ServiceModel.Web.dll'. Could not determine winner due to equal file and assembly versions.
         Encountered conflict between 'Platform:System.Transactions.dll' and 'Platform:System.Transactions.dll'. Could not determine winner due to equal file and assembly versions.
         Encountered conflict between 'Platform:System.Web.dll' and 'Platform:System.Web.dll'. Could not determine winner due to equal file and assembly versions.
         Encountered conflict between 'Platform:System.Windows.dll' and 'Platform:System.Windows.dll'. Could not determine winner due to equal file and assembly versions.
         Encountered conflict between 'Platform:System.Xml.dll' and 'Platform:System.Xml.dll'. Could not determine winner due to equal file and assembly versions.
         Encountered conflict between 'Platform:System.Xml.Serialization.dll' and 'Platform:System.Xml.Serialization.dll'. Could not determine winner due to equal file and assembly versions.
         Encountered conflict between 'Platform:System.Xml.Linq.dll' and 'Platform:System.Xml.Linq.dll'. Could not determine winner due to equal file and assembly versions.
         Encountered conflict between 'Platform:WindowsBase.dll' and 'Platform:WindowsBase.dll'. Could not determine winner due to equal file and assembly versions.
         Encountered conflict between 'Platform:netstandard.dll' and 'Platform:netstandard.dll'. Could not determine winner due to equal file and assembly versions.
         Encountered conflict between 'Platform:System.Private.CoreLib.dll' and 'Platform:System.Private.CoreLib.dll'. Could not determine winner due to equal file and assembly versions.
         Encountered conflict between 'Platform:System.Private.DataContractSerialization.dll' and 'Platform:System.Private.DataContractSerialization.dll'. Could not determine winner due to equal file and assembly versions.
         Encountered conflict between 'Platform:System.Private.Uri.dll' and 'Platform:System.Private.Uri.dll'. Could not determine winner due to equal file and assembly versions.
         Encountered conflict between 'Platform:System.Private.Xml.dll' and 'Platform:System.Private.Xml.dll'. Could not determine winner due to equal file and assembly versions.
         Encountered conflict between 'Platform:System.Private.Xml.Linq.dll' and 'Platform:System.Private.Xml.Linq.dll'. Could not determine winner due to equal file and assembly versions.
         Encountered conflict between 'Platform:mscordaccore_amd64_amd64_8.0.2225.52707.dll' and 'Platform:mscordaccore_amd64_amd64_8.0.2225.52707.dll'. Could not determine winner due to equal file and assembly versions.
       Done executing task "ResolvePackageFileConflicts".
   1:7>Done building target "_HandlePackageFileConflicts" in project "Magidesk.Presentation.csproj".
       Target "ResolveTargetingPackAssets" skipped. Previously built successfully.
   1:7>Target "ResolveAssemblyReferences" in file "C:\Program Files\dotnet\sdk\10.0.101\Microsoft.Common.CurrentVersion.targets" from project "C:\Users\giris\Documents\Code\Redesign-POS\Windows Based POS\Magidesk\Magidesk.Presentation.csproj" (target "ResolveReferences" depends on it):
       Task "ResolveAssemblyReference"
         TargetFrameworkMoniker:
             .NETCoreApp,Version=v8.0
         TargetFrameworkMonikerDisplayName:
             .NET 8.0
         TargetedRuntimeVersion:
             
         Assemblies:
             C:\Users\giris\.nuget\packages\microsoft.web.webview2\1.0.3650.58\buildTransitive\..\\lib_manual\net8.0-windows10.0.17763.0\Microsoft.Web.WebView2.Core.Projection.dll
             C:\Users\giris\.nuget\packages\communitytoolkit.mvvm\8.4.0\lib\net8.0-windows10.0.17763\CommunityToolkit.Mvvm.dll
                 Private = 'false'
                 HintPath = 'C:\Users\giris\.nuget\packages\communitytoolkit.mvvm\8.4.0\lib\net8.0-windows10.0.17763\CommunityToolkit.Mvvm.dll'
             C:\Users\giris\.nuget\packages\mediatr\12.2.0\lib\net6.0\MediatR.dll
                 Private = 'false'
                 HintPath = 'C:\Users\giris\.nuget\packages\mediatr\12.2.0\lib\net6.0\MediatR.dll'
             C:\Users\giris\.nuget\packages\mediatr.contracts\2.0.1\lib\netstandard2.0\MediatR.Contracts.dll
                 Private = 'false'
                 HintPath = 'C:\Users\giris\.nuget\packages\mediatr.contracts\2.0.1\lib\netstandard2.0\MediatR.Contracts.dll'
             C:\Users\giris\.nuget\packages\microsoft.entityframeworkcore\8.0.0\lib\net8.0\Microsoft.EntityFrameworkCore.dll
                 Private = 'false'
                 HintPath = 'C:\Users\giris\.nuget\packages\microsoft.entityframeworkcore\8.0.0\lib\net8.0\Microsoft.EntityFrameworkCore.dll'
             C:\Users\giris\.nuget\packages\microsoft.entityframeworkcore.abstractions\8.0.0\lib\net8.0\Microsoft.EntityFrameworkCore.Abstractions.dll
                 Private = 'false'
                 HintPath = 'C:\Users\giris\.nuget\packages\microsoft.entityframeworkcore.abstractions\8.0.0\lib\net8.0\Microsoft.EntityFrameworkCore.Abstractions.dll'
             C:\Users\giris\.nuget\packages\microsoft.entityframeworkcore.relational\8.0.0\lib\net8.0\Microsoft.EntityFrameworkCore.Relational.dll
                 Private = 'false'
                 HintPath = 'C:\Users\giris\.nuget\packages\microsoft.entityframeworkcore.relational\8.0.0\lib\net8.0\Microsoft.EntityFrameworkCore.Relational.dll'
             C:\Users\giris\.nuget\packages\microsoft.extensions.caching.abstractions\8.0.0\lib\net8.0\Microsoft.Extensions.Caching.Abstractions.dll
                 Private = 'false'
                 HintPath = 'C:\Users\giris\.nuget\packages\microsoft.extensions.caching.abstractions\8.0.0\lib\net8.0\Microsoft.Extensions.Caching.Abstractions.dll'
             C:\Users\giris\.nuget\packages\microsoft.extensions.caching.memory\8.0.0\lib\net8.0\Microsoft.Extensions.Caching.Memory.dll
                 Private = 'false'
                 HintPath = 'C:\Users\giris\.nuget\packages\microsoft.extensions.caching.memory\8.0.0\lib\net8.0\Microsoft.Extensions.Caching.Memory.dll'
             C:\Users\giris\.nuget\packages\microsoft.extensions.configuration\8.0.0\lib\net8.0\Microsoft.Extensions.Configuration.dll
                 Private = 'false'
                 HintPath = 'C:\Users\giris\.nuget\packages\microsoft.extensions.configuration\8.0.0\lib\net8.0\Microsoft.Extensions.Configuration.dll'
             C:\Users\giris\.nuget\packages\microsoft.extensions.configuration.abstractions\8.0.0\lib\net8.0\Microsoft.Extensions.Configuration.Abstractions.dll
                 Private = 'false'
                 HintPath = 'C:\Users\giris\.nuget\packages\microsoft.extensions.configuration.abstractions\8.0.0\lib\net8.0\Microsoft.Extensions.Configuration.Abstractions.dll'
             C:\Users\giris\.nuget\packages\microsoft.extensions.configuration.binder\8.0.0\lib\net8.0\Microsoft.Extensions.Configuration.Binder.dll
                 Private = 'false'
                 HintPath = 'C:\Users\giris\.nuget\packages\microsoft.extensions.configuration.binder\8.0.0\lib\net8.0\Microsoft.Extensions.Configuration.Binder.dll'
             C:\Users\giris\.nuget\packages\microsoft.extensions.configuration.commandline\8.0.0\lib\net8.0\Microsoft.Extensions.Configuration.CommandLine.dll
                 Private = 'false'
                 HintPath = 'C:\Users\giris\.nuget\packages\microsoft.extensions.configuration.commandline\8.0.0\lib\net8.0\Microsoft.Extensions.Configuration.CommandLine.dll'
             C:\Users\giris\.nuget\packages\microsoft.extensions.configuration.environmentvariables\8.0.0\lib\net8.0\Microsoft.Extensions.Configuration.EnvironmentVariables.dll
                 Private = 'false'
                 HintPath = 'C:\Users\giris\.nuget\packages\microsoft.extensions.configuration.environmentvariables\8.0.0\lib\net8.0\Microsoft.Extensions.Configuration.EnvironmentVariables.dll'
             C:\Users\giris\.nuget\packages\microsoft.extensions.configuration.fileextensions\8.0.0\lib\net8.0\Microsoft.Extensions.Configuration.FileExtensions.dll
                 Private = 'false'
                 HintPath = 'C:\Users\giris\.nuget\packages\microsoft.extensions.configuration.fileextensions\8.0.0\lib\net8.0\Microsoft.Extensions.Configuration.FileExtensions.dll'
             C:\Users\giris\.nuget\packages\microsoft.extensions.configuration.json\8.0.0\lib\net8.0\Microsoft.Extensions.Configuration.Json.dll
                 Private = 'false'
                 HintPath = 'C:\Users\giris\.nuget\packages\microsoft.extensions.configuration.json\8.0.0\lib\net8.0\Microsoft.Extensions.Configuration.Json.dll'
             C:\Users\giris\.nuget\packages\microsoft.extensions.configuration.usersecrets\8.0.0\lib\net8.0\Microsoft.Extensions.Configuration.UserSecrets.dll
                 Private = 'false'
                 HintPath = 'C:\Users\giris\.nuget\packages\microsoft.extensions.configuration.usersecrets\8.0.0\lib\net8.0\Microsoft.Extensions.Configuration.UserSecrets.dll'
             C:\Users\giris\.nuget\packages\microsoft.extensions.dependencyinjection\8.0.0\lib\net8.0\Microsoft.Extensions.DependencyInjection.dll
                 Private = 'false'
                 HintPath = 'C:\Users\giris\.nuget\packages\microsoft.extensions.dependencyinjection\8.0.0\lib\net8.0\Microsoft.Extensions.DependencyInjection.dll'
             C:\Users\giris\.nuget\packages\microsoft.extensions.dependencyinjection.abstractions\10.0.1\lib\net8.0\Microsoft.Extensions.DependencyInjection.Abstractions.dll
                 Private = 'false'
                 HintPath = 'C:\Users\giris\.nuget\packages\microsoft.extensions.dependencyinjection.abstractions\10.0.1\lib\net8.0\Microsoft.Extensions.DependencyInjection.Abstractions.dll'
             C:\Users\giris\.nuget\packages\microsoft.extensions.diagnostics\8.0.0\lib\net8.0\Microsoft.Extensions.Diagnostics.dll
                 Private = 'false'
                 HintPath = 'C:\Users\giris\.nuget\packages\microsoft.extensions.diagnostics\8.0.0\lib\net8.0\Microsoft.Extensions.Diagnostics.dll'
             C:\Users\giris\.nuget\packages\microsoft.extensions.diagnostics.abstractions\8.0.0\lib\net8.0\Microsoft.Extensions.Diagnostics.Abstractions.dll
                 Private = 'false'
                 HintPath = 'C:\Users\giris\.nuget\packages\microsoft.extensions.diagnostics.abstractions\8.0.0\lib\net8.0\Microsoft.Extensions.Diagnostics.Abstractions.dll'
             C:\Users\giris\.nuget\packages\microsoft.extensions.fileproviders.abstractions\8.0.0\lib\net8.0\Microsoft.Extensions.FileProviders.Abstractions.dll
                 Private = 'false'
                 HintPath = 'C:\Users\giris\.nuget\packages\microsoft.extensions.fileproviders.abstractions\8.0.0\lib\net8.0\Microsoft.Extensions.FileProviders.Abstractions.dll'
             C:\Users\giris\.nuget\packages\microsoft.extensions.fileproviders.physical\8.0.0\lib\net8.0\Microsoft.Extensions.FileProviders.Physical.dll
                 Private = 'false'
                 HintPath = 'C:\Users\giris\.nuget\packages\microsoft.extensions.fileproviders.physical\8.0.0\lib\net8.0\Microsoft.Extensions.FileProviders.Physical.dll'
             C:\Users\giris\.nuget\packages\microsoft.extensions.filesystemglobbing\8.0.0\lib\net8.0\Microsoft.Extensions.FileSystemGlobbing.dll
                 Private = 'false'
                 HintPath = 'C:\Users\giris\.nuget\packages\microsoft.extensions.filesystemglobbing\8.0.0\lib\net8.0\Microsoft.Extensions.FileSystemGlobbing.dll'
             C:\Users\giris\.nuget\packages\microsoft.extensions.hosting\8.0.0\lib\net8.0\Microsoft.Extensions.Hosting.dll
                 Private = 'false'
                 HintPath = 'C:\Users\giris\.nuget\packages\microsoft.extensions.hosting\8.0.0\lib\net8.0\Microsoft.Extensions.Hosting.dll'
             C:\Users\giris\.nuget\packages\microsoft.extensions.hosting.abstractions\8.0.0\lib\net8.0\Microsoft.Extensions.Hosting.Abstractions.dll
                 Private = 'false'
                 HintPath = 'C:\Users\giris\.nuget\packages\microsoft.extensions.hosting.abstractions\8.0.0\lib\net8.0\Microsoft.Extensions.Hosting.Abstractions.dll'
             C:\Users\giris\.nuget\packages\microsoft.extensions.logging\8.0.0\lib\net8.0\Microsoft.Extensions.Logging.dll
                 Private = 'false'
                 HintPath = 'C:\Users\giris\.nuget\packages\microsoft.extensions.logging\8.0.0\lib\net8.0\Microsoft.Extensions.Logging.dll'
             C:\Users\giris\.nuget\packages\microsoft.extensions.logging.abstractions\8.0.0\lib\net8.0\Microsoft.Extensions.Logging.Abstractions.dll
                 Private = 'false'
                 HintPath = 'C:\Users\giris\.nuget\packages\microsoft.extensions.logging.abstractions\8.0.0\lib\net8.0\Microsoft.Extensions.Logging.Abstractions.dll'
             C:\Users\giris\.nuget\packages\microsoft.extensions.logging.configuration\8.0.0\lib\net8.0\Microsoft.Extensions.Logging.Configuration.dll
                 Private = 'false'
                 HintPath = 'C:\Users\giris\.nuget\packages\microsoft.extensions.logging.configuration\8.0.0\lib\net8.0\Microsoft.Extensions.Logging.Configuration.dll'
             C:\Users\giris\.nuget\packages\microsoft.extensions.logging.console\8.0.0\lib\net8.0\Microsoft.Extensions.Logging.Console.dll
                 Private = 'false'
                 HintPath = 'C:\Users\giris\.nuget\packages\microsoft.extensions.logging.console\8.0.0\lib\net8.0\Microsoft.Extensions.Logging.Console.dll'
             C:\Users\giris\.nuget\packages\microsoft.extensions.logging.debug\8.0.0\lib\net8.0\Microsoft.Extensions.Logging.Debug.dll
                 Private = 'false'
                 HintPath = 'C:\Users\giris\.nuget\packages\microsoft.extensions.logging.debug\8.0.0\lib\net8.0\Microsoft.Extensions.Logging.Debug.dll'
             C:\Users\giris\.nuget\packages\microsoft.extensions.logging.eventlog\8.0.0\lib\net8.0\Microsoft.Extensions.Logging.EventLog.dll
                 Private = 'false'
                 HintPath = 'C:\Users\giris\.nuget\packages\microsoft.extensions.logging.eventlog\8.0.0\lib\net8.0\Microsoft.Extensions.Logging.EventLog.dll'
             C:\Users\giris\.nuget\packages\microsoft.extensions.logging.eventsource\8.0.0\lib\net8.0\Microsoft.Extensions.Logging.EventSource.dll
                 Private = 'false'
                 HintPath = 'C:\Users\giris\.nuget\packages\microsoft.extensions.logging.eventsource\8.0.0\lib\net8.0\Microsoft.Extensions.Logging.EventSource.dll'
             C:\Users\giris\.nuget\packages\microsoft.extensions.options\8.0.0\lib\net8.0\Microsoft.Extensions.Options.dll
                 Private = 'false'
                 HintPath = 'C:\Users\giris\.nuget\packages\microsoft.extensions.options\8.0.0\lib\net8.0\Microsoft.Extensions.Options.dll'
             C:\Users\giris\.nuget\packages\microsoft.extensions.options.configurationextensions\8.0.0\lib\net8.0\Microsoft.Extensions.Options.ConfigurationExtensions.dll
                 Private = 'false'
                 HintPath = 'C:\Users\giris\.nuget\packages\microsoft.extensions.options.configurationextensions\8.0.0\lib\net8.0\Microsoft.Extensions.Options.ConfigurationExtensions.dll'
             C:\Users\giris\.nuget\packages\microsoft.extensions.primitives\8.0.0\lib\net8.0\Microsoft.Extensions.Primitives.dll
                 Private = 'false'
                 HintPath = 'C:\Users\giris\.nuget\packages\microsoft.extensions.primitives\8.0.0\lib\net8.0\Microsoft.Extensions.Primitives.dll'
             C:\Users\giris\.nuget\packages\microsoft.win32.systemevents\10.0.1\lib\net8.0\Microsoft.Win32.SystemEvents.dll
                 Private = 'false'
                 HintPath = 'C:\Users\giris\.nuget\packages\microsoft.win32.systemevents\10.0.1\lib\net8.0\Microsoft.Win32.SystemEvents.dll'
             C:\Users\giris\.nuget\packages\microsoft.windowsappsdk.ai\1.8.39\lib\net6.0-windows10.0.17763.0\Microsoft.Graphics.Imaging.Projection.dll
                 Private = 'false'
                 HintPath = 'C:\Users\giris\.nuget\packages\microsoft.windowsappsdk.ai\1.8.39\lib\net6.0-windows10.0.17763.0\Microsoft.Graphics.Imaging.Projection.dll'
             C:\Users\giris\.nuget\packages\microsoft.windowsappsdk.ai\1.8.39\lib\net6.0-windows10.0.17763.0\Microsoft.Windows.AI.ContentSafety.Projection.dll
                 Private = 'false'
                 HintPath = 'C:\Users\giris\.nuget\packages\microsoft.windowsappsdk.ai\1.8.39\lib\net6.0-windows10.0.17763.0\Microsoft.Windows.AI.ContentSafety.Projection.dll'
             C:\Users\giris\.nuget\packages\microsoft.windowsappsdk.ai\1.8.39\lib\net6.0-windows10.0.17763.0\Microsoft.Windows.AI.Foundation.Projection.dll
                 Private = 'false'
                 HintPath = 'C:\Users\giris\.nuget\packages\microsoft.windowsappsdk.ai\1.8.39\lib\net6.0-windows10.0.17763.0\Microsoft.Windows.AI.Foundation.Projection.dll'
             C:\Users\giris\.nuget\packages\microsoft.windowsappsdk.ai\1.8.39\lib\net6.0-windows10.0.17763.0\Microsoft.Windows.AI.Imaging.Projection.dll
                 Private = 'false'
                 HintPath = 'C:\Users\giris\.nuget\packages\microsoft.windowsappsdk.ai\1.8.39\lib\net6.0-windows10.0.17763.0\Microsoft.Windows.AI.Imaging.Projection.dll'
             C:\Users\giris\.nuget\packages\microsoft.windowsappsdk.ai\1.8.39\lib\net6.0-windows10.0.17763.0\Microsoft.Windows.AI.Projection.dll
                 Private = 'false'
                 HintPath = 'C:\Users\giris\.nuget\packages\microsoft.windowsappsdk.ai\1.8.39\lib\net6.0-windows10.0.17763.0\Microsoft.Windows.AI.Projection.dll'
             C:\Users\giris\.nuget\packages\microsoft.windowsappsdk.ai\1.8.39\lib\net6.0-windows10.0.17763.0\Microsoft.Windows.AI.Text.Projection.dll
                 Private = 'false'
                 HintPath = 'C:\Users\giris\.nuget\packages\microsoft.windowsappsdk.ai\1.8.39\lib\net6.0-windows10.0.17763.0\Microsoft.Windows.AI.Text.Projection.dll'
             C:\Users\giris\.nuget\packages\microsoft.windowsappsdk.foundation\1.8.251104000\lib\net6.0-windows10.0.17763.0\Microsoft.Security.Authentication.OAuth.Projection.dll
                 Private = 'false'
                 HintPath = 'C:\Users\giris\.nuget\packages\microsoft.windowsappsdk.foundation\1.8.251104000\lib\net6.0-windows10.0.17763.0\Microsoft.Security.Authentication.OAuth.Projection.dll'
             C:\Users\giris\.nuget\packages\microsoft.windowsappsdk.foundation\1.8.251104000\lib\net6.0-windows10.0.17763.0\Microsoft.Windows.AppLifecycle.Projection.dll
                 Private = 'false'
                 HintPath = 'C:\Users\giris\.nuget\packages\microsoft.windowsappsdk.foundation\1.8.251104000\lib\net6.0-windows10.0.17763.0\Microsoft.Windows.AppLifecycle.Projection.dll'
             C:\Users\giris\.nuget\packages\microsoft.windowsappsdk.foundation\1.8.251104000\lib\net6.0-windows10.0.17763.0\Microsoft.Windows.AppNotifications.Builder.Projection.dll
                 Private = 'false'
                 HintPath = 'C:\Users\giris\.nuget\packages\microsoft.windowsappsdk.foundation\1.8.251104000\lib\net6.0-windows10.0.17763.0\Microsoft.Windows.AppNotifications.Builder.Projection.dll'
             C:\Users\giris\.nuget\packages\microsoft.windowsappsdk.foundation\1.8.251104000\lib\net6.0-windows10.0.17763.0\Microsoft.Windows.AppNotifications.Projection.dll
                 Private = 'false'
                 HintPath = 'C:\Users\giris\.nuget\packages\microsoft.windowsappsdk.foundation\1.8.251104000\lib\net6.0-windows10.0.17763.0\Microsoft.Windows.AppNotifications.Projection.dll'
             C:\Users\giris\.nuget\packages\microsoft.windowsappsdk.foundation\1.8.251104000\lib\net6.0-windows10.0.17763.0\Microsoft.Windows.ApplicationModel.Background.Projection.dll
                 Private = 'false'
                 HintPath = 'C:\Users\giris\.nuget\packages\microsoft.windowsappsdk.foundation\1.8.251104000\lib\net6.0-windows10.0.17763.0\Microsoft.Windows.ApplicationModel.Background.Projection.dll'
             C:\Users\giris\.nuget\packages\microsoft.windowsappsdk.foundation\1.8.251104000\lib\net6.0-windows10.0.17763.0\Microsoft.Windows.ApplicationModel.DynamicDependency.Projection.dll
                 Private = 'false'
                 HintPath = 'C:\Users\giris\.nuget\packages\microsoft.windowsappsdk.foundation\1.8.251104000\lib\net6.0-windows10.0.17763.0\Microsoft.Windows.ApplicationModel.DynamicDependency.Projection.dll'
             C:\Users\giris\.nuget\packages\microsoft.windowsappsdk.foundation\1.8.251104000\lib\net6.0-windows10.0.17763.0\Microsoft.Windows.ApplicationModel.Resources.Projection.dll
                 Private = 'false'
                 HintPath = 'C:\Users\giris\.nuget\packages\microsoft.windowsappsdk.foundation\1.8.251104000\lib\net6.0-windows10.0.17763.0\Microsoft.Windows.ApplicationModel.Resources.Projection.dll'
             C:\Users\giris\.nuget\packages\microsoft.windowsappsdk.foundation\1.8.251104000\lib\net6.0-windows10.0.17763.0\Microsoft.Windows.ApplicationModel.WindowsAppRuntime.Projection.dll
                 Private = 'false'
                 HintPath = 'C:\Users\giris\.nuget\packages\microsoft.windowsappsdk.foundation\1.8.251104000\lib\net6.0-windows10.0.17763.0\Microsoft.Windows.ApplicationModel.WindowsAppRuntime.Projection.dll'
             C:\Users\giris\.nuget\packages\microsoft.windowsappsdk.foundation\1.8.251104000\lib\net6.0-windows10.0.17763.0\Microsoft.Windows.BadgeNotifications.Projection.dll
                 Private = 'false'
                 HintPath = 'C:\Users\giris\.nuget\packages\microsoft.windowsappsdk.foundation\1.8.251104000\lib\net6.0-windows10.0.17763.0\Microsoft.Windows.BadgeNotifications.Projection.dll'
             C:\Users\giris\.nuget\packages\microsoft.windowsappsdk.foundation\1.8.251104000\lib\net6.0-windows10.0.17763.0\Microsoft.Windows.Foundation.Projection.dll
                 Private = 'false'
                 HintPath = 'C:\Users\giris\.nuget\packages\microsoft.windowsappsdk.foundation\1.8.251104000\lib\net6.0-windows10.0.17763.0\Microsoft.Windows.Foundation.Projection.dll'
             C:\Users\giris\.nuget\packages\microsoft.windowsappsdk.foundation\1.8.251104000\lib\net6.0-windows10.0.17763.0\Microsoft.Windows.Management.Deployment.Projection.dll
                 Private = 'false'
                 HintPath = 'C:\Users\giris\.nuget\packages\microsoft.windowsappsdk.foundation\1.8.251104000\lib\net6.0-windows10.0.17763.0\Microsoft.Windows.Management.Deployment.Projection.dll'
             C:\Users\giris\.nuget\packages\microsoft.windowsappsdk.foundation\1.8.251104000\lib\net6.0-windows10.0.17763.0\Microsoft.Windows.Media.Capture.Projection.dll
                 Private = 'false'
                 HintPath = 'C:\Users\giris\.nuget\packages\microsoft.windowsappsdk.foundation\1.8.251104000\lib\net6.0-windows10.0.17763.0\Microsoft.Windows.Media.Capture.Projection.dll'
             C:\Users\giris\.nuget\packages\microsoft.windowsappsdk.foundation\1.8.251104000\lib\net6.0-windows10.0.17763.0\Microsoft.Windows.PushNotifications.Projection.dll
                 Private = 'false'
                 HintPath = 'C:\Users\giris\.nuget\packages\microsoft.windowsappsdk.foundation\1.8.251104000\lib\net6.0-windows10.0.17763.0\Microsoft.Windows.PushNotifications.Projection.dll'
             C:\Users\giris\.nuget\packages\microsoft.windowsappsdk.foundation\1.8.251104000\lib\net6.0-windows10.0.17763.0\Microsoft.Windows.Security.AccessControl.Projection.dll
                 Private = 'false'
                 HintPath = 'C:\Users\giris\.nuget\packages\microsoft.windowsappsdk.foundation\1.8.251104000\lib\net6.0-windows10.0.17763.0\Microsoft.Windows.Security.AccessControl.Projection.dll'
             C:\Users\giris\.nuget\packages\microsoft.windowsappsdk.foundation\1.8.251104000\lib\net6.0-windows10.0.17763.0\Microsoft.Windows.Storage.Pickers.Projection.dll
                 Private = 'false'
                 HintPath = 'C:\Users\giris\.nuget\packages\microsoft.windowsappsdk.foundation\1.8.251104000\lib\net6.0-windows10.0.17763.0\Microsoft.Windows.Storage.Pickers.Projection.dll'
             C:\Users\giris\.nuget\packages\microsoft.windowsappsdk.foundation\1.8.251104000\lib\net6.0-windows10.0.17763.0\Microsoft.Windows.Storage.Projection.dll
                 Private = 'false'
                 HintPath = 'C:\Users\giris\.nuget\packages\microsoft.windowsappsdk.foundation\1.8.251104000\lib\net6.0-windows10.0.17763.0\Microsoft.Windows.Storage.Projection.dll'
             C:\Users\giris\.nuget\packages\microsoft.windowsappsdk.foundation\1.8.251104000\lib\net6.0-windows10.0.17763.0\Microsoft.Windows.System.Power.Projection.dll
                 Private = 'false'
                 HintPath = 'C:\Users\giris\.nuget\packages\microsoft.windowsappsdk.foundation\1.8.251104000\lib\net6.0-windows10.0.17763.0\Microsoft.Windows.System.Power.Projection.dll'
             C:\Users\giris\.nuget\packages\microsoft.windowsappsdk.foundation\1.8.251104000\lib\net6.0-windows10.0.17763.0\Microsoft.Windows.System.Projection.dll
                 Private = 'false'
                 HintPath = 'C:\Users\giris\.nuget\packages\microsoft.windowsappsdk.foundation\1.8.251104000\lib\net6.0-windows10.0.17763.0\Microsoft.Windows.System.Projection.dll'
             C:\Users\giris\.nuget\packages\microsoft.windowsappsdk.foundation\1.8.251104000\lib\net6.0-windows10.0.17763.0\Microsoft.WindowsAppRuntime.Bootstrap.Net.dll
                 Private = 'false'
                 HintPath = 'C:\Users\giris\.nuget\packages\microsoft.windowsappsdk.foundation\1.8.251104000\lib\net6.0-windows10.0.17763.0\Microsoft.WindowsAppRuntime.Bootstrap.Net.dll'
             C:\Users\giris\.nuget\packages\microsoft.windowsappsdk.interactiveexperiences\1.8.251104001\lib\net6.0-windows10.0.18362.0\Microsoft.InteractiveExperiences.Projection.dll
                 Private = 'false'
                 HintPath = 'C:\Users\giris\.nuget\packages\microsoft.windowsappsdk.interactiveexperiences\1.8.251104001\lib\net6.0-windows10.0.18362.0\Microsoft.InteractiveExperiences.Projection.dll'
             C:\Users\giris\.nuget\packages\microsoft.windowsappsdk.ml\1.8.2109\lib\net8.0-windows10.0.17763.0\Microsoft.ML.OnnxRuntime.dll
                 Private = 'false'
                 HintPath = 'C:\Users\giris\.nuget\packages\microsoft.windowsappsdk.ml\1.8.2109\lib\net8.0-windows10.0.17763.0\Microsoft.ML.OnnxRuntime.dll'
             C:\Users\giris\.nuget\packages\microsoft.windowsappsdk.ml\1.8.2109\lib\net8.0-windows10.0.17763.0\Microsoft.Windows.AI.MachineLearning.Projection.dll
                 Private = 'false'
                 HintPath = 'C:\Users\giris\.nuget\packages\microsoft.windowsappsdk.ml\1.8.2109\lib\net8.0-windows10.0.17763.0\Microsoft.Windows.AI.MachineLearning.Projection.dll'
             C:\Users\giris\.nuget\packages\microsoft.windowsappsdk.widgets\1.8.250904007\lib\net6.0-windows10.0.17763.0\Microsoft.Windows.Widgets.Projection.dll
                 Private = 'false'
                 HintPath = 'C:\Users\giris\.nuget\packages\microsoft.windowsappsdk.widgets\1.8.250904007\lib\net6.0-windows10.0.17763.0\Microsoft.Windows.Widgets.Projection.dll'
             C:\Users\giris\.nuget\packages\microsoft.windowsappsdk.winui\1.8.251105000\lib\net6.0-windows10.0.17763.0\Microsoft.WinUI.dll
                 Private = 'false'
                 HintPath = 'C:\Users\giris\.nuget\packages\microsoft.windowsappsdk.winui\1.8.251105000\lib\net6.0-windows10.0.17763.0\Microsoft.WinUI.dll'
             C:\Users\giris\.nuget\packages\npgsql\8.0.0\lib\net8.0\Npgsql.dll
                 Private = 'false'
                 HintPath = 'C:\Users\giris\.nuget\packages\npgsql\8.0.0\lib\net8.0\Npgsql.dll'
             C:\Users\giris\.nuget\packages\npgsql.entityframeworkcore.postgresql\8.0.0\lib\net8.0\Npgsql.EntityFrameworkCore.PostgreSQL.dll
                 Private = 'false'
                 HintPath = 'C:\Users\giris\.nuget\packages\npgsql.entityframeworkcore.postgresql\8.0.0\lib\net8.0\Npgsql.EntityFrameworkCore.PostgreSQL.dll'
             C:\Users\giris\.nuget\packages\system.diagnostics.eventlog\8.0.0\lib\net8.0\System.Diagnostics.EventLog.dll
                 Private = 'false'
                 HintPath = 'C:\Users\giris\.nuget\packages\system.diagnostics.eventlog\8.0.0\lib\net8.0\System.Diagnostics.EventLog.dll'
             C:\Users\giris\.nuget\packages\system.drawing.common\10.0.1\lib\net8.0\System.Drawing.Common.dll
                 Private = 'false'
                 HintPath = 'C:\Users\giris\.nuget\packages\system.drawing.common\10.0.1\lib\net8.0\System.Drawing.Common.dll'
             C:\Users\giris\.nuget\packages\system.drawing.common\10.0.1\lib\net8.0\System.Private.Windows.Core.dll
                 Private = 'false'
                 HintPath = 'C:\Users\giris\.nuget\packages\system.drawing.common\10.0.1\lib\net8.0\System.Private.Windows.Core.dll'
             C:\Users\giris\.nuget\packages\system.drawing.common\10.0.1\lib\net8.0\System.Private.Windows.GdiPlus.dll
                 Private = 'false'
                 HintPath = 'C:\Users\giris\.nuget\packages\system.drawing.common\10.0.1\lib\net8.0\System.Private.Windows.GdiPlus.dll'
             C:\Users\giris\.nuget\packages\system.numerics.tensors\9.0.0\lib\net8.0\System.Numerics.Tensors.dll
                 Private = 'false'
                 HintPath = 'C:\Users\giris\.nuget\packages\system.numerics.tensors\9.0.0\lib\net8.0\System.Numerics.Tensors.dll'
             C:\Program Files\dotnet\packs\Microsoft.NETCore.App.Ref\8.0.22\ref/net8.0/Microsoft.CSharp.dll
                 Private = 'false'
             C:\Program Files\dotnet\packs\Microsoft.NETCore.App.Ref\8.0.22\ref/net8.0/Microsoft.VisualBasic.Core.dll
                 Private = 'false'
             C:\Program Files\dotnet\packs\Microsoft.NETCore.App.Ref\8.0.22\ref/net8.0/Microsoft.VisualBasic.dll
                 Private = 'false'
             C:\Program Files\dotnet\packs\Microsoft.NETCore.App.Ref\8.0.22\ref/net8.0/Microsoft.Win32.Primitives.dll
                 Private = 'false'
             C:\Program Files\dotnet\packs\Microsoft.NETCore.App.Ref\8.0.22\ref/net8.0/Microsoft.Win32.Registry.dll
                 Private = 'false'
             C:\Program Files\dotnet\packs\Microsoft.NETCore.App.Ref\8.0.22\ref/net8.0/System.AppContext.dll
                 Private = 'false'
             C:\Program Files\dotnet\packs\Microsoft.NETCore.App.Ref\8.0.22\ref/net8.0/System.Buffers.dll
                 Private = 'false'
             C:\Program Files\dotnet\packs\Microsoft.NETCore.App.Ref\8.0.22\ref/net8.0/System.Collections.Concurrent.dll
                 Private = 'false'
             C:\Program Files\dotnet\packs\Microsoft.NETCore.App.Ref\8.0.22\ref/net8.0/System.Collections.Immutable.dll
                 Private = 'false'
             C:\Program Files\dotnet\packs\Microsoft.NETCore.App.Ref\8.0.22\ref/net8.0/System.Collections.NonGeneric.dll
                 Private = 'false'
             C:\Program Files\dotnet\packs\Microsoft.NETCore.App.Ref\8.0.22\ref/net8.0/System.Collections.Specialized.dll
                 Private = 'false'
             C:\Program Files\dotnet\packs\Microsoft.NETCore.App.Ref\8.0.22\ref/net8.0/System.Collections.dll
                 Private = 'false'
             C:\Program Files\dotnet\packs\Microsoft.NETCore.App.Ref\8.0.22\ref/net8.0/System.ComponentModel.Annotations.dll
                 Private = 'false'
             C:\Program Files\dotnet\packs\Microsoft.NETCore.App.Ref\8.0.22\ref/net8.0/System.ComponentModel.DataAnnotations.dll
                 Private = 'false'
             C:\Program Files\dotnet\packs\Microsoft.NETCore.App.Ref\8.0.22\ref/net8.0/System.ComponentModel.EventBasedAsync.dll
                 Private = 'false'
             C:\Program Files\dotnet\packs\Microsoft.NETCore.App.Ref\8.0.22\ref/net8.0/System.ComponentModel.Primitives.dll
                 Private = 'false'
             C:\Program Files\dotnet\packs\Microsoft.NETCore.App.Ref\8.0.22\ref/net8.0/System.ComponentModel.TypeConverter.dll
                 Private = 'false'
             C:\Program Files\dotnet\packs\Microsoft.NETCore.App.Ref\8.0.22\ref/net8.0/System.ComponentModel.dll
                 Private = 'false'
             C:\Program Files\dotnet\packs\Microsoft.NETCore.App.Ref\8.0.22\ref/net8.0/System.Configuration.dll
                 Private = 'false'
             C:\Program Files\dotnet\packs\Microsoft.NETCore.App.Ref\8.0.22\ref/net8.0/System.Console.dll
                 Private = 'false'
             C:\Program Files\dotnet\packs\Microsoft.NETCore.App.Ref\8.0.22\ref/net8.0/System.Core.dll
                 Private = 'false'
             C:\Program Files\dotnet\packs\Microsoft.NETCore.App.Ref\8.0.22\ref/net8.0/System.Data.Common.dll
                 Private = 'false'
             C:\Program Files\dotnet\packs\Microsoft.NETCore.App.Ref\8.0.22\ref/net8.0/System.Data.DataSetExtensions.dll
                 Private = 'false'
             C:\Program Files\dotnet\packs\Microsoft.NETCore.App.Ref\8.0.22\ref/net8.0/System.Data.dll
                 Private = 'false'
             C:\Program Files\dotnet\packs\Microsoft.NETCore.App.Ref\8.0.22\ref/net8.0/System.Diagnostics.Contracts.dll
                 Private = 'false'
             C:\Program Files\dotnet\packs\Microsoft.NETCore.App.Ref\8.0.22\ref/net8.0/System.Diagnostics.Debug.dll
                 Private = 'false'
             C:\Program Files\dotnet\packs\Microsoft.NETCore.App.Ref\8.0.22\ref/net8.0/System.Diagnostics.DiagnosticSource.dll
                 Private = 'false'
             C:\Program Files\dotnet\packs\Microsoft.NETCore.App.Ref\8.0.22\ref/net8.0/System.Diagnostics.FileVersionInfo.dll
                 Private = 'false'
             C:\Program Files\dotnet\packs\Microsoft.NETCore.App.Ref\8.0.22\ref/net8.0/System.Diagnostics.Process.dll
                 Private = 'false'
             C:\Program Files\dotnet\packs\Microsoft.NETCore.App.Ref\8.0.22\ref/net8.0/System.Diagnostics.StackTrace.dll
                 Private = 'false'
             C:\Program Files\dotnet\packs\Microsoft.NETCore.App.Ref\8.0.22\ref/net8.0/System.Diagnostics.TextWriterTraceListener.dll
                 Private = 'false'
             C:\Program Files\dotnet\packs\Microsoft.NETCore.App.Ref\8.0.22\ref/net8.0/System.Diagnostics.Tools.dll
                 Private = 'false'
             C:\Program Files\dotnet\packs\Microsoft.NETCore.App.Ref\8.0.22\ref/net8.0/System.Diagnostics.TraceSource.dll
                 Private = 'false'
             C:\Program Files\dotnet\packs\Microsoft.NETCore.App.Ref\8.0.22\ref/net8.0/System.Diagnostics.Tracing.dll
                 Private = 'false'
             C:\Program Files\dotnet\packs\Microsoft.NETCore.App.Ref\8.0.22\ref/net8.0/System.Drawing.Primitives.dll
                 Private = 'false'
             C:\Program Files\dotnet\packs\Microsoft.NETCore.App.Ref\8.0.22\ref/net8.0/System.Drawing.dll
                 Private = 'false'
             C:\Program Files\dotnet\packs\Microsoft.NETCore.App.Ref\8.0.22\ref/net8.0/System.Dynamic.Runtime.dll
                 Private = 'false'
             C:\Program Files\dotnet\packs\Microsoft.NETCore.App.Ref\8.0.22\ref/net8.0/System.Formats.Asn1.dll
                 Private = 'false'
             C:\Program Files\dotnet\packs\Microsoft.NETCore.App.Ref\8.0.22\ref/net8.0/System.Formats.Tar.dll
                 Private = 'false'
             C:\Program Files\dotnet\packs\Microsoft.NETCore.App.Ref\8.0.22\ref/net8.0/System.Globalization.Calendars.dll
                 Private = 'false'
             C:\Program Files\dotnet\packs\Microsoft.NETCore.App.Ref\8.0.22\ref/net8.0/System.Globalization.Extensions.dll
                 Private = 'false'
             C:\Program Files\dotnet\packs\Microsoft.NETCore.App.Ref\8.0.22\ref/net8.0/System.Globalization.dll
                 Private = 'false'
             C:\Program Files\dotnet\packs\Microsoft.NETCore.App.Ref\8.0.22\ref/net8.0/System.IO.Compression.Brotli.dll
                 Private = 'false'
             C:\Program Files\dotnet\packs\Microsoft.NETCore.App.Ref\8.0.22\ref/net8.0/System.IO.Compression.FileSystem.dll
                 Private = 'false'
             C:\Program Files\dotnet\packs\Microsoft.NETCore.App.Ref\8.0.22\ref/net8.0/System.IO.Compression.ZipFile.dll
                 Private = 'false'
             C:\Program Files\dotnet\packs\Microsoft.NETCore.App.Ref\8.0.22\ref/net8.0/System.IO.Compression.dll
                 Private = 'false'
             C:\Program Files\dotnet\packs\Microsoft.NETCore.App.Ref\8.0.22\ref/net8.0/System.IO.FileSystem.AccessControl.dll
                 Private = 'false'
             C:\Program Files\dotnet\packs\Microsoft.NETCore.App.Ref\8.0.22\ref/net8.0/System.IO.FileSystem.DriveInfo.dll
                 Private = 'false'
             C:\Program Files\dotnet\packs\Microsoft.NETCore.App.Ref\8.0.22\ref/net8.0/System.IO.FileSystem.Primitives.dll
                 Private = 'false'
             C:\Program Files\dotnet\packs\Microsoft.NETCore.App.Ref\8.0.22\ref/net8.0/System.IO.FileSystem.Watcher.dll
                 Private = 'false'
             C:\Program Files\dotnet\packs\Microsoft.NETCore.App.Ref\8.0.22\ref/net8.0/System.IO.FileSystem.dll
                 Private = 'false'
             C:\Program Files\dotnet\packs\Microsoft.NETCore.App.Ref\8.0.22\ref/net8.0/System.IO.IsolatedStorage.dll
                 Private = 'false'
             C:\Program Files\dotnet\packs\Microsoft.NETCore.App.Ref\8.0.22\ref/net8.0/System.IO.MemoryMappedFiles.dll
                 Private = 'false'
             C:\Program Files\dotnet\packs\Microsoft.NETCore.App.Ref\8.0.22\ref/net8.0/System.IO.Pipes.AccessControl.dll
                 Private = 'false'
             C:\Program Files\dotnet\packs\Microsoft.NETCore.App.Ref\8.0.22\ref/net8.0/System.IO.Pipes.dll
                 Private = 'false'
             C:\Program Files\dotnet\packs\Microsoft.NETCore.App.Ref\8.0.22\ref/net8.0/System.IO.UnmanagedMemoryStream.dll
                 Private = 'false'
             C:\Program Files\dotnet\packs\Microsoft.NETCore.App.Ref\8.0.22\ref/net8.0/System.IO.dll
                 Private = 'false'
             C:\Program Files\dotnet\packs\Microsoft.NETCore.App.Ref\8.0.22\ref/net8.0/System.Linq.Expressions.dll
                 Private = 'false'
             C:\Program Files\dotnet\packs\Microsoft.NETCore.App.Ref\8.0.22\ref/net8.0/System.Linq.Parallel.dll
                 Private = 'false'
             C:\Program Files\dotnet\packs\Microsoft.NETCore.App.Ref\8.0.22\ref/net8.0/System.Linq.Queryable.dll
                 Private = 'false'
             C:\Program Files\dotnet\packs\Microsoft.NETCore.App.Ref\8.0.22\ref/net8.0/System.Linq.dll
                 Private = 'false'
             C:\Program Files\dotnet\packs\Microsoft.NETCore.App.Ref\8.0.22\ref/net8.0/System.Memory.dll
                 Private = 'false'
             C:\Program Files\dotnet\packs\Microsoft.NETCore.App.Ref\8.0.22\ref/net8.0/System.Net.Http.Json.dll
                 Private = 'false'
             C:\Program Files\dotnet\packs\Microsoft.NETCore.App.Ref\8.0.22\ref/net8.0/System.Net.Http.dll
                 Private = 'false'
             C:\Program Files\dotnet\packs\Microsoft.NETCore.App.Ref\8.0.22\ref/net8.0/System.Net.HttpListener.dll
                 Private = 'false'
             C:\Program Files\dotnet\packs\Microsoft.NETCore.App.Ref\8.0.22\ref/net8.0/System.Net.Mail.dll
                 Private = 'false'
             C:\Program Files\dotnet\packs\Microsoft.NETCore.App.Ref\8.0.22\ref/net8.0/System.Net.NameResolution.dll
                 Private = 'false'
             C:\Program Files\dotnet\packs\Microsoft.NETCore.App.Ref\8.0.22\ref/net8.0/System.Net.NetworkInformation.dll
                 Private = 'false'
             C:\Program Files\dotnet\packs\Microsoft.NETCore.App.Ref\8.0.22\ref/net8.0/System.Net.Ping.dll
                 Private = 'false'
             C:\Program Files\dotnet\packs\Microsoft.NETCore.App.Ref\8.0.22\ref/net8.0/System.Net.Primitives.dll
                 Private = 'false'
             C:\Program Files\dotnet\packs\Microsoft.NETCore.App.Ref\8.0.22\ref/net8.0/System.Net.Quic.dll
                 Private = 'false'
             C:\Program Files\dotnet\packs\Microsoft.NETCore.App.Ref\8.0.22\ref/net8.0/System.Net.Requests.dll
                 Private = 'false'
             C:\Program Files\dotnet\packs\Microsoft.NETCore.App.Ref\8.0.22\ref/net8.0/System.Net.Security.dll
                 Private = 'false'
             C:\Program Files\dotnet\packs\Microsoft.NETCore.App.Ref\8.0.22\ref/net8.0/System.Net.ServicePoint.dll
                 Private = 'false'
             C:\Program Files\dotnet\packs\Microsoft.NETCore.App.Ref\8.0.22\ref/net8.0/System.Net.Sockets.dll
                 Private = 'false'
             C:\Program Files\dotnet\packs\Microsoft.NETCore.App.Ref\8.0.22\ref/net8.0/System.Net.WebClient.dll
                 Private = 'false'
             C:\Program Files\dotnet\packs\Microsoft.NETCore.App.Ref\8.0.22\ref/net8.0/System.Net.WebHeaderCollection.dll
                 Private = 'false'
             C:\Program Files\dotnet\packs\Microsoft.NETCore.App.Ref\8.0.22\ref/net8.0/System.Net.WebProxy.dll
                 Private = 'false'
             C:\Program Files\dotnet\packs\Microsoft.NETCore.App.Ref\8.0.22\ref/net8.0/System.Net.WebSockets.Client.dll
                 Private = 'false'
             C:\Program Files\dotnet\packs\Microsoft.NETCore.App.Ref\8.0.22\ref/net8.0/System.Net.WebSockets.dll
                 Private = 'false'
             C:\Program Files\dotnet\packs\Microsoft.NETCore.App.Ref\8.0.22\ref/net8.0/System.Net.dll
                 Private = 'false'
             C:\Program Files\dotnet\packs\Microsoft.NETCore.App.Ref\8.0.22\ref/net8.0/System.Numerics.Vectors.dll
                 Private = 'false'
             C:\Program Files\dotnet\packs\Microsoft.NETCore.App.Ref\8.0.22\ref/net8.0/System.Numerics.dll
                 Private = 'false'
             C:\Program Files\dotnet\packs\Microsoft.NETCore.App.Ref\8.0.22\ref/net8.0/System.ObjectModel.dll
                 Private = 'false'
             C:\Program Files\dotnet\packs\Microsoft.NETCore.App.Ref\8.0.22\ref/net8.0/System.Reflection.DispatchProxy.dll
                 Private = 'false'
             C:\Program Files\dotnet\packs\Microsoft.NETCore.App.Ref\8.0.22\ref/net8.0/System.Reflection.Emit.ILGeneration.dll
                 Private = 'false'
             C:\Program Files\dotnet\packs\Microsoft.NETCore.App.Ref\8.0.22\ref/net8.0/System.Reflection.Emit.Lightweight.dll
                 Private = 'false'
             C:\Program Files\dotnet\packs\Microsoft.NETCore.App.Ref\8.0.22\ref/net8.0/System.Reflection.Emit.dll
                 Private = 'false'
             C:\Program Files\dotnet\packs\Microsoft.NETCore.App.Ref\8.0.22\ref/net8.0/System.Reflection.Extensions.dll
                 Private = 'false'
             C:\Program Files\dotnet\packs\Microsoft.NETCore.App.Ref\8.0.22\ref/net8.0/System.Reflection.Metadata.dll
                 Private = 'false'
             C:\Program Files\dotnet\packs\Microsoft.NETCore.App.Ref\8.0.22\ref/net8.0/System.Reflection.Primitives.dll
                 Private = 'false'
             C:\Program Files\dotnet\packs\Microsoft.NETCore.App.Ref\8.0.22\ref/net8.0/System.Reflection.TypeExtensions.dll
                 Private = 'false'
             C:\Program Files\dotnet\packs\Microsoft.NETCore.App.Ref\8.0.22\ref/net8.0/System.Reflection.dll
                 Private = 'false'
             C:\Program Files\dotnet\packs\Microsoft.NETCore.App.Ref\8.0.22\ref/net8.0/System.Resources.Reader.dll
                 Private = 'false'
             C:\Program Files\dotnet\packs\Microsoft.NETCore.App.Ref\8.0.22\ref/net8.0/System.Resources.ResourceManager.dll
                 Private = 'false'
             C:\Program Files\dotnet\packs\Microsoft.NETCore.App.Ref\8.0.22\ref/net8.0/System.Resources.Writer.dll
                 Private = 'false'
             C:\Program Files\dotnet\packs\Microsoft.NETCore.App.Ref\8.0.22\ref/net8.0/System.Runtime.CompilerServices.Unsafe.dll
                 Private = 'false'
             C:\Program Files\dotnet\packs\Microsoft.NETCore.App.Ref\8.0.22\ref/net8.0/System.Runtime.CompilerServices.VisualC.dll
                 Private = 'false'
             C:\Program Files\dotnet\packs\Microsoft.NETCore.App.Ref\8.0.22\ref/net8.0/System.Runtime.Extensions.dll
                 Private = 'false'
             C:\Program Files\dotnet\packs\Microsoft.NETCore.App.Ref\8.0.22\ref/net8.0/System.Runtime.Handles.dll
                 Private = 'false'
             C:\Program Files\dotnet\packs\Microsoft.NETCore.App.Ref\8.0.22\ref/net8.0/System.Runtime.InteropServices.JavaScript.dll
                 Private = 'false'
             C:\Program Files\dotnet\packs\Microsoft.NETCore.App.Ref\8.0.22\ref/net8.0/System.Runtime.InteropServices.RuntimeInformation.dll
                 Private = 'false'
             C:\Program Files\dotnet\packs\Microsoft.NETCore.App.Ref\8.0.22\ref/net8.0/System.Runtime.InteropServices.dll
                 Private = 'false'
             C:\Program Files\dotnet\packs\Microsoft.NETCore.App.Ref\8.0.22\ref/net8.0/System.Runtime.Intrinsics.dll
                 Private = 'false'
             C:\Program Files\dotnet\packs\Microsoft.NETCore.App.Ref\8.0.22\ref/net8.0/System.Runtime.Loader.dll
                 Private = 'false'
             C:\Program Files\dotnet\packs\Microsoft.NETCore.App.Ref\8.0.22\ref/net8.0/System.Runtime.Numerics.dll
                 Private = 'false'
             C:\Program Files\dotnet\packs\Microsoft.NETCore.App.Ref\8.0.22\ref/net8.0/System.Runtime.Serialization.Formatters.dll
                 Private = 'false'
             C:\Program Files\dotnet\packs\Microsoft.NETCore.App.Ref\8.0.22\ref/net8.0/System.Runtime.Serialization.Json.dll
                 Private = 'false'
             C:\Program Files\dotnet\packs\Microsoft.NETCore.App.Ref\8.0.22\ref/net8.0/System.Runtime.Serialization.Primitives.dll
                 Private = 'false'
             C:\Program Files\dotnet\packs\Microsoft.NETCore.App.Ref\8.0.22\ref/net8.0/System.Runtime.Serialization.Xml.dll
                 Private = 'false'
             C:\Program Files\dotnet\packs\Microsoft.NETCore.App.Ref\8.0.22\ref/net8.0/System.Runtime.Serialization.dll
                 Private = 'false'
             C:\Program Files\dotnet\packs\Microsoft.NETCore.App.Ref\8.0.22\ref/net8.0/System.Runtime.dll
                 Private = 'false'
             C:\Program Files\dotnet\packs\Microsoft.NETCore.App.Ref\8.0.22\ref/net8.0/System.Security.AccessControl.dll
                 Private = 'false'
             C:\Program Files\dotnet\packs\Microsoft.NETCore.App.Ref\8.0.22\ref/net8.0/System.Security.Claims.dll
                 Private = 'false'
             C:\Program Files\dotnet\packs\Microsoft.NETCore.App.Ref\8.0.22\ref/net8.0/System.Security.Cryptography.Algorithms.dll
                 Private = 'false'
             C:\Program Files\dotnet\packs\Microsoft.NETCore.App.Ref\8.0.22\ref/net8.0/System.Security.Cryptography.Cng.dll
                 Private = 'false'
             C:\Program Files\dotnet\packs\Microsoft.NETCore.App.Ref\8.0.22\ref/net8.0/System.Security.Cryptography.Csp.dll
                 Private = 'false'
             C:\Program Files\dotnet\packs\Microsoft.NETCore.App.Ref\8.0.22\ref/net8.0/System.Security.Cryptography.Encoding.dll
                 Private = 'false'
             C:\Program Files\dotnet\packs\Microsoft.NETCore.App.Ref\8.0.22\ref/net8.0/System.Security.Cryptography.OpenSsl.dll
                 Private = 'false'
             C:\Program Files\dotnet\packs\Microsoft.NETCore.App.Ref\8.0.22\ref/net8.0/System.Security.Cryptography.Primitives.dll
                 Private = 'false'
             C:\Program Files\dotnet\packs\Microsoft.NETCore.App.Ref\8.0.22\ref/net8.0/System.Security.Cryptography.X509Certificates.dll
                 Private = 'false'
             C:\Program Files\dotnet\packs\Microsoft.NETCore.App.Ref\8.0.22\ref/net8.0/System.Security.Cryptography.dll
                 Private = 'false'
             C:\Program Files\dotnet\packs\Microsoft.NETCore.App.Ref\8.0.22\ref/net8.0/System.Security.Principal.Windows.dll
                 Private = 'false'
             C:\Program Files\dotnet\packs\Microsoft.NETCore.App.Ref\8.0.22\ref/net8.0/System.Security.Principal.dll
                 Private = 'false'
             C:\Program Files\dotnet\packs\Microsoft.NETCore.App.Ref\8.0.22\ref/net8.0/System.Security.SecureString.dll
                 Private = 'false'
             C:\Program Files\dotnet\packs\Microsoft.NETCore.App.Ref\8.0.22\ref/net8.0/System.Security.dll
                 Private = 'false'
             C:\Program Files\dotnet\packs\Microsoft.NETCore.App.Ref\8.0.22\ref/net8.0/System.ServiceModel.Web.dll
                 Private = 'false'
             C:\Program Files\dotnet\packs\Microsoft.NETCore.App.Ref\8.0.22\ref/net8.0/System.ServiceProcess.dll
                 Private = 'false'
             C:\Program Files\dotnet\packs\Microsoft.NETCore.App.Ref\8.0.22\ref/net8.0/System.Text.Encoding.CodePages.dll
                 Private = 'false'
             C:\Program Files\dotnet\packs\Microsoft.NETCore.App.Ref\8.0.22\ref/net8.0/System.Text.Encoding.Extensions.dll
                 Private = 'false'
             C:\Program Files\dotnet\packs\Microsoft.NETCore.App.Ref\8.0.22\ref/net8.0/System.Text.Encoding.dll
                 Private = 'false'
             C:\Program Files\dotnet\packs\Microsoft.NETCore.App.Ref\8.0.22\ref/net8.0/System.Text.Encodings.Web.dll
                 Private = 'false'
             C:\Program Files\dotnet\packs\Microsoft.NETCore.App.Ref\8.0.22\ref/net8.0/System.Text.Json.dll
                 Private = 'false'
             C:\Program Files\dotnet\packs\Microsoft.NETCore.App.Ref\8.0.22\ref/net8.0/System.Text.RegularExpressions.dll
                 Private = 'false'
             C:\Program Files\dotnet\packs\Microsoft.NETCore.App.Ref\8.0.22\ref/net8.0/System.Threading.Channels.dll
                 Private = 'false'
             C:\Program Files\dotnet\packs\Microsoft.NETCore.App.Ref\8.0.22\ref/net8.0/System.Threading.Overlapped.dll
                 Private = 'false'
             C:\Program Files\dotnet\packs\Microsoft.NETCore.App.Ref\8.0.22\ref/net8.0/System.Threading.Tasks.Dataflow.dll
                 Private = 'false'
             C:\Program Files\dotnet\packs\Microsoft.NETCore.App.Ref\8.0.22\ref/net8.0/System.Threading.Tasks.Extensions.dll
                 Private = 'false'
             C:\Program Files\dotnet\packs\Microsoft.NETCore.App.Ref\8.0.22\ref/net8.0/System.Threading.Tasks.Parallel.dll
                 Private = 'false'
             C:\Program Files\dotnet\packs\Microsoft.NETCore.App.Ref\8.0.22\ref/net8.0/System.Threading.Tasks.dll
                 Private = 'false'
             C:\Program Files\dotnet\packs\Microsoft.NETCore.App.Ref\8.0.22\ref/net8.0/System.Threading.Thread.dll
                 Private = 'false'
             C:\Program Files\dotnet\packs\Microsoft.NETCore.App.Ref\8.0.22\ref/net8.0/System.Threading.ThreadPool.dll
                 Private = 'false'
             C:\Program Files\dotnet\packs\Microsoft.NETCore.App.Ref\8.0.22\ref/net8.0/System.Threading.Timer.dll
                 Private = 'false'
             C:\Program Files\dotnet\packs\Microsoft.NETCore.App.Ref\8.0.22\ref/net8.0/System.Threading.dll
                 Private = 'false'
             C:\Program Files\dotnet\packs\Microsoft.NETCore.App.Ref\8.0.22\ref/net8.0/System.Transactions.Local.dll
                 Private = 'false'
             C:\Program Files\dotnet\packs\Microsoft.NETCore.App.Ref\8.0.22\ref/net8.0/System.Transactions.dll
                 Private = 'false'
             C:\Program Files\dotnet\packs\Microsoft.NETCore.App.Ref\8.0.22\ref/net8.0/System.ValueTuple.dll
                 Private = 'false'
             C:\Program Files\dotnet\packs\Microsoft.NETCore.App.Ref\8.0.22\ref/net8.0/System.Web.HttpUtility.dll
                 Private = 'false'
             C:\Program Files\dotnet\packs\Microsoft.NETCore.App.Ref\8.0.22\ref/net8.0/System.Web.dll
                 Private = 'false'
             C:\Program Files\dotnet\packs\Microsoft.NETCore.App.Ref\8.0.22\ref/net8.0/System.Windows.dll
                 Private = 'false'
             C:\Program Files\dotnet\packs\Microsoft.NETCore.App.Ref\8.0.22\ref/net8.0/System.Xml.Linq.dll
                 Private = 'false'
             C:\Program Files\dotnet\packs\Microsoft.NETCore.App.Ref\8.0.22\ref/net8.0/System.Xml.ReaderWriter.dll
                 Private = 'false'
             C:\Program Files\dotnet\packs\Microsoft.NETCore.App.Ref\8.0.22\ref/net8.0/System.Xml.Serialization.dll
                 Private = 'false'
             C:\Program Files\dotnet\packs\Microsoft.NETCore.App.Ref\8.0.22\ref/net8.0/System.Xml.XDocument.dll
                 Private = 'false'
             C:\Program Files\dotnet\packs\Microsoft.NETCore.App.Ref\8.0.22\ref/net8.0/System.Xml.XPath.XDocument.dll
                 Private = 'false'
             C:\Program Files\dotnet\packs\Microsoft.NETCore.App.Ref\8.0.22\ref/net8.0/System.Xml.XPath.dll
                 Private = 'false'
             C:\Program Files\dotnet\packs\Microsoft.NETCore.App.Ref\8.0.22\ref/net8.0/System.Xml.XmlDocument.dll
                 Private = 'false'
             C:\Program Files\dotnet\packs\Microsoft.NETCore.App.Ref\8.0.22\ref/net8.0/System.Xml.XmlSerializer.dll
                 Private = 'false'
             C:\Program Files\dotnet\packs\Microsoft.NETCore.App.Ref\8.0.22\ref/net8.0/System.Xml.dll
                 Private = 'false'
             C:\Program Files\dotnet\packs\Microsoft.NETCore.App.Ref\8.0.22\ref/net8.0/System.dll
                 Private = 'false'
             C:\Program Files\dotnet\packs\Microsoft.NETCore.App.Ref\8.0.22\ref/net8.0/WindowsBase.dll
                 Private = 'false'
             C:\Program Files\dotnet\packs\Microsoft.NETCore.App.Ref\8.0.22\ref/net8.0/mscorlib.dll
                 Private = 'false'
             C:\Program Files\dotnet\packs\Microsoft.NETCore.App.Ref\8.0.22\ref/net8.0/netstandard.dll
                 Private = 'false'
             C:\Users\giris\.nuget\packages\microsoft.windows.sdk.net.ref\10.0.19041.57\lib/net8.0/Microsoft.Windows.SDK.NET.dll
                 Private = 'false'
             C:\Users\giris\.nuget\packages\microsoft.windows.sdk.net.ref\10.0.19041.57\lib/net8.0/WinRT.Runtime.dll
                 Private = 'false'
         AssemblyFiles:
             C:\Users\giris\Documents\Code\Redesign-POS\Windows Based POS\Magidesk\Magidesk.Application\bin\Debug\net8.0\Magidesk.Application.dll
             C:\Users\giris\Documents\Code\Redesign-POS\Windows Based POS\Magidesk\Magidesk.Infrastructure\bin\Debug\net8.0\Magidesk.Infrastructure.dll
             C:\Users\giris\Documents\Code\Redesign-POS\Windows Based POS\Magidesk\Magidesk.Domain\bin\Debug\net8.0\Magidesk.Domain.dll
         CandidateAssemblyFiles:
         TargetFrameworkDirectories:
             
         NonCultureResourceDirectories:
             
         InstalledAssemblyTables:
         IgnoreInstalledAssemblyTable:
             False
         SearchPaths:
             {CandidateAssemblyFiles}
             {HintPathFromItem}
             {TargetFrameworkDirectory}
             {RawFileName}
         AllowedAssemblyExtensions:
             .winmd
             .dll
             .exe
         AllowedRelatedFileExtensions:
             .pdb
             .xml
             .pri
             .dll.config
             .exe.config
         AppConfigFile:
             
         AutoUnify:
             True
         EnableCustomCulture:
             False
         EnableCustomCulture:
             False
         CopyLocalDependenciesWhenParentReferenceInGac:
             True
         FindDependencies:
             True
         TargetProcessorArchitecture:
             msil
         StateFile:
             obj\Debug\net8.0-windows10.0.19041.0\Magidesk.Presentation.csproj.AssemblyReference.cache
         InstalledAssemblySubsetTables:
         IgnoreInstalledAssemblySubsetTable:
             False
         TargetFrameworkSubsets:
         FullTargetFrameworkSubsetNames:
             Full
         ProfileName:
             
         FullFrameworkFolders:
         LatestTargetFrameworkDirectories:
         ProfileTablesLocation:
         Primary reference "Magidesk.Application, Version=1.0.0.0, Culture=neutral, PublicKeyToken=null".
             Resolved file path is "C:\Users\giris\Documents\Code\Redesign-POS\Windows Based POS\Magidesk\Magidesk.Application\bin\Debug\net8.0\Magidesk.Application.dll".
             Reference found at search path location "C:\Users\giris\Documents\Code\Redesign-POS\Windows Based POS\Magidesk\Magidesk.Application\bin\Debug\net8.0\Magidesk.Application.dll".
             Found related file "C:\Users\giris\Documents\Code\Redesign-POS\Windows Based POS\Magidesk\Magidesk.Application\bin\Debug\net8.0\Magidesk.Application.pdb".
         Primary reference "Magidesk.Infrastructure, Version=1.0.0.0, Culture=neutral, PublicKeyToken=null".
             Resolved file path is "C:\Users\giris\Documents\Code\Redesign-POS\Windows Based POS\Magidesk\Magidesk.Infrastructure\bin\Debug\net8.0\Magidesk.Infrastructure.dll".
             Reference found at search path location "C:\Users\giris\Documents\Code\Redesign-POS\Windows Based POS\Magidesk\Magidesk.Infrastructure\bin\Debug\net8.0\Magidesk.Infrastructure.dll".
             Found related file "C:\Users\giris\Documents\Code\Redesign-POS\Windows Based POS\Magidesk\Magidesk.Infrastructure\bin\Debug\net8.0\Magidesk.Infrastructure.pdb".
         Primary reference "Magidesk.Domain, Version=1.0.0.0, Culture=neutral, PublicKeyToken=null".
             Resolved file path is "C:\Users\giris\Documents\Code\Redesign-POS\Windows Based POS\Magidesk\Magidesk.Domain\bin\Debug\net8.0\Magidesk.Domain.dll".
             Reference found at search path location "C:\Users\giris\Documents\Code\Redesign-POS\Windows Based POS\Magidesk\Magidesk.Domain\bin\Debug\net8.0\Magidesk.Domain.dll".
             Found related file "C:\Users\giris\Documents\Code\Redesign-POS\Windows Based POS\Magidesk\Magidesk.Domain\bin\Debug\net8.0\Magidesk.Domain.pdb".
         Unified primary reference "Microsoft.Web.WebView2.Core.Projection, Version=1.0.3650.58, Culture=neutral, PublicKeyToken=2a8ab48044d2601e".
             Using this version instead of original version "1.0.3179.45" in "C:\Users\giris\.nuget\packages\microsoft.windowsappsdk.winui\1.8.251105000\lib\net6.0-windows10.0.17763.0\Microsoft.WinUI.dll" because AutoUnify is 'true'.
             Resolved file path is "C:\Users\giris\.nuget\packages\microsoft.web.webview2\1.0.3650.58\lib_manual\net8.0-windows10.0.17763.0\Microsoft.Web.WebView2.Core.Projection.dll".
             Reference found at search path location "{RawFileName}".
         Primary reference "CommunityToolkit.Mvvm, Version=8.4.0.0, Culture=neutral, PublicKeyToken=4aff67a105548ee2".
             Resolved file path is "C:\Users\giris\.nuget\packages\communitytoolkit.mvvm\8.4.0\lib\net8.0-windows10.0.17763\CommunityToolkit.Mvvm.dll".
             Reference found at search path location "{HintPathFromItem}".
             Found related file "C:\Users\giris\.nuget\packages\communitytoolkit.mvvm\8.4.0\lib\net8.0-windows10.0.17763\CommunityToolkit.Mvvm.pdb".
             Found related file "C:\Users\giris\.nuget\packages\communitytoolkit.mvvm\8.4.0\lib\net8.0-windows10.0.17763\CommunityToolkit.Mvvm.xml".
             This reference is not "CopyLocal" because at least one source item had "Private" set to "false" and no source items had "Private" set to "true".
         Primary reference "MediatR, Version=12.0.0.0, Culture=neutral, PublicKeyToken=bb9a41a5e8aaa7e2".
             Resolved file path is "C:\Users\giris\.nuget\packages\mediatr\12.2.0\lib\net6.0\MediatR.dll".
             Reference found at search path location "{HintPathFromItem}".
             Found related file "C:\Users\giris\.nuget\packages\mediatr\12.2.0\lib\net6.0\MediatR.xml".
             This reference is not "CopyLocal" because at least one source item had "Private" set to "false" and no source items had "Private" set to "true".
         Primary reference "MediatR.Contracts, Version=2.0.1.0, Culture=neutral, PublicKeyToken=bb9a41a5e8aaa7e2".
             Resolved file path is "C:\Users\giris\.nuget\packages\mediatr.contracts\2.0.1\lib\netstandard2.0\MediatR.Contracts.dll".
             Reference found at search path location "{HintPathFromItem}".
             Found related file "C:\Users\giris\.nuget\packages\mediatr.contracts\2.0.1\lib\netstandard2.0\MediatR.Contracts.xml".
             This reference is not "CopyLocal" because at least one source item had "Private" set to "false" and no source items had "Private" set to "true".
         Primary reference "Microsoft.EntityFrameworkCore, Version=8.0.0.0, Culture=neutral, PublicKeyToken=adb9793829ddae60".
             Resolved file path is "C:\Users\giris\.nuget\packages\microsoft.entityframeworkcore\8.0.0\lib\net8.0\Microsoft.EntityFrameworkCore.dll".
             Reference found at search path location "{HintPathFromItem}".
             Found related file "C:\Users\giris\.nuget\packages\microsoft.entityframeworkcore\8.0.0\lib\net8.0\Microsoft.EntityFrameworkCore.xml".
             This reference is not "CopyLocal" because at least one source item had "Private" set to "false" and no source items had "Private" set to "true".
         Primary reference "Microsoft.EntityFrameworkCore.Abstractions, Version=8.0.0.0, Culture=neutral, PublicKeyToken=adb9793829ddae60".
             Resolved file path is "C:\Users\giris\.nuget\packages\microsoft.entityframeworkcore.abstractions\8.0.0\lib\net8.0\Microsoft.EntityFrameworkCore.Abstractions.dll".
             Reference found at search path location "{HintPathFromItem}".
             Found related file "C:\Users\giris\.nuget\packages\microsoft.entityframeworkcore.abstractions\8.0.0\lib\net8.0\Microsoft.EntityFrameworkCore.Abstractions.xml".
             This reference is not "CopyLocal" because at least one source item had "Private" set to "false" and no source items had "Private" set to "true".
         Primary reference "Microsoft.EntityFrameworkCore.Relational, Version=8.0.0.0, Culture=neutral, PublicKeyToken=adb9793829ddae60".
             Resolved file path is "C:\Users\giris\.nuget\packages\microsoft.entityframeworkcore.relational\8.0.0\lib\net8.0\Microsoft.EntityFrameworkCore.Relational.dll".
             Reference found at search path location "{HintPathFromItem}".
             Found related file "C:\Users\giris\.nuget\packages\microsoft.entityframeworkcore.relational\8.0.0\lib\net8.0\Microsoft.EntityFrameworkCore.Relational.xml".
             This reference is not "CopyLocal" because at least one source item had "Private" set to "false" and no source items had "Private" set to "true".
         Primary reference "Microsoft.Extensions.Caching.Abstractions, Version=8.0.0.0, Culture=neutral, PublicKeyToken=adb9793829ddae60".
             Resolved file path is "C:\Users\giris\.nuget\packages\microsoft.extensions.caching.abstractions\8.0.0\lib\net8.0\Microsoft.Extensions.Caching.Abstractions.dll".
             Reference found at search path location "{HintPathFromItem}".
             Found related file "C:\Users\giris\.nuget\packages\microsoft.extensions.caching.abstractions\8.0.0\lib\net8.0\Microsoft.Extensions.Caching.Abstractions.xml".
             This reference is not "CopyLocal" because at least one source item had "Private" set to "false" and no source items had "Private" set to "true".
         Primary reference "Microsoft.Extensions.Caching.Memory, Version=8.0.0.0, Culture=neutral, PublicKeyToken=adb9793829ddae60".
             Resolved file path is "C:\Users\giris\.nuget\packages\microsoft.extensions.caching.memory\8.0.0\lib\net8.0\Microsoft.Extensions.Caching.Memory.dll".
             Reference found at search path location "{HintPathFromItem}".
             Found related file "C:\Users\giris\.nuget\packages\microsoft.extensions.caching.memory\8.0.0\lib\net8.0\Microsoft.Extensions.Caching.Memory.xml".
             This reference is not "CopyLocal" because at least one source item had "Private" set to "false" and no source items had "Private" set to "true".
         Primary reference "Microsoft.Extensions.Configuration, Version=8.0.0.0, Culture=neutral, PublicKeyToken=adb9793829ddae60".
             Resolved file path is "C:\Users\giris\.nuget\packages\microsoft.extensions.configuration\8.0.0\lib\net8.0\Microsoft.Extensions.Configuration.dll".
             Reference found at search path location "{HintPathFromItem}".
             Found related file "C:\Users\giris\.nuget\packages\microsoft.extensions.configuration\8.0.0\lib\net8.0\Microsoft.Extensions.Configuration.xml".
             This reference is not "CopyLocal" because at least one source item had "Private" set to "false" and no source items had "Private" set to "true".
         Primary reference "Microsoft.Extensions.Configuration.Abstractions, Version=8.0.0.0, Culture=neutral, PublicKeyToken=adb9793829ddae60".
             Resolved file path is "C:\Users\giris\.nuget\packages\microsoft.extensions.configuration.abstractions\8.0.0\lib\net8.0\Microsoft.Extensions.Configuration.Abstractions.dll".
             Reference found at search path location "{HintPathFromItem}".
             Found related file "C:\Users\giris\.nuget\packages\microsoft.extensions.configuration.abstractions\8.0.0\lib\net8.0\Microsoft.Extensions.Configuration.Abstractions.xml".
             This reference is not "CopyLocal" because at least one source item had "Private" set to "false" and no source items had "Private" set to "true".
         Primary reference "Microsoft.Extensions.Configuration.Binder, Version=8.0.0.0, Culture=neutral, PublicKeyToken=adb9793829ddae60".
             Resolved file path is "C:\Users\giris\.nuget\packages\microsoft.extensions.configuration.binder\8.0.0\lib\net8.0\Microsoft.Extensions.Configuration.Binder.dll".
             Reference found at search path location "{HintPathFromItem}".
             Found related file "C:\Users\giris\.nuget\packages\microsoft.extensions.configuration.binder\8.0.0\lib\net8.0\Microsoft.Extensions.Configuration.Binder.xml".
             This reference is not "CopyLocal" because at least one source item had "Private" set to "false" and no source items had "Private" set to "true".
         Primary reference "Microsoft.Extensions.Configuration.CommandLine, Version=8.0.0.0, Culture=neutral, PublicKeyToken=adb9793829ddae60".
             Resolved file path is "C:\Users\giris\.nuget\packages\microsoft.extensions.configuration.commandline\8.0.0\lib\net8.0\Microsoft.Extensions.Configuration.CommandLine.dll".
             Reference found at search path location "{HintPathFromItem}".
             Found related file "C:\Users\giris\.nuget\packages\microsoft.extensions.configuration.commandline\8.0.0\lib\net8.0\Microsoft.Extensions.Configuration.CommandLine.xml".
             This reference is not "CopyLocal" because at least one source item had "Private" set to "false" and no source items had "Private" set to "true".
         Primary reference "Microsoft.Extensions.Configuration.EnvironmentVariables, Version=8.0.0.0, Culture=neutral, PublicKeyToken=adb9793829ddae60".
             Resolved file path is "C:\Users\giris\.nuget\packages\microsoft.extensions.configuration.environmentvariables\8.0.0\lib\net8.0\Microsoft.Extensions.Configuration.EnvironmentVariables.dll".
             Reference found at search path location "{HintPathFromItem}".
             Found related file "C:\Users\giris\.nuget\packages\microsoft.extensions.configuration.environmentvariables\8.0.0\lib\net8.0\Microsoft.Extensions.Configuration.EnvironmentVariables.xml".
             This reference is not "CopyLocal" because at least one source item had "Private" set to "false" and no source items had "Private" set to "true".
         Primary reference "Microsoft.Extensions.Configuration.FileExtensions, Version=8.0.0.0, Culture=neutral, PublicKeyToken=adb9793829ddae60".
             Resolved file path is "C:\Users\giris\.nuget\packages\microsoft.extensions.configuration.fileextensions\8.0.0\lib\net8.0\Microsoft.Extensions.Configuration.FileExtensions.dll".
             Reference found at search path location "{HintPathFromItem}".
             Found related file "C:\Users\giris\.nuget\packages\microsoft.extensions.configuration.fileextensions\8.0.0\lib\net8.0\Microsoft.Extensions.Configuration.FileExtensions.xml".
             This reference is not "CopyLocal" because at least one source item had "Private" set to "false" and no source items had "Private" set to "true".
         Primary reference "Microsoft.Extensions.Configuration.Json, Version=8.0.0.0, Culture=neutral, PublicKeyToken=adb9793829ddae60".
             Resolved file path is "C:\Users\giris\.nuget\packages\microsoft.extensions.configuration.json\8.0.0\lib\net8.0\Microsoft.Extensions.Configuration.Json.dll".
             Reference found at search path location "{HintPathFromItem}".
             Found related file "C:\Users\giris\.nuget\packages\microsoft.extensions.configuration.json\8.0.0\lib\net8.0\Microsoft.Extensions.Configuration.Json.xml".
             This reference is not "CopyLocal" because at least one source item had "Private" set to "false" and no source items had "Private" set to "true".
         Primary reference "Microsoft.Extensions.Configuration.UserSecrets, Version=8.0.0.0, Culture=neutral, PublicKeyToken=adb9793829ddae60".
             Resolved file path is "C:\Users\giris\.nuget\packages\microsoft.extensions.configuration.usersecrets\8.0.0\lib\net8.0\Microsoft.Extensions.Configuration.UserSecrets.dll".
             Reference found at search path location "{HintPathFromItem}".
             Found related file "C:\Users\giris\.nuget\packages\microsoft.extensions.configuration.usersecrets\8.0.0\lib\net8.0\Microsoft.Extensions.Configuration.UserSecrets.xml".
             This reference is not "CopyLocal" because at least one source item had "Private" set to "false" and no source items had "Private" set to "true".
         Primary reference "Microsoft.Extensions.DependencyInjection, Version=8.0.0.0, Culture=neutral, PublicKeyToken=adb9793829ddae60".
             Resolved file path is "C:\Users\giris\.nuget\packages\microsoft.extensions.dependencyinjection\8.0.0\lib\net8.0\Microsoft.Extensions.DependencyInjection.dll".
             Reference found at search path location "{HintPathFromItem}".
             Found related file "C:\Users\giris\.nuget\packages\microsoft.extensions.dependencyinjection\8.0.0\lib\net8.0\Microsoft.Extensions.DependencyInjection.xml".
             This reference is not "CopyLocal" because at least one source item had "Private" set to "false" and no source items had "Private" set to "true".
         Unified primary reference "Microsoft.Extensions.DependencyInjection.Abstractions, Version=10.0.0.0, Culture=neutral, PublicKeyToken=adb9793829ddae60".
             Using this version instead of original version "8.0.0.0" in "C:\Users\giris\.nuget\packages\mediatr\12.2.0\lib\net6.0\MediatR.dll" because AutoUnify is 'true'.
             Using this version instead of original version "8.0.0.0" in "C:\Users\giris\.nuget\packages\microsoft.entityframeworkcore\8.0.0\lib\net8.0\Microsoft.EntityFrameworkCore.dll" because AutoUnify is 'true'.
             Using this version instead of original version "8.0.0.0" in "C:\Users\giris\.nuget\packages\microsoft.entityframeworkcore.relational\8.0.0\lib\net8.0\Microsoft.EntityFrameworkCore.Relational.dll" because AutoUnify is 'true'.
             Using this version instead of original version "8.0.0.0" in "C:\Users\giris\.nuget\packages\microsoft.extensions.caching.memory\8.0.0\lib\net8.0\Microsoft.Extensions.Caching.Memory.dll" because AutoUnify is 'true'.
             Using this version instead of original version "8.0.0.0" in "C:\Users\giris\.nuget\packages\microsoft.extensions.dependencyinjection\8.0.0\lib\net8.0\Microsoft.Extensions.DependencyInjection.dll" because AutoUnify is 'true'.
             Using this version instead of original version "8.0.0.0" in "C:\Users\giris\.nuget\packages\microsoft.extensions.diagnostics\8.0.0\lib\net8.0\Microsoft.Extensions.Diagnostics.dll" because AutoUnify is 'true'.
             Using this version instead of original version "8.0.0.0" in "C:\Users\giris\.nuget\packages\microsoft.extensions.diagnostics.abstractions\8.0.0\lib\net8.0\Microsoft.Extensions.Diagnostics.Abstractions.dll" because AutoUnify is 'true'.
             Using this version instead of original version "8.0.0.0" in "C:\Users\giris\.nuget\packages\microsoft.extensions.hosting\8.0.0\lib\net8.0\Microsoft.Extensions.Hosting.dll" because AutoUnify is 'true'.
             Using this version instead of original version "8.0.0.0" in "C:\Users\giris\.nuget\packages\microsoft.extensions.hosting.abstractions\8.0.0\lib\net8.0\Microsoft.Extensions.Hosting.Abstractions.dll" because AutoUnify is 'true'.
             Using this version instead of original version "8.0.0.0" in "C:\Users\giris\.nuget\packages\microsoft.extensions.logging\8.0.0\lib\net8.0\Microsoft.Extensions.Logging.dll" because AutoUnify is 'true'.
             Using this version instead of original version "8.0.0.0" in "C:\Users\giris\.nuget\packages\microsoft.extensions.logging.abstractions\8.0.0\lib\net8.0\Microsoft.Extensions.Logging.Abstractions.dll" because AutoUnify is 'true'.
             Using this version instead of original version "8.0.0.0" in "C:\Users\giris\.nuget\packages\microsoft.extensions.logging.configuration\8.0.0\lib\net8.0\Microsoft.Extensions.Logging.Configuration.dll" because AutoUnify is 'true'.
             Using this version instead of original version "8.0.0.0" in "C:\Users\giris\.nuget\packages\microsoft.extensions.logging.console\8.0.0\lib\net8.0\Microsoft.Extensions.Logging.Console.dll" because AutoUnify is 'true'.
             Using this version instead of original version "8.0.0.0" in "C:\Users\giris\.nuget\packages\microsoft.extensions.logging.debug\8.0.0\lib\net8.0\Microsoft.Extensions.Logging.Debug.dll" because AutoUnify is 'true'.
             Using this version instead of original version "8.0.0.0" in "C:\Users\giris\.nuget\packages\microsoft.extensions.logging.eventlog\8.0.0\lib\net8.0\Microsoft.Extensions.Logging.EventLog.dll" because AutoUnify is 'true'.
             Using this version instead of original version "8.0.0.0" in "C:\Users\giris\.nuget\packages\microsoft.extensions.logging.eventsource\8.0.0\lib\net8.0\Microsoft.Extensions.Logging.EventSource.dll" because AutoUnify is 'true'.
             Using this version instead of original version "8.0.0.0" in "C:\Users\giris\.nuget\packages\microsoft.extensions.options\8.0.0\lib\net8.0\Microsoft.Extensions.Options.dll" because AutoUnify is 'true'.
             Using this version instead of original version "8.0.0.0" in "C:\Users\giris\.nuget\packages\microsoft.extensions.options.configurationextensions\8.0.0\lib\net8.0\Microsoft.Extensions.Options.ConfigurationExtensions.dll" because AutoUnify is 'true'.
             Using this version instead of original version "8.0.0.0" in "C:\Users\giris\.nuget\packages\npgsql.entityframeworkcore.postgresql\8.0.0\lib\net8.0\Npgsql.EntityFrameworkCore.PostgreSQL.dll" because AutoUnify is 'true'.
             Resolved file path is "C:\Users\giris\.nuget\packages\microsoft.extensions.dependencyinjection.abstractions\10.0.1\lib\net8.0\Microsoft.Extensions.DependencyInjection.Abstractions.dll".
             Reference found at search path location "{HintPathFromItem}".
             Found related file "C:\Users\giris\.nuget\packages\microsoft.extensions.dependencyinjection.abstractions\10.0.1\lib\net8.0\Microsoft.Extensions.DependencyInjection.Abstractions.xml".
             This reference is not "CopyLocal" because at least one source item had "Private" set to "false" and no source items had "Private" set to "true".
         Primary reference "Microsoft.Extensions.Diagnostics, Version=8.0.0.0, Culture=neutral, PublicKeyToken=adb9793829ddae60".
             Resolved file path is "C:\Users\giris\.nuget\packages\microsoft.extensions.diagnostics\8.0.0\lib\net8.0\Microsoft.Extensions.Diagnostics.dll".
             Reference found at search path location "{HintPathFromItem}".
             Found related file "C:\Users\giris\.nuget\packages\microsoft.extensions.diagnostics\8.0.0\lib\net8.0\Microsoft.Extensions.Diagnostics.xml".
             This reference is not "CopyLocal" because at least one source item had "Private" set to "false" and no source items had "Private" set to "true".
         Primary reference "Microsoft.Extensions.Diagnostics.Abstractions, Version=8.0.0.0, Culture=neutral, PublicKeyToken=adb9793829ddae60".
             Resolved file path is "C:\Users\giris\.nuget\packages\microsoft.extensions.diagnostics.abstractions\8.0.0\lib\net8.0\Microsoft.Extensions.Diagnostics.Abstractions.dll".
             Reference found at search path location "{HintPathFromItem}".
             Found related file "C:\Users\giris\.nuget\packages\microsoft.extensions.diagnostics.abstractions\8.0.0\lib\net8.0\Microsoft.Extensions.Diagnostics.Abstractions.xml".
             This reference is not "CopyLocal" because at least one source item had "Private" set to "false" and no source items had "Private" set to "true".
         Primary reference "Microsoft.Extensions.FileProviders.Abstractions, Version=8.0.0.0, Culture=neutral, PublicKeyToken=adb9793829ddae60".
             Resolved file path is "C:\Users\giris\.nuget\packages\microsoft.extensions.fileproviders.abstractions\8.0.0\lib\net8.0\Microsoft.Extensions.FileProviders.Abstractions.dll".
             Reference found at search path location "{HintPathFromItem}".
             Found related file "C:\Users\giris\.nuget\packages\microsoft.extensions.fileproviders.abstractions\8.0.0\lib\net8.0\Microsoft.Extensions.FileProviders.Abstractions.xml".
             This reference is not "CopyLocal" because at least one source item had "Private" set to "false" and no source items had "Private" set to "true".
         Primary reference "Microsoft.Extensions.FileProviders.Physical, Version=8.0.0.0, Culture=neutral, PublicKeyToken=adb9793829ddae60".
             Resolved file path is "C:\Users\giris\.nuget\packages\microsoft.extensions.fileproviders.physical\8.0.0\lib\net8.0\Microsoft.Extensions.FileProviders.Physical.dll".
             Reference found at search path location "{HintPathFromItem}".
             Found related file "C:\Users\giris\.nuget\packages\microsoft.extensions.fileproviders.physical\8.0.0\lib\net8.0\Microsoft.Extensions.FileProviders.Physical.xml".
             This reference is not "CopyLocal" because at least one source item had "Private" set to "false" and no source items had "Private" set to "true".
         Primary reference "Microsoft.Extensions.FileSystemGlobbing, Version=8.0.0.0, Culture=neutral, PublicKeyToken=adb9793829ddae60".
             Resolved file path is "C:\Users\giris\.nuget\packages\microsoft.extensions.filesystemglobbing\8.0.0\lib\net8.0\Microsoft.Extensions.FileSystemGlobbing.dll".
             Reference found at search path location "{HintPathFromItem}".
             Found related file "C:\Users\giris\.nuget\packages\microsoft.extensions.filesystemglobbing\8.0.0\lib\net8.0\Microsoft.Extensions.FileSystemGlobbing.xml".
             This reference is not "CopyLocal" because at least one source item had "Private" set to "false" and no source items had "Private" set to "true".
         Primary reference "Microsoft.Extensions.Hosting, Version=8.0.0.0, Culture=neutral, PublicKeyToken=adb9793829ddae60".
             Resolved file path is "C:\Users\giris\.nuget\packages\microsoft.extensions.hosting\8.0.0\lib\net8.0\Microsoft.Extensions.Hosting.dll".
             Reference found at search path location "{HintPathFromItem}".
             Found related file "C:\Users\giris\.nuget\packages\microsoft.extensions.hosting\8.0.0\lib\net8.0\Microsoft.Extensions.Hosting.xml".
             This reference is not "CopyLocal" because at least one source item had "Private" set to "false" and no source items had "Private" set to "true".
         Primary reference "Microsoft.Extensions.Hosting.Abstractions, Version=8.0.0.0, Culture=neutral, PublicKeyToken=adb9793829ddae60".
             Resolved file path is "C:\Users\giris\.nuget\packages\microsoft.extensions.hosting.abstractions\8.0.0\lib\net8.0\Microsoft.Extensions.Hosting.Abstractions.dll".
             Reference found at search path location "{HintPathFromItem}".
             Found related file "C:\Users\giris\.nuget\packages\microsoft.extensions.hosting.abstractions\8.0.0\lib\net8.0\Microsoft.Extensions.Hosting.Abstractions.xml".
             This reference is not "CopyLocal" because at least one source item had "Private" set to "false" and no source items had "Private" set to "true".
         Primary reference "Microsoft.Extensions.Logging, Version=8.0.0.0, Culture=neutral, PublicKeyToken=adb9793829ddae60".
             Resolved file path is "C:\Users\giris\.nuget\packages\microsoft.extensions.logging\8.0.0\lib\net8.0\Microsoft.Extensions.Logging.dll".
             Reference found at search path location "{HintPathFromItem}".
             Found related file "C:\Users\giris\.nuget\packages\microsoft.extensions.logging\8.0.0\lib\net8.0\Microsoft.Extensions.Logging.xml".
             This reference is not "CopyLocal" because at least one source item had "Private" set to "false" and no source items had "Private" set to "true".
         Primary reference "Microsoft.Extensions.Logging.Abstractions, Version=8.0.0.0, Culture=neutral, PublicKeyToken=adb9793829ddae60".
             Resolved file path is "C:\Users\giris\.nuget\packages\microsoft.extensions.logging.abstractions\8.0.0\lib\net8.0\Microsoft.Extensions.Logging.Abstractions.dll".
             Reference found at search path location "{HintPathFromItem}".
             Found related file "C:\Users\giris\.nuget\packages\microsoft.extensions.logging.abstractions\8.0.0\lib\net8.0\Microsoft.Extensions.Logging.Abstractions.xml".
             This reference is not "CopyLocal" because at least one source item had "Private" set to "false" and no source items had "Private" set to "true".
         Primary reference "Microsoft.Extensions.Logging.Configuration, Version=8.0.0.0, Culture=neutral, PublicKeyToken=adb9793829ddae60".
             Resolved file path is "C:\Users\giris\.nuget\packages\microsoft.extensions.logging.configuration\8.0.0\lib\net8.0\Microsoft.Extensions.Logging.Configuration.dll".
             Reference found at search path location "{HintPathFromItem}".
             Found related file "C:\Users\giris\.nuget\packages\microsoft.extensions.logging.configuration\8.0.0\lib\net8.0\Microsoft.Extensions.Logging.Configuration.xml".
             This reference is not "CopyLocal" because at least one source item had "Private" set to "false" and no source items had "Private" set to "true".
         Primary reference "Microsoft.Extensions.Logging.Console, Version=8.0.0.0, Culture=neutral, PublicKeyToken=adb9793829ddae60".
             Resolved file path is "C:\Users\giris\.nuget\packages\microsoft.extensions.logging.console\8.0.0\lib\net8.0\Microsoft.Extensions.Logging.Console.dll".
             Reference found at search path location "{HintPathFromItem}".
             Found related file "C:\Users\giris\.nuget\packages\microsoft.extensions.logging.console\8.0.0\lib\net8.0\Microsoft.Extensions.Logging.Console.xml".
             This reference is not "CopyLocal" because at least one source item had "Private" set to "false" and no source items had "Private" set to "true".
         Primary reference "Microsoft.Extensions.Logging.Debug, Version=8.0.0.0, Culture=neutral, PublicKeyToken=adb9793829ddae60".
             Resolved file path is "C:\Users\giris\.nuget\packages\microsoft.extensions.logging.debug\8.0.0\lib\net8.0\Microsoft.Extensions.Logging.Debug.dll".
             Reference found at search path location "{HintPathFromItem}".
             Found related file "C:\Users\giris\.nuget\packages\microsoft.extensions.logging.debug\8.0.0\lib\net8.0\Microsoft.Extensions.Logging.Debug.xml".
             This reference is not "CopyLocal" because at least one source item had "Private" set to "false" and no source items had "Private" set to "true".
         Primary reference "Microsoft.Extensions.Logging.EventLog, Version=8.0.0.0, Culture=neutral, PublicKeyToken=adb9793829ddae60".
             Resolved file path is "C:\Users\giris\.nuget\packages\microsoft.extensions.logging.eventlog\8.0.0\lib\net8.0\Microsoft.Extensions.Logging.EventLog.dll".
             Reference found at search path location "{HintPathFromItem}".
             Found related file "C:\Users\giris\.nuget\packages\microsoft.extensions.logging.eventlog\8.0.0\lib\net8.0\Microsoft.Extensions.Logging.EventLog.xml".
             This reference is not "CopyLocal" because at least one source item had "Private" set to "false" and no source items had "Private" set to "true".
         Primary reference "Microsoft.Extensions.Logging.EventSource, Version=8.0.0.0, Culture=neutral, PublicKeyToken=adb9793829ddae60".
             Resolved file path is "C:\Users\giris\.nuget\packages\microsoft.extensions.logging.eventsource\8.0.0\lib\net8.0\Microsoft.Extensions.Logging.EventSource.dll".
             Reference found at search path location "{HintPathFromItem}".
             Found related file "C:\Users\giris\.nuget\packages\microsoft.extensions.logging.eventsource\8.0.0\lib\net8.0\Microsoft.Extensions.Logging.EventSource.xml".
             This reference is not "CopyLocal" because at least one source item had "Private" set to "false" and no source items had "Private" set to "true".
         Primary reference "Microsoft.Extensions.Options, Version=8.0.0.0, Culture=neutral, PublicKeyToken=adb9793829ddae60".
             Resolved file path is "C:\Users\giris\.nuget\packages\microsoft.extensions.options\8.0.0\lib\net8.0\Microsoft.Extensions.Options.dll".
             Reference found at search path location "{HintPathFromItem}".
             Found related file "C:\Users\giris\.nuget\packages\microsoft.extensions.options\8.0.0\lib\net8.0\Microsoft.Extensions.Options.xml".
             This reference is not "CopyLocal" because at least one source item had "Private" set to "false" and no source items had "Private" set to "true".
         Primary reference "Microsoft.Extensions.Options.ConfigurationExtensions, Version=8.0.0.0, Culture=neutral, PublicKeyToken=adb9793829ddae60".
             Resolved file path is "C:\Users\giris\.nuget\packages\microsoft.extensions.options.configurationextensions\8.0.0\lib\net8.0\Microsoft.Extensions.Options.ConfigurationExtensions.dll".
             Reference found at search path location "{HintPathFromItem}".
             Found related file "C:\Users\giris\.nuget\packages\microsoft.extensions.options.configurationextensions\8.0.0\lib\net8.0\Microsoft.Extensions.Options.ConfigurationExtensions.xml".
             This reference is not "CopyLocal" because at least one source item had "Private" set to "false" and no source items had "Private" set to "true".
         Primary reference "Microsoft.Extensions.Primitives, Version=8.0.0.0, Culture=neutral, PublicKeyToken=adb9793829ddae60".
             Resolved file path is "C:\Users\giris\.nuget\packages\microsoft.extensions.primitives\8.0.0\lib\net8.0\Microsoft.Extensions.Primitives.dll".
             Reference found at search path location "{HintPathFromItem}".
             Found related file "C:\Users\giris\.nuget\packages\microsoft.extensions.primitives\8.0.0\lib\net8.0\Microsoft.Extensions.Primitives.xml".
             This reference is not "CopyLocal" because at least one source item had "Private" set to "false" and no source items had "Private" set to "true".
         Primary reference "Microsoft.Win32.SystemEvents, Version=10.0.0.0, Culture=neutral, PublicKeyToken=cc7b13ffcd2ddd51".
             Resolved file path is "C:\Users\giris\.nuget\packages\microsoft.win32.systemevents\10.0.1\lib\net8.0\Microsoft.Win32.SystemEvents.dll".
             Reference found at search path location "{HintPathFromItem}".
             Found related file "C:\Users\giris\.nuget\packages\microsoft.win32.systemevents\10.0.1\lib\net8.0\Microsoft.Win32.SystemEvents.xml".
             This reference is not "CopyLocal" because at least one source item had "Private" set to "false" and no source items had "Private" set to "true".
         Primary reference "Microsoft.Graphics.Imaging.Projection, Version=1.8.38.51691, Culture=neutral, PublicKeyToken=null".
             Resolved file path is "C:\Users\giris\.nuget\packages\microsoft.windowsappsdk.ai\1.8.39\lib\net6.0-windows10.0.17763.0\Microsoft.Graphics.Imaging.Projection.dll".
             Reference found at search path location "{HintPathFromItem}".
             This reference is not "CopyLocal" because at least one source item had "Private" set to "false" and no source items had "Private" set to "true".
         Primary reference "Microsoft.Windows.AI.ContentSafety.Projection, Version=1.8.38.51691, Culture=neutral, PublicKeyToken=null".
             Resolved file path is "C:\Users\giris\.nuget\packages\microsoft.windowsappsdk.ai\1.8.39\lib\net6.0-windows10.0.17763.0\Microsoft.Windows.AI.ContentSafety.Projection.dll".
             Reference found at search path location "{HintPathFromItem}".
             This reference is not "CopyLocal" because at least one source item had "Private" set to "false" and no source items had "Private" set to "true".
         Primary reference "Microsoft.Windows.AI.Foundation.Projection, Version=1.8.38.51691, Culture=neutral, PublicKeyToken=null".
             Resolved file path is "C:\Users\giris\.nuget\packages\microsoft.windowsappsdk.ai\1.8.39\lib\net6.0-windows10.0.17763.0\Microsoft.Windows.AI.Foundation.Projection.dll".
             Reference found at search path location "{HintPathFromItem}".
             This reference is not "CopyLocal" because at least one source item had "Private" set to "false" and no source items had "Private" set to "true".
         Primary reference "Microsoft.Windows.AI.Imaging.Projection, Version=1.8.38.51691, Culture=neutral, PublicKeyToken=null".
             Resolved file path is "C:\Users\giris\.nuget\packages\microsoft.windowsappsdk.ai\1.8.39\lib\net6.0-windows10.0.17763.0\Microsoft.Windows.AI.Imaging.Projection.dll".
             Reference found at search path location "{HintPathFromItem}".
             This reference is not "CopyLocal" because at least one source item had "Private" set to "false" and no source items had "Private" set to "true".
         Primary reference "Microsoft.Windows.AI.Projection, Version=1.8.38.51691, Culture=neutral, PublicKeyToken=null".
             Resolved file path is "C:\Users\giris\.nuget\packages\microsoft.windowsappsdk.ai\1.8.39\lib\net6.0-windows10.0.17763.0\Microsoft.Windows.AI.Projection.dll".
             Reference found at search path location "{HintPathFromItem}".
             This reference is not "CopyLocal" because at least one source item had "Private" set to "false" and no source items had "Private" set to "true".
         Primary reference "Microsoft.Windows.AI.Text.Projection, Version=1.8.38.51691, Culture=neutral, PublicKeyToken=null".
             Resolved file path is "C:\Users\giris\.nuget\packages\microsoft.windowsappsdk.ai\1.8.39\lib\net6.0-windows10.0.17763.0\Microsoft.Windows.AI.Text.Projection.dll".
             Reference found at search path location "{HintPathFromItem}".
             This reference is not "CopyLocal" because at least one source item had "Private" set to "false" and no source items had "Private" set to "true".
         Primary reference "Microsoft.Security.Authentication.OAuth.Projection, Version=1.8.0.0, Culture=neutral, PublicKeyToken=61733769cca94f40".
             Resolved file path is "C:\Users\giris\.nuget\packages\microsoft.windowsappsdk.foundation\1.8.251104000\lib\net6.0-windows10.0.17763.0\Microsoft.Security.Authentication.OAuth.Projection.dll".
             Reference found at search path location "{HintPathFromItem}".
             This reference is not "CopyLocal" because at least one source item had "Private" set to "false" and no source items had "Private" set to "true".
         Primary reference "Microsoft.Windows.AppLifecycle.Projection, Version=1.8.0.0, Culture=neutral, PublicKeyToken=61733769cca94f40".
             Resolved file path is "C:\Users\giris\.nuget\packages\microsoft.windowsappsdk.foundation\1.8.251104000\lib\net6.0-windows10.0.17763.0\Microsoft.Windows.AppLifecycle.Projection.dll".
             Reference found at search path location "{HintPathFromItem}".
             Found related file "C:\Users\giris\.nuget\packages\microsoft.windowsappsdk.foundation\1.8.251104000\lib\net6.0-windows10.0.17763.0\Microsoft.Windows.AppLifecycle.Projection.xml".
             This reference is not "CopyLocal" because at least one source item had "Private" set to "false" and no source items had "Private" set to "true".
         Primary reference "Microsoft.Windows.AppNotifications.Builder.Projection, Version=1.8.0.0, Culture=neutral, PublicKeyToken=61733769cca94f40".
             Resolved file path is "C:\Users\giris\.nuget\packages\microsoft.windowsappsdk.foundation\1.8.251104000\lib\net6.0-windows10.0.17763.0\Microsoft.Windows.AppNotifications.Builder.Projection.dll".
             Reference found at search path location "{HintPathFromItem}".
             Found related file "C:\Users\giris\.nuget\packages\microsoft.windowsappsdk.foundation\1.8.251104000\lib\net6.0-windows10.0.17763.0\Microsoft.Windows.AppNotifications.Builder.Projection.xml".
             This reference is not "CopyLocal" because at least one source item had "Private" set to "false" and no source items had "Private" set to "true".
         Primary reference "Microsoft.Windows.AppNotifications.Projection, Version=1.8.0.0, Culture=neutral, PublicKeyToken=61733769cca94f40".
             Resolved file path is "C:\Users\giris\.nuget\packages\microsoft.windowsappsdk.foundation\1.8.251104000\lib\net6.0-windows10.0.17763.0\Microsoft.Windows.AppNotifications.Projection.dll".
             Reference found at search path location "{HintPathFromItem}".
             Found related file "C:\Users\giris\.nuget\packages\microsoft.windowsappsdk.foundation\1.8.251104000\lib\net6.0-windows10.0.17763.0\Microsoft.Windows.AppNotifications.Projection.xml".
             This reference is not "CopyLocal" because at least one source item had "Private" set to "false" and no source items had "Private" set to "true".
         Primary reference "Microsoft.Windows.ApplicationModel.Background.Projection, Version=1.8.0.0, Culture=neutral, PublicKeyToken=61733769cca94f40".
             Resolved file path is "C:\Users\giris\.nuget\packages\microsoft.windowsappsdk.foundation\1.8.251104000\lib\net6.0-windows10.0.17763.0\Microsoft.Windows.ApplicationModel.Background.Projection.dll".
             Reference found at search path location "{HintPathFromItem}".
             This reference is not "CopyLocal" because at least one source item had "Private" set to "false" and no source items had "Private" set to "true".
         Primary reference "Microsoft.Windows.ApplicationModel.DynamicDependency.Projection, Version=1.8.0.0, Culture=neutral, PublicKeyToken=61733769cca94f40".
             Resolved file path is "C:\Users\giris\.nuget\packages\microsoft.windowsappsdk.foundation\1.8.251104000\lib\net6.0-windows10.0.17763.0\Microsoft.Windows.ApplicationModel.DynamicDependency.Projection.dll".
             Reference found at search path location "{HintPathFromItem}".
             Found related file "C:\Users\giris\.nuget\packages\microsoft.windowsappsdk.foundation\1.8.251104000\lib\net6.0-windows10.0.17763.0\Microsoft.Windows.ApplicationModel.DynamicDependency.Projection.xml".
             This reference is not "CopyLocal" because at least one source item had "Private" set to "false" and no source items had "Private" set to "true".
         Primary reference "Microsoft.Windows.ApplicationModel.Resources.Projection, Version=1.8.0.0, Culture=neutral, PublicKeyToken=61733769cca94f40".
             Resolved file path is "C:\Users\giris\.nuget\packages\microsoft.windowsappsdk.foundation\1.8.251104000\lib\net6.0-windows10.0.17763.0\Microsoft.Windows.ApplicationModel.Resources.Projection.dll".
             Reference found at search path location "{HintPathFromItem}".
             Found related file "C:\Users\giris\.nuget\packages\microsoft.windowsappsdk.foundation\1.8.251104000\lib\net6.0-windows10.0.17763.0\Microsoft.Windows.ApplicationModel.Resources.Projection.xml".
             This reference is not "CopyLocal" because at least one source item had "Private" set to "false" and no source items had "Private" set to "true".
         Primary reference "Microsoft.Windows.ApplicationModel.WindowsAppRuntime.Projection, Version=1.8.0.0, Culture=neutral, PublicKeyToken=61733769cca94f40".
             Resolved file path is "C:\Users\giris\.nuget\packages\microsoft.windowsappsdk.foundation\1.8.251104000\lib\net6.0-windows10.0.17763.0\Microsoft.Windows.ApplicationModel.WindowsAppRuntime.Projection.dll".
             Reference found at search path location "{HintPathFromItem}".
             Found related file "C:\Users\giris\.nuget\packages\microsoft.windowsappsdk.foundation\1.8.251104000\lib\net6.0-windows10.0.17763.0\Microsoft.Windows.ApplicationModel.WindowsAppRuntime.Projection.xml".
             This reference is not "CopyLocal" because at least one source item had "Private" set to "false" and no source items had "Private" set to "true".
         Primary reference "Microsoft.Windows.BadgeNotifications.Projection, Version=1.8.0.0, Culture=neutral, PublicKeyToken=61733769cca94f40".
             Resolved file path is "C:\Users\giris\.nuget\packages\microsoft.windowsappsdk.foundation\1.8.251104000\lib\net6.0-windows10.0.17763.0\Microsoft.Windows.BadgeNotifications.Projection.dll".
             Reference found at search path location "{HintPathFromItem}".
             This reference is not "CopyLocal" because at least one source item had "Private" set to "false" and no source items had "Private" set to "true".
         Primary reference "Microsoft.Windows.Foundation.Projection, Version=1.8.0.0, Culture=neutral, PublicKeyToken=61733769cca94f40".
             Resolved file path is "C:\Users\giris\.nuget\packages\microsoft.windowsappsdk.foundation\1.8.251104000\lib\net6.0-windows10.0.17763.0\Microsoft.Windows.Foundation.Projection.dll".
             Reference found at search path location "{HintPathFromItem}".
             This reference is not "CopyLocal" because at least one source item had "Private" set to "false" and no source items had "Private" set to "true".
         Primary reference "Microsoft.Windows.Management.Deployment.Projection, Version=1.8.0.0, Culture=neutral, PublicKeyToken=61733769cca94f40".
             Resolved file path is "C:\Users\giris\.nuget\packages\microsoft.windowsappsdk.foundation\1.8.251104000\lib\net6.0-windows10.0.17763.0\Microsoft.Windows.Management.Deployment.Projection.dll".
             Reference found at search path location "{HintPathFromItem}".
             Found related file "C:\Users\giris\.nuget\packages\microsoft.windowsappsdk.foundation\1.8.251104000\lib\net6.0-windows10.0.17763.0\Microsoft.Windows.Management.Deployment.Projection.xml".
             This reference is not "CopyLocal" because at least one source item had "Private" set to "false" and no source items had "Private" set to "true".
         Primary reference "Microsoft.Windows.Media.Capture.Projection, Version=1.8.0.0, Culture=neutral, PublicKeyToken=61733769cca94f40".
             Resolved file path is "C:\Users\giris\.nuget\packages\microsoft.windowsappsdk.foundation\1.8.251104000\lib\net6.0-windows10.0.17763.0\Microsoft.Windows.Media.Capture.Projection.dll".
             Reference found at search path location "{HintPathFromItem}".
             This reference is not "CopyLocal" because at least one source item had "Private" set to "false" and no source items had "Private" set to "true".
         Primary reference "Microsoft.Windows.PushNotifications.Projection, Version=1.8.0.0, Culture=neutral, PublicKeyToken=61733769cca94f40".
             Resolved file path is "C:\Users\giris\.nuget\packages\microsoft.windowsappsdk.foundation\1.8.251104000\lib\net6.0-windows10.0.17763.0\Microsoft.Windows.PushNotifications.Projection.dll".
             Reference found at search path location "{HintPathFromItem}".
             Found related file "C:\Users\giris\.nuget\packages\microsoft.windowsappsdk.foundation\1.8.251104000\lib\net6.0-windows10.0.17763.0\Microsoft.Windows.PushNotifications.Projection.xml".
             This reference is not "CopyLocal" because at least one source item had "Private" set to "false" and no source items had "Private" set to "true".
         Primary reference "Microsoft.Windows.Security.AccessControl.Projection, Version=1.8.0.0, Culture=neutral, PublicKeyToken=61733769cca94f40".
             Resolved file path is "C:\Users\giris\.nuget\packages\microsoft.windowsappsdk.foundation\1.8.251104000\lib\net6.0-windows10.0.17763.0\Microsoft.Windows.Security.AccessControl.Projection.dll".
             Reference found at search path location "{HintPathFromItem}".
             Found related file "C:\Users\giris\.nuget\packages\microsoft.windowsappsdk.foundation\1.8.251104000\lib\net6.0-windows10.0.17763.0\Microsoft.Windows.Security.AccessControl.Projection.xml".
             This reference is not "CopyLocal" because at least one source item had "Private" set to "false" and no source items had "Private" set to "true".
         Primary reference "Microsoft.Windows.Storage.Pickers.Projection, Version=1.8.0.0, Culture=neutral, PublicKeyToken=61733769cca94f40".
             Resolved file path is "C:\Users\giris\.nuget\packages\microsoft.windowsappsdk.foundation\1.8.251104000\lib\net6.0-windows10.0.17763.0\Microsoft.Windows.Storage.Pickers.Projection.dll".
             Reference found at search path location "{HintPathFromItem}".
             This reference is not "CopyLocal" because at least one source item had "Private" set to "false" and no source items had "Private" set to "true".
         Primary reference "Microsoft.Windows.Storage.Projection, Version=1.8.0.0, Culture=neutral, PublicKeyToken=61733769cca94f40".
             Resolved file path is "C:\Users\giris\.nuget\packages\microsoft.windowsappsdk.foundation\1.8.251104000\lib\net6.0-windows10.0.17763.0\Microsoft.Windows.Storage.Projection.dll".
             Reference found at search path location "{HintPathFromItem}".
             Found related file "C:\Users\giris\.nuget\packages\microsoft.windowsappsdk.foundation\1.8.251104000\lib\net6.0-windows10.0.17763.0\Microsoft.Windows.Storage.Projection.xml".
             This reference is not "CopyLocal" because at least one source item had "Private" set to "false" and no source items had "Private" set to "true".
         Primary reference "Microsoft.Windows.System.Power.Projection, Version=1.8.0.0, Culture=neutral, PublicKeyToken=61733769cca94f40".
             Resolved file path is "C:\Users\giris\.nuget\packages\microsoft.windowsappsdk.foundation\1.8.251104000\lib\net6.0-windows10.0.17763.0\Microsoft.Windows.System.Power.Projection.dll".
             Reference found at search path location "{HintPathFromItem}".
             Found related file "C:\Users\giris\.nuget\packages\microsoft.windowsappsdk.foundation\1.8.251104000\lib\net6.0-windows10.0.17763.0\Microsoft.Windows.System.Power.Projection.xml".
             This reference is not "CopyLocal" because at least one source item had "Private" set to "false" and no source items had "Private" set to "true".
         Primary reference "Microsoft.Windows.System.Projection, Version=1.8.0.0, Culture=neutral, PublicKeyToken=61733769cca94f40".
             Resolved file path is "C:\Users\giris\.nuget\packages\microsoft.windowsappsdk.foundation\1.8.251104000\lib\net6.0-windows10.0.17763.0\Microsoft.Windows.System.Projection.dll".
             Reference found at search path location "{HintPathFromItem}".
             Found related file "C:\Users\giris\.nuget\packages\microsoft.windowsappsdk.foundation\1.8.251104000\lib\net6.0-windows10.0.17763.0\Microsoft.Windows.System.Projection.xml".
             This reference is not "CopyLocal" because at least one source item had "Private" set to "false" and no source items had "Private" set to "true".
         Primary reference "Microsoft.WindowsAppRuntime.Bootstrap.Net, Version=1.8.0.0, Culture=neutral, PublicKeyToken=61733769cca94f40".
             Resolved file path is "C:\Users\giris\.nuget\packages\microsoft.windowsappsdk.foundation\1.8.251104000\lib\net6.0-windows10.0.17763.0\Microsoft.WindowsAppRuntime.Bootstrap.Net.dll".
             Reference found at search path location "{HintPathFromItem}".
             This reference is not "CopyLocal" because at least one source item had "Private" set to "false" and no source items had "Private" set to "true".
         Primary reference "Microsoft.InteractiveExperiences.Projection, Version=10.0.0.0, Culture=neutral, PublicKeyToken=31bf3856ad364e35".
             Resolved file path is "C:\Users\giris\.nuget\packages\microsoft.windowsappsdk.interactiveexperiences\1.8.251104001\lib\net6.0-windows10.0.18362.0\Microsoft.InteractiveExperiences.Projection.dll".
             Reference found at search path location "{HintPathFromItem}".
             Found related file "C:\Users\giris\.nuget\packages\microsoft.windowsappsdk.interactiveexperiences\1.8.251104001\lib\net6.0-windows10.0.18362.0\Microsoft.InteractiveExperiences.Projection.xml".
             This reference is not "CopyLocal" because at least one source item had "Private" set to "false" and no source items had "Private" set to "true".
         Primary reference "Microsoft.ML.OnnxRuntime, Version=0.0.0.0, Culture=neutral, PublicKeyToken=f27f157f0a5b7bb6".
             Resolved file path is "C:\Users\giris\.nuget\packages\microsoft.windowsappsdk.ml\1.8.2109\lib\net8.0-windows10.0.17763.0\Microsoft.ML.OnnxRuntime.dll".
             Reference found at search path location "{HintPathFromItem}".
             This reference is not "CopyLocal" because at least one source item had "Private" set to "false" and no source items had "Private" set to "true".
         Primary reference "Microsoft.Windows.AI.MachineLearning.Projection, Version=1.8.2109.11450, Culture=neutral, PublicKeyToken=null".
             Resolved file path is "C:\Users\giris\.nuget\packages\microsoft.windowsappsdk.ml\1.8.2109\lib\net8.0-windows10.0.17763.0\Microsoft.Windows.AI.MachineLearning.Projection.dll".
             Reference found at search path location "{HintPathFromItem}".
             This reference is not "CopyLocal" because at least one source item had "Private" set to "false" and no source items had "Private" set to "true".
         Primary reference "Microsoft.Windows.Widgets.Projection, Version=1.0.0.0, Culture=neutral, PublicKeyToken=null".
             Resolved file path is "C:\Users\giris\.nuget\packages\microsoft.windowsappsdk.widgets\1.8.250904007\lib\net6.0-windows10.0.17763.0\Microsoft.Windows.Widgets.Projection.dll".
             Reference found at search path location "{HintPathFromItem}".
             Found related file "C:\Users\giris\.nuget\packages\microsoft.windowsappsdk.widgets\1.8.250904007\lib\net6.0-windows10.0.17763.0\Microsoft.Windows.Widgets.Projection.xml".
             This reference is not "CopyLocal" because at least one source item had "Private" set to "false" and no source items had "Private" set to "true".
         Primary reference "Microsoft.WinUI, Version=3.0.0.0, Culture=neutral, PublicKeyToken=de31ebe4ad15742b".
             Resolved file path is "C:\Users\giris\.nuget\packages\microsoft.windowsappsdk.winui\1.8.251105000\lib\net6.0-windows10.0.17763.0\Microsoft.WinUI.dll".
             Reference found at search path location "{HintPathFromItem}".
             Found related file "C:\Users\giris\.nuget\packages\microsoft.windowsappsdk.winui\1.8.251105000\lib\net6.0-windows10.0.17763.0\Microsoft.WinUI.xml".
             This reference is not "CopyLocal" because at least one source item had "Private" set to "false" and no source items had "Private" set to "true".
         Primary reference "Npgsql, Version=8.0.0.0, Culture=neutral, PublicKeyToken=5d8b90d52f46fda7".
             Resolved file path is "C:\Users\giris\.nuget\packages\npgsql\8.0.0\lib\net8.0\Npgsql.dll".
             Reference found at search path location "{HintPathFromItem}".
             Found related file "C:\Users\giris\.nuget\packages\npgsql\8.0.0\lib\net8.0\Npgsql.xml".
             This reference is not "CopyLocal" because at least one source item had "Private" set to "false" and no source items had "Private" set to "true".
         Primary reference "Npgsql.EntityFrameworkCore.PostgreSQL, Version=8.0.0.0, Culture=neutral, PublicKeyToken=5d8b90d52f46fda7".
             Resolved file path is "C:\Users\giris\.nuget\packages\npgsql.entityframeworkcore.postgresql\8.0.0\lib\net8.0\Npgsql.EntityFrameworkCore.PostgreSQL.dll".
             Reference found at search path location "{HintPathFromItem}".
             Found related file "C:\Users\giris\.nuget\packages\npgsql.entityframeworkcore.postgresql\8.0.0\lib\net8.0\Npgsql.EntityFrameworkCore.PostgreSQL.xml".
             This reference is not "CopyLocal" because at least one source item had "Private" set to "false" and no source items had "Private" set to "true".
         Primary reference "System.Diagnostics.EventLog, Version=8.0.0.0, Culture=neutral, PublicKeyToken=cc7b13ffcd2ddd51".
             Resolved file path is "C:\Users\giris\.nuget\packages\system.diagnostics.eventlog\8.0.0\lib\net8.0\System.Diagnostics.EventLog.dll".
             Reference found at search path location "{HintPathFromItem}".
             Found related file "C:\Users\giris\.nuget\packages\system.diagnostics.eventlog\8.0.0\lib\net8.0\System.Diagnostics.EventLog.xml".
             This reference is not "CopyLocal" because at least one source item had "Private" set to "false" and no source items had "Private" set to "true".
         Primary reference "System.Drawing.Common, Version=10.0.0.0, Culture=neutral, PublicKeyToken=cc7b13ffcd2ddd51".
             Resolved file path is "C:\Users\giris\.nuget\packages\system.drawing.common\10.0.1\lib\net8.0\System.Drawing.Common.dll".
             Reference found at search path location "{HintPathFromItem}".
             Found related file "C:\Users\giris\.nuget\packages\system.drawing.common\10.0.1\lib\net8.0\System.Drawing.Common.pdb".
             Found related file "C:\Users\giris\.nuget\packages\system.drawing.common\10.0.1\lib\net8.0\System.Drawing.Common.xml".
             This reference is not "CopyLocal" because at least one source item had "Private" set to "false" and no source items had "Private" set to "true".
         Primary reference "System.Private.Windows.Core, Version=10.0.0.0, Culture=neutral, PublicKeyToken=b77a5c561934e089".
             Resolved file path is "C:\Users\giris\.nuget\packages\system.drawing.common\10.0.1\lib\net8.0\System.Private.Windows.Core.dll".
             Reference found at search path location "{HintPathFromItem}".
             Found related file "C:\Users\giris\.nuget\packages\system.drawing.common\10.0.1\lib\net8.0\System.Private.Windows.Core.xml".
             This reference is not "CopyLocal" because at least one source item had "Private" set to "false" and no source items had "Private" set to "true".
         Primary reference "System.Private.Windows.GdiPlus, Version=10.0.0.0, Culture=neutral, PublicKeyToken=b77a5c561934e089".
             Resolved file path is "C:\Users\giris\.nuget\packages\system.drawing.common\10.0.1\lib\net8.0\System.Private.Windows.GdiPlus.dll".
             Reference found at search path location "{HintPathFromItem}".
             Found related file "C:\Users\giris\.nuget\packages\system.drawing.common\10.0.1\lib\net8.0\System.Private.Windows.GdiPlus.xml".
             This reference is not "CopyLocal" because at least one source item had "Private" set to "false" and no source items had "Private" set to "true".
         Primary reference "System.Numerics.Tensors, Version=9.0.0.0, Culture=neutral, PublicKeyToken=cc7b13ffcd2ddd51".
             Resolved file path is "C:\Users\giris\.nuget\packages\system.numerics.tensors\9.0.0\lib\net8.0\System.Numerics.Tensors.dll".
             Reference found at search path location "{HintPathFromItem}".
             Found related file "C:\Users\giris\.nuget\packages\system.numerics.tensors\9.0.0\lib\net8.0\System.Numerics.Tensors.xml".
             This reference is not "CopyLocal" because at least one source item had "Private" set to "false" and no source items had "Private" set to "true".
         Primary reference "Microsoft.CSharp, Version=8.0.0.0, Culture=neutral, PublicKeyToken=b03f5f7f11d50a3a".
             Resolved file path is "C:\Program Files\dotnet\packs\Microsoft.NETCore.App.Ref\8.0.22\ref\net8.0\Microsoft.CSharp.dll".
             Reference found at search path location "{RawFileName}".
             This reference is not "CopyLocal" because at least one source item had "Private" set to "false" and no source items had "Private" set to "true".
         Primary reference "Microsoft.VisualBasic.Core, Version=13.0.0.0, Culture=neutral, PublicKeyToken=b03f5f7f11d50a3a".
             Resolved file path is "C:\Program Files\dotnet\packs\Microsoft.NETCore.App.Ref\8.0.22\ref\net8.0\Microsoft.VisualBasic.Core.dll".
             Reference found at search path location "{RawFileName}".
             This reference is not "CopyLocal" because at least one source item had "Private" set to "false" and no source items had "Private" set to "true".
         Primary reference "Microsoft.VisualBasic, Version=10.0.0.0, Culture=neutral, PublicKeyToken=b03f5f7f11d50a3a".
             Resolved file path is "C:\Program Files\dotnet\packs\Microsoft.NETCore.App.Ref\8.0.22\ref\net8.0\Microsoft.VisualBasic.dll".
             Reference found at search path location "{RawFileName}".
             This reference is not "CopyLocal" because at least one source item had "Private" set to "false" and no source items had "Private" set to "true".
         Primary reference "Microsoft.Win32.Primitives, Version=8.0.0.0, Culture=neutral, PublicKeyToken=b03f5f7f11d50a3a".
             Resolved file path is "C:\Program Files\dotnet\packs\Microsoft.NETCore.App.Ref\8.0.22\ref\net8.0\Microsoft.Win32.Primitives.dll".
             Reference found at search path location "{RawFileName}".
             This reference is not "CopyLocal" because at least one source item had "Private" set to "false" and no source items had "Private" set to "true".
         Primary reference "Microsoft.Win32.Registry, Version=8.0.0.0, Culture=neutral, PublicKeyToken=b03f5f7f11d50a3a".
             Resolved file path is "C:\Program Files\dotnet\packs\Microsoft.NETCore.App.Ref\8.0.22\ref\net8.0\Microsoft.Win32.Registry.dll".
             Reference found at search path location "{RawFileName}".
             This reference is not "CopyLocal" because at least one source item had "Private" set to "false" and no source items had "Private" set to "true".
         Primary reference "System.AppContext, Version=8.0.0.0, Culture=neutral, PublicKeyToken=b03f5f7f11d50a3a".
             Resolved file path is "C:\Program Files\dotnet\packs\Microsoft.NETCore.App.Ref\8.0.22\ref\net8.0\System.AppContext.dll".
             Reference found at search path location "{RawFileName}".
             This reference is not "CopyLocal" because at least one source item had "Private" set to "false" and no source items had "Private" set to "true".
         Primary reference "System.Buffers, Version=8.0.0.0, Culture=neutral, PublicKeyToken=cc7b13ffcd2ddd51".
             Resolved file path is "C:\Program Files\dotnet\packs\Microsoft.NETCore.App.Ref\8.0.22\ref\net8.0\System.Buffers.dll".
             Reference found at search path location "{RawFileName}".
             This reference is not "CopyLocal" because at least one source item had "Private" set to "false" and no source items had "Private" set to "true".
         Unified primary reference "System.Collections.Concurrent, Version=8.0.0.0, Culture=neutral, PublicKeyToken=b03f5f7f11d50a3a".
             Using this version instead of original version "6.0.0.0" in "C:\Users\giris\.nuget\packages\mediatr\12.2.0\lib\net6.0\MediatR.dll" because AutoUnify is 'true'.
             Using this version instead of original version "6.0.0.0" in "C:\Users\giris\.nuget\packages\microsoft.windowsappsdk.ai\1.8.39\lib\net6.0-windows10.0.17763.0\Microsoft.Graphics.Imaging.Projection.dll" because AutoUnify is 'true'.
             Using this version instead of original version "6.0.0.0" in "C:\Users\giris\.nuget\packages\microsoft.windowsappsdk.ai\1.8.39\lib\net6.0-windows10.0.17763.0\Microsoft.Windows.AI.ContentSafety.Projection.dll" because AutoUnify is 'true'.
             Using this version instead of original version "6.0.0.0" in "C:\Users\giris\.nuget\packages\microsoft.windowsappsdk.ai\1.8.39\lib\net6.0-windows10.0.17763.0\Microsoft.Windows.AI.Foundation.Projection.dll" because AutoUnify is 'true'.
             Using this version instead of original version "6.0.0.0" in "C:\Users\giris\.nuget\packages\microsoft.windowsappsdk.ai\1.8.39\lib\net6.0-windows10.0.17763.0\Microsoft.Windows.AI.Imaging.Projection.dll" because AutoUnify is 'true'.
             Using this version instead of original version "6.0.0.0" in "C:\Users\giris\.nuget\packages\microsoft.windowsappsdk.ai\1.8.39\lib\net6.0-windows10.0.17763.0\Microsoft.Windows.AI.Projection.dll" because AutoUnify is 'true'.
             Using this version instead of original version "6.0.0.0" in "C:\Users\giris\.nuget\packages\microsoft.windowsappsdk.ai\1.8.39\lib\net6.0-windows10.0.17763.0\Microsoft.Windows.AI.Text.Projection.dll" because AutoUnify is 'true'.
             Using this version instead of original version "6.0.0.0" in "C:\Users\giris\.nuget\packages\microsoft.windowsappsdk.foundation\1.8.251104000\lib\net6.0-windows10.0.17763.0\Microsoft.Security.Authentication.OAuth.Projection.dll" because AutoUnify is 'true'.
             Using this version instead of original version "6.0.0.0" in "C:\Users\giris\.nuget\packages\microsoft.windowsappsdk.foundation\1.8.251104000\lib\net6.0-windows10.0.17763.0\Microsoft.Windows.AppLifecycle.Projection.dll" because AutoUnify is 'true'.
             Using this version instead of original version "6.0.0.0" in "C:\Users\giris\.nuget\packages\microsoft.windowsappsdk.foundation\1.8.251104000\lib\net6.0-windows10.0.17763.0\Microsoft.Windows.AppNotifications.Builder.Projection.dll" because AutoUnify is 'true'.
             Using this version instead of original version "6.0.0.0" in "C:\Users\giris\.nuget\packages\microsoft.windowsappsdk.foundation\1.8.251104000\lib\net6.0-windows10.0.17763.0\Microsoft.Windows.AppNotifications.Projection.dll" because AutoUnify is 'true'.
             Using this version instead of original version "6.0.0.0" in "C:\Users\giris\.nuget\packages\microsoft.windowsappsdk.foundation\1.8.251104000\lib\net6.0-windows10.0.17763.0\Microsoft.Windows.ApplicationModel.Background.Projection.dll" because AutoUnify is 'true'.
             Using this version instead of original version "6.0.0.0" in "C:\Users\giris\.nuget\packages\microsoft.windowsappsdk.foundation\1.8.251104000\lib\net6.0-windows10.0.17763.0\Microsoft.Windows.ApplicationModel.DynamicDependency.Projection.dll" because AutoUnify is 'true'.
             Using this version instead of original version "6.0.0.0" in "C:\Users\giris\.nuget\packages\microsoft.windowsappsdk.foundation\1.8.251104000\lib\net6.0-windows10.0.17763.0\Microsoft.Windows.ApplicationModel.Resources.Projection.dll" because AutoUnify is 'true'.
             Using this version instead of original version "6.0.0.0" in "C:\Users\giris\.nuget\packages\microsoft.windowsappsdk.foundation\1.8.251104000\lib\net6.0-windows10.0.17763.0\Microsoft.Windows.ApplicationModel.WindowsAppRuntime.Projection.dll" because AutoUnify is 'true'.
             Using this version instead of original version "6.0.0.0" in "C:\Users\giris\.nuget\packages\microsoft.windowsappsdk.foundation\1.8.251104000\lib\net6.0-windows10.0.17763.0\Microsoft.Windows.BadgeNotifications.Projection.dll" because AutoUnify is 'true'.
             Using this version instead of original version "6.0.0.0" in "C:\Users\giris\.nuget\packages\microsoft.windowsappsdk.foundation\1.8.251104000\lib\net6.0-windows10.0.17763.0\Microsoft.Windows.Management.Deployment.Projection.dll" because AutoUnify is 'true'.
             Using this version instead of original version "6.0.0.0" in "C:\Users\giris\.nuget\packages\microsoft.windowsappsdk.foundation\1.8.251104000\lib\net6.0-windows10.0.17763.0\Microsoft.Windows.Media.Capture.Projection.dll" because AutoUnify is 'true'.
             Using this version instead of original version "6.0.0.0" in "C:\Users\giris\.nuget\packages\microsoft.windowsappsdk.foundation\1.8.251104000\lib\net6.0-windows10.0.17763.0\Microsoft.Windows.PushNotifications.Projection.dll" because AutoUnify is 'true'.
             Using this version instead of original version "6.0.0.0" in "C:\Users\giris\.nuget\packages\microsoft.windowsappsdk.foundation\1.8.251104000\lib\net6.0-windows10.0.17763.0\Microsoft.Windows.Storage.Pickers.Projection.dll" because AutoUnify is 'true'.
             Using this version instead of original version "6.0.0.0" in "C:\Users\giris\.nuget\packages\microsoft.windowsappsdk.foundation\1.8.251104000\lib\net6.0-windows10.0.17763.0\Microsoft.Windows.Storage.Projection.dll" because AutoUnify is 'true'.
             Using this version instead of original version "6.0.0.0" in "C:\Users\giris\.nuget\packages\microsoft.windowsappsdk.foundation\1.8.251104000\lib\net6.0-windows10.0.17763.0\Microsoft.Windows.System.Projection.dll" because AutoUnify is 'true'.
             Using this version instead of original version "6.0.0.0" in "C:\Users\giris\.nuget\packages\microsoft.windowsappsdk.interactiveexperiences\1.8.251104001\lib\net6.0-windows10.0.18362.0\Microsoft.InteractiveExperiences.Projection.dll" because AutoUnify is 'true'.
             Using this version instead of original version "6.0.0.0" in "C:\Users\giris\.nuget\packages\microsoft.windowsappsdk.ml\1.8.2109\lib\net8.0-windows10.0.17763.0\Microsoft.Windows.AI.MachineLearning.Projection.dll" because AutoUnify is 'true'.
             Using this version instead of original version "6.0.0.0" in "C:\Users\giris\.nuget\packages\microsoft.windowsappsdk.widgets\1.8.250904007\lib\net6.0-windows10.0.17763.0\Microsoft.Windows.Widgets.Projection.dll" because AutoUnify is 'true'.
             Using this version instead of original version "6.0.0.0" in "C:\Users\giris\.nuget\packages\microsoft.windowsappsdk.winui\1.8.251105000\lib\net6.0-windows10.0.17763.0\Microsoft.WinUI.dll" because AutoUnify is 'true'.
             Resolved file path is "C:\Program Files\dotnet\packs\Microsoft.NETCore.App.Ref\8.0.22\ref\net8.0\System.Collections.Concurrent.dll".
             Reference found at search path location "{RawFileName}".
             This reference is not "CopyLocal" because at least one source item had "Private" set to "false" and no source items had "Private" set to "true".
         Primary reference "System.Collections.Immutable, Version=8.0.0.0, Culture=neutral, PublicKeyToken=b03f5f7f11d50a3a".
             Resolved file path is "C:\Program Files\dotnet\packs\Microsoft.NETCore.App.Ref\8.0.22\ref\net8.0\System.Collections.Immutable.dll".
             Reference found at search path location "{RawFileName}".
             This reference is not "CopyLocal" because at least one source item had "Private" set to "false" and no source items had "Private" set to "true".
         Primary reference "System.Collections.NonGeneric, Version=8.0.0.0, Culture=neutral, PublicKeyToken=b03f5f7f11d50a3a".
             Resolved file path is "C:\Program Files\dotnet\packs\Microsoft.NETCore.App.Ref\8.0.22\ref\net8.0\System.Collections.NonGeneric.dll".
             Reference found at search path location "{RawFileName}".
             This reference is not "CopyLocal" because at least one source item had "Private" set to "false" and no source items had "Private" set to "true".
         Primary reference "System.Collections.Specialized, Version=8.0.0.0, Culture=neutral, PublicKeyToken=b03f5f7f11d50a3a".
             Resolved file path is "C:\Program Files\dotnet\packs\Microsoft.NETCore.App.Ref\8.0.22\ref\net8.0\System.Collections.Specialized.dll".
             Reference found at search path location "{RawFileName}".
             This reference is not "CopyLocal" because at least one source item had "Private" set to "false" and no source items had "Private" set to "true".
         Unified primary reference "System.Collections, Version=8.0.0.0, Culture=neutral, PublicKeyToken=b03f5f7f11d50a3a".
             Using this version instead of original version "6.0.0.0" in "C:\Users\giris\.nuget\packages\mediatr\12.2.0\lib\net6.0\MediatR.dll" because AutoUnify is 'true'.
             Using this version instead of original version "6.0.0.0" in "C:\Users\giris\.nuget\packages\microsoft.windowsappsdk.interactiveexperiences\1.8.251104001\lib\net6.0-windows10.0.18362.0\Microsoft.InteractiveExperiences.Projection.dll" because AutoUnify is 'true'.
             Using this version instead of original version "6.0.0.0" in "C:\Users\giris\.nuget\packages\microsoft.windowsappsdk.winui\1.8.251105000\lib\net6.0-windows10.0.17763.0\Microsoft.WinUI.dll" because AutoUnify is 'true'.
             Resolved file path is "C:\Program Files\dotnet\packs\Microsoft.NETCore.App.Ref\8.0.22\ref\net8.0\System.Collections.dll".
             Reference found at search path location "{RawFileName}".
             This reference is not "CopyLocal" because at least one source item had "Private" set to "false" and no source items had "Private" set to "true".
         Primary reference "System.ComponentModel.Annotations, Version=8.0.0.0, Culture=neutral, PublicKeyToken=b03f5f7f11d50a3a".
             Resolved file path is "C:\Program Files\dotnet\packs\Microsoft.NETCore.App.Ref\8.0.22\ref\net8.0\System.ComponentModel.Annotations.dll".
             Reference found at search path location "{RawFileName}".
             This reference is not "CopyLocal" because at least one source item had "Private" set to "false" and no source items had "Private" set to "true".
         Primary reference "System.ComponentModel.DataAnnotations, Version=4.0.0.0, Culture=neutral, PublicKeyToken=31bf3856ad364e35".
             Resolved file path is "C:\Program Files\dotnet\packs\Microsoft.NETCore.App.Ref\8.0.22\ref\net8.0\System.ComponentModel.DataAnnotations.dll".
             Reference found at search path location "{RawFileName}".
             This reference is not "CopyLocal" because at least one source item had "Private" set to "false" and no source items had "Private" set to "true".
         Primary reference "System.ComponentModel.EventBasedAsync, Version=8.0.0.0, Culture=neutral, PublicKeyToken=b03f5f7f11d50a3a".
             Resolved file path is "C:\Program Files\dotnet\packs\Microsoft.NETCore.App.Ref\8.0.22\ref\net8.0\System.ComponentModel.EventBasedAsync.dll".
             Reference found at search path location "{RawFileName}".
             This reference is not "CopyLocal" because at least one source item had "Private" set to "false" and no source items had "Private" set to "true".
         Primary reference "System.ComponentModel.Primitives, Version=8.0.0.0, Culture=neutral, PublicKeyToken=b03f5f7f11d50a3a".
             Resolved file path is "C:\Program Files\dotnet\packs\Microsoft.NETCore.App.Ref\8.0.22\ref\net8.0\System.ComponentModel.Primitives.dll".
             Reference found at search path location "{RawFileName}".
             This reference is not "CopyLocal" because at least one source item had "Private" set to "false" and no source items had "Private" set to "true".
         Primary reference "System.ComponentModel.TypeConverter, Version=8.0.0.0, Culture=neutral, PublicKeyToken=b03f5f7f11d50a3a".
             Resolved file path is "C:\Program Files\dotnet\packs\Microsoft.NETCore.App.Ref\8.0.22\ref\net8.0\System.ComponentModel.TypeConverter.dll".
             Reference found at search path location "{RawFileName}".
             This reference is not "CopyLocal" because at least one source item had "Private" set to "false" and no source items had "Private" set to "true".
         Unified primary reference "System.ComponentModel, Version=8.0.0.0, Culture=neutral, PublicKeyToken=b03f5f7f11d50a3a".
             Using this version instead of original version "6.0.0.0" in "C:\Users\giris\.nuget\packages\mediatr\12.2.0\lib\net6.0\MediatR.dll" because AutoUnify is 'true'.
             Resolved file path is "C:\Program Files\dotnet\packs\Microsoft.NETCore.App.Ref\8.0.22\ref\net8.0\System.ComponentModel.dll".
             Reference found at search path location "{RawFileName}".
             This reference is not "CopyLocal" because at least one source item had "Private" set to "false" and no source items had "Private" set to "true".
         Primary reference "System.Configuration, Version=4.0.0.0, Culture=neutral, PublicKeyToken=b03f5f7f11d50a3a".
             Resolved file path is "C:\Program Files\dotnet\packs\Microsoft.NETCore.App.Ref\8.0.22\ref\net8.0\System.Configuration.dll".
             Reference found at search path location "{RawFileName}".
             This reference is not "CopyLocal" because at least one source item had "Private" set to "false" and no source items had "Private" set to "true".
         Primary reference "System.Console, Version=8.0.0.0, Culture=neutral, PublicKeyToken=b03f5f7f11d50a3a".
             Resolved file path is "C:\Program Files\dotnet\packs\Microsoft.NETCore.App.Ref\8.0.22\ref\net8.0\System.Console.dll".
             Reference found at search path location "{RawFileName}".
             This reference is not "CopyLocal" because at least one source item had "Private" set to "false" and no source items had "Private" set to "true".
         Primary reference "System.Core, Version=4.0.0.0, Culture=neutral, PublicKeyToken=b77a5c561934e089".
             Resolved file path is "C:\Program Files\dotnet\packs\Microsoft.NETCore.App.Ref\8.0.22\ref\net8.0\System.Core.dll".
             Reference found at search path location "{RawFileName}".
             This reference is not "CopyLocal" because at least one source item had "Private" set to "false" and no source items had "Private" set to "true".
         Primary reference "System.Data.Common, Version=8.0.0.0, Culture=neutral, PublicKeyToken=b03f5f7f11d50a3a".
             Resolved file path is "C:\Program Files\dotnet\packs\Microsoft.NETCore.App.Ref\8.0.22\ref\net8.0\System.Data.Common.dll".
             Reference found at search path location "{RawFileName}".
             This reference is not "CopyLocal" because at least one source item had "Private" set to "false" and no source items had "Private" set to "true".
         Primary reference "System.Data.DataSetExtensions, Version=8.0.0.0, Culture=neutral, PublicKeyToken=b77a5c561934e089".
             Resolved file path is "C:\Program Files\dotnet\packs\Microsoft.NETCore.App.Ref\8.0.22\ref\net8.0\System.Data.DataSetExtensions.dll".
             Reference found at search path location "{RawFileName}".
             This reference is not "CopyLocal" because at least one source item had "Private" set to "false" and no source items had "Private" set to "true".
         Primary reference "System.Data, Version=4.0.0.0, Culture=neutral, PublicKeyToken=b77a5c561934e089".
             Resolved file path is "C:\Program Files\dotnet\packs\Microsoft.NETCore.App.Ref\8.0.22\ref\net8.0\System.Data.dll".
             Reference found at search path location "{RawFileName}".
             This reference is not "CopyLocal" because at least one source item had "Private" set to "false" and no source items had "Private" set to "true".
         Primary reference "System.Diagnostics.Contracts, Version=8.0.0.0, Culture=neutral, PublicKeyToken=b03f5f7f11d50a3a".
             Resolved file path is "C:\Program Files\dotnet\packs\Microsoft.NETCore.App.Ref\8.0.22\ref\net8.0\System.Diagnostics.Contracts.dll".
             Reference found at search path location "{RawFileName}".
             This reference is not "CopyLocal" because at least one source item had "Private" set to "false" and no source items had "Private" set to "true".
         Primary reference "System.Diagnostics.Debug, Version=8.0.0.0, Culture=neutral, PublicKeyToken=b03f5f7f11d50a3a".
             Resolved file path is "C:\Program Files\dotnet\packs\Microsoft.NETCore.App.Ref\8.0.22\ref\net8.0\System.Diagnostics.Debug.dll".
             Reference found at search path location "{RawFileName}".
             This reference is not "CopyLocal" because at least one source item had "Private" set to "false" and no source items had "Private" set to "true".
         Primary reference "System.Diagnostics.DiagnosticSource, Version=8.0.0.0, Culture=neutral, PublicKeyToken=cc7b13ffcd2ddd51".
             Resolved file path is "C:\Program Files\dotnet\packs\Microsoft.NETCore.App.Ref\8.0.22\ref\net8.0\System.Diagnostics.DiagnosticSource.dll".
             Reference found at search path location "{RawFileName}".
             This reference is not "CopyLocal" because at least one source item had "Private" set to "false" and no source items had "Private" set to "true".
         Primary reference "System.Diagnostics.FileVersionInfo, Version=8.0.0.0, Culture=neutral, PublicKeyToken=b03f5f7f11d50a3a".
             Resolved file path is "C:\Program Files\dotnet\packs\Microsoft.NETCore.App.Ref\8.0.22\ref\net8.0\System.Diagnostics.FileVersionInfo.dll".
             Reference found at search path location "{RawFileName}".
             This reference is not "CopyLocal" because at least one source item had "Private" set to "false" and no source items had "Private" set to "true".
         Primary reference "System.Diagnostics.Process, Version=8.0.0.0, Culture=neutral, PublicKeyToken=b03f5f7f11d50a3a".
             Resolved file path is "C:\Program Files\dotnet\packs\Microsoft.NETCore.App.Ref\8.0.22\ref\net8.0\System.Diagnostics.Process.dll".
             Reference found at search path location "{RawFileName}".
             This reference is not "CopyLocal" because at least one source item had "Private" set to "false" and no source items had "Private" set to "true".
         Primary reference "System.Diagnostics.StackTrace, Version=8.0.0.0, Culture=neutral, PublicKeyToken=b03f5f7f11d50a3a".
             Resolved file path is "C:\Program Files\dotnet\packs\Microsoft.NETCore.App.Ref\8.0.22\ref\net8.0\System.Diagnostics.StackTrace.dll".
             Reference found at search path location "{RawFileName}".
             This reference is not "CopyLocal" because at least one source item had "Private" set to "false" and no source items had "Private" set to "true".
         Primary reference "System.Diagnostics.TextWriterTraceListener, Version=8.0.0.0, Culture=neutral, PublicKeyToken=b03f5f7f11d50a3a".
             Resolved file path is "C:\Program Files\dotnet\packs\Microsoft.NETCore.App.Ref\8.0.22\ref\net8.0\System.Diagnostics.TextWriterTraceListener.dll".
             Reference found at search path location "{RawFileName}".
             This reference is not "CopyLocal" because at least one source item had "Private" set to "false" and no source items had "Private" set to "true".
         Primary reference "System.Diagnostics.Tools, Version=8.0.0.0, Culture=neutral, PublicKeyToken=b03f5f7f11d50a3a".
             Resolved file path is "C:\Program Files\dotnet\packs\Microsoft.NETCore.App.Ref\8.0.22\ref\net8.0\System.Diagnostics.Tools.dll".
             Reference found at search path location "{RawFileName}".
             This reference is not "CopyLocal" because at least one source item had "Private" set to "false" and no source items had "Private" set to "true".
         Primary reference "System.Diagnostics.TraceSource, Version=8.0.0.0, Culture=neutral, PublicKeyToken=b03f5f7f11d50a3a".
             Resolved file path is "C:\Program Files\dotnet\packs\Microsoft.NETCore.App.Ref\8.0.22\ref\net8.0\System.Diagnostics.TraceSource.dll".
             Reference found at search path location "{RawFileName}".
             This reference is not "CopyLocal" because at least one source item had "Private" set to "false" and no source items had "Private" set to "true".
         Primary reference "System.Diagnostics.Tracing, Version=8.0.0.0, Culture=neutral, PublicKeyToken=b03f5f7f11d50a3a".
             Resolved file path is "C:\Program Files\dotnet\packs\Microsoft.NETCore.App.Ref\8.0.22\ref\net8.0\System.Diagnostics.Tracing.dll".
             Reference found at search path location "{RawFileName}".
             This reference is not "CopyLocal" because at least one source item had "Private" set to "false" and no source items had "Private" set to "true".
         Primary reference "System.Drawing.Primitives, Version=8.0.0.0, Culture=neutral, PublicKeyToken=b03f5f7f11d50a3a".
             Resolved file path is "C:\Program Files\dotnet\packs\Microsoft.NETCore.App.Ref\8.0.22\ref\net8.0\System.Drawing.Primitives.dll".
             Reference found at search path location "{RawFileName}".
             This reference is not "CopyLocal" because at least one source item had "Private" set to "false" and no source items had "Private" set to "true".
         Primary reference "System.Drawing, Version=4.0.0.0, Culture=neutral, PublicKeyToken=b03f5f7f11d50a3a".
             Resolved file path is "C:\Program Files\dotnet\packs\Microsoft.NETCore.App.Ref\8.0.22\ref\net8.0\System.Drawing.dll".
             Reference found at search path location "{RawFileName}".
             This reference is not "CopyLocal" because at least one source item had "Private" set to "false" and no source items had "Private" set to "true".
         Primary reference "System.Dynamic.Runtime, Version=8.0.0.0, Culture=neutral, PublicKeyToken=b03f5f7f11d50a3a".
             Resolved file path is "C:\Program Files\dotnet\packs\Microsoft.NETCore.App.Ref\8.0.22\ref\net8.0\System.Dynamic.Runtime.dll".
             Reference found at search path location "{RawFileName}".
             This reference is not "CopyLocal" because at least one source item had "Private" set to "false" and no source items had "Private" set to "true".
         Primary reference "System.Formats.Asn1, Version=8.0.0.0, Culture=neutral, PublicKeyToken=cc7b13ffcd2ddd51".
             Resolved file path is "C:\Program Files\dotnet\packs\Microsoft.NETCore.App.Ref\8.0.22\ref\net8.0\System.Formats.Asn1.dll".
             Reference found at search path location "{RawFileName}".
             This reference is not "CopyLocal" because at least one source item had "Private" set to "false" and no source items had "Private" set to "true".
         Primary reference "System.Formats.Tar, Version=8.0.0.0, Culture=neutral, PublicKeyToken=cc7b13ffcd2ddd51".
             Resolved file path is "C:\Program Files\dotnet\packs\Microsoft.NETCore.App.Ref\8.0.22\ref\net8.0\System.Formats.Tar.dll".
             Reference found at search path location "{RawFileName}".
             This reference is not "CopyLocal" because at least one source item had "Private" set to "false" and no source items had "Private" set to "true".
         Primary reference "System.Globalization.Calendars, Version=8.0.0.0, Culture=neutral, PublicKeyToken=b03f5f7f11d50a3a".
             Resolved file path is "C:\Program Files\dotnet\packs\Microsoft.NETCore.App.Ref\8.0.22\ref\net8.0\System.Globalization.Calendars.dll".
             Reference found at search path location "{RawFileName}".
             This reference is not "CopyLocal" because at least one source item had "Private" set to "false" and no source items had "Private" set to "true".
         Primary reference "System.Globalization.Extensions, Version=8.0.0.0, Culture=neutral, PublicKeyToken=b03f5f7f11d50a3a".
             Resolved file path is "C:\Program Files\dotnet\packs\Microsoft.NETCore.App.Ref\8.0.22\ref\net8.0\System.Globalization.Extensions.dll".
             Reference found at search path location "{RawFileName}".
             This reference is not "CopyLocal" because at least one source item had "Private" set to "false" and no source items had "Private" set to "true".
         Primary reference "System.Globalization, Version=8.0.0.0, Culture=neutral, PublicKeyToken=b03f5f7f11d50a3a".
             Resolved file path is "C:\Program Files\dotnet\packs\Microsoft.NETCore.App.Ref\8.0.22\ref\net8.0\System.Globalization.dll".
             Reference found at search path location "{RawFileName}".
             This reference is not "CopyLocal" because at least one source item had "Private" set to "false" and no source items had "Private" set to "true".
         Primary reference "System.IO.Compression.Brotli, Version=8.0.0.0, Culture=neutral, PublicKeyToken=b77a5c561934e089".
             Resolved file path is "C:\Program Files\dotnet\packs\Microsoft.NETCore.App.Ref\8.0.22\ref\net8.0\System.IO.Compression.Brotli.dll".
             Reference found at search path location "{RawFileName}".
             This reference is not "CopyLocal" because at least one source item had "Private" set to "false" and no source items had "Private" set to "true".
         Primary reference "System.IO.Compression.FileSystem, Version=4.0.0.0, Culture=neutral, PublicKeyToken=b77a5c561934e089".
             Resolved file path is "C:\Program Files\dotnet\packs\Microsoft.NETCore.App.Ref\8.0.22\ref\net8.0\System.IO.Compression.FileSystem.dll".
             Reference found at search path location "{RawFileName}".
             This reference is not "CopyLocal" because at least one source item had "Private" set to "false" and no source items had "Private" set to "true".
         Primary reference "System.IO.Compression.ZipFile, Version=8.0.0.0, Culture=neutral, PublicKeyToken=b77a5c561934e089".
             Resolved file path is "C:\Program Files\dotnet\packs\Microsoft.NETCore.App.Ref\8.0.22\ref\net8.0\System.IO.Compression.ZipFile.dll".
             Reference found at search path location "{RawFileName}".
             This reference is not "CopyLocal" because at least one source item had "Private" set to "false" and no source items had "Private" set to "true".
         Primary reference "System.IO.Compression, Version=8.0.0.0, Culture=neutral, PublicKeyToken=b77a5c561934e089".
             Resolved file path is "C:\Program Files\dotnet\packs\Microsoft.NETCore.App.Ref\8.0.22\ref\net8.0\System.IO.Compression.dll".
             Reference found at search path location "{RawFileName}".
             This reference is not "CopyLocal" because at least one source item had "Private" set to "false" and no source items had "Private" set to "true".
         Primary reference "System.IO.FileSystem.AccessControl, Version=8.0.0.0, Culture=neutral, PublicKeyToken=b03f5f7f11d50a3a".
             Resolved file path is "C:\Program Files\dotnet\packs\Microsoft.NETCore.App.Ref\8.0.22\ref\net8.0\System.IO.FileSystem.AccessControl.dll".
             Reference found at search path location "{RawFileName}".
             This reference is not "CopyLocal" because at least one source item had "Private" set to "false" and no source items had "Private" set to "true".
         Primary reference "System.IO.FileSystem.DriveInfo, Version=8.0.0.0, Culture=neutral, PublicKeyToken=b03f5f7f11d50a3a".
             Resolved file path is "C:\Program Files\dotnet\packs\Microsoft.NETCore.App.Ref\8.0.22\ref\net8.0\System.IO.FileSystem.DriveInfo.dll".
             Reference found at search path location "{RawFileName}".
             This reference is not "CopyLocal" because at least one source item had "Private" set to "false" and no source items had "Private" set to "true".
         Primary reference "System.IO.FileSystem.Primitives, Version=8.0.0.0, Culture=neutral, PublicKeyToken=b03f5f7f11d50a3a".
             Resolved file path is "C:\Program Files\dotnet\packs\Microsoft.NETCore.App.Ref\8.0.22\ref\net8.0\System.IO.FileSystem.Primitives.dll".
             Reference found at search path location "{RawFileName}".
             This reference is not "CopyLocal" because at least one source item had "Private" set to "false" and no source items had "Private" set to "true".
         Primary reference "System.IO.FileSystem.Watcher, Version=8.0.0.0, Culture=neutral, PublicKeyToken=b03f5f7f11d50a3a".
             Resolved file path is "C:\Program Files\dotnet\packs\Microsoft.NETCore.App.Ref\8.0.22\ref\net8.0\System.IO.FileSystem.Watcher.dll".
             Reference found at search path location "{RawFileName}".
             This reference is not "CopyLocal" because at least one source item had "Private" set to "false" and no source items had "Private" set to "true".
         Primary reference "System.IO.FileSystem, Version=8.0.0.0, Culture=neutral, PublicKeyToken=b03f5f7f11d50a3a".
             Resolved file path is "C:\Program Files\dotnet\packs\Microsoft.NETCore.App.Ref\8.0.22\ref\net8.0\System.IO.FileSystem.dll".
             Reference found at search path location "{RawFileName}".
             This reference is not "CopyLocal" because at least one source item had "Private" set to "false" and no source items had "Private" set to "true".
         Primary reference "System.IO.IsolatedStorage, Version=8.0.0.0, Culture=neutral, PublicKeyToken=b03f5f7f11d50a3a".
             Resolved file path is "C:\Program Files\dotnet\packs\Microsoft.NETCore.App.Ref\8.0.22\ref\net8.0\System.IO.IsolatedStorage.dll".
             Reference found at search path location "{RawFileName}".
             This reference is not "CopyLocal" because at least one source item had "Private" set to "false" and no source items had "Private" set to "true".
         Primary reference "System.IO.MemoryMappedFiles, Version=8.0.0.0, Culture=neutral, PublicKeyToken=b03f5f7f11d50a3a".
             Resolved file path is "C:\Program Files\dotnet\packs\Microsoft.NETCore.App.Ref\8.0.22\ref\net8.0\System.IO.MemoryMappedFiles.dll".
             Reference found at search path location "{RawFileName}".
             This reference is not "CopyLocal" because at least one source item had "Private" set to "false" and no source items had "Private" set to "true".
         Primary reference "System.IO.Pipes.AccessControl, Version=8.0.0.0, Culture=neutral, PublicKeyToken=b03f5f7f11d50a3a".
             Resolved file path is "C:\Program Files\dotnet\packs\Microsoft.NETCore.App.Ref\8.0.22\ref\net8.0\System.IO.Pipes.AccessControl.dll".
             Reference found at search path location "{RawFileName}".
             This reference is not "CopyLocal" because at least one source item had "Private" set to "false" and no source items had "Private" set to "true".
         Primary reference "System.IO.Pipes, Version=8.0.0.0, Culture=neutral, PublicKeyToken=b03f5f7f11d50a3a".
             Resolved file path is "C:\Program Files\dotnet\packs\Microsoft.NETCore.App.Ref\8.0.22\ref\net8.0\System.IO.Pipes.dll".
             Reference found at search path location "{RawFileName}".
             This reference is not "CopyLocal" because at least one source item had "Private" set to "false" and no source items had "Private" set to "true".
         Primary reference "System.IO.UnmanagedMemoryStream, Version=8.0.0.0, Culture=neutral, PublicKeyToken=b03f5f7f11d50a3a".
             Resolved file path is "C:\Program Files\dotnet\packs\Microsoft.NETCore.App.Ref\8.0.22\ref\net8.0\System.IO.UnmanagedMemoryStream.dll".
             Reference found at search path location "{RawFileName}".
             This reference is not "CopyLocal" because at least one source item had "Private" set to "false" and no source items had "Private" set to "true".
         Primary reference "System.IO, Version=8.0.0.0, Culture=neutral, PublicKeyToken=b03f5f7f11d50a3a".
             Resolved file path is "C:\Program Files\dotnet\packs\Microsoft.NETCore.App.Ref\8.0.22\ref\net8.0\System.IO.dll".
             Reference found at search path location "{RawFileName}".
             This reference is not "CopyLocal" because at least one source item had "Private" set to "false" and no source items had "Private" set to "true".
         Primary reference "System.Linq.Expressions, Version=8.0.0.0, Culture=neutral, PublicKeyToken=b03f5f7f11d50a3a".
             Resolved file path is "C:\Program Files\dotnet\packs\Microsoft.NETCore.App.Ref\8.0.22\ref\net8.0\System.Linq.Expressions.dll".
             Reference found at search path location "{RawFileName}".
             This reference is not "CopyLocal" because at least one source item had "Private" set to "false" and no source items had "Private" set to "true".
         Primary reference "System.Linq.Parallel, Version=8.0.0.0, Culture=neutral, PublicKeyToken=b03f5f7f11d50a3a".
             Resolved file path is "C:\Program Files\dotnet\packs\Microsoft.NETCore.App.Ref\8.0.22\ref\net8.0\System.Linq.Parallel.dll".
             Reference found at search path location "{RawFileName}".
             This reference is not "CopyLocal" because at least one source item had "Private" set to "false" and no source items had "Private" set to "true".
         Primary reference "System.Linq.Queryable, Version=8.0.0.0, Culture=neutral, PublicKeyToken=b03f5f7f11d50a3a".
             Resolved file path is "C:\Program Files\dotnet\packs\Microsoft.NETCore.App.Ref\8.0.22\ref\net8.0\System.Linq.Queryable.dll".
             Reference found at search path location "{RawFileName}".
             This reference is not "CopyLocal" because at least one source item had "Private" set to "false" and no source items had "Private" set to "true".
         Unified primary reference "System.Linq, Version=8.0.0.0, Culture=neutral, PublicKeyToken=b03f5f7f11d50a3a".
             Using this version instead of original version "6.0.0.0" in "C:\Users\giris\.nuget\packages\mediatr\12.2.0\lib\net6.0\MediatR.dll" because AutoUnify is 'true'.
             Resolved file path is "C:\Program Files\dotnet\packs\Microsoft.NETCore.App.Ref\8.0.22\ref\net8.0\System.Linq.dll".
             Reference found at search path location "{RawFileName}".
             This reference is not "CopyLocal" because at least one source item had "Private" set to "false" and no source items had "Private" set to "true".
         Unified primary reference "System.Memory, Version=8.0.0.0, Culture=neutral, PublicKeyToken=cc7b13ffcd2ddd51".
             Using this version instead of original version "6.0.0.0" in "C:\Users\giris\.nuget\packages\microsoft.windowsappsdk.ai\1.8.39\lib\net6.0-windows10.0.17763.0\Microsoft.Graphics.Imaging.Projection.dll" because AutoUnify is 'true'.
             Using this version instead of original version "6.0.0.0" in "C:\Users\giris\.nuget\packages\microsoft.windowsappsdk.ai\1.8.39\lib\net6.0-windows10.0.17763.0\Microsoft.Windows.AI.ContentSafety.Projection.dll" because AutoUnify is 'true'.
             Using this version instead of original version "6.0.0.0" in "C:\Users\giris\.nuget\packages\microsoft.windowsappsdk.ai\1.8.39\lib\net6.0-windows10.0.17763.0\Microsoft.Windows.AI.Foundation.Projection.dll" because AutoUnify is 'true'.
             Using this version instead of original version "6.0.0.0" in "C:\Users\giris\.nuget\packages\microsoft.windowsappsdk.ai\1.8.39\lib\net6.0-windows10.0.17763.0\Microsoft.Windows.AI.Imaging.Projection.dll" because AutoUnify is 'true'.
             Using this version instead of original version "6.0.0.0" in "C:\Users\giris\.nuget\packages\microsoft.windowsappsdk.ai\1.8.39\lib\net6.0-windows10.0.17763.0\Microsoft.Windows.AI.Projection.dll" because AutoUnify is 'true'.
             Using this version instead of original version "6.0.0.0" in "C:\Users\giris\.nuget\packages\microsoft.windowsappsdk.ai\1.8.39\lib\net6.0-windows10.0.17763.0\Microsoft.Windows.AI.Text.Projection.dll" because AutoUnify is 'true'.
             Using this version instead of original version "6.0.0.0" in "C:\Users\giris\.nuget\packages\microsoft.windowsappsdk.foundation\1.8.251104000\lib\net6.0-windows10.0.17763.0\Microsoft.Security.Authentication.OAuth.Projection.dll" because AutoUnify is 'true'.
             Using this version instead of original version "6.0.0.0" in "C:\Users\giris\.nuget\packages\microsoft.windowsappsdk.foundation\1.8.251104000\lib\net6.0-windows10.0.17763.0\Microsoft.Windows.AppLifecycle.Projection.dll" because AutoUnify is 'true'.
             Using this version instead of original version "6.0.0.0" in "C:\Users\giris\.nuget\packages\microsoft.windowsappsdk.foundation\1.8.251104000\lib\net6.0-windows10.0.17763.0\Microsoft.Windows.AppNotifications.Builder.Projection.dll" because AutoUnify is 'true'.
             Using this version instead of original version "6.0.0.0" in "C:\Users\giris\.nuget\packages\microsoft.windowsappsdk.foundation\1.8.251104000\lib\net6.0-windows10.0.17763.0\Microsoft.Windows.AppNotifications.Projection.dll" because AutoUnify is 'true'.
             Using this version instead of original version "6.0.0.0" in "C:\Users\giris\.nuget\packages\microsoft.windowsappsdk.foundation\1.8.251104000\lib\net6.0-windows10.0.17763.0\Microsoft.Windows.ApplicationModel.Background.Projection.dll" because AutoUnify is 'true'.
             Using this version instead of original version "6.0.0.0" in "C:\Users\giris\.nuget\packages\microsoft.windowsappsdk.foundation\1.8.251104000\lib\net6.0-windows10.0.17763.0\Microsoft.Windows.ApplicationModel.DynamicDependency.Projection.dll" because AutoUnify is 'true'.
             Using this version instead of original version "6.0.0.0" in "C:\Users\giris\.nuget\packages\microsoft.windowsappsdk.foundation\1.8.251104000\lib\net6.0-windows10.0.17763.0\Microsoft.Windows.ApplicationModel.Resources.Projection.dll" because AutoUnify is 'true'.
             Using this version instead of original version "6.0.0.0" in "C:\Users\giris\.nuget\packages\microsoft.windowsappsdk.foundation\1.8.251104000\lib\net6.0-windows10.0.17763.0\Microsoft.Windows.ApplicationModel.WindowsAppRuntime.Projection.dll" because AutoUnify is 'true'.
             Using this version instead of original version "6.0.0.0" in "C:\Users\giris\.nuget\packages\microsoft.windowsappsdk.foundation\1.8.251104000\lib\net6.0-windows10.0.17763.0\Microsoft.Windows.BadgeNotifications.Projection.dll" because AutoUnify is 'true'.
             Using this version instead of original version "6.0.0.0" in "C:\Users\giris\.nuget\packages\microsoft.windowsappsdk.foundation\1.8.251104000\lib\net6.0-windows10.0.17763.0\Microsoft.Windows.Foundation.Projection.dll" because AutoUnify is 'true'.
             Using this version instead of original version "6.0.0.0" in "C:\Users\giris\.nuget\packages\microsoft.windowsappsdk.foundation\1.8.251104000\lib\net6.0-windows10.0.17763.0\Microsoft.Windows.Management.Deployment.Projection.dll" because AutoUnify is 'true'.
             Using this version instead of original version "6.0.0.0" in "C:\Users\giris\.nuget\packages\microsoft.windowsappsdk.foundation\1.8.251104000\lib\net6.0-windows10.0.17763.0\Microsoft.Windows.Media.Capture.Projection.dll" because AutoUnify is 'true'.
             Using this version instead of original version "6.0.0.0" in "C:\Users\giris\.nuget\packages\microsoft.windowsappsdk.foundation\1.8.251104000\lib\net6.0-windows10.0.17763.0\Microsoft.Windows.PushNotifications.Projection.dll" because AutoUnify is 'true'.
             Using this version instead of original version "6.0.0.0" in "C:\Users\giris\.nuget\packages\microsoft.windowsappsdk.foundation\1.8.251104000\lib\net6.0-windows10.0.17763.0\Microsoft.Windows.Security.AccessControl.Projection.dll" because AutoUnify is 'true'.
             Using this version instead of original version "6.0.0.0" in "C:\Users\giris\.nuget\packages\microsoft.windowsappsdk.foundation\1.8.251104000\lib\net6.0-windows10.0.17763.0\Microsoft.Windows.Storage.Pickers.Projection.dll" because AutoUnify is 'true'.
             Using this version instead of original version "6.0.0.0" in "C:\Users\giris\.nuget\packages\microsoft.windowsappsdk.foundation\1.8.251104000\lib\net6.0-windows10.0.17763.0\Microsoft.Windows.Storage.Projection.dll" because AutoUnify is 'true'.
             Using this version instead of original version "6.0.0.0" in "C:\Users\giris\.nuget\packages\microsoft.windowsappsdk.foundation\1.8.251104000\lib\net6.0-windows10.0.17763.0\Microsoft.Windows.System.Power.Projection.dll" because AutoUnify is 'true'.
             Using this version instead of original version "6.0.0.0" in "C:\Users\giris\.nuget\packages\microsoft.windowsappsdk.foundation\1.8.251104000\lib\net6.0-windows10.0.17763.0\Microsoft.Windows.System.Projection.dll" because AutoUnify is 'true'.
             Using this version instead of original version "6.0.0.0" in "C:\Users\giris\.nuget\packages\microsoft.windowsappsdk.interactiveexperiences\1.8.251104001\lib\net6.0-windows10.0.18362.0\Microsoft.InteractiveExperiences.Projection.dll" because AutoUnify is 'true'.
             Using this version instead of original version "6.0.0.0" in "C:\Users\giris\.nuget\packages\microsoft.windowsappsdk.ml\1.8.2109\lib\net8.0-windows10.0.17763.0\Microsoft.Windows.AI.MachineLearning.Projection.dll" because AutoUnify is 'true'.
             Using this version instead of original version "6.0.0.0" in "C:\Users\giris\.nuget\packages\microsoft.windowsappsdk.widgets\1.8.250904007\lib\net6.0-windows10.0.17763.0\Microsoft.Windows.Widgets.Projection.dll" because AutoUnify is 'true'.
             Using this version instead of original version "6.0.0.0" in "C:\Users\giris\.nuget\packages\microsoft.windowsappsdk.winui\1.8.251105000\lib\net6.0-windows10.0.17763.0\Microsoft.WinUI.dll" because AutoUnify is 'true'.
             Resolved file path is "C:\Program Files\dotnet\packs\Microsoft.NETCore.App.Ref\8.0.22\ref\net8.0\System.Memory.dll".
             Reference found at search path location "{RawFileName}".
             This reference is not "CopyLocal" because at least one source item had "Private" set to "false" and no source items had "Private" set to "true".
         Primary reference "System.Net.Http.Json, Version=8.0.0.0, Culture=neutral, PublicKeyToken=cc7b13ffcd2ddd51".
             Resolved file path is "C:\Program Files\dotnet\packs\Microsoft.NETCore.App.Ref\8.0.22\ref\net8.0\System.Net.Http.Json.dll".
             Reference found at search path location "{RawFileName}".
             This reference is not "CopyLocal" because at least one source item had "Private" set to "false" and no source items had "Private" set to "true".
         Primary reference "System.Net.Http, Version=8.0.0.0, Culture=neutral, PublicKeyToken=b03f5f7f11d50a3a".
             Resolved file path is "C:\Program Files\dotnet\packs\Microsoft.NETCore.App.Ref\8.0.22\ref\net8.0\System.Net.Http.dll".
             Reference found at search path location "{RawFileName}".
             This reference is not "CopyLocal" because at least one source item had "Private" set to "false" and no source items had "Private" set to "true".
         Primary reference "System.Net.HttpListener, Version=8.0.0.0, Culture=neutral, PublicKeyToken=cc7b13ffcd2ddd51".
             Resolved file path is "C:\Program Files\dotnet\packs\Microsoft.NETCore.App.Ref\8.0.22\ref\net8.0\System.Net.HttpListener.dll".
             Reference found at search path location "{RawFileName}".
             This reference is not "CopyLocal" because at least one source item had "Private" set to "false" and no source items had "Private" set to "true".
         Primary reference "System.Net.Mail, Version=8.0.0.0, Culture=neutral, PublicKeyToken=cc7b13ffcd2ddd51".
             Resolved file path is "C:\Program Files\dotnet\packs\Microsoft.NETCore.App.Ref\8.0.22\ref\net8.0\System.Net.Mail.dll".
             Reference found at search path location "{RawFileName}".
             This reference is not "CopyLocal" because at least one source item had "Private" set to "false" and no source items had "Private" set to "true".
         Primary reference "System.Net.NameResolution, Version=8.0.0.0, Culture=neutral, PublicKeyToken=b03f5f7f11d50a3a".
             Resolved file path is "C:\Program Files\dotnet\packs\Microsoft.NETCore.App.Ref\8.0.22\ref\net8.0\System.Net.NameResolution.dll".
             Reference found at search path location "{RawFileName}".
             This reference is not "CopyLocal" because at least one source item had "Private" set to "false" and no source items had "Private" set to "true".
         Primary reference "System.Net.NetworkInformation, Version=8.0.0.0, Culture=neutral, PublicKeyToken=b03f5f7f11d50a3a".
             Resolved file path is "C:\Program Files\dotnet\packs\Microsoft.NETCore.App.Ref\8.0.22\ref\net8.0\System.Net.NetworkInformation.dll".
             Reference found at search path location "{RawFileName}".
             This reference is not "CopyLocal" because at least one source item had "Private" set to "false" and no source items had "Private" set to "true".
         Primary reference "System.Net.Ping, Version=8.0.0.0, Culture=neutral, PublicKeyToken=b03f5f7f11d50a3a".
             Resolved file path is "C:\Program Files\dotnet\packs\Microsoft.NETCore.App.Ref\8.0.22\ref\net8.0\System.Net.Ping.dll".
             Reference found at search path location "{RawFileName}".
             This reference is not "CopyLocal" because at least one source item had "Private" set to "false" and no source items had "Private" set to "true".
         Primary reference "System.Net.Primitives, Version=8.0.0.0, Culture=neutral, PublicKeyToken=b03f5f7f11d50a3a".
             Resolved file path is "C:\Program Files\dotnet\packs\Microsoft.NETCore.App.Ref\8.0.22\ref\net8.0\System.Net.Primitives.dll".
             Reference found at search path location "{RawFileName}".
             This reference is not "CopyLocal" because at least one source item had "Private" set to "false" and no source items had "Private" set to "true".
         Primary reference "System.Net.Quic, Version=8.0.0.0, Culture=neutral, PublicKeyToken=b03f5f7f11d50a3a".
             Resolved file path is "C:\Program Files\dotnet\packs\Microsoft.NETCore.App.Ref\8.0.22\ref\net8.0\System.Net.Quic.dll".
             Reference found at search path location "{RawFileName}".
             This reference is not "CopyLocal" because at least one source item had "Private" set to "false" and no source items had "Private" set to "true".
         Primary reference "System.Net.Requests, Version=8.0.0.0, Culture=neutral, PublicKeyToken=b03f5f7f11d50a3a".
             Resolved file path is "C:\Program Files\dotnet\packs\Microsoft.NETCore.App.Ref\8.0.22\ref\net8.0\System.Net.Requests.dll".
             Reference found at search path location "{RawFileName}".
             This reference is not "CopyLocal" because at least one source item had "Private" set to "false" and no source items had "Private" set to "true".
         Primary reference "System.Net.Security, Version=8.0.0.0, Culture=neutral, PublicKeyToken=b03f5f7f11d50a3a".
             Resolved file path is "C:\Program Files\dotnet\packs\Microsoft.NETCore.App.Ref\8.0.22\ref\net8.0\System.Net.Security.dll".
             Reference found at search path location "{RawFileName}".
             This reference is not "CopyLocal" because at least one source item had "Private" set to "false" and no source items had "Private" set to "true".
         Primary reference "System.Net.ServicePoint, Version=8.0.0.0, Culture=neutral, PublicKeyToken=cc7b13ffcd2ddd51".
             Resolved file path is "C:\Program Files\dotnet\packs\Microsoft.NETCore.App.Ref\8.0.22\ref\net8.0\System.Net.ServicePoint.dll".
             Reference found at search path location "{RawFileName}".
             This reference is not "CopyLocal" because at least one source item had "Private" set to "false" and no source items had "Private" set to "true".
         Primary reference "System.Net.Sockets, Version=8.0.0.0, Culture=neutral, PublicKeyToken=b03f5f7f11d50a3a".
             Resolved file path is "C:\Program Files\dotnet\packs\Microsoft.NETCore.App.Ref\8.0.22\ref\net8.0\System.Net.Sockets.dll".
             Reference found at search path location "{RawFileName}".
             This reference is not "CopyLocal" because at least one source item had "Private" set to "false" and no source items had "Private" set to "true".
         Primary reference "System.Net.WebClient, Version=8.0.0.0, Culture=neutral, PublicKeyToken=cc7b13ffcd2ddd51".
             Resolved file path is "C:\Program Files\dotnet\packs\Microsoft.NETCore.App.Ref\8.0.22\ref\net8.0\System.Net.WebClient.dll".
             Reference found at search path location "{RawFileName}".
             This reference is not "CopyLocal" because at least one source item had "Private" set to "false" and no source items had "Private" set to "true".
         Primary reference "System.Net.WebHeaderCollection, Version=8.0.0.0, Culture=neutral, PublicKeyToken=b03f5f7f11d50a3a".
             Resolved file path is "C:\Program Files\dotnet\packs\Microsoft.NETCore.App.Ref\8.0.22\ref\net8.0\System.Net.WebHeaderCollection.dll".
             Reference found at search path location "{RawFileName}".
             This reference is not "CopyLocal" because at least one source item had "Private" set to "false" and no source items had "Private" set to "true".
         Primary reference "System.Net.WebProxy, Version=8.0.0.0, Culture=neutral, PublicKeyToken=cc7b13ffcd2ddd51".
             Resolved file path is "C:\Program Files\dotnet\packs\Microsoft.NETCore.App.Ref\8.0.22\ref\net8.0\System.Net.WebProxy.dll".
             Reference found at search path location "{RawFileName}".
             This reference is not "CopyLocal" because at least one source item had "Private" set to "false" and no source items had "Private" set to "true".
         Primary reference "System.Net.WebSockets.Client, Version=8.0.0.0, Culture=neutral, PublicKeyToken=b03f5f7f11d50a3a".
             Resolved file path is "C:\Program Files\dotnet\packs\Microsoft.NETCore.App.Ref\8.0.22\ref\net8.0\System.Net.WebSockets.Client.dll".
             Reference found at search path location "{RawFileName}".
             This reference is not "CopyLocal" because at least one source item had "Private" set to "false" and no source items had "Private" set to "true".
         Primary reference "System.Net.WebSockets, Version=8.0.0.0, Culture=neutral, PublicKeyToken=b03f5f7f11d50a3a".
             Resolved file path is "C:\Program Files\dotnet\packs\Microsoft.NETCore.App.Ref\8.0.22\ref\net8.0\System.Net.WebSockets.dll".
             Reference found at search path location "{RawFileName}".
             This reference is not "CopyLocal" because at least one source item had "Private" set to "false" and no source items had "Private" set to "true".
         Primary reference "System.Net, Version=4.0.0.0, Culture=neutral, PublicKeyToken=b03f5f7f11d50a3a".
             Resolved file path is "C:\Program Files\dotnet\packs\Microsoft.NETCore.App.Ref\8.0.22\ref\net8.0\System.Net.dll".
             Reference found at search path location "{RawFileName}".
             This reference is not "CopyLocal" because at least one source item had "Private" set to "false" and no source items had "Private" set to "true".
         Unified primary reference "System.Numerics.Vectors, Version=8.0.0.0, Culture=neutral, PublicKeyToken=b03f5f7f11d50a3a".
             Using this version instead of original version "6.0.0.0" in "C:\Users\giris\.nuget\packages\microsoft.windowsappsdk.interactiveexperiences\1.8.251104001\lib\net6.0-windows10.0.18362.0\Microsoft.InteractiveExperiences.Projection.dll" because AutoUnify is 'true'.
             Using this version instead of original version "6.0.0.0" in "C:\Users\giris\.nuget\packages\microsoft.windowsappsdk.winui\1.8.251105000\lib\net6.0-windows10.0.17763.0\Microsoft.WinUI.dll" because AutoUnify is 'true'.
             Resolved file path is "C:\Program Files\dotnet\packs\Microsoft.NETCore.App.Ref\8.0.22\ref\net8.0\System.Numerics.Vectors.dll".
             Reference found at search path location "{RawFileName}".
             This reference is not "CopyLocal" because at least one source item had "Private" set to "false" and no source items had "Private" set to "true".
         Primary reference "System.Numerics, Version=4.0.0.0, Culture=neutral, PublicKeyToken=b77a5c561934e089".
             Resolved file path is "C:\Program Files\dotnet\packs\Microsoft.NETCore.App.Ref\8.0.22\ref\net8.0\System.Numerics.dll".
             Reference found at search path location "{RawFileName}".
             This reference is not "CopyLocal" because at least one source item had "Private" set to "false" and no source items had "Private" set to "true".
         Unified primary reference "System.ObjectModel, Version=8.0.0.0, Culture=neutral, PublicKeyToken=b03f5f7f11d50a3a".
             Using this version instead of original version "6.0.0.0" in "C:\Users\giris\.nuget\packages\microsoft.windowsappsdk.winui\1.8.251105000\lib\net6.0-windows10.0.17763.0\Microsoft.WinUI.dll" because AutoUnify is 'true'.
             Resolved file path is "C:\Program Files\dotnet\packs\Microsoft.NETCore.App.Ref\8.0.22\ref\net8.0\System.ObjectModel.dll".
             Reference found at search path location "{RawFileName}".
             This reference is not "CopyLocal" because at least one source item had "Private" set to "false" and no source items had "Private" set to "true".
         Primary reference "System.Reflection.DispatchProxy, Version=8.0.0.0, Culture=neutral, PublicKeyToken=b03f5f7f11d50a3a".
             Resolved file path is "C:\Program Files\dotnet\packs\Microsoft.NETCore.App.Ref\8.0.22\ref\net8.0\System.Reflection.DispatchProxy.dll".
             Reference found at search path location "{RawFileName}".
             This reference is not "CopyLocal" because at least one source item had "Private" set to "false" and no source items had "Private" set to "true".
         Primary reference "System.Reflection.Emit.ILGeneration, Version=8.0.0.0, Culture=neutral, PublicKeyToken=b03f5f7f11d50a3a".
             Resolved file path is "C:\Program Files\dotnet\packs\Microsoft.NETCore.App.Ref\8.0.22\ref\net8.0\System.Reflection.Emit.ILGeneration.dll".
             Reference found at search path location "{RawFileName}".
             This reference is not "CopyLocal" because at least one source item had "Private" set to "false" and no source items had "Private" set to "true".
         Primary reference "System.Reflection.Emit.Lightweight, Version=8.0.0.0, Culture=neutral, PublicKeyToken=b03f5f7f11d50a3a".
             Resolved file path is "C:\Program Files\dotnet\packs\Microsoft.NETCore.App.Ref\8.0.22\ref\net8.0\System.Reflection.Emit.Lightweight.dll".
             Reference found at search path location "{RawFileName}".
             This reference is not "CopyLocal" because at least one source item had "Private" set to "false" and no source items had "Private" set to "true".
         Primary reference "System.Reflection.Emit, Version=8.0.0.0, Culture=neutral, PublicKeyToken=b03f5f7f11d50a3a".
             Resolved file path is "C:\Program Files\dotnet\packs\Microsoft.NETCore.App.Ref\8.0.22\ref\net8.0\System.Reflection.Emit.dll".
             Reference found at search path location "{RawFileName}".
             This reference is not "CopyLocal" because at least one source item had "Private" set to "false" and no source items had "Private" set to "true".
         Primary reference "System.Reflection.Extensions, Version=8.0.0.0, Culture=neutral, PublicKeyToken=b03f5f7f11d50a3a".
             Resolved file path is "C:\Program Files\dotnet\packs\Microsoft.NETCore.App.Ref\8.0.22\ref\net8.0\System.Reflection.Extensions.dll".
             Reference found at search path location "{RawFileName}".
             This reference is not "CopyLocal" because at least one source item had "Private" set to "false" and no source items had "Private" set to "true".
         Primary reference "System.Reflection.Metadata, Version=8.0.0.0, Culture=neutral, PublicKeyToken=b03f5f7f11d50a3a".
             Resolved file path is "C:\Program Files\dotnet\packs\Microsoft.NETCore.App.Ref\8.0.22\ref\net8.0\System.Reflection.Metadata.dll".
             Reference found at search path location "{RawFileName}".
             This reference is not "CopyLocal" because at least one source item had "Private" set to "false" and no source items had "Private" set to "true".
         Primary reference "System.Reflection.Primitives, Version=8.0.0.0, Culture=neutral, PublicKeyToken=b03f5f7f11d50a3a".
             Resolved file path is "C:\Program Files\dotnet\packs\Microsoft.NETCore.App.Ref\8.0.22\ref\net8.0\System.Reflection.Primitives.dll".
             Reference found at search path location "{RawFileName}".
             This reference is not "CopyLocal" because at least one source item had "Private" set to "false" and no source items had "Private" set to "true".
         Primary reference "System.Reflection.TypeExtensions, Version=8.0.0.0, Culture=neutral, PublicKeyToken=b03f5f7f11d50a3a".
             Resolved file path is "C:\Program Files\dotnet\packs\Microsoft.NETCore.App.Ref\8.0.22\ref\net8.0\System.Reflection.TypeExtensions.dll".
             Reference found at search path location "{RawFileName}".
             This reference is not "CopyLocal" because at least one source item had "Private" set to "false" and no source items had "Private" set to "true".
         Primary reference "System.Reflection, Version=8.0.0.0, Culture=neutral, PublicKeyToken=b03f5f7f11d50a3a".
             Resolved file path is "C:\Program Files\dotnet\packs\Microsoft.NETCore.App.Ref\8.0.22\ref\net8.0\System.Reflection.dll".
             Reference found at search path location "{RawFileName}".
             This reference is not "CopyLocal" because at least one source item had "Private" set to "false" and no source items had "Private" set to "true".
         Primary reference "System.Resources.Reader, Version=8.0.0.0, Culture=neutral, PublicKeyToken=b03f5f7f11d50a3a".
             Resolved file path is "C:\Program Files\dotnet\packs\Microsoft.NETCore.App.Ref\8.0.22\ref\net8.0\System.Resources.Reader.dll".
             Reference found at search path location "{RawFileName}".
             This reference is not "CopyLocal" because at least one source item had "Private" set to "false" and no source items had "Private" set to "true".
         Primary reference "System.Resources.ResourceManager, Version=8.0.0.0, Culture=neutral, PublicKeyToken=b03f5f7f11d50a3a".
             Resolved file path is "C:\Program Files\dotnet\packs\Microsoft.NETCore.App.Ref\8.0.22\ref\net8.0\System.Resources.ResourceManager.dll".
             Reference found at search path location "{RawFileName}".
             This reference is not "CopyLocal" because at least one source item had "Private" set to "false" and no source items had "Private" set to "true".
         Primary reference "System.Resources.Writer, Version=8.0.0.0, Culture=neutral, PublicKeyToken=b03f5f7f11d50a3a".
             Resolved file path is "C:\Program Files\dotnet\packs\Microsoft.NETCore.App.Ref\8.0.22\ref\net8.0\System.Resources.Writer.dll".
             Reference found at search path location "{RawFileName}".
             This reference is not "CopyLocal" because at least one source item had "Private" set to "false" and no source items had "Private" set to "true".
         Unified primary reference "System.Runtime.CompilerServices.Unsafe, Version=8.0.0.0, Culture=neutral, PublicKeyToken=b03f5f7f11d50a3a".
             Using this version instead of original version "6.0.0.0" in "C:\Users\giris\.nuget\packages\microsoft.windowsappsdk.ai\1.8.39\lib\net6.0-windows10.0.17763.0\Microsoft.Graphics.Imaging.Projection.dll" because AutoUnify is 'true'.
             Using this version instead of original version "6.0.0.0" in "C:\Users\giris\.nuget\packages\microsoft.windowsappsdk.ai\1.8.39\lib\net6.0-windows10.0.17763.0\Microsoft.Windows.AI.ContentSafety.Projection.dll" because AutoUnify is 'true'.
             Using this version instead of original version "6.0.0.0" in "C:\Users\giris\.nuget\packages\microsoft.windowsappsdk.ai\1.8.39\lib\net6.0-windows10.0.17763.0\Microsoft.Windows.AI.Foundation.Projection.dll" because AutoUnify is 'true'.
             Using this version instead of original version "6.0.0.0" in "C:\Users\giris\.nuget\packages\microsoft.windowsappsdk.ai\1.8.39\lib\net6.0-windows10.0.17763.0\Microsoft.Windows.AI.Imaging.Projection.dll" because AutoUnify is 'true'.
             Using this version instead of original version "6.0.0.0" in "C:\Users\giris\.nuget\packages\microsoft.windowsappsdk.ai\1.8.39\lib\net6.0-windows10.0.17763.0\Microsoft.Windows.AI.Projection.dll" because AutoUnify is 'true'.
             Using this version instead of original version "6.0.0.0" in "C:\Users\giris\.nuget\packages\microsoft.windowsappsdk.ai\1.8.39\lib\net6.0-windows10.0.17763.0\Microsoft.Windows.AI.Text.Projection.dll" because AutoUnify is 'true'.
             Using this version instead of original version "6.0.0.0" in "C:\Users\giris\.nuget\packages\microsoft.windowsappsdk.foundation\1.8.251104000\lib\net6.0-windows10.0.17763.0\Microsoft.Security.Authentication.OAuth.Projection.dll" because AutoUnify is 'true'.
             Using this version instead of original version "6.0.0.0" in "C:\Users\giris\.nuget\packages\microsoft.windowsappsdk.foundation\1.8.251104000\lib\net6.0-windows10.0.17763.0\Microsoft.Windows.AppLifecycle.Projection.dll" because AutoUnify is 'true'.
             Using this version instead of original version "6.0.0.0" in "C:\Users\giris\.nuget\packages\microsoft.windowsappsdk.foundation\1.8.251104000\lib\net6.0-windows10.0.17763.0\Microsoft.Windows.AppNotifications.Builder.Projection.dll" because AutoUnify is 'true'.
             Using this version instead of original version "6.0.0.0" in "C:\Users\giris\.nuget\packages\microsoft.windowsappsdk.foundation\1.8.251104000\lib\net6.0-windows10.0.17763.0\Microsoft.Windows.AppNotifications.Projection.dll" because AutoUnify is 'true'.
             Using this version instead of original version "6.0.0.0" in "C:\Users\giris\.nuget\packages\microsoft.windowsappsdk.foundation\1.8.251104000\lib\net6.0-windows10.0.17763.0\Microsoft.Windows.ApplicationModel.Background.Projection.dll" because AutoUnify is 'true'.
             Using this version instead of original version "6.0.0.0" in "C:\Users\giris\.nuget\packages\microsoft.windowsappsdk.foundation\1.8.251104000\lib\net6.0-windows10.0.17763.0\Microsoft.Windows.ApplicationModel.DynamicDependency.Projection.dll" because AutoUnify is 'true'.
             Using this version instead of original version "6.0.0.0" in "C:\Users\giris\.nuget\packages\microsoft.windowsappsdk.foundation\1.8.251104000\lib\net6.0-windows10.0.17763.0\Microsoft.Windows.ApplicationModel.Resources.Projection.dll" because AutoUnify is 'true'.
             Using this version instead of original version "6.0.0.0" in "C:\Users\giris\.nuget\packages\microsoft.windowsappsdk.foundation\1.8.251104000\lib\net6.0-windows10.0.17763.0\Microsoft.Windows.ApplicationModel.WindowsAppRuntime.Projection.dll" because AutoUnify is 'true'.
             Using this version instead of original version "6.0.0.0" in "C:\Users\giris\.nuget\packages\microsoft.windowsappsdk.foundation\1.8.251104000\lib\net6.0-windows10.0.17763.0\Microsoft.Windows.BadgeNotifications.Projection.dll" because AutoUnify is 'true'.
             Using this version instead of original version "6.0.0.0" in "C:\Users\giris\.nuget\packages\microsoft.windowsappsdk.foundation\1.8.251104000\lib\net6.0-windows10.0.17763.0\Microsoft.Windows.Foundation.Projection.dll" because AutoUnify is 'true'.
             Using this version instead of original version "6.0.0.0" in "C:\Users\giris\.nuget\packages\microsoft.windowsappsdk.foundation\1.8.251104000\lib\net6.0-windows10.0.17763.0\Microsoft.Windows.Management.Deployment.Projection.dll" because AutoUnify is 'true'.
             Using this version instead of original version "6.0.0.0" in "C:\Users\giris\.nuget\packages\microsoft.windowsappsdk.foundation\1.8.251104000\lib\net6.0-windows10.0.17763.0\Microsoft.Windows.Media.Capture.Projection.dll" because AutoUnify is 'true'.
             Using this version instead of original version "6.0.0.0" in "C:\Users\giris\.nuget\packages\microsoft.windowsappsdk.foundation\1.8.251104000\lib\net6.0-windows10.0.17763.0\Microsoft.Windows.PushNotifications.Projection.dll" because AutoUnify is 'true'.
             Using this version instead of original version "6.0.0.0" in "C:\Users\giris\.nuget\packages\microsoft.windowsappsdk.foundation\1.8.251104000\lib\net6.0-windows10.0.17763.0\Microsoft.Windows.Security.AccessControl.Projection.dll" because AutoUnify is 'true'.
             Using this version instead of original version "6.0.0.0" in "C:\Users\giris\.nuget\packages\microsoft.windowsappsdk.foundation\1.8.251104000\lib\net6.0-windows10.0.17763.0\Microsoft.Windows.Storage.Pickers.Projection.dll" because AutoUnify is 'true'.
             Using this version instead of original version "6.0.0.0" in "C:\Users\giris\.nuget\packages\microsoft.windowsappsdk.foundation\1.8.251104000\lib\net6.0-windows10.0.17763.0\Microsoft.Windows.Storage.Projection.dll" because AutoUnify is 'true'.
             Using this version instead of original version "6.0.0.0" in "C:\Users\giris\.nuget\packages\microsoft.windowsappsdk.foundation\1.8.251104000\lib\net6.0-windows10.0.17763.0\Microsoft.Windows.System.Power.Projection.dll" because AutoUnify is 'true'.
             Using this version instead of original version "6.0.0.0" in "C:\Users\giris\.nuget\packages\microsoft.windowsappsdk.foundation\1.8.251104000\lib\net6.0-windows10.0.17763.0\Microsoft.Windows.System.Projection.dll" because AutoUnify is 'true'.
             Using this version instead of original version "6.0.0.0" in "C:\Users\giris\.nuget\packages\microsoft.windowsappsdk.interactiveexperiences\1.8.251104001\lib\net6.0-windows10.0.18362.0\Microsoft.InteractiveExperiences.Projection.dll" because AutoUnify is 'true'.
             Using this version instead of original version "6.0.0.0" in "C:\Users\giris\.nuget\packages\microsoft.windowsappsdk.ml\1.8.2109\lib\net8.0-windows10.0.17763.0\Microsoft.Windows.AI.MachineLearning.Projection.dll" because AutoUnify is 'true'.
             Using this version instead of original version "6.0.0.0" in "C:\Users\giris\.nuget\packages\microsoft.windowsappsdk.widgets\1.8.250904007\lib\net6.0-windows10.0.17763.0\Microsoft.Windows.Widgets.Projection.dll" because AutoUnify is 'true'.
             Using this version instead of original version "6.0.0.0" in "C:\Users\giris\.nuget\packages\microsoft.windowsappsdk.winui\1.8.251105000\lib\net6.0-windows10.0.17763.0\Microsoft.WinUI.dll" because AutoUnify is 'true'.
             Resolved file path is "C:\Program Files\dotnet\packs\Microsoft.NETCore.App.Ref\8.0.22\ref\net8.0\System.Runtime.CompilerServices.Unsafe.dll".
             Reference found at search path location "{RawFileName}".
             This reference is not "CopyLocal" because at least one source item had "Private" set to "false" and no source items had "Private" set to "true".
         Primary reference "System.Runtime.CompilerServices.VisualC, Version=8.0.0.0, Culture=neutral, PublicKeyToken=b03f5f7f11d50a3a".
             Resolved file path is "C:\Program Files\dotnet\packs\Microsoft.NETCore.App.Ref\8.0.22\ref\net8.0\System.Runtime.CompilerServices.VisualC.dll".
             Reference found at search path location "{RawFileName}".
             This reference is not "CopyLocal" because at least one source item had "Private" set to "false" and no source items had "Private" set to "true".
         Primary reference "System.Runtime.Extensions, Version=8.0.0.0, Culture=neutral, PublicKeyToken=b03f5f7f11d50a3a".
             Resolved file path is "C:\Program Files\dotnet\packs\Microsoft.NETCore.App.Ref\8.0.22\ref\net8.0\System.Runtime.Extensions.dll".
             Reference found at search path location "{RawFileName}".
             This reference is not "CopyLocal" because at least one source item had "Private" set to "false" and no source items had "Private" set to "true".
         Primary reference "System.Runtime.Handles, Version=8.0.0.0, Culture=neutral, PublicKeyToken=b03f5f7f11d50a3a".
             Resolved file path is "C:\Program Files\dotnet\packs\Microsoft.NETCore.App.Ref\8.0.22\ref\net8.0\System.Runtime.Handles.dll".
             Reference found at search path location "{RawFileName}".
             This reference is not "CopyLocal" because at least one source item had "Private" set to "false" and no source items had "Private" set to "true".
         Primary reference "System.Runtime.InteropServices.JavaScript, Version=8.0.0.0, Culture=neutral, PublicKeyToken=b03f5f7f11d50a3a".
             Resolved file path is "C:\Program Files\dotnet\packs\Microsoft.NETCore.App.Ref\8.0.22\ref\net8.0\System.Runtime.InteropServices.JavaScript.dll".
             Reference found at search path location "{RawFileName}".
             This reference is not "CopyLocal" because at least one source item had "Private" set to "false" and no source items had "Private" set to "true".
         Primary reference "System.Runtime.InteropServices.RuntimeInformation, Version=8.0.0.0, Culture=neutral, PublicKeyToken=b03f5f7f11d50a3a".
             Resolved file path is "C:\Program Files\dotnet\packs\Microsoft.NETCore.App.Ref\8.0.22\ref\net8.0\System.Runtime.InteropServices.RuntimeInformation.dll".
             Reference found at search path location "{RawFileName}".
             This reference is not "CopyLocal" because at least one source item had "Private" set to "false" and no source items had "Private" set to "true".
         Unified primary reference "System.Runtime.InteropServices, Version=8.0.0.0, Culture=neutral, PublicKeyToken=b03f5f7f11d50a3a".
             Using this version instead of original version "6.0.0.0" in "C:\Users\giris\.nuget\packages\microsoft.windowsappsdk.ai\1.8.39\lib\net6.0-windows10.0.17763.0\Microsoft.Graphics.Imaging.Projection.dll" because AutoUnify is 'true'.
             Using this version instead of original version "6.0.0.0" in "C:\Users\giris\.nuget\packages\microsoft.windowsappsdk.ai\1.8.39\lib\net6.0-windows10.0.17763.0\Microsoft.Windows.AI.ContentSafety.Projection.dll" because AutoUnify is 'true'.
             Using this version instead of original version "6.0.0.0" in "C:\Users\giris\.nuget\packages\microsoft.windowsappsdk.ai\1.8.39\lib\net6.0-windows10.0.17763.0\Microsoft.Windows.AI.Foundation.Projection.dll" because AutoUnify is 'true'.
             Using this version instead of original version "6.0.0.0" in "C:\Users\giris\.nuget\packages\microsoft.windowsappsdk.ai\1.8.39\lib\net6.0-windows10.0.17763.0\Microsoft.Windows.AI.Imaging.Projection.dll" because AutoUnify is 'true'.
             Using this version instead of original version "6.0.0.0" in "C:\Users\giris\.nuget\packages\microsoft.windowsappsdk.ai\1.8.39\lib\net6.0-windows10.0.17763.0\Microsoft.Windows.AI.Projection.dll" because AutoUnify is 'true'.
             Using this version instead of original version "6.0.0.0" in "C:\Users\giris\.nuget\packages\microsoft.windowsappsdk.ai\1.8.39\lib\net6.0-windows10.0.17763.0\Microsoft.Windows.AI.Text.Projection.dll" because AutoUnify is 'true'.
             Using this version instead of original version "6.0.0.0" in "C:\Users\giris\.nuget\packages\microsoft.windowsappsdk.foundation\1.8.251104000\lib\net6.0-windows10.0.17763.0\Microsoft.Security.Authentication.OAuth.Projection.dll" because AutoUnify is 'true'.
             Using this version instead of original version "6.0.0.0" in "C:\Users\giris\.nuget\packages\microsoft.windowsappsdk.foundation\1.8.251104000\lib\net6.0-windows10.0.17763.0\Microsoft.Windows.AppLifecycle.Projection.dll" because AutoUnify is 'true'.
             Using this version instead of original version "6.0.0.0" in "C:\Users\giris\.nuget\packages\microsoft.windowsappsdk.foundation\1.8.251104000\lib\net6.0-windows10.0.17763.0\Microsoft.Windows.AppNotifications.Builder.Projection.dll" because AutoUnify is 'true'.
             Using this version instead of original version "6.0.0.0" in "C:\Users\giris\.nuget\packages\microsoft.windowsappsdk.foundation\1.8.251104000\lib\net6.0-windows10.0.17763.0\Microsoft.Windows.AppNotifications.Projection.dll" because AutoUnify is 'true'.
             Using this version instead of original version "6.0.0.0" in "C:\Users\giris\.nuget\packages\microsoft.windowsappsdk.foundation\1.8.251104000\lib\net6.0-windows10.0.17763.0\Microsoft.Windows.ApplicationModel.Background.Projection.dll" because AutoUnify is 'true'.
             Using this version instead of original version "6.0.0.0" in "C:\Users\giris\.nuget\packages\microsoft.windowsappsdk.foundation\1.8.251104000\lib\net6.0-windows10.0.17763.0\Microsoft.Windows.ApplicationModel.DynamicDependency.Projection.dll" because AutoUnify is 'true'.
             Using this version instead of original version "6.0.0.0" in "C:\Users\giris\.nuget\packages\microsoft.windowsappsdk.foundation\1.8.251104000\lib\net6.0-windows10.0.17763.0\Microsoft.Windows.ApplicationModel.Resources.Projection.dll" because AutoUnify is 'true'.
             Using this version instead of original version "6.0.0.0" in "C:\Users\giris\.nuget\packages\microsoft.windowsappsdk.foundation\1.8.251104000\lib\net6.0-windows10.0.17763.0\Microsoft.Windows.ApplicationModel.WindowsAppRuntime.Projection.dll" because AutoUnify is 'true'.
             Using this version instead of original version "6.0.0.0" in "C:\Users\giris\.nuget\packages\microsoft.windowsappsdk.foundation\1.8.251104000\lib\net6.0-windows10.0.17763.0\Microsoft.Windows.BadgeNotifications.Projection.dll" because AutoUnify is 'true'.
             Using this version instead of original version "6.0.0.0" in "C:\Users\giris\.nuget\packages\microsoft.windowsappsdk.foundation\1.8.251104000\lib\net6.0-windows10.0.17763.0\Microsoft.Windows.Foundation.Projection.dll" because AutoUnify is 'true'.
             Using this version instead of original version "6.0.0.0" in "C:\Users\giris\.nuget\packages\microsoft.windowsappsdk.foundation\1.8.251104000\lib\net6.0-windows10.0.17763.0\Microsoft.Windows.Management.Deployment.Projection.dll" because AutoUnify is 'true'.
             Using this version instead of original version "6.0.0.0" in "C:\Users\giris\.nuget\packages\microsoft.windowsappsdk.foundation\1.8.251104000\lib\net6.0-windows10.0.17763.0\Microsoft.Windows.Media.Capture.Projection.dll" because AutoUnify is 'true'.
             Using this version instead of original version "6.0.0.0" in "C:\Users\giris\.nuget\packages\microsoft.windowsappsdk.foundation\1.8.251104000\lib\net6.0-windows10.0.17763.0\Microsoft.Windows.PushNotifications.Projection.dll" because AutoUnify is 'true'.
             Using this version instead of original version "6.0.0.0" in "C:\Users\giris\.nuget\packages\microsoft.windowsappsdk.foundation\1.8.251104000\lib\net6.0-windows10.0.17763.0\Microsoft.Windows.Security.AccessControl.Projection.dll" because AutoUnify is 'true'.
             Using this version instead of original version "6.0.0.0" in "C:\Users\giris\.nuget\packages\microsoft.windowsappsdk.foundation\1.8.251104000\lib\net6.0-windows10.0.17763.0\Microsoft.Windows.Storage.Pickers.Projection.dll" because AutoUnify is 'true'.
             Using this version instead of original version "6.0.0.0" in "C:\Users\giris\.nuget\packages\microsoft.windowsappsdk.foundation\1.8.251104000\lib\net6.0-windows10.0.17763.0\Microsoft.Windows.Storage.Projection.dll" because AutoUnify is 'true'.
             Using this version instead of original version "6.0.0.0" in "C:\Users\giris\.nuget\packages\microsoft.windowsappsdk.foundation\1.8.251104000\lib\net6.0-windows10.0.17763.0\Microsoft.Windows.System.Power.Projection.dll" because AutoUnify is 'true'.
             Using this version instead of original version "6.0.0.0" in "C:\Users\giris\.nuget\packages\microsoft.windowsappsdk.foundation\1.8.251104000\lib\net6.0-windows10.0.17763.0\Microsoft.Windows.System.Projection.dll" because AutoUnify is 'true'.
             Using this version instead of original version "6.0.0.0" in "C:\Users\giris\.nuget\packages\microsoft.windowsappsdk.interactiveexperiences\1.8.251104001\lib\net6.0-windows10.0.18362.0\Microsoft.InteractiveExperiences.Projection.dll" because AutoUnify is 'true'.
             Using this version instead of original version "6.0.0.0" in "C:\Users\giris\.nuget\packages\microsoft.windowsappsdk.ml\1.8.2109\lib\net8.0-windows10.0.17763.0\Microsoft.Windows.AI.MachineLearning.Projection.dll" because AutoUnify is 'true'.
             Using this version instead of original version "6.0.0.0" in "C:\Users\giris\.nuget\packages\microsoft.windowsappsdk.widgets\1.8.250904007\lib\net6.0-windows10.0.17763.0\Microsoft.Windows.Widgets.Projection.dll" because AutoUnify is 'true'.
             Using this version instead of original version "6.0.0.0" in "C:\Users\giris\.nuget\packages\microsoft.windowsappsdk.winui\1.8.251105000\lib\net6.0-windows10.0.17763.0\Microsoft.WinUI.dll" because AutoUnify is 'true'.
             Resolved file path is "C:\Program Files\dotnet\packs\Microsoft.NETCore.App.Ref\8.0.22\ref\net8.0\System.Runtime.InteropServices.dll".
             Reference found at search path location "{RawFileName}".
             This reference is not "CopyLocal" because at least one source item had "Private" set to "false" and no source items had "Private" set to "true".
         Primary reference "System.Runtime.Intrinsics, Version=8.0.0.0, Culture=neutral, PublicKeyToken=cc7b13ffcd2ddd51".
             Resolved file path is "C:\Program Files\dotnet\packs\Microsoft.NETCore.App.Ref\8.0.22\ref\net8.0\System.Runtime.Intrinsics.dll".
             Reference found at search path location "{RawFileName}".
             This reference is not "CopyLocal" because at least one source item had "Private" set to "false" and no source items had "Private" set to "true".
         Primary reference "System.Runtime.Loader, Version=8.0.0.0, Culture=neutral, PublicKeyToken=b03f5f7f11d50a3a".
             Resolved file path is "C:\Program Files\dotnet\packs\Microsoft.NETCore.App.Ref\8.0.22\ref\net8.0\System.Runtime.Loader.dll".
             Reference found at search path location "{RawFileName}".
             This reference is not "CopyLocal" because at least one source item had "Private" set to "false" and no source items had "Private" set to "true".
         Primary reference "System.Runtime.Numerics, Version=8.0.0.0, Culture=neutral, PublicKeyToken=b03f5f7f11d50a3a".
             Resolved file path is "C:\Program Files\dotnet\packs\Microsoft.NETCore.App.Ref\8.0.22\ref\net8.0\System.Runtime.Numerics.dll".
             Reference found at search path location "{RawFileName}".
             This reference is not "CopyLocal" because at least one source item had "Private" set to "false" and no source items had "Private" set to "true".
         Primary reference "System.Runtime.Serialization.Formatters, Version=8.0.0.0, Culture=neutral, PublicKeyToken=b03f5f7f11d50a3a".
             Resolved file path is "C:\Program Files\dotnet\packs\Microsoft.NETCore.App.Ref\8.0.22\ref\net8.0\System.Runtime.Serialization.Formatters.dll".
             Reference found at search path location "{RawFileName}".
             This reference is not "CopyLocal" because at least one source item had "Private" set to "false" and no source items had "Private" set to "true".
         Primary reference "System.Runtime.Serialization.Json, Version=8.0.0.0, Culture=neutral, PublicKeyToken=b03f5f7f11d50a3a".
             Resolved file path is "C:\Program Files\dotnet\packs\Microsoft.NETCore.App.Ref\8.0.22\ref\net8.0\System.Runtime.Serialization.Json.dll".
             Reference found at search path location "{RawFileName}".
             This reference is not "CopyLocal" because at least one source item had "Private" set to "false" and no source items had "Private" set to "true".
         Primary reference "System.Runtime.Serialization.Primitives, Version=8.0.0.0, Culture=neutral, PublicKeyToken=b03f5f7f11d50a3a".
             Resolved file path is "C:\Program Files\dotnet\packs\Microsoft.NETCore.App.Ref\8.0.22\ref\net8.0\System.Runtime.Serialization.Primitives.dll".
             Reference found at search path location "{RawFileName}".
             This reference is not "CopyLocal" because at least one source item had "Private" set to "false" and no source items had "Private" set to "true".
         Primary reference "System.Runtime.Serialization.Xml, Version=8.0.0.0, Culture=neutral, PublicKeyToken=b03f5f7f11d50a3a".
             Resolved file path is "C:\Program Files\dotnet\packs\Microsoft.NETCore.App.Ref\8.0.22\ref\net8.0\System.Runtime.Serialization.Xml.dll".
             Reference found at search path location "{RawFileName}".
             This reference is not "CopyLocal" because at least one source item had "Private" set to "false" and no source items had "Private" set to "true".
         Primary reference "System.Runtime.Serialization, Version=4.0.0.0, Culture=neutral, PublicKeyToken=b77a5c561934e089".
             Resolved file path is "C:\Program Files\dotnet\packs\Microsoft.NETCore.App.Ref\8.0.22\ref\net8.0\System.Runtime.Serialization.dll".
             Reference found at search path location "{RawFileName}".
             This reference is not "CopyLocal" because at least one source item had "Private" set to "false" and no source items had "Private" set to "true".
         Unified primary reference "System.Runtime, Version=8.0.0.0, Culture=neutral, PublicKeyToken=b03f5f7f11d50a3a".
             Using this version instead of original version "6.0.0.0" in "C:\Users\giris\.nuget\packages\mediatr\12.2.0\lib\net6.0\MediatR.dll" because AutoUnify is 'true'.
             Using this version instead of original version "6.0.0.0" in "C:\Users\giris\.nuget\packages\microsoft.windowsappsdk.ai\1.8.39\lib\net6.0-windows10.0.17763.0\Microsoft.Graphics.Imaging.Projection.dll" because AutoUnify is 'true'.
             Using this version instead of original version "6.0.0.0" in "C:\Users\giris\.nuget\packages\microsoft.windowsappsdk.ai\1.8.39\lib\net6.0-windows10.0.17763.0\Microsoft.Windows.AI.ContentSafety.Projection.dll" because AutoUnify is 'true'.
             Using this version instead of original version "6.0.0.0" in "C:\Users\giris\.nuget\packages\microsoft.windowsappsdk.ai\1.8.39\lib\net6.0-windows10.0.17763.0\Microsoft.Windows.AI.Foundation.Projection.dll" because AutoUnify is 'true'.
             Using this version instead of original version "6.0.0.0" in "C:\Users\giris\.nuget\packages\microsoft.windowsappsdk.ai\1.8.39\lib\net6.0-windows10.0.17763.0\Microsoft.Windows.AI.Imaging.Projection.dll" because AutoUnify is 'true'.
             Using this version instead of original version "6.0.0.0" in "C:\Users\giris\.nuget\packages\microsoft.windowsappsdk.ai\1.8.39\lib\net6.0-windows10.0.17763.0\Microsoft.Windows.AI.Projection.dll" because AutoUnify is 'true'.
             Using this version instead of original version "6.0.0.0" in "C:\Users\giris\.nuget\packages\microsoft.windowsappsdk.ai\1.8.39\lib\net6.0-windows10.0.17763.0\Microsoft.Windows.AI.Text.Projection.dll" because AutoUnify is 'true'.
             Using this version instead of original version "6.0.0.0" in "C:\Users\giris\.nuget\packages\microsoft.windowsappsdk.foundation\1.8.251104000\lib\net6.0-windows10.0.17763.0\Microsoft.Security.Authentication.OAuth.Projection.dll" because AutoUnify is 'true'.
             Using this version instead of original version "6.0.0.0" in "C:\Users\giris\.nuget\packages\microsoft.windowsappsdk.foundation\1.8.251104000\lib\net6.0-windows10.0.17763.0\Microsoft.Windows.AppLifecycle.Projection.dll" because AutoUnify is 'true'.
             Using this version instead of original version "6.0.0.0" in "C:\Users\giris\.nuget\packages\microsoft.windowsappsdk.foundation\1.8.251104000\lib\net6.0-windows10.0.17763.0\Microsoft.Windows.AppNotifications.Builder.Projection.dll" because AutoUnify is 'true'.
             Using this version instead of original version "6.0.0.0" in "C:\Users\giris\.nuget\packages\microsoft.windowsappsdk.foundation\1.8.251104000\lib\net6.0-windows10.0.17763.0\Microsoft.Windows.AppNotifications.Projection.dll" because AutoUnify is 'true'.
             Using this version instead of original version "6.0.0.0" in "C:\Users\giris\.nuget\packages\microsoft.windowsappsdk.foundation\1.8.251104000\lib\net6.0-windows10.0.17763.0\Microsoft.Windows.ApplicationModel.Background.Projection.dll" because AutoUnify is 'true'.
             Using this version instead of original version "6.0.0.0" in "C:\Users\giris\.nuget\packages\microsoft.windowsappsdk.foundation\1.8.251104000\lib\net6.0-windows10.0.17763.0\Microsoft.Windows.ApplicationModel.DynamicDependency.Projection.dll" because AutoUnify is 'true'.
             Using this version instead of original version "6.0.0.0" in "C:\Users\giris\.nuget\packages\microsoft.windowsappsdk.foundation\1.8.251104000\lib\net6.0-windows10.0.17763.0\Microsoft.Windows.ApplicationModel.Resources.Projection.dll" because AutoUnify is 'true'.
             Using this version instead of original version "6.0.0.0" in "C:\Users\giris\.nuget\packages\microsoft.windowsappsdk.foundation\1.8.251104000\lib\net6.0-windows10.0.17763.0\Microsoft.Windows.ApplicationModel.WindowsAppRuntime.Projection.dll" because AutoUnify is 'true'.
             Using this version instead of original version "6.0.0.0" in "C:\Users\giris\.nuget\packages\microsoft.windowsappsdk.foundation\1.8.251104000\lib\net6.0-windows10.0.17763.0\Microsoft.Windows.BadgeNotifications.Projection.dll" because AutoUnify is 'true'.
             Using this version instead of original version "6.0.0.0" in "C:\Users\giris\.nuget\packages\microsoft.windowsappsdk.foundation\1.8.251104000\lib\net6.0-windows10.0.17763.0\Microsoft.Windows.Foundation.Projection.dll" because AutoUnify is 'true'.
             Using this version instead of original version "6.0.0.0" in "C:\Users\giris\.nuget\packages\microsoft.windowsappsdk.foundation\1.8.251104000\lib\net6.0-windows10.0.17763.0\Microsoft.Windows.Management.Deployment.Projection.dll" because AutoUnify is 'true'.
             Using this version instead of original version "6.0.0.0" in "C:\Users\giris\.nuget\packages\microsoft.windowsappsdk.foundation\1.8.251104000\lib\net6.0-windows10.0.17763.0\Microsoft.Windows.Media.Capture.Projection.dll" because AutoUnify is 'true'.
             Using this version instead of original version "6.0.0.0" in "C:\Users\giris\.nuget\packages\microsoft.windowsappsdk.foundation\1.8.251104000\lib\net6.0-windows10.0.17763.0\Microsoft.Windows.PushNotifications.Projection.dll" because AutoUnify is 'true'.
             Using this version instead of original version "6.0.0.0" in "C:\Users\giris\.nuget\packages\microsoft.windowsappsdk.foundation\1.8.251104000\lib\net6.0-windows10.0.17763.0\Microsoft.Windows.Security.AccessControl.Projection.dll" because AutoUnify is 'true'.
             Using this version instead of original version "6.0.0.0" in "C:\Users\giris\.nuget\packages\microsoft.windowsappsdk.foundation\1.8.251104000\lib\net6.0-windows10.0.17763.0\Microsoft.Windows.Storage.Pickers.Projection.dll" because AutoUnify is 'true'.
             Using this version instead of original version "6.0.0.0" in "C:\Users\giris\.nuget\packages\microsoft.windowsappsdk.foundation\1.8.251104000\lib\net6.0-windows10.0.17763.0\Microsoft.Windows.Storage.Projection.dll" because AutoUnify is 'true'.
             Using this version instead of original version "6.0.0.0" in "C:\Users\giris\.nuget\packages\microsoft.windowsappsdk.foundation\1.8.251104000\lib\net6.0-windows10.0.17763.0\Microsoft.Windows.System.Power.Projection.dll" because AutoUnify is 'true'.
             Using this version instead of original version "6.0.0.0" in "C:\Users\giris\.nuget\packages\microsoft.windowsappsdk.foundation\1.8.251104000\lib\net6.0-windows10.0.17763.0\Microsoft.Windows.System.Projection.dll" because AutoUnify is 'true'.
             Using this version instead of original version "6.0.0.0" in "C:\Users\giris\.nuget\packages\microsoft.windowsappsdk.foundation\1.8.251104000\lib\net6.0-windows10.0.17763.0\Microsoft.WindowsAppRuntime.Bootstrap.Net.dll" because AutoUnify is 'true'.
             Using this version instead of original version "6.0.0.0" in "C:\Users\giris\.nuget\packages\microsoft.windowsappsdk.interactiveexperiences\1.8.251104001\lib\net6.0-windows10.0.18362.0\Microsoft.InteractiveExperiences.Projection.dll" because AutoUnify is 'true'.
             Using this version instead of original version "6.0.0.0" in "C:\Users\giris\.nuget\packages\microsoft.windowsappsdk.ml\1.8.2109\lib\net8.0-windows10.0.17763.0\Microsoft.Windows.AI.MachineLearning.Projection.dll" because AutoUnify is 'true'.
             Using this version instead of original version "6.0.0.0" in "C:\Users\giris\.nuget\packages\microsoft.windowsappsdk.widgets\1.8.250904007\lib\net6.0-windows10.0.17763.0\Microsoft.Windows.Widgets.Projection.dll" because AutoUnify is 'true'.
             Using this version instead of original version "6.0.0.0" in "C:\Users\giris\.nuget\packages\microsoft.windowsappsdk.winui\1.8.251105000\lib\net6.0-windows10.0.17763.0\Microsoft.WinUI.dll" because AutoUnify is 'true'.
             Resolved file path is "C:\Program Files\dotnet\packs\Microsoft.NETCore.App.Ref\8.0.22\ref\net8.0\System.Runtime.dll".
             Reference found at search path location "{RawFileName}".
             This reference is not "CopyLocal" because at least one source item had "Private" set to "false" and no source items had "Private" set to "true".
         Primary reference "System.Security.AccessControl, Version=8.0.0.0, Culture=neutral, PublicKeyToken=b03f5f7f11d50a3a".
             Resolved file path is "C:\Program Files\dotnet\packs\Microsoft.NETCore.App.Ref\8.0.22\ref\net8.0\System.Security.AccessControl.dll".
             Reference found at search path location "{RawFileName}".
             This reference is not "CopyLocal" because at least one source item had "Private" set to "false" and no source items had "Private" set to "true".
         Primary reference "System.Security.Claims, Version=8.0.0.0, Culture=neutral, PublicKeyToken=b03f5f7f11d50a3a".
             Resolved file path is "C:\Program Files\dotnet\packs\Microsoft.NETCore.App.Ref\8.0.22\ref\net8.0\System.Security.Claims.dll".
             Reference found at search path location "{RawFileName}".
             This reference is not "CopyLocal" because at least one source item had "Private" set to "false" and no source items had "Private" set to "true".
         Primary reference "System.Security.Cryptography.Algorithms, Version=8.0.0.0, Culture=neutral, PublicKeyToken=b03f5f7f11d50a3a".
             Resolved file path is "C:\Program Files\dotnet\packs\Microsoft.NETCore.App.Ref\8.0.22\ref\net8.0\System.Security.Cryptography.Algorithms.dll".
             Reference found at search path location "{RawFileName}".
             This reference is not "CopyLocal" because at least one source item had "Private" set to "false" and no source items had "Private" set to "true".
         Primary reference "System.Security.Cryptography.Cng, Version=8.0.0.0, Culture=neutral, PublicKeyToken=b03f5f7f11d50a3a".
             Resolved file path is "C:\Program Files\dotnet\packs\Microsoft.NETCore.App.Ref\8.0.22\ref\net8.0\System.Security.Cryptography.Cng.dll".
             Reference found at search path location "{RawFileName}".
             This reference is not "CopyLocal" because at least one source item had "Private" set to "false" and no source items had "Private" set to "true".
         Primary reference "System.Security.Cryptography.Csp, Version=8.0.0.0, Culture=neutral, PublicKeyToken=b03f5f7f11d50a3a".
             Resolved file path is "C:\Program Files\dotnet\packs\Microsoft.NETCore.App.Ref\8.0.22\ref\net8.0\System.Security.Cryptography.Csp.dll".
             Reference found at search path location "{RawFileName}".
             This reference is not "CopyLocal" because at least one source item had "Private" set to "false" and no source items had "Private" set to "true".
         Primary reference "System.Security.Cryptography.Encoding, Version=8.0.0.0, Culture=neutral, PublicKeyToken=b03f5f7f11d50a3a".
             Resolved file path is "C:\Program Files\dotnet\packs\Microsoft.NETCore.App.Ref\8.0.22\ref\net8.0\System.Security.Cryptography.Encoding.dll".
             Reference found at search path location "{RawFileName}".
             This reference is not "CopyLocal" because at least one source item had "Private" set to "false" and no source items had "Private" set to "true".
         Primary reference "System.Security.Cryptography.OpenSsl, Version=8.0.0.0, Culture=neutral, PublicKeyToken=b03f5f7f11d50a3a".
             Resolved file path is "C:\Program Files\dotnet\packs\Microsoft.NETCore.App.Ref\8.0.22\ref\net8.0\System.Security.Cryptography.OpenSsl.dll".
             Reference found at search path location "{RawFileName}".
             This reference is not "CopyLocal" because at least one source item had "Private" set to "false" and no source items had "Private" set to "true".
         Primary reference "System.Security.Cryptography.Primitives, Version=8.0.0.0, Culture=neutral, PublicKeyToken=b03f5f7f11d50a3a".
             Resolved file path is "C:\Program Files\dotnet\packs\Microsoft.NETCore.App.Ref\8.0.22\ref\net8.0\System.Security.Cryptography.Primitives.dll".
             Reference found at search path location "{RawFileName}".
             This reference is not "CopyLocal" because at least one source item had "Private" set to "false" and no source items had "Private" set to "true".
         Primary reference "System.Security.Cryptography.X509Certificates, Version=8.0.0.0, Culture=neutral, PublicKeyToken=b03f5f7f11d50a3a".
             Resolved file path is "C:\Program Files\dotnet\packs\Microsoft.NETCore.App.Ref\8.0.22\ref\net8.0\System.Security.Cryptography.X509Certificates.dll".
             Reference found at search path location "{RawFileName}".
             This reference is not "CopyLocal" because at least one source item had "Private" set to "false" and no source items had "Private" set to "true".
         Primary reference "System.Security.Cryptography, Version=8.0.0.0, Culture=neutral, PublicKeyToken=b03f5f7f11d50a3a".
             Resolved file path is "C:\Program Files\dotnet\packs\Microsoft.NETCore.App.Ref\8.0.22\ref\net8.0\System.Security.Cryptography.dll".
             Reference found at search path location "{RawFileName}".
             This reference is not "CopyLocal" because at least one source item had "Private" set to "false" and no source items had "Private" set to "true".
         Primary reference "System.Security.Principal.Windows, Version=8.0.0.0, Culture=neutral, PublicKeyToken=b03f5f7f11d50a3a".
             Resolved file path is "C:\Program Files\dotnet\packs\Microsoft.NETCore.App.Ref\8.0.22\ref\net8.0\System.Security.Principal.Windows.dll".
             Reference found at search path location "{RawFileName}".
             This reference is not "CopyLocal" because at least one source item had "Private" set to "false" and no source items had "Private" set to "true".
         Primary reference "System.Security.Principal, Version=8.0.0.0, Culture=neutral, PublicKeyToken=b03f5f7f11d50a3a".
             Resolved file path is "C:\Program Files\dotnet\packs\Microsoft.NETCore.App.Ref\8.0.22\ref\net8.0\System.Security.Principal.dll".
             Reference found at search path location "{RawFileName}".
             This reference is not "CopyLocal" because at least one source item had "Private" set to "false" and no source items had "Private" set to "true".
         Primary reference "System.Security.SecureString, Version=8.0.0.0, Culture=neutral, PublicKeyToken=b03f5f7f11d50a3a".
             Resolved file path is "C:\Program Files\dotnet\packs\Microsoft.NETCore.App.Ref\8.0.22\ref\net8.0\System.Security.SecureString.dll".
             Reference found at search path location "{RawFileName}".
             This reference is not "CopyLocal" because at least one source item had "Private" set to "false" and no source items had "Private" set to "true".
         Primary reference "System.Security, Version=4.0.0.0, Culture=neutral, PublicKeyToken=b03f5f7f11d50a3a".
             Resolved file path is "C:\Program Files\dotnet\packs\Microsoft.NETCore.App.Ref\8.0.22\ref\net8.0\System.Security.dll".
             Reference found at search path location "{RawFileName}".
             This reference is not "CopyLocal" because at least one source item had "Private" set to "false" and no source items had "Private" set to "true".
         Primary reference "System.ServiceModel.Web, Version=4.0.0.0, Culture=neutral, PublicKeyToken=31bf3856ad364e35".
             Resolved file path is "C:\Program Files\dotnet\packs\Microsoft.NETCore.App.Ref\8.0.22\ref\net8.0\System.ServiceModel.Web.dll".
             Reference found at search path location "{RawFileName}".
             This reference is not "CopyLocal" because at least one source item had "Private" set to "false" and no source items had "Private" set to "true".
         Primary reference "System.ServiceProcess, Version=4.0.0.0, Culture=neutral, PublicKeyToken=b03f5f7f11d50a3a".
             Resolved file path is "C:\Program Files\dotnet\packs\Microsoft.NETCore.App.Ref\8.0.22\ref\net8.0\System.ServiceProcess.dll".
             Reference found at search path location "{RawFileName}".
             This reference is not "CopyLocal" because at least one source item had "Private" set to "false" and no source items had "Private" set to "true".
         Primary reference "System.Text.Encoding.CodePages, Version=8.0.0.0, Culture=neutral, PublicKeyToken=b03f5f7f11d50a3a".
             Resolved file path is "C:\Program Files\dotnet\packs\Microsoft.NETCore.App.Ref\8.0.22\ref\net8.0\System.Text.Encoding.CodePages.dll".
             Reference found at search path location "{RawFileName}".
             This reference is not "CopyLocal" because at least one source item had "Private" set to "false" and no source items had "Private" set to "true".
         Primary reference "System.Text.Encoding.Extensions, Version=8.0.0.0, Culture=neutral, PublicKeyToken=b03f5f7f11d50a3a".
             Resolved file path is "C:\Program Files\dotnet\packs\Microsoft.NETCore.App.Ref\8.0.22\ref\net8.0\System.Text.Encoding.Extensions.dll".
             Reference found at search path location "{RawFileName}".
             This reference is not "CopyLocal" because at least one source item had "Private" set to "false" and no source items had "Private" set to "true".
         Primary reference "System.Text.Encoding, Version=8.0.0.0, Culture=neutral, PublicKeyToken=b03f5f7f11d50a3a".
             Resolved file path is "C:\Program Files\dotnet\packs\Microsoft.NETCore.App.Ref\8.0.22\ref\net8.0\System.Text.Encoding.dll".
             Reference found at search path location "{RawFileName}".
             This reference is not "CopyLocal" because at least one source item had "Private" set to "false" and no source items had "Private" set to "true".
         Primary reference "System.Text.Encodings.Web, Version=8.0.0.0, Culture=neutral, PublicKeyToken=cc7b13ffcd2ddd51".
             Resolved file path is "C:\Program Files\dotnet\packs\Microsoft.NETCore.App.Ref\8.0.22\ref\net8.0\System.Text.Encodings.Web.dll".
             Reference found at search path location "{RawFileName}".
             This reference is not "CopyLocal" because at least one source item had "Private" set to "false" and no source items had "Private" set to "true".
         Primary reference "System.Text.Json, Version=8.0.0.0, Culture=neutral, PublicKeyToken=cc7b13ffcd2ddd51".
             Resolved file path is "C:\Program Files\dotnet\packs\Microsoft.NETCore.App.Ref\8.0.22\ref\net8.0\System.Text.Json.dll".
             Reference found at search path location "{RawFileName}".
             This reference is not "CopyLocal" because at least one source item had "Private" set to "false" and no source items had "Private" set to "true".
         Primary reference "System.Text.RegularExpressions, Version=8.0.0.0, Culture=neutral, PublicKeyToken=b03f5f7f11d50a3a".
             Resolved file path is "C:\Program Files\dotnet\packs\Microsoft.NETCore.App.Ref\8.0.22\ref\net8.0\System.Text.RegularExpressions.dll".
             Reference found at search path location "{RawFileName}".
             This reference is not "CopyLocal" because at least one source item had "Private" set to "false" and no source items had "Private" set to "true".
         Primary reference "System.Threading.Channels, Version=8.0.0.0, Culture=neutral, PublicKeyToken=cc7b13ffcd2ddd51".
             Resolved file path is "C:\Program Files\dotnet\packs\Microsoft.NETCore.App.Ref\8.0.22\ref\net8.0\System.Threading.Channels.dll".
             Reference found at search path location "{RawFileName}".
             This reference is not "CopyLocal" because at least one source item had "Private" set to "false" and no source items had "Private" set to "true".
         Primary reference "System.Threading.Overlapped, Version=8.0.0.0, Culture=neutral, PublicKeyToken=b03f5f7f11d50a3a".
             Resolved file path is "C:\Program Files\dotnet\packs\Microsoft.NETCore.App.Ref\8.0.22\ref\net8.0\System.Threading.Overlapped.dll".
             Reference found at search path location "{RawFileName}".
             This reference is not "CopyLocal" because at least one source item had "Private" set to "false" and no source items had "Private" set to "true".
         Primary reference "System.Threading.Tasks.Dataflow, Version=8.0.0.0, Culture=neutral, PublicKeyToken=b03f5f7f11d50a3a".
             Resolved file path is "C:\Program Files\dotnet\packs\Microsoft.NETCore.App.Ref\8.0.22\ref\net8.0\System.Threading.Tasks.Dataflow.dll".
             Reference found at search path location "{RawFileName}".
             This reference is not "CopyLocal" because at least one source item had "Private" set to "false" and no source items had "Private" set to "true".
         Primary reference "System.Threading.Tasks.Extensions, Version=8.0.0.0, Culture=neutral, PublicKeyToken=cc7b13ffcd2ddd51".
             Resolved file path is "C:\Program Files\dotnet\packs\Microsoft.NETCore.App.Ref\8.0.22\ref\net8.0\System.Threading.Tasks.Extensions.dll".
             Reference found at search path location "{RawFileName}".
             This reference is not "CopyLocal" because at least one source item had "Private" set to "false" and no source items had "Private" set to "true".
         Primary reference "System.Threading.Tasks.Parallel, Version=8.0.0.0, Culture=neutral, PublicKeyToken=b03f5f7f11d50a3a".
             Resolved file path is "C:\Program Files\dotnet\packs\Microsoft.NETCore.App.Ref\8.0.22\ref\net8.0\System.Threading.Tasks.Parallel.dll".
             Reference found at search path location "{RawFileName}".
             This reference is not "CopyLocal" because at least one source item had "Private" set to "false" and no source items had "Private" set to "true".
         Primary reference "System.Threading.Tasks, Version=8.0.0.0, Culture=neutral, PublicKeyToken=b03f5f7f11d50a3a".
             Resolved file path is "C:\Program Files\dotnet\packs\Microsoft.NETCore.App.Ref\8.0.22\ref\net8.0\System.Threading.Tasks.dll".
             Reference found at search path location "{RawFileName}".
             This reference is not "CopyLocal" because at least one source item had "Private" set to "false" and no source items had "Private" set to "true".
         Primary reference "System.Threading.Thread, Version=8.0.0.0, Culture=neutral, PublicKeyToken=b03f5f7f11d50a3a".
             Resolved file path is "C:\Program Files\dotnet\packs\Microsoft.NETCore.App.Ref\8.0.22\ref\net8.0\System.Threading.Thread.dll".
             Reference found at search path location "{RawFileName}".
             This reference is not "CopyLocal" because at least one source item had "Private" set to "false" and no source items had "Private" set to "true".
         Primary reference "System.Threading.ThreadPool, Version=8.0.0.0, Culture=neutral, PublicKeyToken=b03f5f7f11d50a3a".
             Resolved file path is "C:\Program Files\dotnet\packs\Microsoft.NETCore.App.Ref\8.0.22\ref\net8.0\System.Threading.ThreadPool.dll".
             Reference found at search path location "{RawFileName}".
             This reference is not "CopyLocal" because at least one source item had "Private" set to "false" and no source items had "Private" set to "true".
         Primary reference "System.Threading.Timer, Version=8.0.0.0, Culture=neutral, PublicKeyToken=b03f5f7f11d50a3a".
             Resolved file path is "C:\Program Files\dotnet\packs\Microsoft.NETCore.App.Ref\8.0.22\ref\net8.0\System.Threading.Timer.dll".
             Reference found at search path location "{RawFileName}".
             This reference is not "CopyLocal" because at least one source item had "Private" set to "false" and no source items had "Private" set to "true".
         Unified primary reference "System.Threading, Version=8.0.0.0, Culture=neutral, PublicKeyToken=b03f5f7f11d50a3a".
             Using this version instead of original version "6.0.0.0" in "C:\Users\giris\.nuget\packages\microsoft.windowsappsdk.ai\1.8.39\lib\net6.0-windows10.0.17763.0\Microsoft.Graphics.Imaging.Projection.dll" because AutoUnify is 'true'.
             Using this version instead of original version "6.0.0.0" in "C:\Users\giris\.nuget\packages\microsoft.windowsappsdk.ai\1.8.39\lib\net6.0-windows10.0.17763.0\Microsoft.Windows.AI.ContentSafety.Projection.dll" because AutoUnify is 'true'.
             Using this version instead of original version "6.0.0.0" in "C:\Users\giris\.nuget\packages\microsoft.windowsappsdk.ai\1.8.39\lib\net6.0-windows10.0.17763.0\Microsoft.Windows.AI.Foundation.Projection.dll" because AutoUnify is 'true'.
             Using this version instead of original version "6.0.0.0" in "C:\Users\giris\.nuget\packages\microsoft.windowsappsdk.ai\1.8.39\lib\net6.0-windows10.0.17763.0\Microsoft.Windows.AI.Imaging.Projection.dll" because AutoUnify is 'true'.
             Using this version instead of original version "6.0.0.0" in "C:\Users\giris\.nuget\packages\microsoft.windowsappsdk.ai\1.8.39\lib\net6.0-windows10.0.17763.0\Microsoft.Windows.AI.Projection.dll" because AutoUnify is 'true'.
             Using this version instead of original version "6.0.0.0" in "C:\Users\giris\.nuget\packages\microsoft.windowsappsdk.ai\1.8.39\lib\net6.0-windows10.0.17763.0\Microsoft.Windows.AI.Text.Projection.dll" because AutoUnify is 'true'.
             Using this version instead of original version "6.0.0.0" in "C:\Users\giris\.nuget\packages\microsoft.windowsappsdk.foundation\1.8.251104000\lib\net6.0-windows10.0.17763.0\Microsoft.Security.Authentication.OAuth.Projection.dll" because AutoUnify is 'true'.
             Using this version instead of original version "6.0.0.0" in "C:\Users\giris\.nuget\packages\microsoft.windowsappsdk.foundation\1.8.251104000\lib\net6.0-windows10.0.17763.0\Microsoft.Windows.AppLifecycle.Projection.dll" because AutoUnify is 'true'.
             Using this version instead of original version "6.0.0.0" in "C:\Users\giris\.nuget\packages\microsoft.windowsappsdk.foundation\1.8.251104000\lib\net6.0-windows10.0.17763.0\Microsoft.Windows.AppNotifications.Builder.Projection.dll" because AutoUnify is 'true'.
             Using this version instead of original version "6.0.0.0" in "C:\Users\giris\.nuget\packages\microsoft.windowsappsdk.foundation\1.8.251104000\lib\net6.0-windows10.0.17763.0\Microsoft.Windows.AppNotifications.Projection.dll" because AutoUnify is 'true'.
             Using this version instead of original version "6.0.0.0" in "C:\Users\giris\.nuget\packages\microsoft.windowsappsdk.foundation\1.8.251104000\lib\net6.0-windows10.0.17763.0\Microsoft.Windows.ApplicationModel.Background.Projection.dll" because AutoUnify is 'true'.
             Using this version instead of original version "6.0.0.0" in "C:\Users\giris\.nuget\packages\microsoft.windowsappsdk.foundation\1.8.251104000\lib\net6.0-windows10.0.17763.0\Microsoft.Windows.ApplicationModel.DynamicDependency.Projection.dll" because AutoUnify is 'true'.
             Using this version instead of original version "6.0.0.0" in "C:\Users\giris\.nuget\packages\microsoft.windowsappsdk.foundation\1.8.251104000\lib\net6.0-windows10.0.17763.0\Microsoft.Windows.ApplicationModel.Resources.Projection.dll" because AutoUnify is 'true'.
             Using this version instead of original version "6.0.0.0" in "C:\Users\giris\.nuget\packages\microsoft.windowsappsdk.foundation\1.8.251104000\lib\net6.0-windows10.0.17763.0\Microsoft.Windows.ApplicationModel.WindowsAppRuntime.Projection.dll" because AutoUnify is 'true'.
             Using this version instead of original version "6.0.0.0" in "C:\Users\giris\.nuget\packages\microsoft.windowsappsdk.foundation\1.8.251104000\lib\net6.0-windows10.0.17763.0\Microsoft.Windows.BadgeNotifications.Projection.dll" because AutoUnify is 'true'.
             Using this version instead of original version "6.0.0.0" in "C:\Users\giris\.nuget\packages\microsoft.windowsappsdk.foundation\1.8.251104000\lib\net6.0-windows10.0.17763.0\Microsoft.Windows.Management.Deployment.Projection.dll" because AutoUnify is 'true'.
             Using this version instead of original version "6.0.0.0" in "C:\Users\giris\.nuget\packages\microsoft.windowsappsdk.foundation\1.8.251104000\lib\net6.0-windows10.0.17763.0\Microsoft.Windows.Media.Capture.Projection.dll" because AutoUnify is 'true'.
             Using this version instead of original version "6.0.0.0" in "C:\Users\giris\.nuget\packages\microsoft.windowsappsdk.foundation\1.8.251104000\lib\net6.0-windows10.0.17763.0\Microsoft.Windows.PushNotifications.Projection.dll" because AutoUnify is 'true'.
             Using this version instead of original version "6.0.0.0" in "C:\Users\giris\.nuget\packages\microsoft.windowsappsdk.foundation\1.8.251104000\lib\net6.0-windows10.0.17763.0\Microsoft.Windows.Storage.Pickers.Projection.dll" because AutoUnify is 'true'.
             Using this version instead of original version "6.0.0.0" in "C:\Users\giris\.nuget\packages\microsoft.windowsappsdk.foundation\1.8.251104000\lib\net6.0-windows10.0.17763.0\Microsoft.Windows.Storage.Projection.dll" because AutoUnify is 'true'.
             Using this version instead of original version "6.0.0.0" in "C:\Users\giris\.nuget\packages\microsoft.windowsappsdk.foundation\1.8.251104000\lib\net6.0-windows10.0.17763.0\Microsoft.Windows.System.Power.Projection.dll" because AutoUnify is 'true'.
             Using this version instead of original version "6.0.0.0" in "C:\Users\giris\.nuget\packages\microsoft.windowsappsdk.foundation\1.8.251104000\lib\net6.0-windows10.0.17763.0\Microsoft.Windows.System.Projection.dll" because AutoUnify is 'true'.
             Using this version instead of original version "6.0.0.0" in "C:\Users\giris\.nuget\packages\microsoft.windowsappsdk.interactiveexperiences\1.8.251104001\lib\net6.0-windows10.0.18362.0\Microsoft.InteractiveExperiences.Projection.dll" because AutoUnify is 'true'.
             Using this version instead of original version "6.0.0.0" in "C:\Users\giris\.nuget\packages\microsoft.windowsappsdk.ml\1.8.2109\lib\net8.0-windows10.0.17763.0\Microsoft.Windows.AI.MachineLearning.Projection.dll" because AutoUnify is 'true'.
             Using this version instead of original version "6.0.0.0" in "C:\Users\giris\.nuget\packages\microsoft.windowsappsdk.widgets\1.8.250904007\lib\net6.0-windows10.0.17763.0\Microsoft.Windows.Widgets.Projection.dll" because AutoUnify is 'true'.
             Using this version instead of original version "6.0.0.0" in "C:\Users\giris\.nuget\packages\microsoft.windowsappsdk.winui\1.8.251105000\lib\net6.0-windows10.0.17763.0\Microsoft.WinUI.dll" because AutoUnify is 'true'.
             Resolved file path is "C:\Program Files\dotnet\packs\Microsoft.NETCore.App.Ref\8.0.22\ref\net8.0\System.Threading.dll".
             Reference found at search path location "{RawFileName}".
             This reference is not "CopyLocal" because at least one source item had "Private" set to "false" and no source items had "Private" set to "true".
         Primary reference "System.Transactions.Local, Version=8.0.0.0, Culture=neutral, PublicKeyToken=cc7b13ffcd2ddd51".
             Resolved file path is "C:\Program Files\dotnet\packs\Microsoft.NETCore.App.Ref\8.0.22\ref\net8.0\System.Transactions.Local.dll".
             Reference found at search path location "{RawFileName}".
             This reference is not "CopyLocal" because at least one source item had "Private" set to "false" and no source items had "Private" set to "true".
         Primary reference "System.Transactions, Version=4.0.0.0, Culture=neutral, PublicKeyToken=b77a5c561934e089".
             Resolved file path is "C:\Program Files\dotnet\packs\Microsoft.NETCore.App.Ref\8.0.22\ref\net8.0\System.Transactions.dll".
             Reference found at search path location "{RawFileName}".
             This reference is not "CopyLocal" because at least one source item had "Private" set to "false" and no source items had "Private" set to "true".
         Primary reference "System.ValueTuple, Version=8.0.0.0, Culture=neutral, PublicKeyToken=cc7b13ffcd2ddd51".
             Resolved file path is "C:\Program Files\dotnet\packs\Microsoft.NETCore.App.Ref\8.0.22\ref\net8.0\System.ValueTuple.dll".
             Reference found at search path location "{RawFileName}".
             This reference is not "CopyLocal" because at least one source item had "Private" set to "false" and no source items had "Private" set to "true".
         Primary reference "System.Web.HttpUtility, Version=8.0.0.0, Culture=neutral, PublicKeyToken=cc7b13ffcd2ddd51".
             Resolved file path is "C:\Program Files\dotnet\packs\Microsoft.NETCore.App.Ref\8.0.22\ref\net8.0\System.Web.HttpUtility.dll".
             Reference found at search path location "{RawFileName}".
             This reference is not "CopyLocal" because at least one source item had "Private" set to "false" and no source items had "Private" set to "true".
         Primary reference "System.Web, Version=4.0.0.0, Culture=neutral, PublicKeyToken=b03f5f7f11d50a3a".
             Resolved file path is "C:\Program Files\dotnet\packs\Microsoft.NETCore.App.Ref\8.0.22\ref\net8.0\System.Web.dll".
             Reference found at search path location "{RawFileName}".
             This reference is not "CopyLocal" because at least one source item had "Private" set to "false" and no source items had "Private" set to "true".
         Primary reference "System.Windows, Version=4.0.0.0, Culture=neutral, PublicKeyToken=b03f5f7f11d50a3a".
             Resolved file path is "C:\Program Files\dotnet\packs\Microsoft.NETCore.App.Ref\8.0.22\ref\net8.0\System.Windows.dll".
             Reference found at search path location "{RawFileName}".
             This reference is not "CopyLocal" because at least one source item had "Private" set to "false" and no source items had "Private" set to "true".
         Primary reference "System.Xml.Linq, Version=4.0.0.0, Culture=neutral, PublicKeyToken=b77a5c561934e089".
             Resolved file path is "C:\Program Files\dotnet\packs\Microsoft.NETCore.App.Ref\8.0.22\ref\net8.0\System.Xml.Linq.dll".
             Reference found at search path location "{RawFileName}".
             This reference is not "CopyLocal" because at least one source item had "Private" set to "false" and no source items had "Private" set to "true".
         Primary reference "System.Xml.ReaderWriter, Version=8.0.0.0, Culture=neutral, PublicKeyToken=b03f5f7f11d50a3a".
             Resolved file path is "C:\Program Files\dotnet\packs\Microsoft.NETCore.App.Ref\8.0.22\ref\net8.0\System.Xml.ReaderWriter.dll".
             Reference found at search path location "{RawFileName}".
             This reference is not "CopyLocal" because at least one source item had "Private" set to "false" and no source items had "Private" set to "true".
         Primary reference "System.Xml.Serialization, Version=4.0.0.0, Culture=neutral, PublicKeyToken=b77a5c561934e089".
             Resolved file path is "C:\Program Files\dotnet\packs\Microsoft.NETCore.App.Ref\8.0.22\ref\net8.0\System.Xml.Serialization.dll".
             Reference found at search path location "{RawFileName}".
             This reference is not "CopyLocal" because at least one source item had "Private" set to "false" and no source items had "Private" set to "true".
         Primary reference "System.Xml.XDocument, Version=8.0.0.0, Culture=neutral, PublicKeyToken=b03f5f7f11d50a3a".
             Resolved file path is "C:\Program Files\dotnet\packs\Microsoft.NETCore.App.Ref\8.0.22\ref\net8.0\System.Xml.XDocument.dll".
             Reference found at search path location "{RawFileName}".
             This reference is not "CopyLocal" because at least one source item had "Private" set to "false" and no source items had "Private" set to "true".
         Primary reference "System.Xml.XPath.XDocument, Version=8.0.0.0, Culture=neutral, PublicKeyToken=b03f5f7f11d50a3a".
             Resolved file path is "C:\Program Files\dotnet\packs\Microsoft.NETCore.App.Ref\8.0.22\ref\net8.0\System.Xml.XPath.XDocument.dll".
             Reference found at search path location "{RawFileName}".
             This reference is not "CopyLocal" because at least one source item had "Private" set to "false" and no source items had "Private" set to "true".
         Primary reference "System.Xml.XPath, Version=8.0.0.0, Culture=neutral, PublicKeyToken=b03f5f7f11d50a3a".
             Resolved file path is "C:\Program Files\dotnet\packs\Microsoft.NETCore.App.Ref\8.0.22\ref\net8.0\System.Xml.XPath.dll".
             Reference found at search path location "{RawFileName}".
             This reference is not "CopyLocal" because at least one source item had "Private" set to "false" and no source items had "Private" set to "true".
         Primary reference "System.Xml.XmlDocument, Version=8.0.0.0, Culture=neutral, PublicKeyToken=b03f5f7f11d50a3a".
             Resolved file path is "C:\Program Files\dotnet\packs\Microsoft.NETCore.App.Ref\8.0.22\ref\net8.0\System.Xml.XmlDocument.dll".
             Reference found at search path location "{RawFileName}".
             This reference is not "CopyLocal" because at least one source item had "Private" set to "false" and no source items had "Private" set to "true".
         Primary reference "System.Xml.XmlSerializer, Version=8.0.0.0, Culture=neutral, PublicKeyToken=b03f5f7f11d50a3a".
             Resolved file path is "C:\Program Files\dotnet\packs\Microsoft.NETCore.App.Ref\8.0.22\ref\net8.0\System.Xml.XmlSerializer.dll".
             Reference found at search path location "{RawFileName}".
             This reference is not "CopyLocal" because at least one source item had "Private" set to "false" and no source items had "Private" set to "true".
         Primary reference "System.Xml, Version=4.0.0.0, Culture=neutral, PublicKeyToken=b77a5c561934e089".
             Resolved file path is "C:\Program Files\dotnet\packs\Microsoft.NETCore.App.Ref\8.0.22\ref\net8.0\System.Xml.dll".
             Reference found at search path location "{RawFileName}".
             This reference is not "CopyLocal" because at least one source item had "Private" set to "false" and no source items had "Private" set to "true".
         Primary reference "System, Version=4.0.0.0, Culture=neutral, PublicKeyToken=b77a5c561934e089".
             Resolved file path is "C:\Program Files\dotnet\packs\Microsoft.NETCore.App.Ref\8.0.22\ref\net8.0\System.dll".
             Reference found at search path location "{RawFileName}".
             This reference is not "CopyLocal" because at least one source item had "Private" set to "false" and no source items had "Private" set to "true".
         Primary reference "WindowsBase, Version=4.0.0.0, Culture=neutral, PublicKeyToken=31bf3856ad364e35".
             Resolved file path is "C:\Program Files\dotnet\packs\Microsoft.NETCore.App.Ref\8.0.22\ref\net8.0\WindowsBase.dll".
             Reference found at search path location "{RawFileName}".
             This reference is not "CopyLocal" because at least one source item had "Private" set to "false" and no source items had "Private" set to "true".
         Primary reference "mscorlib, Version=4.0.0.0, Culture=neutral, PublicKeyToken=b77a5c561934e089".
             Resolved file path is "C:\Program Files\dotnet\packs\Microsoft.NETCore.App.Ref\8.0.22\ref\net8.0\mscorlib.dll".
             Reference found at search path location "{RawFileName}".
             This reference is not "CopyLocal" because at least one source item had "Private" set to "false" and no source items had "Private" set to "true".
         Unified primary reference "netstandard, Version=2.1.0.0, Culture=neutral, PublicKeyToken=cc7b13ffcd2ddd51".
             Using this version instead of original version "2.0.0.0" in "C:\Users\giris\.nuget\packages\mediatr.contracts\2.0.1\lib\netstandard2.0\MediatR.Contracts.dll" because AutoUnify is 'true'.
             Resolved file path is "C:\Program Files\dotnet\packs\Microsoft.NETCore.App.Ref\8.0.22\ref\net8.0\netstandard.dll".
             Reference found at search path location "{RawFileName}".
             This reference is not "CopyLocal" because at least one source item had "Private" set to "false" and no source items had "Private" set to "true".
         Unified primary reference "Microsoft.Windows.SDK.NET, Version=10.0.19041.38, Culture=neutral, PublicKeyToken=31bf3856ad364e35".
             Using this version instead of original version "10.0.17763.38" in "C:\Users\giris\.nuget\packages\microsoft.web.webview2\1.0.3650.58\lib_manual\net8.0-windows10.0.17763.0\Microsoft.Web.WebView2.Core.Projection.dll" because AutoUnify is 'true'.
             Using this version instead of original version "10.0.17763.38" in "C:\Users\giris\.nuget\packages\microsoft.windowsappsdk.ai\1.8.39\lib\net6.0-windows10.0.17763.0\Microsoft.Graphics.Imaging.Projection.dll" because AutoUnify is 'true'.
             Using this version instead of original version "10.0.17763.38" in "C:\Users\giris\.nuget\packages\microsoft.windowsappsdk.ai\1.8.39\lib\net6.0-windows10.0.17763.0\Microsoft.Windows.AI.ContentSafety.Projection.dll" because AutoUnify is 'true'.
             Using this version instead of original version "10.0.17763.38" in "C:\Users\giris\.nuget\packages\microsoft.windowsappsdk.ai\1.8.39\lib\net6.0-windows10.0.17763.0\Microsoft.Windows.AI.Foundation.Projection.dll" because AutoUnify is 'true'.
             Using this version instead of original version "10.0.17763.38" in "C:\Users\giris\.nuget\packages\microsoft.windowsappsdk.ai\1.8.39\lib\net6.0-windows10.0.17763.0\Microsoft.Windows.AI.Imaging.Projection.dll" because AutoUnify is 'true'.
             Using this version instead of original version "10.0.17763.38" in "C:\Users\giris\.nuget\packages\microsoft.windowsappsdk.ai\1.8.39\lib\net6.0-windows10.0.17763.0\Microsoft.Windows.AI.Projection.dll" because AutoUnify is 'true'.
             Using this version instead of original version "10.0.17763.38" in "C:\Users\giris\.nuget\packages\microsoft.windowsappsdk.ai\1.8.39\lib\net6.0-windows10.0.17763.0\Microsoft.Windows.AI.Text.Projection.dll" because AutoUnify is 'true'.
             Using this version instead of original version "10.0.17763.38" in "C:\Users\giris\.nuget\packages\microsoft.windowsappsdk.foundation\1.8.251104000\lib\net6.0-windows10.0.17763.0\Microsoft.Security.Authentication.OAuth.Projection.dll" because AutoUnify is 'true'.
             Using this version instead of original version "10.0.17763.38" in "C:\Users\giris\.nuget\packages\microsoft.windowsappsdk.foundation\1.8.251104000\lib\net6.0-windows10.0.17763.0\Microsoft.Windows.AppLifecycle.Projection.dll" because AutoUnify is 'true'.
             Using this version instead of original version "10.0.17763.38" in "C:\Users\giris\.nuget\packages\microsoft.windowsappsdk.foundation\1.8.251104000\lib\net6.0-windows10.0.17763.0\Microsoft.Windows.AppNotifications.Builder.Projection.dll" because AutoUnify is 'true'.
             Using this version instead of original version "10.0.17763.38" in "C:\Users\giris\.nuget\packages\microsoft.windowsappsdk.foundation\1.8.251104000\lib\net6.0-windows10.0.17763.0\Microsoft.Windows.AppNotifications.Projection.dll" because AutoUnify is 'true'.
             Using this version instead of original version "10.0.17763.38" in "C:\Users\giris\.nuget\packages\microsoft.windowsappsdk.foundation\1.8.251104000\lib\net6.0-windows10.0.17763.0\Microsoft.Windows.ApplicationModel.Background.Projection.dll" because AutoUnify is 'true'.
             Using this version instead of original version "10.0.17763.38" in "C:\Users\giris\.nuget\packages\microsoft.windowsappsdk.foundation\1.8.251104000\lib\net6.0-windows10.0.17763.0\Microsoft.Windows.ApplicationModel.DynamicDependency.Projection.dll" because AutoUnify is 'true'.
             Using this version instead of original version "10.0.17763.38" in "C:\Users\giris\.nuget\packages\microsoft.windowsappsdk.foundation\1.8.251104000\lib\net6.0-windows10.0.17763.0\Microsoft.Windows.ApplicationModel.Resources.Projection.dll" because AutoUnify is 'true'.
             Using this version instead of original version "10.0.17763.38" in "C:\Users\giris\.nuget\packages\microsoft.windowsappsdk.foundation\1.8.251104000\lib\net6.0-windows10.0.17763.0\Microsoft.Windows.ApplicationModel.WindowsAppRuntime.Projection.dll" because AutoUnify is 'true'.
             Using this version instead of original version "10.0.17763.38" in "C:\Users\giris\.nuget\packages\microsoft.windowsappsdk.foundation\1.8.251104000\lib\net6.0-windows10.0.17763.0\Microsoft.Windows.BadgeNotifications.Projection.dll" because AutoUnify is 'true'.
             Using this version instead of original version "10.0.17763.38" in "C:\Users\giris\.nuget\packages\microsoft.windowsappsdk.foundation\1.8.251104000\lib\net6.0-windows10.0.17763.0\Microsoft.Windows.Foundation.Projection.dll" because AutoUnify is 'true'.
             Using this version instead of original version "10.0.17763.38" in "C:\Users\giris\.nuget\packages\microsoft.windowsappsdk.foundation\1.8.251104000\lib\net6.0-windows10.0.17763.0\Microsoft.Windows.Management.Deployment.Projection.dll" because AutoUnify is 'true'.
             Using this version instead of original version "10.0.17763.38" in "C:\Users\giris\.nuget\packages\microsoft.windowsappsdk.foundation\1.8.251104000\lib\net6.0-windows10.0.17763.0\Microsoft.Windows.Media.Capture.Projection.dll" because AutoUnify is 'true'.
             Using this version instead of original version "10.0.17763.38" in "C:\Users\giris\.nuget\packages\microsoft.windowsappsdk.foundation\1.8.251104000\lib\net6.0-windows10.0.17763.0\Microsoft.Windows.PushNotifications.Projection.dll" because AutoUnify is 'true'.
             Using this version instead of original version "10.0.17763.38" in "C:\Users\giris\.nuget\packages\microsoft.windowsappsdk.foundation\1.8.251104000\lib\net6.0-windows10.0.17763.0\Microsoft.Windows.Security.AccessControl.Projection.dll" because AutoUnify is 'true'.
             Using this version instead of original version "10.0.17763.38" in "C:\Users\giris\.nuget\packages\microsoft.windowsappsdk.foundation\1.8.251104000\lib\net6.0-windows10.0.17763.0\Microsoft.Windows.Storage.Pickers.Projection.dll" because AutoUnify is 'true'.
             Using this version instead of original version "10.0.17763.38" in "C:\Users\giris\.nuget\packages\microsoft.windowsappsdk.foundation\1.8.251104000\lib\net6.0-windows10.0.17763.0\Microsoft.Windows.Storage.Projection.dll" because AutoUnify is 'true'.
             Using this version instead of original version "10.0.17763.38" in "C:\Users\giris\.nuget\packages\microsoft.windowsappsdk.foundation\1.8.251104000\lib\net6.0-windows10.0.17763.0\Microsoft.Windows.System.Power.Projection.dll" because AutoUnify is 'true'.
             Using this version instead of original version "10.0.17763.38" in "C:\Users\giris\.nuget\packages\microsoft.windowsappsdk.foundation\1.8.251104000\lib\net6.0-windows10.0.17763.0\Microsoft.Windows.System.Projection.dll" because AutoUnify is 'true'.
             Using this version instead of original version "10.0.18362.38" in "C:\Users\giris\.nuget\packages\microsoft.windowsappsdk.interactiveexperiences\1.8.251104001\lib\net6.0-windows10.0.18362.0\Microsoft.InteractiveExperiences.Projection.dll" because AutoUnify is 'true'.
             Using this version instead of original version "10.0.17763.38" in "C:\Users\giris\.nuget\packages\microsoft.windowsappsdk.ml\1.8.2109\lib\net8.0-windows10.0.17763.0\Microsoft.Windows.AI.MachineLearning.Projection.dll" because AutoUnify is 'true'.
             Using this version instead of original version "10.0.17763.38" in "C:\Users\giris\.nuget\packages\microsoft.windowsappsdk.widgets\1.8.250904007\lib\net6.0-windows10.0.17763.0\Microsoft.Windows.Widgets.Projection.dll" because AutoUnify is 'true'.
             Using this version instead of original version "10.0.17763.38" in "C:\Users\giris\.nuget\packages\microsoft.windowsappsdk.winui\1.8.251105000\lib\net6.0-windows10.0.17763.0\Microsoft.WinUI.dll" because AutoUnify is 'true'.
             Resolved file path is "C:\Users\giris\.nuget\packages\microsoft.windows.sdk.net.ref\10.0.19041.57\lib\net8.0\Microsoft.Windows.SDK.NET.dll".
             Reference found at search path location "{RawFileName}".
             This reference is not "CopyLocal" because at least one source item had "Private" set to "false" and no source items had "Private" set to "true".
         Unified primary reference "WinRT.Runtime, Version=2.2.0.0, Culture=neutral, PublicKeyToken=99ea127f02d97709".
             Using this version instead of original version "2.1.0.0" in "C:\Users\giris\.nuget\packages\microsoft.web.webview2\1.0.3650.58\lib_manual\net8.0-windows10.0.17763.0\Microsoft.Web.WebView2.Core.Projection.dll" because AutoUnify is 'true'.
             Using this version instead of original version "2.1.0.0" in "C:\Users\giris\.nuget\packages\communitytoolkit.mvvm\8.4.0\lib\net8.0-windows10.0.17763\CommunityToolkit.Mvvm.dll" because AutoUnify is 'true'.
             Using this version instead of original version "2.1.0.0" in "C:\Users\giris\.nuget\packages\microsoft.windowsappsdk.ai\1.8.39\lib\net6.0-windows10.0.17763.0\Microsoft.Graphics.Imaging.Projection.dll" because AutoUnify is 'true'.
             Using this version instead of original version "2.1.0.0" in "C:\Users\giris\.nuget\packages\microsoft.windowsappsdk.ai\1.8.39\lib\net6.0-windows10.0.17763.0\Microsoft.Windows.AI.ContentSafety.Projection.dll" because AutoUnify is 'true'.
             Using this version instead of original version "2.1.0.0" in "C:\Users\giris\.nuget\packages\microsoft.windowsappsdk.ai\1.8.39\lib\net6.0-windows10.0.17763.0\Microsoft.Windows.AI.Foundation.Projection.dll" because AutoUnify is 'true'.
             Using this version instead of original version "2.1.0.0" in "C:\Users\giris\.nuget\packages\microsoft.windowsappsdk.ai\1.8.39\lib\net6.0-windows10.0.17763.0\Microsoft.Windows.AI.Imaging.Projection.dll" because AutoUnify is 'true'.
             Using this version instead of original version "2.1.0.0" in "C:\Users\giris\.nuget\packages\microsoft.windowsappsdk.ai\1.8.39\lib\net6.0-windows10.0.17763.0\Microsoft.Windows.AI.Projection.dll" because AutoUnify is 'true'.
             Using this version instead of original version "2.1.0.0" in "C:\Users\giris\.nuget\packages\microsoft.windowsappsdk.ai\1.8.39\lib\net6.0-windows10.0.17763.0\Microsoft.Windows.AI.Text.Projection.dll" because AutoUnify is 'true'.
             Using this version instead of original version "2.1.0.0" in "C:\Users\giris\.nuget\packages\microsoft.windowsappsdk.foundation\1.8.251104000\lib\net6.0-windows10.0.17763.0\Microsoft.Security.Authentication.OAuth.Projection.dll" because AutoUnify is 'true'.
             Using this version instead of original version "2.1.0.0" in "C:\Users\giris\.nuget\packages\microsoft.windowsappsdk.foundation\1.8.251104000\lib\net6.0-windows10.0.17763.0\Microsoft.Windows.AppLifecycle.Projection.dll" because AutoUnify is 'true'.
             Using this version instead of original version "2.1.0.0" in "C:\Users\giris\.nuget\packages\microsoft.windowsappsdk.foundation\1.8.251104000\lib\net6.0-windows10.0.17763.0\Microsoft.Windows.AppNotifications.Builder.Projection.dll" because AutoUnify is 'true'.
             Using this version instead of original version "2.1.0.0" in "C:\Users\giris\.nuget\packages\microsoft.windowsappsdk.foundation\1.8.251104000\lib\net6.0-windows10.0.17763.0\Microsoft.Windows.AppNotifications.Projection.dll" because AutoUnify is 'true'.
             Using this version instead of original version "2.1.0.0" in "C:\Users\giris\.nuget\packages\microsoft.windowsappsdk.foundation\1.8.251104000\lib\net6.0-windows10.0.17763.0\Microsoft.Windows.ApplicationModel.Background.Projection.dll" because AutoUnify is 'true'.
             Using this version instead of original version "2.1.0.0" in "C:\Users\giris\.nuget\packages\microsoft.windowsappsdk.foundation\1.8.251104000\lib\net6.0-windows10.0.17763.0\Microsoft.Windows.ApplicationModel.DynamicDependency.Projection.dll" because AutoUnify is 'true'.
             Using this version instead of original version "2.1.0.0" in "C:\Users\giris\.nuget\packages\microsoft.windowsappsdk.foundation\1.8.251104000\lib\net6.0-windows10.0.17763.0\Microsoft.Windows.ApplicationModel.Resources.Projection.dll" because AutoUnify is 'true'.
             Using this version instead of original version "2.1.0.0" in "C:\Users\giris\.nuget\packages\microsoft.windowsappsdk.foundation\1.8.251104000\lib\net6.0-windows10.0.17763.0\Microsoft.Windows.ApplicationModel.WindowsAppRuntime.Projection.dll" because AutoUnify is 'true'.
             Using this version instead of original version "2.1.0.0" in "C:\Users\giris\.nuget\packages\microsoft.windowsappsdk.foundation\1.8.251104000\lib\net6.0-windows10.0.17763.0\Microsoft.Windows.BadgeNotifications.Projection.dll" because AutoUnify is 'true'.
             Using this version instead of original version "2.1.0.0" in "C:\Users\giris\.nuget\packages\microsoft.windowsappsdk.foundation\1.8.251104000\lib\net6.0-windows10.0.17763.0\Microsoft.Windows.Foundation.Projection.dll" because AutoUnify is 'true'.
             Using this version instead of original version "2.1.0.0" in "C:\Users\giris\.nuget\packages\microsoft.windowsappsdk.foundation\1.8.251104000\lib\net6.0-windows10.0.17763.0\Microsoft.Windows.Management.Deployment.Projection.dll" because AutoUnify is 'true'.
             Using this version instead of original version "2.1.0.0" in "C:\Users\giris\.nuget\packages\microsoft.windowsappsdk.foundation\1.8.251104000\lib\net6.0-windows10.0.17763.0\Microsoft.Windows.Media.Capture.Projection.dll" because AutoUnify is 'true'.
             Using this version instead of original version "2.1.0.0" in "C:\Users\giris\.nuget\packages\microsoft.windowsappsdk.foundation\1.8.251104000\lib\net6.0-windows10.0.17763.0\Microsoft.Windows.PushNotifications.Projection.dll" because AutoUnify is 'true'.
             Using this version instead of original version "2.1.0.0" in "C:\Users\giris\.nuget\packages\microsoft.windowsappsdk.foundation\1.8.251104000\lib\net6.0-windows10.0.17763.0\Microsoft.Windows.Security.AccessControl.Projection.dll" because AutoUnify is 'true'.
             Using this version instead of original version "2.1.0.0" in "C:\Users\giris\.nuget\packages\microsoft.windowsappsdk.foundation\1.8.251104000\lib\net6.0-windows10.0.17763.0\Microsoft.Windows.Storage.Pickers.Projection.dll" because AutoUnify is 'true'.
             Using this version instead of original version "2.1.0.0" in "C:\Users\giris\.nuget\packages\microsoft.windowsappsdk.foundation\1.8.251104000\lib\net6.0-windows10.0.17763.0\Microsoft.Windows.Storage.Projection.dll" because AutoUnify is 'true'.
             Using this version instead of original version "2.1.0.0" in "C:\Users\giris\.nuget\packages\microsoft.windowsappsdk.foundation\1.8.251104000\lib\net6.0-windows10.0.17763.0\Microsoft.Windows.System.Power.Projection.dll" because AutoUnify is 'true'.
             Using this version instead of original version "2.1.0.0" in "C:\Users\giris\.nuget\packages\microsoft.windowsappsdk.foundation\1.8.251104000\lib\net6.0-windows10.0.17763.0\Microsoft.Windows.System.Projection.dll" because AutoUnify is 'true'.
             Using this version instead of original version "2.1.0.0" in "C:\Users\giris\.nuget\packages\microsoft.windowsappsdk.interactiveexperiences\1.8.251104001\lib\net6.0-windows10.0.18362.0\Microsoft.InteractiveExperiences.Projection.dll" because AutoUnify is 'true'.
             Using this version instead of original version "2.1.0.0" in "C:\Users\giris\.nuget\packages\microsoft.windowsappsdk.ml\1.8.2109\lib\net8.0-windows10.0.17763.0\Microsoft.Windows.AI.MachineLearning.Projection.dll" because AutoUnify is 'true'.
             Using this version instead of original version "2.1.0.0" in "C:\Users\giris\.nuget\packages\microsoft.windowsappsdk.widgets\1.8.250904007\lib\net6.0-windows10.0.17763.0\Microsoft.Windows.Widgets.Projection.dll" because AutoUnify is 'true'.
             Using this version instead of original version "2.1.0.0" in "C:\Users\giris\.nuget\packages\microsoft.windowsappsdk.winui\1.8.251105000\lib\net6.0-windows10.0.17763.0\Microsoft.WinUI.dll" because AutoUnify is 'true'.
             Resolved file path is "C:\Users\giris\.nuget\packages\microsoft.windows.sdk.net.ref\10.0.19041.57\lib\net8.0\WinRT.Runtime.dll".
             Reference found at search path location "{RawFileName}".
             This reference is not "CopyLocal" because at least one source item had "Private" set to "false" and no source items had "Private" set to "true".
         Unified Dependency "System.Collections.Immutable, Version=10.0.0.0, Culture=neutral, PublicKeyToken=b03f5f7f11d50a3a".
             Using this version instead of original version "8.0.0.0" in "C:\Users\giris\.nuget\packages\microsoft.entityframeworkcore\8.0.0\lib\net8.0\Microsoft.EntityFrameworkCore.dll" because AutoUnify is 'true'.
             Using this version instead of original version "8.0.0.0" in "C:\Users\giris\.nuget\packages\microsoft.entityframeworkcore.relational\8.0.0\lib\net8.0\Microsoft.EntityFrameworkCore.Relational.dll" because AutoUnify is 'true'.
             Using this version instead of original version "8.0.0.0" in "C:\Users\giris\.nuget\packages\npgsql\8.0.0\lib\net8.0\Npgsql.dll" because AutoUnify is 'true'.
             Using this version instead of original version "8.0.0.0" in "C:\Users\giris\.nuget\packages\npgsql.entityframeworkcore.postgresql\8.0.0\lib\net8.0\Npgsql.EntityFrameworkCore.PostgreSQL.dll" because AutoUnify is 'true'.
             Could not resolve this reference. Could not locate the assembly "System.Collections.Immutable, Version=10.0.0.0, Culture=neutral, PublicKeyToken=b03f5f7f11d50a3a". Check to make sure the assembly exists on disk. If this reference is required by your code, you may get compilation errors.
             Required by "C:\Users\giris\.nuget\packages\microsoft.entityframeworkcore\8.0.0\lib\net8.0\Microsoft.EntityFrameworkCore.dll".
             Required by "C:\Users\giris\Documents\Code\Redesign-POS\Windows Based POS\Magidesk\Magidesk.Infrastructure\bin\Debug\net8.0\Magidesk.Infrastructure.dll".
             Required by "C:\Users\giris\.nuget\packages\microsoft.entityframeworkcore.relational\8.0.0\lib\net8.0\Microsoft.EntityFrameworkCore.Relational.dll".
             Required by "C:\Users\giris\.nuget\packages\npgsql\8.0.0\lib\net8.0\Npgsql.dll".
             Required by "C:\Users\giris\.nuget\packages\npgsql.entityframeworkcore.postgresql\8.0.0\lib\net8.0\Npgsql.EntityFrameworkCore.PostgreSQL.dll".
             Required by "C:\Users\giris\.nuget\packages\system.drawing.common\10.0.1\lib\net8.0\System.Private.Windows.Core.dll".
             Required by "C:\Users\giris\.nuget\packages\system.drawing.common\10.0.1\lib\net8.0\System.Drawing.Common.dll".
             Required by "C:\Users\giris\.nuget\packages\system.drawing.common\10.0.1\lib\net8.0\System.Private.Windows.GdiPlus.dll".
         Dependency "System.Reflection.Metadata, Version=10.0.0.0, Culture=neutral, PublicKeyToken=b03f5f7f11d50a3a".
             Could not resolve this reference. Could not locate the assembly "System.Reflection.Metadata, Version=10.0.0.0, Culture=neutral, PublicKeyToken=b03f5f7f11d50a3a". Check to make sure the assembly exists on disk. If this reference is required by your code, you may get compilation errors.
             Required by "C:\Users\giris\.nuget\packages\system.drawing.common\10.0.1\lib\net8.0\System.Private.Windows.Core.dll".
             Required by "C:\Users\giris\.nuget\packages\system.drawing.common\10.0.1\lib\net8.0\System.Drawing.Common.dll".
             Required by "C:\Users\giris\Documents\Code\Redesign-POS\Windows Based POS\Magidesk\Magidesk.Infrastructure\bin\Debug\net8.0\Magidesk.Infrastructure.dll".
             Required by "C:\Users\giris\.nuget\packages\system.drawing.common\10.0.1\lib\net8.0\System.Private.Windows.GdiPlus.dll".
         Dependency "System.Formats.Nrbf, Version=10.0.0.0, Culture=neutral, PublicKeyToken=cc7b13ffcd2ddd51".
             Could not resolve this reference. Could not locate the assembly "System.Formats.Nrbf, Version=10.0.0.0, Culture=neutral, PublicKeyToken=cc7b13ffcd2ddd51". Check to make sure the assembly exists on disk. If this reference is required by your code, you may get compilation errors.
                 For SearchPath "C:\Users\giris\.nuget\packages\system.drawing.common\10.0.1\lib\net8.0" (added by referencing assembly "C:\Users\giris\.nuget\packages\system.drawing.common\10.0.1\lib\net8.0\System.Private.Windows.Core.dll").
                 Considered "C:\Users\giris\.nuget\packages\system.drawing.common\10.0.1\lib\net8.0\System.Formats.Nrbf.winmd", but it didn't exist.
                 Considered "C:\Users\giris\.nuget\packages\system.drawing.common\10.0.1\lib\net8.0\System.Formats.Nrbf.dll", but it didn't exist.
                 Considered "C:\Users\giris\.nuget\packages\system.drawing.common\10.0.1\lib\net8.0\System.Formats.Nrbf.exe", but it didn't exist.
             Required by "C:\Users\giris\.nuget\packages\system.drawing.common\10.0.1\lib\net8.0\System.Private.Windows.Core.dll".
             Required by "C:\Users\giris\.nuget\packages\system.drawing.common\10.0.1\lib\net8.0\System.Drawing.Common.dll".
             Required by "C:\Users\giris\Documents\Code\Redesign-POS\Windows Based POS\Magidesk\Magidesk.Infrastructure\bin\Debug\net8.0\Magidesk.Infrastructure.dll".
             Required by "C:\Users\giris\.nuget\packages\system.drawing.common\10.0.1\lib\net8.0\System.Private.Windows.GdiPlus.dll".
   1:7>C:\Program Files\dotnet\sdk\10.0.101\Microsoft.Common.CurrentVersion.targets(2437,5): warning MSB3277: Found conflicts between different versions of "System.Collections.Immutable" that could not be resolved. [C:\Users\giris\Documents\Code\Redesign-POS\Windows Based POS\Magidesk\Magidesk.Presentation.csproj]
C:\Program Files\dotnet\sdk\10.0.101\Microsoft.Common.CurrentVersion.targets(2437,5): warning MSB3277: There was a conflict between "System.Collections.Immutable, Version=8.0.0.0, Culture=neutral, PublicKeyToken=b03f5f7f11d50a3a" and "System.Collections.Immutable, Version=10.0.0.0, Culture=neutral, PublicKeyToken=b03f5f7f11d50a3a". [C:\Users\giris\Documents\Code\Redesign-POS\Windows Based POS\Magidesk\Magidesk.Presentation.csproj]
C:\Program Files\dotnet\sdk\10.0.101\Microsoft.Common.CurrentVersion.targets(2437,5): warning MSB3277:     "System.Collections.Immutable, Version=8.0.0.0, Culture=neutral, PublicKeyToken=b03f5f7f11d50a3a" was chosen because it was primary and "System.Collections.Immutable, Version=10.0.0.0, Culture=neutral, PublicKeyToken=b03f5f7f11d50a3a" was not. [C:\Users\giris\Documents\Code\Redesign-POS\Windows Based POS\Magidesk\Magidesk.Presentation.csproj]
C:\Program Files\dotnet\sdk\10.0.101\Microsoft.Common.CurrentVersion.targets(2437,5): warning MSB3277:     References which depend on "System.Collections.Immutable, Version=8.0.0.0, Culture=neutral, PublicKeyToken=b03f5f7f11d50a3a" [C:\Program Files\dotnet\packs\Microsoft.NETCore.App.Ref\8.0.22\ref\net8.0\System.Collections.Immutable.dll]. [C:\Users\giris\Documents\Code\Redesign-POS\Windows Based POS\Magidesk\Magidesk.Presentation.csproj]
C:\Program Files\dotnet\sdk\10.0.101\Microsoft.Common.CurrentVersion.targets(2437,5): warning MSB3277:         C:\Program Files\dotnet\packs\Microsoft.NETCore.App.Ref\8.0.22\ref\net8.0\System.Collections.Immutable.dll [C:\Users\giris\Documents\Code\Redesign-POS\Windows Based POS\Magidesk\Magidesk.Presentation.csproj]
C:\Program Files\dotnet\sdk\10.0.101\Microsoft.Common.CurrentVersion.targets(2437,5): warning MSB3277:           Project file item includes which caused reference "C:\Program Files\dotnet\packs\Microsoft.NETCore.App.Ref\8.0.22\ref\net8.0\System.Collections.Immutable.dll". [C:\Users\giris\Documents\Code\Redesign-POS\Windows Based POS\Magidesk\Magidesk.Presentation.csproj]
C:\Program Files\dotnet\sdk\10.0.101\Microsoft.Common.CurrentVersion.targets(2437,5): warning MSB3277:             C:\Program Files\dotnet\packs\Microsoft.NETCore.App.Ref\8.0.22\ref/net8.0/System.Collections.Immutable.dll [C:\Users\giris\Documents\Code\Redesign-POS\Windows Based POS\Magidesk\Magidesk.Presentation.csproj]
C:\Program Files\dotnet\sdk\10.0.101\Microsoft.Common.CurrentVersion.targets(2437,5): warning MSB3277:     References which depend on or have been unified to "System.Collections.Immutable, Version=10.0.0.0, Culture=neutral, PublicKeyToken=b03f5f7f11d50a3a" []. [C:\Users\giris\Documents\Code\Redesign-POS\Windows Based POS\Magidesk\Magidesk.Presentation.csproj]
C:\Program Files\dotnet\sdk\10.0.101\Microsoft.Common.CurrentVersion.targets(2437,5): warning MSB3277:         C:\Users\giris\.nuget\packages\microsoft.entityframeworkcore\8.0.0\lib\net8.0\Microsoft.EntityFrameworkCore.dll [C:\Users\giris\Documents\Code\Redesign-POS\Windows Based POS\Magidesk\Magidesk.Presentation.csproj]
C:\Program Files\dotnet\sdk\10.0.101\Microsoft.Common.CurrentVersion.targets(2437,5): warning MSB3277:           Project file item includes which caused reference "C:\Users\giris\.nuget\packages\microsoft.entityframeworkcore\8.0.0\lib\net8.0\Microsoft.EntityFrameworkCore.dll". [C:\Users\giris\Documents\Code\Redesign-POS\Windows Based POS\Magidesk\Magidesk.Presentation.csproj]
C:\Program Files\dotnet\sdk\10.0.101\Microsoft.Common.CurrentVersion.targets(2437,5): warning MSB3277:             C:\Users\giris\.nuget\packages\microsoft.entityframeworkcore\8.0.0\lib\net8.0\Microsoft.EntityFrameworkCore.dll [C:\Users\giris\Documents\Code\Redesign-POS\Windows Based POS\Magidesk\Magidesk.Presentation.csproj]
C:\Program Files\dotnet\sdk\10.0.101\Microsoft.Common.CurrentVersion.targets(2437,5): warning MSB3277:             C:\Users\giris\Documents\Code\Redesign-POS\Windows Based POS\Magidesk\Magidesk.Infrastructure\bin\Debug\net8.0\Magidesk.Infrastructure.dll [C:\Users\giris\Documents\Code\Redesign-POS\Windows Based POS\Magidesk\Magidesk.Presentation.csproj]
C:\Program Files\dotnet\sdk\10.0.101\Microsoft.Common.CurrentVersion.targets(2437,5): warning MSB3277:             C:\Users\giris\.nuget\packages\microsoft.entityframeworkcore.relational\8.0.0\lib\net8.0\Microsoft.EntityFrameworkCore.Relational.dll [C:\Users\giris\Documents\Code\Redesign-POS\Windows Based POS\Magidesk\Magidesk.Presentation.csproj]
C:\Program Files\dotnet\sdk\10.0.101\Microsoft.Common.CurrentVersion.targets(2437,5): warning MSB3277:             C:\Users\giris\.nuget\packages\npgsql.entityframeworkcore.postgresql\8.0.0\lib\net8.0\Npgsql.EntityFrameworkCore.PostgreSQL.dll [C:\Users\giris\Documents\Code\Redesign-POS\Windows Based POS\Magidesk\Magidesk.Presentation.csproj]
C:\Program Files\dotnet\sdk\10.0.101\Microsoft.Common.CurrentVersion.targets(2437,5): warning MSB3277:         C:\Users\giris\.nuget\packages\microsoft.entityframeworkcore.relational\8.0.0\lib\net8.0\Microsoft.EntityFrameworkCore.Relational.dll [C:\Users\giris\Documents\Code\Redesign-POS\Windows Based POS\Magidesk\Magidesk.Presentation.csproj]
C:\Program Files\dotnet\sdk\10.0.101\Microsoft.Common.CurrentVersion.targets(2437,5): warning MSB3277:           Project file item includes which caused reference "C:\Users\giris\.nuget\packages\microsoft.entityframeworkcore.relational\8.0.0\lib\net8.0\Microsoft.EntityFrameworkCore.Relational.dll". [C:\Users\giris\Documents\Code\Redesign-POS\Windows Based POS\Magidesk\Magidesk.Presentation.csproj]
C:\Program Files\dotnet\sdk\10.0.101\Microsoft.Common.CurrentVersion.targets(2437,5): warning MSB3277:             C:\Users\giris\.nuget\packages\microsoft.entityframeworkcore.relational\8.0.0\lib\net8.0\Microsoft.EntityFrameworkCore.Relational.dll [C:\Users\giris\Documents\Code\Redesign-POS\Windows Based POS\Magidesk\Magidesk.Presentation.csproj]
C:\Program Files\dotnet\sdk\10.0.101\Microsoft.Common.CurrentVersion.targets(2437,5): warning MSB3277:             C:\Users\giris\Documents\Code\Redesign-POS\Windows Based POS\Magidesk\Magidesk.Infrastructure\bin\Debug\net8.0\Magidesk.Infrastructure.dll [C:\Users\giris\Documents\Code\Redesign-POS\Windows Based POS\Magidesk\Magidesk.Presentation.csproj]
C:\Program Files\dotnet\sdk\10.0.101\Microsoft.Common.CurrentVersion.targets(2437,5): warning MSB3277:             C:\Users\giris\.nuget\packages\npgsql.entityframeworkcore.postgresql\8.0.0\lib\net8.0\Npgsql.EntityFrameworkCore.PostgreSQL.dll [C:\Users\giris\Documents\Code\Redesign-POS\Windows Based POS\Magidesk\Magidesk.Presentation.csproj]
C:\Program Files\dotnet\sdk\10.0.101\Microsoft.Common.CurrentVersion.targets(2437,5): warning MSB3277:         C:\Users\giris\.nuget\packages\npgsql\8.0.0\lib\net8.0\Npgsql.dll [C:\Users\giris\Documents\Code\Redesign-POS\Windows Based POS\Magidesk\Magidesk.Presentation.csproj]
C:\Program Files\dotnet\sdk\10.0.101\Microsoft.Common.CurrentVersion.targets(2437,5): warning MSB3277:           Project file item includes which caused reference "C:\Users\giris\.nuget\packages\npgsql\8.0.0\lib\net8.0\Npgsql.dll". [C:\Users\giris\Documents\Code\Redesign-POS\Windows Based POS\Magidesk\Magidesk.Presentation.csproj]
C:\Program Files\dotnet\sdk\10.0.101\Microsoft.Common.CurrentVersion.targets(2437,5): warning MSB3277:             C:\Users\giris\.nuget\packages\npgsql\8.0.0\lib\net8.0\Npgsql.dll [C:\Users\giris\Documents\Code\Redesign-POS\Windows Based POS\Magidesk\Magidesk.Presentation.csproj]
C:\Program Files\dotnet\sdk\10.0.101\Microsoft.Common.CurrentVersion.targets(2437,5): warning MSB3277:             C:\Users\giris\.nuget\packages\npgsql.entityframeworkcore.postgresql\8.0.0\lib\net8.0\Npgsql.EntityFrameworkCore.PostgreSQL.dll [C:\Users\giris\Documents\Code\Redesign-POS\Windows Based POS\Magidesk\Magidesk.Presentation.csproj]
C:\Program Files\dotnet\sdk\10.0.101\Microsoft.Common.CurrentVersion.targets(2437,5): warning MSB3277:             C:\Users\giris\Documents\Code\Redesign-POS\Windows Based POS\Magidesk\Magidesk.Infrastructure\bin\Debug\net8.0\Magidesk.Infrastructure.dll [C:\Users\giris\Documents\Code\Redesign-POS\Windows Based POS\Magidesk\Magidesk.Presentation.csproj]
C:\Program Files\dotnet\sdk\10.0.101\Microsoft.Common.CurrentVersion.targets(2437,5): warning MSB3277:         C:\Users\giris\.nuget\packages\npgsql.entityframeworkcore.postgresql\8.0.0\lib\net8.0\Npgsql.EntityFrameworkCore.PostgreSQL.dll [C:\Users\giris\Documents\Code\Redesign-POS\Windows Based POS\Magidesk\Magidesk.Presentation.csproj]
C:\Program Files\dotnet\sdk\10.0.101\Microsoft.Common.CurrentVersion.targets(2437,5): warning MSB3277:           Project file item includes which caused reference "C:\Users\giris\.nuget\packages\npgsql.entityframeworkcore.postgresql\8.0.0\lib\net8.0\Npgsql.EntityFrameworkCore.PostgreSQL.dll". [C:\Users\giris\Documents\Code\Redesign-POS\Windows Based POS\Magidesk\Magidesk.Presentation.csproj]
C:\Program Files\dotnet\sdk\10.0.101\Microsoft.Common.CurrentVersion.targets(2437,5): warning MSB3277:             C:\Users\giris\.nuget\packages\npgsql.entityframeworkcore.postgresql\8.0.0\lib\net8.0\Npgsql.EntityFrameworkCore.PostgreSQL.dll [C:\Users\giris\Documents\Code\Redesign-POS\Windows Based POS\Magidesk\Magidesk.Presentation.csproj]
C:\Program Files\dotnet\sdk\10.0.101\Microsoft.Common.CurrentVersion.targets(2437,5): warning MSB3277:             C:\Users\giris\Documents\Code\Redesign-POS\Windows Based POS\Magidesk\Magidesk.Infrastructure\bin\Debug\net8.0\Magidesk.Infrastructure.dll [C:\Users\giris\Documents\Code\Redesign-POS\Windows Based POS\Magidesk\Magidesk.Presentation.csproj]
C:\Program Files\dotnet\sdk\10.0.101\Microsoft.Common.CurrentVersion.targets(2437,5): warning MSB3277:         C:\Users\giris\.nuget\packages\system.drawing.common\10.0.1\lib\net8.0\System.Private.Windows.Core.dll [C:\Users\giris\Documents\Code\Redesign-POS\Windows Based POS\Magidesk\Magidesk.Presentation.csproj]
C:\Program Files\dotnet\sdk\10.0.101\Microsoft.Common.CurrentVersion.targets(2437,5): warning MSB3277:           Project file item includes which caused reference "C:\Users\giris\.nuget\packages\system.drawing.common\10.0.1\lib\net8.0\System.Private.Windows.Core.dll". [C:\Users\giris\Documents\Code\Redesign-POS\Windows Based POS\Magidesk\Magidesk.Presentation.csproj]
C:\Program Files\dotnet\sdk\10.0.101\Microsoft.Common.CurrentVersion.targets(2437,5): warning MSB3277:             C:\Users\giris\.nuget\packages\system.drawing.common\10.0.1\lib\net8.0\System.Private.Windows.Core.dll [C:\Users\giris\Documents\Code\Redesign-POS\Windows Based POS\Magidesk\Magidesk.Presentation.csproj]
C:\Program Files\dotnet\sdk\10.0.101\Microsoft.Common.CurrentVersion.targets(2437,5): warning MSB3277:             C:\Users\giris\.nuget\packages\system.drawing.common\10.0.1\lib\net8.0\System.Drawing.Common.dll [C:\Users\giris\Documents\Code\Redesign-POS\Windows Based POS\Magidesk\Magidesk.Presentation.csproj]
C:\Program Files\dotnet\sdk\10.0.101\Microsoft.Common.CurrentVersion.targets(2437,5): warning MSB3277:             C:\Users\giris\Documents\Code\Redesign-POS\Windows Based POS\Magidesk\Magidesk.Infrastructure\bin\Debug\net8.0\Magidesk.Infrastructure.dll [C:\Users\giris\Documents\Code\Redesign-POS\Windows Based POS\Magidesk\Magidesk.Presentation.csproj]
C:\Program Files\dotnet\sdk\10.0.101\Microsoft.Common.CurrentVersion.targets(2437,5): warning MSB3277:             C:\Users\giris\.nuget\packages\system.drawing.common\10.0.1\lib\net8.0\System.Private.Windows.GdiPlus.dll [C:\Users\giris\Documents\Code\Redesign-POS\Windows Based POS\Magidesk\Magidesk.Presentation.csproj]
   1:7>C:\Program Files\dotnet\sdk\10.0.101\Microsoft.Common.CurrentVersion.targets(2437,5): warning MSB3277: Found conflicts between different versions of "System.Reflection.Metadata" that could not be resolved. [C:\Users\giris\Documents\Code\Redesign-POS\Windows Based POS\Magidesk\Magidesk.Presentation.csproj]
C:\Program Files\dotnet\sdk\10.0.101\Microsoft.Common.CurrentVersion.targets(2437,5): warning MSB3277: There was a conflict between "System.Reflection.Metadata, Version=8.0.0.0, Culture=neutral, PublicKeyToken=b03f5f7f11d50a3a" and "System.Reflection.Metadata, Version=10.0.0.0, Culture=neutral, PublicKeyToken=b03f5f7f11d50a3a". [C:\Users\giris\Documents\Code\Redesign-POS\Windows Based POS\Magidesk\Magidesk.Presentation.csproj]
C:\Program Files\dotnet\sdk\10.0.101\Microsoft.Common.CurrentVersion.targets(2437,5): warning MSB3277:     "System.Reflection.Metadata, Version=8.0.0.0, Culture=neutral, PublicKeyToken=b03f5f7f11d50a3a" was chosen because it was primary and "System.Reflection.Metadata, Version=10.0.0.0, Culture=neutral, PublicKeyToken=b03f5f7f11d50a3a" was not. [C:\Users\giris\Documents\Code\Redesign-POS\Windows Based POS\Magidesk\Magidesk.Presentation.csproj]
C:\Program Files\dotnet\sdk\10.0.101\Microsoft.Common.CurrentVersion.targets(2437,5): warning MSB3277:     References which depend on "System.Reflection.Metadata, Version=8.0.0.0, Culture=neutral, PublicKeyToken=b03f5f7f11d50a3a" [C:\Program Files\dotnet\packs\Microsoft.NETCore.App.Ref\8.0.22\ref\net8.0\System.Reflection.Metadata.dll]. [C:\Users\giris\Documents\Code\Redesign-POS\Windows Based POS\Magidesk\Magidesk.Presentation.csproj]
C:\Program Files\dotnet\sdk\10.0.101\Microsoft.Common.CurrentVersion.targets(2437,5): warning MSB3277:         C:\Program Files\dotnet\packs\Microsoft.NETCore.App.Ref\8.0.22\ref\net8.0\System.Reflection.Metadata.dll [C:\Users\giris\Documents\Code\Redesign-POS\Windows Based POS\Magidesk\Magidesk.Presentation.csproj]
C:\Program Files\dotnet\sdk\10.0.101\Microsoft.Common.CurrentVersion.targets(2437,5): warning MSB3277:           Project file item includes which caused reference "C:\Program Files\dotnet\packs\Microsoft.NETCore.App.Ref\8.0.22\ref\net8.0\System.Reflection.Metadata.dll". [C:\Users\giris\Documents\Code\Redesign-POS\Windows Based POS\Magidesk\Magidesk.Presentation.csproj]
C:\Program Files\dotnet\sdk\10.0.101\Microsoft.Common.CurrentVersion.targets(2437,5): warning MSB3277:             C:\Program Files\dotnet\packs\Microsoft.NETCore.App.Ref\8.0.22\ref/net8.0/System.Reflection.Metadata.dll [C:\Users\giris\Documents\Code\Redesign-POS\Windows Based POS\Magidesk\Magidesk.Presentation.csproj]
C:\Program Files\dotnet\sdk\10.0.101\Microsoft.Common.CurrentVersion.targets(2437,5): warning MSB3277:     References which depend on or have been unified to "System.Reflection.Metadata, Version=10.0.0.0, Culture=neutral, PublicKeyToken=b03f5f7f11d50a3a" []. [C:\Users\giris\Documents\Code\Redesign-POS\Windows Based POS\Magidesk\Magidesk.Presentation.csproj]
C:\Program Files\dotnet\sdk\10.0.101\Microsoft.Common.CurrentVersion.targets(2437,5): warning MSB3277:         C:\Users\giris\.nuget\packages\system.drawing.common\10.0.1\lib\net8.0\System.Private.Windows.Core.dll [C:\Users\giris\Documents\Code\Redesign-POS\Windows Based POS\Magidesk\Magidesk.Presentation.csproj]
C:\Program Files\dotnet\sdk\10.0.101\Microsoft.Common.CurrentVersion.targets(2437,5): warning MSB3277:           Project file item includes which caused reference "C:\Users\giris\.nuget\packages\system.drawing.common\10.0.1\lib\net8.0\System.Private.Windows.Core.dll". [C:\Users\giris\Documents\Code\Redesign-POS\Windows Based POS\Magidesk\Magidesk.Presentation.csproj]
C:\Program Files\dotnet\sdk\10.0.101\Microsoft.Common.CurrentVersion.targets(2437,5): warning MSB3277:             C:\Users\giris\.nuget\packages\system.drawing.common\10.0.1\lib\net8.0\System.Private.Windows.Core.dll [C:\Users\giris\Documents\Code\Redesign-POS\Windows Based POS\Magidesk\Magidesk.Presentation.csproj]
C:\Program Files\dotnet\sdk\10.0.101\Microsoft.Common.CurrentVersion.targets(2437,5): warning MSB3277:             C:\Users\giris\.nuget\packages\system.drawing.common\10.0.1\lib\net8.0\System.Drawing.Common.dll [C:\Users\giris\Documents\Code\Redesign-POS\Windows Based POS\Magidesk\Magidesk.Presentation.csproj]
C:\Program Files\dotnet\sdk\10.0.101\Microsoft.Common.CurrentVersion.targets(2437,5): warning MSB3277:             C:\Users\giris\Documents\Code\Redesign-POS\Windows Based POS\Magidesk\Magidesk.Infrastructure\bin\Debug\net8.0\Magidesk.Infrastructure.dll [C:\Users\giris\Documents\Code\Redesign-POS\Windows Based POS\Magidesk\Magidesk.Presentation.csproj]
C:\Program Files\dotnet\sdk\10.0.101\Microsoft.Common.CurrentVersion.targets(2437,5): warning MSB3277:             C:\Users\giris\.nuget\packages\system.drawing.common\10.0.1\lib\net8.0\System.Private.Windows.GdiPlus.dll [C:\Users\giris\Documents\Code\Redesign-POS\Windows Based POS\Magidesk\Magidesk.Presentation.csproj]
       Done executing task "ResolveAssemblyReference".
   1:7>Done building target "ResolveAssemblyReferences" in project "Magidesk.Presentation.csproj".
   1:7>Target "_ErrorOnUnresolvedWindowsSDKAssemblyConflict" in file "C:\Program Files\dotnet\sdk\10.0.101\Sdks\Microsoft.NET.Sdk\targets\Microsoft.NET.Windows.targets" from project "C:\Users\giris\Documents\Code\Redesign-POS\Windows Based POS\Magidesk\Magidesk.Presentation.csproj" (target "ResolveReferences" depends on it):
   1:7>Done building target "_ErrorOnUnresolvedWindowsSDKAssemblyConflict" in project "Magidesk.Presentation.csproj".
   1:7>Target "AfterResolveReferences" in file "C:\Program Files\dotnet\sdk\10.0.101\Microsoft.Common.CurrentVersion.targets" from project "C:\Users\giris\Documents\Code\Redesign-POS\Windows Based POS\Magidesk\Magidesk.Presentation.csproj" (target "ResolveReferences" depends on it):
   1:7>Done building target "AfterResolveReferences" in project "Magidesk.Presentation.csproj".
       Target "ResolveAssemblyReferences" skipped. Previously built successfully.
   1:7>Target "WindowsAppSDKVerifyCsWinRtVersions" in file "C:\Users\giris\.nuget\packages\microsoft.windowsappsdk.base\1.8.250831001\buildTransitive\Microsoft.WindowsAppSDK.Base.targets" from project "C:\Users\giris\Documents\Code\Redesign-POS\Windows Based POS\Magidesk\Magidesk.Presentation.csproj" (target "ResolveReferences" depends on it):
   1:7>Done building target "WindowsAppSDKVerifyCsWinRtVersions" in project "Magidesk.Presentation.csproj".
       Target "ResolveAssemblyReferences" skipped. Previously built successfully.
   1:7>Target "MvvmToolkitVerifyWindowsSdkPackageVersion" in file "C:\Users\giris\.nuget\packages\communitytoolkit.mvvm\8.4.0\buildTransitive\CommunityToolkit.Mvvm.WindowsSdk.targets" from project "C:\Users\giris\Documents\Code\Redesign-POS\Windows Based POS\Magidesk\Magidesk.Presentation.csproj" (target "ResolveReferences" depends on it):
   1:7>Done building target "MvvmToolkitVerifyWindowsSdkPackageVersion" in project "Magidesk.Presentation.csproj".
   1:7>Target "ResolveReferences" in file "C:\Program Files\dotnet\sdk\10.0.101\Microsoft.Common.CurrentVersion.targets" from project "C:\Users\giris\Documents\Code\Redesign-POS\Windows Based POS\Magidesk\Magidesk.Presentation.csproj" (target "_BlockWinMDsOnUnsupportedTFMs" depends on it):
   1:7>Done building target "ResolveReferences" in project "Magidesk.Presentation.csproj".
   1:7>Target "_BlockWinMDsOnUnsupportedTFMs" in file "C:\Program Files\dotnet\sdk\10.0.101\Sdks\Microsoft.NET.Sdk\targets\Microsoft.NET.Sdk.targets" from project "C:\Users\giris\Documents\Code\Redesign-POS\Windows Based POS\Magidesk\Magidesk.Presentation.csproj" (target "CoreBuild" depends on it):
       Using "CheckForUnsupportedWinMDReferences" task from assembly "C:\Program Files\dotnet\sdk\10.0.101\Sdks\Microsoft.NET.Sdk\targets\..\tools\net10.0\Microsoft.NET.Build.Tasks.dll".
       Task "CheckForUnsupportedWinMDReferences"
       Done executing task "CheckForUnsupportedWinMDReferences".
   1:7>Done building target "_BlockWinMDsOnUnsupportedTFMs" in project "Magidesk.Presentation.csproj".
       Target "ResolveReferences" skipped. Previously built successfully.
       Target "ResolvePackageDependenciesForBuild" skipped. Previously built successfully.
       Target "_HandlePackageFileConflicts" skipped. Previously built successfully.
       Target "AddImplicitDefineConstants" skipped. Previously built successfully.
   1:7>Target "GetVCInstallPath" in file "C:\Users\giris\.nuget\packages\microsoft.windowsappsdk.winui\1.8.251105000\buildTransitive\Microsoft.UI.Xaml.Markup.Compiler.interop.targets" from project "C:\Users\giris\Documents\Code\Redesign-POS\Windows Based POS\Magidesk\Magidesk.Presentation.csproj" (target "MarkupCompilePass1" depends on it):
   1:7>Done building target "GetVCInstallPath" in project "Magidesk.Presentation.csproj".
   1:7>Target "CalculateAppxGenerateProjectPriEnabled" in file "C:\Users\giris\.nuget\packages\microsoft.windows.sdk.buildtools.msix\1.7.20250829.1\build\Microsoft.Windows.SDK.BuildTools.MSIX.Pri.targets" from project "C:\Users\giris\Documents\Code\Redesign-POS\Windows Based POS\Magidesk\Magidesk.Presentation.csproj" (target "GetPriIndexName" depends on it):
   1:7>Done building target "CalculateAppxGenerateProjectPriEnabled" in project "Magidesk.Presentation.csproj".
   1:7>Target "GetPriIndexName" in file "C:\Users\giris\.nuget\packages\microsoft.windowsappsdk.winui\1.8.251105000\buildTransitive\Microsoft.UI.Xaml.Markup.Compiler.interop.targets" from project "C:\Users\giris\Documents\Code\Redesign-POS\Windows Based POS\Magidesk\Magidesk.Presentation.csproj" (target "MarkupCompilePass1" depends on it):
   1:7>Done building target "GetPriIndexName" in project "Magidesk.Presentation.csproj".
   1:7>Target "_UpdatePriIndex" in file "C:\Users\giris\.nuget\packages\microsoft.windows.sdk.buildtools.msix\1.7.20250829.1\build\Microsoft.Windows.SDK.BuildTools.MSIX.Common.props" from project "C:\Users\giris\Documents\Code\Redesign-POS\Windows Based POS\Magidesk\Magidesk.Presentation.csproj" (target "MarkupCompilePass1" depends on it):
       C:\Users\giris\.nuget\packages\microsoft.windows.sdk.buildtools.msix\1.7.20250829.1\build\Microsoft.Windows.SDK.BuildTools.MSIX.Common.props(41,7): message : Property reassignment: $(PriIndexName)="" (previous value: "Magidesk.Presentation") at C:\Users\giris\.nuget\packages\microsoft.windows.sdk.buildtools.msix\1.7.20250829.1\build\Microsoft.Windows.SDK.BuildTools.MSIX.Common.props (41,7) [C:\Users\giris\Documents\Code\Redesign-POS\Windows Based POS\Magidesk\Magidesk.Presentation.csproj]
   1:7>Done building target "_UpdatePriIndex" in project "Magidesk.Presentation.csproj".
   1:7>Target "GetPrecompiledHeaderFile" in file "C:\Users\giris\.nuget\packages\microsoft.windowsappsdk.winui\1.8.251105000\buildTransitive\Microsoft.UI.Xaml.Markup.Compiler.interop.targets" from project "C:\Users\giris\Documents\Code\Redesign-POS\Windows Based POS\Magidesk\Magidesk.Presentation.csproj" (target "MarkupCompilePass1" depends on it):
   1:7>Done building target "GetPrecompiledHeaderFile" in project "Magidesk.Presentation.csproj".
   1:7>Target "MarkupCompilePass1" in file "C:\Users\giris\.nuget\packages\microsoft.windowsappsdk.winui\1.8.251105000\buildTransitive\Microsoft.UI.Xaml.Markup.Compiler.interop.targets" from project "C:\Users\giris\Documents\Code\Redesign-POS\Windows Based POS\Magidesk\Magidesk.Presentation.csproj" (target "PrepareResources" depends on it):
       Task "MakeDir"
       Done executing task "MakeDir".
       Using "InputSerializer" task from assembly "C:\Users\giris\.nuget\packages\microsoft.windowsappsdk.winui\1.8.251105000\buildTransitive\..\tools\net6.0\Microsoft.UI.Xaml.Markup.Compiler.IO.dll".
       Task "InputSerializer"
       Done executing task "InputSerializer".
       Using "Exec" task from assembly "Microsoft.Build.Tasks.Core, Version=15.1.0.0, Culture=neutral, PublicKeyToken=b03f5f7f11d50a3a".
       Task "Exec"
         "C:\Users\giris\.nuget\packages\microsoft.windowsappsdk.winui\1.8.251105000\buildTransitive\..\tools\net6.0\..\net472\XamlCompiler.exe" "obj\Debug\net8.0-windows10.0.19041.0\\input.json" "obj\Debug\net8.0-windows10.0.19041.0\\output.json"
       Done executing task "Exec".
       Using "OutputDeserializer" task from assembly "C:\Users\giris\.nuget\packages\microsoft.windowsappsdk.winui\1.8.251105000\buildTransitive\..\tools\net6.0\Microsoft.UI.Xaml.Markup.Compiler.IO.dll".
       Task "OutputDeserializer"
         Xaml Compiler Marker: 9:24:43 PM: 278 perfXC_StartPass1, Magidesk.Presentation
         Xaml Compiler Marker: 9:24:43 PM: 300 perfXC_FingerprintCheck, Using managed HashForWinMD
         Xaml Compiler Marker: 9:24:43 PM: 354 perfXC_FingerprintCheck, Using managed HashForWinMD
         Xaml Compiler Marker: 9:24:43 PM: 359 perfXC_FingerprintCheck, Using managed HashForWinMD
       Done executing task "OutputDeserializer".
       Task "Message"
         (Out) GeneratedCodeFiles: 'C:\Users\giris\Documents\Code\Redesign-POS\Windows Based POS\Magidesk\obj\Debug\net8.0-windows10.0.19041.0\App.g.i.cs;C:\Users\giris\Documents\Code\Redesign-POS\Windows Based POS\Magidesk\obj\Debug\net8.0-windows10.0.19041.0\App.g.cs;C:\Users\giris\Documents\Code\Redesign-POS\Windows Based POS\Magidesk\obj\Debug\net8.0-windows10.0.19041.0\Magidesk.Presentation\Views\Components\TableShapePalette.g.i.cs;C:\Users\giris\Documents\Code\Redesign-POS\Windows Based POS\Magidesk\obj\Debug\net8.0-windows10.0.19041.0\Magidesk.Presentation\Views\Components\TableShapePalette.g.cs;C:\Users\giris\Documents\Code\Redesign-POS\Windows Based POS\Magidesk\obj\Debug\net8.0-windows10.0.19041.0\Magidesk.Presentation\Views\Components\VirtualizedTableCanvas.g.i.cs;C:\Users\giris\Documents\Code\Redesign-POS\Windows Based POS\Magidesk\obj\Debug\net8.0-windows10.0.19041.0\Magidesk.Presentation\Views\Components\VirtualizedTableCanvas.g.cs;C:\Users\giris\Documents\Code\Redesign-POS\Windows Based POS\Magidesk\obj\Debug\net8.0-windows10.0.19041.0\Magidesk.Presentation\Views\FloorManagementPage.g.i.cs;C:\Users\giris\Documents\Code\Redesign-POS\Windows Based POS\Magidesk\obj\Debug\net8.0-windows10.0.19041.0\Magidesk.Presentation\Views\FloorManagementPage.g.cs;C:\Users\giris\Documents\Code\Redesign-POS\Windows Based POS\Magidesk\obj\Debug\net8.0-windows10.0.19041.0\Magidesk.Presentation\Views\TableDesignerPage.g.i.cs;C:\Users\giris\Documents\Code\Redesign-POS\Windows Based POS\Magidesk\obj\Debug\net8.0-windows10.0.19041.0\Magidesk.Presentation\Views\TableDesignerPage.g.cs;C:\Users\giris\Documents\Code\Redesign-POS\Windows Based POS\Magidesk\obj\Debug\net8.0-windows10.0.19041.0\Magidesk.Presentation\Views\TableDesignerTestPage.g.i.cs;C:\Users\giris\Documents\Code\Redesign-POS\Windows Based POS\Magidesk\obj\Debug\net8.0-windows10.0.19041.0\Magidesk.Presentation\Views\TableDesignerTestPage.g.cs;C:\Users\giris\Documents\Code\Redesign-POS\Windows Based POS\Magidesk\obj\Debug\net8.0-windows10.0.19041.0\MainWindow.g.i.cs;C:\Users\giris\Documents\Code\Redesign-POS\Windows Based POS\Magidesk\obj\Debug\net8.0-windows10.0.19041.0\MainWindow.g.cs;C:\Users\giris\Documents\Code\Redesign-POS\Windows Based POS\Magidesk\obj\Debug\net8.0-windows10.0.19041.0\Views\AuthorizationCaptureBatchDialog.g.i.cs;C:\Users\giris\Documents\Code\Redesign-POS\Windows Based POS\Magidesk\obj\Debug\net8.0-windows10.0.19041.0\Views\AuthorizationCaptureBatchDialog.g.cs;C:\Users\giris\Documents\Code\Redesign-POS\Windows Based POS\Magidesk\obj\Debug\net8.0-windows10.0.19041.0\Views\AuthorizationCodeDialog.g.i.cs;C:\Users\giris\Documents\Code\Redesign-POS\Windows Based POS\Magidesk\obj\Debug\net8.0-windows10.0.19041.0\Views\AuthorizationCodeDialog.g.cs;C:\Users\giris\Documents\Code\Redesign-POS\Windows Based POS\Magidesk\obj\Debug\net8.0-windows10.0.19041.0\Views\BackOfficePage.g.i.cs;C:\Users\giris\Documents\Code\Redesign-POS\Windows Based POS\Magidesk\obj\Debug\net8.0-windows10.0.19041.0\Views\BackOfficePage.g.cs;C:\Users\giris\Documents\Code\Redesign-POS\Windows Based POS\Magidesk\obj\Debug\net8.0-windows10.0.19041.0\Views\CashDropManagementDialog.g.i.cs;C:\Users\giris\Documents\Code\Redesign-POS\Windows Based POS\Magidesk\obj\Debug\net8.0-windows10.0.19041.0\Views\CashDropManagementDialog.g.cs;C:\Users\giris\Documents\Code\Redesign-POS\Windows Based POS\Magidesk\obj\Debug\net8.0-windows10.0.19041.0\Views\CashEntryDialog.g.i.cs;C:\Users\giris\Documents\Code\Redesign-POS\Windows Based POS\Magidesk\obj\Debug\net8.0-windows10.0.19041.0\Views\CashEntryDialog.g.cs;C:\Users\giris\Documents\Code\Redesign-POS\Windows Based POS\Magidesk\obj\Debug\net8.0-windows10.0.19041.0\Views\CashSessionPage.g.i.cs;C:\Users\giris\Documents\Code\Redesign-POS\Windows Based POS\Magidesk\obj\Debug\net8.0-windows10.0.19041.0\Views\CashSessionPage.g.cs;C:\Users\giris\Documents\Code\Redesign-POS\Windows Based POS\Magidesk\obj\Debug\net8.0-windows10.0.19041.0\Views\Dialogs\AddOnSelectionDialog.g.i.cs;C:\Users\giris\Documents\Code\Redesign-POS\Windows Based POS\Magidesk\obj\Debug\net8.0-windows10.0.19041.0\Views\Dialogs\AddOnSelectionDialog.g.cs;C:\Users\giris\Documents\Code\Redesign-POS\Windows Based POS\Magidesk\obj\Debug\net8.0-windows10.0.19041.0\Views\Dialogs\CashEntryDialog.g.i.cs;C:\Users\giris\Documents\Code\Redesign-POS\Windows Based POS\Magidesk\obj\Debug\net8.0-windows10.0.19041.0\Views\Dialogs\CashEntryDialog.g.cs;C:\Users\giris\Documents\Code\Redesign-POS\Windows Based POS\Magidesk\obj\Debug\net8.0-windows10.0.19041.0\Views\Dialogs\ComboSelectionDialog.g.i.cs;C:\Users\giris\Documents\Code\Redesign-POS\Windows Based POS\Magidesk\obj\Debug\net8.0-windows10.0.19041.0\Views\Dialogs\ComboSelectionDialog.g.cs;C:\Users\giris\Documents\Code\Redesign-POS\Windows Based POS\Magidesk\obj\Debug\net8.0-windows10.0.19041.0\Views\Dialogs\CookingInstructionDialog.g.i.cs;C:\Users\giris\Documents\Code\Redesign-POS\Windows Based POS\Magidesk\obj\Debug\net8.0-windows10.0.19041.0\Views\Dialogs\CookingInstructionDialog.g.cs;C:\Users\giris\Documents\Code\Redesign-POS\Windows Based POS\Magidesk\obj\Debug\net8.0-windows10.0.19041.0\Views\Dialogs\CustomerSelectionDialog.g.i.cs;C:\Users\giris\Documents\Code\Redesign-POS\Windows Based POS\Magidesk\obj\Debug\net8.0-windows10.0.19041.0\Views\Dialogs\CustomerSelectionDialog.g.cs;C:\Users\giris\Documents\Code\Redesign-POS\Windows Based POS\Magidesk\obj\Debug\net8.0-windows10.0.19041.0\Views\Dialogs\GuestCountDialog.g.i.cs;C:\Users\giris\Documents\Code\Redesign-POS\Windows Based POS\Magidesk\obj\Debug\net8.0-windows10.0.19041.0\Views\Dialogs\GuestCountDialog.g.cs;C:\Users\giris\Documents\Code\Redesign-POS\Windows Based POS\Magidesk\obj\Debug\net8.0-windows10.0.19041.0\Views\Dialogs\ItemSearchDialog.g.i.cs;C:\Users\giris\Documents\Code\Redesign-POS\Windows Based POS\Magidesk\obj\Debug\net8.0-windows10.0.19041.0\Views\Dialogs\ItemSearchDialog.g.cs;C:\Users\giris\Documents\Code\Redesign-POS\Windows Based POS\Magidesk\obj\Debug\net8.0-windows10.0.19041.0\Views\Dialogs\MergeTicketsDialog.g.i.cs;C:\Users\giris\Documents\Code\Redesign-POS\Windows Based POS\Magidesk\obj\Debug\net8.0-windows10.0.19041.0\Views\Dialogs\MergeTicketsDialog.g.cs;C:\Users\giris\Documents\Code\Redesign-POS\Windows Based POS\Magidesk\obj\Debug\net8.0-windows10.0.19041.0\Views\Dialogs\MiscItemDialog.g.i.cs;C:\Users\giris\Documents\Code\Redesign-POS\Windows Based POS\Magidesk\obj\Debug\net8.0-windows10.0.19041.0\Views\Dialogs\MiscItemDialog.g.cs;C:\Users\giris\Documents\Code\Redesign-POS\Windows Based POS\Magidesk\obj\Debug\net8.0-windows10.0.19041.0\Views\Dialogs\ModifierSelectionDialog.g.i.cs;C:\Users\giris\Documents\Code\Redesign-POS\Windows Based POS\Magidesk\obj\Debug\net8.0-windows10.0.19041.0\Views\Dialogs\ModifierSelectionDialog.g.cs;C:\Users\giris\Documents\Code\Redesign-POS\Windows Based POS\Magidesk\obj\Debug\net8.0-windows10.0.19041.0\Views\Dialogs\NotesDialog.g.i.cs;C:\Users\giris\Documents\Code\Redesign-POS\Windows Based POS\Magidesk\obj\Debug\net8.0-windows10.0.19041.0\Views\Dialogs\NotesDialog.g.cs;C:\Users\giris\Documents\Code\Redesign-POS\Windows Based POS\Magidesk\obj\Debug\net8.0-windows10.0.19041.0\Views\Dialogs\PizzaModifierDialog.g.i.cs;C:\Users\giris\Documents\Code\Redesign-POS\Windows Based POS\Magidesk\obj\Debug\net8.0-windows10.0.19041.0\Views\Dialogs\PizzaModifierDialog.g.cs;C:\Users\giris\Documents\Code\Redesign-POS\Windows Based POS\Magidesk\obj\Debug\net8.0-windows10.0.19041.0\Views\Dialogs\PriceEntryDialog.g.i.cs;C:\Users\giris\Documents\Code\Redesign-POS\Windows Based POS\Magidesk\obj\Debug\net8.0-windows10.0.19041.0\Views\Dialogs\PriceEntryDialog.g.cs;C:\Users\giris\Documents\Code\Redesign-POS\Windows Based POS\Magidesk\obj\Debug\net8.0-windows10.0.19041.0\Views\Dialogs\QuantityDialog.g.i.cs;C:\Users\giris\Documents\Code\Redesign-POS\Windows Based POS\Magidesk\obj\Debug\net8.0-windows10.0.19041.0\Views\Dialogs\QuantityDialog.g.cs;C:\Users\giris\Documents\Code\Redesign-POS\Windows Based POS\Magidesk\obj\Debug\net8.0-windows10.0.19041.0\Views\Dialogs\SeatSelectionDialog.g.i.cs;C:\Users\giris\Documents\Code\Redesign-POS\Windows Based POS\Magidesk\obj\Debug\net8.0-windows10.0.19041.0\Views\Dialogs\SeatSelectionDialog.g.cs;C:\Users\giris\Documents\Code\Redesign-POS\Windows Based POS\Magidesk\obj\Debug\net8.0-windows10.0.19041.0\Views\Dialogs\ShiftEndDialog.g.i.cs;C:\Users\giris\Documents\Code\Redesign-POS\Windows Based POS\Magidesk\obj\Debug\net8.0-windows10.0.19041.0\Views\Dialogs\ShiftEndDialog.g.cs;C:\Users\giris\Documents\Code\Redesign-POS\Windows Based POS\Magidesk\obj\Debug\net8.0-windows10.0.19041.0\Views\Dialogs\ShiftStartDialog.g.i.cs;C:\Users\giris\Documents\Code\Redesign-POS\Windows Based POS\Magidesk\obj\Debug\net8.0-windows10.0.19041.0\Views\Dialogs\ShiftStartDialog.g.cs;C:\Users\giris\Documents\Code\Redesign-POS\Windows Based POS\Magidesk\obj\Debug\net8.0-windows10.0.19041.0\Views\Dialogs\SizeSelectionDialog.g.i.cs;C:\Users\giris\Documents\Code\Redesign-POS\Windows Based POS\Magidesk\obj\Debug\net8.0-windows10.0.19041.0\Views\Dialogs\SizeSelectionDialog.g.cs;C:\Users\giris\Documents\Code\Redesign-POS\Windows Based POS\Magidesk\obj\Debug\net8.0-windows10.0.19041.0\Views\Dialogs\TableSelectionDialog.g.i.cs;C:\Users\giris\Documents\Code\Redesign-POS\Windows Based POS\Magidesk\obj\Debug\net8.0-windows10.0.19041.0\Views\Dialogs\TableSelectionDialog.g.cs;C:\Users\giris\Documents\Code\Redesign-POS\Windows Based POS\Magidesk\obj\Debug\net8.0-windows10.0.19041.0\Views\Dialogs\TicketFeeDialog.g.i.cs;C:\Users\giris\Documents\Code\Redesign-POS\Windows Based POS\Magidesk\obj\Debug\net8.0-windows10.0.19041.0\Views\Dialogs\TicketFeeDialog.g.cs;C:\Users\giris\Documents\Code\Redesign-POS\Windows Based POS\Magidesk\obj\Debug\net8.0-windows10.0.19041.0\Views\DiscountTaxPage.g.i.cs;C:\Users\giris\Documents\Code\Redesign-POS\Windows Based POS\Magidesk\obj\Debug\net8.0-windows10.0.19041.0\Views\DiscountTaxPage.g.cs;C:\Users\giris\Documents\Code\Redesign-POS\Windows Based POS\Magidesk\obj\Debug\net8.0-windows10.0.19041.0\Views\DrawerPullReportDialog.g.i.cs;C:\Users\giris\Documents\Code\Redesign-POS\Windows Based POS\Magidesk\obj\Debug\net8.0-windows10.0.19041.0\Views\DrawerPullReportDialog.g.cs;C:\Users\giris\Documents\Code\Redesign-POS\Windows Based POS\Magidesk\obj\Debug\net8.0-windows10.0.19041.0\Views\GroupSettleTicketDialog.g.i.cs;C:\Users\giris\Documents\Code\Redesign-POS\Windows Based POS\Magidesk\obj\Debug\net8.0-windows10.0.19041.0\Views\GroupSettleTicketDialog.g.cs;C:\Users\giris\Documents\Code\Redesign-POS\Windows Based POS\Magidesk\obj\Debug\net8.0-windows10.0.19041.0\Views\GroupSettleTicketSelectionWindow.g.i.cs;C:\Users\giris\Documents\Code\Redesign-POS\Windows Based POS\Magidesk\obj\Debug\net8.0-windows10.0.19041.0\Views\GroupSettleTicketSelectionWindow.g.cs;C:\Users\giris\Documents\Code\Redesign-POS\Windows Based POS\Magidesk\obj\Debug\net8.0-windows10.0.19041.0\Views\InventoryPage.g.i.cs;C:\Users\giris\Documents\Code\Redesign-POS\Windows Based POS\Magidesk\obj\Debug\net8.0-windows10.0.19041.0\Views\InventoryPage.g.cs;C:\Users\giris\Documents\Code\Redesign-POS\Windows Based POS\Magidesk\obj\Debug\net8.0-windows10.0.19041.0\Views\KitchenDisplayPage.g.i.cs;C:\Users\giris\Documents\Code\Redesign-POS\Windows Based POS\Magidesk\obj\Debug\net8.0-windows10.0.19041.0\Views\KitchenDisplayPage.g.cs;C:\Users\giris\Documents\Code\Redesign-POS\Windows Based POS\Magidesk\obj\Debug\net8.0-windows10.0.19041.0\Views\LoginPage.g.i.cs;C:\Users\giris\Documents\Code\Redesign-POS\Windows Based POS\Magidesk\obj\Debug\net8.0-windows10.0.19041.0\Views\LoginPage.g.cs;C:\Users\giris\Documents\Code\Redesign-POS\Windows Based POS\Magidesk\obj\Debug\net8.0-windows10.0.19041.0\Views\MainPage.g.i.cs;C:\Users\giris\Documents\Code\Redesign-POS\Windows Based POS\Magidesk\obj\Debug\net8.0-windows10.0.19041.0\Views\MainPage.g.cs;C:\Users\giris\Documents\Code\Redesign-POS\Windows Based POS\Magidesk\obj\Debug\net8.0-windows10.0.19041.0\Views\ManagerFunctionsDialog.g.i.cs;C:\Users\giris\Documents\Code\Redesign-POS\Windows Based POS\Magidesk\obj\Debug\net8.0-windows10.0.19041.0\Views\ManagerFunctionsDialog.g.cs;C:\Users\giris\Documents\Code\Redesign-POS\Windows Based POS\Magidesk\obj\Debug\net8.0-windows10.0.19041.0\Views\MenuEditorPage.g.i.cs;C:\Users\giris\Documents\Code\Redesign-POS\Windows Based POS\Magidesk\obj\Debug\net8.0-windows10.0.19041.0\Views\MenuEditorPage.g.cs;C:\Users\giris\Documents\Code\Redesign-POS\Windows Based POS\Magidesk\obj\Debug\net8.0-windows10.0.19041.0\Views\ModifierEditorPage.g.i.cs;C:\Users\giris\Documents\Code\Redesign-POS\Windows Based POS\Magidesk\obj\Debug\net8.0-windows10.0.19041.0\Views\ModifierEditorPage.g.cs;C:\Users\giris\Documents\Code\Redesign-POS\Windows Based POS\Magidesk\obj\Debug\net8.0-windows10.0.19041.0\Views\ModifierSelectionDialog.g.i.cs;C:\Users\giris\Documents\Code\Redesign-POS\Windows Based POS\Magidesk\obj\Debug\net8.0-windows10.0.19041.0\Views\ModifierSelectionDialog.g.cs;C:\Users\giris\Documents\Code\Redesign-POS\Windows Based POS\Magidesk\obj\Debug\net8.0-windows10.0.19041.0\Views\OpenTicketsListDialog.g.i.cs;C:\Users\giris\Documents\Code\Redesign-POS\Windows Based POS\Magidesk\obj\Debug\net8.0-windows10.0.19041.0\Views\OpenTicketsListDialog.g.cs;C:\Users\giris\Documents\Code\Redesign-POS\Windows Based POS\Magidesk\obj\Debug\net8.0-windows10.0.19041.0\Views\OrderEntryPage.g.i.cs;C:\Users\giris\Documents\Code\Redesign-POS\Windows Based POS\Magidesk\obj\Debug\net8.0-windows10.0.19041.0\Views\OrderEntryPage.g.cs;C:\Users\giris\Documents\Code\Redesign-POS\Windows Based POS\Magidesk\obj\Debug\net8.0-windows10.0.19041.0\Views\OrderTypeExplorerPage.g.i.cs;C:\Users\giris\Documents\Code\Redesign-POS\Windows Based POS\Magidesk\obj\Debug\net8.0-windows10.0.19041.0\Views\OrderTypeExplorerPage.g.cs;C:\Users\giris\Documents\Code\Redesign-POS\Windows Based POS\Magidesk\obj\Debug\net8.0-windows10.0.19041.0\Views\OrderTypeSelectionDialog.g.i.cs;C:\Users\giris\Documents\Code\Redesign-POS\Windows Based POS\Magidesk\obj\Debug\net8.0-windows10.0.19041.0\Views\OrderTypeSelectionDialog.g.cs;C:\Users\giris\Documents\Code\Redesign-POS\Windows Based POS\Magidesk\obj\Debug\net8.0-windows10.0.19041.0\Views\PasswordEntryDialog.g.i.cs;C:\Users\giris\Documents\Code\Redesign-POS\Windows Based POS\Magidesk\obj\Debug\net8.0-windows10.0.19041.0\Views\PasswordEntryDialog.g.cs;C:\Users\giris\Documents\Code\Redesign-POS\Windows Based POS\Magidesk\obj\Debug\net8.0-windows10.0.19041.0\Views\PaymentPage.g.i.cs;C:\Users\giris\Documents\Code\Redesign-POS\Windows Based POS\Magidesk\obj\Debug\net8.0-windows10.0.19041.0\Views\PaymentPage.g.cs;C:\Users\giris\Documents\Code\Redesign-POS\Windows Based POS\Magidesk\obj\Debug\net8.0-windows10.0.19041.0\Views\PaymentProcessWaitDialog.g.i.cs;C:\Users\giris\Documents\Code\Redesign-POS\Windows Based POS\Magidesk\obj\Debug\net8.0-windows10.0.19041.0\Views\PaymentProcessWaitDialog.g.cs;C:\Users\giris\Documents\Code\Redesign-POS\Windows Based POS\Magidesk\obj\Debug\net8.0-windows10.0.19041.0\Views\PrintPage.g.i.cs;C:\Users\giris\Documents\Code\Redesign-POS\Windows Based POS\Magidesk\obj\Debug\net8.0-windows10.0.19041.0\Views\PrintPage.g.cs;C:\Users\giris\Documents\Code\Redesign-POS\Windows Based POS\Magidesk\obj\Debug\net8.0-windows10.0.19041.0\Views\PurchaseOrdersPage.g.i.cs;C:\Users\giris\Documents\Code\Redesign-POS\Windows Based POS\Magidesk\obj\Debug\net8.0-windows10.0.19041.0\Views\PurchaseOrdersPage.g.cs;C:\Users\giris\Documents\Code\Redesign-POS\Windows Based POS\Magidesk\obj\Debug\net8.0-windows10.0.19041.0\Views\RoleManagementPage.g.i.cs;C:\Users\giris\Documents\Code\Redesign-POS\Windows Based POS\Magidesk\obj\Debug\net8.0-windows10.0.19041.0\Views\RoleManagementPage.g.cs;C:\Users\giris\Documents\Code\Redesign-POS\Windows Based POS\Magidesk\obj\Debug\net8.0-windows10.0.19041.0\Views\SalesReportsPage.g.i.cs;C:\Users\giris\Documents\Code\Redesign-POS\Windows Based POS\Magidesk\obj\Debug\net8.0-windows10.0.19041.0\Views\SalesReportsPage.g.cs;C:\Users\giris\Documents\Code\Redesign-POS\Windows Based POS\Magidesk\obj\Debug\net8.0-windows10.0.19041.0\Views\SettingsPage.g.i.cs;C:\Users\giris\Documents\Code\Redesign-POS\Windows Based POS\Magidesk\obj\Debug\net8.0-windows10.0.19041.0\Views\SettingsPage.g.cs;C:\Users\giris\Documents\Code\Redesign-POS\Windows Based POS\Magidesk\obj\Debug\net8.0-windows10.0.19041.0\Views\SettlePage.g.i.cs;C:\Users\giris\Documents\Code\Redesign-POS\Windows Based POS\Magidesk\obj\Debug\net8.0-windows10.0.19041.0\Views\SettlePage.g.cs;C:\Users\giris\Documents\Code\Redesign-POS\Windows Based POS\Magidesk\obj\Debug\net8.0-windows10.0.19041.0\Views\ShiftExplorerPage.g.i.cs;C:\Users\giris\Documents\Code\Redesign-POS\Windows Based POS\Magidesk\obj\Debug\net8.0-windows10.0.19041.0\Views\ShiftExplorerPage.g.cs;C:\Users\giris\Documents\Code\Redesign-POS\Windows Based POS\Magidesk\obj\Debug\net8.0-windows10.0.19041.0\Views\SplitTicketDialog.g.i.cs;C:\Users\giris\Documents\Code\Redesign-POS\Windows Based POS\Magidesk\obj\Debug\net8.0-windows10.0.19041.0\Views\SplitTicketDialog.g.cs;C:\Users\giris\Documents\Code\Redesign-POS\Windows Based POS\Magidesk\obj\Debug\net8.0-windows10.0.19041.0\Views\SwipeCardDialog.g.i.cs;C:\Users\giris\Documents\Code\Redesign-POS\Windows Based POS\Magidesk\obj\Debug\net8.0-windows10.0.19041.0\Views\SwipeCardDialog.g.cs;C:\Users\giris\Documents\Code\Redesign-POS\Windows Based POS\Magidesk\obj\Debug\net8.0-windows10.0.19041.0\Views\SwitchboardPage.g.i.cs;C:\Users\giris\Documents\Code\Redesign-POS\Windows Based POS\Magidesk\obj\Debug\net8.0-windows10.0.19041.0\Views\SwitchboardPage.g.cs;C:\Users\giris\Documents\Code\Redesign-POS\Windows Based POS\Magidesk\obj\Debug\net8.0-windows10.0.19041.0\Views\SystemConfigPage.g.i.cs;C:\Users\giris\Documents\Code\Redesign-POS\Windows Based POS\Magidesk\obj\Debug\net8.0-windows10.0.19041.0\Views\SystemConfigPage.g.cs;C:\Users\giris\Documents\Code\Redesign-POS\Windows Based POS\Magidesk\obj\Debug\net8.0-windows10.0.19041.0\Views\TableExplorerPage.g.i.cs;C:\Users\giris\Documents\Code\Redesign-POS\Windows Based POS\Magidesk\obj\Debug\net8.0-windows10.0.19041.0\Views\TableExplorerPage.g.cs;C:\Users\giris\Documents\Code\Redesign-POS\Windows Based POS\Magidesk\obj\Debug\net8.0-windows10.0.19041.0\Views\TableMapPage.g.i.cs;C:\Users\giris\Documents\Code\Redesign-POS\Windows Based POS\Magidesk\obj\Debug\net8.0-windows10.0.19041.0\Views\TableMapPage.g.cs;C:\Users\giris\Documents\Code\Redesign-POS\Windows Based POS\Magidesk\obj\Debug\net8.0-windows10.0.19041.0\Views\TicketManagementPage.g.i.cs;C:\Users\giris\Documents\Code\Redesign-POS\Windows Based POS\Magidesk\obj\Debug\net8.0-windows10.0.19041.0\Views\TicketManagementPage.g.cs;C:\Users\giris\Documents\Code\Redesign-POS\Windows Based POS\Magidesk\obj\Debug\net8.0-windows10.0.19041.0\Views\TicketPage.g.i.cs;C:\Users\giris\Documents\Code\Redesign-POS\Windows Based POS\Magidesk\obj\Debug\net8.0-windows10.0.19041.0\Views\TicketPage.g.cs;C:\Users\giris\Documents\Code\Redesign-POS\Windows Based POS\Magidesk\obj\Debug\net8.0-windows10.0.19041.0\Views\UserManagementPage.g.i.cs;C:\Users\giris\Documents\Code\Redesign-POS\Windows Based POS\Magidesk\obj\Debug\net8.0-windows10.0.19041.0\Views\UserManagementPage.g.cs;C:\Users\giris\Documents\Code\Redesign-POS\Windows Based POS\Magidesk\obj\Debug\net8.0-windows10.0.19041.0\Views\VendorsPage.g.i.cs;C:\Users\giris\Documents\Code\Redesign-POS\Windows Based POS\Magidesk\obj\Debug\net8.0-windows10.0.19041.0\Views\VendorsPage.g.cs;C:\Users\giris\Documents\Code\Redesign-POS\Windows Based POS\Magidesk\obj\Debug\net8.0-windows10.0.19041.0\Views\VoidTicketDialog.g.i.cs;C:\Users\giris\Documents\Code\Redesign-POS\Windows Based POS\Magidesk\obj\Debug\net8.0-windows10.0.19041.0\Views\VoidTicketDialog.g.cs;C:\Users\giris\Documents\Code\Redesign-POS\Windows Based POS\Magidesk\obj\Debug\net8.0-windows10.0.19041.0\XamlTypeInfo.g.cs'
       Done executing task "Message".
       Task "Message"
         (Out) GeneratedXamlFiles: 'C:\Users\giris\Documents\Code\Redesign-POS\Windows Based POS\Magidesk\obj\Debug\net8.0-windows10.0.19041.0\App.xaml;C:\Users\giris\Documents\Code\Redesign-POS\Windows Based POS\Magidesk\obj\Debug\net8.0-windows10.0.19041.0\Magidesk.Presentation\Views\Components\TableShapePalette.xaml;C:\Users\giris\Documents\Code\Redesign-POS\Windows Based POS\Magidesk\obj\Debug\net8.0-windows10.0.19041.0\Magidesk.Presentation\Views\Components\VirtualizedTableCanvas.xaml;C:\Users\giris\Documents\Code\Redesign-POS\Windows Based POS\Magidesk\obj\Debug\net8.0-windows10.0.19041.0\Magidesk.Presentation\Views\FloorManagementPage.xaml;C:\Users\giris\Documents\Code\Redesign-POS\Windows Based POS\Magidesk\obj\Debug\net8.0-windows10.0.19041.0\Magidesk.Presentation\Views\TableDesignerPage.xaml;C:\Users\giris\Documents\Code\Redesign-POS\Windows Based POS\Magidesk\obj\Debug\net8.0-windows10.0.19041.0\Magidesk.Presentation\Views\TableDesignerTestPage.xaml;C:\Users\giris\Documents\Code\Redesign-POS\Windows Based POS\Magidesk\obj\Debug\net8.0-windows10.0.19041.0\MainWindow.xaml;C:\Users\giris\Documents\Code\Redesign-POS\Windows Based POS\Magidesk\obj\Debug\net8.0-windows10.0.19041.0\Views\AuthorizationCaptureBatchDialog.xaml;C:\Users\giris\Documents\Code\Redesign-POS\Windows Based POS\Magidesk\obj\Debug\net8.0-windows10.0.19041.0\Views\AuthorizationCodeDialog.xaml;C:\Users\giris\Documents\Code\Redesign-POS\Windows Based POS\Magidesk\obj\Debug\net8.0-windows10.0.19041.0\Views\BackOfficePage.xaml;C:\Users\giris\Documents\Code\Redesign-POS\Windows Based POS\Magidesk\obj\Debug\net8.0-windows10.0.19041.0\Views\CashDropManagementDialog.xaml;C:\Users\giris\Documents\Code\Redesign-POS\Windows Based POS\Magidesk\obj\Debug\net8.0-windows10.0.19041.0\Views\CashEntryDialog.xaml;C:\Users\giris\Documents\Code\Redesign-POS\Windows Based POS\Magidesk\obj\Debug\net8.0-windows10.0.19041.0\Views\CashSessionPage.xaml;C:\Users\giris\Documents\Code\Redesign-POS\Windows Based POS\Magidesk\obj\Debug\net8.0-windows10.0.19041.0\Views\Dialogs\AddOnSelectionDialog.xaml;C:\Users\giris\Documents\Code\Redesign-POS\Windows Based POS\Magidesk\obj\Debug\net8.0-windows10.0.19041.0\Views\Dialogs\CashEntryDialog.xaml;C:\Users\giris\Documents\Code\Redesign-POS\Windows Based POS\Magidesk\obj\Debug\net8.0-windows10.0.19041.0\Views\Dialogs\ComboSelectionDialog.xaml;C:\Users\giris\Documents\Code\Redesign-POS\Windows Based POS\Magidesk\obj\Debug\net8.0-windows10.0.19041.0\Views\Dialogs\CookingInstructionDialog.xaml;C:\Users\giris\Documents\Code\Redesign-POS\Windows Based POS\Magidesk\obj\Debug\net8.0-windows10.0.19041.0\Views\Dialogs\CustomerSelectionDialog.xaml;C:\Users\giris\Documents\Code\Redesign-POS\Windows Based POS\Magidesk\obj\Debug\net8.0-windows10.0.19041.0\Views\Dialogs\GuestCountDialog.xaml;C:\Users\giris\Documents\Code\Redesign-POS\Windows Based POS\Magidesk\obj\Debug\net8.0-windows10.0.19041.0\Views\Dialogs\ItemSearchDialog.xaml;C:\Users\giris\Documents\Code\Redesign-POS\Windows Based POS\Magidesk\obj\Debug\net8.0-windows10.0.19041.0\Views\Dialogs\MergeTicketsDialog.xaml;C:\Users\giris\Documents\Code\Redesign-POS\Windows Based POS\Magidesk\obj\Debug\net8.0-windows10.0.19041.0\Views\Dialogs\MiscItemDialog.xaml;C:\Users\giris\Documents\Code\Redesign-POS\Windows Based POS\Magidesk\obj\Debug\net8.0-windows10.0.19041.0\Views\Dialogs\ModifierSelectionDialog.xaml;C:\Users\giris\Documents\Code\Redesign-POS\Windows Based POS\Magidesk\obj\Debug\net8.0-windows10.0.19041.0\Views\Dialogs\NotesDialog.xaml;C:\Users\giris\Documents\Code\Redesign-POS\Windows Based POS\Magidesk\obj\Debug\net8.0-windows10.0.19041.0\Views\Dialogs\PizzaModifierDialog.xaml;C:\Users\giris\Documents\Code\Redesign-POS\Windows Based POS\Magidesk\obj\Debug\net8.0-windows10.0.19041.0\Views\Dialogs\PriceEntryDialog.xaml;C:\Users\giris\Documents\Code\Redesign-POS\Windows Based POS\Magidesk\obj\Debug\net8.0-windows10.0.19041.0\Views\Dialogs\QuantityDialog.xaml;C:\Users\giris\Documents\Code\Redesign-POS\Windows Based POS\Magidesk\obj\Debug\net8.0-windows10.0.19041.0\Views\Dialogs\SeatSelectionDialog.xaml;C:\Users\giris\Documents\Code\Redesign-POS\Windows Based POS\Magidesk\obj\Debug\net8.0-windows10.0.19041.0\Views\Dialogs\ShiftEndDialog.xaml;C:\Users\giris\Documents\Code\Redesign-POS\Windows Based POS\Magidesk\obj\Debug\net8.0-windows10.0.19041.0\Views\Dialogs\ShiftStartDialog.xaml;C:\Users\giris\Documents\Code\Redesign-POS\Windows Based POS\Magidesk\obj\Debug\net8.0-windows10.0.19041.0\Views\Dialogs\SizeSelectionDialog.xaml;C:\Users\giris\Documents\Code\Redesign-POS\Windows Based POS\Magidesk\obj\Debug\net8.0-windows10.0.19041.0\Views\Dialogs\TableSelectionDialog.xaml;C:\Users\giris\Documents\Code\Redesign-POS\Windows Based POS\Magidesk\obj\Debug\net8.0-windows10.0.19041.0\Views\Dialogs\TicketFeeDialog.xaml;C:\Users\giris\Documents\Code\Redesign-POS\Windows Based POS\Magidesk\obj\Debug\net8.0-windows10.0.19041.0\Views\DiscountTaxPage.xaml;C:\Users\giris\Documents\Code\Redesign-POS\Windows Based POS\Magidesk\obj\Debug\net8.0-windows10.0.19041.0\Views\DrawerPullReportDialog.xaml;C:\Users\giris\Documents\Code\Redesign-POS\Windows Based POS\Magidesk\obj\Debug\net8.0-windows10.0.19041.0\Views\GroupSettleTicketDialog.xaml;C:\Users\giris\Documents\Code\Redesign-POS\Windows Based POS\Magidesk\obj\Debug\net8.0-windows10.0.19041.0\Views\GroupSettleTicketSelectionWindow.xaml;C:\Users\giris\Documents\Code\Redesign-POS\Windows Based POS\Magidesk\obj\Debug\net8.0-windows10.0.19041.0\Views\InventoryPage.xaml;C:\Users\giris\Documents\Code\Redesign-POS\Windows Based POS\Magidesk\obj\Debug\net8.0-windows10.0.19041.0\Views\KitchenDisplayPage.xaml;C:\Users\giris\Documents\Code\Redesign-POS\Windows Based POS\Magidesk\obj\Debug\net8.0-windows10.0.19041.0\Views\LoginPage.xaml;C:\Users\giris\Documents\Code\Redesign-POS\Windows Based POS\Magidesk\obj\Debug\net8.0-windows10.0.19041.0\Views\MainPage.xaml;C:\Users\giris\Documents\Code\Redesign-POS\Windows Based POS\Magidesk\obj\Debug\net8.0-windows10.0.19041.0\Views\ManagerFunctionsDialog.xaml;C:\Users\giris\Documents\Code\Redesign-POS\Windows Based POS\Magidesk\obj\Debug\net8.0-windows10.0.19041.0\Views\MenuEditorPage.xaml;C:\Users\giris\Documents\Code\Redesign-POS\Windows Based POS\Magidesk\obj\Debug\net8.0-windows10.0.19041.0\Views\ModifierEditorPage.xaml;C:\Users\giris\Documents\Code\Redesign-POS\Windows Based POS\Magidesk\obj\Debug\net8.0-windows10.0.19041.0\Views\ModifierSelectionDialog.xaml;C:\Users\giris\Documents\Code\Redesign-POS\Windows Based POS\Magidesk\obj\Debug\net8.0-windows10.0.19041.0\Views\OpenTicketsListDialog.xaml;C:\Users\giris\Documents\Code\Redesign-POS\Windows Based POS\Magidesk\obj\Debug\net8.0-windows10.0.19041.0\Views\OrderEntryPage.xaml;C:\Users\giris\Documents\Code\Redesign-POS\Windows Based POS\Magidesk\obj\Debug\net8.0-windows10.0.19041.0\Views\OrderTypeExplorerPage.xaml;C:\Users\giris\Documents\Code\Redesign-POS\Windows Based POS\Magidesk\obj\Debug\net8.0-windows10.0.19041.0\Views\OrderTypeSelectionDialog.xaml;C:\Users\giris\Documents\Code\Redesign-POS\Windows Based POS\Magidesk\obj\Debug\net8.0-windows10.0.19041.0\Views\PasswordEntryDialog.xaml;C:\Users\giris\Documents\Code\Redesign-POS\Windows Based POS\Magidesk\obj\Debug\net8.0-windows10.0.19041.0\Views\PaymentPage.xaml;C:\Users\giris\Documents\Code\Redesign-POS\Windows Based POS\Magidesk\obj\Debug\net8.0-windows10.0.19041.0\Views\PaymentProcessWaitDialog.xaml;C:\Users\giris\Documents\Code\Redesign-POS\Windows Based POS\Magidesk\obj\Debug\net8.0-windows10.0.19041.0\Views\PrintPage.xaml;C:\Users\giris\Documents\Code\Redesign-POS\Windows Based POS\Magidesk\obj\Debug\net8.0-windows10.0.19041.0\Views\PurchaseOrdersPage.xaml;C:\Users\giris\Documents\Code\Redesign-POS\Windows Based POS\Magidesk\obj\Debug\net8.0-windows10.0.19041.0\Views\RoleManagementPage.xaml;C:\Users\giris\Documents\Code\Redesign-POS\Windows Based POS\Magidesk\obj\Debug\net8.0-windows10.0.19041.0\Views\SalesReportsPage.xaml;C:\Users\giris\Documents\Code\Redesign-POS\Windows Based POS\Magidesk\obj\Debug\net8.0-windows10.0.19041.0\Views\SettingsPage.xaml;C:\Users\giris\Documents\Code\Redesign-POS\Windows Based POS\Magidesk\obj\Debug\net8.0-windows10.0.19041.0\Views\SettlePage.xaml;C:\Users\giris\Documents\Code\Redesign-POS\Windows Based POS\Magidesk\obj\Debug\net8.0-windows10.0.19041.0\Views\ShiftExplorerPage.xaml;C:\Users\giris\Documents\Code\Redesign-POS\Windows Based POS\Magidesk\obj\Debug\net8.0-windows10.0.19041.0\Views\SplitTicketDialog.xaml;C:\Users\giris\Documents\Code\Redesign-POS\Windows Based POS\Magidesk\obj\Debug\net8.0-windows10.0.19041.0\Views\SwipeCardDialog.xaml;C:\Users\giris\Documents\Code\Redesign-POS\Windows Based POS\Magidesk\obj\Debug\net8.0-windows10.0.19041.0\Views\SwitchboardPage.xaml;C:\Users\giris\Documents\Code\Redesign-POS\Windows Based POS\Magidesk\obj\Debug\net8.0-windows10.0.19041.0\Views\SystemConfigPage.xaml;C:\Users\giris\Documents\Code\Redesign-POS\Windows Based POS\Magidesk\obj\Debug\net8.0-windows10.0.19041.0\Views\TableExplorerPage.xaml;C:\Users\giris\Documents\Code\Redesign-POS\Windows Based POS\Magidesk\obj\Debug\net8.0-windows10.0.19041.0\Views\TableMapPage.xaml;C:\Users\giris\Documents\Code\Redesign-POS\Windows Based POS\Magidesk\obj\Debug\net8.0-windows10.0.19041.0\Views\TicketManagementPage.xaml;C:\Users\giris\Documents\Code\Redesign-POS\Windows Based POS\Magidesk\obj\Debug\net8.0-windows10.0.19041.0\Views\TicketPage.xaml;C:\Users\giris\Documents\Code\Redesign-POS\Windows Based POS\Magidesk\obj\Debug\net8.0-windows10.0.19041.0\Views\UserManagementPage.xaml;C:\Users\giris\Documents\Code\Redesign-POS\Windows Based POS\Magidesk\obj\Debug\net8.0-windows10.0.19041.0\Views\VendorsPage.xaml;C:\Users\giris\Documents\Code\Redesign-POS\Windows Based POS\Magidesk\obj\Debug\net8.0-windows10.0.19041.0\Views\VoidTicketDialog.xaml'
       Done executing task "Message".
       Task "Message"
         (Out) GeneratedXbfFiles: 'C:\Users\giris\Documents\Code\Redesign-POS\Windows Based POS\Magidesk\obj\Debug\net8.0-windows10.0.19041.0\App.xbf;C:\Users\giris\Documents\Code\Redesign-POS\Windows Based POS\Magidesk\obj\Debug\net8.0-windows10.0.19041.0\Magidesk.Presentation\Views\Components\TableShapePalette.xbf;C:\Users\giris\Documents\Code\Redesign-POS\Windows Based POS\Magidesk\obj\Debug\net8.0-windows10.0.19041.0\Magidesk.Presentation\Views\Components\VirtualizedTableCanvas.xbf;C:\Users\giris\Documents\Code\Redesign-POS\Windows Based POS\Magidesk\obj\Debug\net8.0-windows10.0.19041.0\Magidesk.Presentation\Views\FloorManagementPage.xbf;C:\Users\giris\Documents\Code\Redesign-POS\Windows Based POS\Magidesk\obj\Debug\net8.0-windows10.0.19041.0\Magidesk.Presentation\Views\TableDesignerPage.xbf;C:\Users\giris\Documents\Code\Redesign-POS\Windows Based POS\Magidesk\obj\Debug\net8.0-windows10.0.19041.0\Magidesk.Presentation\Views\TableDesignerTestPage.xbf;C:\Users\giris\Documents\Code\Redesign-POS\Windows Based POS\Magidesk\obj\Debug\net8.0-windows10.0.19041.0\MainWindow.xbf;C:\Users\giris\Documents\Code\Redesign-POS\Windows Based POS\Magidesk\obj\Debug\net8.0-windows10.0.19041.0\Views\AuthorizationCaptureBatchDialog.xbf;C:\Users\giris\Documents\Code\Redesign-POS\Windows Based POS\Magidesk\obj\Debug\net8.0-windows10.0.19041.0\Views\AuthorizationCodeDialog.xbf;C:\Users\giris\Documents\Code\Redesign-POS\Windows Based POS\Magidesk\obj\Debug\net8.0-windows10.0.19041.0\Views\BackOfficePage.xbf;C:\Users\giris\Documents\Code\Redesign-POS\Windows Based POS\Magidesk\obj\Debug\net8.0-windows10.0.19041.0\Views\CashDropManagementDialog.xbf;C:\Users\giris\Documents\Code\Redesign-POS\Windows Based POS\Magidesk\obj\Debug\net8.0-windows10.0.19041.0\Views\CashEntryDialog.xbf;C:\Users\giris\Documents\Code\Redesign-POS\Windows Based POS\Magidesk\obj\Debug\net8.0-windows10.0.19041.0\Views\CashSessionPage.xbf;C:\Users\giris\Documents\Code\Redesign-POS\Windows Based POS\Magidesk\obj\Debug\net8.0-windows10.0.19041.0\Views\Dialogs\AddOnSelectionDialog.xbf;C:\Users\giris\Documents\Code\Redesign-POS\Windows Based POS\Magidesk\obj\Debug\net8.0-windows10.0.19041.0\Views\Dialogs\CashEntryDialog.xbf;C:\Users\giris\Documents\Code\Redesign-POS\Windows Based POS\Magidesk\obj\Debug\net8.0-windows10.0.19041.0\Views\Dialogs\ComboSelectionDialog.xbf;C:\Users\giris\Documents\Code\Redesign-POS\Windows Based POS\Magidesk\obj\Debug\net8.0-windows10.0.19041.0\Views\Dialogs\CookingInstructionDialog.xbf;C:\Users\giris\Documents\Code\Redesign-POS\Windows Based POS\Magidesk\obj\Debug\net8.0-windows10.0.19041.0\Views\Dialogs\CustomerSelectionDialog.xbf;C:\Users\giris\Documents\Code\Redesign-POS\Windows Based POS\Magidesk\obj\Debug\net8.0-windows10.0.19041.0\Views\Dialogs\GuestCountDialog.xbf;C:\Users\giris\Documents\Code\Redesign-POS\Windows Based POS\Magidesk\obj\Debug\net8.0-windows10.0.19041.0\Views\Dialogs\ItemSearchDialog.xbf;C:\Users\giris\Documents\Code\Redesign-POS\Windows Based POS\Magidesk\obj\Debug\net8.0-windows10.0.19041.0\Views\Dialogs\MergeTicketsDialog.xbf;C:\Users\giris\Documents\Code\Redesign-POS\Windows Based POS\Magidesk\obj\Debug\net8.0-windows10.0.19041.0\Views\Dialogs\MiscItemDialog.xbf;C:\Users\giris\Documents\Code\Redesign-POS\Windows Based POS\Magidesk\obj\Debug\net8.0-windows10.0.19041.0\Views\Dialogs\ModifierSelectionDialog.xbf;C:\Users\giris\Documents\Code\Redesign-POS\Windows Based POS\Magidesk\obj\Debug\net8.0-windows10.0.19041.0\Views\Dialogs\NotesDialog.xbf;C:\Users\giris\Documents\Code\Redesign-POS\Windows Based POS\Magidesk\obj\Debug\net8.0-windows10.0.19041.0\Views\Dialogs\PizzaModifierDialog.xbf;C:\Users\giris\Documents\Code\Redesign-POS\Windows Based POS\Magidesk\obj\Debug\net8.0-windows10.0.19041.0\Views\Dialogs\PriceEntryDialog.xbf;C:\Users\giris\Documents\Code\Redesign-POS\Windows Based POS\Magidesk\obj\Debug\net8.0-windows10.0.19041.0\Views\Dialogs\QuantityDialog.xbf;C:\Users\giris\Documents\Code\Redesign-POS\Windows Based POS\Magidesk\obj\Debug\net8.0-windows10.0.19041.0\Views\Dialogs\SeatSelectionDialog.xbf;C:\Users\giris\Documents\Code\Redesign-POS\Windows Based POS\Magidesk\obj\Debug\net8.0-windows10.0.19041.0\Views\Dialogs\ShiftEndDialog.xbf;C:\Users\giris\Documents\Code\Redesign-POS\Windows Based POS\Magidesk\obj\Debug\net8.0-windows10.0.19041.0\Views\Dialogs\ShiftStartDialog.xbf;C:\Users\giris\Documents\Code\Redesign-POS\Windows Based POS\Magidesk\obj\Debug\net8.0-windows10.0.19041.0\Views\Dialogs\SizeSelectionDialog.xbf;C:\Users\giris\Documents\Code\Redesign-POS\Windows Based POS\Magidesk\obj\Debug\net8.0-windows10.0.19041.0\Views\Dialogs\TableSelectionDialog.xbf;C:\Users\giris\Documents\Code\Redesign-POS\Windows Based POS\Magidesk\obj\Debug\net8.0-windows10.0.19041.0\Views\Dialogs\TicketFeeDialog.xbf;C:\Users\giris\Documents\Code\Redesign-POS\Windows Based POS\Magidesk\obj\Debug\net8.0-windows10.0.19041.0\Views\DiscountTaxPage.xbf;C:\Users\giris\Documents\Code\Redesign-POS\Windows Based POS\Magidesk\obj\Debug\net8.0-windows10.0.19041.0\Views\DrawerPullReportDialog.xbf;C:\Users\giris\Documents\Code\Redesign-POS\Windows Based POS\Magidesk\obj\Debug\net8.0-windows10.0.19041.0\Views\GroupSettleTicketDialog.xbf;C:\Users\giris\Documents\Code\Redesign-POS\Windows Based POS\Magidesk\obj\Debug\net8.0-windows10.0.19041.0\Views\GroupSettleTicketSelectionWindow.xbf;C:\Users\giris\Documents\Code\Redesign-POS\Windows Based POS\Magidesk\obj\Debug\net8.0-windows10.0.19041.0\Views\InventoryPage.xbf;C:\Users\giris\Documents\Code\Redesign-POS\Windows Based POS\Magidesk\obj\Debug\net8.0-windows10.0.19041.0\Views\KitchenDisplayPage.xbf;C:\Users\giris\Documents\Code\Redesign-POS\Windows Based POS\Magidesk\obj\Debug\net8.0-windows10.0.19041.0\Views\LoginPage.xbf;C:\Users\giris\Documents\Code\Redesign-POS\Windows Based POS\Magidesk\obj\Debug\net8.0-windows10.0.19041.0\Views\MainPage.xbf;C:\Users\giris\Documents\Code\Redesign-POS\Windows Based POS\Magidesk\obj\Debug\net8.0-windows10.0.19041.0\Views\ManagerFunctionsDialog.xbf;C:\Users\giris\Documents\Code\Redesign-POS\Windows Based POS\Magidesk\obj\Debug\net8.0-windows10.0.19041.0\Views\MenuEditorPage.xbf;C:\Users\giris\Documents\Code\Redesign-POS\Windows Based POS\Magidesk\obj\Debug\net8.0-windows10.0.19041.0\Views\ModifierEditorPage.xbf;C:\Users\giris\Documents\Code\Redesign-POS\Windows Based POS\Magidesk\obj\Debug\net8.0-windows10.0.19041.0\Views\ModifierSelectionDialog.xbf;C:\Users\giris\Documents\Code\Redesign-POS\Windows Based POS\Magidesk\obj\Debug\net8.0-windows10.0.19041.0\Views\OpenTicketsListDialog.xbf;C:\Users\giris\Documents\Code\Redesign-POS\Windows Based POS\Magidesk\obj\Debug\net8.0-windows10.0.19041.0\Views\OrderEntryPage.xbf;C:\Users\giris\Documents\Code\Redesign-POS\Windows Based POS\Magidesk\obj\Debug\net8.0-windows10.0.19041.0\Views\OrderTypeExplorerPage.xbf;C:\Users\giris\Documents\Code\Redesign-POS\Windows Based POS\Magidesk\obj\Debug\net8.0-windows10.0.19041.0\Views\OrderTypeSelectionDialog.xbf;C:\Users\giris\Documents\Code\Redesign-POS\Windows Based POS\Magidesk\obj\Debug\net8.0-windows10.0.19041.0\Views\PasswordEntryDialog.xbf;C:\Users\giris\Documents\Code\Redesign-POS\Windows Based POS\Magidesk\obj\Debug\net8.0-windows10.0.19041.0\Views\PaymentPage.xbf;C:\Users\giris\Documents\Code\Redesign-POS\Windows Based POS\Magidesk\obj\Debug\net8.0-windows10.0.19041.0\Views\PaymentProcessWaitDialog.xbf;C:\Users\giris\Documents\Code\Redesign-POS\Windows Based POS\Magidesk\obj\Debug\net8.0-windows10.0.19041.0\Views\PrintPage.xbf;C:\Users\giris\Documents\Code\Redesign-POS\Windows Based POS\Magidesk\obj\Debug\net8.0-windows10.0.19041.0\Views\PurchaseOrdersPage.xbf;C:\Users\giris\Documents\Code\Redesign-POS\Windows Based POS\Magidesk\obj\Debug\net8.0-windows10.0.19041.0\Views\RoleManagementPage.xbf;C:\Users\giris\Documents\Code\Redesign-POS\Windows Based POS\Magidesk\obj\Debug\net8.0-windows10.0.19041.0\Views\SalesReportsPage.xbf;C:\Users\giris\Documents\Code\Redesign-POS\Windows Based POS\Magidesk\obj\Debug\net8.0-windows10.0.19041.0\Views\SettingsPage.xbf;C:\Users\giris\Documents\Code\Redesign-POS\Windows Based POS\Magidesk\obj\Debug\net8.0-windows10.0.19041.0\Views\SettlePage.xbf;C:\Users\giris\Documents\Code\Redesign-POS\Windows Based POS\Magidesk\obj\Debug\net8.0-windows10.0.19041.0\Views\ShiftExplorerPage.xbf;C:\Users\giris\Documents\Code\Redesign-POS\Windows Based POS\Magidesk\obj\Debug\net8.0-windows10.0.19041.0\Views\SplitTicketDialog.xbf;C:\Users\giris\Documents\Code\Redesign-POS\Windows Based POS\Magidesk\obj\Debug\net8.0-windows10.0.19041.0\Views\SwipeCardDialog.xbf;C:\Users\giris\Documents\Code\Redesign-POS\Windows Based POS\Magidesk\obj\Debug\net8.0-windows10.0.19041.0\Views\SwitchboardPage.xbf;C:\Users\giris\Documents\Code\Redesign-POS\Windows Based POS\Magidesk\obj\Debug\net8.0-windows10.0.19041.0\Views\SystemConfigPage.xbf;C:\Users\giris\Documents\Code\Redesign-POS\Windows Based POS\Magidesk\obj\Debug\net8.0-windows10.0.19041.0\Views\TableExplorerPage.xbf;C:\Users\giris\Documents\Code\Redesign-POS\Windows Based POS\Magidesk\obj\Debug\net8.0-windows10.0.19041.0\Views\TableMapPage.xbf;C:\Users\giris\Documents\Code\Redesign-POS\Windows Based POS\Magidesk\obj\Debug\net8.0-windows10.0.19041.0\Views\TicketManagementPage.xbf;C:\Users\giris\Documents\Code\Redesign-POS\Windows Based POS\Magidesk\obj\Debug\net8.0-windows10.0.19041.0\Views\TicketPage.xbf;C:\Users\giris\Documents\Code\Redesign-POS\Windows Based POS\Magidesk\obj\Debug\net8.0-windows10.0.19041.0\Views\UserManagementPage.xbf;C:\Users\giris\Documents\Code\Redesign-POS\Windows Based POS\Magidesk\obj\Debug\net8.0-windows10.0.19041.0\Views\VendorsPage.xbf;C:\Users\giris\Documents\Code\Redesign-POS\Windows Based POS\Magidesk\obj\Debug\net8.0-windows10.0.19041.0\Views\VoidTicketDialog.xbf'
       Done executing task "Message".
       Task "Message"
         (Out) Compile: 'App.xaml.cs;Imports.cs;Magidesk.Presentation\Converters\BoolToDesignModeTextConverter.cs;Magidesk.Presentation\Converters\BoolToVisibilityConverter.cs;Magidesk.Presentation\Converters\CollectionEmptyToVisibilityConverter.cs;Magidesk.Presentation\Converters\CurrencyConverter.cs;Magidesk.Presentation\Converters\DateTimeToTimeConverter.cs;Magidesk.Presentation\Converters\DecimalToDoubleConverter.cs;Magidesk.Presentation\Converters\EnumToBoolConverter.cs;Magidesk.Presentation\Converters\IntToDoubleConverter.cs;Magidesk.Presentation\Converters\IntToSizeConverter.cs;Magidesk.Presentation\Converters\InverseBooleanConverter.cs;Magidesk.Presentation\Converters\NullToVisibilityConverter.cs;Magidesk.Presentation\Converters\ShapeToCornerRadiusConverter.cs;Magidesk.Presentation\Converters\StringColorToBrushConverter.cs;Magidesk.Presentation\Converters\StringFormatConverter.cs;Magidesk.Presentation\Converters\StringToBoolConverter.cs;Magidesk.Presentation\Converters\StringVisibilityConverter.cs;Magidesk.Presentation\Converters\TableStatusToBrushConverter.cs;Magidesk.Presentation\Converters\TableToSelectionVisibilityConverter.cs;Magidesk.Presentation\ViewModels\ExportImportManagementViewModel.cs;Magidesk.Presentation\ViewModels\FloorManagementViewModel.cs;Magidesk.Presentation\ViewModels\ServerSectionManagementViewModel.cs;Magidesk.Presentation\ViewModels\TableDesignerViewModel.cs;Magidesk.Presentation\Views\Components\TableShapePalette.xaml.cs;Magidesk.Presentation\Views\Components\VirtualizedTableCanvas.xaml.cs;Magidesk.Presentation\Views\FloorManagementPage.xaml.cs;Magidesk.Presentation\Views\TableDesignerPage.xaml.cs;Magidesk.Presentation\Views\TableDesignerTestPage.xaml.cs;MainWindow.xaml.cs;Services\DefaultViewRoutingService.cs;Services\NavigationService.cs;Services\TerminalContext.cs;Services\UserService.cs;ViewModels\AuthorizationCaptureBatchViewModel.cs;ViewModels\AuthorizationCodeViewModel.cs;ViewModels\BackOfficeViewModel.cs;ViewModels\CashDropManagementViewModel.cs;ViewModels\CashSessionViewModel.cs;ViewModels\Dialogs\AddOnSelectionViewModel.cs;ViewModels\Dialogs\ComboSelectionViewModel.cs;ViewModels\Dialogs\CookingInstructionViewModel.cs;ViewModels\Dialogs\CustomerSelectionViewModel.cs;ViewModels\Dialogs\ItemSearchViewModel.cs;ViewModels\Dialogs\MergeTicketsViewModel.cs;ViewModels\Dialogs\ModifierGroupViewModel.cs;ViewModels\Dialogs\ModifierItemViewModel.cs;ViewModels\Dialogs\ModifierSelectionViewModel.cs;ViewModels\Dialogs\NotesDialogViewModel.cs;ViewModels\Dialogs\PizzaModifierViewModel.cs;ViewModels\Dialogs\PriceEntryViewModel.cs;ViewModels\Dialogs\SeatSelectionViewModel.cs;ViewModels\Dialogs\ShiftEndViewModel.cs;ViewModels\Dialogs\ShiftStartViewModel.cs;ViewModels\Dialogs\SizeSelectionViewModel.cs;ViewModels\Dialogs\TableSelectionViewModel.cs;ViewModels\DiscountTaxViewModel.cs;ViewModels\DrawerPullReportViewModel.cs;ViewModels\GroupSettleTicketSelectionViewModel.cs;ViewModels\GroupSettleTicketViewModel.cs;ViewModels\GuestCountViewModel.cs;ViewModels\InventoryViewModel.cs;ViewModels\KitchenDisplayViewModel.cs;ViewModels\KitchenOrderViewModel.cs;ViewModels\LoginViewModel.cs;ViewModels\ManagerFunctionsViewModel.cs;ViewModels\MenuEditorViewModel.cs;ViewModels\MiscItemViewModel.cs;ViewModels\ModifierEditorViewModel.cs;ViewModels\ModifierSelectionViewModel.cs;ViewModels\OpenTicketsListViewModel.cs;ViewModels\OrderEntryViewModel.cs;ViewModels\OrderTypeExplorerViewModel.cs;ViewModels\OrderTypeSelectionViewModel.cs;ViewModels\PaymentProcessWaitViewModel.cs;ViewModels\PaymentViewModel.cs;ViewModels\PrintViewModel.cs;ViewModels\PurchaseOrderViewModel.cs;ViewModels\QuantityViewModel.cs;ViewModels\RecipeLineViewModel.cs;ViewModels\RoleManagementViewModel.cs;ViewModels\SalesReportsViewModel.cs;ViewModels\SettingsViewModel.cs;ViewModels\SettleViewModel.cs;ViewModels\ShiftExplorerViewModel.cs;ViewModels\SplitTicketViewModel.cs;ViewModels\SwipeCardViewModel.cs;ViewModels\SwitchboardViewModel.cs;ViewModels\SystemConfigViewModel.cs;ViewModels\TableExplorerViewModel.cs;ViewModels\TableMapViewModel.cs;ViewModels\TicketFeeViewModel.cs;ViewModels\TicketManagementViewModel.cs;ViewModels\TicketViewModel.cs;ViewModels\UserManagementViewModel.cs;ViewModels\VendorManagementViewModel.cs;ViewModels\ViewModelBase.cs;ViewModels\VoidTicketViewModel.cs;Views\AuthorizationCaptureBatchDialog.xaml.cs;Views\AuthorizationCodeDialog.xaml.cs;Views\BackOfficePage.xaml.cs;Views\CashDropManagementDialog.xaml.cs;Views\CashEntryDialog.xaml.cs;Views\CashSessionPage.xaml.cs;Views\Dialogs\AddOnSelectionDialog.xaml.cs;Views\Dialogs\CashEntryDialog.xaml.cs;Views\Dialogs\ComboSelectionDialog.xaml.cs;Views\Dialogs\CookingInstructionDialog.xaml.cs;Views\Dialogs\CustomerSelectionDialog.xaml.cs;Views\Dialogs\GuestCountDialog.xaml.cs;Views\Dialogs\ItemSearchDialog.xaml.cs;Views\Dialogs\MergeTicketsDialog.xaml.cs;Views\Dialogs\MiscItemDialog.xaml.cs;Views\Dialogs\ModifierSelectionDialog.xaml.cs;Views\Dialogs\NotesDialog.xaml.cs;Views\Dialogs\PizzaModifierDialog.xaml.cs;Views\Dialogs\PriceEntryDialog.xaml.cs;Views\Dialogs\QuantityDialog.xaml.cs;Views\Dialogs\SeatSelectionDialog.xaml.cs;Views\Dialogs\ShiftEndDialog.xaml.cs;Views\Dialogs\ShiftStartDialog.xaml.cs;Views\Dialogs\SizeSelectionDialog.xaml.cs;Views\Dialogs\TableSelectionDialog.xaml.cs;Views\Dialogs\TicketFeeDialog.xaml.cs;Views\DiscountTaxPage.xaml.cs;Views\DrawerPullReportDialog.xaml.cs;Views\GroupSettleTicketDialog.xaml.cs;Views\GroupSettleTicketSelectionWindow.xaml.cs;Views\InventoryPage.xaml.cs;Views\KitchenDisplayPage.xaml.cs;Views\LoginPage.xaml.cs;Views\MainPage.xaml.cs;Views\ManagerFunctionsDialog.xaml.cs;Views\MenuEditorPage.xaml.cs;Views\ModifierEditorPage.xaml.cs;Views\ModifierSelectionDialog.xaml.cs;Views\OpenTicketsListDialog.xaml.cs;Views\OrderEntryPage.xaml.cs;Views\OrderTypeExplorerPage.xaml.cs;Views\OrderTypeSelectionDialog.xaml.cs;Views\PasswordEntryDialog.xaml.cs;Views\PaymentPage.xaml.cs;Views\PaymentProcessWaitDialog.xaml.cs;Views\PrintPage.xaml.cs;Views\PurchaseOrdersPage.xaml.cs;Views\RoleManagementPage.xaml.cs;Views\SalesReportsPage.xaml.cs;Views\SettingsPage.xaml.cs;Views\SettlePage.xaml.cs;Views\ShiftExplorerPage.xaml.cs;Views\SplitTicketDialog.xaml.cs;Views\SwipeCardDialog.xaml.cs;Views\SwitchboardPage.xaml.cs;Views\SystemConfigPage.xaml.cs;Views\TableExplorerPage.xaml.cs;Views\TableMapPage.xaml.cs;Views\TicketManagementPage.xaml.cs;Views\TicketPage.xaml.cs;Views\UserManagementPage.xaml.cs;Views\VendorsPage.xaml.cs;Views\VoidTicketDialog.xaml.cs;C:\Users\giris\.nuget\packages\microsoft.windowsappsdk.foundation\1.8.251104000\buildTransitive\..\include\MddBootstrapAutoInitializer.cs;C:\Users\giris\.nuget\packages\microsoft.windowsappsdk.runtime\1.8.251106002\buildTransitive\..\include\WindowsAppSDK-VersionInfo.cs;obj\Debug\net8.0-windows10.0.19041.0\Magidesk.Presentation.GlobalUsings.g.cs;C:\Users\giris\Documents\Code\Redesign-POS\Windows Based POS\Magidesk\obj\Debug\net8.0-windows10.0.19041.0\App.g.i.cs;C:\Users\giris\Documents\Code\Redesign-POS\Windows Based POS\Magidesk\obj\Debug\net8.0-windows10.0.19041.0\App.g.cs;C:\Users\giris\Documents\Code\Redesign-POS\Windows Based POS\Magidesk\obj\Debug\net8.0-windows10.0.19041.0\Magidesk.Presentation\Views\Components\TableShapePalette.g.i.cs;C:\Users\giris\Documents\Code\Redesign-POS\Windows Based POS\Magidesk\obj\Debug\net8.0-windows10.0.19041.0\Magidesk.Presentation\Views\Components\TableShapePalette.g.cs;C:\Users\giris\Documents\Code\Redesign-POS\Windows Based POS\Magidesk\obj\Debug\net8.0-windows10.0.19041.0\Magidesk.Presentation\Views\Components\VirtualizedTableCanvas.g.i.cs;C:\Users\giris\Documents\Code\Redesign-POS\Windows Based POS\Magidesk\obj\Debug\net8.0-windows10.0.19041.0\Magidesk.Presentation\Views\Components\VirtualizedTableCanvas.g.cs;C:\Users\giris\Documents\Code\Redesign-POS\Windows Based POS\Magidesk\obj\Debug\net8.0-windows10.0.19041.0\Magidesk.Presentation\Views\FloorManagementPage.g.i.cs;C:\Users\giris\Documents\Code\Redesign-POS\Windows Based POS\Magidesk\obj\Debug\net8.0-windows10.0.19041.0\Magidesk.Presentation\Views\FloorManagementPage.g.cs;C:\Users\giris\Documents\Code\Redesign-POS\Windows Based POS\Magidesk\obj\Debug\net8.0-windows10.0.19041.0\Magidesk.Presentation\Views\TableDesignerPage.g.i.cs;C:\Users\giris\Documents\Code\Redesign-POS\Windows Based POS\Magidesk\obj\Debug\net8.0-windows10.0.19041.0\Magidesk.Presentation\Views\TableDesignerPage.g.cs;C:\Users\giris\Documents\Code\Redesign-POS\Windows Based POS\Magidesk\obj\Debug\net8.0-windows10.0.19041.0\Magidesk.Presentation\Views\TableDesignerTestPage.g.i.cs;C:\Users\giris\Documents\Code\Redesign-POS\Windows Based POS\Magidesk\obj\Debug\net8.0-windows10.0.19041.0\Magidesk.Presentation\Views\TableDesignerTestPage.g.cs;C:\Users\giris\Documents\Code\Redesign-POS\Windows Based POS\Magidesk\obj\Debug\net8.0-windows10.0.19041.0\MainWindow.g.i.cs;C:\Users\giris\Documents\Code\Redesign-POS\Windows Based POS\Magidesk\obj\Debug\net8.0-windows10.0.19041.0\MainWindow.g.cs;C:\Users\giris\Documents\Code\Redesign-POS\Windows Based POS\Magidesk\obj\Debug\net8.0-windows10.0.19041.0\Views\AuthorizationCaptureBatchDialog.g.i.cs;C:\Users\giris\Documents\Code\Redesign-POS\Windows Based POS\Magidesk\obj\Debug\net8.0-windows10.0.19041.0\Views\AuthorizationCaptureBatchDialog.g.cs;C:\Users\giris\Documents\Code\Redesign-POS\Windows Based POS\Magidesk\obj\Debug\net8.0-windows10.0.19041.0\Views\AuthorizationCodeDialog.g.i.cs;C:\Users\giris\Documents\Code\Redesign-POS\Windows Based POS\Magidesk\obj\Debug\net8.0-windows10.0.19041.0\Views\AuthorizationCodeDialog.g.cs;C:\Users\giris\Documents\Code\Redesign-POS\Windows Based POS\Magidesk\obj\Debug\net8.0-windows10.0.19041.0\Views\BackOfficePage.g.i.cs;C:\Users\giris\Documents\Code\Redesign-POS\Windows Based POS\Magidesk\obj\Debug\net8.0-windows10.0.19041.0\Views\BackOfficePage.g.cs;C:\Users\giris\Documents\Code\Redesign-POS\Windows Based POS\Magidesk\obj\Debug\net8.0-windows10.0.19041.0\Views\CashDropManagementDialog.g.i.cs;C:\Users\giris\Documents\Code\Redesign-POS\Windows Based POS\Magidesk\obj\Debug\net8.0-windows10.0.19041.0\Views\CashDropManagementDialog.g.cs;C:\Users\giris\Documents\Code\Redesign-POS\Windows Based POS\Magidesk\obj\Debug\net8.0-windows10.0.19041.0\Views\CashEntryDialog.g.i.cs;C:\Users\giris\Documents\Code\Redesign-POS\Windows Based POS\Magidesk\obj\Debug\net8.0-windows10.0.19041.0\Views\CashEntryDialog.g.cs;C:\Users\giris\Documents\Code\Redesign-POS\Windows Based POS\Magidesk\obj\Debug\net8.0-windows10.0.19041.0\Views\CashSessionPage.g.i.cs;C:\Users\giris\Documents\Code\Redesign-POS\Windows Based POS\Magidesk\obj\Debug\net8.0-windows10.0.19041.0\Views\CashSessionPage.g.cs;C:\Users\giris\Documents\Code\Redesign-POS\Windows Based POS\Magidesk\obj\Debug\net8.0-windows10.0.19041.0\Views\Dialogs\AddOnSelectionDialog.g.i.cs;C:\Users\giris\Documents\Code\Redesign-POS\Windows Based POS\Magidesk\obj\Debug\net8.0-windows10.0.19041.0\Views\Dialogs\AddOnSelectionDialog.g.cs;C:\Users\giris\Documents\Code\Redesign-POS\Windows Based POS\Magidesk\obj\Debug\net8.0-windows10.0.19041.0\Views\Dialogs\CashEntryDialog.g.i.cs;C:\Users\giris\Documents\Code\Redesign-POS\Windows Based POS\Magidesk\obj\Debug\net8.0-windows10.0.19041.0\Views\Dialogs\CashEntryDialog.g.cs;C:\Users\giris\Documents\Code\Redesign-POS\Windows Based POS\Magidesk\obj\Debug\net8.0-windows10.0.19041.0\Views\Dialogs\ComboSelectionDialog.g.i.cs;C:\Users\giris\Documents\Code\Redesign-POS\Windows Based POS\Magidesk\obj\Debug\net8.0-windows10.0.19041.0\Views\Dialogs\ComboSelectionDialog.g.cs;C:\Users\giris\Documents\Code\Redesign-POS\Windows Based POS\Magidesk\obj\Debug\net8.0-windows10.0.19041.0\Views\Dialogs\CookingInstructionDialog.g.i.cs;C:\Users\giris\Documents\Code\Redesign-POS\Windows Based POS\Magidesk\obj\Debug\net8.0-windows10.0.19041.0\Views\Dialogs\CookingInstructionDialog.g.cs;C:\Users\giris\Documents\Code\Redesign-POS\Windows Based POS\Magidesk\obj\Debug\net8.0-windows10.0.19041.0\Views\Dialogs\CustomerSelectionDialog.g.i.cs;C:\Users\giris\Documents\Code\Redesign-POS\Windows Based POS\Magidesk\obj\Debug\net8.0-windows10.0.19041.0\Views\Dialogs\CustomerSelectionDialog.g.cs;C:\Users\giris\Documents\Code\Redesign-POS\Windows Based POS\Magidesk\obj\Debug\net8.0-windows10.0.19041.0\Views\Dialogs\GuestCountDialog.g.i.cs;C:\Users\giris\Documents\Code\Redesign-POS\Windows Based POS\Magidesk\obj\Debug\net8.0-windows10.0.19041.0\Views\Dialogs\GuestCountDialog.g.cs;C:\Users\giris\Documents\Code\Redesign-POS\Windows Based POS\Magidesk\obj\Debug\net8.0-windows10.0.19041.0\Views\Dialogs\ItemSearchDialog.g.i.cs;C:\Users\giris\Documents\Code\Redesign-POS\Windows Based POS\Magidesk\obj\Debug\net8.0-windows10.0.19041.0\Views\Dialogs\ItemSearchDialog.g.cs;C:\Users\giris\Documents\Code\Redesign-POS\Windows Based POS\Magidesk\obj\Debug\net8.0-windows10.0.19041.0\Views\Dialogs\MergeTicketsDialog.g.i.cs;C:\Users\giris\Documents\Code\Redesign-POS\Windows Based POS\Magidesk\obj\Debug\net8.0-windows10.0.19041.0\Views\Dialogs\MergeTicketsDialog.g.cs;C:\Users\giris\Documents\Code\Redesign-POS\Windows Based POS\Magidesk\obj\Debug\net8.0-windows10.0.19041.0\Views\Dialogs\MiscItemDialog.g.i.cs;C:\Users\giris\Documents\Code\Redesign-POS\Windows Based POS\Magidesk\obj\Debug\net8.0-windows10.0.19041.0\Views\Dialogs\MiscItemDialog.g.cs;C:\Users\giris\Documents\Code\Redesign-POS\Windows Based POS\Magidesk\obj\Debug\net8.0-windows10.0.19041.0\Views\Dialogs\ModifierSelectionDialog.g.i.cs;C:\Users\giris\Documents\Code\Redesign-POS\Windows Based POS\Magidesk\obj\Debug\net8.0-windows10.0.19041.0\Views\Dialogs\ModifierSelectionDialog.g.cs;C:\Users\giris\Documents\Code\Redesign-POS\Windows Based POS\Magidesk\obj\Debug\net8.0-windows10.0.19041.0\Views\Dialogs\NotesDialog.g.i.cs;C:\Users\giris\Documents\Code\Redesign-POS\Windows Based POS\Magidesk\obj\Debug\net8.0-windows10.0.19041.0\Views\Dialogs\NotesDialog.g.cs;C:\Users\giris\Documents\Code\Redesign-POS\Windows Based POS\Magidesk\obj\Debug\net8.0-windows10.0.19041.0\Views\Dialogs\PizzaModifierDialog.g.i.cs;C:\Users\giris\Documents\Code\Redesign-POS\Windows Based POS\Magidesk\obj\Debug\net8.0-windows10.0.19041.0\Views\Dialogs\PizzaModifierDialog.g.cs;C:\Users\giris\Documents\Code\Redesign-POS\Windows Based POS\Magidesk\obj\Debug\net8.0-windows10.0.19041.0\Views\Dialogs\PriceEntryDialog.g.i.cs;C:\Users\giris\Documents\Code\Redesign-POS\Windows Based POS\Magidesk\obj\Debug\net8.0-windows10.0.19041.0\Views\Dialogs\PriceEntryDialog.g.cs;C:\Users\giris\Documents\Code\Redesign-POS\Windows Based POS\Magidesk\obj\Debug\net8.0-windows10.0.19041.0\Views\Dialogs\QuantityDialog.g.i.cs;C:\Users\giris\Documents\Code\Redesign-POS\Windows Based POS\Magidesk\obj\Debug\net8.0-windows10.0.19041.0\Views\Dialogs\QuantityDialog.g.cs;C:\Users\giris\Documents\Code\Redesign-POS\Windows Based POS\Magidesk\obj\Debug\net8.0-windows10.0.19041.0\Views\Dialogs\SeatSelectionDialog.g.i.cs;C:\Users\giris\Documents\Code\Redesign-POS\Windows Based POS\Magidesk\obj\Debug\net8.0-windows10.0.19041.0\Views\Dialogs\SeatSelectionDialog.g.cs;C:\Users\giris\Documents\Code\Redesign-POS\Windows Based POS\Magidesk\obj\Debug\net8.0-windows10.0.19041.0\Views\Dialogs\ShiftEndDialog.g.i.cs;C:\Users\giris\Documents\Code\Redesign-POS\Windows Based POS\Magidesk\obj\Debug\net8.0-windows10.0.19041.0\Views\Dialogs\ShiftEndDialog.g.cs;C:\Users\giris\Documents\Code\Redesign-POS\Windows Based POS\Magidesk\obj\Debug\net8.0-windows10.0.19041.0\Views\Dialogs\ShiftStartDialog.g.i.cs;C:\Users\giris\Documents\Code\Redesign-POS\Windows Based POS\Magidesk\obj\Debug\net8.0-windows10.0.19041.0\Views\Dialogs\ShiftStartDialog.g.cs;C:\Users\giris\Documents\Code\Redesign-POS\Windows Based POS\Magidesk\obj\Debug\net8.0-windows10.0.19041.0\Views\Dialogs\SizeSelectionDialog.g.i.cs;C:\Users\giris\Documents\Code\Redesign-POS\Windows Based POS\Magidesk\obj\Debug\net8.0-windows10.0.19041.0\Views\Dialogs\SizeSelectionDialog.g.cs;C:\Users\giris\Documents\Code\Redesign-POS\Windows Based POS\Magidesk\obj\Debug\net8.0-windows10.0.19041.0\Views\Dialogs\TableSelectionDialog.g.i.cs;C:\Users\giris\Documents\Code\Redesign-POS\Windows Based POS\Magidesk\obj\Debug\net8.0-windows10.0.19041.0\Views\Dialogs\TableSelectionDialog.g.cs;C:\Users\giris\Documents\Code\Redesign-POS\Windows Based POS\Magidesk\obj\Debug\net8.0-windows10.0.19041.0\Views\Dialogs\TicketFeeDialog.g.i.cs;C:\Users\giris\Documents\Code\Redesign-POS\Windows Based POS\Magidesk\obj\Debug\net8.0-windows10.0.19041.0\Views\Dialogs\TicketFeeDialog.g.cs;C:\Users\giris\Documents\Code\Redesign-POS\Windows Based POS\Magidesk\obj\Debug\net8.0-windows10.0.19041.0\Views\DiscountTaxPage.g.i.cs;C:\Users\giris\Documents\Code\Redesign-POS\Windows Based POS\Magidesk\obj\Debug\net8.0-windows10.0.19041.0\Views\DiscountTaxPage.g.cs;C:\Users\giris\Documents\Code\Redesign-POS\Windows Based POS\Magidesk\obj\Debug\net8.0-windows10.0.19041.0\Views\DrawerPullReportDialog.g.i.cs;C:\Users\giris\Documents\Code\Redesign-POS\Windows Based POS\Magidesk\obj\Debug\net8.0-windows10.0.19041.0\Views\DrawerPullReportDialog.g.cs;C:\Users\giris\Documents\Code\Redesign-POS\Windows Based POS\Magidesk\obj\Debug\net8.0-windows10.0.19041.0\Views\GroupSettleTicketDialog.g.i.cs;C:\Users\giris\Documents\Code\Redesign-POS\Windows Based POS\Magidesk\obj\Debug\net8.0-windows10.0.19041.0\Views\GroupSettleTicketDialog.g.cs;C:\Users\giris\Documents\Code\Redesign-POS\Windows Based POS\Magidesk\obj\Debug\net8.0-windows10.0.19041.0\Views\GroupSettleTicketSelectionWindow.g.i.cs;C:\Users\giris\Documents\Code\Redesign-POS\Windows Based POS\Magidesk\obj\Debug\net8.0-windows10.0.19041.0\Views\GroupSettleTicketSelectionWindow.g.cs;C:\Users\giris\Documents\Code\Redesign-POS\Windows Based POS\Magidesk\obj\Debug\net8.0-windows10.0.19041.0\Views\InventoryPage.g.i.cs;C:\Users\giris\Documents\Code\Redesign-POS\Windows Based POS\Magidesk\obj\Debug\net8.0-windows10.0.19041.0\Views\InventoryPage.g.cs;C:\Users\giris\Documents\Code\Redesign-POS\Windows Based POS\Magidesk\obj\Debug\net8.0-windows10.0.19041.0\Views\KitchenDisplayPage.g.i.cs;C:\Users\giris\Documents\Code\Redesign-POS\Windows Based POS\Magidesk\obj\Debug\net8.0-windows10.0.19041.0\Views\KitchenDisplayPage.g.cs;C:\Users\giris\Documents\Code\Redesign-POS\Windows Based POS\Magidesk\obj\Debug\net8.0-windows10.0.19041.0\Views\LoginPage.g.i.cs;C:\Users\giris\Documents\Code\Redesign-POS\Windows Based POS\Magidesk\obj\Debug\net8.0-windows10.0.19041.0\Views\LoginPage.g.cs;C:\Users\giris\Documents\Code\Redesign-POS\Windows Based POS\Magidesk\obj\Debug\net8.0-windows10.0.19041.0\Views\MainPage.g.i.cs;C:\Users\giris\Documents\Code\Redesign-POS\Windows Based POS\Magidesk\obj\Debug\net8.0-windows10.0.19041.0\Views\MainPage.g.cs;C:\Users\giris\Documents\Code\Redesign-POS\Windows Based POS\Magidesk\obj\Debug\net8.0-windows10.0.19041.0\Views\ManagerFunctionsDialog.g.i.cs;C:\Users\giris\Documents\Code\Redesign-POS\Windows Based POS\Magidesk\obj\Debug\net8.0-windows10.0.19041.0\Views\ManagerFunctionsDialog.g.cs;C:\Users\giris\Documents\Code\Redesign-POS\Windows Based POS\Magidesk\obj\Debug\net8.0-windows10.0.19041.0\Views\MenuEditorPage.g.i.cs;C:\Users\giris\Documents\Code\Redesign-POS\Windows Based POS\Magidesk\obj\Debug\net8.0-windows10.0.19041.0\Views\MenuEditorPage.g.cs;C:\Users\giris\Documents\Code\Redesign-POS\Windows Based POS\Magidesk\obj\Debug\net8.0-windows10.0.19041.0\Views\ModifierEditorPage.g.i.cs;C:\Users\giris\Documents\Code\Redesign-POS\Windows Based POS\Magidesk\obj\Debug\net8.0-windows10.0.19041.0\Views\ModifierEditorPage.g.cs;C:\Users\giris\Documents\Code\Redesign-POS\Windows Based POS\Magidesk\obj\Debug\net8.0-windows10.0.19041.0\Views\ModifierSelectionDialog.g.i.cs;C:\Users\giris\Documents\Code\Redesign-POS\Windows Based POS\Magidesk\obj\Debug\net8.0-windows10.0.19041.0\Views\ModifierSelectionDialog.g.cs;C:\Users\giris\Documents\Code\Redesign-POS\Windows Based POS\Magidesk\obj\Debug\net8.0-windows10.0.19041.0\Views\OpenTicketsListDialog.g.i.cs;C:\Users\giris\Documents\Code\Redesign-POS\Windows Based POS\Magidesk\obj\Debug\net8.0-windows10.0.19041.0\Views\OpenTicketsListDialog.g.cs;C:\Users\giris\Documents\Code\Redesign-POS\Windows Based POS\Magidesk\obj\Debug\net8.0-windows10.0.19041.0\Views\OrderEntryPage.g.i.cs;C:\Users\giris\Documents\Code\Redesign-POS\Windows Based POS\Magidesk\obj\Debug\net8.0-windows10.0.19041.0\Views\OrderEntryPage.g.cs;C:\Users\giris\Documents\Code\Redesign-POS\Windows Based POS\Magidesk\obj\Debug\net8.0-windows10.0.19041.0\Views\OrderTypeExplorerPage.g.i.cs;C:\Users\giris\Documents\Code\Redesign-POS\Windows Based POS\Magidesk\obj\Debug\net8.0-windows10.0.19041.0\Views\OrderTypeExplorerPage.g.cs;C:\Users\giris\Documents\Code\Redesign-POS\Windows Based POS\Magidesk\obj\Debug\net8.0-windows10.0.19041.0\Views\OrderTypeSelectionDialog.g.i.cs;C:\Users\giris\Documents\Code\Redesign-POS\Windows Based POS\Magidesk\obj\Debug\net8.0-windows10.0.19041.0\Views\OrderTypeSelectionDialog.g.cs;C:\Users\giris\Documents\Code\Redesign-POS\Windows Based POS\Magidesk\obj\Debug\net8.0-windows10.0.19041.0\Views\PasswordEntryDialog.g.i.cs;C:\Users\giris\Documents\Code\Redesign-POS\Windows Based POS\Magidesk\obj\Debug\net8.0-windows10.0.19041.0\Views\PasswordEntryDialog.g.cs;C:\Users\giris\Documents\Code\Redesign-POS\Windows Based POS\Magidesk\obj\Debug\net8.0-windows10.0.19041.0\Views\PaymentPage.g.i.cs;C:\Users\giris\Documents\Code\Redesign-POS\Windows Based POS\Magidesk\obj\Debug\net8.0-windows10.0.19041.0\Views\PaymentPage.g.cs;C:\Users\giris\Documents\Code\Redesign-POS\Windows Based POS\Magidesk\obj\Debug\net8.0-windows10.0.19041.0\Views\PaymentProcessWaitDialog.g.i.cs;C:\Users\giris\Documents\Code\Redesign-POS\Windows Based POS\Magidesk\obj\Debug\net8.0-windows10.0.19041.0\Views\PaymentProcessWaitDialog.g.cs;C:\Users\giris\Documents\Code\Redesign-POS\Windows Based POS\Magidesk\obj\Debug\net8.0-windows10.0.19041.0\Views\PrintPage.g.i.cs;C:\Users\giris\Documents\Code\Redesign-POS\Windows Based POS\Magidesk\obj\Debug\net8.0-windows10.0.19041.0\Views\PrintPage.g.cs;C:\Users\giris\Documents\Code\Redesign-POS\Windows Based POS\Magidesk\obj\Debug\net8.0-windows10.0.19041.0\Views\PurchaseOrdersPage.g.i.cs;C:\Users\giris\Documents\Code\Redesign-POS\Windows Based POS\Magidesk\obj\Debug\net8.0-windows10.0.19041.0\Views\PurchaseOrdersPage.g.cs;C:\Users\giris\Documents\Code\Redesign-POS\Windows Based POS\Magidesk\obj\Debug\net8.0-windows10.0.19041.0\Views\RoleManagementPage.g.i.cs;C:\Users\giris\Documents\Code\Redesign-POS\Windows Based POS\Magidesk\obj\Debug\net8.0-windows10.0.19041.0\Views\RoleManagementPage.g.cs;C:\Users\giris\Documents\Code\Redesign-POS\Windows Based POS\Magidesk\obj\Debug\net8.0-windows10.0.19041.0\Views\SalesReportsPage.g.i.cs;C:\Users\giris\Documents\Code\Redesign-POS\Windows Based POS\Magidesk\obj\Debug\net8.0-windows10.0.19041.0\Views\SalesReportsPage.g.cs;C:\Users\giris\Documents\Code\Redesign-POS\Windows Based POS\Magidesk\obj\Debug\net8.0-windows10.0.19041.0\Views\SettingsPage.g.i.cs;C:\Users\giris\Documents\Code\Redesign-POS\Windows Based POS\Magidesk\obj\Debug\net8.0-windows10.0.19041.0\Views\SettingsPage.g.cs;C:\Users\giris\Documents\Code\Redesign-POS\Windows Based POS\Magidesk\obj\Debug\net8.0-windows10.0.19041.0\Views\SettlePage.g.i.cs;C:\Users\giris\Documents\Code\Redesign-POS\Windows Based POS\Magidesk\obj\Debug\net8.0-windows10.0.19041.0\Views\SettlePage.g.cs;C:\Users\giris\Documents\Code\Redesign-POS\Windows Based POS\Magidesk\obj\Debug\net8.0-windows10.0.19041.0\Views\ShiftExplorerPage.g.i.cs;C:\Users\giris\Documents\Code\Redesign-POS\Windows Based POS\Magidesk\obj\Debug\net8.0-windows10.0.19041.0\Views\ShiftExplorerPage.g.cs;C:\Users\giris\Documents\Code\Redesign-POS\Windows Based POS\Magidesk\obj\Debug\net8.0-windows10.0.19041.0\Views\SplitTicketDialog.g.i.cs;C:\Users\giris\Documents\Code\Redesign-POS\Windows Based POS\Magidesk\obj\Debug\net8.0-windows10.0.19041.0\Views\SplitTicketDialog.g.cs;C:\Users\giris\Documents\Code\Redesign-POS\Windows Based POS\Magidesk\obj\Debug\net8.0-windows10.0.19041.0\Views\SwipeCardDialog.g.i.cs;C:\Users\giris\Documents\Code\Redesign-POS\Windows Based POS\Magidesk\obj\Debug\net8.0-windows10.0.19041.0\Views\SwipeCardDialog.g.cs;C:\Users\giris\Documents\Code\Redesign-POS\Windows Based POS\Magidesk\obj\Debug\net8.0-windows10.0.19041.0\Views\SwitchboardPage.g.i.cs;C:\Users\giris\Documents\Code\Redesign-POS\Windows Based POS\Magidesk\obj\Debug\net8.0-windows10.0.19041.0\Views\SwitchboardPage.g.cs;C:\Users\giris\Documents\Code\Redesign-POS\Windows Based POS\Magidesk\obj\Debug\net8.0-windows10.0.19041.0\Views\SystemConfigPage.g.i.cs;C:\Users\giris\Documents\Code\Redesign-POS\Windows Based POS\Magidesk\obj\Debug\net8.0-windows10.0.19041.0\Views\SystemConfigPage.g.cs;C:\Users\giris\Documents\Code\Redesign-POS\Windows Based POS\Magidesk\obj\Debug\net8.0-windows10.0.19041.0\Views\TableExplorerPage.g.i.cs;C:\Users\giris\Documents\Code\Redesign-POS\Windows Based POS\Magidesk\obj\Debug\net8.0-windows10.0.19041.0\Views\TableExplorerPage.g.cs;C:\Users\giris\Documents\Code\Redesign-POS\Windows Based POS\Magidesk\obj\Debug\net8.0-windows10.0.19041.0\Views\TableMapPage.g.i.cs;C:\Users\giris\Documents\Code\Redesign-POS\Windows Based POS\Magidesk\obj\Debug\net8.0-windows10.0.19041.0\Views\TableMapPage.g.cs;C:\Users\giris\Documents\Code\Redesign-POS\Windows Based POS\Magidesk\obj\Debug\net8.0-windows10.0.19041.0\Views\TicketManagementPage.g.i.cs;C:\Users\giris\Documents\Code\Redesign-POS\Windows Based POS\Magidesk\obj\Debug\net8.0-windows10.0.19041.0\Views\TicketManagementPage.g.cs;C:\Users\giris\Documents\Code\Redesign-POS\Windows Based POS\Magidesk\obj\Debug\net8.0-windows10.0.19041.0\Views\TicketPage.g.i.cs;C:\Users\giris\Documents\Code\Redesign-POS\Windows Based POS\Magidesk\obj\Debug\net8.0-windows10.0.19041.0\Views\TicketPage.g.cs;C:\Users\giris\Documents\Code\Redesign-POS\Windows Based POS\Magidesk\obj\Debug\net8.0-windows10.0.19041.0\Views\UserManagementPage.g.i.cs;C:\Users\giris\Documents\Code\Redesign-POS\Windows Based POS\Magidesk\obj\Debug\net8.0-windows10.0.19041.0\Views\UserManagementPage.g.cs;C:\Users\giris\Documents\Code\Redesign-POS\Windows Based POS\Magidesk\obj\Debug\net8.0-windows10.0.19041.0\Views\VendorsPage.g.i.cs;C:\Users\giris\Documents\Code\Redesign-POS\Windows Based POS\Magidesk\obj\Debug\net8.0-windows10.0.19041.0\Views\VendorsPage.g.cs;C:\Users\giris\Documents\Code\Redesign-POS\Windows Based POS\Magidesk\obj\Debug\net8.0-windows10.0.19041.0\Views\VoidTicketDialog.g.i.cs;C:\Users\giris\Documents\Code\Redesign-POS\Windows Based POS\Magidesk\obj\Debug\net8.0-windows10.0.19041.0\Views\VoidTicketDialog.g.cs;C:\Users\giris\Documents\Code\Redesign-POS\Windows Based POS\Magidesk\obj\Debug\net8.0-windows10.0.19041.0\XamlTypeInfo.g.cs'
       Done executing task "Message".
   1:7>Done building target "MarkupCompilePass1" in project "Magidesk.Presentation.csproj".
       Target "PrepareForBuild" skipped. Previously built successfully.
   1:7>Target "GenerateMSBuildEditorConfigFileShouldRun" in file "C:\Program Files\dotnet\sdk\10.0.101\Roslyn\Microsoft.Managed.Core.targets" from project "C:\Users\giris\Documents\Code\Redesign-POS\Windows Based POS\Magidesk\Magidesk.Presentation.csproj" (target "GenerateMSBuildEditorConfigFile" depends on it):
   1:7>Done building target "GenerateMSBuildEditorConfigFileShouldRun" in project "Magidesk.Presentation.csproj".
   1:7>Target "AddGlobalAnalyzerConfigForPackage_MicrosoftCodeAnalysisCSharpCodeStyle" in file "C:\Program Files\dotnet\sdk\10.0.101\Sdks\Microsoft.NET.Sdk\codestyle\cs\build\Microsoft.CodeAnalysis.CSharp.CodeStyle.targets" from project "C:\Users\giris\Documents\Code\Redesign-POS\Windows Based POS\Magidesk\Magidesk.Presentation.csproj" (target "GenerateMSBuildEditorConfigFileCore" depends on it):
   1:7>Done building target "AddGlobalAnalyzerConfigForPackage_MicrosoftCodeAnalysisCSharpCodeStyle" in project "Magidesk.Presentation.csproj".
   1:7>Target "GenerateMSBuildEditorConfigFileCore" in file "C:\Program Files\dotnet\sdk\10.0.101\Roslyn\Microsoft.Managed.Core.targets" from project "C:\Users\giris\Documents\Code\Redesign-POS\Windows Based POS\Magidesk\Magidesk.Presentation.csproj" (target "GenerateMSBuildEditorConfigFile" depends on it):
       Building target "GenerateMSBuildEditorConfigFileCore" completely.
       No input files were specified.
       Using "GenerateMSBuildEditorConfig" task from assembly "C:\Program Files\dotnet\sdk\10.0.101\Sdks\Microsoft.NET.Sdk\targets\..\..\..\Roslyn\Microsoft.Build.Tasks.CodeAnalysis.dll".
       Task "GenerateMSBuildEditorConfig"
       Done executing task "GenerateMSBuildEditorConfig".
   1:7>Done building target "GenerateMSBuildEditorConfigFileCore" in project "Magidesk.Presentation.csproj".
   1:7>Target "GenerateMSBuildEditorConfigFile" in file "C:\Program Files\dotnet\sdk\10.0.101\Roslyn\Microsoft.Managed.Core.targets" from project "C:\Users\giris\Documents\Code\Redesign-POS\Windows Based POS\Magidesk\Magidesk.Presentation.csproj" (target "XamlPreCompile" depends on it):
   1:7>Done building target "GenerateMSBuildEditorConfigFile" in project "Magidesk.Presentation.csproj".
   1:7>Target "XamlPreCompile" in file "C:\Program Files\dotnet\sdk\10.0.101\Microsoft.CSharp.CurrentVersion.targets" from project "C:\Users\giris\Documents\Code\Redesign-POS\Windows Based POS\Magidesk\Magidesk.Presentation.csproj" (target "PrepareResources" depends on it):
       Building target "XamlPreCompile" completely.
       Input file "App.xaml.cs" is newer than output file "obj\Debug\net8.0-windows10.0.19041.0\intermediatexaml\Magidesk.Presentation.dll".
       C:\Program Files\dotnet\sdk\10.0.101\Microsoft.CSharp.CurrentVersion.targets(199,13): message : Property reassignment: $(NoWarn)="1701;1702;1701;1702" (previous value: "1701;1702") at C:\Program Files\dotnet\sdk\10.0.101\Microsoft.CSharp.CurrentVersion.targets (199,13) [C:\Users\giris\Documents\Code\Redesign-POS\Windows Based POS\Magidesk\Magidesk.Presentation.csproj]
       Using "Csc" task from assembly "C:\Program Files\dotnet\sdk\10.0.101\Sdks\Microsoft.NET.Sdk\targets\..\..\..\Roslyn\Microsoft.Build.Tasks.CodeAnalysis.dll".
       Task "Csc"
         Setting DOTNET_ROOT to 'C:\Program Files\dotnet'
         Environment Variables passed to tool:
           DOTNET_ROOT=C:\Program Files\dotnet
         C:\Program Files\dotnet\sdk\10.0.101\Roslyn\bincore\csc.exe /noconfig /unsafe- /checked- /nowarn:1701,1702,1701,1702 /fullpaths /nostdlib+ /errorreport:prompt /warn:8 /define:TRACE;MICROSOFT_WINDOWSAPPSDK_BOOTSTRAP_AUTO_INITIALIZE;MICROSOFT_WINDOWSAPPSDK_AUTOINITIALIZE_BOOTSTRAP;DEBUG;NET;NET8_0;NETCOREAPP;WINDOWS;WINDOWS10_0_19041_0;NET5_0_OR_GREATER;NET6_0_OR_GREATER;NET7_0_OR_GREATER;NET8_0_OR_GREATER;NETCOREAPP1_0_OR_GREATER;NETCOREAPP1_1_OR_GREATER;NETCOREAPP2_0_OR_GREATER;NETCOREAPP2_1_OR_GREATER;NETCOREAPP2_2_OR_GREATER;NETCOREAPP3_0_OR_GREATER;NETCOREAPP3_1_OR_GREATER;WINDOWS10_0_19041_0_OR_GREATER;WINDOWS10_0_18362_0_OR_GREATER;WINDOWS10_0_17763_0_OR_GREATER;WINDOWS8_0_OR_GREATER;WINDOWS7_0_OR_GREATER /highentropyva+ /nullable:enable /reference:C:\Users\giris\.nuget\packages\communitytoolkit.mvvm\8.4.0\lib\net8.0-windows10.0.17763\CommunityToolkit.Mvvm.dll /reference:"C:\Users\giris\Documents\Code\Redesign-POS\Windows Based POS\Magidesk\Magidesk.Application\bin\Debug\net8.0\Magidesk.Application.dll" /reference:"C:\Users\giris\Documents\Code\Redesign-POS\Windows Based POS\Magidesk\Magidesk.Domain\bin\Debug\net8.0\Magidesk.Domain.dll" /reference:"C:\Users\giris\Documents\Code\Redesign-POS\Windows Based POS\Magidesk\Magidesk.Infrastructure\bin\Debug\net8.0\Magidesk.Infrastructure.dll" /reference:C:\Users\giris\.nuget\packages\mediatr.contracts\2.0.1\lib\netstandard2.0\MediatR.Contracts.dll /reference:C:\Users\giris\.nuget\packages\mediatr\12.2.0\lib\net6.0\MediatR.dll /reference:"C:\Program Files\dotnet\packs\Microsoft.NETCore.App.Ref\8.0.22\ref\net8.0\Microsoft.CSharp.dll" /reference:C:\Users\giris\.nuget\packages\microsoft.entityframeworkcore.abstractions\8.0.0\lib\net8.0\Microsoft.EntityFrameworkCore.Abstractions.dll /reference:C:\Users\giris\.nuget\packages\microsoft.entityframeworkcore\8.0.0\lib\net8.0\Microsoft.EntityFrameworkCore.dll /reference:C:\Users\giris\.nuget\packages\microsoft.entityframeworkcore.relational\8.0.0\lib\net8.0\Microsoft.EntityFrameworkCore.Relational.dll /reference:C:\Users\giris\.nuget\packages\microsoft.extensions.caching.abstractions\8.0.0\lib\net8.0\Microsoft.Extensions.Caching.Abstractions.dll /reference:C:\Users\giris\.nuget\packages\microsoft.extensions.caching.memory\8.0.0\lib\net8.0\Microsoft.Extensions.Caching.Memory.dll /reference:C:\Users\giris\.nuget\packages\microsoft.extensions.configuration.abstractions\8.0.0\lib\net8.0\Microsoft.Extensions.Configuration.Abstractions.dll /reference:C:\Users\giris\.nuget\packages\microsoft.extensions.configuration.binder\8.0.0\lib\net8.0\Microsoft.Extensions.Configuration.Binder.dll /reference:C:\Users\giris\.nuget\packages\microsoft.extensions.configuration.commandline\8.0.0\lib\net8.0\Microsoft.Extensions.Configuration.CommandLine.dll /reference:C:\Users\giris\.nuget\packages\microsoft.extensions.configuration\8.0.0\lib\net8.0\Microsoft.Extensions.Configuration.dll /reference:C:\Users\giris\.nuget\packages\microsoft.extensions.configuration.environmentvariables\8.0.0\lib\net8.0\Microsoft.Extensions.Configuration.EnvironmentVariables.dll /reference:C:\Users\giris\.nuget\packages\microsoft.extensions.configuration.fileextensions\8.0.0\lib\net8.0\Microsoft.Extensions.Configuration.FileExtensions.dll /reference:C:\Users\giris\.nuget\packages\microsoft.extensions.configuration.json\8.0.0\lib\net8.0\Microsoft.Extensions.Configuration.Json.dll /reference:C:\Users\giris\.nuget\packages\microsoft.extensions.configuration.usersecrets\8.0.0\lib\net8.0\Microsoft.Extensions.Configuration.UserSecrets.dll /reference:C:\Users\giris\.nuget\packages\microsoft.extensions.dependencyinjection.abstractions\10.0.1\lib\net8.0\Microsoft.Extensions.DependencyInjection.Abstractions.dll /reference:C:\Users\giris\.nuget\packages\microsoft.extensions.dependencyinjection\8.0.0\lib\net8.0\Microsoft.Extensions.DependencyInjection.dll /reference:C:\Users\giris\.nuget\packages\microsoft.extensions.diagnostics.abstractions\8.0.0\lib\net8.0\Microsoft.Extensions.Diagnostics.Abstractions.dll /reference:C:\Users\giris\.nuget\packages\microsoft.extensions.diagnostics\8.0.0\lib\net8.0\Microsoft.Extensions.Diagnostics.dll /reference:C:\Users\giris\.nuget\packages\microsoft.extensions.fileproviders.abstractions\8.0.0\lib\net8.0\Microsoft.Extensions.FileProviders.Abstractions.dll /reference:C:\Users\giris\.nuget\packages\microsoft.extensions.fileproviders.physical\8.0.0\lib\net8.0\Microsoft.Extensions.FileProviders.Physical.dll /reference:C:\Users\giris\.nuget\packages\microsoft.extensions.filesystemglobbing\8.0.0\lib\net8.0\Microsoft.Extensions.FileSystemGlobbing.dll /reference:C:\Users\giris\.nuget\packages\microsoft.extensions.hosting.abstractions\8.0.0\lib\net8.0\Microsoft.Extensions.Hosting.Abstractions.dll /reference:C:\Users\giris\.nuget\packages\microsoft.extensions.hosting\8.0.0\lib\net8.0\Microsoft.Extensions.Hosting.dll /reference:C:\Users\giris\.nuget\packages\microsoft.extensions.logging.abstractions\8.0.0\lib\net8.0\Microsoft.Extensions.Logging.Abstractions.dll /reference:C:\Users\giris\.nuget\packages\microsoft.extensions.logging.configuration\8.0.0\lib\net8.0\Microsoft.Extensions.Logging.Configuration.dll /reference:C:\Users\giris\.nuget\packages\microsoft.extensions.logging.console\8.0.0\lib\net8.0\Microsoft.Extensions.Logging.Console.dll /reference:C:\Users\giris\.nuget\packages\microsoft.extensions.logging.debug\8.0.0\lib\net8.0\Microsoft.Extensions.Logging.Debug.dll /reference:C:\Users\giris\.nuget\packages\microsoft.extensions.logging\8.0.0\lib\net8.0\Microsoft.Extensions.Logging.dll /reference:C:\Users\giris\.nuget\packages\microsoft.extensions.logging.eventlog\8.0.0\lib\net8.0\Microsoft.Extensions.Logging.EventLog.dll /reference:C:\Users\giris\.nuget\packages\microsoft.extensions.logging.eventsource\8.0.0\lib\net8.0\Microsoft.Extensions.Logging.EventSource.dll /reference:C:\Users\giris\.nuget\packages\microsoft.extensions.options.configurationextensions\8.0.0\lib\net8.0\Microsoft.Extensions.Options.ConfigurationExtensions.dll /reference:C:\Users\giris\.nuget\packages\microsoft.extensions.options\8.0.0\lib\net8.0\Microsoft.Extensions.Options.dll /reference:C:\Users\giris\.nuget\packages\microsoft.extensions.primitives\8.0.0\lib\net8.0\Microsoft.Extensions.Primitives.dll /reference:C:\Users\giris\.nuget\packages\microsoft.windowsappsdk.ai\1.8.39\lib\net6.0-windows10.0.17763.0\Microsoft.Graphics.Imaging.Projection.dll /reference:C:\Users\giris\.nuget\packages\microsoft.windowsappsdk.interactiveexperiences\1.8.251104001\lib\net6.0-windows10.0.18362.0\Microsoft.InteractiveExperiences.Projection.dll /reference:C:\Users\giris\.nuget\packages\microsoft.windowsappsdk.ml\1.8.2109\lib\net8.0-windows10.0.17763.0\Microsoft.ML.OnnxRuntime.dll /reference:C:\Users\giris\.nuget\packages\microsoft.windowsappsdk.foundation\1.8.251104000\lib\net6.0-windows10.0.17763.0\Microsoft.Security.Authentication.OAuth.Projection.dll /reference:"C:\Program Files\dotnet\packs\Microsoft.NETCore.App.Ref\8.0.22\ref\net8.0\Microsoft.VisualBasic.Core.dll" /reference:"C:\Program Files\dotnet\packs\Microsoft.NETCore.App.Ref\8.0.22\ref\net8.0\Microsoft.VisualBasic.dll" /reference:C:\Users\giris\.nuget\packages\microsoft.web.webview2\1.0.3650.58\lib_manual\net8.0-windows10.0.17763.0\Microsoft.Web.WebView2.Core.Projection.dll /reference:"C:\Program Files\dotnet\packs\Microsoft.NETCore.App.Ref\8.0.22\ref\net8.0\Microsoft.Win32.Primitives.dll" /reference:"C:\Program Files\dotnet\packs\Microsoft.NETCore.App.Ref\8.0.22\ref\net8.0\Microsoft.Win32.Registry.dll" /reference:C:\Users\giris\.nuget\packages\microsoft.win32.systemevents\10.0.1\lib\net8.0\Microsoft.Win32.SystemEvents.dll /reference:C:\Users\giris\.nuget\packages\microsoft.windowsappsdk.ai\1.8.39\lib\net6.0-windows10.0.17763.0\Microsoft.Windows.AI.ContentSafety.Projection.dll /reference:C:\Users\giris\.nuget\packages\microsoft.windowsappsdk.ai\1.8.39\lib\net6.0-windows10.0.17763.0\Microsoft.Windows.AI.Foundation.Projection.dll /reference:C:\Users\giris\.nuget\packages\microsoft.windowsappsdk.ai\1.8.39\lib\net6.0-windows10.0.17763.0\Microsoft.Windows.AI.Imaging.Projection.dll /reference:C:\Users\giris\.nuget\packages\microsoft.windowsappsdk.ml\1.8.2109\lib\net8.0-windows10.0.17763.0\Microsoft.Windows.AI.MachineLearning.Projection.dll /reference:C:\Users\giris\.nuget\packages\microsoft.windowsappsdk.ai\1.8.39\lib\net6.0-windows10.0.17763.0\Microsoft.Windows.AI.Projection.dll /reference:C:\Users\giris\.nuget\packages\microsoft.windowsappsdk.ai\1.8.39\lib\net6.0-windows10.0.17763.0\Microsoft.Windows.AI.Text.Projection.dll /reference:C:\Users\giris\.nuget\packages\microsoft.windowsappsdk.foundation\1.8.251104000\lib\net6.0-windows10.0.17763.0\Microsoft.Windows.ApplicationModel.Background.Projection.dll /reference:C:\Users\giris\.nuget\packages\microsoft.windowsappsdk.foundation\1.8.251104000\lib\net6.0-windows10.0.17763.0\Microsoft.Windows.ApplicationModel.DynamicDependency.Projection.dll /reference:C:\Users\giris\.nuget\packages\microsoft.windowsappsdk.foundation\1.8.251104000\lib\net6.0-windows10.0.17763.0\Microsoft.Windows.ApplicationModel.Resources.Projection.dll /reference:C:\Users\giris\.nuget\packages\microsoft.windowsappsdk.foundation\1.8.251104000\lib\net6.0-windows10.0.17763.0\Microsoft.Windows.ApplicationModel.WindowsAppRuntime.Projection.dll /reference:C:\Users\giris\.nuget\packages\microsoft.windowsappsdk.foundation\1.8.251104000\lib\net6.0-windows10.0.17763.0\Microsoft.Windows.AppLifecycle.Projection.dll /reference:C:\Users\giris\.nuget\packages\microsoft.windowsappsdk.foundation\1.8.251104000\lib\net6.0-windows10.0.17763.0\Microsoft.Windows.AppNotifications.Builder.Projection.dll /reference:C:\Users\giris\.nuget\packages\microsoft.windowsappsdk.foundation\1.8.251104000\lib\net6.0-windows10.0.17763.0\Microsoft.Windows.AppNotifications.Projection.dll /reference:C:\Users\giris\.nuget\packages\microsoft.windowsappsdk.foundation\1.8.251104000\lib\net6.0-windows10.0.17763.0\Microsoft.Windows.BadgeNotifications.Projection.dll /reference:C:\Users\giris\.nuget\packages\microsoft.windowsappsdk.foundation\1.8.251104000\lib\net6.0-windows10.0.17763.0\Microsoft.Windows.Foundation.Projection.dll /reference:C:\Users\giris\.nuget\packages\microsoft.windowsappsdk.foundation\1.8.251104000\lib\net6.0-windows10.0.17763.0\Microsoft.Windows.Management.Deployment.Projection.dll /reference:C:\Users\giris\.nuget\packages\microsoft.windowsappsdk.foundation\1.8.251104000\lib\net6.0-windows10.0.17763.0\Microsoft.Windows.Media.Capture.Projection.dll /reference:C:\Users\giris\.nuget\packages\microsoft.windowsappsdk.foundation\1.8.251104000\lib\net6.0-windows10.0.17763.0\Microsoft.Windows.PushNotifications.Projection.dll /reference:C:\Users\giris\.nuget\packages\microsoft.windows.sdk.net.ref\10.0.19041.57\lib\net8.0\Microsoft.Windows.SDK.NET.dll /reference:C:\Users\giris\.nuget\packages\microsoft.windowsappsdk.foundation\1.8.251104000\lib\net6.0-windows10.0.17763.0\Microsoft.Windows.Security.AccessControl.Projection.dll /reference:C:\Users\giris\.nuget\packages\microsoft.windowsappsdk.foundation\1.8.251104000\lib\net6.0-windows10.0.17763.0\Microsoft.Windows.Storage.Pickers.Projection.dll /reference:C:\Users\giris\.nuget\packages\microsoft.windowsappsdk.foundation\1.8.251104000\lib\net6.0-windows10.0.17763.0\Microsoft.Windows.Storage.Projection.dll /reference:C:\Users\giris\.nuget\packages\microsoft.windowsappsdk.foundation\1.8.251104000\lib\net6.0-windows10.0.17763.0\Microsoft.Windows.System.Power.Projection.dll /reference:C:\Users\giris\.nuget\packages\microsoft.windowsappsdk.foundation\1.8.251104000\lib\net6.0-windows10.0.17763.0\Microsoft.Windows.System.Projection.dll /reference:C:\Users\giris\.nuget\packages\microsoft.windowsappsdk.widgets\1.8.250904007\lib\net6.0-windows10.0.17763.0\Microsoft.Windows.Widgets.Projection.dll /reference:C:\Users\giris\.nuget\packages\microsoft.windowsappsdk.foundation\1.8.251104000\lib\net6.0-windows10.0.17763.0\Microsoft.WindowsAppRuntime.Bootstrap.Net.dll /reference:C:\Users\giris\.nuget\packages\microsoft.windowsappsdk.winui\1.8.251105000\lib\net6.0-windows10.0.17763.0\Microsoft.WinUI.dll /reference:"C:\Program Files\dotnet\packs\Microsoft.NETCore.App.Ref\8.0.22\ref\net8.0\mscorlib.dll" /reference:"C:\Program Files\dotnet\packs\Microsoft.NETCore.App.Ref\8.0.22\ref\net8.0\netstandard.dll" /reference:C:\Users\giris\.nuget\packages\npgsql\8.0.0\lib\net8.0\Npgsql.dll /reference:C:\Users\giris\.nuget\packages\npgsql.entityframeworkcore.postgresql\8.0.0\lib\net8.0\Npgsql.EntityFrameworkCore.PostgreSQL.dll /reference:"C:\Program Files\dotnet\packs\Microsoft.NETCore.App.Ref\8.0.22\ref\net8.0\System.AppContext.dll" /reference:"C:\Program Files\dotnet\packs\Microsoft.NETCore.App.Ref\8.0.22\ref\net8.0\System.Buffers.dll" /reference:"C:\Program Files\dotnet\packs\Microsoft.NETCore.App.Ref\8.0.22\ref\net8.0\System.Collections.Concurrent.dll" /reference:"C:\Program Files\dotnet\packs\Microsoft.NETCore.App.Ref\8.0.22\ref\net8.0\System.Collections.dll" /reference:"C:\Program Files\dotnet\packs\Microsoft.NETCore.App.Ref\8.0.22\ref\net8.0\System.Collections.Immutable.dll" /reference:"C:\Program Files\dotnet\packs\Microsoft.NETCore.App.Ref\8.0.22\ref\net8.0\System.Collections.NonGeneric.dll" /reference:"C:\Program Files\dotnet\packs\Microsoft.NETCore.App.Ref\8.0.22\ref\net8.0\System.Collections.Specialized.dll" /reference:"C:\Program Files\dotnet\packs\Microsoft.NETCore.App.Ref\8.0.22\ref\net8.0\System.ComponentModel.Annotations.dll" /reference:"C:\Program Files\dotnet\packs\Microsoft.NETCore.App.Ref\8.0.22\ref\net8.0\System.ComponentModel.DataAnnotations.dll" /reference:"C:\Program Files\dotnet\packs\Microsoft.NETCore.App.Ref\8.0.22\ref\net8.0\System.ComponentModel.dll" /reference:"C:\Program Files\dotnet\packs\Microsoft.NETCore.App.Ref\8.0.22\ref\net8.0\System.ComponentModel.EventBasedAsync.dll" /reference:"C:\Program Files\dotnet\packs\Microsoft.NETCore.App.Ref\8.0.22\ref\net8.0\System.ComponentModel.Primitives.dll" /reference:"C:\Program Files\dotnet\packs\Microsoft.NETCore.App.Ref\8.0.22\ref\net8.0\System.ComponentModel.TypeConverter.dll" /reference:"C:\Program Files\dotnet\packs\Microsoft.NETCore.App.Ref\8.0.22\ref\net8.0\System.Configuration.dll" /reference:"C:\Program Files\dotnet\packs\Microsoft.NETCore.App.Ref\8.0.22\ref\net8.0\System.Console.dll" /reference:"C:\Program Files\dotnet\packs\Microsoft.NETCore.App.Ref\8.0.22\ref\net8.0\System.Core.dll" /reference:"C:\Program Files\dotnet\packs\Microsoft.NETCore.App.Ref\8.0.22\ref\net8.0\System.Data.Common.dll" /reference:"C:\Program Files\dotnet\packs\Microsoft.NETCore.App.Ref\8.0.22\ref\net8.0\System.Data.DataSetExtensions.dll" /reference:"C:\Program Files\dotnet\packs\Microsoft.NETCore.App.Ref\8.0.22\ref\net8.0\System.Data.dll" /reference:"C:\Program Files\dotnet\packs\Microsoft.NETCore.App.Ref\8.0.22\ref\net8.0\System.Diagnostics.Contracts.dll" /reference:"C:\Program Files\dotnet\packs\Microsoft.NETCore.App.Ref\8.0.22\ref\net8.0\System.Diagnostics.Debug.dll" /reference:"C:\Program Files\dotnet\packs\Microsoft.NETCore.App.Ref\8.0.22\ref\net8.0\System.Diagnostics.DiagnosticSource.dll" /reference:C:\Users\giris\.nuget\packages\system.diagnostics.eventlog\8.0.0\lib\net8.0\System.Diagnostics.EventLog.dll /reference:"C:\Program Files\dotnet\packs\Microsoft.NETCore.App.Ref\8.0.22\ref\net8.0\System.Diagnostics.FileVersionInfo.dll" /reference:"C:\Program Files\dotnet\packs\Microsoft.NETCore.App.Ref\8.0.22\ref\net8.0\System.Diagnostics.Process.dll" /reference:"C:\Program Files\dotnet\packs\Microsoft.NETCore.App.Ref\8.0.22\ref\net8.0\System.Diagnostics.StackTrace.dll" /reference:"C:\Program Files\dotnet\packs\Microsoft.NETCore.App.Ref\8.0.22\ref\net8.0\System.Diagnostics.TextWriterTraceListener.dll" /reference:"C:\Program Files\dotnet\packs\Microsoft.NETCore.App.Ref\8.0.22\ref\net8.0\System.Diagnostics.Tools.dll" /reference:"C:\Program Files\dotnet\packs\Microsoft.NETCore.App.Ref\8.0.22\ref\net8.0\System.Diagnostics.TraceSource.dll" /reference:"C:\Program Files\dotnet\packs\Microsoft.NETCore.App.Ref\8.0.22\ref\net8.0\System.Diagnostics.Tracing.dll" /reference:"C:\Program Files\dotnet\packs\Microsoft.NETCore.App.Ref\8.0.22\ref\net8.0\System.dll" /reference:C:\Users\giris\.nuget\packages\system.drawing.common\10.0.1\lib\net8.0\System.Drawing.Common.dll /reference:"C:\Program Files\dotnet\packs\Microsoft.NETCore.App.Ref\8.0.22\ref\net8.0\System.Drawing.dll" /reference:"C:\Program Files\dotnet\packs\Microsoft.NETCore.App.Ref\8.0.22\ref\net8.0\System.Drawing.Primitives.dll" /reference:"C:\Program Files\dotnet\packs\Microsoft.NETCore.App.Ref\8.0.22\ref\net8.0\System.Dynamic.Runtime.dll" /reference:"C:\Program Files\dotnet\packs\Microsoft.NETCore.App.Ref\8.0.22\ref\net8.0\System.Formats.Asn1.dll" /reference:"C:\Program Files\dotnet\packs\Microsoft.NETCore.App.Ref\8.0.22\ref\net8.0\System.Formats.Tar.dll" /reference:"C:\Program Files\dotnet\packs\Microsoft.NETCore.App.Ref\8.0.22\ref\net8.0\System.Globalization.Calendars.dll" /reference:"C:\Program Files\dotnet\packs\Microsoft.NETCore.App.Ref\8.0.22\ref\net8.0\System.Globalization.dll" /reference:"C:\Program Files\dotnet\packs\Microsoft.NETCore.App.Ref\8.0.22\ref\net8.0\System.Globalization.Extensions.dll" /reference:"C:\Program Files\dotnet\packs\Microsoft.NETCore.App.Ref\8.0.22\ref\net8.0\System.IO.Compression.Brotli.dll" /reference:"C:\Program Files\dotnet\packs\Microsoft.NETCore.App.Ref\8.0.22\ref\net8.0\System.IO.Compression.dll" /reference:"C:\Program Files\dotnet\packs\Microsoft.NETCore.App.Ref\8.0.22\ref\net8.0\System.IO.Compression.FileSystem.dll" /reference:"C:\Program Files\dotnet\packs\Microsoft.NETCore.App.Ref\8.0.22\ref\net8.0\System.IO.Compression.ZipFile.dll" /reference:"C:\Program Files\dotnet\packs\Microsoft.NETCore.App.Ref\8.0.22\ref\net8.0\System.IO.dll" /reference:"C:\Program Files\dotnet\packs\Microsoft.NETCore.App.Ref\8.0.22\ref\net8.0\System.IO.FileSystem.AccessControl.dll" /reference:"C:\Program Files\dotnet\packs\Microsoft.NETCore.App.Ref\8.0.22\ref\net8.0\System.IO.FileSystem.dll" /reference:"C:\Program Files\dotnet\packs\Microsoft.NETCore.App.Ref\8.0.22\ref\net8.0\System.IO.FileSystem.DriveInfo.dll" /reference:"C:\Program Files\dotnet\packs\Microsoft.NETCore.App.Ref\8.0.22\ref\net8.0\System.IO.FileSystem.Primitives.dll" /reference:"C:\Program Files\dotnet\packs\Microsoft.NETCore.App.Ref\8.0.22\ref\net8.0\System.IO.FileSystem.Watcher.dll" /reference:"C:\Program Files\dotnet\packs\Microsoft.NETCore.App.Ref\8.0.22\ref\net8.0\System.IO.IsolatedStorage.dll" /reference:"C:\Program Files\dotnet\packs\Microsoft.NETCore.App.Ref\8.0.22\ref\net8.0\System.IO.MemoryMappedFiles.dll" /reference:"C:\Program Files\dotnet\packs\Microsoft.NETCore.App.Ref\8.0.22\ref\net8.0\System.IO.Pipes.AccessControl.dll" /reference:"C:\Program Files\dotnet\packs\Microsoft.NETCore.App.Ref\8.0.22\ref\net8.0\System.IO.Pipes.dll" /reference:"C:\Program Files\dotnet\packs\Microsoft.NETCore.App.Ref\8.0.22\ref\net8.0\System.IO.UnmanagedMemoryStream.dll" /reference:"C:\Program Files\dotnet\packs\Microsoft.NETCore.App.Ref\8.0.22\ref\net8.0\System.Linq.dll" /reference:"C:\Program Files\dotnet\packs\Microsoft.NETCore.App.Ref\8.0.22\ref\net8.0\System.Linq.Expressions.dll" /reference:"C:\Program Files\dotnet\packs\Microsoft.NETCore.App.Ref\8.0.22\ref\net8.0\System.Linq.Parallel.dll" /reference:"C:\Program Files\dotnet\packs\Microsoft.NETCore.App.Ref\8.0.22\ref\net8.0\System.Linq.Queryable.dll" /reference:"C:\Program Files\dotnet\packs\Microsoft.NETCore.App.Ref\8.0.22\ref\net8.0\System.Memory.dll" /reference:"C:\Program Files\dotnet\packs\Microsoft.NETCore.App.Ref\8.0.22\ref\net8.0\System.Net.dll" /reference:"C:\Program Files\dotnet\packs\Microsoft.NETCore.App.Ref\8.0.22\ref\net8.0\System.Net.Http.dll" /reference:"C:\Program Files\dotnet\packs\Microsoft.NETCore.App.Ref\8.0.22\ref\net8.0\System.Net.Http.Json.dll" /reference:"C:\Program Files\dotnet\packs\Microsoft.NETCore.App.Ref\8.0.22\ref\net8.0\System.Net.HttpListener.dll" /reference:"C:\Program Files\dotnet\packs\Microsoft.NETCore.App.Ref\8.0.22\ref\net8.0\System.Net.Mail.dll" /reference:"C:\Program Files\dotnet\packs\Microsoft.NETCore.App.Ref\8.0.22\ref\net8.0\System.Net.NameResolution.dll" /reference:"C:\Program Files\dotnet\packs\Microsoft.NETCore.App.Ref\8.0.22\ref\net8.0\System.Net.NetworkInformation.dll" /reference:"C:\Program Files\dotnet\packs\Microsoft.NETCore.App.Ref\8.0.22\ref\net8.0\System.Net.Ping.dll" /reference:"C:\Program Files\dotnet\packs\Microsoft.NETCore.App.Ref\8.0.22\ref\net8.0\System.Net.Primitives.dll" /reference:"C:\Program Files\dotnet\packs\Microsoft.NETCore.App.Ref\8.0.22\ref\net8.0\System.Net.Quic.dll" /reference:"C:\Program Files\dotnet\packs\Microsoft.NETCore.App.Ref\8.0.22\ref\net8.0\System.Net.Requests.dll" /reference:"C:\Program Files\dotnet\packs\Microsoft.NETCore.App.Ref\8.0.22\ref\net8.0\System.Net.Security.dll" /reference:"C:\Program Files\dotnet\packs\Microsoft.NETCore.App.Ref\8.0.22\ref\net8.0\System.Net.ServicePoint.dll" /reference:"C:\Program Files\dotnet\packs\Microsoft.NETCore.App.Ref\8.0.22\ref\net8.0\System.Net.Sockets.dll" /reference:"C:\Program Files\dotnet\packs\Microsoft.NETCore.App.Ref\8.0.22\ref\net8.0\System.Net.WebClient.dll" /reference:"C:\Program Files\dotnet\packs\Microsoft.NETCore.App.Ref\8.0.22\ref\net8.0\System.Net.WebHeaderCollection.dll" /reference:"C:\Program Files\dotnet\packs\Microsoft.NETCore.App.Ref\8.0.22\ref\net8.0\System.Net.WebProxy.dll" /reference:"C:\Program Files\dotnet\packs\Microsoft.NETCore.App.Ref\8.0.22\ref\net8.0\System.Net.WebSockets.Client.dll" /reference:"C:\Program Files\dotnet\packs\Microsoft.NETCore.App.Ref\8.0.22\ref\net8.0\System.Net.WebSockets.dll" /reference:"C:\Program Files\dotnet\packs\Microsoft.NETCore.App.Ref\8.0.22\ref\net8.0\System.Numerics.dll" /reference:C:\Users\giris\.nuget\packages\system.numerics.tensors\9.0.0\lib\net8.0\System.Numerics.Tensors.dll /reference:"C:\Program Files\dotnet\packs\Microsoft.NETCore.App.Ref\8.0.22\ref\net8.0\System.Numerics.Vectors.dll" /reference:"C:\Program Files\dotnet\packs\Microsoft.NETCore.App.Ref\8.0.22\ref\net8.0\System.ObjectModel.dll" /reference:C:\Users\giris\.nuget\packages\system.drawing.common\10.0.1\lib\net8.0\System.Private.Windows.Core.dll /reference:C:\Users\giris\.nuget\packages\system.drawing.common\10.0.1\lib\net8.0\System.Private.Windows.GdiPlus.dll /reference:"C:\Program Files\dotnet\packs\Microsoft.NETCore.App.Ref\8.0.22\ref\net8.0\System.Reflection.DispatchProxy.dll" /reference:"C:\Program Files\dotnet\packs\Microsoft.NETCore.App.Ref\8.0.22\ref\net8.0\System.Reflection.dll" /reference:"C:\Program Files\dotnet\packs\Microsoft.NETCore.App.Ref\8.0.22\ref\net8.0\System.Reflection.Emit.dll" /reference:"C:\Program Files\dotnet\packs\Microsoft.NETCore.App.Ref\8.0.22\ref\net8.0\System.Reflection.Emit.ILGeneration.dll" /reference:"C:\Program Files\dotnet\packs\Microsoft.NETCore.App.Ref\8.0.22\ref\net8.0\System.Reflection.Emit.Lightweight.dll" /reference:"C:\Program Files\dotnet\packs\Microsoft.NETCore.App.Ref\8.0.22\ref\net8.0\System.Reflection.Extensions.dll" /reference:"C:\Program Files\dotnet\packs\Microsoft.NETCore.App.Ref\8.0.22\ref\net8.0\System.Reflection.Metadata.dll" /reference:"C:\Program Files\dotnet\packs\Microsoft.NETCore.App.Ref\8.0.22\ref\net8.0\System.Reflection.Primitives.dll" /reference:"C:\Program Files\dotnet\packs\Microsoft.NETCore.App.Ref\8.0.22\ref\net8.0\System.Reflection.TypeExtensions.dll" /reference:"C:\Program Files\dotnet\packs\Microsoft.NETCore.App.Ref\8.0.22\ref\net8.0\System.Resources.Reader.dll" /reference:"C:\Program Files\dotnet\packs\Microsoft.NETCore.App.Ref\8.0.22\ref\net8.0\System.Resources.ResourceManager.dll" /reference:"C:\Program Files\dotnet\packs\Microsoft.NETCore.App.Ref\8.0.22\ref\net8.0\System.Resources.Writer.dll" /reference:"C:\Program Files\dotnet\packs\Microsoft.NETCore.App.Ref\8.0.22\ref\net8.0\System.Runtime.CompilerServices.Unsafe.dll" /reference:"C:\Program Files\dotnet\packs\Microsoft.NETCore.App.Ref\8.0.22\ref\net8.0\System.Runtime.CompilerServices.VisualC.dll" /reference:"C:\Program Files\dotnet\packs\Microsoft.NETCore.App.Ref\8.0.22\ref\net8.0\System.Runtime.dll" /reference:"C:\Program Files\dotnet\packs\Microsoft.NETCore.App.Ref\8.0.22\ref\net8.0\System.Runtime.Extensions.dll" /reference:"C:\Program Files\dotnet\packs\Microsoft.NETCore.App.Ref\8.0.22\ref\net8.0\System.Runtime.Handles.dll" /reference:"C:\Program Files\dotnet\packs\Microsoft.NETCore.App.Ref\8.0.22\ref\net8.0\System.Runtime.InteropServices.dll" /reference:"C:\Program Files\dotnet\packs\Microsoft.NETCore.App.Ref\8.0.22\ref\net8.0\System.Runtime.InteropServices.JavaScript.dll" /reference:"C:\Program Files\dotnet\packs\Microsoft.NETCore.App.Ref\8.0.22\ref\net8.0\System.Runtime.InteropServices.RuntimeInformation.dll" /reference:"C:\Program Files\dotnet\packs\Microsoft.NETCore.App.Ref\8.0.22\ref\net8.0\System.Runtime.Intrinsics.dll" /reference:"C:\Program Files\dotnet\packs\Microsoft.NETCore.App.Ref\8.0.22\ref\net8.0\System.Runtime.Loader.dll" /reference:"C:\Program Files\dotnet\packs\Microsoft.NETCore.App.Ref\8.0.22\ref\net8.0\System.Runtime.Numerics.dll" /reference:"C:\Program Files\dotnet\packs\Microsoft.NETCore.App.Ref\8.0.22\ref\net8.0\System.Runtime.Serialization.dll" /reference:"C:\Program Files\dotnet\packs\Microsoft.NETCore.App.Ref\8.0.22\ref\net8.0\System.Runtime.Serialization.Formatters.dll" /reference:"C:\Program Files\dotnet\packs\Microsoft.NETCore.App.Ref\8.0.22\ref\net8.0\System.Runtime.Serialization.Json.dll" /reference:"C:\Program Files\dotnet\packs\Microsoft.NETCore.App.Ref\8.0.22\ref\net8.0\System.Runtime.Serialization.Primitives.dll" /reference:"C:\Program Files\dotnet\packs\Microsoft.NETCore.App.Ref\8.0.22\ref\net8.0\System.Runtime.Serialization.Xml.dll" /reference:"C:\Program Files\dotnet\packs\Microsoft.NETCore.App.Ref\8.0.22\ref\net8.0\System.Security.AccessControl.dll" /reference:"C:\Program Files\dotnet\packs\Microsoft.NETCore.App.Ref\8.0.22\ref\net8.0\System.Security.Claims.dll" /reference:"C:\Program Files\dotnet\packs\Microsoft.NETCore.App.Ref\8.0.22\ref\net8.0\System.Security.Cryptography.Algorithms.dll" /reference:"C:\Program Files\dotnet\packs\Microsoft.NETCore.App.Ref\8.0.22\ref\net8.0\System.Security.Cryptography.Cng.dll" /reference:"C:\Program Files\dotnet\packs\Microsoft.NETCore.App.Ref\8.0.22\ref\net8.0\System.Security.Cryptography.Csp.dll" /reference:"C:\Program Files\dotnet\packs\Microsoft.NETCore.App.Ref\8.0.22\ref\net8.0\System.Security.Cryptography.dll" /reference:"C:\Program Files\dotnet\packs\Microsoft.NETCore.App.Ref\8.0.22\ref\net8.0\System.Security.Cryptography.Encoding.dll" /reference:"C:\Program Files\dotnet\packs\Microsoft.NETCore.App.Ref\8.0.22\ref\net8.0\System.Security.Cryptography.OpenSsl.dll" /reference:"C:\Program Files\dotnet\packs\Microsoft.NETCore.App.Ref\8.0.22\ref\net8.0\System.Security.Cryptography.Primitives.dll" /reference:"C:\Program Files\dotnet\packs\Microsoft.NETCore.App.Ref\8.0.22\ref\net8.0\System.Security.Cryptography.X509Certificates.dll" /reference:"C:\Program Files\dotnet\packs\Microsoft.NETCore.App.Ref\8.0.22\ref\net8.0\System.Security.dll" /reference:"C:\Program Files\dotnet\packs\Microsoft.NETCore.App.Ref\8.0.22\ref\net8.0\System.Security.Principal.dll" /reference:"C:\Program Files\dotnet\packs\Microsoft.NETCore.App.Ref\8.0.22\ref\net8.0\System.Security.Principal.Windows.dll" /reference:"C:\Program Files\dotnet\packs\Microsoft.NETCore.App.Ref\8.0.22\ref\net8.0\System.Security.SecureString.dll" /reference:"C:\Program Files\dotnet\packs\Microsoft.NETCore.App.Ref\8.0.22\ref\net8.0\System.ServiceModel.Web.dll" /reference:"C:\Program Files\dotnet\packs\Microsoft.NETCore.App.Ref\8.0.22\ref\net8.0\System.ServiceProcess.dll" /reference:"C:\Program Files\dotnet\packs\Microsoft.NETCore.App.Ref\8.0.22\ref\net8.0\System.Text.Encoding.CodePages.dll" /reference:"C:\Program Files\dotnet\packs\Microsoft.NETCore.App.Ref\8.0.22\ref\net8.0\System.Text.Encoding.dll" /reference:"C:\Program Files\dotnet\packs\Microsoft.NETCore.App.Ref\8.0.22\ref\net8.0\System.Text.Encoding.Extensions.dll" /reference:"C:\Program Files\dotnet\packs\Microsoft.NETCore.App.Ref\8.0.22\ref\net8.0\System.Text.Encodings.Web.dll" /reference:"C:\Program Files\dotnet\packs\Microsoft.NETCore.App.Ref\8.0.22\ref\net8.0\System.Text.Json.dll" /reference:"C:\Program Files\dotnet\packs\Microsoft.NETCore.App.Ref\8.0.22\ref\net8.0\System.Text.RegularExpressions.dll" /reference:"C:\Program Files\dotnet\packs\Microsoft.NETCore.App.Ref\8.0.22\ref\net8.0\System.Threading.Channels.dll" /reference:"C:\Program Files\dotnet\packs\Microsoft.NETCore.App.Ref\8.0.22\ref\net8.0\System.Threading.dll" /reference:"C:\Program Files\dotnet\packs\Microsoft.NETCore.App.Ref\8.0.22\ref\net8.0\System.Threading.Overlapped.dll" /reference:"C:\Program Files\dotnet\packs\Microsoft.NETCore.App.Ref\8.0.22\ref\net8.0\System.Threading.Tasks.Dataflow.dll" /reference:"C:\Program Files\dotnet\packs\Microsoft.NETCore.App.Ref\8.0.22\ref\net8.0\System.Threading.Tasks.dll" /reference:"C:\Program Files\dotnet\packs\Microsoft.NETCore.App.Ref\8.0.22\ref\net8.0\System.Threading.Tasks.Extensions.dll" /reference:"C:\Program Files\dotnet\packs\Microsoft.NETCore.App.Ref\8.0.22\ref\net8.0\System.Threading.Tasks.Parallel.dll" /reference:"C:\Program Files\dotnet\packs\Microsoft.NETCore.App.Ref\8.0.22\ref\net8.0\System.Threading.Thread.dll" /reference:"C:\Program Files\dotnet\packs\Microsoft.NETCore.App.Ref\8.0.22\ref\net8.0\System.Threading.ThreadPool.dll" /reference:"C:\Program Files\dotnet\packs\Microsoft.NETCore.App.Ref\8.0.22\ref\net8.0\System.Threading.Timer.dll" /reference:"C:\Program Files\dotnet\packs\Microsoft.NETCore.App.Ref\8.0.22\ref\net8.0\System.Transactions.dll" /reference:"C:\Program Files\dotnet\packs\Microsoft.NETCore.App.Ref\8.0.22\ref\net8.0\System.Transactions.Local.dll" /reference:"C:\Program Files\dotnet\packs\Microsoft.NETCore.App.Ref\8.0.22\ref\net8.0\System.ValueTuple.dll" /reference:"C:\Program Files\dotnet\packs\Microsoft.NETCore.App.Ref\8.0.22\ref\net8.0\System.Web.dll" /reference:"C:\Program Files\dotnet\packs\Microsoft.NETCore.App.Ref\8.0.22\ref\net8.0\System.Web.HttpUtility.dll" /reference:"C:\Program Files\dotnet\packs\Microsoft.NETCore.App.Ref\8.0.22\ref\net8.0\System.Windows.dll" /reference:"C:\Program Files\dotnet\packs\Microsoft.NETCore.App.Ref\8.0.22\ref\net8.0\System.Xml.dll" /reference:"C:\Program Files\dotnet\packs\Microsoft.NETCore.App.Ref\8.0.22\ref\net8.0\System.Xml.Linq.dll" /reference:"C:\Program Files\dotnet\packs\Microsoft.NETCore.App.Ref\8.0.22\ref\net8.0\System.Xml.ReaderWriter.dll" /reference:"C:\Program Files\dotnet\packs\Microsoft.NETCore.App.Ref\8.0.22\ref\net8.0\System.Xml.Serialization.dll" /reference:"C:\Program Files\dotnet\packs\Microsoft.NETCore.App.Ref\8.0.22\ref\net8.0\System.Xml.XDocument.dll" /reference:"C:\Program Files\dotnet\packs\Microsoft.NETCore.App.Ref\8.0.22\ref\net8.0\System.Xml.XmlDocument.dll" /reference:"C:\Program Files\dotnet\packs\Microsoft.NETCore.App.Ref\8.0.22\ref\net8.0\System.Xml.XmlSerializer.dll" /reference:"C:\Program Files\dotnet\packs\Microsoft.NETCore.App.Ref\8.0.22\ref\net8.0\System.Xml.XPath.dll" /reference:"C:\Program Files\dotnet\packs\Microsoft.NETCore.App.Ref\8.0.22\ref\net8.0\System.Xml.XPath.XDocument.dll" /reference:"C:\Program Files\dotnet\packs\Microsoft.NETCore.App.Ref\8.0.22\ref\net8.0\WindowsBase.dll" /reference:C:\Users\giris\.nuget\packages\microsoft.windows.sdk.net.ref\10.0.19041.57\lib\net8.0\WinRT.Runtime.dll /debug- /filealign:512 /optimize- /out:obj\Debug\net8.0-windows10.0.19041.0\intermediatexaml\Magidesk.Presentation.dll /subsystemversion:6.00 /target:winexe /warnaserror- /utf8output /deterministic+ /langversion:latest /skipanalyzers+ /analyzerconfig:obj\Debug\net8.0-windows10.0.19041.0\Magidesk.Presentation.GeneratedMSBuildEditorConfig.editorconfig /analyzer:"C:\Program Files\dotnet\sdk\10.0.101\Sdks\Microsoft.NET.Sdk\targets\..\analyzers\Microsoft.CodeAnalysis.CSharp.NetAnalyzers.dll" /analyzer:"C:\Program Files\dotnet\sdk\10.0.101\Sdks\Microsoft.NET.Sdk\targets\..\analyzers\Microsoft.CodeAnalysis.NetAnalyzers.dll" /analyzer:C:\Users\giris\.nuget\packages\communitytoolkit.mvvm\8.4.0\analyzers\dotnet\roslyn4.12\cs\CommunityToolkit.Mvvm.CodeFixers.dll /analyzer:C:\Users\giris\.nuget\packages\communitytoolkit.mvvm\8.4.0\analyzers\dotnet\roslyn4.12\cs\CommunityToolkit.Mvvm.SourceGenerators.dll /analyzer:C:\Users\giris\.nuget\packages\microsoft.codeanalysis.analyzers\3.3.3\analyzers\dotnet\cs\Microsoft.CodeAnalysis.Analyzers.dll /analyzer:C:\Users\giris\.nuget\packages\microsoft.codeanalysis.analyzers\3.3.3\analyzers\dotnet\cs\Microsoft.CodeAnalysis.CSharp.Analyzers.dll /analyzer:C:\Users\giris\.nuget\packages\microsoft.entityframeworkcore.analyzers\8.0.0\analyzers\dotnet\cs\Microsoft.EntityFrameworkCore.Analyzers.dll /analyzer:C:\Users\giris\.nuget\packages\microsoft.extensions.logging.abstractions\8.0.0\analyzers\dotnet\roslyn4.4\cs\Microsoft.Extensions.Logging.Generators.dll /analyzer:C:\Users\giris\.nuget\packages\microsoft.extensions.options\8.0.0\analyzers\dotnet\roslyn4.4\cs\Microsoft.Extensions.Options.SourceGeneration.dll /analyzer:"C:\Program Files\dotnet\packs\Microsoft.NETCore.App.Ref\8.0.22\analyzers/dotnet/cs/Microsoft.Interop.ComInterfaceGenerator.dll" /analyzer:"C:\Program Files\dotnet\packs\Microsoft.NETCore.App.Ref\8.0.22\analyzers/dotnet/cs/Microsoft.Interop.JavaScript.JSImportGenerator.dll" /analyzer:"C:\Program Files\dotnet\packs\Microsoft.NETCore.App.Ref\8.0.22\analyzers/dotnet/cs/Microsoft.Interop.LibraryImportGenerator.dll" /analyzer:"C:\Program Files\dotnet\packs\Microsoft.NETCore.App.Ref\8.0.22\analyzers/dotnet/cs/Microsoft.Interop.SourceGeneration.dll" /analyzer:"C:\Program Files\dotnet\packs\Microsoft.NETCore.App.Ref\8.0.22\analyzers/dotnet/cs/System.Text.Json.SourceGeneration.dll" /analyzer:"C:\Program Files\dotnet\packs\Microsoft.NETCore.App.Ref\8.0.22\analyzers/dotnet/cs/System.Text.RegularExpressions.Generator.dll" /analyzer:C:\Users\giris\.nuget\packages\microsoft.windows.sdk.net.ref\10.0.19041.57\analyzers/dotnet/cs/WinRT.SourceGenerator.dll App.xaml.cs Imports.cs Magidesk.Presentation\Converters\BoolToDesignModeTextConverter.cs Magidesk.Presentation\Converters\BoolToVisibilityConverter.cs Magidesk.Presentation\Converters\CollectionEmptyToVisibilityConverter.cs Magidesk.Presentation\Converters\CurrencyConverter.cs Magidesk.Presentation\Converters\DateTimeToTimeConverter.cs Magidesk.Presentation\Converters\DecimalToDoubleConverter.cs Magidesk.Presentation\Converters\EnumToBoolConverter.cs Magidesk.Presentation\Converters\IntToDoubleConverter.cs Magidesk.Presentation\Converters\IntToSizeConverter.cs Magidesk.Presentation\Converters\InverseBooleanConverter.cs Magidesk.Presentation\Converters\NullToVisibilityConverter.cs Magidesk.Presentation\Converters\ShapeToCornerRadiusConverter.cs Magidesk.Presentation\Converters\StringColorToBrushConverter.cs Magidesk.Presentation\Converters\StringFormatConverter.cs Magidesk.Presentation\Converters\StringToBoolConverter.cs Magidesk.Presentation\Converters\StringVisibilityConverter.cs Magidesk.Presentation\Converters\TableStatusToBrushConverter.cs Magidesk.Presentation\Converters\TableToSelectionVisibilityConverter.cs Magidesk.Presentation\ViewModels\ExportImportManagementViewModel.cs Magidesk.Presentation\ViewModels\FloorManagementViewModel.cs Magidesk.Presentation\ViewModels\ServerSectionManagementViewModel.cs Magidesk.Presentation\ViewModels\TableDesignerViewModel.cs Magidesk.Presentation\Views\Components\TableShapePalette.xaml.cs Magidesk.Presentation\Views\Components\VirtualizedTableCanvas.xaml.cs Magidesk.Presentation\Views\FloorManagementPage.xaml.cs Magidesk.Presentation\Views\TableDesignerPage.xaml.cs Magidesk.Presentation\Views\TableDesignerTestPage.xaml.cs MainWindow.xaml.cs Services\DefaultViewRoutingService.cs Services\NavigationService.cs Services\TerminalContext.cs Services\UserService.cs ViewModels\AuthorizationCaptureBatchViewModel.cs ViewModels\AuthorizationCodeViewModel.cs ViewModels\BackOfficeViewModel.cs ViewModels\CashDropManagementViewModel.cs ViewModels\CashSessionViewModel.cs ViewModels\Dialogs\AddOnSelectionViewModel.cs ViewModels\Dialogs\ComboSelectionViewModel.cs ViewModels\Dialogs\CookingInstructionViewModel.cs ViewModels\Dialogs\CustomerSelectionViewModel.cs ViewModels\Dialogs\ItemSearchViewModel.cs ViewModels\Dialogs\MergeTicketsViewModel.cs ViewModels\Dialogs\ModifierGroupViewModel.cs ViewModels\Dialogs\ModifierItemViewModel.cs ViewModels\Dialogs\ModifierSelectionViewModel.cs ViewModels\Dialogs\NotesDialogViewModel.cs ViewModels\Dialogs\PizzaModifierViewModel.cs ViewModels\Dialogs\PriceEntryViewModel.cs ViewModels\Dialogs\SeatSelectionViewModel.cs ViewModels\Dialogs\ShiftEndViewModel.cs ViewModels\Dialogs\ShiftStartViewModel.cs ViewModels\Dialogs\SizeSelectionViewModel.cs ViewModels\Dialogs\TableSelectionViewModel.cs ViewModels\DiscountTaxViewModel.cs ViewModels\DrawerPullReportViewModel.cs ViewModels\GroupSettleTicketSelectionViewModel.cs ViewModels\GroupSettleTicketViewModel.cs ViewModels\GuestCountViewModel.cs ViewModels\InventoryViewModel.cs ViewModels\KitchenDisplayViewModel.cs ViewModels\KitchenOrderViewModel.cs ViewModels\LoginViewModel.cs ViewModels\ManagerFunctionsViewModel.cs ViewModels\MenuEditorViewModel.cs ViewModels\MiscItemViewModel.cs ViewModels\ModifierEditorViewModel.cs ViewModels\ModifierSelectionViewModel.cs ViewModels\OpenTicketsListViewModel.cs ViewModels\OrderEntryViewModel.cs ViewModels\OrderTypeExplorerViewModel.cs ViewModels\OrderTypeSelectionViewModel.cs ViewModels\PaymentProcessWaitViewModel.cs ViewModels\PaymentViewModel.cs ViewModels\PrintViewModel.cs ViewModels\PurchaseOrderViewModel.cs ViewModels\QuantityViewModel.cs ViewModels\RecipeLineViewModel.cs ViewModels\RoleManagementViewModel.cs ViewModels\SalesReportsViewModel.cs ViewModels\SettingsViewModel.cs ViewModels\SettleViewModel.cs ViewModels\ShiftExplorerViewModel.cs ViewModels\SplitTicketViewModel.cs ViewModels\SwipeCardViewModel.cs ViewModels\SwitchboardViewModel.cs ViewModels\SystemConfigViewModel.cs ViewModels\TableExplorerViewModel.cs ViewModels\TableMapViewModel.cs ViewModels\TicketFeeViewModel.cs ViewModels\TicketManagementViewModel.cs ViewModels\TicketViewModel.cs ViewModels\UserManagementViewModel.cs ViewModels\VendorManagementViewModel.cs ViewModels\ViewModelBase.cs ViewModels\VoidTicketViewModel.cs Views\AuthorizationCaptureBatchDialog.xaml.cs Views\AuthorizationCodeDialog.xaml.cs Views\BackOfficePage.xaml.cs Views\CashDropManagementDialog.xaml.cs Views\CashEntryDialog.xaml.cs Views\CashSessionPage.xaml.cs Views\Dialogs\AddOnSelectionDialog.xaml.cs Views\Dialogs\CashEntryDialog.xaml.cs Views\Dialogs\ComboSelectionDialog.xaml.cs Views\Dialogs\CookingInstructionDialog.xaml.cs Views\Dialogs\CustomerSelectionDialog.xaml.cs Views\Dialogs\GuestCountDialog.xaml.cs Views\Dialogs\ItemSearchDialog.xaml.cs Views\Dialogs\MergeTicketsDialog.xaml.cs Views\Dialogs\MiscItemDialog.xaml.cs Views\Dialogs\ModifierSelectionDialog.xaml.cs Views\Dialogs\NotesDialog.xaml.cs Views\Dialogs\PizzaModifierDialog.xaml.cs Views\Dialogs\PriceEntryDialog.xaml.cs Views\Dialogs\QuantityDialog.xaml.cs Views\Dialogs\SeatSelectionDialog.xaml.cs Views\Dialogs\ShiftEndDialog.xaml.cs Views\Dialogs\ShiftStartDialog.xaml.cs Views\Dialogs\SizeSelectionDialog.xaml.cs Views\Dialogs\TableSelectionDialog.xaml.cs Views\Dialogs\TicketFeeDialog.xaml.cs Views\DiscountTaxPage.xaml.cs Views\DrawerPullReportDialog.xaml.cs Views\GroupSettleTicketDialog.xaml.cs Views\GroupSettleTicketSelectionWindow.xaml.cs Views\InventoryPage.xaml.cs Views\KitchenDisplayPage.xaml.cs Views\LoginPage.xaml.cs Views\MainPage.xaml.cs Views\ManagerFunctionsDialog.xaml.cs Views\MenuEditorPage.xaml.cs Views\ModifierEditorPage.xaml.cs Views\ModifierSelectionDialog.xaml.cs Views\OpenTicketsListDialog.xaml.cs Views\OrderEntryPage.xaml.cs Views\OrderTypeExplorerPage.xaml.cs Views\OrderTypeSelectionDialog.xaml.cs Views\PasswordEntryDialog.xaml.cs Views\PaymentPage.xaml.cs Views\PaymentProcessWaitDialog.xaml.cs Views\PrintPage.xaml.cs Views\PurchaseOrdersPage.xaml.cs Views\RoleManagementPage.xaml.cs Views\SalesReportsPage.xaml.cs Views\SettingsPage.xaml.cs Views\SettlePage.xaml.cs Views\ShiftExplorerPage.xaml.cs Views\SplitTicketDialog.xaml.cs Views\SwipeCardDialog.xaml.cs Views\SwitchboardPage.xaml.cs Views\SystemConfigPage.xaml.cs Views\TableExplorerPage.xaml.cs Views\TableMapPage.xaml.cs Views\TicketManagementPage.xaml.cs Views\TicketPage.xaml.cs Views\UserManagementPage.xaml.cs Views\VendorsPage.xaml.cs Views\VoidTicketDialog.xaml.cs C:\Users\giris\.nuget\packages\microsoft.windowsappsdk.foundation\1.8.251104000\buildTransitive\..\include\MddBootstrapAutoInitializer.cs C:\Users\giris\.nuget\packages\microsoft.windowsappsdk.runtime\1.8.251106002\buildTransitive\..\include\WindowsAppSDK-VersionInfo.cs obj\Debug\net8.0-windows10.0.19041.0\Magidesk.Presentation.GlobalUsings.g.cs "C:\Users\giris\Documents\Code\Redesign-POS\Windows Based POS\Magidesk\obj\Debug\net8.0-windows10.0.19041.0\App.g.i.cs" "C:\Users\giris\Documents\Code\Redesign-POS\Windows Based POS\Magidesk\obj\Debug\net8.0-windows10.0.19041.0\App.g.cs" "C:\Users\giris\Documents\Code\Redesign-POS\Windows Based POS\Magidesk\obj\Debug\net8.0-windows10.0.19041.0\Magidesk.Presentation\Views\Components\TableShapePalette.g.i.cs" "C:\Users\giris\Documents\Code\Redesign-POS\Windows Based POS\Magidesk\obj\Debug\net8.0-windows10.0.19041.0\Magidesk.Presentation\Views\Components\TableShapePalette.g.cs" "C:\Users\giris\Documents\Code\Redesign-POS\Windows Based POS\Magidesk\obj\Debug\net8.0-windows10.0.19041.0\Magidesk.Presentation\Views\Components\VirtualizedTableCanvas.g.i.cs" "C:\Users\giris\Documents\Code\Redesign-POS\Windows Based POS\Magidesk\obj\Debug\net8.0-windows10.0.19041.0\Magidesk.Presentation\Views\Components\VirtualizedTableCanvas.g.cs" "C:\Users\giris\Documents\Code\Redesign-POS\Windows Based POS\Magidesk\obj\Debug\net8.0-windows10.0.19041.0\Magidesk.Presentation\Views\FloorManagementPage.g.i.cs" "C:\Users\giris\Documents\Code\Redesign-POS\Windows Based POS\Magidesk\obj\Debug\net8.0-windows10.0.19041.0\Magidesk.Presentation\Views\FloorManagementPage.g.cs" "C:\Users\giris\Documents\Code\Redesign-POS\Windows Based POS\Magidesk\obj\Debug\net8.0-windows10.0.19041.0\Magidesk.Presentation\Views\TableDesignerPage.g.i.cs" "C:\Users\giris\Documents\Code\Redesign-POS\Windows Based POS\Magidesk\obj\Debug\net8.0-windows10.0.19041.0\Magidesk.Presentation\Views\TableDesignerPage.g.cs" "C:\Users\giris\Documents\Code\Redesign-POS\Windows Based POS\Magidesk\obj\Debug\net8.0-windows10.0.19041.0\Magidesk.Presentation\Views\TableDesignerTestPage.g.i.cs" "C:\Users\giris\Documents\Code\Redesign-POS\Windows Based POS\Magidesk\obj\Debug\net8.0-windows10.0.19041.0\Magidesk.Presentation\Views\TableDesignerTestPage.g.cs" "C:\Users\giris\Documents\Code\Redesign-POS\Windows Based POS\Magidesk\obj\Debug\net8.0-windows10.0.19041.0\MainWindow.g.i.cs" "C:\Users\giris\Documents\Code\Redesign-POS\Windows Based POS\Magidesk\obj\Debug\net8.0-windows10.0.19041.0\MainWindow.g.cs" "C:\Users\giris\Documents\Code\Redesign-POS\Windows Based POS\Magidesk\obj\Debug\net8.0-windows10.0.19041.0\Views\AuthorizationCaptureBatchDialog.g.i.cs" "C:\Users\giris\Documents\Code\Redesign-POS\Windows Based POS\Magidesk\obj\Debug\net8.0-windows10.0.19041.0\Views\AuthorizationCaptureBatchDialog.g.cs" "C:\Users\giris\Documents\Code\Redesign-POS\Windows Based POS\Magidesk\obj\Debug\net8.0-windows10.0.19041.0\Views\AuthorizationCodeDialog.g.i.cs" "C:\Users\giris\Documents\Code\Redesign-POS\Windows Based POS\Magidesk\obj\Debug\net8.0-windows10.0.19041.0\Views\AuthorizationCodeDialog.g.cs" "C:\Users\giris\Documents\Code\Redesign-POS\Windows Based POS\Magidesk\obj\Debug\net8.0-windows10.0.19041.0\Views\BackOfficePage.g.i.cs" "C:\Users\giris\Documents\Code\Redesign-POS\Windows Based POS\Magidesk\obj\Debug\net8.0-windows10.0.19041.0\Views\BackOfficePage.g.cs" "C:\Users\giris\Documents\Code\Redesign-POS\Windows Based POS\Magidesk\obj\Debug\net8.0-windows10.0.19041.0\Views\CashDropManagementDialog.g.i.cs" "C:\Users\giris\Documents\Code\Redesign-POS\Windows Based POS\Magidesk\obj\Debug\net8.0-windows10.0.19041.0\Views\CashDropManagementDialog.g.cs" "C:\Users\giris\Documents\Code\Redesign-POS\Windows Based POS\Magidesk\obj\Debug\net8.0-windows10.0.19041.0\Views\CashEntryDialog.g.i.cs" "C:\Users\giris\Documents\Code\Redesign-POS\Windows Based POS\Magidesk\obj\Debug\net8.0-windows10.0.19041.0\Views\CashEntryDialog.g.cs" "C:\Users\giris\Documents\Code\Redesign-POS\Windows Based POS\Magidesk\obj\Debug\net8.0-windows10.0.19041.0\Views\CashSessionPage.g.i.cs" "C:\Users\giris\Documents\Code\Redesign-POS\Windows Based POS\Magidesk\obj\Debug\net8.0-windows10.0.19041.0\Views\CashSessionPage.g.cs" "C:\Users\giris\Documents\Code\Redesign-POS\Windows Based POS\Magidesk\obj\Debug\net8.0-windows10.0.19041.0\Views\Dialogs\AddOnSelectionDialog.g.i.cs" "C:\Users\giris\Documents\Code\Redesign-POS\Windows Based POS\Magidesk\obj\Debug\net8.0-windows10.0.19041.0\Views\Dialogs\AddOnSelectionDialog.g.cs" "C:\Users\giris\Documents\Code\Redesign-POS\Windows Based POS\Magidesk\obj\Debug\net8.0-windows10.0.19041.0\Views\Dialogs\CashEntryDialog.g.i.cs" "C:\Users\giris\Documents\Code\Redesign-POS\Windows Based POS\Magidesk\obj\Debug\net8.0-windows10.0.19041.0\Views\Dialogs\CashEntryDialog.g.cs" "C:\Users\giris\Documents\Code\Redesign-POS\Windows Based POS\Magidesk\obj\Debug\net8.0-windows10.0.19041.0\Views\Dialogs\ComboSelectionDialog.g.i.cs" "C:\Users\giris\Documents\Code\Redesign-POS\Windows Based POS\Magidesk\obj\Debug\net8.0-windows10.0.19041.0\Views\Dialogs\ComboSelectionDialog.g.cs" "C:\Users\giris\Documents\Code\Redesign-POS\Windows Based POS\Magidesk\obj\Debug\net8.0-windows10.0.19041.0\Views\Dialogs\CookingInstructionDialog.g.i.cs" "C:\Users\giris\Documents\Code\Redesign-POS\Windows Based POS\Magidesk\obj\Debug\net8.0-windows10.0.19041.0\Views\Dialogs\CookingInstructionDialog.g.cs" "C:\Users\giris\Documents\Code\Redesign-POS\Windows Based POS\Magidesk\obj\Debug\net8.0-windows10.0.19041.0\Views\Dialogs\CustomerSelectionDialog.g.i.cs" "C:\Users\giris\Documents\Code\Redesign-POS\Windows Based POS\Magidesk\obj\Debug\net8.0-windows10.0.19041.0\Views\Dialogs\CustomerSelectionDialog.g.cs" "C:\Users\giris\Documents\Code\Redesign-POS\Windows Based POS\Magidesk\obj\Debug\net8.0-windows10.0.19041.0\Views\Dialogs\GuestCountDialog.g.i.cs" "C:\Users\giris\Documents\Code\Redesign-POS\Windows Based POS\Magidesk\obj\Debug\net8.0-windows10.0.19041.0\Views\Dialogs\GuestCountDialog.g.cs" "C:\Users\giris\Documents\Code\Redesign-POS\Windows Based POS\Magidesk\obj\Debug\net8.0-windows10.0.19041.0\Views\Dialogs\ItemSearchDialog.g.i.cs" "C:\Users\giris\Documents\Code\Redesign-POS\Windows Based POS\Magidesk\obj\Debug\net8.0-windows10.0.19041.0\Views\Dialogs\ItemSearchDialog.g.cs" "C:\Users\giris\Documents\Code\Redesign-POS\Windows Based POS\Magidesk\obj\Debug\net8.0-windows10.0.19041.0\Views\Dialogs\MergeTicketsDialog.g.i.cs" "C:\Users\giris\Documents\Code\Redesign-POS\Windows Based POS\Magidesk\obj\Debug\net8.0-windows10.0.19041.0\Views\Dialogs\MergeTicketsDialog.g.cs" "C:\Users\giris\Documents\Code\Redesign-POS\Windows Based POS\Magidesk\obj\Debug\net8.0-windows10.0.19041.0\Views\Dialogs\MiscItemDialog.g.i.cs" "C:\Users\giris\Documents\Code\Redesign-POS\Windows Based POS\Magidesk\obj\Debug\net8.0-windows10.0.19041.0\Views\Dialogs\MiscItemDialog.g.cs" "C:\Users\giris\Documents\Code\Redesign-POS\Windows Based POS\Magidesk\obj\Debug\net8.0-windows10.0.19041.0\Views\Dialogs\ModifierSelectionDialog.g.i.cs" "C:\Users\giris\Documents\Code\Redesign-POS\Windows Based POS\Magidesk\obj\Debug\net8.0-windows10.0.19041.0\Views\Dialogs\ModifierSelectionDialog.g.cs" "C:\Users\giris\Documents\Code\Redesign-POS\Windows Based POS\Magidesk\obj\Debug\net8.0-windows10.0.19041.0\Views\Dialogs\NotesDialog.g.i.cs" "C:\Users\giris\Documents\Code\Redesign-POS\Windows Based POS\Magidesk\obj\Debug\net8.0-windows10.0.19041.0\Views\Dialogs\NotesDialog.g.cs" "C:\Users\giris\Documents\Code\Redesign-POS\Windows Based POS\Magidesk\obj\Debug\net8.0-windows10.0.19041.0\Views\Dialogs\PizzaModifierDialog.g.i.cs" "C:\Users\giris\Documents\Code\Redesign-POS\Windows Based POS\Magidesk\obj\Debug\net8.0-windows10.0.19041.0\Views\Dialogs\PizzaModifierDialog.g.cs" "C:\Users\giris\Documents\Code\Redesign-POS\Windows Based POS\Magidesk\obj\Debug\net8.0-windows10.0.19041.0\Views\Dialogs\PriceEntryDialog.g.i.cs" "C:\Users\giris\Documents\Code\Redesign-POS\Windows Based POS\Magidesk\obj\Debug\net8.0-windows10.0.19041.0\Views\Dialogs\PriceEntryDialog.g.cs" "C:\Users\giris\Documents\Code\Redesign-POS\Windows Based POS\Magidesk\obj\Debug\net8.0-windows10.0.19041.0\Views\Dialogs\QuantityDialog.g.i.cs" "C:\Users\giris\Documents\Code\Redesign-POS\Windows Based POS\Magidesk\obj\Debug\net8.0-windows10.0.19041.0\Views\Dialogs\QuantityDialog.g.cs" "C:\Users\giris\Documents\Code\Redesign-POS\Windows Based POS\Magidesk\obj\Debug\net8.0-windows10.0.19041.0\Views\Dialogs\SeatSelectionDialog.g.i.cs" "C:\Users\giris\Documents\Code\Redesign-POS\Windows Based POS\Magidesk\obj\Debug\net8.0-windows10.0.19041.0\Views\Dialogs\SeatSelectionDialog.g.cs" "C:\Users\giris\Documents\Code\Redesign-POS\Windows Based POS\Magidesk\obj\Debug\net8.0-windows10.0.19041.0\Views\Dialogs\ShiftEndDialog.g.i.cs" "C:\Users\giris\Documents\Code\Redesign-POS\Windows Based POS\Magidesk\obj\Debug\net8.0-windows10.0.19041.0\Views\Dialogs\ShiftEndDialog.g.cs" "C:\Users\giris\Documents\Code\Redesign-POS\Windows Based POS\Magidesk\obj\Debug\net8.0-windows10.0.19041.0\Views\Dialogs\ShiftStartDialog.g.i.cs" "C:\Users\giris\Documents\Code\Redesign-POS\Windows Based POS\Magidesk\obj\Debug\net8.0-windows10.0.19041.0\Views\Dialogs\ShiftStartDialog.g.cs" "C:\Users\giris\Documents\Code\Redesign-POS\Windows Based POS\Magidesk\obj\Debug\net8.0-windows10.0.19041.0\Views\Dialogs\SizeSelectionDialog.g.i.cs" "C:\Users\giris\Documents\Code\Redesign-POS\Windows Based POS\Magidesk\obj\Debug\net8.0-windows10.0.19041.0\Views\Dialogs\SizeSelectionDialog.g.cs" "C:\Users\giris\Documents\Code\Redesign-POS\Windows Based POS\Magidesk\obj\Debug\net8.0-windows10.0.19041.0\Views\Dialogs\TableSelectionDialog.g.i.cs" "C:\Users\giris\Documents\Code\Redesign-POS\Windows Based POS\Magidesk\obj\Debug\net8.0-windows10.0.19041.0\Views\Dialogs\TableSelectionDialog.g.cs" "C:\Users\giris\Documents\Code\Redesign-POS\Windows Based POS\Magidesk\obj\Debug\net8.0-windows10.0.19041.0\Views\Dialogs\TicketFeeDialog.g.i.cs" "C:\Users\giris\Documents\Code\Redesign-POS\Windows Based POS\Magidesk\obj\Debug\net8.0-windows10.0.19041.0\Views\Dialogs\TicketFeeDialog.g.cs" "C:\Users\giris\Documents\Code\Redesign-POS\Windows Based POS\Magidesk\obj\Debug\net8.0-windows10.0.19041.0\Views\DiscountTaxPage.g.i.cs" "C:\Users\giris\Documents\Code\Redesign-POS\Windows Based POS\Magidesk\obj\Debug\net8.0-windows10.0.19041.0\Views\DiscountTaxPage.g.cs" "C:\Users\giris\Documents\Code\Redesign-POS\Windows Based POS\Magidesk\obj\Debug\net8.0-windows10.0.19041.0\Views\DrawerPullReportDialog.g.i.cs" "C:\Users\giris\Documents\Code\Redesign-POS\Windows Based POS\Magidesk\obj\Debug\net8.0-windows10.0.19041.0\Views\DrawerPullReportDialog.g.cs" "C:\Users\giris\Documents\Code\Redesign-POS\Windows Based POS\Magidesk\obj\Debug\net8.0-windows10.0.19041.0\Views\GroupSettleTicketDialog.g.i.cs" "C:\Users\giris\Documents\Code\Redesign-POS\Windows Based POS\Magidesk\obj\Debug\net8.0-windows10.0.19041.0\Views\GroupSettleTicketDialog.g.cs" "C:\Users\giris\Documents\Code\Redesign-POS\Windows Based POS\Magidesk\obj\Debug\net8.0-windows10.0.19041.0\Views\GroupSettleTicketSelectionWindow.g.i.cs" "C:\Users\giris\Documents\Code\Redesign-POS\Windows Based POS\Magidesk\obj\Debug\net8.0-windows10.0.19041.0\Views\GroupSettleTicketSelectionWindow.g.cs" "C:\Users\giris\Documents\Code\Redesign-POS\Windows Based POS\Magidesk\obj\Debug\net8.0-windows10.0.19041.0\Views\InventoryPage.g.i.cs" "C:\Users\giris\Documents\Code\Redesign-POS\Windows Based POS\Magidesk\obj\Debug\net8.0-windows10.0.19041.0\Views\InventoryPage.g.cs" "C:\Users\giris\Documents\Code\Redesign-POS\Windows Based POS\Magidesk\obj\Debug\net8.0-windows10.0.19041.0\Views\KitchenDisplayPage.g.i.cs" "C:\Users\giris\Documents\Code\Redesign-POS\Windows Based POS\Magidesk\obj\Debug\net8.0-windows10.0.19041.0\Views\KitchenDisplayPage.g.cs" "C:\Users\giris\Documents\Code\Redesign-POS\Windows Based POS\Magidesk\obj\Debug\net8.0-windows10.0.19041.0\Views\LoginPage.g.i.cs" "C:\Users\giris\Documents\Code\Redesign-POS\Windows Based POS\Magidesk\obj\Debug\net8.0-windows10.0.19041.0\Views\LoginPage.g.cs" "C:\Users\giris\Documents\Code\Redesign-POS\Windows Based POS\Magidesk\obj\Debug\net8.0-windows10.0.19041.0\Views\MainPage.g.i.cs" "C:\Users\giris\Documents\Code\Redesign-POS\Windows Based POS\Magidesk\obj\Debug\net8.0-windows10.0.19041.0\Views\MainPage.g.cs" "C:\Users\giris\Documents\Code\Redesign-POS\Windows Based POS\Magidesk\obj\Debug\net8.0-windows10.0.19041.0\Views\ManagerFunctionsDialog.g.i.cs" "C:\Users\giris\Documents\Code\Redesign-POS\Windows Based POS\Magidesk\obj\Debug\net8.0-windows10.0.19041.0\Views\ManagerFunctionsDialog.g.cs" "C:\Users\giris\Documents\Code\Redesign-POS\Windows Based POS\Magidesk\obj\Debug\net8.0-windows10.0.19041.0\Views\MenuEditorPage.g.i.cs" "C:\Users\giris\Documents\Code\Redesign-POS\Windows Based POS\Magidesk\obj\Debug\net8.0-windows10.0.19041.0\Views\MenuEditorPage.g.cs" "C:\Users\giris\Documents\Code\Redesign-POS\Windows Based POS\Magidesk\obj\Debug\net8.0-windows10.0.19041.0\Views\ModifierEditorPage.g.i.cs" "C:\Users\giris\Documents\Code\Redesign-POS\Windows Based POS\Magidesk\obj\Debug\net8.0-windows10.0.19041.0\Views\ModifierEditorPage.g.cs" "C:\Users\giris\Documents\Code\Redesign-POS\Windows Based POS\Magidesk\obj\Debug\net8.0-windows10.0.19041.0\Views\ModifierSelectionDialog.g.i.cs" "C:\Users\giris\Documents\Code\Redesign-POS\Windows Based POS\Magidesk\obj\Debug\net8.0-windows10.0.19041.0\Views\ModifierSelectionDialog.g.cs" "C:\Users\giris\Documents\Code\Redesign-POS\Windows Based POS\Magidesk\obj\Debug\net8.0-windows10.0.19041.0\Views\OpenTicketsListDialog.g.i.cs" "C:\Users\giris\Documents\Code\Redesign-POS\Windows Based POS\Magidesk\obj\Debug\net8.0-windows10.0.19041.0\Views\OpenTicketsListDialog.g.cs" "C:\Users\giris\Documents\Code\Redesign-POS\Windows Based POS\Magidesk\obj\Debug\net8.0-windows10.0.19041.0\Views\OrderEntryPage.g.i.cs" "C:\Users\giris\Documents\Code\Redesign-POS\Windows Based POS\Magidesk\obj\Debug\net8.0-windows10.0.19041.0\Views\OrderEntryPage.g.cs" "C:\Users\giris\Documents\Code\Redesign-POS\Windows Based POS\Magidesk\obj\Debug\net8.0-windows10.0.19041.0\Views\OrderTypeExplorerPage.g.i.cs" "C:\Users\giris\Documents\Code\Redesign-POS\Windows Based POS\Magidesk\obj\Debug\net8.0-windows10.0.19041.0\Views\OrderTypeExplorerPage.g.cs" "C:\Users\giris\Documents\Code\Redesign-POS\Windows Based POS\Magidesk\obj\Debug\net8.0-windows10.0.19041.0\Views\OrderTypeSelectionDialog.g.i.cs" "C:\Users\giris\Documents\Code\Redesign-POS\Windows Based POS\Magidesk\obj\Debug\net8.0-windows10.0.19041.0\Views\OrderTypeSelectionDialog.g.cs" "C:\Users\giris\Documents\Code\Redesign-POS\Windows Based POS\Magidesk\obj\Debug\net8.0-windows10.0.19041.0\Views\PasswordEntryDialog.g.i.cs" "C:\Users\giris\Documents\Code\Redesign-POS\Windows Based POS\Magidesk\obj\Debug\net8.0-windows10.0.19041.0\Views\PasswordEntryDialog.g.cs" "C:\Users\giris\Documents\Code\Redesign-POS\Windows Based POS\Magidesk\obj\Debug\net8.0-windows10.0.19041.0\Views\PaymentPage.g.i.cs" "C:\Users\giris\Documents\Code\Redesign-POS\Windows Based POS\Magidesk\obj\Debug\net8.0-windows10.0.19041.0\Views\PaymentPage.g.cs" "C:\Users\giris\Documents\Code\Redesign-POS\Windows Based POS\Magidesk\obj\Debug\net8.0-windows10.0.19041.0\Views\PaymentProcessWaitDialog.g.i.cs" "C:\Users\giris\Documents\Code\Redesign-POS\Windows Based POS\Magidesk\obj\Debug\net8.0-windows10.0.19041.0\Views\PaymentProcessWaitDialog.g.cs" "C:\Users\giris\Documents\Code\Redesign-POS\Windows Based POS\Magidesk\obj\Debug\net8.0-windows10.0.19041.0\Views\PrintPage.g.i.cs" "C:\Users\giris\Documents\Code\Redesign-POS\Windows Based POS\Magidesk\obj\Debug\net8.0-windows10.0.19041.0\Views\PrintPage.g.cs" "C:\Users\giris\Documents\Code\Redesign-POS\Windows Based POS\Magidesk\obj\Debug\net8.0-windows10.0.19041.0\Views\PurchaseOrdersPage.g.i.cs" "C:\Users\giris\Documents\Code\Redesign-POS\Windows Based POS\Magidesk\obj\Debug\net8.0-windows10.0.19041.0\Views\PurchaseOrdersPage.g.cs" "C:\Users\giris\Documents\Code\Redesign-POS\Windows Based POS\Magidesk\obj\Debug\net8.0-windows10.0.19041.0\Views\RoleManagementPage.g.i.cs" "C:\Users\giris\Documents\Code\Redesign-POS\Windows Based POS\Magidesk\obj\Debug\net8.0-windows10.0.19041.0\Views\RoleManagementPage.g.cs" "C:\Users\giris\Documents\Code\Redesign-POS\Windows Based POS\Magidesk\obj\Debug\net8.0-windows10.0.19041.0\Views\SalesReportsPage.g.i.cs" "C:\Users\giris\Documents\Code\Redesign-POS\Windows Based POS\Magidesk\obj\Debug\net8.0-windows10.0.19041.0\Views\SalesReportsPage.g.cs" "C:\Users\giris\Documents\Code\Redesign-POS\Windows Based POS\Magidesk\obj\Debug\net8.0-windows10.0.19041.0\Views\SettingsPage.g.i.cs" "C:\Users\giris\Documents\Code\Redesign-POS\Windows Based POS\Magidesk\obj\Debug\net8.0-windows10.0.19041.0\Views\SettingsPage.g.cs" "C:\Users\giris\Documents\Code\Redesign-POS\Windows Based POS\Magidesk\obj\Debug\net8.0-windows10.0.19041.0\Views\SettlePage.g.i.cs" "C:\Users\giris\Documents\Code\Redesign-POS\Windows Based POS\Magidesk\obj\Debug\net8.0-windows10.0.19041.0\Views\SettlePage.g.cs" "C:\Users\giris\Documents\Code\Redesign-POS\Windows Based POS\Magidesk\obj\Debug\net8.0-windows10.0.19041.0\Views\ShiftExplorerPage.g.i.cs" "C:\Users\giris\Documents\Code\Redesign-POS\Windows Based POS\Magidesk\obj\Debug\net8.0-windows10.0.19041.0\Views\ShiftExplorerPage.g.cs" "C:\Users\giris\Documents\Code\Redesign-POS\Windows Based POS\Magidesk\obj\Debug\net8.0-windows10.0.19041.0\Views\SplitTicketDialog.g.i.cs" "C:\Users\giris\Documents\Code\Redesign-POS\Windows Based POS\Magidesk\obj\Debug\net8.0-windows10.0.19041.0\Views\SplitTicketDialog.g.cs" "C:\Users\giris\Documents\Code\Redesign-POS\Windows Based POS\Magidesk\obj\Debug\net8.0-windows10.0.19041.0\Views\SwipeCardDialog.g.i.cs" "C:\Users\giris\Documents\Code\Redesign-POS\Windows Based POS\Magidesk\obj\Debug\net8.0-windows10.0.19041.0\Views\SwipeCardDialog.g.cs" "C:\Users\giris\Documents\Code\Redesign-POS\Windows Based POS\Magidesk\obj\Debug\net8.0-windows10.0.19041.0\Views\SwitchboardPage.g.i.cs" "C:\Users\giris\Documents\Code\Redesign-POS\Windows Based POS\Magidesk\obj\Debug\net8.0-windows10.0.19041.0\Views\SwitchboardPage.g.cs" "C:\Users\giris\Documents\Code\Redesign-POS\Windows Based POS\Magidesk\obj\Debug\net8.0-windows10.0.19041.0\Views\SystemConfigPage.g.i.cs" "C:\Users\giris\Documents\Code\Redesign-POS\Windows Based POS\Magidesk\obj\Debug\net8.0-windows10.0.19041.0\Views\SystemConfigPage.g.cs" "C:\Users\giris\Documents\Code\Redesign-POS\Windows Based POS\Magidesk\obj\Debug\net8.0-windows10.0.19041.0\Views\TableExplorerPage.g.i.cs" "C:\Users\giris\Documents\Code\Redesign-POS\Windows Based POS\Magidesk\obj\Debug\net8.0-windows10.0.19041.0\Views\TableExplorerPage.g.cs" "C:\Users\giris\Documents\Code\Redesign-POS\Windows Based POS\Magidesk\obj\Debug\net8.0-windows10.0.19041.0\Views\TableMapPage.g.i.cs" "C:\Users\giris\Documents\Code\Redesign-POS\Windows Based POS\Magidesk\obj\Debug\net8.0-windows10.0.19041.0\Views\TableMapPage.g.cs" "C:\Users\giris\Documents\Code\Redesign-POS\Windows Based POS\Magidesk\obj\Debug\net8.0-windows10.0.19041.0\Views\TicketManagementPage.g.i.cs" "C:\Users\giris\Documents\Code\Redesign-POS\Windows Based POS\Magidesk\obj\Debug\net8.0-windows10.0.19041.0\Views\TicketManagementPage.g.cs" "C:\Users\giris\Documents\Code\Redesign-POS\Windows Based POS\Magidesk\obj\Debug\net8.0-windows10.0.19041.0\Views\TicketPage.g.i.cs" "C:\Users\giris\Documents\Code\Redesign-POS\Windows Based POS\Magidesk\obj\Debug\net8.0-windows10.0.19041.0\Views\TicketPage.g.cs" "C:\Users\giris\Documents\Code\Redesign-POS\Windows Based POS\Magidesk\obj\Debug\net8.0-windows10.0.19041.0\Views\UserManagementPage.g.i.cs" "C:\Users\giris\Documents\Code\Redesign-POS\Windows Based POS\Magidesk\obj\Debug\net8.0-windows10.0.19041.0\Views\UserManagementPage.g.cs" "C:\Users\giris\Documents\Code\Redesign-POS\Windows Based POS\Magidesk\obj\Debug\net8.0-windows10.0.19041.0\Views\VendorsPage.g.i.cs" "C:\Users\giris\Documents\Code\Redesign-POS\Windows Based POS\Magidesk\obj\Debug\net8.0-windows10.0.19041.0\Views\VendorsPage.g.cs" "C:\Users\giris\Documents\Code\Redesign-POS\Windows Based POS\Magidesk\obj\Debug\net8.0-windows10.0.19041.0\Views\VoidTicketDialog.g.i.cs" "C:\Users\giris\Documents\Code\Redesign-POS\Windows Based POS\Magidesk\obj\Debug\net8.0-windows10.0.19041.0\Views\VoidTicketDialog.g.cs" "C:\Users\giris\Documents\Code\Redesign-POS\Windows Based POS\Magidesk\obj\Debug\net8.0-windows10.0.19041.0\XamlTypeInfo.g.cs" /warnaserror+:NU1605,SYSLIB0011
         Compilation request Magidesk.Presentation (net8.0-windows10.0.19041.0), PathToTool=C:\Program Files\dotnet\sdk\10.0.101\Roslyn\bincore\csc.exe
         CommandLine = ' /noconfig'
         BuildResponseFile = '/unsafe- /checked- /nowarn:1701,1702,1701,1702 /fullpaths /nostdlib+ /errorreport:prompt /warn:8 /define:TRACE;MICROSOFT_WINDOWSAPPSDK_BOOTSTRAP_AUTO_INITIALIZE;MICROSOFT_WINDOWSAPPSDK_AUTOINITIALIZE_BOOTSTRAP;DEBUG;NET;NET8_0;NETCOREAPP;WINDOWS;WINDOWS10_0_19041_0;NET5_0_OR_GREATER;NET6_0_OR_GREATER;NET7_0_OR_GREATER;NET8_0_OR_GREATER;NETCOREAPP1_0_OR_GREATER;NETCOREAPP1_1_OR_GREATER;NETCOREAPP2_0_OR_GREATER;NETCOREAPP2_1_OR_GREATER;NETCOREAPP2_2_OR_GREATER;NETCOREAPP3_0_OR_GREATER;NETCOREAPP3_1_OR_GREATER;WINDOWS10_0_19041_0_OR_GREATER;WINDOWS10_0_18362_0_OR_GREATER;WINDOWS10_0_17763_0_OR_GREATER;WINDOWS8_0_OR_GREATER;WINDOWS7_0_OR_GREATER /highentropyva+ /nullable:enable /reference:C:\Users\giris\.nuget\packages\communitytoolkit.mvvm\8.4.0\lib\net8.0-windows10.0.17763\CommunityToolkit.Mvvm.dll /reference:"C:\Users\giris\Documents\Code\Redesign-POS\Windows Based POS\Magidesk\Magidesk.Application\bin\Debug\net8.0\Magidesk.Application.dll" /reference:"C:\Users\giris\Documents\Code\Redesign-POS\Windows Based POS\Magidesk\Magidesk.Domain\bin\Debug\net8.0\Magidesk.Domain.dll" /reference:"C:\Users\giris\Documents\Code\Redesign-POS\Windows Based POS\Magidesk\Magidesk.Infrastructure\bin\Debug\net8.0\Magidesk.Infrastructure.dll" /reference:C:\Users\giris\.nuget\packages\mediatr.contracts\2.0.1\lib\netstandard2.0\MediatR.Contracts.dll /reference:C:\Users\giris\.nuget\packages\mediatr\12.2.0\lib\net6.0\MediatR.dll /reference:"C:\Program Files\dotnet\packs\Microsoft.NETCore.App.Ref\8.0.22\ref\net8.0\Microsoft.CSharp.dll" /reference:C:\Users\giris\.nuget\packages\microsoft.entityframeworkcore.abstractions\8.0.0\lib\net8.0\Microsoft.EntityFrameworkCore.Abstractions.dll /reference:C:\Users\giris\.nuget\packages\microsoft.entityframeworkcore\8.0.0\lib\net8.0\Microsoft.EntityFrameworkCore.dll /reference:C:\Users\giris\.nuget\packages\microsoft.entityframeworkcore.relational\8.0.0\lib\net8.0\Microsoft.EntityFrameworkCore.Relational.dll /reference:C:\Users\giris\.nuget\packages\microsoft.extensions.caching.abstractions\8.0.0\lib\net8.0\Microsoft.Extensions.Caching.Abstractions.dll /reference:C:\Users\giris\.nuget\packages\microsoft.extensions.caching.memory\8.0.0\lib\net8.0\Microsoft.Extensions.Caching.Memory.dll /reference:C:\Users\giris\.nuget\packages\microsoft.extensions.configuration.abstractions\8.0.0\lib\net8.0\Microsoft.Extensions.Configuration.Abstractions.dll /reference:C:\Users\giris\.nuget\packages\microsoft.extensions.configuration.binder\8.0.0\lib\net8.0\Microsoft.Extensions.Configuration.Binder.dll /reference:C:\Users\giris\.nuget\packages\microsoft.extensions.configuration.commandline\8.0.0\lib\net8.0\Microsoft.Extensions.Configuration.CommandLine.dll /reference:C:\Users\giris\.nuget\packages\microsoft.extensions.configuration\8.0.0\lib\net8.0\Microsoft.Extensions.Configuration.dll /reference:C:\Users\giris\.nuget\packages\microsoft.extensions.configuration.environmentvariables\8.0.0\lib\net8.0\Microsoft.Extensions.Configuration.EnvironmentVariables.dll /reference:C:\Users\giris\.nuget\packages\microsoft.extensions.configuration.fileextensions\8.0.0\lib\net8.0\Microsoft.Extensions.Configuration.FileExtensions.dll /reference:C:\Users\giris\.nuget\packages\microsoft.extensions.configuration.json\8.0.0\lib\net8.0\Microsoft.Extensions.Configuration.Json.dll /reference:C:\Users\giris\.nuget\packages\microsoft.extensions.configuration.usersecrets\8.0.0\lib\net8.0\Microsoft.Extensions.Configuration.UserSecrets.dll /reference:C:\Users\giris\.nuget\packages\microsoft.extensions.dependencyinjection.abstractions\10.0.1\lib\net8.0\Microsoft.Extensions.DependencyInjection.Abstractions.dll /reference:C:\Users\giris\.nuget\packages\microsoft.extensions.dependencyinjection\8.0.0\lib\net8.0\Microsoft.Extensions.DependencyInjection.dll /reference:C:\Users\giris\.nuget\packages\microsoft.extensions.diagnostics.abstractions\8.0.0\lib\net8.0\Microsoft.Extensions.Diagnostics.Abstractions.dll /reference:C:\Users\giris\.nuget\packages\microsoft.extensions.diagnostics\8.0.0\lib\net8.0\Microsoft.Extensions.Diagnostics.dll /reference:C:\Users\giris\.nuget\packages\microsoft.extensions.fileproviders.abstractions\8.0.0\lib\net8.0\Microsoft.Extensions.FileProviders.Abstractions.dll /reference:C:\Users\giris\.nuget\packages\microsoft.extensions.fileproviders.physical\8.0.0\lib\net8.0\Microsoft.Extensions.FileProviders.Physical.dll /reference:C:\Users\giris\.nuget\packages\microsoft.extensions.filesystemglobbing\8.0.0\lib\net8.0\Microsoft.Extensions.FileSystemGlobbing.dll /reference:C:\Users\giris\.nuget\packages\microsoft.extensions.hosting.abstractions\8.0.0\lib\net8.0\Microsoft.Extensions.Hosting.Abstractions.dll /reference:C:\Users\giris\.nuget\packages\microsoft.extensions.hosting\8.0.0\lib\net8.0\Microsoft.Extensions.Hosting.dll /reference:C:\Users\giris\.nuget\packages\microsoft.extensions.logging.abstractions\8.0.0\lib\net8.0\Microsoft.Extensions.Logging.Abstractions.dll /reference:C:\Users\giris\.nuget\packages\microsoft.extensions.logging.configuration\8.0.0\lib\net8.0\Microsoft.Extensions.Logging.Configuration.dll /reference:C:\Users\giris\.nuget\packages\microsoft.extensions.logging.console\8.0.0\lib\net8.0\Microsoft.Extensions.Logging.Console.dll /reference:C:\Users\giris\.nuget\packages\microsoft.extensions.logging.debug\8.0.0\lib\net8.0\Microsoft.Extensions.Logging.Debug.dll /reference:C:\Users\giris\.nuget\packages\microsoft.extensions.logging\8.0.0\lib\net8.0\Microsoft.Extensions.Logging.dll /reference:C:\Users\giris\.nuget\packages\microsoft.extensions.logging.eventlog\8.0.0\lib\net8.0\Microsoft.Extensions.Logging.EventLog.dll /reference:C:\Users\giris\.nuget\packages\microsoft.extensions.logging.eventsource\8.0.0\lib\net8.0\Microsoft.Extensions.Logging.EventSource.dll /reference:C:\Users\giris\.nuget\packages\microsoft.extensions.options.configurationextensions\8.0.0\lib\net8.0\Microsoft.Extensions.Options.ConfigurationExtensions.dll /reference:C:\Users\giris\.nuget\packages\microsoft.extensions.options\8.0.0\lib\net8.0\Microsoft.Extensions.Options.dll /reference:C:\Users\giris\.nuget\packages\microsoft.extensions.primitives\8.0.0\lib\net8.0\Microsoft.Extensions.Primitives.dll /reference:C:\Users\giris\.nuget\packages\microsoft.windowsappsdk.ai\1.8.39\lib\net6.0-windows10.0.17763.0\Microsoft.Graphics.Imaging.Projection.dll /reference:C:\Users\giris\.nuget\packages\microsoft.windowsappsdk.interactiveexperiences\1.8.251104001\lib\net6.0-windows10.0.18362.0\Microsoft.InteractiveExperiences.Projection.dll /reference:C:\Users\giris\.nuget\packages\microsoft.windowsappsdk.ml\1.8.2109\lib\net8.0-windows10.0.17763.0\Microsoft.ML.OnnxRuntime.dll /reference:C:\Users\giris\.nuget\packages\microsoft.windowsappsdk.foundation\1.8.251104000\lib\net6.0-windows10.0.17763.0\Microsoft.Security.Authentication.OAuth.Projection.dll /reference:"C:\Program Files\dotnet\packs\Microsoft.NETCore.App.Ref\8.0.22\ref\net8.0\Microsoft.VisualBasic.Core.dll" /reference:"C:\Program Files\dotnet\packs\Microsoft.NETCore.App.Ref\8.0.22\ref\net8.0\Microsoft.VisualBasic.dll" /reference:C:\Users\giris\.nuget\packages\microsoft.web.webview2\1.0.3650.58\lib_manual\net8.0-windows10.0.17763.0\Microsoft.Web.WebView2.Core.Projection.dll /reference:"C:\Program Files\dotnet\packs\Microsoft.NETCore.App.Ref\8.0.22\ref\net8.0\Microsoft.Win32.Primitives.dll" /reference:"C:\Program Files\dotnet\packs\Microsoft.NETCore.App.Ref\8.0.22\ref\net8.0\Microsoft.Win32.Registry.dll" /reference:C:\Users\giris\.nuget\packages\microsoft.win32.systemevents\10.0.1\lib\net8.0\Microsoft.Win32.SystemEvents.dll /reference:C:\Users\giris\.nuget\packages\microsoft.windowsappsdk.ai\1.8.39\lib\net6.0-windows10.0.17763.0\Microsoft.Windows.AI.ContentSafety.Projection.dll /reference:C:\Users\giris\.nuget\packages\microsoft.windowsappsdk.ai\1.8.39\lib\net6.0-windows10.0.17763.0\Microsoft.Windows.AI.Foundation.Projection.dll /reference:C:\Users\giris\.nuget\packages\microsoft.windowsappsdk.ai\1.8.39\lib\net6.0-windows10.0.17763.0\Microsoft.Windows.AI.Imaging.Projection.dll /reference:C:\Users\giris\.nuget\packages\microsoft.windowsappsdk.ml\1.8.2109\lib\net8.0-windows10.0.17763.0\Microsoft.Windows.AI.MachineLearning.Projection.dll /reference:C:\Users\giris\.nuget\packages\microsoft.windowsappsdk.ai\1.8.39\lib\net6.0-windows10.0.17763.0\Microsoft.Windows.AI.Projection.dll /reference:C:\Users\giris\.nuget\packages\microsoft.windowsappsdk.ai\1.8.39\lib\net6.0-windows10.0.17763.0\Microsoft.Windows.AI.Text.Projection.dll /reference:C:\Users\giris\.nuget\packages\microsoft.windowsappsdk.foundation\1.8.251104000\lib\net6.0-windows10.0.17763.0\Microsoft.Windows.ApplicationModel.Background.Projection.dll /reference:C:\Users\giris\.nuget\packages\microsoft.windowsappsdk.foundation\1.8.251104000\lib\net6.0-windows10.0.17763.0\Microsoft.Windows.ApplicationModel.DynamicDependency.Projection.dll /reference:C:\Users\giris\.nuget\packages\microsoft.windowsappsdk.foundation\1.8.251104000\lib\net6.0-windows10.0.17763.0\Microsoft.Windows.ApplicationModel.Resources.Projection.dll /reference:C:\Users\giris\.nuget\packages\microsoft.windowsappsdk.foundation\1.8.251104000\lib\net6.0-windows10.0.17763.0\Microsoft.Windows.ApplicationModel.WindowsAppRuntime.Projection.dll /reference:C:\Users\giris\.nuget\packages\microsoft.windowsappsdk.foundation\1.8.251104000\lib\net6.0-windows10.0.17763.0\Microsoft.Windows.AppLifecycle.Projection.dll /reference:C:\Users\giris\.nuget\packages\microsoft.windowsappsdk.foundation\1.8.251104000\lib\net6.0-windows10.0.17763.0\Microsoft.Windows.AppNotifications.Builder.Projection.dll /reference:C:\Users\giris\.nuget\packages\microsoft.windowsappsdk.foundation\1.8.251104000\lib\net6.0-windows10.0.17763.0\Microsoft.Windows.AppNotifications.Projection.dll /reference:C:\Users\giris\.nuget\packages\microsoft.windowsappsdk.foundation\1.8.251104000\lib\net6.0-windows10.0.17763.0\Microsoft.Windows.BadgeNotifications.Projection.dll /reference:C:\Users\giris\.nuget\packages\microsoft.windowsappsdk.foundation\1.8.251104000\lib\net6.0-windows10.0.17763.0\Microsoft.Windows.Foundation.Projection.dll /reference:C:\Users\giris\.nuget\packages\microsoft.windowsappsdk.foundation\1.8.251104000\lib\net6.0-windows10.0.17763.0\Microsoft.Windows.Management.Deployment.Projection.dll /reference:C:\Users\giris\.nuget\packages\microsoft.windowsappsdk.foundation\1.8.251104000\lib\net6.0-windows10.0.17763.0\Microsoft.Windows.Media.Capture.Projection.dll /reference:C:\Users\giris\.nuget\packages\microsoft.windowsappsdk.foundation\1.8.251104000\lib\net6.0-windows10.0.17763.0\Microsoft.Windows.PushNotifications.Projection.dll /reference:C:\Users\giris\.nuget\packages\microsoft.windows.sdk.net.ref\10.0.19041.57\lib\net8.0\Microsoft.Windows.SDK.NET.dll /reference:C:\Users\giris\.nuget\packages\microsoft.windowsappsdk.foundation\1.8.251104000\lib\net6.0-windows10.0.17763.0\Microsoft.Windows.Security.AccessControl.Projection.dll /reference:C:\Users\giris\.nuget\packages\microsoft.windowsappsdk.foundation\1.8.251104000\lib\net6.0-windows10.0.17763.0\Microsoft.Windows.Storage.Pickers.Projection.dll /reference:C:\Users\giris\.nuget\packages\microsoft.windowsappsdk.foundation\1.8.251104000\lib\net6.0-windows10.0.17763.0\Microsoft.Windows.Storage.Projection.dll /reference:C:\Users\giris\.nuget\packages\microsoft.windowsappsdk.foundation\1.8.251104000\lib\net6.0-windows10.0.17763.0\Microsoft.Windows.System.Power.Projection.dll /reference:C:\Users\giris\.nuget\packages\microsoft.windowsappsdk.foundation\1.8.251104000\lib\net6.0-windows10.0.17763.0\Microsoft.Windows.System.Projection.dll /reference:C:\Users\giris\.nuget\packages\microsoft.windowsappsdk.widgets\1.8.250904007\lib\net6.0-windows10.0.17763.0\Microsoft.Windows.Widgets.Projection.dll /reference:C:\Users\giris\.nuget\packages\microsoft.windowsappsdk.foundation\1.8.251104000\lib\net6.0-windows10.0.17763.0\Microsoft.WindowsAppRuntime.Bootstrap.Net.dll /reference:C:\Users\giris\.nuget\packages\microsoft.windowsappsdk.winui\1.8.251105000\lib\net6.0-windows10.0.17763.0\Microsoft.WinUI.dll /reference:"C:\Program Files\dotnet\packs\Microsoft.NETCore.App.Ref\8.0.22\ref\net8.0\mscorlib.dll" /reference:"C:\Program Files\dotnet\packs\Microsoft.NETCore.App.Ref\8.0.22\ref\net8.0\netstandard.dll" /reference:C:\Users\giris\.nuget\packages\npgsql\8.0.0\lib\net8.0\Npgsql.dll /reference:C:\Users\giris\.nuget\packages\npgsql.entityframeworkcore.postgresql\8.0.0\lib\net8.0\Npgsql.EntityFrameworkCore.PostgreSQL.dll /reference:"C:\Program Files\dotnet\packs\Microsoft.NETCore.App.Ref\8.0.22\ref\net8.0\System.AppContext.dll" /reference:"C:\Program Files\dotnet\packs\Microsoft.NETCore.App.Ref\8.0.22\ref\net8.0\System.Buffers.dll" /reference:"C:\Program Files\dotnet\packs\Microsoft.NETCore.App.Ref\8.0.22\ref\net8.0\System.Collections.Concurrent.dll" /reference:"C:\Program Files\dotnet\packs\Microsoft.NETCore.App.Ref\8.0.22\ref\net8.0\System.Collections.dll" /reference:"C:\Program Files\dotnet\packs\Microsoft.NETCore.App.Ref\8.0.22\ref\net8.0\System.Collections.Immutable.dll" /reference:"C:\Program Files\dotnet\packs\Microsoft.NETCore.App.Ref\8.0.22\ref\net8.0\System.Collections.NonGeneric.dll" /reference:"C:\Program Files\dotnet\packs\Microsoft.NETCore.App.Ref\8.0.22\ref\net8.0\System.Collections.Specialized.dll" /reference:"C:\Program Files\dotnet\packs\Microsoft.NETCore.App.Ref\8.0.22\ref\net8.0\System.ComponentModel.Annotations.dll" /reference:"C:\Program Files\dotnet\packs\Microsoft.NETCore.App.Ref\8.0.22\ref\net8.0\System.ComponentModel.DataAnnotations.dll" /reference:"C:\Program Files\dotnet\packs\Microsoft.NETCore.App.Ref\8.0.22\ref\net8.0\System.ComponentModel.dll" /reference:"C:\Program Files\dotnet\packs\Microsoft.NETCore.App.Ref\8.0.22\ref\net8.0\System.ComponentModel.EventBasedAsync.dll" /reference:"C:\Program Files\dotnet\packs\Microsoft.NETCore.App.Ref\8.0.22\ref\net8.0\System.ComponentModel.Primitives.dll" /reference:"C:\Program Files\dotnet\packs\Microsoft.NETCore.App.Ref\8.0.22\ref\net8.0\System.ComponentModel.TypeConverter.dll" /reference:"C:\Program Files\dotnet\packs\Microsoft.NETCore.App.Ref\8.0.22\ref\net8.0\System.Configuration.dll" /reference:"C:\Program Files\dotnet\packs\Microsoft.NETCore.App.Ref\8.0.22\ref\net8.0\System.Console.dll" /reference:"C:\Program Files\dotnet\packs\Microsoft.NETCore.App.Ref\8.0.22\ref\net8.0\System.Core.dll" /reference:"C:\Program Files\dotnet\packs\Microsoft.NETCore.App.Ref\8.0.22\ref\net8.0\System.Data.Common.dll" /reference:"C:\Program Files\dotnet\packs\Microsoft.NETCore.App.Ref\8.0.22\ref\net8.0\System.Data.DataSetExtensions.dll" /reference:"C:\Program Files\dotnet\packs\Microsoft.NETCore.App.Ref\8.0.22\ref\net8.0\System.Data.dll" /reference:"C:\Program Files\dotnet\packs\Microsoft.NETCore.App.Ref\8.0.22\ref\net8.0\System.Diagnostics.Contracts.dll" /reference:"C:\Program Files\dotnet\packs\Microsoft.NETCore.App.Ref\8.0.22\ref\net8.0\System.Diagnostics.Debug.dll" /reference:"C:\Program Files\dotnet\packs\Microsoft.NETCore.App.Ref\8.0.22\ref\net8.0\System.Diagnostics.DiagnosticSource.dll" /reference:C:\Users\giris\.nuget\packages\system.diagnostics.eventlog\8.0.0\lib\net8.0\System.Diagnostics.EventLog.dll /reference:"C:\Program Files\dotnet\packs\Microsoft.NETCore.App.Ref\8.0.22\ref\net8.0\System.Diagnostics.FileVersionInfo.dll" /reference:"C:\Program Files\dotnet\packs\Microsoft.NETCore.App.Ref\8.0.22\ref\net8.0\System.Diagnostics.Process.dll" /reference:"C:\Program Files\dotnet\packs\Microsoft.NETCore.App.Ref\8.0.22\ref\net8.0\System.Diagnostics.StackTrace.dll" /reference:"C:\Program Files\dotnet\packs\Microsoft.NETCore.App.Ref\8.0.22\ref\net8.0\System.Diagnostics.TextWriterTraceListener.dll" /reference:"C:\Program Files\dotnet\packs\Microsoft.NETCore.App.Ref\8.0.22\ref\net8.0\System.Diagnostics.Tools.dll" /reference:"C:\Program Files\dotnet\packs\Microsoft.NETCore.App.Ref\8.0.22\ref\net8.0\System.Diagnostics.TraceSource.dll" /reference:"C:\Program Files\dotnet\packs\Microsoft.NETCore.App.Ref\8.0.22\ref\net8.0\System.Diagnostics.Tracing.dll" /reference:"C:\Program Files\dotnet\packs\Microsoft.NETCore.App.Ref\8.0.22\ref\net8.0\System.dll" /reference:C:\Users\giris\.nuget\packages\system.drawing.common\10.0.1\lib\net8.0\System.Drawing.Common.dll /reference:"C:\Program Files\dotnet\packs\Microsoft.NETCore.App.Ref\8.0.22\ref\net8.0\System.Drawing.dll" /reference:"C:\Program Files\dotnet\packs\Microsoft.NETCore.App.Ref\8.0.22\ref\net8.0\System.Drawing.Primitives.dll" /reference:"C:\Program Files\dotnet\packs\Microsoft.NETCore.App.Ref\8.0.22\ref\net8.0\System.Dynamic.Runtime.dll" /reference:"C:\Program Files\dotnet\packs\Microsoft.NETCore.App.Ref\8.0.22\ref\net8.0\System.Formats.Asn1.dll" /reference:"C:\Program Files\dotnet\packs\Microsoft.NETCore.App.Ref\8.0.22\ref\net8.0\System.Formats.Tar.dll" /reference:"C:\Program Files\dotnet\packs\Microsoft.NETCore.App.Ref\8.0.22\ref\net8.0\System.Globalization.Calendars.dll" /reference:"C:\Program Files\dotnet\packs\Microsoft.NETCore.App.Ref\8.0.22\ref\net8.0\System.Globalization.dll" /reference:"C:\Program Files\dotnet\packs\Microsoft.NETCore.App.Ref\8.0.22\ref\net8.0\System.Globalization.Extensions.dll" /reference:"C:\Program Files\dotnet\packs\Microsoft.NETCore.App.Ref\8.0.22\ref\net8.0\System.IO.Compression.Brotli.dll" /reference:"C:\Program Files\dotnet\packs\Microsoft.NETCore.App.Ref\8.0.22\ref\net8.0\System.IO.Compression.dll" /reference:"C:\Program Files\dotnet\packs\Microsoft.NETCore.App.Ref\8.0.22\ref\net8.0\System.IO.Compression.FileSystem.dll" /reference:"C:\Program Files\dotnet\packs\Microsoft.NETCore.App.Ref\8.0.22\ref\net8.0\System.IO.Compression.ZipFile.dll" /reference:"C:\Program Files\dotnet\packs\Microsoft.NETCore.App.Ref\8.0.22\ref\net8.0\System.IO.dll" /reference:"C:\Program Files\dotnet\packs\Microsoft.NETCore.App.Ref\8.0.22\ref\net8.0\System.IO.FileSystem.AccessControl.dll" /reference:"C:\Program Files\dotnet\packs\Microsoft.NETCore.App.Ref\8.0.22\ref\net8.0\System.IO.FileSystem.dll" /reference:"C:\Program Files\dotnet\packs\Microsoft.NETCore.App.Ref\8.0.22\ref\net8.0\System.IO.FileSystem.DriveInfo.dll" /reference:"C:\Program Files\dotnet\packs\Microsoft.NETCore.App.Ref\8.0.22\ref\net8.0\System.IO.FileSystem.Primitives.dll" /reference:"C:\Program Files\dotnet\packs\Microsoft.NETCore.App.Ref\8.0.22\ref\net8.0\System.IO.FileSystem.Watcher.dll" /reference:"C:\Program Files\dotnet\packs\Microsoft.NETCore.App.Ref\8.0.22\ref\net8.0\System.IO.IsolatedStorage.dll" /reference:"C:\Program Files\dotnet\packs\Microsoft.NETCore.App.Ref\8.0.22\ref\net8.0\System.IO.MemoryMappedFiles.dll" /reference:"C:\Program Files\dotnet\packs\Microsoft.NETCore.App.Ref\8.0.22\ref\net8.0\System.IO.Pipes.AccessControl.dll" /reference:"C:\Program Files\dotnet\packs\Microsoft.NETCore.App.Ref\8.0.22\ref\net8.0\System.IO.Pipes.dll" /reference:"C:\Program Files\dotnet\packs\Microsoft.NETCore.App.Ref\8.0.22\ref\net8.0\System.IO.UnmanagedMemoryStream.dll" /reference:"C:\Program Files\dotnet\packs\Microsoft.NETCore.App.Ref\8.0.22\ref\net8.0\System.Linq.dll" /reference:"C:\Program Files\dotnet\packs\Microsoft.NETCore.App.Ref\8.0.22\ref\net8.0\System.Linq.Expressions.dll" /reference:"C:\Program Files\dotnet\packs\Microsoft.NETCore.App.Ref\8.0.22\ref\net8.0\System.Linq.Parallel.dll" /reference:"C:\Program Files\dotnet\packs\Microsoft.NETCore.App.Ref\8.0.22\ref\net8.0\System.Linq.Queryable.dll" /reference:"C:\Program Files\dotnet\packs\Microsoft.NETCore.App.Ref\8.0.22\ref\net8.0\System.Memory.dll" /reference:"C:\Program Files\dotnet\packs\Microsoft.NETCore.App.Ref\8.0.22\ref\net8.0\System.Net.dll" /reference:"C:\Program Files\dotnet\packs\Microsoft.NETCore.App.Ref\8.0.22\ref\net8.0\System.Net.Http.dll" /reference:"C:\Program Files\dotnet\packs\Microsoft.NETCore.App.Ref\8.0.22\ref\net8.0\System.Net.Http.Json.dll" /reference:"C:\Program Files\dotnet\packs\Microsoft.NETCore.App.Ref\8.0.22\ref\net8.0\System.Net.HttpListener.dll" /reference:"C:\Program Files\dotnet\packs\Microsoft.NETCore.App.Ref\8.0.22\ref\net8.0\System.Net.Mail.dll" /reference:"C:\Program Files\dotnet\packs\Microsoft.NETCore.App.Ref\8.0.22\ref\net8.0\System.Net.NameResolution.dll" /reference:"C:\Program Files\dotnet\packs\Microsoft.NETCore.App.Ref\8.0.22\ref\net8.0\System.Net.NetworkInformation.dll" /reference:"C:\Program Files\dotnet\packs\Microsoft.NETCore.App.Ref\8.0.22\ref\net8.0\System.Net.Ping.dll" /reference:"C:\Program Files\dotnet\packs\Microsoft.NETCore.App.Ref\8.0.22\ref\net8.0\System.Net.Primitives.dll" /reference:"C:\Program Files\dotnet\packs\Microsoft.NETCore.App.Ref\8.0.22\ref\net8.0\System.Net.Quic.dll" /reference:"C:\Program Files\dotnet\packs\Microsoft.NETCore.App.Ref\8.0.22\ref\net8.0\System.Net.Requests.dll" /reference:"C:\Program Files\dotnet\packs\Microsoft.NETCore.App.Ref\8.0.22\ref\net8.0\System.Net.Security.dll" /reference:"C:\Program Files\dotnet\packs\Microsoft.NETCore.App.Ref\8.0.22\ref\net8.0\System.Net.ServicePoint.dll" /reference:"C:\Program Files\dotnet\packs\Microsoft.NETCore.App.Ref\8.0.22\ref\net8.0\System.Net.Sockets.dll" /reference:"C:\Program Files\dotnet\packs\Microsoft.NETCore.App.Ref\8.0.22\ref\net8.0\System.Net.WebClient.dll" /reference:"C:\Program Files\dotnet\packs\Microsoft.NETCore.App.Ref\8.0.22\ref\net8.0\System.Net.WebHeaderCollection.dll" /reference:"C:\Program Files\dotnet\packs\Microsoft.NETCore.App.Ref\8.0.22\ref\net8.0\System.Net.WebProxy.dll" /reference:"C:\Program Files\dotnet\packs\Microsoft.NETCore.App.Ref\8.0.22\ref\net8.0\System.Net.WebSockets.Client.dll" /reference:"C:\Program Files\dotnet\packs\Microsoft.NETCore.App.Ref\8.0.22\ref\net8.0\System.Net.WebSockets.dll" /reference:"C:\Program Files\dotnet\packs\Microsoft.NETCore.App.Ref\8.0.22\ref\net8.0\System.Numerics.dll" /reference:C:\Users\giris\.nuget\packages\system.numerics.tensors\9.0.0\lib\net8.0\System.Numerics.Tensors.dll /reference:"C:\Program Files\dotnet\packs\Microsoft.NETCore.App.Ref\8.0.22\ref\net8.0\System.Numerics.Vectors.dll" /reference:"C:\Program Files\dotnet\packs\Microsoft.NETCore.App.Ref\8.0.22\ref\net8.0\System.ObjectModel.dll" /reference:C:\Users\giris\.nuget\packages\system.drawing.common\10.0.1\lib\net8.0\System.Private.Windows.Core.dll /reference:C:\Users\giris\.nuget\packages\system.drawing.common\10.0.1\lib\net8.0\System.Private.Windows.GdiPlus.dll /reference:"C:\Program Files\dotnet\packs\Microsoft.NETCore.App.Ref\8.0.22\ref\net8.0\System.Reflection.DispatchProxy.dll" /reference:"C:\Program Files\dotnet\packs\Microsoft.NETCore.App.Ref\8.0.22\ref\net8.0\System.Reflection.dll" /reference:"C:\Program Files\dotnet\packs\Microsoft.NETCore.App.Ref\8.0.22\ref\net8.0\System.Reflection.Emit.dll" /reference:"C:\Program Files\dotnet\packs\Microsoft.NETCore.App.Ref\8.0.22\ref\net8.0\System.Reflection.Emit.ILGeneration.dll" /reference:"C:\Program Files\dotnet\packs\Microsoft.NETCore.App.Ref\8.0.22\ref\net8.0\System.Reflection.Emit.Lightweight.dll" /reference:"C:\Program Files\dotnet\packs\Microsoft.NETCore.App.Ref\8.0.22\ref\net8.0\System.Reflection.Extensions.dll" /reference:"C:\Program Files\dotnet\packs\Microsoft.NETCore.App.Ref\8.0.22\ref\net8.0\System.Reflection.Metadata.dll" /reference:"C:\Program Files\dotnet\packs\Microsoft.NETCore.App.Ref\8.0.22\ref\net8.0\System.Reflection.Primitives.dll" /reference:"C:\Program Files\dotnet\packs\Microsoft.NETCore.App.Ref\8.0.22\ref\net8.0\System.Reflection.TypeExtensions.dll" /reference:"C:\Program Files\dotnet\packs\Microsoft.NETCore.App.Ref\8.0.22\ref\net8.0\System.Resources.Reader.dll" /reference:"C:\Program Files\dotnet\packs\Microsoft.NETCore.App.Ref\8.0.22\ref\net8.0\System.Resources.ResourceManager.dll" /reference:"C:\Program Files\dotnet\packs\Microsoft.NETCore.App.Ref\8.0.22\ref\net8.0\System.Resources.Writer.dll" /reference:"C:\Program Files\dotnet\packs\Microsoft.NETCore.App.Ref\8.0.22\ref\net8.0\System.Runtime.CompilerServices.Unsafe.dll" /reference:"C:\Program Files\dotnet\packs\Microsoft.NETCore.App.Ref\8.0.22\ref\net8.0\System.Runtime.CompilerServices.VisualC.dll" /reference:"C:\Program Files\dotnet\packs\Microsoft.NETCore.App.Ref\8.0.22\ref\net8.0\System.Runtime.dll" /reference:"C:\Program Files\dotnet\packs\Microsoft.NETCore.App.Ref\8.0.22\ref\net8.0\System.Runtime.Extensions.dll" /reference:"C:\Program Files\dotnet\packs\Microsoft.NETCore.App.Ref\8.0.22\ref\net8.0\System.Runtime.Handles.dll" /reference:"C:\Program Files\dotnet\packs\Microsoft.NETCore.App.Ref\8.0.22\ref\net8.0\System.Runtime.InteropServices.dll" /reference:"C:\Program Files\dotnet\packs\Microsoft.NETCore.App.Ref\8.0.22\ref\net8.0\System.Runtime.InteropServices.JavaScript.dll" /reference:"C:\Program Files\dotnet\packs\Microsoft.NETCore.App.Ref\8.0.22\ref\net8.0\System.Runtime.InteropServices.RuntimeInformation.dll" /reference:"C:\Program Files\dotnet\packs\Microsoft.NETCore.App.Ref\8.0.22\ref\net8.0\System.Runtime.Intrinsics.dll" /reference:"C:\Program Files\dotnet\packs\Microsoft.NETCore.App.Ref\8.0.22\ref\net8.0\System.Runtime.Loader.dll" /reference:"C:\Program Files\dotnet\packs\Microsoft.NETCore.App.Ref\8.0.22\ref\net8.0\System.Runtime.Numerics.dll" /reference:"C:\Program Files\dotnet\packs\Microsoft.NETCore.App.Ref\8.0.22\ref\net8.0\System.Runtime.Serialization.dll" /reference:"C:\Program Files\dotnet\packs\Microsoft.NETCore.App.Ref\8.0.22\ref\net8.0\System.Runtime.Serialization.Formatters.dll" /reference:"C:\Program Files\dotnet\packs\Microsoft.NETCore.App.Ref\8.0.22\ref\net8.0\System.Runtime.Serialization.Json.dll" /reference:"C:\Program Files\dotnet\packs\Microsoft.NETCore.App.Ref\8.0.22\ref\net8.0\System.Runtime.Serialization.Primitives.dll" /reference:"C:\Program Files\dotnet\packs\Microsoft.NETCore.App.Ref\8.0.22\ref\net8.0\System.Runtime.Serialization.Xml.dll" /reference:"C:\Program Files\dotnet\packs\Microsoft.NETCore.App.Ref\8.0.22\ref\net8.0\System.Security.AccessControl.dll" /reference:"C:\Program Files\dotnet\packs\Microsoft.NETCore.App.Ref\8.0.22\ref\net8.0\System.Security.Claims.dll" /reference:"C:\Program Files\dotnet\packs\Microsoft.NETCore.App.Ref\8.0.22\ref\net8.0\System.Security.Cryptography.Algorithms.dll" /reference:"C:\Program Files\dotnet\packs\Microsoft.NETCore.App.Ref\8.0.22\ref\net8.0\System.Security.Cryptography.Cng.dll" /reference:"C:\Program Files\dotnet\packs\Microsoft.NETCore.App.Ref\8.0.22\ref\net8.0\System.Security.Cryptography.Csp.dll" /reference:"C:\Program Files\dotnet\packs\Microsoft.NETCore.App.Ref\8.0.22\ref\net8.0\System.Security.Cryptography.dll" /reference:"C:\Program Files\dotnet\packs\Microsoft.NETCore.App.Ref\8.0.22\ref\net8.0\System.Security.Cryptography.Encoding.dll" /reference:"C:\Program Files\dotnet\packs\Microsoft.NETCore.App.Ref\8.0.22\ref\net8.0\System.Security.Cryptography.OpenSsl.dll" /reference:"C:\Program Files\dotnet\packs\Microsoft.NETCore.App.Ref\8.0.22\ref\net8.0\System.Security.Cryptography.Primitives.dll" /reference:"C:\Program Files\dotnet\packs\Microsoft.NETCore.App.Ref\8.0.22\ref\net8.0\System.Security.Cryptography.X509Certificates.dll" /reference:"C:\Program Files\dotnet\packs\Microsoft.NETCore.App.Ref\8.0.22\ref\net8.0\System.Security.dll" /reference:"C:\Program Files\dotnet\packs\Microsoft.NETCore.App.Ref\8.0.22\ref\net8.0\System.Security.Principal.dll" /reference:"C:\Program Files\dotnet\packs\Microsoft.NETCore.App.Ref\8.0.22\ref\net8.0\System.Security.Principal.Windows.dll" /reference:"C:\Program Files\dotnet\packs\Microsoft.NETCore.App.Ref\8.0.22\ref\net8.0\System.Security.SecureString.dll" /reference:"C:\Program Files\dotnet\packs\Microsoft.NETCore.App.Ref\8.0.22\ref\net8.0\System.ServiceModel.Web.dll" /reference:"C:\Program Files\dotnet\packs\Microsoft.NETCore.App.Ref\8.0.22\ref\net8.0\System.ServiceProcess.dll" /reference:"C:\Program Files\dotnet\packs\Microsoft.NETCore.App.Ref\8.0.22\ref\net8.0\System.Text.Encoding.CodePages.dll" /reference:"C:\Program Files\dotnet\packs\Microsoft.NETCore.App.Ref\8.0.22\ref\net8.0\System.Text.Encoding.dll" /reference:"C:\Program Files\dotnet\packs\Microsoft.NETCore.App.Ref\8.0.22\ref\net8.0\System.Text.Encoding.Extensions.dll" /reference:"C:\Program Files\dotnet\packs\Microsoft.NETCore.App.Ref\8.0.22\ref\net8.0\System.Text.Encodings.Web.dll" /reference:"C:\Program Files\dotnet\packs\Microsoft.NETCore.App.Ref\8.0.22\ref\net8.0\System.Text.Json.dll" /reference:"C:\Program Files\dotnet\packs\Microsoft.NETCore.App.Ref\8.0.22\ref\net8.0\System.Text.RegularExpressions.dll" /reference:"C:\Program Files\dotnet\packs\Microsoft.NETCore.App.Ref\8.0.22\ref\net8.0\System.Threading.Channels.dll" /reference:"C:\Program Files\dotnet\packs\Microsoft.NETCore.App.Ref\8.0.22\ref\net8.0\System.Threading.dll" /reference:"C:\Program Files\dotnet\packs\Microsoft.NETCore.App.Ref\8.0.22\ref\net8.0\System.Threading.Overlapped.dll" /reference:"C:\Program Files\dotnet\packs\Microsoft.NETCore.App.Ref\8.0.22\ref\net8.0\System.Threading.Tasks.Dataflow.dll" /reference:"C:\Program Files\dotnet\packs\Microsoft.NETCore.App.Ref\8.0.22\ref\net8.0\System.Threading.Tasks.dll" /reference:"C:\Program Files\dotnet\packs\Microsoft.NETCore.App.Ref\8.0.22\ref\net8.0\System.Threading.Tasks.Extensions.dll" /reference:"C:\Program Files\dotnet\packs\Microsoft.NETCore.App.Ref\8.0.22\ref\net8.0\System.Threading.Tasks.Parallel.dll" /reference:"C:\Program Files\dotnet\packs\Microsoft.NETCore.App.Ref\8.0.22\ref\net8.0\System.Threading.Thread.dll" /reference:"C:\Program Files\dotnet\packs\Microsoft.NETCore.App.Ref\8.0.22\ref\net8.0\System.Threading.ThreadPool.dll" /reference:"C:\Program Files\dotnet\packs\Microsoft.NETCore.App.Ref\8.0.22\ref\net8.0\System.Threading.Timer.dll" /reference:"C:\Program Files\dotnet\packs\Microsoft.NETCore.App.Ref\8.0.22\ref\net8.0\System.Transactions.dll" /reference:"C:\Program Files\dotnet\packs\Microsoft.NETCore.App.Ref\8.0.22\ref\net8.0\System.Transactions.Local.dll" /reference:"C:\Program Files\dotnet\packs\Microsoft.NETCore.App.Ref\8.0.22\ref\net8.0\System.ValueTuple.dll" /reference:"C:\Program Files\dotnet\packs\Microsoft.NETCore.App.Ref\8.0.22\ref\net8.0\System.Web.dll" /reference:"C:\Program Files\dotnet\packs\Microsoft.NETCore.App.Ref\8.0.22\ref\net8.0\System.Web.HttpUtility.dll" /reference:"C:\Program Files\dotnet\packs\Microsoft.NETCore.App.Ref\8.0.22\ref\net8.0\System.Windows.dll" /reference:"C:\Program Files\dotnet\packs\Microsoft.NETCore.App.Ref\8.0.22\ref\net8.0\System.Xml.dll" /reference:"C:\Program Files\dotnet\packs\Microsoft.NETCore.App.Ref\8.0.22\ref\net8.0\System.Xml.Linq.dll" /reference:"C:\Program Files\dotnet\packs\Microsoft.NETCore.App.Ref\8.0.22\ref\net8.0\System.Xml.ReaderWriter.dll" /reference:"C:\Program Files\dotnet\packs\Microsoft.NETCore.App.Ref\8.0.22\ref\net8.0\System.Xml.Serialization.dll" /reference:"C:\Program Files\dotnet\packs\Microsoft.NETCore.App.Ref\8.0.22\ref\net8.0\System.Xml.XDocument.dll" /reference:"C:\Program Files\dotnet\packs\Microsoft.NETCore.App.Ref\8.0.22\ref\net8.0\System.Xml.XmlDocument.dll" /reference:"C:\Program Files\dotnet\packs\Microsoft.NETCore.App.Ref\8.0.22\ref\net8.0\System.Xml.XmlSerializer.dll" /reference:"C:\Program Files\dotnet\packs\Microsoft.NETCore.App.Ref\8.0.22\ref\net8.0\System.Xml.XPath.dll" /reference:"C:\Program Files\dotnet\packs\Microsoft.NETCore.App.Ref\8.0.22\ref\net8.0\System.Xml.XPath.XDocument.dll" /reference:"C:\Program Files\dotnet\packs\Microsoft.NETCore.App.Ref\8.0.22\ref\net8.0\WindowsBase.dll" /reference:C:\Users\giris\.nuget\packages\microsoft.windows.sdk.net.ref\10.0.19041.57\lib\net8.0\WinRT.Runtime.dll /debug- /filealign:512 /optimize- /out:obj\Debug\net8.0-windows10.0.19041.0\intermediatexaml\Magidesk.Presentation.dll /subsystemversion:6.00 /target:winexe /warnaserror- /utf8output /deterministic+ /langversion:latest /skipanalyzers+ /analyzerconfig:obj\Debug\net8.0-windows10.0.19041.0\Magidesk.Presentation.GeneratedMSBuildEditorConfig.editorconfig /analyzer:"C:\Program Files\dotnet\sdk\10.0.101\Sdks\Microsoft.NET.Sdk\targets\..\analyzers\Microsoft.CodeAnalysis.CSharp.NetAnalyzers.dll" /analyzer:"C:\Program Files\dotnet\sdk\10.0.101\Sdks\Microsoft.NET.Sdk\targets\..\analyzers\Microsoft.CodeAnalysis.NetAnalyzers.dll" /analyzer:C:\Users\giris\.nuget\packages\communitytoolkit.mvvm\8.4.0\analyzers\dotnet\roslyn4.12\cs\CommunityToolkit.Mvvm.CodeFixers.dll /analyzer:C:\Users\giris\.nuget\packages\communitytoolkit.mvvm\8.4.0\analyzers\dotnet\roslyn4.12\cs\CommunityToolkit.Mvvm.SourceGenerators.dll /analyzer:C:\Users\giris\.nuget\packages\microsoft.codeanalysis.analyzers\3.3.3\analyzers\dotnet\cs\Microsoft.CodeAnalysis.Analyzers.dll /analyzer:C:\Users\giris\.nuget\packages\microsoft.codeanalysis.analyzers\3.3.3\analyzers\dotnet\cs\Microsoft.CodeAnalysis.CSharp.Analyzers.dll /analyzer:C:\Users\giris\.nuget\packages\microsoft.entityframeworkcore.analyzers\8.0.0\analyzers\dotnet\cs\Microsoft.EntityFrameworkCore.Analyzers.dll /analyzer:C:\Users\giris\.nuget\packages\microsoft.extensions.logging.abstractions\8.0.0\analyzers\dotnet\roslyn4.4\cs\Microsoft.Extensions.Logging.Generators.dll /analyzer:C:\Users\giris\.nuget\packages\microsoft.extensions.options\8.0.0\analyzers\dotnet\roslyn4.4\cs\Microsoft.Extensions.Options.SourceGeneration.dll /analyzer:"C:\Program Files\dotnet\packs\Microsoft.NETCore.App.Ref\8.0.22\analyzers/dotnet/cs/Microsoft.Interop.ComInterfaceGenerator.dll" /analyzer:"C:\Program Files\dotnet\packs\Microsoft.NETCore.App.Ref\8.0.22\analyzers/dotnet/cs/Microsoft.Interop.JavaScript.JSImportGenerator.dll" /analyzer:"C:\Program Files\dotnet\packs\Microsoft.NETCore.App.Ref\8.0.22\analyzers/dotnet/cs/Microsoft.Interop.LibraryImportGenerator.dll" /analyzer:"C:\Program Files\dotnet\packs\Microsoft.NETCore.App.Ref\8.0.22\analyzers/dotnet/cs/Microsoft.Interop.SourceGeneration.dll" /analyzer:"C:\Program Files\dotnet\packs\Microsoft.NETCore.App.Ref\8.0.22\analyzers/dotnet/cs/System.Text.Json.SourceGeneration.dll" /analyzer:"C:\Program Files\dotnet\packs\Microsoft.NETCore.App.Ref\8.0.22\analyzers/dotnet/cs/System.Text.RegularExpressions.Generator.dll" /analyzer:C:\Users\giris\.nuget\packages\microsoft.windows.sdk.net.ref\10.0.19041.57\analyzers/dotnet/cs/WinRT.SourceGenerator.dll App.xaml.cs Imports.cs Magidesk.Presentation\Converters\BoolToDesignModeTextConverter.cs Magidesk.Presentation\Converters\BoolToVisibilityConverter.cs Magidesk.Presentation\Converters\CollectionEmptyToVisibilityConverter.cs Magidesk.Presentation\Converters\CurrencyConverter.cs Magidesk.Presentation\Converters\DateTimeToTimeConverter.cs Magidesk.Presentation\Converters\DecimalToDoubleConverter.cs Magidesk.Presentation\Converters\EnumToBoolConverter.cs Magidesk.Presentation\Converters\IntToDoubleConverter.cs Magidesk.Presentation\Converters\IntToSizeConverter.cs Magidesk.Presentation\Converters\InverseBooleanConverter.cs Magidesk.Presentation\Converters\NullToVisibilityConverter.cs Magidesk.Presentation\Converters\ShapeToCornerRadiusConverter.cs Magidesk.Presentation\Converters\StringColorToBrushConverter.cs Magidesk.Presentation\Converters\StringFormatConverter.cs Magidesk.Presentation\Converters\StringToBoolConverter.cs Magidesk.Presentation\Converters\StringVisibilityConverter.cs Magidesk.Presentation\Converters\TableStatusToBrushConverter.cs Magidesk.Presentation\Converters\TableToSelectionVisibilityConverter.cs Magidesk.Presentation\ViewModels\ExportImportManagementViewModel.cs Magidesk.Presentation\ViewModels\FloorManagementViewModel.cs Magidesk.Presentation\ViewModels\ServerSectionManagementViewModel.cs Magidesk.Presentation\ViewModels\TableDesignerViewModel.cs Magidesk.Presentation\Views\Components\TableShapePalette.xaml.cs Magidesk.Presentation\Views\Components\VirtualizedTableCanvas.xaml.cs Magidesk.Presentation\Views\FloorManagementPage.xaml.cs Magidesk.Presentation\Views\TableDesignerPage.xaml.cs Magidesk.Presentation\Views\TableDesignerTestPage.xaml.cs MainWindow.xaml.cs Services\DefaultViewRoutingService.cs Services\NavigationService.cs Services\TerminalContext.cs Services\UserService.cs ViewModels\AuthorizationCaptureBatchViewModel.cs ViewModels\AuthorizationCodeViewModel.cs ViewModels\BackOfficeViewModel.cs ViewModels\CashDropManagementViewModel.cs ViewModels\CashSessionViewModel.cs ViewModels\Dialogs\AddOnSelectionViewModel.cs ViewModels\Dialogs\ComboSelectionViewModel.cs ViewModels\Dialogs\CookingInstructionViewModel.cs ViewModels\Dialogs\CustomerSelectionViewModel.cs ViewModels\Dialogs\ItemSearchViewModel.cs ViewModels\Dialogs\MergeTicketsViewModel.cs ViewModels\Dialogs\ModifierGroupViewModel.cs ViewModels\Dialogs\ModifierItemViewModel.cs ViewModels\Dialogs\ModifierSelectionViewModel.cs ViewModels\Dialogs\NotesDialogViewModel.cs ViewModels\Dialogs\PizzaModifierViewModel.cs ViewModels\Dialogs\PriceEntryViewModel.cs ViewModels\Dialogs\SeatSelectionViewModel.cs ViewModels\Dialogs\ShiftEndViewModel.cs ViewModels\Dialogs\ShiftStartViewModel.cs ViewModels\Dialogs\SizeSelectionViewModel.cs ViewModels\Dialogs\TableSelectionViewModel.cs ViewModels\DiscountTaxViewModel.cs ViewModels\DrawerPullReportViewModel.cs ViewModels\GroupSettleTicketSelectionViewModel.cs ViewModels\GroupSettleTicketViewModel.cs ViewModels\GuestCountViewModel.cs ViewModels\InventoryViewModel.cs ViewModels\KitchenDisplayViewModel.cs ViewModels\KitchenOrderViewModel.cs ViewModels\LoginViewModel.cs ViewModels\ManagerFunctionsViewModel.cs ViewModels\MenuEditorViewModel.cs ViewModels\MiscItemViewModel.cs ViewModels\ModifierEditorViewModel.cs ViewModels\ModifierSelectionViewModel.cs ViewModels\OpenTicketsListViewModel.cs ViewModels\OrderEntryViewModel.cs ViewModels\OrderTypeExplorerViewModel.cs ViewModels\OrderTypeSelectionViewModel.cs ViewModels\PaymentProcessWaitViewModel.cs ViewModels\PaymentViewModel.cs ViewModels\PrintViewModel.cs ViewModels\PurchaseOrderViewModel.cs ViewModels\QuantityViewModel.cs ViewModels\RecipeLineViewModel.cs ViewModels\RoleManagementViewModel.cs ViewModels\SalesReportsViewModel.cs ViewModels\SettingsViewModel.cs ViewModels\SettleViewModel.cs ViewModels\ShiftExplorerViewModel.cs ViewModels\SplitTicketViewModel.cs ViewModels\SwipeCardViewModel.cs ViewModels\SwitchboardViewModel.cs ViewModels\SystemConfigViewModel.cs ViewModels\TableExplorerViewModel.cs ViewModels\TableMapViewModel.cs ViewModels\TicketFeeViewModel.cs ViewModels\TicketManagementViewModel.cs ViewModels\TicketViewModel.cs ViewModels\UserManagementViewModel.cs ViewModels\VendorManagementViewModel.cs ViewModels\ViewModelBase.cs ViewModels\VoidTicketViewModel.cs Views\AuthorizationCaptureBatchDialog.xaml.cs Views\AuthorizationCodeDialog.xaml.cs Views\BackOfficePage.xaml.cs Views\CashDropManagementDialog.xaml.cs Views\CashEntryDialog.xaml.cs Views\CashSessionPage.xaml.cs Views\Dialogs\AddOnSelectionDialog.xaml.cs Views\Dialogs\CashEntryDialog.xaml.cs Views\Dialogs\ComboSelectionDialog.xaml.cs Views\Dialogs\CookingInstructionDialog.xaml.cs Views\Dialogs\CustomerSelectionDialog.xaml.cs Views\Dialogs\GuestCountDialog.xaml.cs Views\Dialogs\ItemSearchDialog.xaml.cs Views\Dialogs\MergeTicketsDialog.xaml.cs Views\Dialogs\MiscItemDialog.xaml.cs Views\Dialogs\ModifierSelectionDialog.xaml.cs Views\Dialogs\NotesDialog.xaml.cs Views\Dialogs\PizzaModifierDialog.xaml.cs Views\Dialogs\PriceEntryDialog.xaml.cs Views\Dialogs\QuantityDialog.xaml.cs Views\Dialogs\SeatSelectionDialog.xaml.cs Views\Dialogs\ShiftEndDialog.xaml.cs Views\Dialogs\ShiftStartDialog.xaml.cs Views\Dialogs\SizeSelectionDialog.xaml.cs Views\Dialogs\TableSelectionDialog.xaml.cs Views\Dialogs\TicketFeeDialog.xaml.cs Views\DiscountTaxPage.xaml.cs Views\DrawerPullReportDialog.xaml.cs Views\GroupSettleTicketDialog.xaml.cs Views\GroupSettleTicketSelectionWindow.xaml.cs Views\InventoryPage.xaml.cs Views\KitchenDisplayPage.xaml.cs Views\LoginPage.xaml.cs Views\MainPage.xaml.cs Views\ManagerFunctionsDialog.xaml.cs Views\MenuEditorPage.xaml.cs Views\ModifierEditorPage.xaml.cs Views\ModifierSelectionDialog.xaml.cs Views\OpenTicketsListDialog.xaml.cs Views\OrderEntryPage.xaml.cs Views\OrderTypeExplorerPage.xaml.cs Views\OrderTypeSelectionDialog.xaml.cs Views\PasswordEntryDialog.xaml.cs Views\PaymentPage.xaml.cs Views\PaymentProcessWaitDialog.xaml.cs Views\PrintPage.xaml.cs Views\PurchaseOrdersPage.xaml.cs Views\RoleManagementPage.xaml.cs Views\SalesReportsPage.xaml.cs Views\SettingsPage.xaml.cs Views\SettlePage.xaml.cs Views\ShiftExplorerPage.xaml.cs Views\SplitTicketDialog.xaml.cs Views\SwipeCardDialog.xaml.cs Views\SwitchboardPage.xaml.cs Views\SystemConfigPage.xaml.cs Views\TableExplorerPage.xaml.cs Views\TableMapPage.xaml.cs Views\TicketManagementPage.xaml.cs Views\TicketPage.xaml.cs Views\UserManagementPage.xaml.cs Views\VendorsPage.xaml.cs Views\VoidTicketDialog.xaml.cs C:\Users\giris\.nuget\packages\microsoft.windowsappsdk.foundation\1.8.251104000\buildTransitive\..\include\MddBootstrapAutoInitializer.cs C:\Users\giris\.nuget\packages\microsoft.windowsappsdk.runtime\1.8.251106002\buildTransitive\..\include\WindowsAppSDK-VersionInfo.cs obj\Debug\net8.0-windows10.0.19041.0\Magidesk.Presentation.GlobalUsings.g.cs "C:\Users\giris\Documents\Code\Redesign-POS\Windows Based POS\Magidesk\obj\Debug\net8.0-windows10.0.19041.0\App.g.i.cs" "C:\Users\giris\Documents\Code\Redesign-POS\Windows Based POS\Magidesk\obj\Debug\net8.0-windows10.0.19041.0\App.g.cs" "C:\Users\giris\Documents\Code\Redesign-POS\Windows Based POS\Magidesk\obj\Debug\net8.0-windows10.0.19041.0\Magidesk.Presentation\Views\Components\TableShapePalette.g.i.cs" "C:\Users\giris\Documents\Code\Redesign-POS\Windows Based POS\Magidesk\obj\Debug\net8.0-windows10.0.19041.0\Magidesk.Presentation\Views\Components\TableShapePalette.g.cs" "C:\Users\giris\Documents\Code\Redesign-POS\Windows Based POS\Magidesk\obj\Debug\net8.0-windows10.0.19041.0\Magidesk.Presentation\Views\Components\VirtualizedTableCanvas.g.i.cs" "C:\Users\giris\Documents\Code\Redesign-POS\Windows Based POS\Magidesk\obj\Debug\net8.0-windows10.0.19041.0\Magidesk.Presentation\Views\Components\VirtualizedTableCanvas.g.cs" "C:\Users\giris\Documents\Code\Redesign-POS\Windows Based POS\Magidesk\obj\Debug\net8.0-windows10.0.19041.0\Magidesk.Presentation\Views\FloorManagementPage.g.i.cs" "C:\Users\giris\Documents\Code\Redesign-POS\Windows Based POS\Magidesk\obj\Debug\net8.0-windows10.0.19041.0\Magidesk.Presentation\Views\FloorManagementPage.g.cs" "C:\Users\giris\Documents\Code\Redesign-POS\Windows Based POS\Magidesk\obj\Debug\net8.0-windows10.0.19041.0\Magidesk.Presentation\Views\TableDesignerPage.g.i.cs" "C:\Users\giris\Documents\Code\Redesign-POS\Windows Based POS\Magidesk\obj\Debug\net8.0-windows10.0.19041.0\Magidesk.Presentation\Views\TableDesignerPage.g.cs" "C:\Users\giris\Documents\Code\Redesign-POS\Windows Based POS\Magidesk\obj\Debug\net8.0-windows10.0.19041.0\Magidesk.Presentation\Views\TableDesignerTestPage.g.i.cs" "C:\Users\giris\Documents\Code\Redesign-POS\Windows Based POS\Magidesk\obj\Debug\net8.0-windows10.0.19041.0\Magidesk.Presentation\Views\TableDesignerTestPage.g.cs" "C:\Users\giris\Documents\Code\Redesign-POS\Windows Based POS\Magidesk\obj\Debug\net8.0-windows10.0.19041.0\MainWindow.g.i.cs" "C:\Users\giris\Documents\Code\Redesign-POS\Windows Based POS\Magidesk\obj\Debug\net8.0-windows10.0.19041.0\MainWindow.g.cs" "C:\Users\giris\Documents\Code\Redesign-POS\Windows Based POS\Magidesk\obj\Debug\net8.0-windows10.0.19041.0\Views\AuthorizationCaptureBatchDialog.g.i.cs" "C:\Users\giris\Documents\Code\Redesign-POS\Windows Based POS\Magidesk\obj\Debug\net8.0-windows10.0.19041.0\Views\AuthorizationCaptureBatchDialog.g.cs" "C:\Users\giris\Documents\Code\Redesign-POS\Windows Based POS\Magidesk\obj\Debug\net8.0-windows10.0.19041.0\Views\AuthorizationCodeDialog.g.i.cs" "C:\Users\giris\Documents\Code\Redesign-POS\Windows Based POS\Magidesk\obj\Debug\net8.0-windows10.0.19041.0\Views\AuthorizationCodeDialog.g.cs" "C:\Users\giris\Documents\Code\Redesign-POS\Windows Based POS\Magidesk\obj\Debug\net8.0-windows10.0.19041.0\Views\BackOfficePage.g.i.cs" "C:\Users\giris\Documents\Code\Redesign-POS\Windows Based POS\Magidesk\obj\Debug\net8.0-windows10.0.19041.0\Views\BackOfficePage.g.cs" "C:\Users\giris\Documents\Code\Redesign-POS\Windows Based POS\Magidesk\obj\Debug\net8.0-windows10.0.19041.0\Views\CashDropManagementDialog.g.i.cs" "C:\Users\giris\Documents\Code\Redesign-POS\Windows Based POS\Magidesk\obj\Debug\net8.0-windows10.0.19041.0\Views\CashDropManagementDialog.g.cs" "C:\Users\giris\Documents\Code\Redesign-POS\Windows Based POS\Magidesk\obj\Debug\net8.0-windows10.0.19041.0\Views\CashEntryDialog.g.i.cs" "C:\Users\giris\Documents\Code\Redesign-POS\Windows Based POS\Magidesk\obj\Debug\net8.0-windows10.0.19041.0\Views\CashEntryDialog.g.cs" "C:\Users\giris\Documents\Code\Redesign-POS\Windows Based POS\Magidesk\obj\Debug\net8.0-windows10.0.19041.0\Views\CashSessionPage.g.i.cs" "C:\Users\giris\Documents\Code\Redesign-POS\Windows Based POS\Magidesk\obj\Debug\net8.0-windows10.0.19041.0\Views\CashSessionPage.g.cs" "C:\Users\giris\Documents\Code\Redesign-POS\Windows Based POS\Magidesk\obj\Debug\net8.0-windows10.0.19041.0\Views\Dialogs\AddOnSelectionDialog.g.i.cs" "C:\Users\giris\Documents\Code\Redesign-POS\Windows Based POS\Magidesk\obj\Debug\net8.0-windows10.0.19041.0\Views\Dialogs\AddOnSelectionDialog.g.cs" "C:\Users\giris\Documents\Code\Redesign-POS\Windows Based POS\Magidesk\obj\Debug\net8.0-windows10.0.19041.0\Views\Dialogs\CashEntryDialog.g.i.cs" "C:\Users\giris\Documents\Code\Redesign-POS\Windows Based POS\Magidesk\obj\Debug\net8.0-windows10.0.19041.0\Views\Dialogs\CashEntryDialog.g.cs" "C:\Users\giris\Documents\Code\Redesign-POS\Windows Based POS\Magidesk\obj\Debug\net8.0-windows10.0.19041.0\Views\Dialogs\ComboSelectionDialog.g.i.cs" "C:\Users\giris\Documents\Code\Redesign-POS\Windows Based POS\Magidesk\obj\Debug\net8.0-windows10.0.19041.0\Views\Dialogs\ComboSelectionDialog.g.cs" "C:\Users\giris\Documents\Code\Redesign-POS\Windows Based POS\Magidesk\obj\Debug\net8.0-windows10.0.19041.0\Views\Dialogs\CookingInstructionDialog.g.i.cs" "C:\Users\giris\Documents\Code\Redesign-POS\Windows Based POS\Magidesk\obj\Debug\net8.0-windows10.0.19041.0\Views\Dialogs\CookingInstructionDialog.g.cs" "C:\Users\giris\Documents\Code\Redesign-POS\Windows Based POS\Magidesk\obj\Debug\net8.0-windows10.0.19041.0\Views\Dialogs\CustomerSelectionDialog.g.i.cs" "C:\Users\giris\Documents\Code\Redesign-POS\Windows Based POS\Magidesk\obj\Debug\net8.0-windows10.0.19041.0\Views\Dialogs\CustomerSelectionDialog.g.cs" "C:\Users\giris\Documents\Code\Redesign-POS\Windows Based POS\Magidesk\obj\Debug\net8.0-windows10.0.19041.0\Views\Dialogs\GuestCountDialog.g.i.cs" "C:\Users\giris\Documents\Code\Redesign-POS\Windows Based POS\Magidesk\obj\Debug\net8.0-windows10.0.19041.0\Views\Dialogs\GuestCountDialog.g.cs" "C:\Users\giris\Documents\Code\Redesign-POS\Windows Based POS\Magidesk\obj\Debug\net8.0-windows10.0.19041.0\Views\Dialogs\ItemSearchDialog.g.i.cs" "C:\Users\giris\Documents\Code\Redesign-POS\Windows Based POS\Magidesk\obj\Debug\net8.0-windows10.0.19041.0\Views\Dialogs\ItemSearchDialog.g.cs" "C:\Users\giris\Documents\Code\Redesign-POS\Windows Based POS\Magidesk\obj\Debug\net8.0-windows10.0.19041.0\Views\Dialogs\MergeTicketsDialog.g.i.cs" "C:\Users\giris\Documents\Code\Redesign-POS\Windows Based POS\Magidesk\obj\Debug\net8.0-windows10.0.19041.0\Views\Dialogs\MergeTicketsDialog.g.cs" "C:\Users\giris\Documents\Code\Redesign-POS\Windows Based POS\Magidesk\obj\Debug\net8.0-windows10.0.19041.0\Views\Dialogs\MiscItemDialog.g.i.cs" "C:\Users\giris\Documents\Code\Redesign-POS\Windows Based POS\Magidesk\obj\Debug\net8.0-windows10.0.19041.0\Views\Dialogs\MiscItemDialog.g.cs" "C:\Users\giris\Documents\Code\Redesign-POS\Windows Based POS\Magidesk\obj\Debug\net8.0-windows10.0.19041.0\Views\Dialogs\ModifierSelectionDialog.g.i.cs" "C:\Users\giris\Documents\Code\Redesign-POS\Windows Based POS\Magidesk\obj\Debug\net8.0-windows10.0.19041.0\Views\Dialogs\ModifierSelectionDialog.g.cs" "C:\Users\giris\Documents\Code\Redesign-POS\Windows Based POS\Magidesk\obj\Debug\net8.0-windows10.0.19041.0\Views\Dialogs\NotesDialog.g.i.cs" "C:\Users\giris\Documents\Code\Redesign-POS\Windows Based POS\Magidesk\obj\Debug\net8.0-windows10.0.19041.0\Views\Dialogs\NotesDialog.g.cs" "C:\Users\giris\Documents\Code\Redesign-POS\Windows Based POS\Magidesk\obj\Debug\net8.0-windows10.0.19041.0\Views\Dialogs\PizzaModifierDialog.g.i.cs" "C:\Users\giris\Documents\Code\Redesign-POS\Windows Based POS\Magidesk\obj\Debug\net8.0-windows10.0.19041.0\Views\Dialogs\PizzaModifierDialog.g.cs" "C:\Users\giris\Documents\Code\Redesign-POS\Windows Based POS\Magidesk\obj\Debug\net8.0-windows10.0.19041.0\Views\Dialogs\PriceEntryDialog.g.i.cs" "C:\Users\giris\Documents\Code\Redesign-POS\Windows Based POS\Magidesk\obj\Debug\net8.0-windows10.0.19041.0\Views\Dialogs\PriceEntryDialog.g.cs" "C:\Users\giris\Documents\Code\Redesign-POS\Windows Based POS\Magidesk\obj\Debug\net8.0-windows10.0.19041.0\Views\Dialogs\QuantityDialog.g.i.cs" "C:\Users\giris\Documents\Code\Redesign-POS\Windows Based POS\Magidesk\obj\Debug\net8.0-windows10.0.19041.0\Views\Dialogs\QuantityDialog.g.cs" "C:\Users\giris\Documents\Code\Redesign-POS\Windows Based POS\Magidesk\obj\Debug\net8.0-windows10.0.19041.0\Views\Dialogs\SeatSelectionDialog.g.i.cs" "C:\Users\giris\Documents\Code\Redesign-POS\Windows Based POS\Magidesk\obj\Debug\net8.0-windows10.0.19041.0\Views\Dialogs\SeatSelectionDialog.g.cs" "C:\Users\giris\Documents\Code\Redesign-POS\Windows Based POS\Magidesk\obj\Debug\net8.0-windows10.0.19041.0\Views\Dialogs\ShiftEndDialog.g.i.cs" "C:\Users\giris\Documents\Code\Redesign-POS\Windows Based POS\Magidesk\obj\Debug\net8.0-windows10.0.19041.0\Views\Dialogs\ShiftEndDialog.g.cs" "C:\Users\giris\Documents\Code\Redesign-POS\Windows Based POS\Magidesk\obj\Debug\net8.0-windows10.0.19041.0\Views\Dialogs\ShiftStartDialog.g.i.cs" "C:\Users\giris\Documents\Code\Redesign-POS\Windows Based POS\Magidesk\obj\Debug\net8.0-windows10.0.19041.0\Views\Dialogs\ShiftStartDialog.g.cs" "C:\Users\giris\Documents\Code\Redesign-POS\Windows Based POS\Magidesk\obj\Debug\net8.0-windows10.0.19041.0\Views\Dialogs\SizeSelectionDialog.g.i.cs" "C:\Users\giris\Documents\Code\Redesign-POS\Windows Based POS\Magidesk\obj\Debug\net8.0-windows10.0.19041.0\Views\Dialogs\SizeSelectionDialog.g.cs" "C:\Users\giris\Documents\Code\Redesign-POS\Windows Based POS\Magidesk\obj\Debug\net8.0-windows10.0.19041.0\Views\Dialogs\TableSelectionDialog.g.i.cs" "C:\Users\giris\Documents\Code\Redesign-POS\Windows Based POS\Magidesk\obj\Debug\net8.0-windows10.0.19041.0\Views\Dialogs\TableSelectionDialog.g.cs" "C:\Users\giris\Documents\Code\Redesign-POS\Windows Based POS\Magidesk\obj\Debug\net8.0-windows10.0.19041.0\Views\Dialogs\TicketFeeDialog.g.i.cs" "C:\Users\giris\Documents\Code\Redesign-POS\Windows Based POS\Magidesk\obj\Debug\net8.0-windows10.0.19041.0\Views\Dialogs\TicketFeeDialog.g.cs" "C:\Users\giris\Documents\Code\Redesign-POS\Windows Based POS\Magidesk\obj\Debug\net8.0-windows10.0.19041.0\Views\DiscountTaxPage.g.i.cs" "C:\Users\giris\Documents\Code\Redesign-POS\Windows Based POS\Magidesk\obj\Debug\net8.0-windows10.0.19041.0\Views\DiscountTaxPage.g.cs" "C:\Users\giris\Documents\Code\Redesign-POS\Windows Based POS\Magidesk\obj\Debug\net8.0-windows10.0.19041.0\Views\DrawerPullReportDialog.g.i.cs" "C:\Users\giris\Documents\Code\Redesign-POS\Windows Based POS\Magidesk\obj\Debug\net8.0-windows10.0.19041.0\Views\DrawerPullReportDialog.g.cs" "C:\Users\giris\Documents\Code\Redesign-POS\Windows Based POS\Magidesk\obj\Debug\net8.0-windows10.0.19041.0\Views\GroupSettleTicketDialog.g.i.cs" "C:\Users\giris\Documents\Code\Redesign-POS\Windows Based POS\Magidesk\obj\Debug\net8.0-windows10.0.19041.0\Views\GroupSettleTicketDialog.g.cs" "C:\Users\giris\Documents\Code\Redesign-POS\Windows Based POS\Magidesk\obj\Debug\net8.0-windows10.0.19041.0\Views\GroupSettleTicketSelectionWindow.g.i.cs" "C:\Users\giris\Documents\Code\Redesign-POS\Windows Based POS\Magidesk\obj\Debug\net8.0-windows10.0.19041.0\Views\GroupSettleTicketSelectionWindow.g.cs" "C:\Users\giris\Documents\Code\Redesign-POS\Windows Based POS\Magidesk\obj\Debug\net8.0-windows10.0.19041.0\Views\InventoryPage.g.i.cs" "C:\Users\giris\Documents\Code\Redesign-POS\Windows Based POS\Magidesk\obj\Debug\net8.0-windows10.0.19041.0\Views\InventoryPage.g.cs" "C:\Users\giris\Documents\Code\Redesign-POS\Windows Based POS\Magidesk\obj\Debug\net8.0-windows10.0.19041.0\Views\KitchenDisplayPage.g.i.cs" "C:\Users\giris\Documents\Code\Redesign-POS\Windows Based POS\Magidesk\obj\Debug\net8.0-windows10.0.19041.0\Views\KitchenDisplayPage.g.cs" "C:\Users\giris\Documents\Code\Redesign-POS\Windows Based POS\Magidesk\obj\Debug\net8.0-windows10.0.19041.0\Views\LoginPage.g.i.cs" "C:\Users\giris\Documents\Code\Redesign-POS\Windows Based POS\Magidesk\obj\Debug\net8.0-windows10.0.19041.0\Views\LoginPage.g.cs" "C:\Users\giris\Documents\Code\Redesign-POS\Windows Based POS\Magidesk\obj\Debug\net8.0-windows10.0.19041.0\Views\MainPage.g.i.cs" "C:\Users\giris\Documents\Code\Redesign-POS\Windows Based POS\Magidesk\obj\Debug\net8.0-windows10.0.19041.0\Views\MainPage.g.cs" "C:\Users\giris\Documents\Code\Redesign-POS\Windows Based POS\Magidesk\obj\Debug\net8.0-windows10.0.19041.0\Views\ManagerFunctionsDialog.g.i.cs" "C:\Users\giris\Documents\Code\Redesign-POS\Windows Based POS\Magidesk\obj\Debug\net8.0-windows10.0.19041.0\Views\ManagerFunctionsDialog.g.cs" "C:\Users\giris\Documents\Code\Redesign-POS\Windows Based POS\Magidesk\obj\Debug\net8.0-windows10.0.19041.0\Views\MenuEditorPage.g.i.cs" "C:\Users\giris\Documents\Code\Redesign-POS\Windows Based POS\Magidesk\obj\Debug\net8.0-windows10.0.19041.0\Views\MenuEditorPage.g.cs" "C:\Users\giris\Documents\Code\Redesign-POS\Windows Based POS\Magidesk\obj\Debug\net8.0-windows10.0.19041.0\Views\ModifierEditorPage.g.i.cs" "C:\Users\giris\Documents\Code\Redesign-POS\Windows Based POS\Magidesk\obj\Debug\net8.0-windows10.0.19041.0\Views\ModifierEditorPage.g.cs" "C:\Users\giris\Documents\Code\Redesign-POS\Windows Based POS\Magidesk\obj\Debug\net8.0-windows10.0.19041.0\Views\ModifierSelectionDialog.g.i.cs" "C:\Users\giris\Documents\Code\Redesign-POS\Windows Based POS\Magidesk\obj\Debug\net8.0-windows10.0.19041.0\Views\ModifierSelectionDialog.g.cs" "C:\Users\giris\Documents\Code\Redesign-POS\Windows Based POS\Magidesk\obj\Debug\net8.0-windows10.0.19041.0\Views\OpenTicketsListDialog.g.i.cs" "C:\Users\giris\Documents\Code\Redesign-POS\Windows Based POS\Magidesk\obj\Debug\net8.0-windows10.0.19041.0\Views\OpenTicketsListDialog.g.cs" "C:\Users\giris\Documents\Code\Redesign-POS\Windows Based POS\Magidesk\obj\Debug\net8.0-windows10.0.19041.0\Views\OrderEntryPage.g.i.cs" "C:\Users\giris\Documents\Code\Redesign-POS\Windows Based POS\Magidesk\obj\Debug\net8.0-windows10.0.19041.0\Views\OrderEntryPage.g.cs" "C:\Users\giris\Documents\Code\Redesign-POS\Windows Based POS\Magidesk\obj\Debug\net8.0-windows10.0.19041.0\Views\OrderTypeExplorerPage.g.i.cs" "C:\Users\giris\Documents\Code\Redesign-POS\Windows Based POS\Magidesk\obj\Debug\net8.0-windows10.0.19041.0\Views\OrderTypeExplorerPage.g.cs" "C:\Users\giris\Documents\Code\Redesign-POS\Windows Based POS\Magidesk\obj\Debug\net8.0-windows10.0.19041.0\Views\OrderTypeSelectionDialog.g.i.cs" "C:\Users\giris\Documents\Code\Redesign-POS\Windows Based POS\Magidesk\obj\Debug\net8.0-windows10.0.19041.0\Views\OrderTypeSelectionDialog.g.cs" "C:\Users\giris\Documents\Code\Redesign-POS\Windows Based POS\Magidesk\obj\Debug\net8.0-windows10.0.19041.0\Views\PasswordEntryDialog.g.i.cs" "C:\Users\giris\Documents\Code\Redesign-POS\Windows Based POS\Magidesk\obj\Debug\net8.0-windows10.0.19041.0\Views\PasswordEntryDialog.g.cs" "C:\Users\giris\Documents\Code\Redesign-POS\Windows Based POS\Magidesk\obj\Debug\net8.0-windows10.0.19041.0\Views\PaymentPage.g.i.cs" "C:\Users\giris\Documents\Code\Redesign-POS\Windows Based POS\Magidesk\obj\Debug\net8.0-windows10.0.19041.0\Views\PaymentPage.g.cs" "C:\Users\giris\Documents\Code\Redesign-POS\Windows Based POS\Magidesk\obj\Debug\net8.0-windows10.0.19041.0\Views\PaymentProcessWaitDialog.g.i.cs" "C:\Users\giris\Documents\Code\Redesign-POS\Windows Based POS\Magidesk\obj\Debug\net8.0-windows10.0.19041.0\Views\PaymentProcessWaitDialog.g.cs" "C:\Users\giris\Documents\Code\Redesign-POS\Windows Based POS\Magidesk\obj\Debug\net8.0-windows10.0.19041.0\Views\PrintPage.g.i.cs" "C:\Users\giris\Documents\Code\Redesign-POS\Windows Based POS\Magidesk\obj\Debug\net8.0-windows10.0.19041.0\Views\PrintPage.g.cs" "C:\Users\giris\Documents\Code\Redesign-POS\Windows Based POS\Magidesk\obj\Debug\net8.0-windows10.0.19041.0\Views\PurchaseOrdersPage.g.i.cs" "C:\Users\giris\Documents\Code\Redesign-POS\Windows Based POS\Magidesk\obj\Debug\net8.0-windows10.0.19041.0\Views\PurchaseOrdersPage.g.cs" "C:\Users\giris\Documents\Code\Redesign-POS\Windows Based POS\Magidesk\obj\Debug\net8.0-windows10.0.19041.0\Views\RoleManagementPage.g.i.cs" "C:\Users\giris\Documents\Code\Redesign-POS\Windows Based POS\Magidesk\obj\Debug\net8.0-windows10.0.19041.0\Views\RoleManagementPage.g.cs" "C:\Users\giris\Documents\Code\Redesign-POS\Windows Based POS\Magidesk\obj\Debug\net8.0-windows10.0.19041.0\Views\SalesReportsPage.g.i.cs" "C:\Users\giris\Documents\Code\Redesign-POS\Windows Based POS\Magidesk\obj\Debug\net8.0-windows10.0.19041.0\Views\SalesReportsPage.g.cs" "C:\Users\giris\Documents\Code\Redesign-POS\Windows Based POS\Magidesk\obj\Debug\net8.0-windows10.0.19041.0\Views\SettingsPage.g.i.cs" "C:\Users\giris\Documents\Code\Redesign-POS\Windows Based POS\Magidesk\obj\Debug\net8.0-windows10.0.19041.0\Views\SettingsPage.g.cs" "C:\Users\giris\Documents\Code\Redesign-POS\Windows Based POS\Magidesk\obj\Debug\net8.0-windows10.0.19041.0\Views\SettlePage.g.i.cs" "C:\Users\giris\Documents\Code\Redesign-POS\Windows Based POS\Magidesk\obj\Debug\net8.0-windows10.0.19041.0\Views\SettlePage.g.cs" "C:\Users\giris\Documents\Code\Redesign-POS\Windows Based POS\Magidesk\obj\Debug\net8.0-windows10.0.19041.0\Views\ShiftExplorerPage.g.i.cs" "C:\Users\giris\Documents\Code\Redesign-POS\Windows Based POS\Magidesk\obj\Debug\net8.0-windows10.0.19041.0\Views\ShiftExplorerPage.g.cs" "C:\Users\giris\Documents\Code\Redesign-POS\Windows Based POS\Magidesk\obj\Debug\net8.0-windows10.0.19041.0\Views\SplitTicketDialog.g.i.cs" "C:\Users\giris\Documents\Code\Redesign-POS\Windows Based POS\Magidesk\obj\Debug\net8.0-windows10.0.19041.0\Views\SplitTicketDialog.g.cs" "C:\Users\giris\Documents\Code\Redesign-POS\Windows Based POS\Magidesk\obj\Debug\net8.0-windows10.0.19041.0\Views\SwipeCardDialog.g.i.cs" "C:\Users\giris\Documents\Code\Redesign-POS\Windows Based POS\Magidesk\obj\Debug\net8.0-windows10.0.19041.0\Views\SwipeCardDialog.g.cs" "C:\Users\giris\Documents\Code\Redesign-POS\Windows Based POS\Magidesk\obj\Debug\net8.0-windows10.0.19041.0\Views\SwitchboardPage.g.i.cs" "C:\Users\giris\Documents\Code\Redesign-POS\Windows Based POS\Magidesk\obj\Debug\net8.0-windows10.0.19041.0\Views\SwitchboardPage.g.cs" "C:\Users\giris\Documents\Code\Redesign-POS\Windows Based POS\Magidesk\obj\Debug\net8.0-windows10.0.19041.0\Views\SystemConfigPage.g.i.cs" "C:\Users\giris\Documents\Code\Redesign-POS\Windows Based POS\Magidesk\obj\Debug\net8.0-windows10.0.19041.0\Views\SystemConfigPage.g.cs" "C:\Users\giris\Documents\Code\Redesign-POS\Windows Based POS\Magidesk\obj\Debug\net8.0-windows10.0.19041.0\Views\TableExplorerPage.g.i.cs" "C:\Users\giris\Documents\Code\Redesign-POS\Windows Based POS\Magidesk\obj\Debug\net8.0-windows10.0.19041.0\Views\TableExplorerPage.g.cs" "C:\Users\giris\Documents\Code\Redesign-POS\Windows Based POS\Magidesk\obj\Debug\net8.0-windows10.0.19041.0\Views\TableMapPage.g.i.cs" "C:\Users\giris\Documents\Code\Redesign-POS\Windows Based POS\Magidesk\obj\Debug\net8.0-windows10.0.19041.0\Views\TableMapPage.g.cs" "C:\Users\giris\Documents\Code\Redesign-POS\Windows Based POS\Magidesk\obj\Debug\net8.0-windows10.0.19041.0\Views\TicketManagementPage.g.i.cs" "C:\Users\giris\Documents\Code\Redesign-POS\Windows Based POS\Magidesk\obj\Debug\net8.0-windows10.0.19041.0\Views\TicketManagementPage.g.cs" "C:\Users\giris\Documents\Code\Redesign-POS\Windows Based POS\Magidesk\obj\Debug\net8.0-windows10.0.19041.0\Views\TicketPage.g.i.cs" "C:\Users\giris\Documents\Code\Redesign-POS\Windows Based POS\Magidesk\obj\Debug\net8.0-windows10.0.19041.0\Views\TicketPage.g.cs" "C:\Users\giris\Documents\Code\Redesign-POS\Windows Based POS\Magidesk\obj\Debug\net8.0-windows10.0.19041.0\Views\UserManagementPage.g.i.cs" "C:\Users\giris\Documents\Code\Redesign-POS\Windows Based POS\Magidesk\obj\Debug\net8.0-windows10.0.19041.0\Views\UserManagementPage.g.cs" "C:\Users\giris\Documents\Code\Redesign-POS\Windows Based POS\Magidesk\obj\Debug\net8.0-windows10.0.19041.0\Views\VendorsPage.g.i.cs" "C:\Users\giris\Documents\Code\Redesign-POS\Windows Based POS\Magidesk\obj\Debug\net8.0-windows10.0.19041.0\Views\VendorsPage.g.cs" "C:\Users\giris\Documents\Code\Redesign-POS\Windows Based POS\Magidesk\obj\Debug\net8.0-windows10.0.19041.0\Views\VoidTicketDialog.g.i.cs" "C:\Users\giris\Documents\Code\Redesign-POS\Windows Based POS\Magidesk\obj\Debug\net8.0-windows10.0.19041.0\Views\VoidTicketDialog.g.cs" "C:\Users\giris\Documents\Code\Redesign-POS\Windows Based POS\Magidesk\obj\Debug\net8.0-windows10.0.19041.0\XamlTypeInfo.g.cs" /warnaserror+:NU1605,SYSLIB0011'
         Attempt to open named pipe 'iZPrZX062F8Jmf4UXde7NzNLzdXKjKJTpBYhyUS2WQA'
         Attempt to connect named pipe 'iZPrZX062F8Jmf4UXde7NzNLzdXKjKJTpBYhyUS2WQA'
         Named pipe 'iZPrZX062F8Jmf4UXde7NzNLzdXKjKJTpBYhyUS2WQA' connected
         Begin writing request for Magidesk.Presentation (net8.0-windows10.0.19041.0)
         End writing request for Magidesk.Presentation (net8.0-windows10.0.19041.0)
         Begin reading response for Magidesk.Presentation (net8.0-windows10.0.19041.0)
         End reading response for Magidesk.Presentation (net8.0-windows10.0.19041.0)
         Microsoft (R) Visual C# Compiler version 5.0.0-2.25569.105 (fad253f5)
         Copyright (C) Microsoft Corporation. All rights reserved.
   1:7>C:\Users\giris\Documents\Code\Redesign-POS\Windows Based POS\Magidesk\ViewModels\TableMapViewModel.cs(258,9): error CS1519: Invalid token 'if' in a member declaration [C:\Users\giris\Documents\Code\Redesign-POS\Windows Based POS\Magidesk\Magidesk.Presentation.csproj]
   1:7>C:\Users\giris\Documents\Code\Redesign-POS\Windows Based POS\Magidesk\ViewModels\TableMapViewModel.cs(258,30): error CS8124: Tuple must contain at least two elements. [C:\Users\giris\Documents\Code\Redesign-POS\Windows Based POS\Magidesk\Magidesk.Presentation.csproj]
   1:7>C:\Users\giris\Documents\Code\Redesign-POS\Windows Based POS\Magidesk\ViewModels\TableMapViewModel.cs(259,9): error CS1519: Invalid token '{' in a member declaration [C:\Users\giris\Documents\Code\Redesign-POS\Windows Based POS\Magidesk\Magidesk.Presentation.csproj]
   1:7>C:\Users\giris\Documents\Code\Redesign-POS\Windows Based POS\Magidesk\ViewModels\TableMapViewModel.cs(261,27): error CS1519: Invalid token '=' in a member declaration [C:\Users\giris\Documents\Code\Redesign-POS\Windows Based POS\Magidesk\Magidesk.Presentation.csproj]
   1:7>C:\Users\giris\Documents\Code\Redesign-POS\Windows Based POS\Magidesk\ViewModels\TableMapViewModel.cs(261,47): error CS1003: Syntax error, ',' expected [C:\Users\giris\Documents\Code\Redesign-POS\Windows Based POS\Magidesk\Magidesk.Presentation.csproj]
   1:7>C:\Users\giris\Documents\Code\Redesign-POS\Windows Based POS\Magidesk\ViewModels\TableMapViewModel.cs(261,50): error CS1003: Syntax error, ',' expected [C:\Users\giris\Documents\Code\Redesign-POS\Windows Based POS\Magidesk\Magidesk.Presentation.csproj]
   1:7>C:\Users\giris\Documents\Code\Redesign-POS\Windows Based POS\Magidesk\ViewModels\TableMapViewModel.cs(261,79): error CS1003: Syntax error, ',' expected [C:\Users\giris\Documents\Code\Redesign-POS\Windows Based POS\Magidesk\Magidesk.Presentation.csproj]
   1:7>C:\Users\giris\Documents\Code\Redesign-POS\Windows Based POS\Magidesk\ViewModels\TableMapViewModel.cs(261,80): error CS8124: Tuple must contain at least two elements. [C:\Users\giris\Documents\Code\Redesign-POS\Windows Based POS\Magidesk\Magidesk.Presentation.csproj]
   1:7>C:\Users\giris\Documents\Code\Redesign-POS\Windows Based POS\Magidesk\ViewModels\TableMapViewModel.cs(261,81): error CS1001: Identifier expected [C:\Users\giris\Documents\Code\Redesign-POS\Windows Based POS\Magidesk\Magidesk.Presentation.csproj]
   1:7>C:\Users\giris\Documents\Code\Redesign-POS\Windows Based POS\Magidesk\ViewModels\TableMapViewModel.cs(261,82): error CS1031: Type expected [C:\Users\giris\Documents\Code\Redesign-POS\Windows Based POS\Magidesk\Magidesk.Presentation.csproj]
   1:7>C:\Users\giris\Documents\Code\Redesign-POS\Windows Based POS\Magidesk\ViewModels\TableMapViewModel.cs(261,82): error CS1001: Identifier expected [C:\Users\giris\Documents\Code\Redesign-POS\Windows Based POS\Magidesk\Magidesk.Presentation.csproj]
   1:7>C:\Users\giris\Documents\Code\Redesign-POS\Windows Based POS\Magidesk\ViewModels\TableMapViewModel.cs(261,82): error CS1003: Syntax error, ',' expected [C:\Users\giris\Documents\Code\Redesign-POS\Windows Based POS\Magidesk\Magidesk.Presentation.csproj]
   1:7>C:\Users\giris\Documents\Code\Redesign-POS\Windows Based POS\Magidesk\ViewModels\TableMapViewModel.cs(262,69): error CS1001: Identifier expected [C:\Users\giris\Documents\Code\Redesign-POS\Windows Based POS\Magidesk\Magidesk.Presentation.csproj]
   1:7>C:\Users\giris\Documents\Code\Redesign-POS\Windows Based POS\Magidesk\ViewModels\TableMapViewModel.cs(262,69): error CS1003: Syntax error, ',' expected [C:\Users\giris\Documents\Code\Redesign-POS\Windows Based POS\Magidesk\Magidesk.Presentation.csproj]
   1:7>C:\Users\giris\Documents\Code\Redesign-POS\Windows Based POS\Magidesk\ViewModels\TableMapViewModel.cs(262,85): error CS8124: Tuple must contain at least two elements. [C:\Users\giris\Documents\Code\Redesign-POS\Windows Based POS\Magidesk\Magidesk.Presentation.csproj]
   1:7>C:\Users\giris\Documents\Code\Redesign-POS\Windows Based POS\Magidesk\ViewModels\TableMapViewModel.cs(262,86): error CS1001: Identifier expected [C:\Users\giris\Documents\Code\Redesign-POS\Windows Based POS\Magidesk\Magidesk.Presentation.csproj]
   1:7>C:\Users\giris\Documents\Code\Redesign-POS\Windows Based POS\Magidesk\ViewModels\TableMapViewModel.cs(262,113): error CS1001: Identifier expected [C:\Users\giris\Documents\Code\Redesign-POS\Windows Based POS\Magidesk\Magidesk.Presentation.csproj]
   1:7>C:\Users\giris\Documents\Code\Redesign-POS\Windows Based POS\Magidesk\ViewModels\TableMapViewModel.cs(262,113): error CS1003: Syntax error, ',' expected [C:\Users\giris\Documents\Code\Redesign-POS\Windows Based POS\Magidesk\Magidesk.Presentation.csproj]
   1:7>C:\Users\giris\Documents\Code\Redesign-POS\Windows Based POS\Magidesk\ViewModels\TableMapViewModel.cs(262,129): error CS8124: Tuple must contain at least two elements. [C:\Users\giris\Documents\Code\Redesign-POS\Windows Based POS\Magidesk\Magidesk.Presentation.csproj]
   1:7>C:\Users\giris\Documents\Code\Redesign-POS\Windows Based POS\Magidesk\ViewModels\TableMapViewModel.cs(262,130): error CS1001: Identifier expected [C:\Users\giris\Documents\Code\Redesign-POS\Windows Based POS\Magidesk\Magidesk.Presentation.csproj]
   1:7>C:\Users\giris\Documents\Code\Redesign-POS\Windows Based POS\Magidesk\ViewModels\TableMapViewModel.cs(264,5): error CS1022: Type or namespace definition, or end-of-file expected [C:\Users\giris\Documents\Code\Redesign-POS\Windows Based POS\Magidesk\Magidesk.Presentation.csproj]
   1:7>C:\Users\giris\Documents\Code\Redesign-POS\Windows Based POS\Magidesk\ViewModels\TableMapViewModel.cs(266,5): error CS8803: Top-level statements must precede namespace and type declarations. [C:\Users\giris\Documents\Code\Redesign-POS\Windows Based POS\Magidesk\Magidesk.Presentation.csproj]
   1:7>C:\Users\giris\Documents\Code\Redesign-POS\Windows Based POS\Magidesk\ViewModels\TableMapViewModel.cs(266,5): error CS0106: The modifier 'private' is not valid for this item [C:\Users\giris\Documents\Code\Redesign-POS\Windows Based POS\Magidesk\Magidesk.Presentation.csproj]
   1:7>C:\Users\giris\Documents\Code\Redesign-POS\Windows Based POS\Magidesk\ViewModels\TableMapViewModel.cs(271,5): error CS0106: The modifier 'private' is not valid for this item [C:\Users\giris\Documents\Code\Redesign-POS\Windows Based POS\Magidesk\Magidesk.Presentation.csproj]
   1:7>C:\Users\giris\Documents\Code\Redesign-POS\Windows Based POS\Magidesk\ViewModels\TableMapViewModel.cs(310,5): error CS0106: The modifier 'private' is not valid for this item [C:\Users\giris\Documents\Code\Redesign-POS\Windows Based POS\Magidesk\Magidesk.Presentation.csproj]
   1:7>C:\Users\giris\Documents\Code\Redesign-POS\Windows Based POS\Magidesk\ViewModels\TableMapViewModel.cs(316,5): error CS0106: The modifier 'private' is not valid for this item [C:\Users\giris\Documents\Code\Redesign-POS\Windows Based POS\Magidesk\Magidesk.Presentation.csproj]
   1:7>C:\Users\giris\Documents\Code\Redesign-POS\Windows Based POS\Magidesk\ViewModels\TableMapViewModel.cs(330,5): error CS0106: The modifier 'public' is not valid for this item [C:\Users\giris\Documents\Code\Redesign-POS\Windows Based POS\Magidesk\Magidesk.Presentation.csproj]
   1:7>C:\Users\giris\Documents\Code\Redesign-POS\Windows Based POS\Magidesk\ViewModels\TableMapViewModel.cs(336,1): error CS1022: Type or namespace definition, or end-of-file expected [C:\Users\giris\Documents\Code\Redesign-POS\Windows Based POS\Magidesk\Magidesk.Presentation.csproj]
         CompilerServer: server - server processed compilation - Magidesk.Presentation (net8.0-windows10.0.19041.0)
       Done executing task "Csc" -- FAILED.
   1:7>Done building target "XamlPreCompile" in project "Magidesk.Presentation.csproj" -- FAILED.
   1:7>Target "_OnXamlPreCompileError" in file "C:\Users\giris\.nuget\packages\microsoft.windowsappsdk.winui\1.8.251105000\buildTransitive\Microsoft.UI.Xaml.Markup.Compiler.interop.targets" from project "C:\Users\giris\Documents\Code\Redesign-POS\Windows Based POS\Magidesk\Magidesk.Presentation.csproj" (target "XamlPreCompile" depends on it):
       Task "InputSerializer"
       Done executing task "InputSerializer".
       Task "Exec"
         "C:\Users\giris\.nuget\packages\microsoft.windowsappsdk.winui\1.8.251105000\buildTransitive\..\tools\net6.0\..\net472\XamlCompiler.exe" "obj\Debug\net8.0-windows10.0.19041.0\\input.json" "obj\Debug\net8.0-windows10.0.19041.0\\output.json"
   1:7>C:\Users\giris\.nuget\packages\microsoft.windowsappsdk.winui\1.8.251105000\buildTransitive\Microsoft.UI.Xaml.Markup.Compiler.interop.targets(845,9): error MSB3073: The command ""C:\Users\giris\.nuget\packages\microsoft.windowsappsdk.winui\1.8.251105000\buildTransitive\..\tools\net6.0\..\net472\XamlCompiler.exe" "obj\Debug\net8.0-windows10.0.19041.0\\input.json" "obj\Debug\net8.0-windows10.0.19041.0\\output.json"" exited with code 1. [C:\Users\giris\Documents\Code\Redesign-POS\Windows Based POS\Magidesk\Magidesk.Presentation.csproj]
       Done executing task "Exec" -- FAILED.
   1:7>Done building target "_OnXamlPreCompileError" in project "Magidesk.Presentation.csproj" -- FAILED.
   1:7>Target "_CheckForCompileOutputs" in file "C:\Program Files\dotnet\sdk\10.0.101\Microsoft.Common.CurrentVersion.targets" from project "C:\Users\giris\Documents\Code\Redesign-POS\Windows Based POS\Magidesk\Magidesk.Presentation.csproj" (target "_CleanGetCurrentAndPriorFileWrites" depends on it):
   1:7>Done building target "_CheckForCompileOutputs" in project "Magidesk.Presentation.csproj".
   1:7>Target "_CleanGetCurrentAndPriorFileWrites" in file "C:\Program Files\dotnet\sdk\10.0.101\Microsoft.Common.CurrentVersion.targets" from project "C:\Users\giris\Documents\Code\Redesign-POS\Windows Based POS\Magidesk\Magidesk.Presentation.csproj" (target "_CleanRecordFileWrites" depends on it):
       Task "ReadLinesFromFile"
       Done executing task "ReadLinesFromFile".
       Task "ConvertToAbsolutePath"
       Done executing task "ConvertToAbsolutePath".
       Task "FindUnderPath"
         Comparison path is "C:\Users\giris\Documents\Code\Redesign-POS\Windows Based POS\Magidesk".
       Done executing task "FindUnderPath".
       Task "FindUnderPath"
         Comparison path is "bin\Debug\net8.0-windows10.0.19041.0\".
       Done executing task "FindUnderPath".
       Task "FindUnderPath"
         Comparison path is "obj\Debug\net8.0-windows10.0.19041.0\".
       Done executing task "FindUnderPath".
       Task "RemoveDuplicates"
       Done executing task "RemoveDuplicates".
   1:7>Done building target "_CleanGetCurrentAndPriorFileWrites" in project "Magidesk.Presentation.csproj".
   1:7>Target "_CleanRecordFileWrites" in file "C:\Program Files\dotnet\sdk\10.0.101\Microsoft.Common.CurrentVersion.targets" from project "C:\Users\giris\Documents\Code\Redesign-POS\Windows Based POS\Magidesk\Magidesk.Presentation.csproj" (target "CoreBuild" depends on it):
       Task "RemoveDuplicates"
       Done executing task "RemoveDuplicates".
       Task "MakeDir"
       Done executing task "MakeDir".
       Task "WriteLinesToFile"
         Skipping write to file "obj\Debug\net8.0-windows10.0.19041.0\Magidesk.Presentation.csproj.FileListAbsolute.txt" because content would not change.
       Done executing task "WriteLinesToFile".
   1:7>Done building target "_CleanRecordFileWrites" in project "Magidesk.Presentation.csproj".
   1:7>Done Building Project "C:\Users\giris\Documents\Code\Redesign-POS\Windows Based POS\Magidesk\Magidesk.Presentation.csproj" (default targets) -- FAILED.

Build FAILED.

       "C:\Users\giris\Documents\Code\Redesign-POS\Windows Based POS\Magidesk\Magidesk.Presentation.csproj" (default target) (1:7) ->
       (ResolveAssemblyReferences target) -> 
         C:\Program Files\dotnet\sdk\10.0.101\Microsoft.Common.CurrentVersion.targets(2437,5): warning MSB3277: Found conflicts between different versions of "System.Collections.Immutable" that could not be resolved. [C:\Users\giris\Documents\Code\Redesign-POS\Windows Based POS\Magidesk\Magidesk.Presentation.csproj]
       C:\Program Files\dotnet\sdk\10.0.101\Microsoft.Common.CurrentVersion.targets(2437,5): warning MSB3277: There was a conflict between "System.Collections.Immutable, Version=8.0.0.0, Culture=neutral, PublicKeyToken=b03f5f7f11d50a3a" and "System.Collections.Immutable, Version=10.0.0.0, Culture=neutral, PublicKeyToken=b03f5f7f11d50a3a". [C:\Users\giris\Documents\Code\Redesign-POS\Windows Based POS\Magidesk\Magidesk.Presentation.csproj]
       C:\Program Files\dotnet\sdk\10.0.101\Microsoft.Common.CurrentVersion.targets(2437,5): warning MSB3277:     "System.Collections.Immutable, Version=8.0.0.0, Culture=neutral, PublicKeyToken=b03f5f7f11d50a3a" was chosen because it was primary and "System.Collections.Immutable, Version=10.0.0.0, Culture=neutral, PublicKeyToken=b03f5f7f11d50a3a" was not. [C:\Users\giris\Documents\Code\Redesign-POS\Windows Based POS\Magidesk\Magidesk.Presentation.csproj]
       C:\Program Files\dotnet\sdk\10.0.101\Microsoft.Common.CurrentVersion.targets(2437,5): warning MSB3277:     References which depend on "System.Collections.Immutable, Version=8.0.0.0, Culture=neutral, PublicKeyToken=b03f5f7f11d50a3a" [C:\Program Files\dotnet\packs\Microsoft.NETCore.App.Ref\8.0.22\ref\net8.0\System.Collections.Immutable.dll]. [C:\Users\giris\Documents\Code\Redesign-POS\Windows Based POS\Magidesk\Magidesk.Presentation.csproj]
       C:\Program Files\dotnet\sdk\10.0.101\Microsoft.Common.CurrentVersion.targets(2437,5): warning MSB3277:         C:\Program Files\dotnet\packs\Microsoft.NETCore.App.Ref\8.0.22\ref\net8.0\System.Collections.Immutable.dll [C:\Users\giris\Documents\Code\Redesign-POS\Windows Based POS\Magidesk\Magidesk.Presentation.csproj]
       C:\Program Files\dotnet\sdk\10.0.101\Microsoft.Common.CurrentVersion.targets(2437,5): warning MSB3277:           Project file item includes which caused reference "C:\Program Files\dotnet\packs\Microsoft.NETCore.App.Ref\8.0.22\ref\net8.0\System.Collections.Immutable.dll". [C:\Users\giris\Documents\Code\Redesign-POS\Windows Based POS\Magidesk\Magidesk.Presentation.csproj]
       C:\Program Files\dotnet\sdk\10.0.101\Microsoft.Common.CurrentVersion.targets(2437,5): warning MSB3277:             C:\Program Files\dotnet\packs\Microsoft.NETCore.App.Ref\8.0.22\ref/net8.0/System.Collections.Immutable.dll [C:\Users\giris\Documents\Code\Redesign-POS\Windows Based POS\Magidesk\Magidesk.Presentation.csproj]
       C:\Program Files\dotnet\sdk\10.0.101\Microsoft.Common.CurrentVersion.targets(2437,5): warning MSB3277:     References which depend on or have been unified to "System.Collections.Immutable, Version=10.0.0.0, Culture=neutral, PublicKeyToken=b03f5f7f11d50a3a" []. [C:\Users\giris\Documents\Code\Redesign-POS\Windows Based POS\Magidesk\Magidesk.Presentation.csproj]
       C:\Program Files\dotnet\sdk\10.0.101\Microsoft.Common.CurrentVersion.targets(2437,5): warning MSB3277:         C:\Users\giris\.nuget\packages\microsoft.entityframeworkcore\8.0.0\lib\net8.0\Microsoft.EntityFrameworkCore.dll [C:\Users\giris\Documents\Code\Redesign-POS\Windows Based POS\Magidesk\Magidesk.Presentation.csproj]
       C:\Program Files\dotnet\sdk\10.0.101\Microsoft.Common.CurrentVersion.targets(2437,5): warning MSB3277:           Project file item includes which caused reference "C:\Users\giris\.nuget\packages\microsoft.entityframeworkcore\8.0.0\lib\net8.0\Microsoft.EntityFrameworkCore.dll". [C:\Users\giris\Documents\Code\Redesign-POS\Windows Based POS\Magidesk\Magidesk.Presentation.csproj]
       C:\Program Files\dotnet\sdk\10.0.101\Microsoft.Common.CurrentVersion.targets(2437,5): warning MSB3277:             C:\Users\giris\.nuget\packages\microsoft.entityframeworkcore\8.0.0\lib\net8.0\Microsoft.EntityFrameworkCore.dll [C:\Users\giris\Documents\Code\Redesign-POS\Windows Based POS\Magidesk\Magidesk.Presentation.csproj]
       C:\Program Files\dotnet\sdk\10.0.101\Microsoft.Common.CurrentVersion.targets(2437,5): warning MSB3277:             C:\Users\giris\Documents\Code\Redesign-POS\Windows Based POS\Magidesk\Magidesk.Infrastructure\bin\Debug\net8.0\Magidesk.Infrastructure.dll [C:\Users\giris\Documents\Code\Redesign-POS\Windows Based POS\Magidesk\Magidesk.Presentation.csproj]
       C:\Program Files\dotnet\sdk\10.0.101\Microsoft.Common.CurrentVersion.targets(2437,5): warning MSB3277:             C:\Users\giris\.nuget\packages\microsoft.entityframeworkcore.relational\8.0.0\lib\net8.0\Microsoft.EntityFrameworkCore.Relational.dll [C:\Users\giris\Documents\Code\Redesign-POS\Windows Based POS\Magidesk\Magidesk.Presentation.csproj]
       C:\Program Files\dotnet\sdk\10.0.101\Microsoft.Common.CurrentVersion.targets(2437,5): warning MSB3277:             C:\Users\giris\.nuget\packages\npgsql.entityframeworkcore.postgresql\8.0.0\lib\net8.0\Npgsql.EntityFrameworkCore.PostgreSQL.dll [C:\Users\giris\Documents\Code\Redesign-POS\Windows Based POS\Magidesk\Magidesk.Presentation.csproj]
       C:\Program Files\dotnet\sdk\10.0.101\Microsoft.Common.CurrentVersion.targets(2437,5): warning MSB3277:         C:\Users\giris\.nuget\packages\microsoft.entityframeworkcore.relational\8.0.0\lib\net8.0\Microsoft.EntityFrameworkCore.Relational.dll [C:\Users\giris\Documents\Code\Redesign-POS\Windows Based POS\Magidesk\Magidesk.Presentation.csproj]
       C:\Program Files\dotnet\sdk\10.0.101\Microsoft.Common.CurrentVersion.targets(2437,5): warning MSB3277:           Project file item includes which caused reference "C:\Users\giris\.nuget\packages\microsoft.entityframeworkcore.relational\8.0.0\lib\net8.0\Microsoft.EntityFrameworkCore.Relational.dll". [C:\Users\giris\Documents\Code\Redesign-POS\Windows Based POS\Magidesk\Magidesk.Presentation.csproj]
       C:\Program Files\dotnet\sdk\10.0.101\Microsoft.Common.CurrentVersion.targets(2437,5): warning MSB3277:             C:\Users\giris\.nuget\packages\microsoft.entityframeworkcore.relational\8.0.0\lib\net8.0\Microsoft.EntityFrameworkCore.Relational.dll [C:\Users\giris\Documents\Code\Redesign-POS\Windows Based POS\Magidesk\Magidesk.Presentation.csproj]
       C:\Program Files\dotnet\sdk\10.0.101\Microsoft.Common.CurrentVersion.targets(2437,5): warning MSB3277:             C:\Users\giris\Documents\Code\Redesign-POS\Windows Based POS\Magidesk\Magidesk.Infrastructure\bin\Debug\net8.0\Magidesk.Infrastructure.dll [C:\Users\giris\Documents\Code\Redesign-POS\Windows Based POS\Magidesk\Magidesk.Presentation.csproj]
       C:\Program Files\dotnet\sdk\10.0.101\Microsoft.Common.CurrentVersion.targets(2437,5): warning MSB3277:             C:\Users\giris\.nuget\packages\npgsql.entityframeworkcore.postgresql\8.0.0\lib\net8.0\Npgsql.EntityFrameworkCore.PostgreSQL.dll [C:\Users\giris\Documents\Code\Redesign-POS\Windows Based POS\Magidesk\Magidesk.Presentation.csproj]
       C:\Program Files\dotnet\sdk\10.0.101\Microsoft.Common.CurrentVersion.targets(2437,5): warning MSB3277:         C:\Users\giris\.nuget\packages\npgsql\8.0.0\lib\net8.0\Npgsql.dll [C:\Users\giris\Documents\Code\Redesign-POS\Windows Based POS\Magidesk\Magidesk.Presentation.csproj]
       C:\Program Files\dotnet\sdk\10.0.101\Microsoft.Common.CurrentVersion.targets(2437,5): warning MSB3277:           Project file item includes which caused reference "C:\Users\giris\.nuget\packages\npgsql\8.0.0\lib\net8.0\Npgsql.dll". [C:\Users\giris\Documents\Code\Redesign-POS\Windows Based POS\Magidesk\Magidesk.Presentation.csproj]
       C:\Program Files\dotnet\sdk\10.0.101\Microsoft.Common.CurrentVersion.targets(2437,5): warning MSB3277:             C:\Users\giris\.nuget\packages\npgsql\8.0.0\lib\net8.0\Npgsql.dll [C:\Users\giris\Documents\Code\Redesign-POS\Windows Based POS\Magidesk\Magidesk.Presentation.csproj]
       C:\Program Files\dotnet\sdk\10.0.101\Microsoft.Common.CurrentVersion.targets(2437,5): warning MSB3277:             C:\Users\giris\.nuget\packages\npgsql.entityframeworkcore.postgresql\8.0.0\lib\net8.0\Npgsql.EntityFrameworkCore.PostgreSQL.dll [C:\Users\giris\Documents\Code\Redesign-POS\Windows Based POS\Magidesk\Magidesk.Presentation.csproj]
       C:\Program Files\dotnet\sdk\10.0.101\Microsoft.Common.CurrentVersion.targets(2437,5): warning MSB3277:             C:\Users\giris\Documents\Code\Redesign-POS\Windows Based POS\Magidesk\Magidesk.Infrastructure\bin\Debug\net8.0\Magidesk.Infrastructure.dll [C:\Users\giris\Documents\Code\Redesign-POS\Windows Based POS\Magidesk\Magidesk.Presentation.csproj]
       C:\Program Files\dotnet\sdk\10.0.101\Microsoft.Common.CurrentVersion.targets(2437,5): warning MSB3277:         C:\Users\giris\.nuget\packages\npgsql.entityframeworkcore.postgresql\8.0.0\lib\net8.0\Npgsql.EntityFrameworkCore.PostgreSQL.dll [C:\Users\giris\Documents\Code\Redesign-POS\Windows Based POS\Magidesk\Magidesk.Presentation.csproj]
       C:\Program Files\dotnet\sdk\10.0.101\Microsoft.Common.CurrentVersion.targets(2437,5): warning MSB3277:           Project file item includes which caused reference "C:\Users\giris\.nuget\packages\npgsql.entityframeworkcore.postgresql\8.0.0\lib\net8.0\Npgsql.EntityFrameworkCore.PostgreSQL.dll". [C:\Users\giris\Documents\Code\Redesign-POS\Windows Based POS\Magidesk\Magidesk.Presentation.csproj]
       C:\Program Files\dotnet\sdk\10.0.101\Microsoft.Common.CurrentVersion.targets(2437,5): warning MSB3277:             C:\Users\giris\.nuget\packages\npgsql.entityframeworkcore.postgresql\8.0.0\lib\net8.0\Npgsql.EntityFrameworkCore.PostgreSQL.dll [C:\Users\giris\Documents\Code\Redesign-POS\Windows Based POS\Magidesk\Magidesk.Presentation.csproj]
       C:\Program Files\dotnet\sdk\10.0.101\Microsoft.Common.CurrentVersion.targets(2437,5): warning MSB3277:             C:\Users\giris\Documents\Code\Redesign-POS\Windows Based POS\Magidesk\Magidesk.Infrastructure\bin\Debug\net8.0\Magidesk.Infrastructure.dll [C:\Users\giris\Documents\Code\Redesign-POS\Windows Based POS\Magidesk\Magidesk.Presentation.csproj]
       C:\Program Files\dotnet\sdk\10.0.101\Microsoft.Common.CurrentVersion.targets(2437,5): warning MSB3277:         C:\Users\giris\.nuget\packages\system.drawing.common\10.0.1\lib\net8.0\System.Private.Windows.Core.dll [C:\Users\giris\Documents\Code\Redesign-POS\Windows Based POS\Magidesk\Magidesk.Presentation.csproj]
       C:\Program Files\dotnet\sdk\10.0.101\Microsoft.Common.CurrentVersion.targets(2437,5): warning MSB3277:           Project file item includes which caused reference "C:\Users\giris\.nuget\packages\system.drawing.common\10.0.1\lib\net8.0\System.Private.Windows.Core.dll". [C:\Users\giris\Documents\Code\Redesign-POS\Windows Based POS\Magidesk\Magidesk.Presentation.csproj]
       C:\Program Files\dotnet\sdk\10.0.101\Microsoft.Common.CurrentVersion.targets(2437,5): warning MSB3277:             C:\Users\giris\.nuget\packages\system.drawing.common\10.0.1\lib\net8.0\System.Private.Windows.Core.dll [C:\Users\giris\Documents\Code\Redesign-POS\Windows Based POS\Magidesk\Magidesk.Presentation.csproj]
       C:\Program Files\dotnet\sdk\10.0.101\Microsoft.Common.CurrentVersion.targets(2437,5): warning MSB3277:             C:\Users\giris\.nuget\packages\system.drawing.common\10.0.1\lib\net8.0\System.Drawing.Common.dll [C:\Users\giris\Documents\Code\Redesign-POS\Windows Based POS\Magidesk\Magidesk.Presentation.csproj]
       C:\Program Files\dotnet\sdk\10.0.101\Microsoft.Common.CurrentVersion.targets(2437,5): warning MSB3277:             C:\Users\giris\Documents\Code\Redesign-POS\Windows Based POS\Magidesk\Magidesk.Infrastructure\bin\Debug\net8.0\Magidesk.Infrastructure.dll [C:\Users\giris\Documents\Code\Redesign-POS\Windows Based POS\Magidesk\Magidesk.Presentation.csproj]
       C:\Program Files\dotnet\sdk\10.0.101\Microsoft.Common.CurrentVersion.targets(2437,5): warning MSB3277:             C:\Users\giris\.nuget\packages\system.drawing.common\10.0.1\lib\net8.0\System.Private.Windows.GdiPlus.dll [C:\Users\giris\Documents\Code\Redesign-POS\Windows Based POS\Magidesk\Magidesk.Presentation.csproj]
         C:\Program Files\dotnet\sdk\10.0.101\Microsoft.Common.CurrentVersion.targets(2437,5): warning MSB3277: Found conflicts between different versions of "System.Reflection.Metadata" that could not be resolved. [C:\Users\giris\Documents\Code\Redesign-POS\Windows Based POS\Magidesk\Magidesk.Presentation.csproj]
       C:\Program Files\dotnet\sdk\10.0.101\Microsoft.Common.CurrentVersion.targets(2437,5): warning MSB3277: There was a conflict between "System.Reflection.Metadata, Version=8.0.0.0, Culture=neutral, PublicKeyToken=b03f5f7f11d50a3a" and "System.Reflection.Metadata, Version=10.0.0.0, Culture=neutral, PublicKeyToken=b03f5f7f11d50a3a". [C:\Users\giris\Documents\Code\Redesign-POS\Windows Based POS\Magidesk\Magidesk.Presentation.csproj]
       C:\Program Files\dotnet\sdk\10.0.101\Microsoft.Common.CurrentVersion.targets(2437,5): warning MSB3277:     "System.Reflection.Metadata, Version=8.0.0.0, Culture=neutral, PublicKeyToken=b03f5f7f11d50a3a" was chosen because it was primary and "System.Reflection.Metadata, Version=10.0.0.0, Culture=neutral, PublicKeyToken=b03f5f7f11d50a3a" was not. [C:\Users\giris\Documents\Code\Redesign-POS\Windows Based POS\Magidesk\Magidesk.Presentation.csproj]
       C:\Program Files\dotnet\sdk\10.0.101\Microsoft.Common.CurrentVersion.targets(2437,5): warning MSB3277:     References which depend on "System.Reflection.Metadata, Version=8.0.0.0, Culture=neutral, PublicKeyToken=b03f5f7f11d50a3a" [C:\Program Files\dotnet\packs\Microsoft.NETCore.App.Ref\8.0.22\ref\net8.0\System.Reflection.Metadata.dll]. [C:\Users\giris\Documents\Code\Redesign-POS\Windows Based POS\Magidesk\Magidesk.Presentation.csproj]
       C:\Program Files\dotnet\sdk\10.0.101\Microsoft.Common.CurrentVersion.targets(2437,5): warning MSB3277:         C:\Program Files\dotnet\packs\Microsoft.NETCore.App.Ref\8.0.22\ref\net8.0\System.Reflection.Metadata.dll [C:\Users\giris\Documents\Code\Redesign-POS\Windows Based POS\Magidesk\Magidesk.Presentation.csproj]
       C:\Program Files\dotnet\sdk\10.0.101\Microsoft.Common.CurrentVersion.targets(2437,5): warning MSB3277:           Project file item includes which caused reference "C:\Program Files\dotnet\packs\Microsoft.NETCore.App.Ref\8.0.22\ref\net8.0\System.Reflection.Metadata.dll". [C:\Users\giris\Documents\Code\Redesign-POS\Windows Based POS\Magidesk\Magidesk.Presentation.csproj]
       C:\Program Files\dotnet\sdk\10.0.101\Microsoft.Common.CurrentVersion.targets(2437,5): warning MSB3277:             C:\Program Files\dotnet\packs\Microsoft.NETCore.App.Ref\8.0.22\ref/net8.0/System.Reflection.Metadata.dll [C:\Users\giris\Documents\Code\Redesign-POS\Windows Based POS\Magidesk\Magidesk.Presentation.csproj]
       C:\Program Files\dotnet\sdk\10.0.101\Microsoft.Common.CurrentVersion.targets(2437,5): warning MSB3277:     References which depend on or have been unified to "System.Reflection.Metadata, Version=10.0.0.0, Culture=neutral, PublicKeyToken=b03f5f7f11d50a3a" []. [C:\Users\giris\Documents\Code\Redesign-POS\Windows Based POS\Magidesk\Magidesk.Presentation.csproj]
       C:\Program Files\dotnet\sdk\10.0.101\Microsoft.Common.CurrentVersion.targets(2437,5): warning MSB3277:         C:\Users\giris\.nuget\packages\system.drawing.common\10.0.1\lib\net8.0\System.Private.Windows.Core.dll [C:\Users\giris\Documents\Code\Redesign-POS\Windows Based POS\Magidesk\Magidesk.Presentation.csproj]
       C:\Program Files\dotnet\sdk\10.0.101\Microsoft.Common.CurrentVersion.targets(2437,5): warning MSB3277:           Project file item includes which caused reference "C:\Users\giris\.nuget\packages\system.drawing.common\10.0.1\lib\net8.0\System.Private.Windows.Core.dll". [C:\Users\giris\Documents\Code\Redesign-POS\Windows Based POS\Magidesk\Magidesk.Presentation.csproj]
       C:\Program Files\dotnet\sdk\10.0.101\Microsoft.Common.CurrentVersion.targets(2437,5): warning MSB3277:             C:\Users\giris\.nuget\packages\system.drawing.common\10.0.1\lib\net8.0\System.Private.Windows.Core.dll [C:\Users\giris\Documents\Code\Redesign-POS\Windows Based POS\Magidesk\Magidesk.Presentation.csproj]
       C:\Program Files\dotnet\sdk\10.0.101\Microsoft.Common.CurrentVersion.targets(2437,5): warning MSB3277:             C:\Users\giris\.nuget\packages\system.drawing.common\10.0.1\lib\net8.0\System.Drawing.Common.dll [C:\Users\giris\Documents\Code\Redesign-POS\Windows Based POS\Magidesk\Magidesk.Presentation.csproj]
       C:\Program Files\dotnet\sdk\10.0.101\Microsoft.Common.CurrentVersion.targets(2437,5): warning MSB3277:             C:\Users\giris\Documents\Code\Redesign-POS\Windows Based POS\Magidesk\Magidesk.Infrastructure\bin\Debug\net8.0\Magidesk.Infrastructure.dll [C:\Users\giris\Documents\Code\Redesign-POS\Windows Based POS\Magidesk\Magidesk.Presentation.csproj]
       C:\Program Files\dotnet\sdk\10.0.101\Microsoft.Common.CurrentVersion.targets(2437,5): warning MSB3277:             C:\Users\giris\.nuget\packages\system.drawing.common\10.0.1\lib\net8.0\System.Private.Windows.GdiPlus.dll [C:\Users\giris\Documents\Code\Redesign-POS\Windows Based POS\Magidesk\Magidesk.Presentation.csproj]


       "C:\Users\giris\Documents\Code\Redesign-POS\Windows Based POS\Magidesk\Magidesk.Presentation.csproj" (default target) (1:7) ->
       (XamlPreCompile target) -> 
         C:\Users\giris\Documents\Code\Redesign-POS\Windows Based POS\Magidesk\ViewModels\TableMapViewModel.cs(258,9): error CS1519: Invalid token 'if' in a member declaration [C:\Users\giris\Documents\Code\Redesign-POS\Windows Based POS\Magidesk\Magidesk.Presentation.csproj]
         C:\Users\giris\Documents\Code\Redesign-POS\Windows Based POS\Magidesk\ViewModels\TableMapViewModel.cs(258,30): error CS8124: Tuple must contain at least two elements. [C:\Users\giris\Documents\Code\Redesign-POS\Windows Based POS\Magidesk\Magidesk.Presentation.csproj]
         C:\Users\giris\Documents\Code\Redesign-POS\Windows Based POS\Magidesk\ViewModels\TableMapViewModel.cs(259,9): error CS1519: Invalid token '{' in a member declaration [C:\Users\giris\Documents\Code\Redesign-POS\Windows Based POS\Magidesk\Magidesk.Presentation.csproj]
         C:\Users\giris\Documents\Code\Redesign-POS\Windows Based POS\Magidesk\ViewModels\TableMapViewModel.cs(261,27): error CS1519: Invalid token '=' in a member declaration [C:\Users\giris\Documents\Code\Redesign-POS\Windows Based POS\Magidesk\Magidesk.Presentation.csproj]
         C:\Users\giris\Documents\Code\Redesign-POS\Windows Based POS\Magidesk\ViewModels\TableMapViewModel.cs(261,47): error CS1003: Syntax error, ',' expected [C:\Users\giris\Documents\Code\Redesign-POS\Windows Based POS\Magidesk\Magidesk.Presentation.csproj]
         C:\Users\giris\Documents\Code\Redesign-POS\Windows Based POS\Magidesk\ViewModels\TableMapViewModel.cs(261,50): error CS1003: Syntax error, ',' expected [C:\Users\giris\Documents\Code\Redesign-POS\Windows Based POS\Magidesk\Magidesk.Presentation.csproj]
         C:\Users\giris\Documents\Code\Redesign-POS\Windows Based POS\Magidesk\ViewModels\TableMapViewModel.cs(261,79): error CS1003: Syntax error, ',' expected [C:\Users\giris\Documents\Code\Redesign-POS\Windows Based POS\Magidesk\Magidesk.Presentation.csproj]
         C:\Users\giris\Documents\Code\Redesign-POS\Windows Based POS\Magidesk\ViewModels\TableMapViewModel.cs(261,80): error CS8124: Tuple must contain at least two elements. [C:\Users\giris\Documents\Code\Redesign-POS\Windows Based POS\Magidesk\Magidesk.Presentation.csproj]
         C:\Users\giris\Documents\Code\Redesign-POS\Windows Based POS\Magidesk\ViewModels\TableMapViewModel.cs(261,81): error CS1001: Identifier expected [C:\Users\giris\Documents\Code\Redesign-POS\Windows Based POS\Magidesk\Magidesk.Presentation.csproj]
         C:\Users\giris\Documents\Code\Redesign-POS\Windows Based POS\Magidesk\ViewModels\TableMapViewModel.cs(261,82): error CS1031: Type expected [C:\Users\giris\Documents\Code\Redesign-POS\Windows Based POS\Magidesk\Magidesk.Presentation.csproj]
         C:\Users\giris\Documents\Code\Redesign-POS\Windows Based POS\Magidesk\ViewModels\TableMapViewModel.cs(261,82): error CS1001: Identifier expected [C:\Users\giris\Documents\Code\Redesign-POS\Windows Based POS\Magidesk\Magidesk.Presentation.csproj]
         C:\Users\giris\Documents\Code\Redesign-POS\Windows Based POS\Magidesk\ViewModels\TableMapViewModel.cs(261,82): error CS1003: Syntax error, ',' expected [C:\Users\giris\Documents\Code\Redesign-POS\Windows Based POS\Magidesk\Magidesk.Presentation.csproj]
         C:\Users\giris\Documents\Code\Redesign-POS\Windows Based POS\Magidesk\ViewModels\TableMapViewModel.cs(262,69): error CS1001: Identifier expected [C:\Users\giris\Documents\Code\Redesign-POS\Windows Based POS\Magidesk\Magidesk.Presentation.csproj]
         C:\Users\giris\Documents\Code\Redesign-POS\Windows Based POS\Magidesk\ViewModels\TableMapViewModel.cs(262,69): error CS1003: Syntax error, ',' expected [C:\Users\giris\Documents\Code\Redesign-POS\Windows Based POS\Magidesk\Magidesk.Presentation.csproj]
         C:\Users\giris\Documents\Code\Redesign-POS\Windows Based POS\Magidesk\ViewModels\TableMapViewModel.cs(262,85): error CS8124: Tuple must contain at least two elements. [C:\Users\giris\Documents\Code\Redesign-POS\Windows Based POS\Magidesk\Magidesk.Presentation.csproj]
         C:\Users\giris\Documents\Code\Redesign-POS\Windows Based POS\Magidesk\ViewModels\TableMapViewModel.cs(262,86): error CS1001: Identifier expected [C:\Users\giris\Documents\Code\Redesign-POS\Windows Based POS\Magidesk\Magidesk.Presentation.csproj]
         C:\Users\giris\Documents\Code\Redesign-POS\Windows Based POS\Magidesk\ViewModels\TableMapViewModel.cs(262,113): error CS1001: Identifier expected [C:\Users\giris\Documents\Code\Redesign-POS\Windows Based POS\Magidesk\Magidesk.Presentation.csproj]
         C:\Users\giris\Documents\Code\Redesign-POS\Windows Based POS\Magidesk\ViewModels\TableMapViewModel.cs(262,113): error CS1003: Syntax error, ',' expected [C:\Users\giris\Documents\Code\Redesign-POS\Windows Based POS\Magidesk\Magidesk.Presentation.csproj]
         C:\Users\giris\Documents\Code\Redesign-POS\Windows Based POS\Magidesk\ViewModels\TableMapViewModel.cs(262,129): error CS8124: Tuple must contain at least two elements. [C:\Users\giris\Documents\Code\Redesign-POS\Windows Based POS\Magidesk\Magidesk.Presentation.csproj]
         C:\Users\giris\Documents\Code\Redesign-POS\Windows Based POS\Magidesk\ViewModels\TableMapViewModel.cs(262,130): error CS1001: Identifier expected [C:\Users\giris\Documents\Code\Redesign-POS\Windows Based POS\Magidesk\Magidesk.Presentation.csproj]
         C:\Users\giris\Documents\Code\Redesign-POS\Windows Based POS\Magidesk\ViewModels\TableMapViewModel.cs(264,5): error CS1022: Type or namespace definition, or end-of-file expected [C:\Users\giris\Documents\Code\Redesign-POS\Windows Based POS\Magidesk\Magidesk.Presentation.csproj]
         C:\Users\giris\Documents\Code\Redesign-POS\Windows Based POS\Magidesk\ViewModels\TableMapViewModel.cs(266,5): error CS8803: Top-level statements must precede namespace and type declarations. [C:\Users\giris\Documents\Code\Redesign-POS\Windows Based POS\Magidesk\Magidesk.Presentation.csproj]
         C:\Users\giris\Documents\Code\Redesign-POS\Windows Based POS\Magidesk\ViewModels\TableMapViewModel.cs(266,5): error CS0106: The modifier 'private' is not valid for this item [C:\Users\giris\Documents\Code\Redesign-POS\Windows Based POS\Magidesk\Magidesk.Presentation.csproj]
         C:\Users\giris\Documents\Code\Redesign-POS\Windows Based POS\Magidesk\ViewModels\TableMapViewModel.cs(271,5): error CS0106: The modifier 'private' is not valid for this item [C:\Users\giris\Documents\Code\Redesign-POS\Windows Based POS\Magidesk\Magidesk.Presentation.csproj]
         C:\Users\giris\Documents\Code\Redesign-POS\Windows Based POS\Magidesk\ViewModels\TableMapViewModel.cs(310,5): error CS0106: The modifier 'private' is not valid for this item [C:\Users\giris\Documents\Code\Redesign-POS\Windows Based POS\Magidesk\Magidesk.Presentation.csproj]
         C:\Users\giris\Documents\Code\Redesign-POS\Windows Based POS\Magidesk\ViewModels\TableMapViewModel.cs(316,5): error CS0106: The modifier 'private' is not valid for this item [C:\Users\giris\Documents\Code\Redesign-POS\Windows Based POS\Magidesk\Magidesk.Presentation.csproj]
         C:\Users\giris\Documents\Code\Redesign-POS\Windows Based POS\Magidesk\ViewModels\TableMapViewModel.cs(330,5): error CS0106: The modifier 'public' is not valid for this item [C:\Users\giris\Documents\Code\Redesign-POS\Windows Based POS\Magidesk\Magidesk.Presentation.csproj]
         C:\Users\giris\Documents\Code\Redesign-POS\Windows Based POS\Magidesk\ViewModels\TableMapViewModel.cs(336,1): error CS1022: Type or namespace definition, or end-of-file expected [C:\Users\giris\Documents\Code\Redesign-POS\Windows Based POS\Magidesk\Magidesk.Presentation.csproj]


       "C:\Users\giris\Documents\Code\Redesign-POS\Windows Based POS\Magidesk\Magidesk.Presentation.csproj" (default target) (1:7) ->
       (_OnXamlPreCompileError target) -> 
         C:\Users\giris\.nuget\packages\microsoft.windowsappsdk.winui\1.8.251105000\buildTransitive\Microsoft.UI.Xaml.Markup.Compiler.interop.targets(845,9): error MSB3073: The command ""C:\Users\giris\.nuget\packages\microsoft.windowsappsdk.winui\1.8.251105000\buildTransitive\..\tools\net6.0\..\net472\XamlCompiler.exe" "obj\Debug\net8.0-windows10.0.19041.0\\input.json" "obj\Debug\net8.0-windows10.0.19041.0\\output.json"" exited with code 1. [C:\Users\giris\Documents\Code\Redesign-POS\Windows Based POS\Magidesk\Magidesk.Presentation.csproj]

    2 Warning(s)
    29 Error(s)

Time Elapsed 00:00:03.43
